=== boot_capture tag=w276b_on at 2026-08-12T16:04:35+00:00 ===
=== source revision: 67025ca6 ===
=== qemu binary: -rwxr-xr-x 1 root root 87857384 Aug 12 16:03 /workspace/bench/qemu-build/qemu-system-x86_64 ===
=== archive rev STAMPED IN THE BINARY: kayfabe-rev:67025ca66a7bab459f525376bf5d50780aba4a52 
=== BUILD_REV.txt says (informational, NOT authoritative): kayfabe-rev:5feac9090bc58129c9906e2222f3934ae313a980
=== helpers (KAYFABE_BENCH_HELPERS=repo) ===
    used: /workspace/kayfabe_w276/scripts/bench/boot_nvkvm.sh  sha256=a1daa5c4c557180f
    used: /workspace/kayfabe_w276/scripts/bench/gssh_nv  sha256=1785ac20cc7af28d
WAS_LOADED
MODPROBE_RC=0
=== nvidia-smi (the device open) ===
Wed Aug 12 16:04:50 2026       
+-----------------------------------------------------------------------------------------+
| NVIDIA-SMI 580.159.04             Driver Version: 580.159.04     CUDA Version: 13.0     |
+-----------------------------------------+------------------------+----------------------+
| GPU  Name                 Persistence-M | Bus-Id          Disp.A | Volatile Uncorr. ECC |
| Fan  Temp   Perf          Pwr:Usage/Cap |           Memory-Usage | GPU-Util  Compute M. |
|                                         |                        |               MIG M. |
|=========================================+========================+======================|
|   0  ERR!                           Off |   00000000:00:03.0 Off |                  N/A |
| N/A   N/A  N/A             N/A  /  N/A  |       0MiB /  12288MiB |     N/A      Default |
|                                         |                        |                  N/A |
+-----------------------------------------+------------------------+----------------------+

+-----------------------------------------------------------------------------------------+
| Processes:                                                                              |
|  GPU   GI   CI              PID   Type   Process name                        GPU Memory |
|        ID   ID                                                               Usage      |
|=========================================================================================|
|  No running processes found                                                             |
+-----------------------------------------------------------------------------------------+
SMI_RC=0
=== /dev nodes (AFTER the open — they are created by it) ===
crw-rw-rw- 1 root root 237,   0 Aug 12 16:04 /dev/nvidia-uvm
crw-rw-rw- 1 root root 237,   1 Aug 12 16:04 /dev/nvidia-uvm-tools
crw-rw-rw- 1 root root 195,   0 Aug 12 16:04 /dev/nvidia0
crw-rw-rw- 1 root root 195, 255 Aug 12 16:04 /dev/nvidiactl

/dev/nvidia-caps:
total 0
drwxr-xr-x  2 root root     80 Aug 12 16:04 .
drwxr-xr-x 18 root root   4000 Aug 12 16:04 ..
cr--------  1 root root 240, 1 Aug 12 16:04 nvidia-cap1
cr--r--r--  1 root root 240, 2 Aug 12 16:04 nvidia-cap2
=== lsmod ===
nvidia_uvm           2166784  0
nvidia              14417920  1 nvidia_uvm
ecc                    45056  1 nvidia
=== POST_CAPTURE_HOOK /workspace/kayfabe_w276/scripts/bench/cup2_hook_gdbspin.sh at 2026-08-12T16:04:54+00:00 ===
=== sources (md5 — a run cannot silently be a different copy) ===
    /workspace/bench/cup2.c                                     27 lines  md5 d9f82375ebd54de500aeb7f85ef71efc
    /workspace/kayfabe_w276/scripts/bench/guest_spinprobe.c    697 lines  md5 a6fb9b735e47203e35e457b666166295
=== push + build in the guest ===
GCC_CUP2_RC=0
GCC_PROBE_RC=0
=== is gdb available? (a cross-check, never the primary instrument) ===
    gdb = no
=== launch cup2 DETACHED under its own 180 s timeout (rc stays comparable to w232..w268) ===
LAUNCHED pid=1756
=== waiting for cup2 to reach cuCtxCreate (its last print is `totalMem=`) ===
    reached-cuCtxCreate = yes after ~15s
--- cup2 output so far ---
ok   cuInit(0)
ok   cuDeviceGetCount(&n)
devices=1
ok   cuDeviceGet(&d,0)
ok   cuDeviceGetName(nm,256,d)
name=
ok   cuDeviceGetAttribute(&maj,CU_DEVICE_ATTRIBUTE_COMPUTE_CAPABILITY_MAJOR,d)
ok   cuDeviceGetAttribute(&min,CU_DEVICE_ATTRIBUTE_COMPUTE_CAPABILITY_MINOR,d)
compute=8.6
ok   cuDeviceTotalMem(&tot,d)
totalMem=11959 MiB
=== ★★★★★ SPIN PROBE, PASS 1 of 2 ===
pid=1756 state=Rl
--- per-thread ps (R = userspace spin; S/D = blocked in the kernel) ---
    TID STAT %CPU WCHAN                  COMMAND
   1756 Rl   99.8 -                      cup2
   1757 Sl    0.0 do_poll.constprop.0    cuda00001400006
   1979 Sl    0.0 do_poll.constprop.0    cup2
--- /proc/<tid>/syscall ("running" = userspace, i.e. NOT a blocking syscall) ---
    1756: running
    1757: 7 0x5a9677c3d950 0x3 0xffffffff 0x5a9677c70580 0x0 0x7 0x7e6b583fed40 0x7e6b5851b5fd
    1979: 7 0x5a9677db34f0 0x5 0x64 0x0 0x0 0x0 0x7e6b56749d40 0x7e6b5851b5fd
=== guest_spinprobe pid=1756 maps=101 budget=6000 steps ===
--- libcuda mapping: 0x7e6b58800000-0x7e6b5e3d4000 (RIP offsets below are relative to this)
--- want offsets: libcuda+0x22be1f libcuda+0x22bedc
--- 3 thread(s); ★ orig_rax >= 0 with state S/D means a BLOCKING SYSCALL, and the whole memory-poll reading below would be VOID ---
    tid 1756   state=R  orig_rax=228    RIP=0x7ffe926c4bb2  [vdso]+0xbb2  <r-xp [vdso]>
    tid 1756   RSP=0x7ffe9260ee30 r12=0x7ffe9260eebc r13=0x5a9677c45160 r15=0x7ffe9260ef70
    tid 1757   state=S  orig_rax=7      RIP=0x7e6b5851b5fd  libc.so.6+0x11b5fd  <r-xp /usr/lib/x86_64-linux-gnu/libc.so.6>
    tid 1757   RSP=0x7e6b583fed40 r12=0x0 r13=0x4 r15=0x5a9677c3b9c0
    tid 1979   state=S  orig_rax=7      RIP=0x7e6b5851b5fd  libc.so.6+0x11b5fd  <r-xp /usr/lib/x86_64-linux-gnu/libc.so.6>
    tid 1979   RSP=0x7e6b56749d40 r12=0x0 r13=0xc r15=0x5a9677c62510
★★ NO THREAD'S RIP WAS INSIDE libcuda. ⊘ Do not read that as 'not spinning' — it may be in the vDSO leg of the same loop. Falling back to tid 1756.
--- single-stepping tid 1756, budget 6000 ---
--- steps actually taken = 6000 (of a 6000 budget) ---
--- RIP HISTOGRAM: 480 distinct buckets stored (cap 512) ---
        68  0x7e6b58a1f6a0  libcuda.so.580.159.04+0x21f6a0  <r-xp /usr/lib/x86_64-linux-gnu/libcuda.so.580.159.04>
        68  0x7e6b58a1f6a3  libcuda.so.580.159.04+0x21f6a3  <r-xp /usr/lib/x86_64-linux-gnu/libcuda.so.580.159.04>
        68  0x7e6b58a1f6a6  libcuda.so.580.159.04+0x21f6a6  <r-xp /usr/lib/x86_64-linux-gnu/libcuda.so.580.159.04>
        68  0x7e6b58a1f6aa  libcuda.so.580.159.04+0x21f6aa  <r-xp /usr/lib/x86_64-linux-gnu/libcuda.so.580.159.04>
        68  0x7e6b58a1f6ae  libcuda.so.580.159.04+0x21f6ae  <r-xp /usr/lib/x86_64-linux-gnu/libcuda.so.580.159.04>
        68  0x7e6b58a1f6b2  libcuda.so.580.159.04+0x21f6b2  <r-xp /usr/lib/x86_64-linux-gnu/libcuda.so.580.159.04>
        68  0x7e6b58a1f6ba  libcuda.so.580.159.04+0x21f6ba  <r-xp /usr/lib/x86_64-linux-gnu/libcuda.so.580.159.04>
        68  0x7e6b58a1f6bd  libcuda.so.580.159.04+0x21f6bd  <r-xp /usr/lib/x86_64-linux-gnu/libcuda.so.580.159.04>
        68  0x7e6b58c60820  libcuda.so.580.159.04+0x460820  <r-xp /usr/lib/x86_64-linux-gnu/libcuda.so.580.159.04>
        68  0x7e6b58c60821  libcuda.so.580.159.04+0x460821  <r-xp /usr/lib/x86_64-linux-gnu/libcuda.so.580.159.04>
        68  0x7e6b58c60824  libcuda.so.580.159.04+0x460824  <r-xp /usr/lib/x86_64-linux-gnu/libcuda.so.580.159.04>
        68  0x7e6b58c60826  libcuda.so.580.159.04+0x460826  <r-xp /usr/lib/x86_64-linux-gnu/libcuda.so.580.159.04>
        68  0x7e6b58c60828  libcuda.so.580.159.04+0x460828  <r-xp /usr/lib/x86_64-linux-gnu/libcuda.so.580.159.04>
        68  0x7e6b58c6082c  libcuda.so.580.159.04+0x46082c  <r-xp /usr/lib/x86_64-linux-gnu/libcuda.so.580.159.04>
        68  0x7e6b58c6082e  libcuda.so.580.159.04+0x46082e  <r-xp /usr/lib/x86_64-linux-gnu/libcuda.so.580.159.04>
        68  0x7e6b58c60831  libcuda.so.580.159.04+0x460831  <r-xp /usr/lib/x86_64-linux-gnu/libcuda.so.580.159.04>
        68  0x7e6b58c60833  libcuda.so.580.159.04+0x460833  <r-xp /usr/lib/x86_64-linux-gnu/libcuda.so.580.159.04>
        68  0x7e6b58c60834  libcuda.so.580.159.04+0x460834  <r-xp /usr/lib/x86_64-linux-gnu/libcuda.so.580.159.04>
        68  0x7e6b58c60838  libcuda.so.580.159.04+0x460838  <r-xp /usr/lib/x86_64-linux-gnu/libcuda.so.580.159.04>
        68  0x7e6b58c6083b  libcuda.so.580.159.04+0x46083b  <r-xp /usr/lib/x86_64-linux-gnu/libcuda.so.580.159.04>
        68  0x7e6b58c6083e  libcuda.so.580.159.04+0x46083e  <r-xp /usr/lib/x86_64-linux-gnu/libcuda.so.580.159.04>
        68  0x7e6b58c60844  libcuda.so.580.159.04+0x460844  <r-xp /usr/lib/x86_64-linux-gnu/libcuda.so.580.159.04>
        68  0x7e6b58c60848  libcuda.so.580.159.04+0x460848  <r-xp /usr/lib/x86_64-linux-gnu/libcuda.so.580.159.04>
        68  0x7e6b58c6084b  libcuda.so.580.159.04+0x46084b  <r-xp /usr/lib/x86_64-linux-gnu/libcuda.so.580.159.04>
    ⊘ 456 further distinct buckets NOT shown (they are stored, just not printed)
=== ★★★★★ SNAPSHOT at RIP=0x7e6b58a2be1f (libcuda.so.580.159.04+0x22be1f  <r-xp /usr/lib/x86_64-linux-gnu/libcuda.so.580.159.04>) ===
    rdi=0x7ffe9260eebc rsi=0x7ffe9260ef70 r12=0x7ffe9260eebc r13=0x5a9677c45160 r15=0x7ffe9260ef70 rbx=0x0
    ⊘ rbx==0 selects the pause-only spin; non-zero selects sched_yield+pause.
    --- WAIT OBJECT 0x7ffe9260ef70 ---
    N items = 2   array = 0x7ffe9260ef98   (stride 40)
    item[0] @0x7ffe9260ef98  KIND=1  [0x08]=0x7e6b58630010 [0x10]=0x45 [0x18]=0x500 [0x20]=0x7e6b58603ac0
      handler f9e320 — nested wait 4029e0(S=0x7e6b58639420, wanted=0x45)
        S[0x10] limit    = 0x45   (wanted is within the limit)
        S[0x18] cached   = 0x5   ★ wanted > cached ⇒ this item is NOT satisfied; it reads
        S[0x20] desc     = 0x5a9677c78c60
        POLLED ADDRESS     = 0x20440ff70   pageoff=0xf70   nvidiactl+0x400ff70  <rw-s /dev/nvidiactl>
                             VALUE AT IT = 0x00000005 (5)
                             SLOT-JOIN: ★★ MATCHES a CE release-semaphore slot page-offset (0xf00..0xf70/16)
        chain            : item[0x08]=0x7e6b58630010 +0x9410 -> S +0x20 -> 0x5a9677c78c60 +0x10 -> 0x20440ff70
    item[1] @0x7ffe9260efc0  KIND=1  [0x08]=0x7e6b5e44d010 [0x10]=0x5 [0x18]=0x7e6b59798a63 [0x20]=0x0
      handler f9e320 — nested wait 4029e0(S=0x7e6b5e456420, wanted=0x5)
        S[0x10] limit    = 0x5   (wanted is within the limit)
        S[0x18] cached   = 0x2   ★ wanted > cached ⇒ this item is NOT satisfied; it reads
        S[0x20] desc     = 0x5a9677c4b2c0
        POLLED ADDRESS     = 0x20440fff0   pageoff=0xff0   nvidiactl+0x400fff0  <rw-s /dev/nvidiactl>
                             VALUE AT IT = 0x00000002 (2)
                             SLOT-JOIN: ★★★ MATCHES a GR SET_REPORT_SEMAPHORE slot page-offset (0xf80..0xff0/16)
        chain            : item[0x08]=0x7e6b5e44d010 +0x9410 -> S +0x20 -> 0x5a9677c4b2c0 +0x10 -> 0x20440fff0
    ctx[0x40]+0x72b8 = 0x00000000  (non-zero => spin WITHOUT even the 1 s deadline check)
=== guest_spinprobe DONE (detached; the target continues) ===
SPINPROBE_RC=0
=== the mappings the polled address must be joined against ===
200000000-200200000 ---p 00000000 00:00 0 
200200000-200400000 rw-s 00000000 00:05 628                              /dev/nvidia0
200400000-203400000 rw-s 00000000 00:05 626                              /dev/nvidiactl
203400000-204400000 ---p 00000000 00:00 0 
204400000-204600000 rw-s 00000000 00:05 626                              /dev/nvidiactl
204600000-204800000 rw-s 00000000 00:05 626                              /dev/nvidiactl
204800000-204a00000 rw-s 204800000 00:05 635                             /dev/nvidia-uvm
204a00000-300200000 ---p 00000000 00:00 0 
10000000000-10004000000 ---p 00000000 00:00 0 
5a9668a9a000-5a9668a9b000 r--p 00000000 fd:01 86421                      /tmp/cup2
5a9668a9b000-5a9668a9c000 r-xp 00001000 fd:01 86421                      /tmp/cup2
5a9668a9c000-5a9668a9d000 r--p 00002000 fd:01 86421                      /tmp/cup2
5a9668a9d000-5a9668a9e000 r--p 00002000 fd:01 86421                      /tmp/cup2
5a9668a9e000-5a9668a9f000 rw-p 00003000 fd:01 86421                      /tmp/cup2
5a9677c29000-5a9677f25000 rw-p 00000000 00:00 0                          [heap]
7e6b42000000-7e6b42400000 ---p 00000000 00:00 0 
7e6b42400000-7e6b42600000 rw-s 00000000 00:05 626                        /dev/nvidiactl
7e6b42600000-7e6b42800000 rw-s 00000000 00:01 2083                       /dev/zero (deleted)
7e6b42800000-7e6b42a00000 rw-s 00000000 00:01 2084                       /dev/zero (deleted)
7e6b42a00000-7e6b43000000 ---p 00000000 00:00 0 
7e6b43000000-7e6b43200000 rw-s 00000000 00:05 626                        /dev/nvidiactl
7e6b43200000-7e6b44000000 ---p 00000000 00:00 0 
7e6b44000000-7e6b44021000 rw-p 00000000 00:00 0 
7e6b44021000-7e6b48000000 ---p 00000000 00:00 0 
7e6b4a000000-7e6b50000000 ---p 00000000 00:00 0 
7e6b50000000-7e6b50021000 rw-p 00000000 00:00 0 
7e6b50021000-7e6b54000000 ---p 00000000 00:00 0 
7e6b547bc000-7e6b549bc000 rw-s 00000000 00:01 2085                       /dev/zero (deleted)
7e6b549bc000-7e6b54d29000 rw-p 00000000 00:00 0 
7e6b54d29000-7e6b54d2a000 rw-s 00000000 00:05 626                        /dev/nvidiactl
7e6b54d2a000-7e6b54d2b000 rw-s 00000000 00:05 626                        /dev/nvidiactl
7e6b54d2b000-7e6b54d2c000 rw-s 00000000 00:05 626                        /dev/nvidiactl
7e6b54d2c000-7e6b54d2d000 rw-s 00000000 00:05 626                        /dev/nvidiactl
7e6b54d2d000-7e6b54d2e000 rw-s 00000000 00:05 626                        /dev/nvidiactl
7e6b54d2e000-7e6b54d2f000 rw-s 00000000 00:05 626                        /dev/nvidiactl
7e6b54d2f000-7e6b54d30000 rw-s 00000000 00:05 626                        /dev/nvidiactl
7e6b54d30000-7e6b54d31000 rw-s 00000000 00:05 626                        /dev/nvidiactl
7e6b54d31000-7e6b54d32000 rw-s 00000000 00:05 626                        /dev/nvidiactl
7e6b54d32000-7e6b54d33000 rw-s 00000000 00:05 626                        /dev/nvidiactl
7e6b54d33000-7e6b54d34000 rw-s 00000000 00:05 626                        /dev/nvidiactl
=== ⊘ gdb NOT PRESENT in the guest — cross-check skipped, C probe stands alone ===
=== sleeping 20 s before pass 2 (⊘ the question is whether the value MOVES) ===
=== ★★★★★ SPIN PROBE, PASS 2 of 2 ===
pid=1756 state=Rl
--- per-thread ps (R = userspace spin; S/D = blocked in the kernel) ---
    TID STAT %CPU WCHAN                  COMMAND
   1756 Rl   99.1 -                      cup2
   1757 Sl    0.0 do_poll.constprop.0    cuda00001400006
   1979 Sl    0.1 do_poll.constprop.0    cup2
--- /proc/<tid>/syscall ("running" = userspace, i.e. NOT a blocking syscall) ---
    1756: running
    1757: 219 0x5a9677c3d950 0x3 0xffffffff 0x5a9677c70580 0x0 0x7 0x7e6b583fed40 0x7e6b5851b5fd
    1979: 7 0x5a9677db34f0 0x5 0x64 0x0 0x0 0x0 0x7e6b56749d40 0x7e6b5851b5fd
=== guest_spinprobe pid=1756 maps=101 budget=6000 steps ===
--- libcuda mapping: 0x7e6b58800000-0x7e6b5e3d4000 (RIP offsets below are relative to this)
--- want offsets: libcuda+0x22be1f libcuda+0x22bedc
--- 3 thread(s); ★ orig_rax >= 0 with state S/D means a BLOCKING SYSCALL, and the whole memory-poll reading below would be VOID ---
    tid 1756   state=R  orig_rax=228    RIP=0x7ffe926c4bb2  [vdso]+0xbb2  <r-xp [vdso]>
    tid 1756   RSP=0x7ffe9260ee30 r12=0x7ffe9260eebc r13=0x5a9677c45160 r15=0x7ffe9260ef70
    tid 1757   state=S  orig_rax=219    RIP=0x7e6b5851b5fd  libc.so.6+0x11b5fd  <r-xp /usr/lib/x86_64-linux-gnu/libc.so.6>
    tid 1757   RSP=0x7e6b583fed40 r12=0x0 r13=0x4 r15=0x5a9677c3b9c0
    tid 1979   state=S  orig_rax=7      RIP=0x7e6b5851b5fd  libc.so.6+0x11b5fd  <r-xp /usr/lib/x86_64-linux-gnu/libc.so.6>
    tid 1979   RSP=0x7e6b56749d40 r12=0x0 r13=0xc r15=0x5a9677c62510
★★ NO THREAD'S RIP WAS INSIDE libcuda. ⊘ Do not read that as 'not spinning' — it may be in the vDSO leg of the same loop. Falling back to tid 1756.
--- single-stepping tid 1756, budget 6000 ---
--- steps actually taken = 6000 (of a 6000 budget) ---
--- RIP HISTOGRAM: 480 distinct buckets stored (cap 512) ---
        68  0x7e6b58a1f6a0  libcuda.so.580.159.04+0x21f6a0  <r-xp /usr/lib/x86_64-linux-gnu/libcuda.so.580.159.04>
        68  0x7e6b58a1f6a3  libcuda.so.580.159.04+0x21f6a3  <r-xp /usr/lib/x86_64-linux-gnu/libcuda.so.580.159.04>
        68  0x7e6b58a1f6a6  libcuda.so.580.159.04+0x21f6a6  <r-xp /usr/lib/x86_64-linux-gnu/libcuda.so.580.159.04>
        68  0x7e6b58a1f6aa  libcuda.so.580.159.04+0x21f6aa  <r-xp /usr/lib/x86_64-linux-gnu/libcuda.so.580.159.04>
        68  0x7e6b58a1f6ae  libcuda.so.580.159.04+0x21f6ae  <r-xp /usr/lib/x86_64-linux-gnu/libcuda.so.580.159.04>
        68  0x7e6b58a1f6b2  libcuda.so.580.159.04+0x21f6b2  <r-xp /usr/lib/x86_64-linux-gnu/libcuda.so.580.159.04>
        68  0x7e6b58a1f6ba  libcuda.so.580.159.04+0x21f6ba  <r-xp /usr/lib/x86_64-linux-gnu/libcuda.so.580.159.04>
        68  0x7e6b58a1f6bd  libcuda.so.580.159.04+0x21f6bd  <r-xp /usr/lib/x86_64-linux-gnu/libcuda.so.580.159.04>
        68  0x7e6b58c60820  libcuda.so.580.159.04+0x460820  <r-xp /usr/lib/x86_64-linux-gnu/libcuda.so.580.159.04>
        68  0x7e6b58c60821  libcuda.so.580.159.04+0x460821  <r-xp /usr/lib/x86_64-linux-gnu/libcuda.so.580.159.04>
        68  0x7e6b58c60824  libcuda.so.580.159.04+0x460824  <r-xp /usr/lib/x86_64-linux-gnu/libcuda.so.580.159.04>
        68  0x7e6b58c60826  libcuda.so.580.159.04+0x460826  <r-xp /usr/lib/x86_64-linux-gnu/libcuda.so.580.159.04>
        68  0x7e6b58c60828  libcuda.so.580.159.04+0x460828  <r-xp /usr/lib/x86_64-linux-gnu/libcuda.so.580.159.04>
        68  0x7e6b58c6082c  libcuda.so.580.159.04+0x46082c  <r-xp /usr/lib/x86_64-linux-gnu/libcuda.so.580.159.04>
        68  0x7e6b58c6082e  libcuda.so.580.159.04+0x46082e  <r-xp /usr/lib/x86_64-linux-gnu/libcuda.so.580.159.04>
        68  0x7e6b58c60831  libcuda.so.580.159.04+0x460831  <r-xp /usr/lib/x86_64-linux-gnu/libcuda.so.580.159.04>
        68  0x7e6b58c60833  libcuda.so.580.159.04+0x460833  <r-xp /usr/lib/x86_64-linux-gnu/libcuda.so.580.159.04>
        68  0x7e6b58c60834  libcuda.so.580.159.04+0x460834  <r-xp /usr/lib/x86_64-linux-gnu/libcuda.so.580.159.04>
        68  0x7e6b58c60838  libcuda.so.580.159.04+0x460838  <r-xp /usr/lib/x86_64-linux-gnu/libcuda.so.580.159.04>
        68  0x7e6b58c6083b  libcuda.so.580.159.04+0x46083b  <r-xp /usr/lib/x86_64-linux-gnu/libcuda.so.580.159.04>
        68  0x7e6b58c6083e  libcuda.so.580.159.04+0x46083e  <r-xp /usr/lib/x86_64-linux-gnu/libcuda.so.580.159.04>
        68  0x7e6b58c60844  libcuda.so.580.159.04+0x460844  <r-xp /usr/lib/x86_64-linux-gnu/libcuda.so.580.159.04>
        68  0x7e6b58c60848  libcuda.so.580.159.04+0x460848  <r-xp /usr/lib/x86_64-linux-gnu/libcuda.so.580.159.04>
        68  0x7e6b58c6084b  libcuda.so.580.159.04+0x46084b  <r-xp /usr/lib/x86_64-linux-gnu/libcuda.so.580.159.04>
    ⊘ 456 further distinct buckets NOT shown (they are stored, just not printed)
=== ★★★★★ SNAPSHOT at RIP=0x7e6b58a2be1f (libcuda.so.580.159.04+0x22be1f  <r-xp /usr/lib/x86_64-linux-gnu/libcuda.so.580.159.04>) ===
    rdi=0x7ffe9260eebc rsi=0x7ffe9260ef70 r12=0x7ffe9260eebc r13=0x5a9677c45160 r15=0x7ffe9260ef70 rbx=0x0
    ⊘ rbx==0 selects the pause-only spin; non-zero selects sched_yield+pause.
    --- WAIT OBJECT 0x7ffe9260ef70 ---
    N items = 2   array = 0x7ffe9260ef98   (stride 40)
    item[0] @0x7ffe9260ef98  KIND=1  [0x08]=0x7e6b58630010 [0x10]=0x45 [0x18]=0x500 [0x20]=0x7e6b58603ac0
      handler f9e320 — nested wait 4029e0(S=0x7e6b58639420, wanted=0x45)
        S[0x10] limit    = 0x45   (wanted is within the limit)
        S[0x18] cached   = 0x5   ★ wanted > cached ⇒ this item is NOT satisfied; it reads
        S[0x20] desc     = 0x5a9677c78c60
        POLLED ADDRESS     = 0x20440ff70   pageoff=0xf70   nvidiactl+0x400ff70  <rw-s /dev/nvidiactl>
                             VALUE AT IT = 0x00000005 (5)
                             SLOT-JOIN: ★★ MATCHES a CE release-semaphore slot page-offset (0xf00..0xf70/16)
        chain            : item[0x08]=0x7e6b58630010 +0x9410 -> S +0x20 -> 0x5a9677c78c60 +0x10 -> 0x20440ff70
    item[1] @0x7ffe9260efc0  KIND=1  [0x08]=0x7e6b5e44d010 [0x10]=0x5 [0x18]=0x7e6b59798a63 [0x20]=0x0
      handler f9e320 — nested wait 4029e0(S=0x7e6b5e456420, wanted=0x5)
        S[0x10] limit    = 0x5   (wanted is within the limit)
        S[0x18] cached   = 0x2   ★ wanted > cached ⇒ this item is NOT satisfied; it reads
        S[0x20] desc     = 0x5a9677c4b2c0
        POLLED ADDRESS     = 0x20440fff0   pageoff=0xff0   nvidiactl+0x400fff0  <rw-s /dev/nvidiactl>
                             VALUE AT IT = 0x00000002 (2)
                             SLOT-JOIN: ★★★ MATCHES a GR SET_REPORT_SEMAPHORE slot page-offset (0xf80..0xff0/16)
        chain            : item[0x08]=0x7e6b5e44d010 +0x9410 -> S +0x20 -> 0x5a9677c4b2c0 +0x10 -> 0x20440fff0
    ctx[0x40]+0x72b8 = 0x00000000  (non-zero => spin WITHOUT even the 1 s deadline check)
=== guest_spinprobe DONE (detached; the target continues) ===
SPINPROBE_RC=0
=== waiting for cup2's own timeout so CUP2_RC stays comparable to w232..w268 ===
--- cup2 FINAL output ---
ok   cuInit(0)
ok   cuDeviceGetCount(&n)
devices=1
ok   cuDeviceGet(&d,0)
ok   cuDeviceGetName(nm,256,d)
name=
ok   cuDeviceGetAttribute(&maj,CU_DEVICE_ATTRIBUTE_COMPUTE_CAPABILITY_MAJOR,d)
ok   cuDeviceGetAttribute(&min,CU_DEVICE_ATTRIBUTE_COMPUTE_CAPABILITY_MINOR,d)
compute=8.6
ok   cuDeviceTotalMem(&tot,d)
totalMem=11959 MiB
CUP2_OUT_BYTES=330
CUP2_RC=124
[  231.177219] NVRM: nvAssertOkFailedNoLog: Assertion failed: Call not supported [NV_ERR_NOT_SUPPORTED] (0x00000056) returned from pRmApi->Control(pRmApi, RES_GET_CLIENT_HANDLE(pKernelChannel), RES_GET_HANDLE(pKernelChannel), NVA06F_CTRL_CMD_STOP_CHANNEL, &stopChannelParams, sizeof(stopChannelParams)) @ nv_gpu_ops.c:10957
[  231.177919] NVRM: nvAssertOkFailedNoLog: Assertion failed: Call not supported [NV_ERR_NOT_SUPPORTED] (0x00000056) returned from pRmApi->Control(pRmApi, retainedChannel->session->handle, retainedChannel->rmSubDevice->subDeviceHandle, NV2080_CTRL_CMD_GPU_EVICT_CTX, &params, sizeof(params)) @ nv_gpu_ops.c:10977
[  231.179906] NVRM: nvAssertOkFailedNoLog: Assertion failed: Call not supported [NV_ERR_NOT_SUPPORTED] (0x00000056) returned from pRmApi->Control(pRmApi, RES_GET_CLIENT_HANDLE(pKernelChannel), RES_GET_HANDLE(pKernelChannel), NVA06F_CTRL_CMD_STOP_CHANNEL, &stopChannelParams, sizeof(stopChannelParams)) @ nv_gpu_ops.c:10957
[  231.180386] NVRM: nvAssertOkFailedNoLog: Assertion failed: Call not supported [NV_ERR_NOT_SUPPORTED] (0x00000056) returned from pRmApi->Control(pRmApi, retainedChannel->session->handle, retainedChannel->rmSubDevice->subDeviceHandle, NV2080_CTRL_CMD_GPU_EVICT_CTX, &params, sizeof(params)) @ nv_gpu_ops.c:10977
[  231.182292] NVRM: nvAssertOkFailedNoLog: Assertion failed: Call not supported [NV_ERR_NOT_SUPPORTED] (0x00000056) returned from pRmApi->Control(pRmApi, RES_GET_CLIENT_HANDLE(pKernelChannel), RES_GET_HANDLE(pKernelChannel), NVA06F_CTRL_CMD_STOP_CHANNEL, &stopChannelParams, sizeof(stopChannelParams)) @ nv_gpu_ops.c:10957
[  231.182985] NVRM: nvAssertOkFailedNoLog: Assertion failed: Call not supported [NV_ERR_NOT_SUPPORTED] (0x00000056) returned from pRmApi->Control(pRmApi, retainedChannel->session->handle, retainedChannel->rmSubDevice->subDeviceHandle, NV2080_CTRL_CMD_GPU_EVICT_CTX, &params, sizeof(params)) @ nv_gpu_ops.c:10977
[  231.184932] NVRM: nvAssertOkFailedNoLog: Assertion failed: Call not supported [NV_ERR_NOT_SUPPORTED] (0x00000056) returned from pRmApi->Control(pRmApi, RES_GET_CLIENT_HANDLE(pKernelChannel), RES_GET_HANDLE(pKernelChannel), NVA06F_CTRL_CMD_STOP_CHANNEL, &stopChannelParams, sizeof(stopChannelParams)) @ nv_gpu_ops.c:10957
[  231.185655] NVRM: nvAssertOkFailedNoLog: Assertion failed: Call not supported [NV_ERR_NOT_SUPPORTED] (0x00000056) returned from pRmApi->Control(pRmApi, retainedChannel->session->handle, retainedChannel->rmSubDevice->subDeviceHandle, NV2080_CTRL_CMD_GPU_EVICT_CTX, &params, sizeof(params)) @ nv_gpu_ops.c:10977
[  231.187634] NVRM: nvAssertOkFailedNoLog: Assertion failed: Call not supported [NV_ERR_NOT_SUPPORTED] (0x00000056) returned from pRmApi->Control(pRmApi, RES_GET_CLIENT_HANDLE(pKernelChannel), RES_GET_HANDLE(pKernelChannel), NVA06F_CTRL_CMD_STOP_CHANNEL, &stopChannelParams, sizeof(stopChannelParams)) @ nv_gpu_ops.c:10957
[  231.188123] NVRM: nvAssertOkFailedNoLog: Assertion failed: Call not supported [NV_ERR_NOT_SUPPORTED] (0x00000056) returned from pRmApi->Control(pRmApi, retainedChannel->session->handle, retainedChannel->rmSubDevice->subDeviceHandle, NV2080_CTRL_CMD_GPU_EVICT_CTX, &params, sizeof(params)) @ nv_gpu_ops.c:10977
[  231.189974] NVRM: nvAssertOkFailedNoLog: Assertion failed: Call not supported [NV_ERR_NOT_SUPPORTED] (0x00000056) returned from pRmApi->Control(pRmApi, RES_GET_CLIENT_HANDLE(pKernelChannel), RES_GET_HANDLE(pKernelChannel), NVA06F_CTRL_CMD_STOP_CHANNEL, &stopChannelParams, sizeof(stopChannelParams)) @ nv_gpu_ops.c:10957
[  231.190630] NVRM: nvAssertOkFailedNoLog: Assertion failed: Call not supported [NV_ERR_NOT_SUPPORTED] (0x00000056) returned from pRmApi->Control(pRmApi, retainedChannel->session->handle, retainedChannel->rmSubDevice->subDeviceHandle, NV2080_CTRL_CMD_GPU_EVICT_CTX, &params, sizeof(params)) @ nv_gpu_ops.c:10977
[  231.192641] NVRM: nvAssertOkFailedNoLog: Assertion failed: Call not supported [NV_ERR_NOT_SUPPORTED] (0x00000056) returned from pRmApi->Control(pRmApi, RES_GET_CLIENT_HANDLE(pKernelChannel), RES_GET_HANDLE(pKernelChannel), NVA06F_CTRL_CMD_STOP_CHANNEL, &stopChannelParams, sizeof(stopChannelParams)) @ nv_gpu_ops.c:10957
[  231.193129] NVRM: nvAssertOkFailedNoLog: Assertion failed: Call not supported [NV_ERR_NOT_SUPPORTED] (0x00000056) returned from pRmApi->Control(pRmApi, retainedChannel->session->handle, retainedChannel->rmSubDevice->subDeviceHandle, NV2080_CTRL_CMD_GPU_EVICT_CTX, &params, sizeof(params)) @ nv_gpu_ops.c:10977
[  231.195232] NVRM: nvAssertOkFailedNoLog: Assertion failed: Call not supported [NV_ERR_NOT_SUPPORTED] (0x00000056) returned from pRmApi->Control(pRmApi, RES_GET_CLIENT_HANDLE(pKernelChannel), RES_GET_HANDLE(pKernelChannel), NVA06F_CTRL_CMD_STOP_CHANNEL, &stopChannelParams, sizeof(stopChannelParams)) @ nv_gpu_ops.c:10957
[  231.195946] NVRM: nvAssertOkFailedNoLog: Assertion failed: Call not supported [NV_ERR_NOT_SUPPORTED] (0x00000056) returned from pRmApi->Control(pRmApi, retainedChannel->session->handle, retainedChannel->rmSubDevice->subDeviceHandle, NV2080_CTRL_CMD_GPU_EVICT_CTX, &params, sizeof(params)) @ nv_gpu_ops.c:10977
[  231.450697] NVRM: kgmmuClientShadowFaultBufferUnregister_IMPL: Unregistering non-replayable fault buffer failed (status=0x00000056), proceeding...
[  231.452318] NVRM: kgmmuFaultBufferReplayableDestroy_IMPL: Unregistering Replayable Fault buffer failed (status=0x00000056), proceeding...
[  231.453927] NVRM: uvmTerminateAccessCntrBuffer_IMPL: Unloading UVM Access counters failed (status=0x00000056), proceeding...
[  232.818424] NVRM: rpcRmApiFree_GSP: GspRmFree failed: hClient=0xc1d00014; hObject=0xcaf00002; paramsStatus=0x00000000; status=0x00000056
[  232.818566] NVRM: nvAssertFailedNoLog: Assertion failed: (status == NV_OK) || (status == NV_ERR_GPU_IN_FULLCHIP_RESET) @ rs_client.c:844
[  232.818659] NVRM: nvAssertFailedNoLog: Assertion failed: (status == NV_OK) || (status == NV_ERR_GPU_IN_FULLCHIP_RESET) @ rs_server.c:259
[  232.818742] NVRM: nvAssertFailedNoLog: Assertion failed: (status == NV_OK) || (status == NV_ERR_GPU_IN_FULLCHIP_RESET) @ rs_server.c:1375
[  232.820712] NVRM: nvAssertFailedNoLog: Assertion failed: (status == NV_OK) || (status == NV_ERR_GPU_IN_FULLCHIP_RESET) @ fecs_event_list.c:1623
[  233.940835] NVRM: nvCheckOkFailedNoLog: Check failed: Call not supported [NV_ERR_NOT_SUPPORTED] (0x00000056) returned from pRmApi->Control(pRmApi, pGpu->hInternalClient, pGpu->hInternalSubdevice, NV2080_CTRL_CMD_INTERNAL_INIT_USER_SHARED_DATA, &params, sizeof(params)) @ gpu_user_shared_data.c:213
=== w269 gdbspin hook DONE ===
HOOK_RC=0
=== HOST dmesg delta for this boot (watermark 993 → 994) ===
HOST_DMESG_LINES=1
HOST_DMESG_NVRM=1
HOST_DMESG_XID=1
