[  113.866337] nvidia-modeset: Loading NVIDIA UNIX Open Kernel Mode Setting Driver for x86_64  580.159.04  Release Build  (dvs-builder@U22-I3-AF04-09-6)  Wed Apr 29 17:04:37 UTC 2026
[  113.876300] nvidia-modeset: WARNING: GPU:0: Failed to register display hotplug handler: 0x56

[  113.876907] nvidia-modeset: WARNING: GPU:0: Failed to register DisplayPort interrupt handler: 0x56

[  113.877773] nvidia-modeset: WARNING: GPU:0: Failed to enable HDMI FRL retrain notifications (subdevice: 0) (error: 0x56)
[  114.034881] NVRM: nvAssertFailedNoLog: Assertion failed: (status == NV_OK) || (status == NV_ERR_GPU_IN_FULLCHIP_RESET) @ gpu_user_shared_data.c:373
[  114.034891] NVRM: nvAssertOkFailedNoLog: Assertion failed: Call not supported [NV_ERR_NOT_SUPPORTED] (0x00000056) returned from _gpushareddataRequestDataPoll(pData, pAllocParams->polledDataMask) @ gpu_user_shared_data.c:95
[  114.732498] NVRM: dispswConstruct_IMPL: RPC error, can't get the displaymask and number of heads
[  117.498514] NVRM: dispswConstruct_IMPL: RPC error, can't get the displaymask and number of heads
[  117.498827] NVRM: dispswConstruct_IMPL: RPC error, can't get the displaymask and number of heads
[  117.499265] NVRM: dispswConstruct_IMPL: RPC error, can't get the displaymask and number of heads
[  117.499573] NVRM: dispswConstruct_IMPL: RPC error, can't get the displaymask and number of heads
[  117.609736] NVRM: dispswConstruct_IMPL: RPC error, can't get the displaymask and number of heads
[  117.610175] NVRM: dispswConstruct_IMPL: RPC error, can't get the displaymask and number of heads
[  117.610497] NVRM: dispswConstruct_IMPL: RPC error, can't get the displaymask and number of heads
[  117.610802] NVRM: dispswConstruct_IMPL: RPC error, can't get the displaymask and number of heads
[  120.403705] show_signal_msg: 111 callbacks suppressed
[  120.403829] cinnamon[4124]: segfault at 0 ip 0000760ac9757f19 sp 00007fffdd400a60 error 6 in libnvidia-glcore.so.580.159.04[760ac9000000+c00000] likely on CPU 0 (core 0, socket 0)
[  120.404218] Code: e8 0c ee f8 ff 41 89 c0 48 8b 83 40 12 00 00 f6 40 0c 01 74 09 45 85 ff 0f 85 e3 00 00 00 45 31 c9 48 8b 83 80 00 00 00 89 ea <c7> 00 04 c0 04 20 49 03 55 00 48 c1 ea 20 89 50 04 41 03 6d 00 89
[  130.554669] nvidia-modeset: WARNING: GPU:0: Failed to disable HDMI FRL retrain notifications (subdevice: 0) (error: 0x1)
[  130.672684] NVRM: nvAssertFailedNoLog: Assertion failed: (status == NV_OK) || (status == NV_ERR_GPU_IN_FULLCHIP_RESET) @ fecs_event_list.c:1623
[  130.698820] NVRM: nvCheckOkFailedNoLog: Check failed: Call not supported [NV_ERR_NOT_SUPPORTED] (0x00000056) returned from pRmApi->Control(pRmApi, pGpu->hInternalClient, pGpu->hInternalSubdevice, NV2080_CTRL_CMD_INTERNAL_INIT_USER_SHARED_DATA, &params, sizeof(params)) @ gpu_user_shared_data.c:213
[  176.724089] [drm] [nvidia-drm] [GPU ID 0x00000002] Loading driver
[  176.902534] NVRM: nvAssertOkFailedNoLog: Assertion failed: Call not supported [NV_ERR_NOT_SUPPORTED] (0x00000056) returned from pRmApi->Control(pRmApi, pGpu->hInternalClient, pGpu->hInternalSubdevice, NV2080_CTRL_CMD_INTERNAL_INIT_USER_SHARED_DATA, &params, sizeof(params)) @ gpu_user_shared_data.c:233
[  176.902624] NVRM: nvAssertOkFailedNoLog: Assertion failed: Call not supported [NV_ERR_NOT_SUPPORTED] (0x00000056) returned from pRmApi->Control(pRmApi, pGpu->hInternalClient, pGpu->hInternalSubdevice, NV2080_CTRL_CMD_INTERNAL_USER_SHARED_DATA_SET_DATA_POLL, &params, sizeof(params)) @ gpu_user_shared_data.c:268
[  176.919637] NVRM: kperfGpuBoostSyncStateInit_IMPL: Failed to read Sync Gpu Boost init state, status=0x56
[  176.921629] NVRM: kperfGpuBoostSyncStateInit_IMPL: Failed to read Sync Gpu Boost init state, status=0x56
[  176.922245] NVRM: nvAssertOkFailedNoLog: Assertion failed: Call not supported [NV_ERR_NOT_SUPPORTED] (0x00000056) returned from pRmApi->Control(pRmApi, pGpu->hInternalClient, pGpu->hInternalSubdevice, NV2080_CTRL_CMD_INTERNAL_CE_GET_PCE_CONFIG_FOR_LCE_TYPE, &pceConfigParams, sizeof(pceConfigParams)) @ kernel_ce.c:1020
[  176.922255] NVRM: nvAssertOkFailedNoLog: Assertion failed: Call not supported [NV_ERR_NOT_SUPPORTED] (0x00000056) returned from kceGetPceConfigForLceType(pGpu, pKCe, NV2080_CTRL_CE_LCE_TYPE_DECOMP, &numPcesPerLce, &numLces, &supportedPceMask, &supportedLceMask, &pcesPerHshub) @ kernel_ce_gp100.c:62
[  177.216494] NVRM: nvCheckOkFailedNoLog: Check failed: Call not supported [NV_ERR_NOT_SUPPORTED] (0x00000056) returned from kgrobjPromoteContext(pGpu, pKernelGraphicsObject, pKernelGraphics) @ kernel_graphics_object.c:224
[  177.217002] NVRM: nvAssertOkFailedNoLog: Assertion failed: Call not supported [NV_ERR_NOT_SUPPORTED] (0x00000056) returned from pRmApi->AllocWithHandle(pRmApi, hClientId, hChannelId, hObj3D, classNum, NULL, 0) @ kernel_graphics.c:2519
[  177.218459] NVRM: vaListDestroy: non-zero mapCount(pVaList): 0x1
[  177.218464] NVRM: vaListDestroy: non-zero mapCount(pVaList): 0x1
[  177.218467] NVRM: vaListDestroy: non-zero mapCount(pVaList): 0x1
[  177.218469] NVRM: vaListDestroy: non-zero mapCount(pVaList): 0x1
[  177.221220] NVRM: nvCheckOkFailedNoLog: Check failed: Call not supported [NV_ERR_NOT_SUPPORTED] (0x00000056) returned from kgraphicsCreateGoldenImageChannel(pGpu, pKernelGraphics) @ kernel_graphics.c:508
[  177.221226] NVRM: nvAssertFailedNoLog: Assertion failed: 0 @ kernel_fifo.c:3129
[  177.227434] NVRM: rpcRmApiAlloc_GSP: GspRmAlloc failed: hClient=0xc1d00041; hParent=0x31415903; hObject=0x31415900; hClass=0x0000c36f; paramsSize=0x00000170; paramsStatus=0x00000056; status=0x00000056
[  177.227440] NVRM: nvAssertOkFailedNoLog: Assertion failed: Call not supported [NV_ERR_NOT_SUPPORTED] (0x00000056) returned from status @ kernel_channel.c:2827
[  177.227447] NVRM: nvAssertOkFailedNoLog: Assertion failed: Call not supported [NV_ERR_NOT_SUPPORTED] (0x00000056) returned from _kchannelSendChannelAllocRpc(pKernelChannel, pChannelGpfifoParams, pKernelChannelGroup, bFullSriov) @ kernel_channel.c:940
[  177.228645] NVRM: nvAssertFailedNoLog: Assertion failed: status == NV_OK @ kernel_rc_watchdog.c:1198
[  177.230566] NVRM: rpcRmApiAlloc_GSP: GspRmAlloc failed: hClient=0xc1d00042; hParent=0xcaf00001; hObject=0xcaf00002; hClass=0x0000402c; paramsSize=0x00000000; paramsStatus=0x00000056; status=0x00000056
[  177.243571] nvidia-modeset: WARNING: GPU:0: Failed to register display hotplug handler: 0x56

[  177.244284] nvidia-modeset: WARNING: GPU:0: Failed to register DisplayPort interrupt handler: 0x56

[  177.245142] nvidia-modeset: WARNING: GPU:0: Failed to enable HDMI FRL retrain notifications (subdevice: 0) (error: 0x56)
[  177.397392] [drm] Initialized nvidia-drm 0.0.0 20160202 for 0000:00:02.0 on minor 1
[  177.401819] Console: switching to colour dummy device 80x25
[  177.413056] nvidia 0000:00:02.0: vgaarb: deactivate vga console
[  177.436637] fbcon: nvidia-drmdrmfb (fb0) is primary device
[  177.445202] Console: switching to colour frame buffer device 240x67
[  177.483298] nvidia 0000:00:02.0: [drm] fb0: nvidia-drmdrmfb frame buffer device
[  187.955256] Console: switching to colour dummy device 80x25
[  191.007203] [drm:nv_drm_atomic_commit [nvidia_drm]] *ERROR* [nvidia-drm] [GPU ID 0x00000002] Flip event timeout on head 0
[  191.025288] [drm] [nvidia-drm] [GPU ID 0x00000002] Unloading driver
[  191.320364] nvidia-modeset: WARNING: GPU:0: Failed to disable HDMI FRL retrain notifications (subdevice: 0) (error: 0x1)
[  191.434833] NVRM: nvAssertFailedNoLog: Assertion failed: (status == NV_OK) || (status == NV_ERR_GPU_IN_FULLCHIP_RESET) @ fecs_event_list.c:1623
[  191.452788] NVRM: nvCheckOkFailedNoLog: Check failed: Call not supported [NV_ERR_NOT_SUPPORTED] (0x00000056) returned from pRmApi->Control(pRmApi, pGpu->hInternalClient, pGpu->hInternalSubdevice, NV2080_CTRL_CMD_INTERNAL_INIT_USER_SHARED_DATA, &params, sizeof(params)) @ gpu_user_shared_data.c:213
