=== gl_micro side=host start=2026-09-26T17:26:52+00:00 host=ubuntu kernel=6.8.0-59-generic drv=580.159.04
gl_decompose: [gl] renderer=NVIDIA GeForce RTX 3070/PCIe/SSE2
gl_decompose: [gl] version=OpenGL ES 3.2 NVIDIA 580.159.04
gl_decompose: METRIC drawcall_kcalls_s 20924.2
gl_decompose: METRIC fill_Gpix_s 162.648
gl_decompose: METRIC finish_us 8.55
gl_decompose: METRIC mapwrite_GBs 7.895
gl_decompose: METRIC bufsub_GBs 7.866
gl_decompose: METRIC texsub_GBs 9.654
gl_decompose: METRIC readpix_GBs 8.751
gl_decompose: CHECK gl_decompose ok
GSET_VAL side=host item=gl_micro key=gl_decompose.drawcall_kcalls_s val=20924.2
GSET_VAL side=host item=gl_micro key=gl_decompose.fill_Gpix_s val=162.648
GSET_VAL side=host item=gl_micro key=gl_decompose.finish_us val=8.55
GSET_VAL side=host item=gl_micro key=gl_decompose.mapwrite_GBs val=7.895
GSET_VAL side=host item=gl_micro key=gl_decompose.bufsub_GBs val=7.866
GSET_VAL side=host item=gl_micro key=gl_decompose.texsub_GBs val=9.654
GSET_VAL side=host item=gl_micro key=gl_decompose.readpix_GBs val=8.751
gl_drawrate: METRIC drawcall_ns 46.9
gl_drawrate: METRIC drawcall_kcalls_s 21342.1
gl_drawrate: METRIC drawcall_wall_s 0.009
GSET_VAL side=host item=gl_micro key=gl_drawrate.drawcall_ns val=46.9
GSET_VAL side=host item=gl_micro key=gl_drawrate.drawcall_kcalls_s val=21342.1
GSET_VAL side=host item=gl_micro key=gl_drawrate.drawcall_wall_s val=0.009
gl_finishrate: METRIC finish_us 9.38
gl_finishrate: METRIC finish_per_s 106593
gl_finishrate: METRIC finish_wall_s 0.188
GSET_VAL side=host item=gl_micro key=gl_finishrate.finish_us val=9.38
GSET_VAL side=host item=gl_micro key=gl_finishrate.finish_per_s val=106593
GSET_VAL side=host item=gl_micro key=gl_finishrate.finish_wall_s val=0.188
GSET_OK
=== end rc=0 secs=2 2026-09-26T17:26:54+00:00
