dbus-update-activation-environment: setting DBUS_SESSION_BUS_ADDRESS=unix:path=/run/user/1000/bus
dbus-update-activation-environment: setting DISPLAY=:0
dbus-update-activation-environment: setting XAUTHORITY=/home/ubuntu/.Xauthority
/etc/X11/Xsession.d/30x11-common_xresources: line 16: has_option: command not found
/etc/X11/Xsession.d/75dbus_dbus-launch: line 9: has_option: command not found
dbus-update-activation-environment: setting QT_ACCESSIBILITY=1
/etc/X11/Xsession.d/90x11-common_ssh-agent: line 9: has_option: command not found
dbus-update-activation-environment: setting SHELL=/bin/bash
dbus-update-activation-environment: setting QT_ACCESSIBILITY=1
dbus-update-activation-environment: setting XDG_CONFIG_DIRS=/etc/xdg/xdg-cinnamon:/etc/xdg
dbus-update-activation-environment: setting LANGUAGE=en
dbus-update-activation-environment: setting DESKTOP_SESSION=cinnamon
dbus-update-activation-environment: setting PWD=/home/ubuntu
dbus-update-activation-environment: setting XDG_SESSION_DESKTOP=cinnamon
dbus-update-activation-environment: setting LOGNAME=ubuntu
dbus-update-activation-environment: setting XDG_SESSION_TYPE=x11
dbus-update-activation-environment: setting GPG_AGENT_INFO=/run/user/1000/gnupg/S.gpg-agent:0:1
dbus-update-activation-environment: setting XAUTHORITY=/home/ubuntu/.Xauthority
dbus-update-activation-environment: setting XDG_GREETER_DATA_DIR=/var/lib/lightdm-data/ubuntu
dbus-update-activation-environment: setting GDM_LANG=en
dbus-update-activation-environment: setting HOME=/home/ubuntu
dbus-update-activation-environment: setting LANG=C.UTF-8
dbus-update-activation-environment: setting XDG_SESSION_CLASS=user
dbus-update-activation-environment: setting USER=ubuntu
dbus-update-activation-environment: setting DISPLAY=:0
dbus-update-activation-environment: setting SHLVL=0
dbus-update-activation-environment: setting XDG_RUNTIME_DIR=/run/user/1000
dbus-update-activation-environment: setting XDG_DATA_DIRS=/usr/share/cinnamon:/usr/share/gnome:/usr/local/share:/usr/share:/var/lib/snapd/desktop
dbus-update-activation-environment: setting PATH=/usr/local/sbin:/usr/local/bin:/usr/sbin:/usr/bin:/sbin:/bin:/usr/games:/usr/local/games:/snap/bin
dbus-update-activation-environment: setting GDMSESSION=cinnamon
dbus-update-activation-environment: setting DBUS_SESSION_BUS_ADDRESS=unix:path=/run/user/1000/bus
dbus-update-activation-environment: setting _=/usr/bin/dbus-update-activation-environment

** (csd-settings-remap:2760): WARNING **: 00:57:26.913: Skipping schema 'org.gnome.settings-daemon.plugins.xsettings' - doesn't exist
[cinnamon-settings-daemon-smartcard] Failed to start: no suitable smartcard driver could be found
[cinnamon-settings-daemon-smartcard] Failed to start: no suitable smartcard driver could be found
dbus-daemon[2823]: Activating service name='org.a11y.atspi.Registry' requested by ':1.2' (uid=1000 pid=2770 comm="/usr/bin/csd-clipboard" label="unconfined")
dbus-daemon[2823]: Successfully activated service 'org.a11y.atspi.Registry'

** (csd-color:2781): WARNING **: 00:57:27.595: There is no colord server available

(cinnamon:2953): mutter-WARNING **: 00:57:30.950: Property 'libinput Accel Profile Enabled Default' for device 'VirtualPS/2 VMware VMMouse' returned 3 items, expected 2

(cinnamon:2953): mutter-WARNING **: 00:57:30.951: Property 'libinput Accel Profiles Available' for device 'VirtualPS/2 VMware VMMouse' returned 3 items, expected 2

(cinnamon:2953): mutter-WARNING **: 00:57:30.951: Property 'libinput Accel Profile Enabled' for device 'VirtualPS/2 VMware VMMouse' returned 3 items, expected 2

(cinnamon:2953): mutter-WARNING **: 00:57:30.996: Property 'libinput Accel Profile Enabled Default' for device 'VirtualPS/2 VMware VMMouse' returned 3 items, expected 2

(cinnamon:2953): mutter-WARNING **: 00:57:30.996: Property 'libinput Accel Profiles Available' for device 'VirtualPS/2 VMware VMMouse' returned 3 items, expected 2
Gjs-Message: 00:57:31.189: Profiler is disabled. Not setting up signals.
Gjs-Message: 00:57:31.765: JS LOG: About to start Cinnamon (X11 backend)
Gjs-Message: 00:57:31.835: JS LOG: [LookingGlass/info] Cinnamon.AppSystem.get_default() started in 64 ms
Gjs-Message: 00:57:31.841: JS LOG: [LookingGlass/info] loading default theme
Gjs-Message: 00:57:32.209: JS LOG: [LookingGlass/info] loaded at Sun Oct 04 2026 00:57:32 GMT+0000 (Coordinated Universal Time)
Gjs-Message: 00:57:32.209: JS LOG: Cinnamon started at Sun Oct 04 2026 00:57:32 GMT+0000 (Coordinated Universal Time)
Gjs-Message: 00:57:32.237: JS LOG: [LookingGlass/info] ExtensionSystem started in 2 ms
Gjs-Message: 00:57:32.238: JS LOG: [LookingGlass/info] DeskletManager started in 3 ms
Gjs-Message: 00:57:32.238: JS LOG: [LookingGlass/info] SearchProviderManager started in 2 ms

(cinnamon:2953): mutter-WARNING **: 00:57:32.281: Property 'libinput Accel Profile Enabled Default' for device 'VirtualPS/2 VMware VMMouse' returned 3 items, expected 2

(cinnamon:2953): mutter-WARNING **: 00:57:32.281: Property 'libinput Accel Profiles Available' for device 'VirtualPS/2 VMware VMMouse' returned 3 items, expected 2

** (at-spi2-registryd:2851): WARNING **: 00:57:32.364: Failed to register client: GDBus.Error:org.gnome.SessionManager.AlreadyRegistered: Unable to register client

** (at-spi2-registryd:2851): WARNING **: 00:57:32.364: Unable to register client with session manager
Gjs-Message: 00:57:32.529: JS LOG: [LookingGlass/info] Role locked: tray
Gjs-Message: 00:57:32.534: JS LOG: [LookingGlass/info] Loaded applet systray@cinnamon.org in 91 ms
Gjs-Message: 00:57:32.555: JS LOG: [LookingGlass/info] Loaded applet removable-drives@cinnamon.org in 17 ms
Gjs-Message: 00:57:32.565: JS LOG: [LookingGlass/info] Loaded applet separator@cinnamon.org in 10 ms

** (nemo-desktop:3237): WARNING **: 00:57:32.663: Current gtk theme is not known to have nemo support (Adwaita) - checking...
Gjs-Message: 00:57:32.666: JS LOG: [LookingGlass/info] Loaded applet calendar@cinnamon.org in 101 ms
Gjs-Message: 00:57:32.682: JS LOG: [LookingGlass/info] Role locked: notifications

** (nemo-desktop:3237): WARNING **: 00:57:32.779: The theme appears to have no nemo support.  Adding some...
** Message: 00:57:32.797: nemo-desktop: session is cinnamon, establishing proxy
Gjs-Message: 00:57:32.817: JS LOG: [LookingGlass/info] Loaded applet notifications@cinnamon.org in 151 ms
Gjs-Message: 00:57:32.862: JS LOG: [LookingGlass/info] Loaded applet printers@cinnamon.org in 45 ms
Gjs-Message: 00:57:32.875: JS LOG: [LookingGlass/info] Loaded applet favorites@cinnamon.org in 13 ms
Gjs-Message: 00:57:32.905: JS LOG: [LookingGlass/info] Loaded applet cornerbar@cinnamon.org in 28 ms
Gjs-Message: 00:57:32.929: JS LOG: [LookingGlass/info] Loaded applet power@cinnamon.org in 24 ms
Gjs-Message: 00:57:32.979: JS LOG: [LookingGlass/info] Loaded applet keyboard@cinnamon.org in 50 ms
Gjs-Message: 00:57:33.033: JS LOG: [LookingGlass/info] Role locked: panellauncher
Gjs-Message: 00:57:33.033: JS LOG: [LookingGlass/info] Role locked: windowattentionhandler
Gjs-Message: 00:57:33.038: JS LOG: [LookingGlass/info] Loaded applet grouped-window-list@cinnamon.org in 58 ms
Gjs-Message: 00:57:33.045: JS LOG: [LookingGlass/info] Loaded applet xapp-status@cinnamon.org in 7 ms

** (csd-power:2789): CRITICAL **: 00:57:33.073: abs_to_percentage: assertion 'max > min' failed
Gjs-Message: 00:57:33.128: JS LOG: [LookingGlass/info] Loaded applet sound@cinnamon.org in 83 ms

(cinnamon:2953): XApp-WARNING **: 00:57:33.149: Could not spawn StatusNotifier watcher (xapp-sn-watcher): Failed to execute child process “/usr/lib/x86_64-linux-gnu/xapps/xapp-sn-watcher” (No such file or directory)

(cinnamon:2953): XApp-WARNING **: 00:57:33.150: Support will be limited to native XAppStatusIcons only
Gjs-Message: 00:57:33.205: JS LOG: [LookingGlass/info] Loaded applet network@cinnamon.org in 75 ms
cinnamon-session[2707]: WARNING: t+6.64504s: Detected that screensaver has appeared on the bus
Gjs-Message: 00:57:33.382: JS LOG: [LookingGlass/info] Loaded applet menu@cinnamon.org in 177 ms
Gjs-Message: 00:57:33.383: JS LOG: [LookingGlass/info] AppletManager started in 1172 ms
Gjs-Message: 00:57:33.389: JS LOG: [LookingGlass/info] Cinnamon took 1623 ms to start
Gjs-Message: 00:57:33.412: JS LOG: Unknown network device type, is 32
Gjs-Message: 00:57:33.437: JS LOG: [LookingGlass/info] Hiding systray: network
/usr/bin/cinnamon-launcher:82: DeprecationWarning: This process (pid=2914) is multi-threaded, use of fork() may lead to deadlocks in the child.
  self.fb_pid = os.fork()
Exception in thread Thread-2 (wait_for_process):
Traceback (most recent call last):
  File "/usr/lib/python3.12/threading.py", line 1073, in _bootstrap_inner
    self.run()
  File "/usr/lib/python3.12/threading.py", line 1010, in run
    self._target(*self._args, **self._kwargs)
  File "/usr/bin/cinnamon-launcher", line 88, in wait_for_process
    os.execvp(FALLBACK_COMMAND, (FALLBACK_COMMAND,) + FALLBACK_ARGS)
  File "<frozen os>", line 580, in execvp
  File "<frozen os>", line 622, in _execvpe
  File "<frozen os>", line 613, in _execvpe
FileNotFoundError: [Errno 2] No such file or directory
cinnamon-session[2707]: WARNING: t+36.66234s: Detected that screensaver has left the bus
