TDRRUN 2026-10-10T10:57:49.173134407Z START run=273 bin=kf3-bins/735b352e flags=[KF3_COMPLETION_PROBE=1500] etw=0 hold=240 xid_before=2 pre-qemu=0
TDRRUN 2026-10-10T10:57:49.211699987Z gpu: NVIDIA GeForce RTX 4070, 595.91.07, 9 MiB
IOMMU_SWITCH_START group=11 from=DMA-FQ to=identity 2026-10-10T12:57:49+02:00 (gdm untouched)
TYPE WRITTEN
NVIDIA GeForce RTX 4070, 9 MiB
IOMMU_SWITCH_END type=identity 2026-10-10T12:57:51+02:00
TDRRUN 2026-10-10T10:57:52.933968455Z launched qpid=1560169
ENV_PASSED KF3_ASYNC_PREEMPT KF3_COMPLETION_PROBE KF3_DEFERRED_API KF3_DISPLAY_CAPS_PROBE KF3_DISPLAY_CTRL_PROBE KF3_DISPLAY_ILUT_OFFSET_256 KF3_DISPLAY_IMP_ENABLE KF3_DISPLAY_LUT_MIRROR KF3_DISPLAY_SDR_COLOR KF3_GFX_POOL_PROBE KF3_KERNEL_GR_CE KF3_KERNEL_GR_WORK KF3_MEMORY_LIST_PROBE KF3_PREEMPT_BIND_PROBE KF3_SW_RUNLIST_HOST_OWNED KF3_SW_RUNLIST_PROBE KF3_TIMER_MAP KF3_TRANSLATED_CE_RELAY KF3_WIN_TWIN_DEFAPI_OBJECT KF3_WIN_USER_CHANNELS_PASSTHROUGH KF3_ZCULL_BIND_PROBE
TDRRUN 2026-10-10T10:58:07.277959830Z qga answered: ta=1791629887 alive=1
TDRRUN 2026-10-10T10:58:08.384024721Z password set rc=0
TDRRUN 2026-10-10T10:58:37.397574389Z SIGNIN keys at +30s
TDRRUN 2026-10-10T10:58:43.600224526Z SIGNIN sent
TDRRUN 2026-10-10T10:59:10.72646351Z EDGE double-click sent (abs 802,4854)
TDRRUN 2026-10-10T10:59:12.434014802Z EDGE Enter sent
TDRRUN 2026-10-10T10:59:45.442929027Z SHORTS url typed
TDRRUN 2026-10-10T11:00:41.591834703Z SHORTS scrolled
TDRRUN 2026-10-10T11:00:56.780121316Z READY alive=1 tdr_cycles=3
TDRRUN 2026-10-10T11:04:57.101032212Z HOLD ended: alive=1 tdr_cycles=3 stopfile=0 hold_s=241
TDRRUN 2026-10-10T11:05:01.417431206Z DONE tdr_cycles=3
TDRRUN 2026-10-10T11:05:01.423129183Z CLEANUP begin (alive=1) tdr_cycles=3
[windows] run273 stopped (Xid count now 4)
TDRRUN 2026-10-10T11:05:21.812884775Z qemu left: 0
IOMMU_SWITCH_START group=11 from=identity to=DMA-FQ 2026-10-10T13:05:21+02:00 (gdm untouched)
TYPE WRITTEN
NVIDIA GeForce RTX 4070, 9 MiB
IOMMU_SWITCH_END type=DMA-FQ 2026-10-10T13:05:24+02:00
TDRRUN 2026-10-10T11:05:24.290172707Z END type=DMA-FQ driver=nvidia xid_lines=4
