[gset-prov 2026-09-30T18:37:28+00:00] static ffmpeg sha256 7d49159727426078
Image resized.
/dev/vda1        47G  4.2G   43G   9% /
[gset-prov 2026-09-30T18:41:33+00:00] guest up, kernel 6.8.0-142-generic
MISSING_PKGS=
No user sessions are running outdated binaries.

No VM guests are running outdated hypervisor (qemu) binaries on this host.
-rwxr-xr-x 1 ubuntu ubuntu 163508312 Jul 15  2025 blender/blender
-rwxr-xr-x 1 ubuntu ubuntu   3511944 Sep 30 18:44 vkpeak/vkpeak
monster	0
junkshop	0
classroom	0
c52cd088936d7cd8
0 / 352488041 [________________________________________________________________________] 0.00% ? p/s0 / 352488041 [________________________________________________________________________] 0.00% ? p/s0 / 352488041 [________________________________________________________________________] 0.00% ? p/s0 / 352488041 [________________________________________________________________________] 0.00% ? p/s0 / 352488041 [________________________________________________________________________] 0.00% ? p/s1007616 / 352488041 [>_________________________________________________________________] 0.29% ? p/s1007616 / 352488041 [>___________________________________________________________] 0.29% 1679205 p/s6410182 / 352488041 [->__________________________________________________________] 1.82% 1679205 p/s6410182 / 352488041 [->__________________________________________________________] 1.82% 1679205 p/s6410182 / 352488041 [->__________________________________________________________] 1.82% 2151893 p/s11452299 / 352488041 [->_________________________________________________________] 3.25% 2151893 p/s11452299 / 352488041 [->_________________________________________________________] 3.25% 2151893 p/s16895825 / 352488041 [-->________________________________________________________] 4.79% 3140951 p/s16895825 / 352488041 [-->________________________________________________________] 4.79% 3140951 p/s16895825 / 352488041 [-->________________________________________________________] 4.79% 3140951 p/s21589771 / 352488041 [--->_______________________________________________________] 6.12% 3442642 p/s21589771 / 352488041 [--->_______________________________________________________] 6.12% 3442642 p/s28032694 / 352488041 [---->______________________________________________________] 7.95% 3442642 p/s28032694 / 352488041 [---->______________________________________________________] 7.95% 3914526 p/s28032694 / 352488041 [---->______________________________________________________] 7.95% 3914526 p/s37052073 / 352488041 [------>___________________________________________________] 10.51% 3914526 p/s37052073 / 352488041 [------>___________________________________________________] 10.51% 4630992 p/s46952081 / 352488041 [------->__________________________________________________] 13.32% 4630992 p/s46952081 / 352488041 [------->__________________________________________________] 13.32% 4630992 p/s46952081 / 352488041 [------->__________________________________________________] 13.32% 5397363 p/s55991951 / 352488041 [--------->________________________________________________] 15.88% 5397363 p/s55991951 / 352488041 [--------->________________________________________________] 15.88% 5397363 p/s65879681 / 352488041 [---------->_______________________________________________] 18.69% 7083378 p/s65879681 / 352488041 [---------->_______________________________________________] 18.69% 7083378 p/s65879681 / 352488041 [---------->_______________________________________________] 18.69% 7083378 p/s75791988 / 352488041 [------------>_____________________________________________] 21.50% 7692717 p/s75791988 / 352488041 [------------>_____________________________________________] 21.50% 7692717 p/s84807268 / 352488041 [------------->____________________________________________] 24.06% 7692717 p/s84807268 / 352488041 [------------->____________________________________________] 24.06% 8165112 p/s84807268 / 352488041 [------------->____________________________________________] 24.06% 8165112 p/s92917341 / 352488041 [--------------->__________________________________________] 26.36% 8165112 p/s92917341 / 352488041 [--------------->__________________________________________] 26.36% 8509974 p/s102829648 / 352488041 [---------------->________________________________________] 29.17% 8509974 p/s102829648 / 352488041 [---------------->________________________________________] 29.17% 8509974 p/s102829648 / 352488041 [---------------->________________________________________] 29.17% 9026446 p/s112713264 / 352488041 [------------------>______________________________________] 31.98% 9026446 p/s112713264 / 352488041 [------------------>______________________________________] 31.98% 9026446 p/s122613275 / 352488041 [------------------->____________________________________] 34.79% 10570660 p/s122613275 / 352488041 [------------------->____________________________________] 34.79% 10570660 p/s122613275 / 352488041 [------------------->____________________________________] 34.79% 10570660 p/s132513294 / 352488041 [--------------------->__________________________________] 37.59% 10955413 p/s132513294 / 352488041 [--------------------->__________________________________] 37.59% 10955413 p/s141532681 / 352488041 [---------------------->_________________________________] 40.15% 10955413 p/s141532681 / 352488041 [---------------------->_________________________________] 40.15% 11217213 p/s141532681 / 352488041 [---------------------->_________________________________] 40.15% 11217213 p/s149794304 / 352488041 [----------------------->________________________________] 42.50% 11217213 p/s149794304 / 352488041 [----------------------->________________________________] 42.50% 11381807 p/s158670324 / 352488041 [------------------------->______________________________] 45.01% 11381807 p/s158670324 / 352488041 [------------------------->______________________________] 45.01% 11381807 p/s158670324 / 352488041 [------------------------->______________________________] 45.01% 11602172 p/s164281824 / 352488041 [-------------------------->_____________________________] 46.61% 11602172 p/s164281824 / 352488041 [-------------------------->_____________________________] 46.61% 11602172 p/s170315218 / 352488041 [--------------------------->____________________________] 48.32% 12107266 p/s170315218 / 352488041 [--------------------------->____________________________] 48.32% 12107266 p/s170315218 / 352488041 [--------------------------->____________________________] 48.32% 12107266 p/s177524172 / 352488041 [---------------------------->___________________________] 50.36% 12101042 p/s177524172 / 352488041 [---------------------------->___________________________] 50.36% 12101042 p/s183786928 / 352488041 [----------------------------->__________________________] 52.14% 12101042 p/s183786928 / 352488041 [----------------------------->__________________________] 52.14% 11993599 p/s183786928 / 352488041 [----------------------------->__________________________] 52.14% 11993599 p/s190889390 / 352488041 [------------------------------>_________________________] 54.15% 11993599 p/s190889390 / 352488041 [------------------------------>_________________________] 54.15% 11981464 p/s198200739 / 352488041 [------------------------------->________________________] 56.23% 11981464 p/s198200739 / 352488041 [------------------------------->________________________] 56.23% 11981464 p/s198200739 / 352488041 [------------------------------->________________________] 56.23% 11996553 p/s206294419 / 352488041 [-------------------------------->_______________________] 58.53% 11996553 p/s206294419 / 352488041 [-------------------------------->_______________________] 58.53% 11996553 p/s215309706 / 352488041 [---------------------------------->_____________________] 61.08% 13060827 p/s215309706 / 352488041 [---------------------------------->_____________________] 61.08% 13060827 p/s215309706 / 352488041 [---------------------------------->_____________________] 61.08% 13060827 p/s223415678 / 352488041 [----------------------------------->____________________] 63.38% 13091065 p/s223415678 / 352488041 [----------------------------------->____________________] 63.38% 13091065 p/s231529849 / 352488041 [------------------------------------>___________________] 65.68% 13091065 p/s231529849 / 352488041 [------------------------------------>___________________] 65.68% 13117247 p/s231529849 / 352488041 [------------------------------------>___________________] 65.68% 13117247 p/s237874538 / 352488041 [------------------------------------->__________________] 67.48% 13117247 p/s237874538 / 352488041 [------------------------------------->__________________] 67.48% 12954315 p/s245042534 / 352488041 [-------------------------------------->_________________] 69.52% 12954315 p/s245042534 / 352488041 [-------------------------------------->_________________] 69.52% 12954315 p/s245042534 / 352488041 [-------------------------------------->_________________] 69.52% 12888779 p/s251342171 / 352488041 [--------------------------------------->________________] 71.31% 12888779 p/s251342171 / 352488041 [--------------------------------------->________________] 71.31% 12888779 p/s258919761 / 352488041 [----------------------------------------->______________] 73.45% 13551035 p/s258919761 / 352488041 [----------------------------------------->______________] 73.45% 13551035 p/s258919761 / 352488041 [----------------------------------------->______________] 73.45% 13551035 p/s264846663 / 352488041 [------------------------------------------>_____________] 75.14% 13314118 p/s264846663 / 352488041 [------------------------------------------>_____________] 75.14% 13314118 p/s272543031 / 352488041 [------------------------------------------->____________] 77.32% 13314118 p/s272543031 / 352488041 [------------------------------------------->____________] 77.32% 13282682 p/s272543031 / 352488041 [------------------------------------------->____________] 77.32% 13282682 p/s278150443 / 352488041 [-------------------------------------------->___________] 78.91% 13282682 p/s278150443 / 352488041 [-------------------------------------------->___________] 78.91% 13027904 p/s286059810 / 352488041 [--------------------------------------------->__________] 81.15% 13027904 p/s286059810 / 352488041 [--------------------------------------------->__________] 81.15% 13027904 p/s286059810 / 352488041 [--------------------------------------------->__________] 81.15% 13037900 p/s291605772 / 352488041 [---------------------------------------------->_________] 82.73% 13037900 p/s291605772 / 352488041 [---------------------------------------------->_________] 82.73% 13037900 p/s298118364 / 352488041 [----------------------------------------------->________] 84.58% 13494884 p/s298118364 / 352488041 [----------------------------------------------->________] 84.58% 13494884 p/s298118364 / 352488041 [----------------------------------------------->________] 84.58% 13494884 p/s305216698 / 352488041 [------------------------------------------------>_______] 86.59% 13387272 p/s305216698 / 352488041 [------------------------------------------------>_______] 86.59% 13387272 p/s313674912 / 352488041 [------------------------------------------------->______] 88.99% 13387272 p/s313674912 / 352488041 [------------------------------------------------->______] 88.99% 13432811 p/s313674912 / 352488041 [------------------------------------------------->______] 88.99% 13432811 p/s322669707 / 352488041 [--------------------------------------------------->____] 91.54% 13432811 p/s322669707 / 352488041 [--------------------------------------------------->____] 91.54% 13533022 p/s330783876 / 352488041 [---------------------------------------------------->___] 93.84% 13533022 p/s330783876 / 352488041 [---------------------------------------------------->___] 93.84% 13533022 p/s330783876 / 352488041 [---------------------------------------------------->___] 93.84% 13532829 p/s339102836 / 352488041 [----------------------------------------------------->__] 96.20% 13532829 p/s339102836 / 352488041 [----------------------------------------------------->__] 96.20% 13532829 p/s344861809 / 352488041 [------------------------------------------------------>_] 97.84% 14174473 p/s344861809 / 352488041 [------------------------------------------------------>_] 97.84% 14174473 p/sDownloading scene classroom
0 / 68394069 [_________________________________________________________________________] 0.00% ? p/s0 / 68394069 [_________________________________________________________________________] 0.00% ? p/s0 / 68394069 [_________________________________________________________________________] 0.00% ? p/s0 / 68394069 [_________________________________________________________________________] 0.00% ? p/s0 / 68394069 [_________________________________________________________________________] 0.00% ? p/s884736 / 68394069 [>___________________________________________________________________] 1.29% ? p/s884736 / 68394069 [>_____________________________________________________________] 1.29% 1473338 p/s884736 / 68394069 [>_____________________________________________________________] 1.29% 1473338 p/s5865437 / 68394069 [----->_______________________________________________________] 8.58% 1473338 p/s5865437 / 68394069 [----->_______________________________________________________] 8.58% 1914100 p/s8945641 / 68394069 [------->____________________________________________________] 13.08% 1914100 p/s8945641 / 68394069 [------->____________________________________________________] 13.08% 1914100 p/s8945641 / 68394069 [------->____________________________________________________] 13.08% 2121777 p/s10977280 / 68394069 [--------->_________________________________________________] 16.05% 2121777 p/s10977280 / 68394069 [--------->_________________________________________________] 16.05% 2121777 p/s12988407 / 68394069 [----------->_______________________________________________] 18.99% 2420236 p/s12988407 / 68394069 [----------->_______________________________________________] 18.99% 2420236 p/s12988407 / 68394069 [----------->_______________________________________________] 18.99% 2420236 p/s15233012 / 68394069 [------------->_____________________________________________] 22.27% 2505482 p/s15233012 / 68394069 [------------->_____________________________________________] 22.27% 2505482 p/s20529136 / 68394069 [----------------->_________________________________________] 30.02% 2505482 p/s20529136 / 68394069 [----------------->_________________________________________] 30.02% 2913442 p/s20529136 / 68394069 [----------------->_________________________________________] 30.02% 2913442 p/s24866753 / 68394069 [--------------------->_____________________________________] 36.36% 2913442 p/s24866753 / 68394069 [--------------------->_____________________________________] 36.36% 3191452 p/s27529140 / 68394069 [----------------------->___________________________________] 40.25% 3191452 p/s27529140 / 68394069 [----------------------->___________________________________] 40.25% 3191452 p/s27529140 / 68394069 [----------------------->___________________________________] 40.25% 3271934 p/s31600536 / 68394069 [--------------------------->_______________________________] 46.20% 3271934 p/s31600536 / 68394069 [--------------------------->_______________________________] 46.20% 3271934 p/s35819427 / 68394069 [------------------------------>____________________________] 52.37% 3952029 p/s35819427 / 68394069 [------------------------------>____________________________] 52.37% 3952029 p/s35819427 / 68394069 [------------------------------>____________________________] 52.37% 3952029 p/s39182206 / 68394069 [--------------------------------->_________________________] 57.29% 4058944 p/s39182206 / 68394069 [--------------------------------->_________________________] 57.29% 4058944 p/s45834061 / 68394069 [--------------------------------------->___________________] 67.01% 4058944 p/s45834061 / 68394069 [--------------------------------------->___________________] 67.01% 4511387 p/s45834061 / 68394069 [--------------------------------------->___________________] 67.01% 4511387 p/s53092159 / 68394069 [--------------------------------------------->_____________] 77.63% 4511387 p/s53092159 / 68394069 [--------------------------------------------->_____________] 77.63% 5001825 p/s57667383 / 68394069 [------------------------------------------------->_________] 84.32% 5001825 p/s57667383 / 68394069 [------------------------------------------------->_________] 84.32% 5001825 p/s57667383 / 68394069 [------------------------------------------------->_________] 84.32% 5170931 p/s63229725 / 68394069 [------------------------------------------------------>____] 92.45% 5170931 p/s63229725 / 68394069 [------------------------------------------------------>____] 92.45% 5170931 p/sGEEKBENCH_FROM=https://cdn.geekbench.com/Geekbench-7.0.0-Linux.tar.gz
geekbench-workload.plxr geekbench.plxr geekbench7 geekbench_avx2 geekbench_x86_64   control: BUILD_GFX_OK b5aabbd17ee9
  control: BUILD_egl_offscreen=ok
  control: BUILD_gl_limits=ok
  control: BUILD_vk_probe=ok
  control: BUILD_gl_probe=ok
  control: BUILD_vk_device_extensions=ok
  control: BUILD_vk_create_device=ok
  control: BUILD_signal_restart_export=ok
  control: BUILD_fbo_formats_probe=ok
  control: BUILD_egl_dmabuf_export_probe=ok
  control: BUILD_dmabuf_import_probe=ok
  control: BUILD_xiso_import_probe=ok
  control: BUILD_xiso_bytes_probe=ok
  control: BUILD_gbm_egl_import=ok
  control: BUILD_gbmprobe=ok
  control: BUILD_gbmshot=ok
  control: BUILD_gl_decompose=ok
  control: BUILD_gl_drawrate=ok
  control: BUILD_gl_finishrate=ok
  control: BUILD_vk_ofa=ok
  control: BUILD_wl_scene=ok
  control: BUILD_wlr_screencap=ok
  control: --- compiler diagnostics (first 30)
  control: /opt/gfxset/src/gfxset/src/nvkvmpv/vk_probe.c: In function ‘probe_main’:
  control: /opt/gfxset/src/gfxset/src/nvkvmpv/vk_probe.c:283:56: warning: ‘%s’ directive output may be truncated writing up to 4075 bytes into a region of size 256 [-Wformat-truncation=]
  control:   278 |         const char *nm = (const char *)(props + 20);
  control:       |                     ~~                                  
  control: ......
  control:   283 |             snprintf(chosen_name, sizeof chosen_name, "%s", nm);
  control:       |                                                        ^~
  control: In file included from /usr/include/stdio.h:980,
  control:                  from /opt/gfxset/src/gfxset/src/nvkvmpv/vk_probe.c:21:
  control: In function ‘snprintf’,
  control:     inlined from ‘probe_main’ at /opt/gfxset/src/gfxset/src/nvkvmpv/vk_probe.c:283:13:
  control: /usr/include/x86_64-linux-gnu/bits/stdio2.h:54:10: note: ‘__builtin_snprintf’ output between 1 and 4076 bytes into a destination of size 256
  control:    54 |   return __builtin___snprintf_chk (__s, __n, __USE_FORTIFY_LEVEL - 1,
  control:       |          ^~~~~~~~~~~~~~~~~~~~~~~~~~~~~~~~~~~~~~~~~~~~~~~~~~~~~~~~~~~~
  control:    55 |                                    __glibc_objsize (__s), __fmt,
  control:       |                                    ~~~~~~~~~~~~~~~~~~~~~~~~~~~~~
  control:    56 |                                    __va_arg_pack ());
  control:       |                                    ~~~~~~~~~~~~~~~~~
  control: /opt/gfxset/src/gfxset/src/nvkvmpv/xiso_import_probe.c: In function ‘run_exporter’:
  control: /opt/gfxset/src/gfxset/src/nvkvmpv/xiso_import_probe.c:94:17: warning: ignoring return value of ‘read’ declared with attribute ‘warn_unused_result’ [-Wunused-result]
  control:    94 |         char x; read(c, &x, 1);   /* block until importer done */
  control:       |                 ^~~~~~~~~~~~~~
  control: /opt/gfxset/src/gfxset/src/nvkvmpv/xiso_import_probe.c: In function ‘run_importer’:
  control: /opt/gfxset/src/gfxset/src/nvkvmpv/xiso_import_probe.c:134:21: warning: ignoring return value of ‘write’ declared with attribute ‘warn_unused_result’ [-Wunused-result]
  control:   134 |         char x = 0; write(s, &x, 1);   /* release exporter */
  control:       |                     ^~~~~~~~~~~~~~~
  control: Note: switching to '42e3d8fe3aa88743ef90348138f643f7b04a9237'.
  control: 
  control: You are in 'detached HEAD' state. You can look around, make experimental
  control: changes and commit them, and you can discard any commits you make in this
  control: state without impacting any branches by switching back to a branch.
  control: 
  control: If you want to create a new branch to retain commits you create, you may
  control: do so (now or later) by using -c with the switch command. Example:
  control: 
  control:   git switch -c <new-branch-name>
  control: 
  control: Or undo this operation with:
  control: 
  control:   git switch -
  control: 
  control: Turn off this advice by setting config variable advice.detachedHead to false
  control: 
  control: BUILD_glmark2=ok
  control: glmark2 glmark2-es2 glmark2-es2-wayland glmark2-wayland 
  control: ffmpeg version n8.1.3-9-g29e619e767-20260930 Copyright (c) 2000-2026 the FFmpeg developers
  control: Blender 4.5.0
  control: /usr/bin/weston /usr/bin/sway /usr/bin/grim /usr/bin/es2gears_wayland /usr/bin/weston-screenshooter /usr/bin/vulkaninfo /usr/bin/eglinfo /usr/bin/vglrun /usr/bin/Xvfb /dev/vda1        47G  8.2G   39G  18% /
GSET_PROVISIONED=yes
date=2026-09-30T18:46:39+00:00
image=/workspace/bench/guest.qcow2
build_failures=0
kernel_before=6.8.0-142-generic
kernel_after=6.8.0-142-generic
provisioner_rev=738c90e5
[gset-prov 2026-09-30T18:46:45+00:00] GSET_PROVISION_DONE rc=0
