FAST_SUITE_STARTED=2026-10-08T10:53:49+02:00 arms=30 budget=180s
rev=0e64a9608
ARM                          VERDICT   secs  why
--timer                      PASS      3s    3s
FAST_CELL_ARM arm=timer verdict=PASS secs=3 client_ms=410
--engines                    PASS      4s    4s
FAST_CELL_ARM arm=engines verdict=PASS secs=4 client_ms=680
--doorbell-census            PASS      5s    5s
FAST_CELL_ARM arm=doorbell-census verdict=PASS secs=5 client_ms=820
--gpu-info-sweep             PASS      4s    4s
FAST_CELL_ARM arm=gpu-info-sweep verdict=PASS secs=4 client_ms=399
--bus-info-sweep             PASS      7s    7s
FAST_CELL_ARM arm=bus-info-sweep verdict=PASS secs=7 client_ms=3600
--concurrency                PASS      6s    6s
FAST_CELL_ARM arm=concurrency verdict=PASS secs=6 client_ms=3360
--defer-liveness             PASS      16s   16s
FAST_CELL_ARM arm=defer-liveness verdict=PASS secs=16 client_ms=12510
--blockage-coverage          PASS      4s    4s
FAST_CELL_ARM arm=blockage-coverage verdict=PASS secs=4 client_ms=799
--alias-two-vas              PASS      4s    4s
FAST_CELL_ARM arm=alias-two-vas verdict=PASS secs=4 client_ms=389
--alias-unmap-observe        PASS      4s    4s
FAST_CELL_ARM arm=alias-unmap-observe verdict=PASS secs=4 client_ms=400
--map-propagation            PASS      4s    4s
FAST_CELL_ARM arm=map-propagation verdict=PASS secs=4 client_ms=379
--late-map-race              PASS      4s    4s
FAST_CELL_ARM arm=late-map-race verdict=PASS secs=4 client_ms=810
--missing-page-fault         PASS      7s    7s
FAST_CELL_ARM arm=missing-page-fault verdict=PASS secs=7 client_ms=3470
--uvm-invalidate             PASS      4s    4s
FAST_CELL_ARM arm=uvm-invalidate verdict=PASS secs=4 client_ms=540
--uvm-mean                   PASS      4s    4s
FAST_CELL_ARM arm=uvm-mean verdict=PASS secs=4 client_ms=720
--executor-vas               PASS      4s    4s
FAST_CELL_ARM arm=executor-vas verdict=PASS secs=4 client_ms=450
--guest-ring-channel         PASS      4s    4s
FAST_CELL_ARM arm=guest-ring-channel verdict=PASS secs=4 client_ms=400
--dictated-ring              PASS      3s    3s
FAST_CELL_ARM arm=dictated-ring verdict=PASS secs=3 client_ms=390
--dictated-ring-negative     PASS      3s    3s
FAST_CELL_ARM arm=dictated-ring-negative verdict=PASS secs=3 client_ms=419
--ce-client                  PASS      3s    3s
FAST_CELL_ARM arm=ce-client verdict=PASS secs=3 client_ms=449
--ce-client-guest-ram        PASS      24s   24s
FAST_CELL_ARM arm=ce-client-guest-ram verdict=PASS secs=24 client_ms=20050
--guest-ram-pin              PASS      4s    4s
FAST_CELL_ARM arm=guest-ram-pin verdict=PASS secs=4 client_ms=429
--bar1-crossing              PASS      4s    4s
FAST_CELL_ARM arm=bar1-crossing verdict=PASS secs=4 client_ms=390
--atomics-probe              PASS      4s    4s
FAST_CELL_ARM arm=atomics-probe verdict=PASS secs=4 client_ms=390
--pce-mask-probe             PASS      3s    3s
FAST_CELL_ARM arm=pce-mask-probe verdict=PASS secs=3 client_ms=439
--gpga-reserve-probe         PASS      12s   12s
FAST_CELL_ARM arm=gpga-reserve-probe verdict=PASS secs=12 client_ms=9320
--map-stress                 PASS      4s    4s
FAST_CELL_ARM arm=map-stress verdict=PASS secs=4 client_ms=660
--concurrent-fuzz            PASS      4s    4s
FAST_CELL_ARM arm=concurrent-fuzz verdict=PASS secs=4 client_ms=1390
--cross-client-leak          PASS      4s    4s
FAST_CELL_ARM arm=cross-client-leak verdict=PASS secs=4 client_ms=459
--rpc-mixed-allocs           PASS      5s    5s
FAST_CELL_ARM arm=rpc-mixed-allocs verdict=PASS secs=5 client_ms=1239

FAST_SUITE_PASS=30 FAST_SUITE_FAIL=0 FAST_SUITE_CRASH=0 NOTRUN=0 ARMS=30
FAST_SUITE_RC=0
