=== weston_headless side=guest start=2026-09-26T17:50:05+00:00 host=ubuntu kernel=6.8.0-139-generic drv=580.159.04
[17:50:05.490] Command line: weston --backend=headless --renderer=gl --width=1280 --height=720 --idle-time=0 --socket=gset-a --debug --log=/var/tmp/gfxset/out/guest/weston_headless.d/weston_gset-a.log
[17:50:05.510] Loading module '/usr/lib/x86_64-linux-gnu/libweston-13/gl-renderer.so'
[17:50:05.566] EGL version: 1.5
[17:50:05.566] EGL vendor: NVIDIA
[17:50:05.767] GL version: OpenGL ES 3.2 NVIDIA 580.159.04
[17:50:05.767] GL vendor: NVIDIA Corporation
[17:50:05.767] GL renderer: NVIDIA GeForce RTX 3070/PCIe/SSE2
[17:50:05.823] GL ES 3.2 - renderer features:
-rw-rw-r-- 1 ubuntu ubuntu 72327 Sep 26 17:50 /var/tmp/gfxset/out/guest/weston_headless.d/desktop.png
[17:50:14.384] Command line: weston --backend=headless --renderer=gl --width=1280 --height=720 --idle-time=0 --socket=gset-b --config=/var/tmp/gfxset/out/guest/weston_headless.d/det.ini --debug --log=/var/tmp/gfxset/out/guest/weston_headless.d/weston_gset-b.log
[17:50:14.389] Loading module '/usr/lib/x86_64-linux-gnu/libweston-13/gl-renderer.so'
[17:50:14.450] EGL version: 1.5
[17:50:14.450] EGL vendor: NVIDIA
[17:50:14.660] GL version: OpenGL ES 3.2 NVIDIA 580.159.04
[17:50:14.660] GL vendor: NVIDIA Corporation
[17:50:14.660] GL renderer: NVIDIA GeForce RTX 3070/PCIe/SSE2
[17:50:14.660] GL ES 3.2 - renderer features:
WL_SCENE_SIZE 512x384
WL_SCENE_EGL_VENDOR NVIDIA
WL_SCENE_RENDERER NVIDIA GeForce RTX 3070/PCIe/SSE2
WL_SCENE_HASH ad584bcbbd263ea5
WL_SCENE_DISTINCT 8
WL_SCENE_GLERR 0x0
WL_SCENE_READY
GSET_DIG side=guest item=weston_headless key=client_readback val=ad584bcbbd263ea5
GSET_DIG side=guest item=weston_headless key=composite val=b860a1823df1ebc8
GSET_VAL side=guest item=weston_headless key=renderer val=GL_renderer:_NVIDIA_GeForce_RTX_3070/PCIe/SSE2
GSET_OK
=== end rc=0 secs=14 2026-09-26T17:50:19+00:00
