=== W311 NATIVE START 2026-08-14T18:27:56+00:00 pid=1650559 ===
SIZES=128,512,1024,2048 ITERS=12 BATCH=1
=== GPU STATE BEFORE ===
name, driver_version, memory.used [MiB], utilization.gpu [%]
NVIDIA GeForce RTX 3060, 580.159.04, 0 MiB, 4 %
pid, process_name, used_gpu_memory [MiB]
    ⊘ any process listed above shares this GPU and the numbers below are CONTENDED.
=== BUILD ===
source md5 = e6f92ad210837ad203ea1cfe2f67f57a
NATIVE_GCC_RC=0
binary md5 = 294bf65daec985f5649ea8f1a5c4ecdb

=== ★★★★★ NEGATIVE CONTROL (BENCH_NOLAUNCH=1) — the verifier must FIRE ===
BENCH_MODE=NOLAUNCH — ★ NEGATIVE CONTROL. Launches are SKIPPED; the verifier MUST report bad = N*N. A 0 here means the verifier is dead.
ITER N=256 i=0 launch_ms=0.003 submit_ms=0.000 sync_ms=0.002 t0_mono_ms=364313839.291 sub_cpu_ms=0.004 syn_cpu_ms=0.002 syn_offcpu_ms=0.000 syn_nvcsw=0 syn_nivcsw=0 syn_utime_ms=0.000 syn_stime_ms=0.002 verified=yes bad=65536
ITER N=256 i=1 launch_ms=0.002 submit_ms=0.000 sync_ms=0.002 t0_mono_ms=364313839.674 sub_cpu_ms=0.003 syn_cpu_ms=0.002 syn_offcpu_ms=-0.000 syn_nvcsw=0 syn_nivcsw=0 syn_utime_ms=0.000 syn_stime_ms=0.002 verified=yes bad=65536
ITER N=256 i=2 launch_ms=0.002 submit_ms=0.000 sync_ms=0.002 t0_mono_ms=364313839.875 sub_cpu_ms=0.002 syn_cpu_ms=0.002 syn_offcpu_ms=-0.000 syn_nvcsw=0 syn_nivcsw=0 syn_utime_ms=0.000 syn_stime_ms=0.003 verified=yes bad=65536
BSWEEP N=256 K=1 rep=0 total_ms=0.001 submit_ms=0.000 sync_ms=0.001 cpu_ms=0.003 offcpu_ms=-0.003 nvcsw=0 bad=65536
BSWEEP N=256 K=1 rep=1 total_ms=0.001 submit_ms=0.000 sync_ms=0.000 cpu_ms=0.003 offcpu_ms=-0.002 nvcsw=0 bad=65536
BSWEEP N=256 K=4 rep=0 total_ms=0.001 submit_ms=0.000 sync_ms=0.000 cpu_ms=0.003 offcpu_ms=-0.002 nvcsw=0 bad=65536
BSWEEP N=256 K=4 rep=1 total_ms=0.001 submit_ms=0.000 sync_ms=0.000 cpu_ms=0.003 offcpu_ms=-0.002 nvcsw=0 bad=65536
B256_BAD=524288
BENCH_NOLAUNCH_TOTAL_BAD=524288
BENCH_VERDICT: PASS-NEGATIVE-CONTROL (the verifier FIRED with launches skipped)
NATIVE_NEGCTRL_RC=0   (0 = the verifier fired; ⊘ 3 = it is DEAD and every green below is vacuous)

=== ★★★★★ THE NATIVE MEASUREMENT ===
BENCH_BUILD sizes=[128,512,1024,2048] iters=12 batch=1 verify_every=1 nolaunch=0
BENCH_W320 batch_sweep=[] batch_reps=5 ctx_flags=0x0 hostmem=0
BENCH_TSTATE_AVAILABLE=yes cpu_ms=2.830678 nvcsw=0
BENCH_CLOCK_ORIGIN mono_ms=364314150.628 real_ms=1786732079837.884
BENCH_MODE=MEASURE
ok   cuInit(0)
BENCH_INIT_MS=1685.45
ok   cuDeviceGetCount(&nd)
ok   cuDeviceGet(&d,0)
BENCH_DEVICE=[NVIDIA GeForce RTX 3060]
ok   cuCtxCreate_v2(&ctx,CTXFLAGS,d)
BENCH_CTX_MS=103.14
ok   cuModuleLoadData(&mod,PTX)
BENCH_MODULE_MS=0.11
ok   cuModuleGetFunction(&fn,mod,"mm")

BENCH_SIZE_BEGIN N=128 per_matrix_MiB=0 device_MiB=0
B128_ALLOC_MS=0.15
B128_PTRS=A:0x723810200000,B:0x723810210000,C:0x723810220000
B128_H2D_MS=0.06  (2 x 0 MiB)
B128_GRID=(8,8)x(16,16)
ITER N=128 i=0 launch_ms=0.025 submit_ms=0.013 sync_ms=0.012 t0_mono_ms=364315939.724 sub_cpu_ms=0.017 syn_cpu_ms=0.012 syn_offcpu_ms=0.000 syn_nvcsw=0 syn_nivcsw=0 syn_utime_ms=0.000 syn_stime_ms=0.012 verified=yes bad=0
ITER N=128 i=1 launch_ms=0.014 submit_ms=0.002 sync_ms=0.012 t0_mono_ms=364315939.861 sub_cpu_ms=0.004 syn_cpu_ms=0.012 syn_offcpu_ms=0.000 syn_nvcsw=0 syn_nivcsw=0 syn_utime_ms=0.001 syn_stime_ms=0.012 verified=yes bad=0
ITER N=128 i=2 launch_ms=0.014 submit_ms=0.003 sync_ms=0.012 t0_mono_ms=364315939.937 sub_cpu_ms=0.005 syn_cpu_ms=0.012 syn_offcpu_ms=0.000 syn_nvcsw=0 syn_nivcsw=0 syn_utime_ms=0.000 syn_stime_ms=0.011 verified=yes bad=0
ITER N=128 i=3 launch_ms=0.014 submit_ms=0.002 sync_ms=0.011 t0_mono_ms=364315940.036 sub_cpu_ms=0.004 syn_cpu_ms=0.011 syn_offcpu_ms=0.000 syn_nvcsw=0 syn_nivcsw=0 syn_utime_ms=0.012 syn_stime_ms=0.000 verified=yes bad=0
ITER N=128 i=4 launch_ms=0.015 submit_ms=0.002 sync_ms=0.012 t0_mono_ms=364315940.111 sub_cpu_ms=0.004 syn_cpu_ms=0.012 syn_offcpu_ms=-0.000 syn_nvcsw=0 syn_nivcsw=0 syn_utime_ms=0.012 syn_stime_ms=0.000 verified=yes bad=0
ITER N=128 i=5 launch_ms=0.014 submit_ms=0.002 sync_ms=0.012 t0_mono_ms=364315940.186 sub_cpu_ms=0.004 syn_cpu_ms=0.012 syn_offcpu_ms=0.000 syn_nvcsw=0 syn_nivcsw=0 syn_utime_ms=0.012 syn_stime_ms=0.000 verified=yes bad=0
ITER N=128 i=6 launch_ms=0.014 submit_ms=0.002 sync_ms=0.012 t0_mono_ms=364315940.268 sub_cpu_ms=0.004 syn_cpu_ms=0.011 syn_offcpu_ms=0.000 syn_nvcsw=0 syn_nivcsw=0 syn_utime_ms=0.012 syn_stime_ms=0.000 verified=yes bad=0
ITER N=128 i=7 launch_ms=0.014 submit_ms=0.002 sync_ms=0.012 t0_mono_ms=364315940.341 sub_cpu_ms=0.004 syn_cpu_ms=0.012 syn_offcpu_ms=0.000 syn_nvcsw=0 syn_nivcsw=0 syn_utime_ms=0.012 syn_stime_ms=0.000 verified=yes bad=0
ITER N=128 i=8 launch_ms=0.013 submit_ms=0.002 sync_ms=0.011 t0_mono_ms=364315940.412 sub_cpu_ms=0.004 syn_cpu_ms=0.011 syn_offcpu_ms=0.000 syn_nvcsw=0 syn_nivcsw=0 syn_utime_ms=0.012 syn_stime_ms=0.000 verified=yes bad=0
ITER N=128 i=9 launch_ms=0.014 submit_ms=0.002 sync_ms=0.012 t0_mono_ms=364315940.482 sub_cpu_ms=0.004 syn_cpu_ms=0.012 syn_offcpu_ms=0.000 syn_nvcsw=0 syn_nivcsw=0 syn_utime_ms=0.011 syn_stime_ms=0.000 verified=yes bad=0
ITER N=128 i=10 launch_ms=0.014 submit_ms=0.002 sync_ms=0.012 t0_mono_ms=364315940.553 sub_cpu_ms=0.004 syn_cpu_ms=0.012 syn_offcpu_ms=0.000 syn_nvcsw=0 syn_nivcsw=0 syn_utime_ms=0.012 syn_stime_ms=0.000 verified=yes bad=0
ITER N=128 i=11 launch_ms=0.014 submit_ms=0.002 sync_ms=0.012 t0_mono_ms=364315940.623 sub_cpu_ms=0.004 syn_cpu_ms=0.012 syn_offcpu_ms=0.000 syn_nvcsw=0 syn_nivcsw=0 syn_utime_ms=0.011 syn_stime_ms=0.000 verified=yes bad=0

B128_N=128
B128_ITERS=12
B128_FIRST_MS=0.025
B128_MEDIAN_MS=0.014
B128_P90_MS=0.014
B128_MIN_MS=0.013
B128_MAX_MS=0.015
B128_MEAN_MS=0.014
B128_GFLOPS=301.250
B128_BATCH=1
B128_BATCH_TOTAL_MS=0.014
B128_BATCH_PER_LAUNCH_MS=0.014
B128_BATCH_GFLOPS=305.819
B128_BATCH_BAD=0
B128_H2D_MS=0.064
B128_D2H_MED_MS=0.020
B128_ALLOC_MS2=0.145
B128_SUBMIT_MED_MS=0.002
B128_SYNC_MED_MS=0.012
B128_SYNC_CPU_MED_MS=0.012
B128_SYNC_OFFCPU_MED_MS=0.000
B128_SYNC_NVCSW_MED=0.0
B128_SUBMIT_CPU_MED_MS=0.004
B128_SUBMIT_MAX_MS=0.003
B128_SYNC_MAX_MS=0.012
B128_WINDOW_MONO_MS=364315939.724..364315940.637
B128_BAD=0
B128_MAXERR=0
BSUM N=128 iters=12 first_ms=0.025 med_ms=0.014 p90_ms=0.014 min_ms=0.013 max_ms=0.015 gflops=301.250 batch_per_launch_ms=0.014 batch_gflops=305.819 h2d_ms=0.064 d2h_med_ms=0.020 submit_med_ms=0.002 sync_med_ms=0.012 sync_cpu_med_ms=0.012 sync_offcpu_med_ms=0.000 sync_nvcsw_med=0.0 submit_cpu_med_ms=0.004 bad=0 maxerr=0
BENCH_SIZE_END N=128

BENCH_SIZE_BEGIN N=512 per_matrix_MiB=1 device_MiB=3
B512_ALLOC_MS=0.16
B512_PTRS=A:0x723810200000,B:0x723810300000,C:0x723810400000
B512_H2D_MS=0.60  (2 x 1 MiB)
B512_GRID=(32,32)x(16,16)
ITER N=512 i=0 launch_ms=0.365 submit_ms=0.006 sync_ms=0.358 t0_mono_ms=364315943.203 sub_cpu_ms=0.010 syn_cpu_ms=0.358 syn_offcpu_ms=-0.000 syn_nvcsw=0 syn_nivcsw=0 syn_utime_ms=0.004 syn_stime_ms=0.354 verified=yes bad=0
ITER N=512 i=1 launch_ms=0.361 submit_ms=0.004 sync_ms=0.357 t0_mono_ms=364315944.946 sub_cpu_ms=0.007 syn_cpu_ms=0.357 syn_offcpu_ms=-0.000 syn_nvcsw=0 syn_nivcsw=0 syn_utime_ms=0.357 syn_stime_ms=0.000 verified=yes bad=0
ITER N=512 i=2 launch_ms=0.361 submit_ms=0.003 sync_ms=0.358 t0_mono_ms=364315945.971 sub_cpu_ms=0.005 syn_cpu_ms=0.358 syn_offcpu_ms=-0.000 syn_nvcsw=0 syn_nivcsw=0 syn_utime_ms=0.358 syn_stime_ms=0.000 verified=yes bad=0
ITER N=512 i=3 launch_ms=0.362 submit_ms=0.004 sync_ms=0.358 t0_mono_ms=364315946.978 sub_cpu_ms=0.006 syn_cpu_ms=0.358 syn_offcpu_ms=-0.000 syn_nvcsw=0 syn_nivcsw=0 syn_utime_ms=0.359 syn_stime_ms=0.000 verified=yes bad=0
ITER N=512 i=4 launch_ms=0.360 submit_ms=0.003 sync_ms=0.357 t0_mono_ms=364315947.987 sub_cpu_ms=0.005 syn_cpu_ms=0.358 syn_offcpu_ms=-0.000 syn_nvcsw=0 syn_nivcsw=0 syn_utime_ms=0.358 syn_stime_ms=0.000 verified=yes bad=0
ITER N=512 i=5 launch_ms=0.362 submit_ms=0.003 sync_ms=0.359 t0_mono_ms=364315948.989 sub_cpu_ms=0.005 syn_cpu_ms=0.359 syn_offcpu_ms=-0.000 syn_nvcsw=0 syn_nivcsw=0 syn_utime_ms=0.359 syn_stime_ms=0.000 verified=yes bad=0
ITER N=512 i=6 launch_ms=0.360 submit_ms=0.003 sync_ms=0.357 t0_mono_ms=364315949.990 sub_cpu_ms=0.005 syn_cpu_ms=0.357 syn_offcpu_ms=-0.000 syn_nvcsw=0 syn_nivcsw=0 syn_utime_ms=0.357 syn_stime_ms=0.000 verified=yes bad=0
ITER N=512 i=7 launch_ms=0.362 submit_ms=0.004 sync_ms=0.358 t0_mono_ms=364315951.011 sub_cpu_ms=0.006 syn_cpu_ms=0.358 syn_offcpu_ms=-0.000 syn_nvcsw=0 syn_nivcsw=0 syn_utime_ms=0.359 syn_stime_ms=0.000 verified=yes bad=0
ITER N=512 i=8 launch_ms=0.362 submit_ms=0.004 sync_ms=0.358 t0_mono_ms=364315952.036 sub_cpu_ms=0.006 syn_cpu_ms=0.358 syn_offcpu_ms=-0.000 syn_nvcsw=0 syn_nivcsw=0 syn_utime_ms=0.358 syn_stime_ms=0.000 verified=yes bad=0
ITER N=512 i=9 launch_ms=0.361 submit_ms=0.003 sync_ms=0.358 t0_mono_ms=364315953.039 sub_cpu_ms=0.005 syn_cpu_ms=0.358 syn_offcpu_ms=-0.000 syn_nvcsw=0 syn_nivcsw=0 syn_utime_ms=0.358 syn_stime_ms=0.000 verified=yes bad=0
ITER N=512 i=10 launch_ms=0.360 submit_ms=0.003 sync_ms=0.357 t0_mono_ms=364315954.053 sub_cpu_ms=0.005 syn_cpu_ms=0.357 syn_offcpu_ms=-0.000 syn_nvcsw=0 syn_nivcsw=0 syn_utime_ms=0.357 syn_stime_ms=0.000 verified=yes bad=0
ITER N=512 i=11 launch_ms=0.360 submit_ms=0.002 sync_ms=0.358 t0_mono_ms=364315955.059 sub_cpu_ms=0.005 syn_cpu_ms=0.358 syn_offcpu_ms=-0.000 syn_nvcsw=0 syn_nivcsw=0 syn_utime_ms=0.358 syn_stime_ms=0.000 verified=yes bad=0

B512_N=512
B512_ITERS=12
B512_FIRST_MS=0.365
B512_MEDIAN_MS=0.361
B512_P90_MS=0.362
B512_MIN_MS=0.360
B512_MAX_MS=0.362
B512_MEAN_MS=0.361
B512_GFLOPS=743.331
B512_BATCH=1
B512_BATCH_TOTAL_MS=0.360
B512_BATCH_PER_LAUNCH_MS=0.360
B512_BATCH_GFLOPS=745.522
B512_BATCH_BAD=0
B512_H2D_MS=0.600
B512_D2H_MED_MS=0.235
B512_ALLOC_MS2=0.164
B512_SUBMIT_MED_MS=0.003
B512_SYNC_MED_MS=0.358
B512_SYNC_CPU_MED_MS=0.358
B512_SYNC_OFFCPU_MED_MS=-0.000
B512_SYNC_NVCSW_MED=0.0
B512_SUBMIT_CPU_MED_MS=0.005
B512_SUBMIT_MAX_MS=0.004
B512_SYNC_MAX_MS=0.359
B512_WINDOW_MONO_MS=364315943.203..364315955.419
B512_BAD=0
B512_MAXERR=0
BSUM N=512 iters=12 first_ms=0.365 med_ms=0.361 p90_ms=0.362 min_ms=0.360 max_ms=0.362 gflops=743.331 batch_per_launch_ms=0.360 batch_gflops=745.522 h2d_ms=0.600 d2h_med_ms=0.235 submit_med_ms=0.003 sync_med_ms=0.358 sync_cpu_med_ms=0.358 sync_offcpu_med_ms=-0.000 sync_nvcsw_med=0.0 submit_cpu_med_ms=0.005 bad=0 maxerr=0
BENCH_SIZE_END N=512

BENCH_SIZE_BEGIN N=1024 per_matrix_MiB=4 device_MiB=12
B1024_ALLOC_MS=0.29
B1024_PTRS=A:0x723810200000,B:0x723810600000,C:0x723810a00000
B1024_H2D_MS=1.38  (2 x 4 MiB)
B1024_GRID=(64,64)x(16,16)
ITER N=1024 i=0 launch_ms=2.852 submit_ms=0.008 sync_ms=2.844 t0_mono_ms=364315964.609 sub_cpu_ms=0.013 syn_cpu_ms=2.844 syn_offcpu_ms=-0.000 syn_nvcsw=0 syn_nivcsw=0 syn_utime_ms=2.844 syn_stime_ms=0.000 verified=yes bad=0
ITER N=1024 i=1 launch_ms=2.850 submit_ms=0.008 sync_ms=2.842 t0_mono_ms=364315972.860 sub_cpu_ms=0.012 syn_cpu_ms=2.842 syn_offcpu_ms=0.000 syn_nvcsw=0 syn_nivcsw=0 syn_utime_ms=2.843 syn_stime_ms=0.000 verified=yes bad=0
ITER N=1024 i=2 launch_ms=2.857 submit_ms=0.007 sync_ms=2.849 t0_mono_ms=364315977.978 sub_cpu_ms=0.012 syn_cpu_ms=2.849 syn_offcpu_ms=-0.000 syn_nvcsw=0 syn_nivcsw=0 syn_utime_ms=2.849 syn_stime_ms=0.000 verified=yes bad=0
ITER N=1024 i=3 launch_ms=2.851 submit_ms=0.006 sync_ms=2.845 t0_mono_ms=364315983.097 sub_cpu_ms=0.010 syn_cpu_ms=2.845 syn_offcpu_ms=-0.001 syn_nvcsw=0 syn_nivcsw=0 syn_utime_ms=2.846 syn_stime_ms=0.000 verified=yes bad=0
ITER N=1024 i=4 launch_ms=2.850 submit_ms=0.011 sync_ms=2.840 t0_mono_ms=364315988.425 sub_cpu_ms=0.015 syn_cpu_ms=2.840 syn_offcpu_ms=0.000 syn_nvcsw=0 syn_nivcsw=0 syn_utime_ms=2.840 syn_stime_ms=0.000 verified=yes bad=0
ITER N=1024 i=5 launch_ms=2.849 submit_ms=0.008 sync_ms=2.841 t0_mono_ms=364315993.574 sub_cpu_ms=0.012 syn_cpu_ms=2.841 syn_offcpu_ms=-0.000 syn_nvcsw=0 syn_nivcsw=0 syn_utime_ms=2.842 syn_stime_ms=0.000 verified=yes bad=0
ITER N=1024 i=6 launch_ms=2.850 submit_ms=0.007 sync_ms=2.843 t0_mono_ms=364315998.754 sub_cpu_ms=0.011 syn_cpu_ms=2.843 syn_offcpu_ms=-0.000 syn_nvcsw=0 syn_nivcsw=0 syn_utime_ms=2.843 syn_stime_ms=0.000 verified=yes bad=0
ITER N=1024 i=7 launch_ms=2.849 submit_ms=0.007 sync_ms=2.842 t0_mono_ms=364316003.877 sub_cpu_ms=0.011 syn_cpu_ms=2.842 syn_offcpu_ms=-0.000 syn_nvcsw=0 syn_nivcsw=0 syn_utime_ms=2.843 syn_stime_ms=0.000 verified=yes bad=0
ITER N=1024 i=8 launch_ms=2.850 submit_ms=0.007 sync_ms=2.844 t0_mono_ms=364316008.990 sub_cpu_ms=0.011 syn_cpu_ms=2.844 syn_offcpu_ms=-0.000 syn_nvcsw=0 syn_nivcsw=0 syn_utime_ms=2.836 syn_stime_ms=0.000 verified=yes bad=0
ITER N=1024 i=9 launch_ms=2.843 submit_ms=0.007 sync_ms=2.836 t0_mono_ms=364316014.137 sub_cpu_ms=0.011 syn_cpu_ms=2.836 syn_offcpu_ms=0.000 syn_nvcsw=0 syn_nivcsw=0 syn_utime_ms=2.837 syn_stime_ms=0.000 verified=yes bad=0
ITER N=1024 i=10 launch_ms=2.849 submit_ms=0.007 sync_ms=2.842 t0_mono_ms=364316019.239 sub_cpu_ms=0.010 syn_cpu_ms=2.842 syn_offcpu_ms=-0.000 syn_nvcsw=0 syn_nivcsw=0 syn_utime_ms=2.842 syn_stime_ms=0.000 verified=yes bad=0
ITER N=1024 i=11 launch_ms=2.849 submit_ms=0.006 sync_ms=2.842 t0_mono_ms=364316024.338 sub_cpu_ms=0.010 syn_cpu_ms=2.842 syn_offcpu_ms=-0.000 syn_nvcsw=0 syn_nivcsw=0 syn_utime_ms=2.842 syn_stime_ms=0.000 verified=yes bad=0

B1024_N=1024
B1024_ITERS=12
B1024_FIRST_MS=2.852
B1024_MEDIAN_MS=2.850
B1024_P90_MS=2.851
B1024_MIN_MS=2.843
B1024_MAX_MS=2.857
B1024_MEAN_MS=2.850
B1024_GFLOPS=753.572
B1024_BATCH=1
B1024_BATCH_TOTAL_MS=2.853
B1024_BATCH_PER_LAUNCH_MS=2.853
B1024_BATCH_GFLOPS=752.604
B1024_BATCH_BAD=0
B1024_H2D_MS=1.378
B1024_D2H_MED_MS=0.645
B1024_ALLOC_MS2=0.290
B1024_SUBMIT_MED_MS=0.007
B1024_SYNC_MED_MS=2.842
B1024_SYNC_CPU_MED_MS=2.842
B1024_SYNC_OFFCPU_MED_MS=-0.000
B1024_SYNC_NVCSW_MED=0.0
B1024_SUBMIT_CPU_MED_MS=0.011
B1024_SUBMIT_MAX_MS=0.011
B1024_SYNC_MAX_MS=2.849
B1024_WINDOW_MONO_MS=364315964.609..364316027.187
B1024_BAD=0
B1024_MAXERR=0
BSUM N=1024 iters=12 first_ms=2.852 med_ms=2.850 p90_ms=2.851 min_ms=2.843 max_ms=2.857 gflops=753.572 batch_per_launch_ms=2.853 batch_gflops=752.604 h2d_ms=1.378 d2h_med_ms=0.645 submit_med_ms=0.007 sync_med_ms=2.842 sync_cpu_med_ms=2.842 sync_offcpu_med_ms=-0.000 sync_nvcsw_med=0.0 submit_cpu_med_ms=0.011 bad=0 maxerr=0
BENCH_SIZE_END N=1024

BENCH_SIZE_BEGIN N=2048 per_matrix_MiB=16 device_MiB=48
B2048_ALLOC_MS=0.38
B2048_PTRS=A:0x723810200000,B:0x723813000000,C:0x723806000000
B2048_H2D_MS=4.71  (2 x 16 MiB)
B2048_GRID=(128,128)x(16,16)
ITER N=2048 i=0 launch_ms=22.902 submit_ms=0.017 sync_ms=22.885 t0_mono_ms=364316063.114 sub_cpu_ms=0.021 syn_cpu_ms=22.887 syn_offcpu_ms=-0.002 syn_nvcsw=0 syn_nivcsw=0 syn_utime_ms=22.887 syn_stime_ms=0.000 verified=yes bad=0
ITER N=2048 i=1 launch_ms=22.881 submit_ms=0.008 sync_ms=22.873 t0_mono_ms=364316105.727 sub_cpu_ms=0.012 syn_cpu_ms=22.873 syn_offcpu_ms=-0.000 syn_nvcsw=0 syn_nivcsw=0 syn_utime_ms=22.873 syn_stime_ms=0.000 verified=yes bad=0
ITER N=2048 i=2 launch_ms=22.879 submit_ms=0.008 sync_ms=22.871 t0_mono_ms=364316137.156 sub_cpu_ms=0.013 syn_cpu_ms=22.871 syn_offcpu_ms=-0.000 syn_nvcsw=0 syn_nivcsw=0 syn_utime_ms=22.871 syn_stime_ms=0.000 verified=yes bad=0
ITER N=2048 i=3 launch_ms=22.880 submit_ms=0.008 sync_ms=22.872 t0_mono_ms=364316168.609 sub_cpu_ms=0.012 syn_cpu_ms=22.873 syn_offcpu_ms=-0.000 syn_nvcsw=0 syn_nivcsw=0 syn_utime_ms=22.872 syn_stime_ms=0.000 verified=yes bad=0
ITER N=2048 i=4 launch_ms=22.882 submit_ms=0.009 sync_ms=22.873 t0_mono_ms=364316200.196 sub_cpu_ms=0.014 syn_cpu_ms=22.874 syn_offcpu_ms=-0.000 syn_nvcsw=0 syn_nivcsw=0 syn_utime_ms=22.874 syn_stime_ms=0.000 verified=yes bad=0
ITER N=2048 i=5 launch_ms=22.957 submit_ms=0.009 sync_ms=22.948 t0_mono_ms=364316231.885 sub_cpu_ms=0.013 syn_cpu_ms=22.949 syn_offcpu_ms=-0.001 syn_nvcsw=0 syn_nivcsw=0 syn_utime_ms=22.950 syn_stime_ms=0.000 verified=yes bad=0
ITER N=2048 i=6 launch_ms=22.684 submit_ms=0.008 sync_ms=22.676 t0_mono_ms=364316263.498 sub_cpu_ms=0.012 syn_cpu_ms=22.678 syn_offcpu_ms=-0.002 syn_nvcsw=0 syn_nivcsw=0 syn_utime_ms=22.678 syn_stime_ms=0.000 verified=yes bad=0
ITER N=2048 i=7 launch_ms=22.215 submit_ms=0.008 sync_ms=22.207 t0_mono_ms=364316294.799 sub_cpu_ms=0.012 syn_cpu_ms=22.207 syn_offcpu_ms=-0.000 syn_nvcsw=0 syn_nivcsw=0 syn_utime_ms=22.207 syn_stime_ms=0.000 verified=yes bad=0
ITER N=2048 i=8 launch_ms=22.206 submit_ms=0.008 sync_ms=22.198 t0_mono_ms=364316325.597 sub_cpu_ms=0.012 syn_cpu_ms=22.183 syn_offcpu_ms=0.015 syn_nvcsw=0 syn_nivcsw=1 syn_utime_ms=22.183 syn_stime_ms=0.000 verified=yes bad=0
ITER N=2048 i=9 launch_ms=22.204 submit_ms=0.009 sync_ms=22.195 t0_mono_ms=364316356.532 sub_cpu_ms=0.014 syn_cpu_ms=22.195 syn_offcpu_ms=-0.000 syn_nvcsw=0 syn_nivcsw=0 syn_utime_ms=22.195 syn_stime_ms=0.000 verified=yes bad=0
ITER N=2048 i=10 launch_ms=22.206 submit_ms=0.008 sync_ms=22.198 t0_mono_ms=364316387.376 sub_cpu_ms=0.013 syn_cpu_ms=22.183 syn_offcpu_ms=0.015 syn_nvcsw=0 syn_nivcsw=1 syn_utime_ms=22.183 syn_stime_ms=0.000 verified=yes bad=0
ITER N=2048 i=11 launch_ms=22.207 submit_ms=0.009 sync_ms=22.198 t0_mono_ms=364316418.202 sub_cpu_ms=0.013 syn_cpu_ms=22.198 syn_offcpu_ms=-0.000 syn_nvcsw=0 syn_nivcsw=0 syn_utime_ms=22.198 syn_stime_ms=0.000 verified=yes bad=0

B2048_N=2048
B2048_ITERS=12
B2048_FIRST_MS=22.902
B2048_MEDIAN_MS=22.684
B2048_P90_MS=22.882
B2048_MIN_MS=22.204
B2048_MAX_MS=22.957
B2048_MEAN_MS=22.564
B2048_GFLOPS=757.367
B2048_BATCH=1
B2048_BATCH_TOTAL_MS=22.203
B2048_BATCH_PER_LAUNCH_MS=22.203
B2048_BATCH_GFLOPS=773.778
B2048_BATCH_BAD=0
B2048_H2D_MS=4.712
B2048_D2H_MED_MS=2.268
B2048_ALLOC_MS2=0.381
B2048_SUBMIT_MED_MS=0.008
B2048_SYNC_MED_MS=22.676
B2048_SYNC_CPU_MED_MS=22.678
B2048_SYNC_OFFCPU_MED_MS=-0.000
B2048_SYNC_NVCSW_MED=0.0
B2048_SUBMIT_CPU_MED_MS=0.013
B2048_SUBMIT_MAX_MS=0.009
B2048_SYNC_MAX_MS=22.948
B2048_WINDOW_MONO_MS=364316063.114..364316440.409
B2048_BAD=0
B2048_MAXERR=0
BSUM N=2048 iters=12 first_ms=22.902 med_ms=22.684 p90_ms=22.882 min_ms=22.204 max_ms=22.957 gflops=757.367 batch_per_launch_ms=22.203 batch_gflops=773.778 h2d_ms=4.712 d2h_med_ms=2.268 submit_med_ms=0.008 sync_med_ms=22.676 sync_cpu_med_ms=22.678 sync_offcpu_med_ms=-0.000 sync_nvcsw_med=0.0 submit_cpu_med_ms=0.013 bad=0 maxerr=0
BENCH_SIZE_END N=2048
BENCH_CLOCK_END mono_ms=364316484.165 real_ms=1786732082171.421

BENCH_SIZES_DONE=4
BENCH_TOTAL_BAD=0
BENCH_VERDICT: PASS (every timed iteration verified)
DONE
NATIVE_RC=0
NATIVE_WALL_S=3

=== GPU STATE AFTER ===
0 MiB, 4 %
=== W311 NATIVE EXIT rc=0 at 2026-08-14T18:28:04+00:00 ===
