=== W311 NATIVE START 2026-08-14T19:06:12+00:00 pid=1686521 ===
SIZES=256 ITERS=3 BATCH=2
W322 ALLOC=[hostalloc] BW=[256] BW_ITERS=7 BW_TARGET_MIB=256 BW_ONLY=1 BW_REPS=1
=== GPU STATE BEFORE ===
name, driver_version, memory.used [MiB], utilization.gpu [%]
NVIDIA GeForce RTX 3060, 580.159.04, 0 MiB, 4 %
pid, process_name, used_gpu_memory [MiB]
    ⊘ any process listed above shares this GPU and the numbers below are CONTENDED.
=== BUILD ===
source md5 = 2b9f9f6e96e88df44fdd66606b44e8b2
NATIVE_GCC_RC=0
binary md5 = 5bce6452bb5c9f89752b15a498a5de40

=== ★★★★★ NEGATIVE CONTROL (BENCH_NOLAUNCH=1) — the verifier must FIRE ===
BENCH_MODE=NOLAUNCH — ★ NEGATIVE CONTROL. Launches are SKIPPED; the verifier MUST report bad = N*N. A 0 here means the verifier is dead.
BENCH_NOLAUNCH_TOTAL_BAD=1835008
BENCH_VERDICT: PASS-NEGATIVE-CONTROL (the bw verifier FIRED with launches skipped)
NATIVE_NEGCTRL_RC=0   (0 = the verifier fired; ⊘ 3 = it is DEAD and every green below is vacuous)

=== ★★★★★ THE NATIVE MEASUREMENT ===
BENCH_BUILD sizes=[256] iters=3 batch=2 verify_every=1 nolaunch=0
BENCH_W320 batch_sweep=[] batch_reps=5 ctx_flags=0x0 hostmem=0
BENCH_W322 alloc=[hostalloc] bw=[256] bw_iters=7 bw_target_mib=256 bw_only=1 bw_reps=1
BENCH_TSTATE_AVAILABLE=yes cpu_ms=3.480698 nvcsw=0
BENCH_CLOCK_ORIGIN mono_ms=366613543.866 real_ms=1786734379231.122
BENCH_MODE=MEASURE
ok   cuInit(0)
BENCH_INIT_MS=1699.04
ok   cuDeviceGetCount(&nd)
ok   cuDeviceGet(&d,0)
BENCH_DEVICE=[NVIDIA GeForce RTX 3060]
ok   cuCtxCreate_v2(&ctx,CTXFLAGS,d)
BENCH_CTX_MS=103.65
ok   cuModuleLoadData(&mod,PTX)
BENCH_MODULE_MS=0.11
ok   cuModuleGetFunction(&fn,mod,"mm")

BENCH_BW_MODULE_RC=0
BENCH_BW_FUNC_RC=0
BW_BEGIN mib=256 nf=67108864 reps=1 bytes_per_launch=268435456 alloc=hostalloc in_ptr=0x77c3b6000000 out_ptr=0x77c3ca200000 grid=1024x256
BWITER mib=256 i=0 submit_ms=0.023 sync_ms=28.173 total_ms=28.196 bad=0
BWITER mib=256 i=1 submit_ms=0.006 sync_ms=27.924 total_ms=27.929 bad=0
BWITER mib=256 i=2 submit_ms=0.004 sync_ms=27.213 total_ms=27.217 bad=0
BWITER mib=256 i=3 submit_ms=0.004 sync_ms=29.185 total_ms=29.189 bad=0
BWITER mib=256 i=4 submit_ms=0.006 sync_ms=28.052 total_ms=28.058 bad=0
BWITER mib=256 i=5 submit_ms=0.004 sync_ms=27.795 total_ms=27.799 bad=0
BWITER mib=256 i=6 submit_ms=0.004 sync_ms=27.859 total_ms=27.863 bad=0
BWROW mib=256 alloc=hostalloc nf=67108864 reps=1 bytes=268435456 iters=7 submit_med_ms=0.004 sync_med_ms=27.924 sync_min_ms=27.213 sync_max_ms=29.185 total_med_ms=27.929 read_GBps=9.613 read_GBps_incl_submit=9.611 expect=256 got0=256 bad=0
BENCH_BW_ROWS=1
BENCH_BW_ROWS_UNMEASURED=0
BENCH_MATMUL_SKIPPED=1 (BENCH_BW_ONLY)
BENCH_CLOCK_END mono_ms=366615710.709 real_ms=1786734381397.965

BENCH_SIZES_DONE=0
BENCH_TOTAL_BAD=0
BENCH_VERDICT: PASS (every bw row verified)
DONE
NATIVE_RC=0
NATIVE_WALL_S=2

=== GPU STATE AFTER ===
0 MiB, 3 %
=== W311 NATIVE EXIT rc=0 at 2026-08-14T19:06:23+00:00 ===
