START 2026-08-11T06:32:21+00:00 tag=w251_acbb9a3_cel_hostdmesg ALL-THREE-ARMED + host-dmesg capture rev=acbb9a3
[boot_capture:w251_acbb9a3_cel_hostdmesg] host dmesg watermark: 836 lines
[boot_capture:w251_acbb9a3_cel_hostdmesg] booting (extra args: none)
[boot_capture:w251_acbb9a3_cel_hostdmesg] guest is up after 36s
[boot_capture:w251_acbb9a3_cel_hostdmesg] module unloaded and ring buffer cleared; loading cold
[boot_capture:w251_acbb9a3_cel_hostdmesg] opening the device (this is what runs RmInitAdapter)
[boot_capture:w251_acbb9a3_cel_hostdmesg] captured 34 dmesg lines, 31 NVRM, 0 adapter → /workspace/bench/run_w251_acbb9a3_cel_hostdmesg_dmesg.log
[boot_capture:w251_acbb9a3_cel_hostdmesg] --- the verdict lines ---
[boot_capture:w251_acbb9a3_cel_hostdmesg] running POST_CAPTURE_HOOK: /workspace/kayfabe_w244/scripts/bench/cup2_hook_w232.sh
[boot_capture:w251_acbb9a3_cel_hostdmesg] hook finished: rc=0
[boot_capture:w251_acbb9a3_cel_hostdmesg] host dmesg delta: 42 lines, 42 NVRM, 0
0 Xid → /workspace/bench/run_w251_acbb9a3_cel_hostdmesg_hostdmesg.log
[boot_capture:w251_acbb9a3_cel_hostdmesg] powering down (the emulated GSP's WPR2 only resets on a full QEMU restart)
[boot_capture:w251_acbb9a3_cel_hostdmesg] census present:
    2026-08-11T06:36:29.181228Z qemu-system-x86_64: info: nvkvm: doorbells: 191 arrived, 183 served, 8 REFUSED by name; last token 0x00010001 (16 logged)
    2026-08-11T06:36:29.181315Z qemu-system-x86_64: info: nvkvm:   first doorbell refusal [Route::NotACopyEngineChannel] this channel's engine is GrCompute (route HostGr), so its pushbuffer is not copy-engine work and the shell's CPU copy-engine executor is the wrong executor for it; refused by the ROUTING fact rather than decoded by a codec that can only decline
[boot_capture:w251_acbb9a3_cel_hostdmesg] evidence carried into the repo: /workspace/kayfabe_w244/traces/guest_boots/run_w251_acbb9a3_cel_hostdmesg_{qemu,dmesg,probe,hostdmesg}.log
[boot_capture:w251_acbb9a3_cel_hostdmesg] ★ NOW COMMIT THEM. `git commit -- <path>` does NOT add untracked files;
[boot_capture:w251_acbb9a3_cel_hostdmesg]   run scripts/bench/assert_boot_evidence.sh before claiming BOOTED.
[boot_capture:w251_acbb9a3_cel_hostdmesg] done. serial=/workspace/bench/run_w251_acbb9a3_cel_hostdmesg_serial.log qemu=/workspace/bench/run_w251_acbb9a3_cel_hostdmesg_qemu.log dmesg=/workspace/bench/run_w251_acbb9a3_cel_hostdmesg_dmesg.log probe=/workspace/bench/run_w251_acbb9a3_cel_hostdmesg_probe.log hostdmesg=/workspace/bench/run_w251_acbb9a3_cel_hostdmesg_hostdmesg.log
CAPTURE_RC=0
EXIT_STATUS=0
BOOTDONE
