ok    R2 version         = "595.91.07"
ok    R4 hClient         = 0xc1d00025
ok    R6 hSubdevice      = 0xcafe0002
REV_UNDER_TEST=f589ab23
info  R35 CE interrupt    = GPU 0, euid 0 — non-stall events armed through RAW RM IOCTLS ONLY (ALLOC_OS_EVENT, NV01_EVENT_OS_EVENT, EVENT_SET_NOTIFICATION), polled with epoll. No libcuda is loaded by this process
info  R35 the bar         = per interrupt leg 50 of 50: a file of the leg's positive set (its engine's own notifier or the host's default one) readable within 2000 ms, the semaphore holding the payload, every copied word verified; every file OUTSIDE the set silent; the no-interrupt control silent; the quiet window silent. ⊘ A wake is a WAKE: the semaphore is read after it
info  R35 notifier map    = CE0=23 CE1=24 CE2=25 CE3=26 CE4=27 CE5=28 CE6=29 CE7=30 CE8=31 CE9=32 FIFO_EVENT_MTHD=35 GR0=12 (indices read from the driver matrix at the host's version); copy-engine class 0xc7b5
info  R35 armed           = 12 of 12 notifiers armed [CE0,CE1,CE2,CE3,CE4,CE5,CE6,CE7,CE8,CE9,FIFO_EVENT_MTHD,GR0]
★      R35 quiet window      = nothing submitted: readable files = none (after 1 window(s), 300 ms of waiting; patience 60000 ms)
info  R35 channel source  = RM REFUSED a non-stall event whose source is the CHANNEL with status 0x1f (NV_ERR_INVALID_ARGUMENT is 0x1f): the engine non-stall lists hang off the SUBDEVICE (event_notification.c:688-703), so the events above use it
★      R35 leg ce-launch-interrupt@COPY0        = positive any of [CE0,FIFO_EVENT_MTHD,GR0]: readable 50/50 (it landed on: FIFO_EVENT_MTHD,GR0), wake_us min 71 median 177 p90 408 max 2929 (n=50); semaphore at the wake 50/50, by the bound 50/50; data verified 50/50; files OUTSIDE the set that fired: none; stale-before 0/50; repeat reports 0
R35_LATENCIES_US leg=ce-launch-interrupt@COPY0 356,86,275,80,308,71,269,79,273,81,2929,81,551,80,268,81,276,81,408,73,269,72,269,79,2395,85,269,92,270,80,268,85,289,81,263,81,275,73,2492,81,497,89,286,73,272,81,276,83,274,83
R35_LANDED_PER_TOKEN leg=ce-launch-interrupt@COPY0 FIFO_EVENT_MTHD=50/50 GR0=50/50
★      R35 leg host-non-stall-interrupt@COPY0   = positive any of [FIFO_EVENT_MTHD,GR0]: readable 50/50 (it landed on: FIFO_EVENT_MTHD,GR0), wake_us min 72 median 179 p90 304 max 2975 (n=50); semaphore at the wake 50/50, by the bound 50/50, host fence 50/50; data verified 50/50; files OUTSIDE the set that fired: none; stale-before 0/50; repeat reports 0
R35_LATENCIES_US leg=host-non-stall-interrupt@COPY0 269,80,2908,74,281,80,273,91,275,72,271,79,267,80,267,80,270,79,267,81,270,86,708,80,271,73,292,80,273,84,304,81,273,82,273,81,2975,82,495,80,269,83,271,82,356,81,277,81,277,81
R35_LANDED_PER_TOKEN leg=host-non-stall-interrupt@COPY0 FIFO_EVENT_MTHD=50/50 GR0=50/50
★      R35 leg no-interrupt-control@COPY0       = positive (none expected): readable 0/10 (it landed on: none), no wake; semaphore at the wake 0/10, by the bound 10/10; data verified 10/10; files OUTSIDE the set that fired: none; stale-before 0/10; repeat reports 0
R35_LATENCIES_US leg=no-interrupt-control@COPY0 
R35_LANDED_PER_TOKEN leg=no-interrupt-control@COPY0 
★      R35 leg ce-launch-interrupt@COPY2        = positive any of [CE2,FIFO_EVENT_MTHD]: readable 50/50 (it landed on: CE2,FIFO_EVENT_MTHD), wake_us min 70 median 78 p90 84 max 91 (n=50); semaphore at the wake 50/50, by the bound 50/50; data verified 50/50; files OUTSIDE the set that fired: none; stale-before 0/50; repeat reports 0
R35_LATENCIES_US leg=ce-launch-interrupt@COPY2 83,77,75,77,79,78,84,78,80,77,79,75,78,77,76,76,79,76,77,76,80,91,76,77,84,84,76,77,77,78,76,76,80,77,75,76,91,70,78,80,79,81,80,81,81,84,75,77,80,80
R35_LANDED_PER_TOKEN leg=ce-launch-interrupt@COPY2 CE2=50/50 FIFO_EVENT_MTHD=50/50
★      R35 leg no-interrupt-control@COPY2       = positive (none expected): readable 0/10 (it landed on: none), no wake; semaphore at the wake 0/10, by the bound 10/10; data verified 10/10; files OUTSIDE the set that fired: none; stale-before 0/10; repeat reports 0
R35_LATENCIES_US leg=no-interrupt-control@COPY2 
R35_LANDED_PER_TOKEN leg=no-interrupt-control@COPY2 
R35_OUTCOME=(P)
