ok    R2 version         = "595.91.07"
ok    R4 hClient         = 0xc1d0002b
ok    R6 hSubdevice      = 0xcafe0002
REV_UNDER_TEST=f589ab23
info  R35 CE interrupt    = GPU 0, euid 0 — non-stall events armed through RAW RM IOCTLS ONLY (ALLOC_OS_EVENT, NV01_EVENT_OS_EVENT, EVENT_SET_NOTIFICATION), polled with epoll. No libcuda is loaded by this process
info  R35 the bar         = per interrupt leg 50 of 50: a file of the leg's positive set (its engine's own notifier or the host's default one) readable within 2000 ms, the semaphore holding the payload, every copied word verified; every file OUTSIDE the set silent; the no-interrupt control silent; the quiet window silent. ⊘ A wake is a WAKE: the semaphore is read after it
info  R35 notifier map    = CE0=23 CE1=24 CE2=25 CE3=26 CE4=27 CE5=28 CE6=29 CE7=30 CE8=31 CE9=32 FIFO_EVENT_MTHD=35 GR0=12 (indices read from the driver matrix at the host's version); copy-engine class 0xc7b5
info  R35 armed           = 12 of 12 notifiers armed [CE0,CE1,CE2,CE3,CE4,CE5,CE6,CE7,CE8,CE9,FIFO_EVENT_MTHD,GR0]
★      R35 quiet window      = nothing submitted: readable files = none (after 1 window(s), 300 ms of waiting; patience 60000 ms)
info  R35 channel source  = RM REFUSED a non-stall event whose source is the CHANNEL with status 0x1f (NV_ERR_INVALID_ARGUMENT is 0x1f): the engine non-stall lists hang off the SUBDEVICE (event_notification.c:688-703), so the events above use it
★      R35 leg ce-launch-interrupt@COPY0        = positive any of [CE0,FIFO_EVENT_MTHD,GR0]: readable 50/50 (it landed on: FIFO_EVENT_MTHD,GR0), wake_us min 76 median 180 p90 298 max 2870 (n=50); semaphore at the wake 50/50, by the bound 50/50; data verified 50/50; files OUTSIDE the set that fired: none; stale-before 0/50; repeat reports 0
R35_LATENCIES_US leg=ce-launch-interrupt@COPY0 335,79,268,80,267,80,267,79,274,79,289,78,284,82,270,76,298,81,608,81,267,80,2870,79,297,80,272,94,270,80,383,76,270,81,270,81,269,81,266,81,270,80,826,81,274,80,271,80,272,80
R35_LANDED_PER_TOKEN leg=ce-launch-interrupt@COPY0 FIFO_EVENT_MTHD=50/50 GR0=50/50
★      R35 leg host-non-stall-interrupt@COPY0   = positive any of [FIFO_EVENT_MTHD,GR0]: readable 50/50 (it landed on: FIFO_EVENT_MTHD,GR0), wake_us min 74 median 176 p90 406 max 2941 (n=50); semaphore at the wake 50/50, by the bound 50/50, host fence 50/50; data verified 50/50; files OUTSIDE the set that fired: none; stale-before 0/50; repeat reports 0
R35_LATENCIES_US leg=host-non-stall-interrupt@COPY0 289,79,268,81,268,79,2770,91,271,83,268,79,274,74,502,80,269,79,262,80,2820,86,275,80,271,80,287,81,286,79,267,79,268,79,2941,80,436,79,265,79,268,81,406,80,271,79,275,79,265,81
R35_LANDED_PER_TOKEN leg=host-non-stall-interrupt@COPY0 FIFO_EVENT_MTHD=50/50 GR0=50/50
★      R35 leg no-interrupt-control@COPY0       = positive (none expected): readable 0/10 (it landed on: none), no wake; semaphore at the wake 0/10, by the bound 10/10; data verified 10/10; files OUTSIDE the set that fired: none; stale-before 0/10; repeat reports 0
R35_LATENCIES_US leg=no-interrupt-control@COPY0 
R35_LANDED_PER_TOKEN leg=no-interrupt-control@COPY0 
★      R35 leg ce-launch-interrupt@COPY2        = positive any of [CE2,FIFO_EVENT_MTHD]: readable 50/50 (it landed on: CE2,FIFO_EVENT_MTHD), wake_us min 70 median 77 p90 80 max 118 (n=50); semaphore at the wake 50/50, by the bound 50/50; data verified 50/50; files OUTSIDE the set that fired: none; stale-before 0/50; repeat reports 0
R35_LATENCIES_US leg=ce-launch-interrupt@COPY2 79,78,78,77,80,77,118,78,77,71,76,76,78,80,74,76,82,77,70,74,77,81,80,73,76,74,77,76,79,82,77,78,80,78,80,75,87,79,80,74,79,77,76,76,76,77,76,78,77,76
R35_LANDED_PER_TOKEN leg=ce-launch-interrupt@COPY2 CE2=50/50 FIFO_EVENT_MTHD=50/50
★      R35 leg no-interrupt-control@COPY2       = positive (none expected): readable 0/10 (it landed on: none), no wake; semaphore at the wake 0/10, by the bound 10/10; data verified 10/10; files OUTSIDE the set that fired: none; stale-before 0/10; repeat reports 0
R35_LATENCIES_US leg=no-interrupt-control@COPY2 
R35_LANDED_PER_TOKEN leg=no-interrupt-control@COPY2 
R35_OUTCOME=(P)
