kf3: guest driver 595.91.07 (defaulted to the host's); measured ABI: static-info Unencoded, element Pre610, init-args NineField, rm-control params@40, vgx Some((45, 3))
kf3: interrupt plane: host non-stall events -> guest vectors [GR0->Some(0) CE0->Some(0) CE1->Some(0) CE2->Some(1) CE3->Some(2) NVENC1->Some(4) NVDEC0->Some(3) OFA->Some(5)]
kf3: non-stall relay (owner ruling 2026-10-08): every host edge -> the guest vector of every event this guest ARMED, never dropped; FIFO_EVENT_MTHD -> a vector no armed engine shares, else GR0 vector Some(0) (relay=on, pacing=20000 us, loss-free; KF3_PT_NSI_RELAY / KF3_PT_NSI_MIN_INTERVAL_US)
kf3: PT-NSI host GR0 notifier wake #1: NotArmed (vector Some(0), live twins 0)
kf3: PT-NSI host FIFO_EVENT_MTHD edge #1: NotArmed (guest armed=false, vector None)
kf3: PT-NSI host GR0 notifier wake #2: NotArmed (vector Some(0), live twins 0)
kf3: PT-NSI host FIFO_EVENT_MTHD edge #2: NotArmed (guest armed=false, vector None)
kf3: PT-NSI host GR0 notifier wake #3: NotArmed (vector Some(0), live twins 0)
kf3: PT-NSI host FIFO_EVENT_MTHD edge #3: NotArmed (guest armed=false, vector None)
kf3: PT-NSI host GR0 notifier wake #4: NotArmed (vector Some(0), live twins 0)
kf3: PT-NSI host FIFO_EVENT_MTHD edge #4: NotArmed (guest armed=false, vector None)
kf3: PT-NSI host GR0 notifier wake #5: NotArmed (vector Some(0), live twins 0)
kf3: PT-NSI host FIFO_EVENT_MTHD edge #5: NotArmed (guest armed=false, vector None)
kf3: PT-NSI host GR0 notifier wake #6: NotArmed (vector Some(0), live twins 0)
kf3: PT-NSI host FIFO_EVENT_MTHD edge #6: NotArmed (guest armed=false, vector None)
kf3: PT-NSI host GR0 notifier wake #7: NotArmed (vector Some(0), live twins 0)
kf3: PT-NSI host FIFO_EVENT_MTHD edge #7: NotArmed (guest armed=false, vector None)
kf3: PT-NSI host GR0 notifier wake #8: NotArmed (vector Some(0), live twins 0)
kf3: PT-NSI host FIFO_EVENT_MTHD edge #8: NotArmed (guest armed=false, vector None)
kf3: PT-NSI host FIFO_EVENT_MTHD edge #9: NotArmed (guest armed=false, vector None)
kf3: PT-NSI host FIFO_EVENT_MTHD edge #10: NotArmed (guest armed=false, vector None)
kf3: PT-NSI host FIFO_EVENT_MTHD edge #11: NotArmed (guest armed=false, vector None)
kf3: PT-NSI host FIFO_EVENT_MTHD edge #12: NotArmed (guest armed=false, vector None)
kf3: PT-NSI host FIFO_EVENT_MTHD edge #13: NotArmed (guest armed=false, vector None)
kf3: PT-NSI host FIFO_EVENT_MTHD edge #14: NotArmed (guest armed=false, vector None)
kf3: PT-NSI host FIFO_EVENT_MTHD edge #15: NotArmed (guest armed=false, vector None)
kf3: PT-NSI host GR0 notifier wake #16: NotArmed (vector Some(0), live twins 0)
kf3: PT-NSI host FIFO_EVENT_MTHD edge #16: NotArmed (guest armed=false, vector None)
kf3: PT-NSI host GR0 notifier wake #32: NotArmed (vector Some(0), live twins 0)
kf3: PT-NSI host FIFO_EVENT_MTHD edge #32: NotArmed (guest armed=false, vector None)
kf3: PT-NSI host GR0 notifier wake #64: NotArmed (vector Some(0), live twins 0)
kf3: PT-NSI host FIFO_EVENT_MTHD edge #64: NotArmed (guest armed=false, vector None)
kf3: PT-NSI host GR0 notifier wake #128: NotArmed (vector Some(0), live twins 0)
kf3: PT-NSI host FIFO_EVENT_MTHD edge #128: NotArmed (guest armed=false, vector None)
kf3: PT-NSI host CE2 notifier wake #1: NotArmed (vector Some(1), live twins 0)
kf3: PT-NSI host CE2 notifier wake #2: NotArmed (vector Some(1), live twins 0)
kf3: PT-NSI host FIFO_EVENT_MTHD edge #256: Raise(4) (guest armed=true, vector Some(4))
kf3: PT-NSI host GR0 notifier wake #256: Raise(0) (vector Some(0), live twins 0)
kf3: PT-NSI host FIFO_EVENT_MTHD edge #512: Raise(4) (guest armed=true, vector Some(4))
kf3: PT-NSI host GR0 notifier wake #512: Raise(0) (vector Some(0), live twins 0)
kf3: PT-NSI host FIFO_EVENT_MTHD edge #1024: Raise(4) (guest armed=true, vector Some(4))
kf3: PT-NSI host GR0 notifier wake #1024: Raise(0) (vector Some(0), live twins 0)
kf3: PT-NSI host CE2 notifier wake #3: Raise(1) (vector Some(1), live twins 1)
kf3: PT-NSI host CE2 notifier wake #4: Raise(1) (vector Some(1), live twins 1)
kf3: PT-NSI host CE2 notifier wake #5: Raise(1) (vector Some(1), live twins 1)
kf3: PT-NSI host CE2 notifier wake #6: Raise(1) (vector Some(1), live twins 1)
kf3: PT-NSI host CE2 notifier wake #7: Raise(1) (vector Some(1), live twins 1)
kf3: PT-NSI host CE2 notifier wake #8: Raise(1) (vector Some(1), live twins 1)
kf3: PT-NSI host CE2 notifier wake #16: Raise(1) (vector Some(1), live twins 1)
kf3: PT-NSI host CE2 notifier wake #32: Raise(1) (vector Some(1), live twins 1)
kf3: PT-NSI host CE2 notifier wake #64: Raise(1) (vector Some(1), live twins 1)
kf3: PT-NSI host CE2 notifier wake #128: Owed (vector Some(1), live twins 1)
kf3: PT-NSI host CE2 notifier wake #256: Raise(1) (vector Some(1), live twins 1)
pt_nsi=[fifo_edges=1684 fifo_raised=1118 fifo_armed=1 sticky=0x0 edges=3275 not_armed=480 unvectored=0 relay_off=0 relay=on pacing=20000us refused=0 v0[raised=1136 coalesced_later_raised=0 late=0 owed=false] v1[raised=195 coalesced_later_raised=90 late=70 owed=true] v4[raised=1281 coalesced_later_raised=324 late=163 owed=true] GR0[vec=Some(0) armed=1 wakes=1373 not_armed=237 raised=1136 live_twins=0] CE0[vec=Some(0) armed=1 wakes=0 not_armed=0 raised=0 live_twins=1] CE1[vec=Some(0) armed=1 wakes=0 not_armed=0 raised=0 live_twins=0] CE2[vec=Some(1) armed=1 wakes=218 not_armed=2 raised=125 live_twins=1] CE3[vec=Some(2) armed=1 wakes=0 not_armed=0 raised=0 live_twins=0]] served
