kf3: interrupt plane: host non-stall events -> guest vectors [GR0->Some(0) CE0->Some(0) CE1->Some(0) CE2->Some(1) CE3->Some(2) NVENC1->Some(4) NVDEC0->Some(3) OFA->Some(5)]
kf3: non-stall relay (owner ruling 2026-10-08): every host edge -> the guest vector of every event this guest ARMED, never dropped; FIFO_EVENT_MTHD -> a vector no armed engine shares, else GR0 vector Some(0) (relay=on, pacing=off; KF3_PT_NSI_RELAY / KF3_PT_NSI_MIN_INTERVAL_US)
kf3: PT-NSI host GR0 notifier wake #1: NotArmed (vector Some(0), live twins 0)
kf3: PT-NSI host FIFO_EVENT_MTHD edge #1: NotArmed (guest armed=false, vector None)
kf3: PT-NSI host GR0 notifier wake #2: NotArmed (vector Some(0), live twins 0)
kf3: PT-NSI host FIFO_EVENT_MTHD edge #2: NotArmed (guest armed=false, vector None)
kf3: PT-NSI host GR0 notifier wake #3: NotArmed (vector Some(0), live twins 0)
kf3: PT-NSI host FIFO_EVENT_MTHD edge #3: NotArmed (guest armed=false, vector None)
kf3: PT-NSI host GR0 notifier wake #4: NotArmed (vector Some(0), live twins 0)
kf3: PT-NSI host FIFO_EVENT_MTHD edge #4: NotArmed (guest armed=false, vector None)
kf3: PT-NSI host GR0 notifier wake #5: NotArmed (vector Some(0), live twins 0)
kf3: PT-NSI host FIFO_EVENT_MTHD edge #5: NotArmed (guest armed=false, vector None)
kf3: PT-NSI host GR0 notifier wake #6: NotArmed (vector Some(0), live twins 0)
kf3: PT-NSI host FIFO_EVENT_MTHD edge #6: NotArmed (guest armed=false, vector None)
kf3: PT-NSI host GR0 notifier wake #7: NotArmed (vector Some(0), live twins 0)
kf3: PT-NSI host FIFO_EVENT_MTHD edge #7: NotArmed (guest armed=false, vector None)
kf3: PT-NSI host GR0 notifier wake #8: NotArmed (vector Some(0), live twins 0)
kf3: PT-NSI host FIFO_EVENT_MTHD edge #8: NotArmed (guest armed=false, vector None)
kf3: PT-NSI host FIFO_EVENT_MTHD edge #9: NotArmed (guest armed=false, vector None)
kf3: PT-NSI host FIFO_EVENT_MTHD edge #10: NotArmed (guest armed=false, vector None)
kf3: PT-NSI host FIFO_EVENT_MTHD edge #11: NotArmed (guest armed=false, vector None)
kf3: PT-NSI host FIFO_EVENT_MTHD edge #12: NotArmed (guest armed=false, vector None)
kf3: PT-NSI host FIFO_EVENT_MTHD edge #13: NotArmed (guest armed=false, vector None)
kf3: PT-NSI host FIFO_EVENT_MTHD edge #14: NotArmed (guest armed=false, vector None)
kf3: PT-NSI host FIFO_EVENT_MTHD edge #15: NotArmed (guest armed=false, vector None)
kf3: PT-NSI host GR0 notifier wake #16: NotArmed (vector Some(0), live twins 0)
kf3: PT-NSI host FIFO_EVENT_MTHD edge #16: NotArmed (guest armed=false, vector None)
kf3: PT-NSI host GR0 notifier wake #32: NotArmed (vector Some(0), live twins 0)
kf3: PT-NSI host FIFO_EVENT_MTHD edge #32: Raise(0) (guest armed=true, vector Some(0))
kf3: PT-NSI host CE2 notifier wake #1: NotArmed (vector Some(1), live twins 0)
kf3: PT-NSI host CE2 notifier wake #2: NotArmed (vector Some(1), live twins 0)
kf3: PT-NSI host FIFO_EVENT_MTHD edge #64: Raise(0) (guest armed=true, vector Some(0))
kf3: PT-NSI host GR0 notifier wake #64: NotArmed (vector Some(0), live twins 0)
kf3: PT-NSI host FIFO_EVENT_MTHD edge #128: Raise(0) (guest armed=true, vector Some(0))
kf3: PT-NSI host GR0 notifier wake #128: NotArmed (vector Some(0), live twins 0)
kf3: PT-NSI host CE2 notifier wake #3: Raise(1) (vector Some(1), live twins 1)
kf3: PT-NSI host CE2 notifier wake #4: Raise(1) (vector Some(1), live twins 1)
kf3: PT-NSI host CE2 notifier wake #5: Raise(1) (vector Some(1), live twins 1)
kf3: PT-NSI host CE2 notifier wake #6: Raise(1) (vector Some(1), live twins 1)
kf3: PT-NSI host CE2 notifier wake #7: Raise(1) (vector Some(1), live twins 1)
kf3: PT-NSI host CE2 notifier wake #8: Raise(1) (vector Some(1), live twins 1)
kf3: PT-NSI host CE2 notifier wake #16: Raise(1) (vector Some(1), live twins 1)
kf3: PT-NSI host FIFO_EVENT_MTHD edge #256: Raise(4) (guest armed=true, vector Some(4))
kf3: PT-NSI host CE2 notifier wake #32: Raise(1) (vector Some(1), live twins 1)
pt_nsi=[fifo_edges=274 fifo_raised=243 fifo_armed=3 sticky=0x0 kernel_nonstall_registered=2 arm_clears=1 os_event_overflowed=0 kernel_nonstall_overflowed=0 edges=548 not_armed=162 unvectored=0 relay_off=0 relay=on pacing=off refused=0 v0[raised=200 coalesced_later_raised=0 late=0 owed=false] v1[raised=43 coalesced_later_raised=0 late=0 owed=false] v4[raised=143 coalesced_later_raised=0 late=0 owed=false] GR0[vec=Some(0) armed=1 wakes=229 not_armed=129 raised=100 live_twins=0] CE0[vec=Some(0) armed=1 wakes=0 not_armed=0 raised=0 live_twins=1] CE1[vec=Some(0) armed=1 wakes=0 not_armed=0 raised=0 live_twins=0] CE2[vec=Some(1) armed=1 wakes=45 not_armed=2 raised=43 live_twins=1] CE3[vec=Some(2) armed=1 wakes=0 not_armed=0 raised=0 live_twins=0]] served
