START 2026-08-11T04:25:43+00:00 tag=w244b_acbb9a3_cel ce_executor=local rev=acbb9a3
[boot_capture:w244b_acbb9a3_cel] booting (extra args: none)
[boot_capture:w244b_acbb9a3_cel] guest is up after 34s
[boot_capture:w244b_acbb9a3_cel] module unloaded and ring buffer cleared; loading cold
[boot_capture:w244b_acbb9a3_cel] opening the device (this is what runs RmInitAdapter)
[boot_capture:w244b_acbb9a3_cel] captured 34 dmesg lines, 31 NVRM, 0 adapter → /workspace/bench/run_w244b_acbb9a3_cel_dmesg.log
[boot_capture:w244b_acbb9a3_cel] --- the verdict lines ---
[boot_capture:w244b_acbb9a3_cel] running POST_CAPTURE_HOOK: /workspace/kayfabe_w244/scripts/bench/cup2_hook_w232.sh
[boot_capture:w244b_acbb9a3_cel] hook finished: rc=0
[boot_capture:w244b_acbb9a3_cel] powering down (the emulated GSP's WPR2 only resets on a full QEMU restart)
[boot_capture:w244b_acbb9a3_cel] census present:
    2026-08-11T04:29:51.234584Z qemu-system-x86_64: info: nvkvm: doorbells: 191 arrived, 183 served, 8 REFUSED by name; last token 0x00010001 (16 logged)
    2026-08-11T04:29:51.234672Z qemu-system-x86_64: info: nvkvm:   first doorbell refusal [Route::NotACopyEngineChannel] this channel's engine is GrCompute (route HostGr), so its pushbuffer is not copy-engine work and the shell's CPU copy-engine executor is the wrong executor for it; refused by the ROUTING fact rather than decoded by a codec that can only decline
[boot_capture:w244b_acbb9a3_cel] evidence carried into the repo: /workspace/kayfabe_w244/traces/guest_boots/run_w244b_acbb9a3_cel_{qemu,dmesg,probe}.log
[boot_capture:w244b_acbb9a3_cel] ★ NOW COMMIT THEM. `git commit -- <path>` does NOT add untracked files;
[boot_capture:w244b_acbb9a3_cel]   run scripts/bench/assert_boot_evidence.sh before claiming BOOTED.
[boot_capture:w244b_acbb9a3_cel] done. serial=/workspace/bench/run_w244b_acbb9a3_cel_serial.log qemu=/workspace/bench/run_w244b_acbb9a3_cel_qemu.log dmesg=/workspace/bench/run_w244b_acbb9a3_cel_dmesg.log probe=/workspace/bench/run_w244b_acbb9a3_cel_probe.log
CAPTURE_RC=0
EXIT_STATUS=0
BOOTDONE
