=== boot_capture tag=cl_perf_6692e621_g3_cup8bench_cup8bench_1 at 2026-10-10T01:00:24+02:00 ===
=== source revision: c6fff2e3f ===
=== qemu binary: -rwxr-xr-x 1 root root 93468360 Oct 10 00:16 /var/lib/kf-windows-20261005/kf3-bins/6692e621/qemu-system-x86_64 ===
=== archive rev STAMPED IN THE BINARY: 
=== BUILD_REV.txt says (informational, NOT authoritative): 
=== helpers (KAYFABE_BENCH_HELPERS=repo) ===
    used: /var/lib/kf-windows-20261005/kayfabe-perf-harness/scripts/bench/boot_nvkvm.sh  sha256=82f88b7bb676717a
    used: /var/lib/kf-windows-20261005/kayfabe-perf-harness/scripts/bench/gssh_nv  sha256=1785ac20cc7af28d
WAS_LOADED
MODPROBE_RC=0
=== nvidia-smi (the device open) ===
Fri Oct  9 23:00:25 2026       
+-----------------------------------------------------------------------------------------+
| NVIDIA-SMI 595.84                 Driver Version: 595.84         CUDA Version: 13.2     |
+-----------------------------------------+------------------------+----------------------+
| GPU  Name                 Persistence-M | Bus-Id          Disp.A | Volatile Uncorr. ECC |
| Fan  Temp   Perf          Pwr:Usage/Cap |           Memory-Usage | GPU-Util  Compute M. |
|                                         |                        |               MIG M. |
|=========================================+========================+======================|
|   0  NVIDIA GeForce RTX 4070        Off |   00000000:00:03.0 Off |                  N/A |
| N/A   N/A  N/A             N/A  /  N/A  |       0MiB /   8192MiB |     N/A      Default |
|                                         |                        |                  N/A |
+-----------------------------------------+------------------------+----------------------+

+-----------------------------------------------------------------------------------------+
| Processes:                                                                              |
|  GPU   GI   CI              PID   Type   Process name                        GPU Memory |
|        ID   ID                                                               Usage      |
|=========================================================================================|
|  No running processes found                                                             |
+-----------------------------------------------------------------------------------------+
SMI_RC=0
=== /dev nodes (AFTER the open — they are created by it) ===
crw-rw-rw- 1 root root 237,   0 Oct  9 23:00 /dev/nvidia-uvm
crw-rw-rw- 1 root root 237,   1 Oct  9 23:00 /dev/nvidia-uvm-tools
crw-rw-rw- 1 root root 195,   0 Oct  9 23:00 /dev/nvidia0
crw-rw-rw- 1 root root 195, 255 Oct  9 23:00 /dev/nvidiactl

/dev/nvidia-caps:
total 0
drwxr-xr-x  2 root root     80 Oct  9 23:00 .
drwxr-xr-x 18 root root   4000 Oct  9 23:00 ..
cr--------  1 root root 240, 1 Oct  9 23:00 nvidia-cap1
cr--r--r--  1 root root 240, 2 Oct  9 23:00 nvidia-cap2
=== lsmod ===
nvidia_uvm           2064384  0
nvidia              14807040  1 nvidia_uvm
ecc                    45056  1 nvidia
=== POST_CAPTURE_HOOK /var/lib/kf-windows-20261005/kayfabe-perf-harness/scripts/bench/cup8bench_hook.sh at 2026-10-10T01:00:27+02:00 ===
BENCH_ONLY=measure
=== source (md5 — a run cannot silently be a different copy) ===
    /var/lib/kf-windows-20261005/kayfabe-perf-harness/scripts/bench/cup8bench.c  1124 lines  md5 6c9f86d2581016ec9d34d6a7636fc8b5
BENCH_SRC_MD5=6c9f86d2581016ec9d34d6a7636fc8b5
    ★ THE SAME FILE the native arm builds — w311_native.sh copies THIS path. The md5 is
      printed by both arms so 'same source' is a comparison, not a template sentence.
BENCH_PARAMS sizes=16,2048 iters=20 batch=100 verify=1
BENCH_W322_PARAMS hostmem=0 alloc=[] bw=[] bw_iters=7 bw_target_mib=256 bw_only=0 bw_reps=0 nolaunch=0 fill_chunk_mib=[<default:8>]

=== ★★★ GUEST PRECONDITION 1 — the PTX JIT (cuModuleLoadData needs it) ===
    /usr/lib/x86_64-linux-gnu/libnvidia-ptxjitcompiler.so
    /usr/lib/x86_64-linux-gnu/libnvidia-ptxjitcompiler.so.1
    /usr/lib/x86_64-linux-gnu/libnvidia-ptxjitcompiler.so.595.84
BENCH_JIT_PRESENT=yes

=== ★★ GUEST PRECONDITION 2 — HOST-SIDE RAM. cup8bench mallocs 3 x N^2 x 4 per size ===
    ⊘ At N=2048 that is 48 MiB of GUEST RAM. If malloc fails it prints 'OOM host' and
      exits 1 — a GUEST-IMAGE failure, not our address plane.
                   total        used        free      shared  buff/cache   available
    Mem:            1967         394        1289           0         391        1572
BENCH_GUEST_MEMFREE_MB=1295

=== push + build in the guest ===
    ⊘ cup8bench.c does NOT include <cuda.h>: it declares the Driver-API entry points it
      uses, so guest and host build it with the same one-line gcc invocation. That is
      what makes the two arms comparable at all.
BENCH_GCC_RC=0
BENCH_GUEST_SRC_MD5=6c9f86d2581016ec9d34d6a7636fc8b5

=== launch [measure] DETACHED under its own 1100s timeout ===
    LAUNCHED pid=1793
    STARTED 2026-10-09T23:00:28+00:00 epoch=1791586828
=== waiting for [measure] terminator — deadline 1220s from now ===
    [+0s] ITER N=2048 i=19 launch_ms=8.758 submit_ms=0.011 sync_ms=8.748 t0_mono_ms=11719.907 sub_cpu_ms=0.013 syn_cpu_ms=8.747 syn_offcpu_ms=0.000 syn_nvcsw=0 syn_nivcsw=0 syn_utime_ms=8.748 syn_stime_ms=0.000 verified=yes bad=0
    [+6s] ★ terminator present
BENCH_measure_TERMINATOR_SEEN=yes
BENCH_measure_HOOK_WAITED_S=6
BENCH_measure_WALL_S=2
BENCH_measure_RC=0

=== ★ [measure] FULL OUTPUT, verbatim (⚠ INDENTED — the graded lines below are NOT) ===
    BENCH_BUILD sizes=[16,2048] iters=20 batch=100 verify_every=1 nolaunch=0
    BENCH_W320 batch_sweep=[] batch_reps=5 ctx_flags=0x0 hostmem=0
    BENCH_W322 alloc=[vram] bw=[] bw_iters=7 bw_target_mib=256 bw_only=0 bw_reps=0
    BENCH_TSTATE_AVAILABLE=yes cpu_ms=1.369460 nvcsw=0
    BENCH_CLOCK_ORIGIN mono_ms=10666.394 real_ms=1791586828631.532
    BENCH_MODE=MEASURE
    ok   cuInit(0)
    BENCH_INIT_MS=479.32
    ok   cuDeviceGetCount(&nd)
    ok   cuDeviceGet(&d,0)
    BENCH_DEVICE=[NVIDIA GeForce RTX 4070]
    ok   cuCtxCreate_v2(&ctx,CTXFLAGS,d)
    BENCH_CTX_MS=262.04
    PTX_TARGET=sm_86 (device cc 8.9)
    PTX_TARGET=sm_86 (device cc 8.9)
    ok   cuModuleLoadData(&mod,PTX)
    BENCH_MODULE_MS=0.28
    ok   cuModuleGetFunction(&fn,mod,"mm")
    
    BENCH_SIZE_BEGIN N=16 per_matrix_MiB=0 device_MiB=0
    B16_ALLOC_MS=0.85
    B16_PTRS=A:0x7a0b6ec00000,B:0x7a0b6ec00400,C:0x7a0b6ec00800
    B16_H2D_MS=0.22  (2 x 0 MiB)
    B16_GRID=(1,1)x(16,16)
    ITER N=16 i=0 launch_ms=0.059 submit_ms=0.056 sync_ms=0.004 t0_mono_ms=11409.196 sub_cpu_ms=0.059 syn_cpu_ms=0.003 syn_offcpu_ms=0.000 syn_nvcsw=0 syn_nivcsw=0 syn_utime_ms=0.000 syn_stime_ms=0.003 verified=yes bad=0
    ITER N=16 i=1 launch_ms=0.014 submit_ms=0.011 sync_ms=0.003 t0_mono_ms=11409.301 sub_cpu_ms=0.013 syn_cpu_ms=0.003 syn_offcpu_ms=0.000 syn_nvcsw=0 syn_nivcsw=0 syn_utime_ms=0.000 syn_stime_ms=0.003 verified=yes bad=0
    ITER N=16 i=2 launch_ms=0.013 submit_ms=0.010 sync_ms=0.003 t0_mono_ms=11409.349 sub_cpu_ms=0.012 syn_cpu_ms=0.003 syn_offcpu_ms=0.000 syn_nvcsw=0 syn_nivcsw=0 syn_utime_ms=0.000 syn_stime_ms=0.003 verified=yes bad=0
    ITER N=16 i=3 launch_ms=0.014 submit_ms=0.010 sync_ms=0.003 t0_mono_ms=11409.392 sub_cpu_ms=0.012 syn_cpu_ms=0.003 syn_offcpu_ms=0.000 syn_nvcsw=0 syn_nivcsw=0 syn_utime_ms=0.000 syn_stime_ms=0.002 verified=yes bad=0
    ITER N=16 i=4 launch_ms=0.014 submit_ms=0.010 sync_ms=0.003 t0_mono_ms=11409.436 sub_cpu_ms=0.012 syn_cpu_ms=0.003 syn_offcpu_ms=0.000 syn_nvcsw=0 syn_nivcsw=0 syn_utime_ms=0.000 syn_stime_ms=0.003 verified=yes bad=0
    ITER N=16 i=5 launch_ms=0.013 submit_ms=0.010 sync_ms=0.003 t0_mono_ms=11409.479 sub_cpu_ms=0.012 syn_cpu_ms=0.003 syn_offcpu_ms=0.000 syn_nvcsw=0 syn_nivcsw=0 syn_utime_ms=0.000 syn_stime_ms=0.003 verified=yes bad=0
    ITER N=16 i=6 launch_ms=0.020 submit_ms=0.017 sync_ms=0.003 t0_mono_ms=11409.522 sub_cpu_ms=0.019 syn_cpu_ms=0.003 syn_offcpu_ms=0.000 syn_nvcsw=0 syn_nivcsw=0 syn_utime_ms=0.000 syn_stime_ms=0.003 verified=yes bad=0
    ITER N=16 i=7 launch_ms=0.013 submit_ms=0.010 sync_ms=0.003 t0_mono_ms=11409.572 sub_cpu_ms=0.012 syn_cpu_ms=0.003 syn_offcpu_ms=0.000 syn_nvcsw=0 syn_nivcsw=0 syn_utime_ms=0.000 syn_stime_ms=0.002 verified=yes bad=0
    ITER N=16 i=8 launch_ms=0.013 submit_ms=0.010 sync_ms=0.003 t0_mono_ms=11409.616 sub_cpu_ms=0.012 syn_cpu_ms=0.003 syn_offcpu_ms=0.000 syn_nvcsw=0 syn_nivcsw=0 syn_utime_ms=0.000 syn_stime_ms=0.003 verified=yes bad=0
    ITER N=16 i=9 launch_ms=0.013 submit_ms=0.010 sync_ms=0.003 t0_mono_ms=11409.659 sub_cpu_ms=0.012 syn_cpu_ms=0.003 syn_offcpu_ms=0.000 syn_nvcsw=0 syn_nivcsw=0 syn_utime_ms=0.000 syn_stime_ms=0.003 verified=yes bad=0
    ITER N=16 i=10 launch_ms=0.013 submit_ms=0.010 sync_ms=0.003 t0_mono_ms=11409.703 sub_cpu_ms=0.012 syn_cpu_ms=0.003 syn_offcpu_ms=0.000 syn_nvcsw=0 syn_nivcsw=0 syn_utime_ms=0.000 syn_stime_ms=0.003 verified=yes bad=0
    ITER N=16 i=11 launch_ms=0.013 submit_ms=0.010 sync_ms=0.003 t0_mono_ms=11409.746 sub_cpu_ms=0.012 syn_cpu_ms=0.003 syn_offcpu_ms=0.000 syn_nvcsw=0 syn_nivcsw=0 syn_utime_ms=0.000 syn_stime_ms=0.003 verified=yes bad=0
    ITER N=16 i=12 launch_ms=0.013 submit_ms=0.010 sync_ms=0.003 t0_mono_ms=11409.789 sub_cpu_ms=0.012 syn_cpu_ms=0.003 syn_offcpu_ms=0.000 syn_nvcsw=0 syn_nivcsw=0 syn_utime_ms=0.000 syn_stime_ms=0.002 verified=yes bad=0
    ITER N=16 i=13 launch_ms=0.013 submit_ms=0.010 sync_ms=0.003 t0_mono_ms=11409.832 sub_cpu_ms=0.012 syn_cpu_ms=0.003 syn_offcpu_ms=0.000 syn_nvcsw=0 syn_nivcsw=0 syn_utime_ms=0.000 syn_stime_ms=0.003 verified=yes bad=0
    ITER N=16 i=14 launch_ms=0.013 submit_ms=0.010 sync_ms=0.003 t0_mono_ms=11409.876 sub_cpu_ms=0.012 syn_cpu_ms=0.003 syn_offcpu_ms=0.000 syn_nvcsw=0 syn_nivcsw=0 syn_utime_ms=0.000 syn_stime_ms=0.003 verified=yes bad=0
    ITER N=16 i=15 launch_ms=0.014 submit_ms=0.010 sync_ms=0.003 t0_mono_ms=11409.925 sub_cpu_ms=0.012 syn_cpu_ms=0.003 syn_offcpu_ms=0.000 syn_nvcsw=0 syn_nivcsw=0 syn_utime_ms=0.000 syn_stime_ms=0.003 verified=yes bad=0
    ITER N=16 i=16 launch_ms=0.013 submit_ms=0.010 sync_ms=0.003 t0_mono_ms=11409.969 sub_cpu_ms=0.012 syn_cpu_ms=0.003 syn_offcpu_ms=0.000 syn_nvcsw=0 syn_nivcsw=0 syn_utime_ms=0.000 syn_stime_ms=0.002 verified=yes bad=0
    ITER N=16 i=17 launch_ms=0.014 submit_ms=0.010 sync_ms=0.003 t0_mono_ms=11410.025 sub_cpu_ms=0.013 syn_cpu_ms=0.003 syn_offcpu_ms=0.000 syn_nvcsw=0 syn_nivcsw=0 syn_utime_ms=0.003 syn_stime_ms=0.000 verified=yes bad=0
    ITER N=16 i=18 launch_ms=0.014 submit_ms=0.010 sync_ms=0.003 t0_mono_ms=11410.068 sub_cpu_ms=0.012 syn_cpu_ms=0.003 syn_offcpu_ms=0.000 syn_nvcsw=0 syn_nivcsw=0 syn_utime_ms=0.003 syn_stime_ms=0.000 verified=yes bad=0
    ITER N=16 i=19 launch_ms=0.016 submit_ms=0.010 sync_ms=0.006 t0_mono_ms=11410.112 sub_cpu_ms=0.012 syn_cpu_ms=0.006 syn_offcpu_ms=0.000 syn_nvcsw=0 syn_nivcsw=0 syn_utime_ms=0.006 syn_stime_ms=0.000 verified=yes bad=0
    
    B16_N=16
    B16_ITERS=20
    B16_FIRST_MS=0.059
    B16_MEDIAN_MS=0.013
    B16_P90_MS=0.014
    B16_MIN_MS=0.013
    B16_MAX_MS=0.020
    B16_MEAN_MS=0.014
    B16_GFLOPS=0.608
    B16_BATCH=100
    B16_BATCH_TOTAL_MS=1.021
    B16_BATCH_PER_LAUNCH_MS=0.010
    B16_BATCH_GFLOPS=0.803
    B16_BATCH_BAD=0
    B16_H2D_MS=0.217
    B16_D2H_MED_MS=0.012
    B16_ALLOC_MS2=0.852
    B16_SUBMIT_MED_MS=0.010
    B16_SYNC_MED_MS=0.003
    B16_SYNC_CPU_MED_MS=0.003
    B16_SYNC_OFFCPU_MED_MS=0.000
    B16_SYNC_NVCSW_MED=0.0
    B16_SUBMIT_CPU_MED_MS=0.012
    B16_SUBMIT_MAX_MS=0.017
    B16_SYNC_MAX_MS=0.006
    B16_WINDOW_MONO_MS=11409.196..11410.128
    B16_BAD=0
    B16_MAXERR=0
    BSUM N=16 iters=20 first_ms=0.059 med_ms=0.013 p90_ms=0.014 min_ms=0.013 max_ms=0.020 gflops=0.608 batch_per_launch_ms=0.010 batch_gflops=0.803 h2d_ms=0.217 d2h_med_ms=0.012 submit_med_ms=0.010 sync_med_ms=0.003 sync_cpu_med_ms=0.003 sync_offcpu_med_ms=0.000 sync_nvcsw_med=0.0 submit_cpu_med_ms=0.012 bad=0 maxerr=0
    BENCH_SIZE_END N=16
    
    BENCH_SIZE_BEGIN N=2048 per_matrix_MiB=16 device_MiB=48
    B2048_ALLOC_MS=3.63
    B2048_PTRS=A:0x7a0b6ec00000,B:0x7a0b5e000000,C:0x7a0b5f000000
    B2048_H2D_MS=2.94  (2 x 16 MiB)
    B2048_GRID=(128,128)x(16,16)
    ITER N=2048 i=0 launch_ms=10.129 submit_ms=0.014 sync_ms=10.115 t0_mono_ms=11442.393 sub_cpu_ms=0.017 syn_cpu_ms=10.107 syn_offcpu_ms=0.008 syn_nvcsw=0 syn_nivcsw=1 syn_utime_ms=10.000 syn_stime_ms=0.107 verified=yes bad=0
    ITER N=2048 i=1 launch_ms=10.102 submit_ms=0.011 sync_ms=10.091 t0_mono_ms=11473.665 sub_cpu_ms=0.014 syn_cpu_ms=10.091 syn_offcpu_ms=0.000 syn_nvcsw=0 syn_nivcsw=0 syn_utime_ms=10.004 syn_stime_ms=0.086 verified=yes bad=0
    ITER N=2048 i=2 launch_ms=10.102 submit_ms=0.019 sync_ms=10.083 t0_mono_ms=11487.993 sub_cpu_ms=0.021 syn_cpu_ms=10.083 syn_offcpu_ms=0.000 syn_nvcsw=0 syn_nivcsw=0 syn_utime_ms=10.082 syn_stime_ms=0.000 verified=yes bad=0
    ITER N=2048 i=3 launch_ms=10.099 submit_ms=0.010 sync_ms=10.089 t0_mono_ms=11502.313 sub_cpu_ms=0.013 syn_cpu_ms=10.089 syn_offcpu_ms=0.000 syn_nvcsw=0 syn_nivcsw=0 syn_utime_ms=10.089 syn_stime_ms=0.000 verified=yes bad=0
    ITER N=2048 i=4 launch_ms=10.111 submit_ms=0.010 sync_ms=10.101 t0_mono_ms=11516.662 sub_cpu_ms=0.013 syn_cpu_ms=10.100 syn_offcpu_ms=0.000 syn_nvcsw=0 syn_nivcsw=0 syn_utime_ms=10.100 syn_stime_ms=0.000 verified=yes bad=0
    ITER N=2048 i=5 launch_ms=10.102 submit_ms=0.011 sync_ms=10.090 t0_mono_ms=11531.010 sub_cpu_ms=0.013 syn_cpu_ms=10.090 syn_offcpu_ms=0.000 syn_nvcsw=0 syn_nivcsw=0 syn_utime_ms=10.091 syn_stime_ms=0.000 verified=yes bad=0
    ITER N=2048 i=6 launch_ms=10.104 submit_ms=0.010 sync_ms=10.094 t0_mono_ms=11545.337 sub_cpu_ms=0.013 syn_cpu_ms=10.093 syn_offcpu_ms=0.000 syn_nvcsw=0 syn_nivcsw=0 syn_utime_ms=10.094 syn_stime_ms=0.000 verified=yes bad=0
    ITER N=2048 i=7 launch_ms=10.108 submit_ms=0.011 sync_ms=10.097 t0_mono_ms=11559.672 sub_cpu_ms=0.013 syn_cpu_ms=10.097 syn_offcpu_ms=0.000 syn_nvcsw=0 syn_nivcsw=0 syn_utime_ms=10.097 syn_stime_ms=0.000 verified=yes bad=0
    ITER N=2048 i=8 launch_ms=10.107 submit_ms=0.011 sync_ms=10.096 t0_mono_ms=11574.014 sub_cpu_ms=0.013 syn_cpu_ms=10.096 syn_offcpu_ms=0.000 syn_nvcsw=0 syn_nivcsw=0 syn_utime_ms=10.096 syn_stime_ms=0.000 verified=yes bad=0
    ITER N=2048 i=9 launch_ms=10.080 submit_ms=0.010 sync_ms=10.070 t0_mono_ms=11588.389 sub_cpu_ms=0.013 syn_cpu_ms=10.069 syn_offcpu_ms=0.000 syn_nvcsw=0 syn_nivcsw=0 syn_utime_ms=10.069 syn_stime_ms=0.000 verified=yes bad=0
    ITER N=2048 i=10 launch_ms=8.759 submit_ms=0.010 sync_ms=8.749 t0_mono_ms=11602.708 sub_cpu_ms=0.013 syn_cpu_ms=8.748 syn_offcpu_ms=0.000 syn_nvcsw=0 syn_nivcsw=0 syn_utime_ms=8.749 syn_stime_ms=0.000 verified=yes bad=0
    ITER N=2048 i=11 launch_ms=8.756 submit_ms=0.010 sync_ms=8.746 t0_mono_ms=11615.706 sub_cpu_ms=0.013 syn_cpu_ms=8.745 syn_offcpu_ms=0.000 syn_nvcsw=0 syn_nivcsw=0 syn_utime_ms=8.745 syn_stime_ms=0.000 verified=yes bad=0
    ITER N=2048 i=12 launch_ms=8.758 submit_ms=0.010 sync_ms=8.747 t0_mono_ms=11628.702 sub_cpu_ms=0.013 syn_cpu_ms=8.747 syn_offcpu_ms=0.000 syn_nvcsw=0 syn_nivcsw=0 syn_utime_ms=8.747 syn_stime_ms=0.000 verified=yes bad=0
    ITER N=2048 i=13 launch_ms=8.757 submit_ms=0.010 sync_ms=8.747 t0_mono_ms=11641.674 sub_cpu_ms=0.013 syn_cpu_ms=8.747 syn_offcpu_ms=0.000 syn_nvcsw=0 syn_nivcsw=0 syn_utime_ms=8.746 syn_stime_ms=0.000 verified=yes bad=0
    ITER N=2048 i=14 launch_ms=8.759 submit_ms=0.011 sync_ms=8.748 t0_mono_ms=11654.668 sub_cpu_ms=0.013 syn_cpu_ms=8.748 syn_offcpu_ms=0.000 syn_nvcsw=0 syn_nivcsw=0 syn_utime_ms=8.748 syn_stime_ms=0.000 verified=yes bad=0
    ITER N=2048 i=15 launch_ms=8.760 submit_ms=0.011 sync_ms=8.750 t0_mono_ms=11667.680 sub_cpu_ms=0.013 syn_cpu_ms=8.750 syn_offcpu_ms=0.000 syn_nvcsw=0 syn_nivcsw=0 syn_utime_ms=8.750 syn_stime_ms=0.000 verified=yes bad=0
    ITER N=2048 i=16 launch_ms=8.762 submit_ms=0.011 sync_ms=8.752 t0_mono_ms=11680.904 sub_cpu_ms=0.013 syn_cpu_ms=8.751 syn_offcpu_ms=0.000 syn_nvcsw=0 syn_nivcsw=0 syn_utime_ms=8.752 syn_stime_ms=0.000 verified=yes bad=0
    ITER N=2048 i=17 launch_ms=8.756 submit_ms=0.011 sync_ms=8.746 t0_mono_ms=11693.925 sub_cpu_ms=0.013 syn_cpu_ms=8.745 syn_offcpu_ms=0.000 syn_nvcsw=0 syn_nivcsw=0 syn_utime_ms=8.745 syn_stime_ms=0.000 verified=yes bad=0
    ITER N=2048 i=18 launch_ms=8.757 submit_ms=0.011 sync_ms=8.747 t0_mono_ms=11706.926 sub_cpu_ms=0.013 syn_cpu_ms=8.747 syn_offcpu_ms=0.000 syn_nvcsw=0 syn_nivcsw=0 syn_utime_ms=8.747 syn_stime_ms=0.000 verified=yes bad=0
    ITER N=2048 i=19 launch_ms=8.758 submit_ms=0.011 sync_ms=8.748 t0_mono_ms=11719.907 sub_cpu_ms=0.013 syn_cpu_ms=8.747 syn_offcpu_ms=0.000 syn_nvcsw=0 syn_nivcsw=0 syn_utime_ms=8.748 syn_stime_ms=0.000 verified=yes bad=0
    
    B2048_N=2048
    B2048_ITERS=20
    B2048_FIRST_MS=10.129
    B2048_MEDIAN_MS=8.762
    B2048_P90_MS=10.107
    B2048_MIN_MS=8.756
    B2048_MAX_MS=10.111
    B2048_MEAN_MS=9.395
    B2048_GFLOPS=1960.631
    B2048_BATCH=100
    B2048_BATCH_TOTAL_MS=897.393
    B2048_BATCH_PER_LAUNCH_MS=8.974
    B2048_BATCH_GFLOPS=1914.419
    B2048_BATCH_BAD=0
    B2048_H2D_MS=2.944
    B2048_D2H_MED_MS=1.428
    B2048_ALLOC_MS2=3.634
    B2048_SUBMIT_MED_MS=0.011
    B2048_SYNC_MED_MS=8.752
    B2048_SYNC_CPU_MED_MS=8.751
    B2048_SYNC_OFFCPU_MED_MS=0.000
    B2048_SYNC_NVCSW_MED=0.0
    B2048_SUBMIT_CPU_MED_MS=0.013
    B2048_SUBMIT_MAX_MS=0.019
    B2048_SYNC_MAX_MS=10.101
    B2048_WINDOW_MONO_MS=11442.393..11728.665
    B2048_BAD=0
    B2048_MAXERR=0
    BSUM N=2048 iters=20 first_ms=10.129 med_ms=8.762 p90_ms=10.107 min_ms=8.756 max_ms=10.111 gflops=1960.631 batch_per_launch_ms=8.974 batch_gflops=1914.419 h2d_ms=2.944 d2h_med_ms=1.428 submit_med_ms=0.011 sync_med_ms=8.752 sync_cpu_med_ms=8.751 sync_offcpu_med_ms=0.000 sync_nvcsw_med=0.0 submit_cpu_med_ms=0.013 bad=0 maxerr=0
    BENCH_SIZE_END N=2048
    BENCH_CLOCK_END mono_ms=12639.493 real_ms=1791586830604.632
    
    BENCH_SIZES_DONE=2
    BENCH_TOTAL_BAD=0
    BENCH_VERDICT: PASS (every timed iteration verified)
    DONE
BENCH_MEASURE_OUT_BYTES=11914

=== ★★★★★ THE GUEST METRICS — anchored, one line per measured quantity ===
GUEST_B16_ALLOC_MS=0.85
GUEST_B16_PTRS=A:0x7a0b6ec00000,B:0x7a0b6ec00400,C:0x7a0b6ec00800
GUEST_B16_H2D_MS=0.22  (2 x 0 MiB)
GUEST_B16_GRID=(1,1)x(16,16)
GUEST_B16_N=16
GUEST_B16_ITERS=20
GUEST_B16_FIRST_MS=0.059
GUEST_B16_MEDIAN_MS=0.013
GUEST_B16_P90_MS=0.014
GUEST_B16_MIN_MS=0.013
GUEST_B16_MAX_MS=0.020
GUEST_B16_MEAN_MS=0.014
GUEST_B16_GFLOPS=0.608
GUEST_B16_BATCH=100
GUEST_B16_BATCH_TOTAL_MS=1.021
GUEST_B16_BATCH_PER_LAUNCH_MS=0.010
GUEST_B16_BATCH_GFLOPS=0.803
GUEST_B16_BATCH_BAD=0
GUEST_B16_H2D_MS=0.217
GUEST_B16_D2H_MED_MS=0.012
GUEST_B16_ALLOC_MS2=0.852
GUEST_B16_SUBMIT_MED_MS=0.010
GUEST_B16_SYNC_MED_MS=0.003
GUEST_B16_SYNC_CPU_MED_MS=0.003
GUEST_B16_SYNC_OFFCPU_MED_MS=0.000
GUEST_B16_SYNC_NVCSW_MED=0.0
GUEST_B16_SUBMIT_CPU_MED_MS=0.012
GUEST_B16_SUBMIT_MAX_MS=0.017
GUEST_B16_SYNC_MAX_MS=0.006
GUEST_B16_WINDOW_MONO_MS=11409.196..11410.128
GUEST_B16_BAD=0
GUEST_B16_MAXERR=0
GUEST_B2048_ALLOC_MS=3.63
GUEST_B2048_PTRS=A:0x7a0b6ec00000,B:0x7a0b5e000000,C:0x7a0b5f000000
GUEST_B2048_H2D_MS=2.94  (2 x 16 MiB)
GUEST_B2048_GRID=(128,128)x(16,16)
GUEST_B2048_N=2048
GUEST_B2048_ITERS=20
GUEST_B2048_FIRST_MS=10.129
GUEST_B2048_MEDIAN_MS=8.762
GUEST_B2048_P90_MS=10.107
GUEST_B2048_MIN_MS=8.756
GUEST_B2048_MAX_MS=10.111
GUEST_B2048_MEAN_MS=9.395
GUEST_B2048_GFLOPS=1960.631
GUEST_B2048_BATCH=100
GUEST_B2048_BATCH_TOTAL_MS=897.393
GUEST_B2048_BATCH_PER_LAUNCH_MS=8.974
GUEST_B2048_BATCH_GFLOPS=1914.419
GUEST_B2048_BATCH_BAD=0
GUEST_B2048_H2D_MS=2.944
GUEST_B2048_D2H_MED_MS=1.428
GUEST_B2048_ALLOC_MS2=3.634
GUEST_B2048_SUBMIT_MED_MS=0.011
GUEST_B2048_SYNC_MED_MS=8.752
GUEST_B2048_SYNC_CPU_MED_MS=8.751
GUEST_B2048_SYNC_OFFCPU_MED_MS=0.000
GUEST_B2048_SYNC_NVCSW_MED=0.0
GUEST_B2048_SUBMIT_CPU_MED_MS=0.013
GUEST_B2048_SUBMIT_MAX_MS=0.019
GUEST_B2048_SYNC_MAX_MS=10.101
GUEST_B2048_WINDOW_MONO_MS=11442.393..11728.665
GUEST_B2048_BAD=0
GUEST_B2048_MAXERR=0
GUEST_BSUM N=16 iters=20 first_ms=0.059 med_ms=0.013 p90_ms=0.014 min_ms=0.013 max_ms=0.020 gflops=0.608 batch_per_launch_ms=0.010 batch_gflops=0.803 h2d_ms=0.217 d2h_med_ms=0.012 submit_med_ms=0.010 sync_med_ms=0.003 sync_cpu_med_ms=0.003 sync_offcpu_med_ms=0.000 sync_nvcsw_med=0.0 submit_cpu_med_ms=0.012 bad=0 maxerr=0
GUEST_BSUM N=2048 iters=20 first_ms=10.129 med_ms=8.762 p90_ms=10.107 min_ms=8.756 max_ms=10.111 gflops=1960.631 batch_per_launch_ms=8.974 batch_gflops=1914.419 h2d_ms=2.944 d2h_med_ms=1.428 submit_med_ms=0.011 sync_med_ms=8.752 sync_cpu_med_ms=8.751 sync_offcpu_med_ms=0.000 sync_nvcsw_med=0.0 submit_cpu_med_ms=0.013 bad=0 maxerr=0
GUEST_BSWEEPSUM_ROWS=0
GUEST_BENCH_W320=batch_sweep=[] batch_reps=5 ctx_flags=0x0 hostmem=0
GUEST_TSTATE_AVAILABLE=yes
GUEST_BENCH_DEVICE=[NVIDIA GeForce RTX 4070]
GUEST_BENCH_INIT_MS=479.32
GUEST_BENCH_CTX_MS=262.04
GUEST_BENCH_MODULE_MS=0.28
GUEST_BENCH_TOTAL_BAD=0
GUEST_BENCH_VERDICT=PASS (every timed iteration verified)
GUEST_SIZES_DONE=2
    ⊘ GUEST_SIZES_DONE counts sizes that reached their own summary. A size that was cut
      off by the deadline is UNMEASURED — it is not a slow measurement, it is none.

=== ★ THE STAGE LADDER — how far it got (furthest ✔ before the first ✘ is the wall) ===
    ✔ BENCH_MODE
    ✔ BENCH_INIT_MS
    ✔ BENCH_DEVICE
    ✔ BENCH_CTX_MS
    ✔ BENCH_MODULE_MS
    ✔ BENCH_SIZE_BEGIN
    ✘ B512_H2D_MS
    ✘ ITER N=512
    ✘ BSUM N=512
    ✘ BSUM N=1024
    ✔ BSUM N=2048
    ✔ BENCH_TOTAL_BAD
    ✔ DONE
    ⊘ ALL ✘ means the output file is empty — a state that needs its own check, NOT 'not yet'.
=== ★ the FAIL line, if the workload named its own failure ===

=== ⊘ NEGATIVE CONTROL SKIPPED (KAYFABE_BENCH_ONLY=measure) — the measurement above
    is UNGUARDED by construction. Say so; do not report it as guarded.
GUEST_NEGCTRL_TOTAL_BAD=SKIPPED_BY_ARM

=== ★ guest dmesg tail (NVRM/Xid land here, not in the serial log) ===
    [    8.156664] NVRM: nvCheckOkFailedNoLog: Check failed: Call not supported [NV_ERR_NOT_SUPPORTED] (0x00000056) returned from _gpushareddataSendDataPollRpc(pGpu, polledDataMask, pollingIntervalMs) @ gpu_user_shared_data.c:618
    [    8.156665] NVRM: nvCheckOkFailedNoLog: Check failed: Call not supported [NV_ERR_NOT_SUPPORTED] (0x00000056) returned from _handlePollMaskHelper(pGpu, NV_FALSE, NV_FALSE) @ gpu_user_shared_data.c:688
    [    8.157467] NVRM: nvCheckFailedNoLog: Check failed: (status == NV_OK) || (status == NV_ERR_GPU_IN_FULLCHIP_RESET) @ gpu_user_shared_data.c:503
    [    8.157470] NVRM: nvCheckOkFailedNoLog: Check failed: Call not supported [NV_ERR_NOT_SUPPORTED] (0x00000056) returned from _gpushareddataSendDataPollRpc(pGpu, polledDataMask, pollingIntervalMs) @ gpu_user_shared_data.c:618
    [    8.157472] NVRM: nvCheckOkFailedNoLog: Check failed: Call not supported [NV_ERR_NOT_SUPPORTED] (0x00000056) returned from _handlePollMaskHelper(pGpu, NV_FALSE, NV_FALSE) @ gpu_user_shared_data.c:688
    [    8.159706] NVRM: rpcRmApiAlloc_GSP: GspRmAlloc failed: hClient=0xc1d00001; hParent=0xa55a0030; hObject=0xa55a0070; hClass=0x0000208f; paramsSize=0x00000000; paramsStatus=0x00000056; status=0x00000056
    [    8.205389] NVRM: nvCheckOkFailedNoLog: Check failed: Call not supported [NV_ERR_NOT_SUPPORTED] (0x00000056) returned from pRmApi->Control(pRmApi, pGpu->hInternalClient, pGpu->hInternalSubdevice, NV2080_CTRL_CMD_INTERNAL_INIT_USER_SHARED_DATA, &params, sizeof(params)) @ gpu_user_shared_data.c:248
    [   10.921465] NVRM: GPU0 nvAssertOkFailedNoLog: Assertion failed: Call not supported [NV_ERR_NOT_SUPPORTED] (0x00000056) returned from pRmApi->Control(pRmApi, pGpu->hInternalClient, pGpu->hInternalSubdevice, NV2080_CTRL_CMD_INTERNAL_INIT_USER_SHARED_DATA, &params, sizeof(params)) @ gpu_user_shared_data.c:297
    [   10.921492] NVRM: GPU0 nvAssertOkFailedNoLog: Assertion failed: Call not supported [NV_ERR_NOT_SUPPORTED] (0x00000056) returned from pRmApi->Control(pRmApi, pGpu->hInternalClient, pGpu->hInternalSubdevice, NV2080_CTRL_CMD_INTERNAL_USER_SHARED_DATA_SET_DATA_POLL, &params, sizeof(params)) @ gpu_user_shared_data.c:362
    [   10.927187] NVRM: GPU0 kperfGpuBoostSyncStateInit_IMPL: Failed to read Sync Gpu Boost init state, status=0x56
    [   10.927797] NVRM: GPU0 kperfGpuBoostSyncStateInit_IMPL: Failed to read Sync Gpu Boost init state, status=0x56
    [   10.927825] NVRM: GPU0 nvAssertOkFailedNoLog: Assertion failed: Call not supported [NV_ERR_NOT_SUPPORTED] (0x00000056) returned from pRmApi->Control(pRmApi, pGpu->hInternalClient, pGpu->hInternalSubdevice, NV2080_CTRL_CMD_INTERNAL_CE_GET_PCE_CONFIG_FOR_LCE_TYPE, &pceConfigParams, sizeof(pceConfigParams)) @ kernel_ce.c:1086
    [   10.927829] NVRM: GPU0 nvAssertOkFailedNoLog: Assertion failed: Call not supported [NV_ERR_NOT_SUPPORTED] (0x00000056) returned from kceGetPceConfigForLceType(pGpu, pKCe, NV2080_CTRL_CE_LCE_TYPE_DECOMP, &numPcesPerLce, &numLces, &supportedPceMask, &supportedLceMask, &pcesPerHshub) @ kernel_ce_gp100.c:62
    [   11.136127] NVRM: GPU0 nvCheckOkFailedNoLog: Check failed: Call not supported [NV_ERR_NOT_SUPPORTED] (0x00000056) returned from kgrobjPromoteContext(pGpu, pKernelGraphicsObject, pKernelGraphics) @ kernel_graphics_object.c:224
    [   11.136324] NVRM: GPU0 nvAssertOkFailedNoLog: Assertion failed: Call not supported [NV_ERR_NOT_SUPPORTED] (0x00000056) returned from pRmApi->AllocWithHandle(pRmApi, hClientId, KGRAPHICS_CHANNEL_HANDLE_CHANNELID, KGRAPHICS_CHANNEL_HANDLE_3DOBJ, classNum, NULL, 0) @ kernel_graphics.c:2528
    [   11.136930] NVRM: GPU0 vaListDestroy: non-zero mapCount(pVaList): 0x1
    [   11.136933] NVRM: GPU0 vaListDestroy: non-zero mapCount(pVaList): 0x1
    [   11.136934] NVRM: GPU0 vaListDestroy: non-zero mapCount(pVaList): 0x1
    [   11.136936] NVRM: GPU0 vaListDestroy: non-zero mapCount(pVaList): 0x1
    [   11.137984] NVRM: GPU0 nvCheckOkFailedNoLog: Check failed: Call not supported [NV_ERR_NOT_SUPPORTED] (0x00000056) returned from kgraphicsCreateGoldenImageChannel(pGpu, pKernelGraphics) @ kernel_graphics.c:510
    [   11.137987] NVRM: GPU0 nvAssertFailedNoLog: Assertion failed: 0 @ kernel_fifo.c:3110
    [   11.140187] NVRM: GPU0 rpcRmApiAlloc_GSP: GspRmAlloc failed: hClient=0xc1e00013; hParent=0x31415903; hObject=0x31415900; hClass=0x0000c36f; paramsSize=0x00000170; paramsStatus=0x00000056; status=0x00000056
    [   11.140190] NVRM: GPU0 nvAssertOkFailedNoLog: Assertion failed: Call not supported [NV_ERR_NOT_SUPPORTED] (0x00000056) returned from status @ kernel_channel.c:2744
    [   11.140194] NVRM: GPU0 nvAssertOkFailedNoLog: Assertion failed: Call not supported [NV_ERR_NOT_SUPPORTED] (0x00000056) returned from _kchannelSendChannelAllocRpc(pKernelChannel, pChannelGpfifoParams, pKernelChannelGroup, bFullSriov) @ kernel_channel.c:947
    [   11.140970] NVRM: GPU0 rpcRmApiAlloc_GSP: GspRmAlloc failed: hClient=0xc1e00014; hParent=0xcaf00001; hObject=0xcaf00002; hClass=0x0000402c; paramsSize=0x00000000; paramsStatus=0x00000056; status=0x00000056
    [   11.144773] NVRM: GPU0 nvCheckOkFailedNoLog: Check failed: Call not supported [NV_ERR_NOT_SUPPORTED] (0x00000056) returned from pRmApi->Control(pRmApi, pGpu->hInternalClient, pGpu->hInternalSubdevice, NV2080_CTRL_CMD_INTERNAL_STATIC_GRMGR_GET_SKYLINE_INFO, &internalParams, sizeof(internalParams)) @ subdevice_ctrl_gpu_smc.c:64
    [   12.848614] NVRM: GPU0 kgmmuClientShadowFaultBufferUnregister_IMPL: Unregistering non-replayable fault buffer failed (status=0x00000056), proceeding...
    [   12.848775] NVRM: GPU0 kgmmuFaultBufferReplayableDestroy_IMPL: Unregistering Replayable Fault buffer failed (status=0x00000056), proceeding...
    [   12.848943] NVRM: GPU0 uvmTerminateAccessCntrBuffer_IMPL: Unloading UVM Access counters failed (status=0x00000056), proceeding...
    [   12.918488] NVRM: nvCheckOkFailedNoLog: Check failed: Call not supported [NV_ERR_NOT_SUPPORTED] (0x00000056) returned from pRmApi->Control(pRmApi, pGpu->hInternalClient, pGpu->hInternalSubdevice, NV2080_CTRL_CMD_INTERNAL_INIT_USER_SHARED_DATA, &params, sizeof(params)) @ gpu_user_shared_data.c:248
GUEST_XID_COUNT=0
=== cup8bench hook DONE ===
HOOK_RC=0
=== GUEST dmesg AFTER the workload (phase 3b captured 33 lines BEFORE it) ===
GUEST_DMESG_AFTER_LINES=56
GUEST_DMESG_AFTER_NVRM=53
GUEST_DMESG_WORKLOAD_DELTA=23
=== HOST dmesg delta for this boot (watermark 1639 → 1639) ===
HOST_DMESG_LINES=0
HOST_DMESG_NVRM=0
0
HOST_DMESG_XID=0
0
