=== boot_capture tag=perf_6692e621_exit_on_r2 at 2026-10-10T01:02:36+02:00 ===
=== source revision: c6fff2e3f ===
=== qemu binary: -rwxr-xr-x 1 root root 93468360 Oct 10 00:16 /var/lib/kf-windows-20261005/kf3-bins/6692e621/qemu-system-x86_64 ===
=== archive rev STAMPED IN THE BINARY: 
=== BUILD_REV.txt says (informational, NOT authoritative): 
=== helpers (KAYFABE_BENCH_HELPERS=repo) ===
    used: /var/lib/kf-windows-20261005/kayfabe-perf-harness/scripts/bench/boot_nvkvm.sh  sha256=82f88b7bb676717a
    used: /var/lib/kf-windows-20261005/kayfabe-perf-harness/scripts/bench/gssh_nv  sha256=1785ac20cc7af28d
WAS_LOADED
MODPROBE_RC=0
=== nvidia-smi (the device open) ===
Fri Oct  9 23:02:37 2026       
+-----------------------------------------------------------------------------------------+
| NVIDIA-SMI 595.84                 Driver Version: 595.84         CUDA Version: 13.2     |
+-----------------------------------------+------------------------+----------------------+
| GPU  Name                 Persistence-M | Bus-Id          Disp.A | Volatile Uncorr. ECC |
| Fan  Temp   Perf          Pwr:Usage/Cap |           Memory-Usage | GPU-Util  Compute M. |
|                                         |                        |               MIG M. |
|=========================================+========================+======================|
|   0  NVIDIA GeForce RTX 4070        Off |   00000000:00:03.0 Off |                  N/A |
| N/A   N/A  N/A             N/A  /  N/A  |       0MiB /   8192MiB |     N/A      Default |
|                                         |                        |                  N/A |
+-----------------------------------------+------------------------+----------------------+

+-----------------------------------------------------------------------------------------+
| Processes:                                                                              |
|  GPU   GI   CI              PID   Type   Process name                        GPU Memory |
|        ID   ID                                                               Usage      |
|=========================================================================================|
|  No running processes found                                                             |
+-----------------------------------------------------------------------------------------+
SMI_RC=0
=== /dev nodes (AFTER the open — they are created by it) ===
crw-rw-rw- 1 root root 237,   0 Oct  9 23:02 /dev/nvidia-uvm
crw-rw-rw- 1 root root 237,   1 Oct  9 23:02 /dev/nvidia-uvm-tools
crw-rw-rw- 1 root root 195,   0 Oct  9 23:02 /dev/nvidia0
crw-rw-rw- 1 root root 195, 255 Oct  9 23:02 /dev/nvidiactl

/dev/nvidia-caps:
total 0
drwxr-xr-x  2 root root     80 Oct  9 23:02 .
drwxr-xr-x 18 root root   4000 Oct  9 23:02 ..
cr--------  1 root root 240, 1 Oct  9 23:02 nvidia-cap1
cr--r--r--  1 root root 240, 2 Oct  9 23:02 nvidia-cap2
=== lsmod ===
nvidia_uvm           2064384  0
nvidia              14807040  1 nvidia_uvm
ecc                    45056  1 nvidia
=== POST_CAPTURE_HOOK /var/lib/kf-windows-20261005/kayfabe-perf-harness/scripts/bench/dbfast_exit_hook.sh at 2026-10-10T01:02:39+02:00 ===
DBX_START 2026-10-10T01:02:39+02:00 probe=0x007f07ff stores=200000 extra=doorbell-ioeventfd=on,dummy-bar=on
GCC_DBX_RC=0
DBX_BDF=0000:00:03.0
DBX_probe_r1 off=0xbb0090 value=0x007f07ff stores=200000 batch=100 p50_ns=1835 p90_ns=1888 p99_ns=1910 mean_ns=1848 max_ns=2009
DBX_unknown_r1 off=0xbb0090 value=0x007f07fe stores=200000 batch=100 p50_ns=6157 p90_ns=6211 p99_ns=6562 mean_ns=6173 max_ns=8037
DBX_probe_r2 off=0xbb0090 value=0x007f07ff stores=200000 batch=100 p50_ns=1839 p90_ns=1894 p99_ns=1944 mean_ns=1856 max_ns=2151
DBX_unknown_r2 off=0xbb0090 value=0x007f07fe stores=200000 batch=100 p50_ns=6157 p90_ns=6206 p99_ns=6280 mean_ns=6159 max_ns=7015
DBX_probe_r3 off=0xbb0090 value=0x007f07ff stores=200000 batch=100 p50_ns=1835 p90_ns=1932 p99_ns=2514 mean_ns=1874 max_ns=2630
DBX_unknown_r3 off=0xbb0090 value=0x007f07fe stores=200000 batch=100 p50_ns=6158 p90_ns=6205 p99_ns=6285 mean_ns=6164 max_ns=10215
DBX_dummy_lockless off=0x8000 value=0x00000001 stores=200000 batch=100 p50_ns=5222 p90_ns=5274 p99_ns=5297 mean_ns=5220 max_ns=5469
DBX_dummy_bql off=0x9000 value=0x00000001 stores=200000 batch=100 p50_ns=5357 p90_ns=5437 p99_ns=5509 mean_ns=5362 max_ns=5614
DBX_dummy_ioeventfd off=0xa000 value=0x00000001 stores=200000 batch=100 p50_ns=1278 p90_ns=1332 p99_ns=1398 mean_ns=1293 max_ns=1695
DBX_DONE 2026-10-10T01:02:48+02:00
HOOK_RC=0
=== GUEST dmesg AFTER the workload (phase 3b captured 33 lines BEFORE it) ===
GUEST_DMESG_AFTER_LINES=33
GUEST_DMESG_AFTER_NVRM=30
GUEST_DMESG_WORKLOAD_DELTA=0
=== HOST dmesg delta for this boot (watermark 1639 → 1639) ===
HOST_DMESG_LINES=0
HOST_DMESG_NVRM=0
0
HOST_DMESG_XID=0
0
