NOISE bare r1 2026-10-10T00:41:43+02:00 load=0.26 0.85 1.87 qemu=0 gpu_mem_used_mib=9 gpu_util=0
NOISE bare r2 2026-10-10T00:42:40+02:00 load=0.63 0.86 1.80 qemu=0 gpu_mem_used_mib=9 gpu_util=0
NOISE bare r3 2026-10-10T00:43:35+02:00 load=1.46 1.00 1.79 qemu=0 gpu_mem_used_mib=9 gpu_util=0
NOISE fast r1 2026-10-10T00:44:31+02:00 load=1.17 0.99 1.74 qemu=0 gpu_mem_used_mib=9 gpu_util=0
NOISE fast r2 2026-10-10T00:47:52+02:00 load=1.18 1.07 1.62 qemu=0 gpu_mem_used_mib=9 gpu_util=0
NOISE fast r3 2026-10-10T00:51:12+02:00 load=1.16 1.09 1.52 qemu=0 gpu_mem_used_mib=9 gpu_util=52
NOISE ladder_host 2026-10-10T00:54:33+02:00 load=1.10 1.03 1.41 qemu=0 gpu_mem_used_mib=9 gpu_util=0
NOISE ladder_guest r1 cup2 2026-10-10T00:54:40+02:00 load=1.08 1.03 1.40 qemu=0 gpu_mem_used_mib=9 gpu_util=0
NOISE ladder_guest r1 cup3 2026-10-10T00:55:08+02:00 load=0.77 0.96 1.37 qemu=0 gpu_mem_used_mib=9 gpu_util=0
NOISE ladder_guest r1 cup8 2026-10-10T00:55:37+02:00 load=0.57 0.90 1.33 qemu=0 gpu_mem_used_mib=9 gpu_util=0
NOISE ladder_guest r1 cup8bench 2026-10-10T00:56:08+02:00 load=0.40 0.82 1.30 qemu=0 gpu_mem_used_mib=9 gpu_util=0
NOISE ladder_guest r2 cup2 2026-10-10T00:56:43+02:00 load=0.38 0.78 1.26 qemu=0 gpu_mem_used_mib=9 gpu_util=0
NOISE ladder_guest r2 cup3 2026-10-10T00:57:11+02:00 load=0.74 0.84 1.27 qemu=0 gpu_mem_used_mib=9 gpu_util=0
NOISE ladder_guest r2 cup8 2026-10-10T00:57:43+02:00 load=0.63 0.81 1.24 qemu=0 gpu_mem_used_mib=9 gpu_util=0
NOISE ladder_guest r2 cup8bench 2026-10-10T00:58:13+02:00 load=0.50 0.76 1.21 qemu=0 gpu_mem_used_mib=9 gpu_util=0
NOISE ladder_guest r3 cup2 2026-10-10T00:58:49+02:00 load=0.43 0.72 1.18 qemu=0 gpu_mem_used_mib=9 gpu_util=0
NOISE ladder_guest r3 cup3 2026-10-10T00:59:17+02:00 load=0.73 0.77 1.18 qemu=0 gpu_mem_used_mib=9 gpu_util=0
NOISE ladder_guest r3 cup8 2026-10-10T00:59:46+02:00 load=0.56 0.72 1.15 qemu=0 gpu_mem_used_mib=9 gpu_util=0
NOISE ladder_guest r3 cup8bench 2026-10-10T01:00:17+02:00 load=0.42 0.67 1.12 qemu=0 gpu_mem_used_mib=9 gpu_util=0
NOISE exit off r1 2026-10-10T01:00:52+02:00 load=0.59 0.69 1.11 qemu=0 gpu_mem_used_mib=9 gpu_util=0
NOISE exit on r1 2026-10-10T01:01:25+02:00 load=0.57 0.68 1.09 qemu=0 gpu_mem_used_mib=9 gpu_util=0
NOISE exit off r2 2026-10-10T01:01:55+02:00 load=0.58 0.67 1.07 qemu=0 gpu_mem_used_mib=9 gpu_util=0
NOISE exit on r2 2026-10-10T01:02:28+02:00 load=0.48 0.64 1.05 qemu=0 gpu_mem_used_mib=9 gpu_util=0
NOISE exit off r3 2026-10-10T01:02:59+02:00 load=0.52 0.64 1.04 qemu=0 gpu_mem_used_mib=9 gpu_util=0
NOISE exit on r3 2026-10-10T01:03:32+02:00 load=0.57 0.65 1.02 qemu=0 gpu_mem_used_mib=9 gpu_util=0
