=== boot_capture tag=c2fifo at 2026-10-04T11:34:38+00:00 ===
=== source revision: 9d82f259 ===
=== qemu binary: -rwxr-xr-x 1 root root 90002544 Oct  4 11:08 /workspace/bench/kf3-bins/9d82f259/qemu-system-x86_64 ===
=== archive rev STAMPED IN THE BINARY: 
=== BUILD_REV.txt says (informational, NOT authoritative): 
=== helpers (KAYFABE_BENCH_HELPERS=repo) ===
    used: /root/kayfabe/scripts/bench/boot_nvkvm.sh  sha256=82f88b7bb676717a
    used: /root/kayfabe/scripts/bench/gssh_nv  sha256=1785ac20cc7af28d
WAS_LOADED
MODPROBE_RC=0
=== nvidia-smi (the device open) ===
Sun Oct  4 11:34:46 2026       
+-----------------------------------------------------------------------------------------+
| NVIDIA-SMI 580.159.04             Driver Version: 580.159.04     CUDA Version: 13.0     |
+-----------------------------------------+------------------------+----------------------+
| GPU  Name                 Persistence-M | Bus-Id          Disp.A | Volatile Uncorr. ECC |
| Fan  Temp   Perf          Pwr:Usage/Cap |           Memory-Usage | GPU-Util  Compute M. |
|                                         |                        |               MIG M. |
|=========================================+========================+======================|
|   0  NVIDIA GeForce RTX 3060        Off |   00000000:00:02.0 Off |                  N/A |
| N/A   N/A  N/A             N/A  /  N/A  |       0MiB /   8192MiB |     N/A      Default |
|                                         |                        |                  N/A |
+-----------------------------------------+------------------------+----------------------+

+-----------------------------------------------------------------------------------------+
| Processes:                                                                              |
|  GPU   GI   CI              PID   Type   Process name                        GPU Memory |
|        ID   ID                                                               Usage      |
|=========================================================================================|
|  No running processes found                                                             |
+-----------------------------------------------------------------------------------------+
SMI_RC=0
=== /dev nodes (AFTER the open — they are created by it) ===
crw-rw-rw- 1 root root 237,   0 Oct  4 11:34 /dev/nvidia-uvm
crw-rw-rw- 1 root root 237,   1 Oct  4 11:34 /dev/nvidia-uvm-tools
crw-rw-rw- 1 root root 195,   0 Oct  4 11:34 /dev/nvidia0
crw-rw-rw- 1 root root 195, 255 Oct  4 11:34 /dev/nvidiactl

/dev/nvidia-caps:
total 0
drwxr-xr-x  2 root root     80 Oct  4 11:34 .
drwxr-xr-x 19 root root   4040 Oct  4 11:34 ..
cr--------  1 root root 240, 1 Oct  4 11:34 nvidia-cap1
cr--r--r--  1 root root 240, 2 Oct  4 11:34 nvidia-cap2
=== lsmod ===
nvidia_uvm           2166784  0
nvidia              14417920  1 nvidia_uvm
ecc                    45056  1 nvidia
=== POST_CAPTURE_HOOK /root/fifo_timing_hook.sh at 2026-10-04T11:34:48+00:00 ===
FIFO_TIMING {"frames": 1, "seconds": 4.808195, "rc": 0, "output": "Selected GPU 0: NVIDIA GeForce RTX 3060, type: DiscreteGpu\n"}
FIFO_TIMING {"frames": 480, "seconds": 18.520732, "rc": 0, "output": "Selected GPU 0: NVIDIA GeForce RTX 3060, type: DiscreteGpu\n"}
FIFO_TIMING {"frames": 960, "seconds": 34.292805, "rc": 0, "output": "Selected GPU 0: NVIDIA GeForce RTX 3060, type: DiscreteGpu\n"}
FIFO_SLOPE hz=30.4335 startup_seconds=2.7487
Traceback (most recent call last):
  File "<stdin>", line 18, in <module>
AssertionError: [{'frames': 1, 'seconds': 4.808195, 'rc': 0, 'output': 'Selected GPU 0: NVIDIA GeForce RTX 3060, type: DiscreteGpu\n'}, {'frames': 480, 'seconds': 18.520732, 'rc': 0, 'output': 'Selected GPU 0: NVIDIA GeForce RTX 3060, type: DiscreteGpu\n'}, {'frames': 960, 'seconds': 34.292805, 'rc': 0, 'output': 'Selected GPU 0: NVIDIA GeForce RTX 3060, type: DiscreteGpu\n'}]
HOOK_RC=1
=== GUEST dmesg AFTER the workload (phase 3b captured 28 lines BEFORE it) ===
GUEST_DMESG_AFTER_LINES=63
GUEST_DMESG_AFTER_NVRM=46
GUEST_DMESG_WORKLOAD_DELTA=35
=== HOST dmesg delta for this boot (watermark 808 → 809) ===
HOST_DMESG_LINES=1
HOST_DMESG_NVRM=0
0
HOST_DMESG_XID=0
0
