[2J[01;01H[=3h[2J[01;01HBdsDxe: failed to load Boot0001 "UEFI QEMU DVD-ROM QM00005 " from PciRoot(0x0)/Pci(0x1F,0x2)/Sata(0x2,0xFFFF,0x0): Not Found
BdsDxe: loading Boot0002 "UEFI Misc Device" from PciRoot(0x0)/Pci(0x3,0x0)
BdsDxe: starting Boot0002 "UEFI Misc Device" from PciRoot(0x0)/Pci(0x3,0x0)
EFI stub: Loaded initrd from LINUX_EFI_INITRD_MEDIA_GUID device path
[    0.000000] Linux version 6.8.0-142-generic (buildd@lcy02-amd64-049) (x86_64-linux-gnu-gcc-13 (Ubuntu 13.3.0-6ubuntu2~24.04.1) 13.3.0, GNU ld (GNU Binutils for Ubuntu) 2.42) #142-Ubuntu SMP PREEMPT_DYNAMIC Wed Sep  2 14:24:27 UTC 2026 (Ubuntu 6.8.0-142.142-generic 6.8.12)
[    0.000000] Command line: BOOT_IMAGE=/vmlinuz-6.8.0-142-generic root=LABEL=cloudimg-rootfs ro console=tty1 console=ttyS0
[    0.000000] KERNEL supported cpus:
[    0.000000]   Intel GenuineIntel
[    0.000000]   AMD AuthenticAMD
[    0.000000]   Hygon HygonGenuine
[    0.000000]   Centaur CentaurHauls
[    0.000000]   zhaoxin   Shanghai  
[    0.000000] BIOS-provided physical RAM map:
[    0.000000] BIOS-e820: [mem 0x0000000000000000-0x000000000009ffff] usable
[    0.000000] BIOS-e820: [mem 0x0000000000100000-0x0000000000805fff] usable
[    0.000000] BIOS-e820: [mem 0x0000000000806000-0x0000000000807fff] ACPI NVS
[    0.000000] BIOS-e820: [mem 0x0000000000808000-0x000000000080ffff] usable
[    0.000000] BIOS-e820: [mem 0x0000000000810000-0x00000000008fffff] ACPI NVS
[    0.000000] BIOS-e820: [mem 0x0000000000900000-0x000000007ee9bfff] usable
[    0.000000] BIOS-e820: [mem 0x000000007ee9c000-0x000000007ef9dfff] reserved
[    0.000000] BIOS-e820: [mem 0x000000007ef9e000-0x000000007f8edfff] usable
[    0.000000] BIOS-e820: [mem 0x000000007f8ee000-0x000000007fb6dfff] reserved
[    0.000000] BIOS-e820: [mem 0x000000007fb6e000-0x000000007fb7dfff] ACPI data
[    0.000000] BIOS-e820: [mem 0x000000007fb7e000-0x000000007fbfdfff] ACPI NVS
[    0.000000] BIOS-e820: [mem 0x000000007fbfe000-0x000000007fee3fff] usable
[    0.000000] BIOS-e820: [mem 0x000000007fee4000-0x000000007ff67fff] reserved
[    0.000000] BIOS-e820: [mem 0x000000007ff68000-0x000000007fffffff] ACPI NVS
[    0.000000] BIOS-e820: [mem 0x00000000b0000000-0x00000000bfffffff] reserved
[    0.000000] BIOS-e820: [mem 0x00000000ffc00000-0x00000000ffffffff] reserved
[    0.000000] BIOS-e820: [mem 0x0000000100000000-0x000000027fffffff] usable
[    0.000000] NX (Execute Disable) protection: active
[    0.000000] APIC: Static calls initialized
[    0.000000] extended physical RAM map:
[    0.000000] reserve setup_data: [mem 0x0000000000000000-0x000000000009ffff] usable
[    0.000000] reserve setup_data: [mem 0x0000000000100000-0x0000000000805fff] usable
[    0.000000] reserve setup_data: [mem 0x0000000000806000-0x0000000000807fff] ACPI NVS
[    0.000000] reserve setup_data: [mem 0x0000000000808000-0x000000000080ffff] usable
[    0.000000] reserve setup_data: [mem 0x0000000000810000-0x00000000008fffff] ACPI NVS
[    0.000000] reserve setup_data: [mem 0x0000000000900000-0x000000007d7fb017] usable
[    0.000000] reserve setup_data: [mem 0x000000007d7fb018-0x000000007d7fd657] usable
[    0.000000] reserve setup_data: [mem 0x000000007d7fd658-0x000000007d7fe017] usable
[    0.000000] reserve setup_data: [mem 0x000000007d7fe018-0x000000007d825457] usable
[    0.000000] reserve setup_data: [mem 0x000000007d825458-0x000000007ee9bfff] usable
[    0.000000] reserve setup_data: [mem 0x000000007ee9c000-0x000000007ef9dfff] reserved
[    0.000000] reserve setup_data: [mem 0x000000007ef9e000-0x000000007f8edfff] usable
[    0.000000] reserve setup_data: [mem 0x000000007f8ee000-0x000000007fb6dfff] reserved
[    0.000000] reserve setup_data: [mem 0x000000007fb6e000-0x000000007fb7dfff] ACPI data
[    0.000000] reserve setup_data: [mem 0x000000007fb7e000-0x000000007fbfdfff] ACPI NVS
[    0.000000] reserve setup_data: [mem 0x000000007fbfe000-0x000000007fee3fff] usable
[    0.000000] reserve setup_data: [mem 0x000000007fee4000-0x000000007ff67fff] reserved
[    0.000000] reserve setup_data: [mem 0x000000007ff68000-0x000000007fffffff] ACPI NVS
[    0.000000] reserve setup_data: [mem 0x00000000b0000000-0x00000000bfffffff] reserved
[    0.000000] reserve setup_data: [mem 0x00000000ffc00000-0x00000000ffffffff] reserved
[    0.000000] reserve setup_data: [mem 0x0000000100000000-0x000000027fffffff] usable
[    0.000000] efi: EFI v2.7 by EDK II
[    0.000000] efi: SMBIOS=0x7f922000 ACPI=0x7fb7d000 ACPI 2.0=0x7fb7d014 MEMATTR=0x7e90c518 MOKvar=0x7f91c000 INITRD=0x7e905498 
[    0.000000] efi: Remove mem152: MMIO range=[0xffc00000-0xffffffff] (4MB) from e820 map
[    0.000000] secureboot: Secure boot disabled
[    0.000000] SMBIOS 2.8 present.
[    0.000000] DMI: QEMU Standard PC (Q35 + ICH9, 2009), BIOS 0.0.0 02/06/2015
[    0.000000] Hypervisor detected: KVM
[    0.000000] kvm-clock: Using msrs 4b564d01 and 4b564d00
[    0.000001] kvm-clock: using sched offset of 26979883018 cycles
[    0.000005] clocksource: kvm-clock: mask: 0xffffffffffffffff max_cycles: 0x1cd42e4dffb, max_idle_ns: 881590591483 ns
[    0.000009] tsc: Detected 2299.984 MHz processor
[    0.001173] last_pfn = 0x280000 max_arch_pfn = 0x400000000
[    0.001768] MTRR map: 4 entries (2 fixed + 2 variable; max 18), built from 8 variable MTRRs
[    0.001789] x86/PAT: Configuration [0-7]: WB  WC  UC- UC  WB  WP  UC- WT  
[    0.002499] last_pfn = 0x7fee4 max_arch_pfn = 0x400000000
[    0.019205] Using GB pages for direct mapping
[    0.019781] secureboot: Secure boot disabled
[    0.019784] RAMDISK: [mem 0x7731b000-0x79062fff]
[    0.019965] ACPI: Early table checksum verification disabled
[    0.019971] ACPI: RSDP 0x000000007FB7D014 000024 (v02 BOCHS )
[    0.019977] ACPI: XSDT 0x000000007FB7C0E8 000054 (v01 BOCHS  BXPC     00000001      01000013)
[    0.019985] ACPI: FACP 0x000000007FB78000 0000F4 (v03 BOCHS  BXPC     00000001 BXPC 00000001)
[    0.020031] ACPI: DSDT 0x000000007FB79000 0021A8 (v01 BOCHS  BXPC     00000001 BXPC 00000001)
[    0.020080] ACPI: FACS 0x000000007FBDC000 000040
[    0.020111] ACPI: APIC 0x000000007FB77000 000088 (v03 BOCHS  BXPC     00000001 BXPC 00000001)
[    0.020143] ACPI: HPET 0x000000007FB76000 000038 (v01 BOCHS  BXPC     00000001 BXPC 00000001)
[    0.020175] ACPI: MCFG 0x000000007FB75000 00003C (v01 BOCHS  BXPC     00000001 BXPC 00000001)
[    0.020205] ACPI: WAET 0x000000007FB74000 000028 (v01 BOCHS  BXPC     00000001 BXPC 00000001)
[    0.020251] ACPI: BGRT 0x000000007FB73000 000038 (v01 INTEL  EDK2     00000002      01000013)
[    0.020256] ACPI: Reserving FACP table memory at [mem 0x7fb78000-0x7fb780f3]
[    0.020258] ACPI: Reserving DSDT table memory at [mem 0x7fb79000-0x7fb7b1a7]
[    0.020259] ACPI: Reserving FACS table memory at [mem 0x7fbdc000-0x7fbdc03f]
[    0.020260] ACPI: Reserving APIC table memory at [mem 0x7fb77000-0x7fb77087]
[    0.020261] ACPI: Reserving HPET table memory at [mem 0x7fb76000-0x7fb76037]
[    0.020263] ACPI: Reserving MCFG table memory at [mem 0x7fb75000-0x7fb7503b]
[    0.020264] ACPI: Reserving WAET table memory at [mem 0x7fb74000-0x7fb74027]
[    0.020265] ACPI: Reserving BGRT table memory at [mem 0x7fb73000-0x7fb73037]
[    0.023491] No NUMA configuration found
[    0.023494] Faking a node at [mem 0x0000000000000000-0x000000027fffffff]
[    0.023503] NODE_DATA(0) allocated [mem 0x27ffd5000-0x27fffffff]
[    0.025212] Zone ranges:
[    0.025214]   DMA      [mem 0x0000000000001000-0x0000000000ffffff]
[    0.025216]   DMA32    [mem 0x0000000001000000-0x00000000ffffffff]
[    0.025218]   Normal   [mem 0x0000000100000000-0x000000027fffffff]
[    0.025220]   Device   empty
[    0.025221] Movable zone start for each node
[    0.025224] Early memory node ranges
[    0.025224]   node   0: [mem 0x0000000000001000-0x000000000009ffff]
[    0.025226]   node   0: [mem 0x0000000000100000-0x0000000000805fff]
[    0.025227]   node   0: [mem 0x0000000000808000-0x000000000080ffff]
[    0.025228]   node   0: [mem 0x0000000000900000-0x000000007ee9bfff]
[    0.025229]   node   0: [mem 0x000000007ef9e000-0x000000007f8edfff]
[    0.025230]   node   0: [mem 0x000000007fbfe000-0x000000007fee3fff]
[    0.025231]   node   0: [mem 0x0000000100000000-0x000000027fffffff]
[    0.025234] Initmem setup node 0 [mem 0x0000000000001000-0x000000027fffffff]
[    0.025361] On node 0, zone DMA: 1 pages in unavailable ranges
[    0.026197] On node 0, zone DMA: 96 pages in unavailable ranges
[    0.026200] On node 0, zone DMA: 2 pages in unavailable ranges
[    0.027092] On node 0, zone DMA: 240 pages in unavailable ranges
[    0.265742] On node 0, zone DMA32: 258 pages in unavailable ranges
[    0.266411] On node 0, zone DMA32: 784 pages in unavailable ranges
[    1.020244] On node 0, zone Normal: 284 pages in unavailable ranges
[    1.025710] ACPI: PM-Timer IO Port: 0x608
[    1.025764] ACPI: LAPIC_NMI (acpi_id[0xff] dfl dfl lint[0x1])
[    1.026060] IOAPIC[0]: apic_id 0, version 17, address 0xfec00000, GSI 0-23
[    1.026069] ACPI: INT_SRC_OVR (bus 0 bus_irq 0 global_irq 2 dfl dfl)
[    1.026072] ACPI: INT_SRC_OVR (bus 0 bus_irq 5 global_irq 5 high level)
[    1.026074] ACPI: INT_SRC_OVR (bus 0 bus_irq 9 global_irq 9 high level)
[    1.026075] ACPI: INT_SRC_OVR (bus 0 bus_irq 10 global_irq 10 high level)
[    1.026077] ACPI: INT_SRC_OVR (bus 0 bus_irq 11 global_irq 11 high level)
[    1.026083] ACPI: Using ACPI (MADT) for SMP configuration information
[    1.026085] ACPI: HPET id: 0x8086a201 base: 0xfed00000
[    1.026258] TSC deadline timer available
[    1.026260] smpboot: Allowing 3 CPUs, 0 hotplug CPUs
[    1.026343] kvm-guest: APIC: eoi() replaced with kvm_guest_apic_eoi_write()
[    1.026416] kvm-guest: KVM setup pv remote TLB flush
[    1.026461] kvm-guest: setup PV sched yield
[    1.026509] PM: hibernation: Registered nosave memory: [mem 0x00000000-0x00000fff]
[    1.026513] PM: hibernation: Registered nosave memory: [mem 0x000a0000-0x000fffff]
[    1.026515] PM: hibernation: Registered nosave memory: [mem 0x00806000-0x00807fff]
[    1.026517] PM: hibernation: Registered nosave memory: [mem 0x00810000-0x008fffff]
[    1.026519] PM: hibernation: Registered nosave memory: [mem 0x7d868000-0x7d870fff]
[    1.026521] PM: hibernation: Registered nosave memory: [mem 0x7ee9c000-0x7ef9dfff]
[    1.026523] PM: hibernation: Registered nosave memory: [mem 0x7f8ee000-0x7fbfdfff]
[    1.026526] PM: hibernation: Registered nosave memory: [mem 0x7fee4000-0xffffffff]
[    1.026528] [mem 0xc0000000-0xffffffff] available for PCI devices
[    1.026530] Booting paravirtualized kernel on KVM
[    1.026533] clocksource: refined-jiffies: mask: 0xffffffff max_cycles: 0xffffffff, max_idle_ns: 1910969940391419 ns
[    1.026542] setup_percpu: NR_CPUS:8192 nr_cpumask_bits:3 nr_cpu_ids:3 nr_node_ids:1
[    1.043395] percpu: Embedded 86 pages/cpu s229376 r8192 d114688 u524288
[    1.043743] kvm-guest: PV spinlocks enabled
[    1.043748] PV qspinlock hash table entries: 256 (order: 0, 4096 bytes, linear)
[    1.043753] Kernel command line: BOOT_IMAGE=/vmlinuz-6.8.0-142-generic root=LABEL=cloudimg-rootfs ro console=tty1 console=ttyS0
[    1.043821] random: crng init done
[    1.106653] Dentry cache hash table entries: 1048576 (order: 11, 8388608 bytes, linear)
[    1.139154] Inode-cache hash table entries: 524288 (order: 10, 4194304 bytes, linear)
[    1.139682] Fallback order for Node 0: 0 
[    1.139689] Built 1 zonelists, mobility grouping on.  Total pages: 2060793
[    1.139692] Policy zone: Normal
[    1.139703] mem auto-init: stack:all(zero), heap alloc:on, heap free:off
[    1.139709] software IO TLB: area num 4.
[    1.682991] Memory: 8039380K/8381948K available (22528K kernel code, 4441K rwdata, 14428K rodata, 4932K init, 4776K bss, 342308K reserved, 0K cma-reserved)
[    1.685826] SLUB: HWalign=64, Order=0-3, MinObjects=0, CPUs=3, Nodes=1
[    1.685985] Kernel/User page tables isolation: enabled
[    1.686543] ftrace: allocating 58336 entries in 228 pages
[    1.706038] ftrace: allocated 228 pages with 4 groups
[    1.709511] Dynamic Preempt: voluntary
[    1.710665] rcu: Preemptible hierarchical RCU implementation.
[    1.710667] rcu: 	RCU restricting CPUs from NR_CPUS=8192 to nr_cpu_ids=3.
[    1.710669] 	Trampoline variant of Tasks RCU enabled.
[    1.710670] 	Rude variant of Tasks RCU enabled.
[    1.710671] 	Tracing variant of Tasks RCU enabled.
[    1.710672] rcu: RCU calculated value of scheduler-enlistment delay is 100 jiffies.
[    1.710673] rcu: Adjusting geometry for rcu_fanout_leaf=16, nr_cpu_ids=3
[    1.710833] RCU Tasks: Setting shift to 2 and lim to 1 rcu_task_cb_adjust=1 rcu_task_cpu_ids=3.
[    1.710837] RCU Tasks Rude: Setting shift to 2 and lim to 1 rcu_task_cb_adjust=1 rcu_task_cpu_ids=3.
[    1.710840] RCU Tasks Trace: Setting shift to 2 and lim to 1 rcu_task_cb_adjust=1 rcu_task_cpu_ids=3.
[    1.718579] NR_IRQS: 524544, nr_irqs: 448, preallocated irqs: 16
[    1.719546] rcu: srcu_init: Setting srcu_struct sizes based on contention.
[    1.720227] Console: colour dummy device 80x25
[    1.720231] printk: legacy console [tty1] enabled
[    1.720944] printk: legacy console [ttyS0] enabled
[    3.083619] ACPI: Core revision 20230628
[    3.089562] clocksource: hpet: mask: 0xffffffff max_cycles: 0xffffffff, max_idle_ns: 19112604467 ns
[    3.100307] APIC: Switch to symmetric I/O mode setup
[    3.108951] x2apic enabled
[    3.115477] APIC: Switched APIC routing to: physical x2apic
[    3.122499] kvm-guest: APIC: send_IPI_mask() replaced with kvm_send_ipi_mask()
[    3.131387] kvm-guest: APIC: send_IPI_mask_allbutself() replaced with kvm_send_ipi_mask_allbutself()
[    3.142683] kvm-guest: setup PV IPIs
[    3.157831] ..TIMER: vector=0x30 apic1=0 pin1=2 apic2=-1 pin2=-1
[    3.165273] clocksource: tsc-early: mask: 0xffffffffffffffff max_cycles: 0x2127261b4bf, max_idle_ns: 440795216806 ns
[    3.177624] Calibrating delay loop (skipped) preset value.. 4599.96 BogoMIPS (lpj=2299984)
[    3.181662] x86/cpu: User Mode Instruction Prevention (UMIP) activated
[    3.183825] Last level iTLB entries: 4KB 0, 2MB 0, 4MB 0
[    3.184625] Last level dTLB entries: 4KB 0, 2MB 0, 4MB 0, 1GB 0
[    3.185670] Spectre V1 : Mitigation: usercopy/swapgs barriers and __user pointer sanitization
[    3.186627] Spectre V2 : Mitigation: Retpolines
[    3.187626] Spectre V2 : Spectre v2 / SpectreRSB: Filling RSB on context switch and VMEXIT
[    3.188626] Spectre V2 : Enabling Restricted Speculation for firmware calls
[    3.189696] Spectre V2 : mitigation: Enabling conditional Indirect Branch Prediction Barrier
[    3.190627] Speculative Store Bypass: Mitigation: Speculative Store Bypass disabled via prctl
[    3.191665] MDS: Mitigation: Clear CPU buffers
[    3.192627] TAA: Mitigation: Clear CPU buffers
[    3.193629] MMIO Stale Data: Vulnerable: Clear CPU buffers attempted, no microcode
[    3.194630] active return thunk: its_return_thunk
[    3.195626] ITS: Mitigation: Aligned branch/return thunks
[    3.196758] x86/fpu: Supporting XSAVE feature 0x001: 'x87 floating point registers'
[    3.197630] x86/fpu: Supporting XSAVE feature 0x002: 'SSE registers'
[    3.198627] x86/fpu: Supporting XSAVE feature 0x004: 'AVX registers'
[    3.199628] x86/fpu: xstate_offset[2]:  576, xstate_sizes[2]:  256
[    3.200628] x86/fpu: Enabled xstate features 0x7, context size is 832 bytes, using 'standard' format.
[    3.238134] Freeing SMP alternatives memory: 48K
[    3.238630] pid_max: default: 32768 minimum: 301
[    3.245048] LSM: initializing lsm=lockdown,capability,landlock,yama,apparmor,integrity
[    3.245724] landlock: Up and running.
[    3.246625] Yama: becoming mindful.
[    3.248788] AppArmor: AppArmor initialized
[    3.250778] Mount-cache hash table entries: 16384 (order: 5, 131072 bytes, linear)
[    3.253666] Mountpoint-cache hash table entries: 16384 (order: 5, 131072 bytes, linear)
[    3.261224] smpboot: CPU0: Intel(R) Xeon(R) CPU E5-2673 v4 @ 2.30GHz (family: 0x6, model: 0x4f, stepping: 0x1)
[    3.265352] Performance Events: Broadwell events, full-width counters, Intel PMU driver.
[    3.266665] ... version:                2
[    3.267642] ... bit width:              48
[    3.268642] ... generic registers:      4
[    3.269640] ... value mask:             0000ffffffffffff
[    3.270643] ... max period:             00007fffffffffff
[    3.271642] ... fixed-purpose events:   3
[    3.272641] ... event mask:             000000070000000f
[    3.274133] signal: max sigframe size: 1776
[    3.275419] rcu: Hierarchical SRCU implementation.
[    3.275642] rcu: 	Max phase no-delay instances is 400.
[    3.282527] smp: Bringing up secondary CPUs ...
[    3.284523] smpboot: x86: Booting SMP configuration:
[    3.284645] .... node  #0, CPUs:      #1 #2
[    3.301937] smp: Brought up 1 node, 3 CPUs
[    3.303641] smpboot: Max logical packages: 1
[    3.304644] smpboot: Total of 3 processors activated (13799.90 BogoMIPS)
[    3.309646] devtmpfs: initialized
[    3.310947] x86/mm: Memory block size: 128MB
[    3.319785] ACPI: PM: Registering ACPI NVS region [mem 0x00806000-0x00807fff] (8192 bytes)
[    3.320643] ACPI: PM: Registering ACPI NVS region [mem 0x00810000-0x008fffff] (983040 bytes)
[    3.321781] ACPI: PM: Registering ACPI NVS region [mem 0x7fb7e000-0x7fbfdfff] (524288 bytes)
[    3.322734] ACPI: PM: Registering ACPI NVS region [mem 0x7ff68000-0x7fffffff] (622592 bytes)
[    3.323964] clocksource: jiffies: mask: 0xffffffff max_cycles: 0xffffffff, max_idle_ns: 1911260446275000 ns
[    3.325097] futex hash table entries: 1024 (order: 4, 65536 bytes, linear)
[    3.325859] pinctrl core: initialized pinctrl subsystem
[    3.327639] PM: RTC time: 11:08:02, date: 2026-10-04
[    3.347884] NET: Registered PF_NETLINK/PF_ROUTE protocol family
[    3.357700] DMA: preallocated 1024 KiB GFP_KERNEL pool for atomic allocations
[    3.366324] DMA: preallocated 1024 KiB GFP_KERNEL|GFP_DMA pool for atomic allocations
[    3.375078] DMA: preallocated 1024 KiB GFP_KERNEL|GFP_DMA32 pool for atomic allocations
[    3.375655] audit: initializing netlink subsys (disabled)
[    3.377807] audit: type=2000 audit(1791112080.649:1): state=initialized audit_enabled=0 res=1
[    3.378683] thermal_sys: Registered thermal governor 'fair_share'
[    3.379643] thermal_sys: Registered thermal governor 'bang_bang'
[    3.380640] thermal_sys: Registered thermal governor 'step_wise'
[    3.381641] thermal_sys: Registered thermal governor 'user_space'
[    3.382642] thermal_sys: Registered thermal governor 'power_allocator'
[    3.383669] cpuidle: using governor ladder
[    3.385649] cpuidle: using governor menu
[    3.388602] efi: Freeing EFI boot services memory: 47196K
[    3.388650] acpiphp: ACPI Hot Plug PCI Controller Driver version: 0.5
[    3.391524] PCI: ECAM [mem 0xb0000000-0xbfffffff] (base 0xb0000000) for domain 0000 [bus 00-ff]
[    3.391663] PCI: ECAM [mem 0xb0000000-0xbfffffff] reserved as E820 entry
[    3.392706] PCI: Using configuration type 1 for base access
[    3.394331] kprobes: kprobe jump-optimization is enabled. All kprobes are optimized if possible.
[    3.403891] HugeTLB: registered 1.00 GiB page size, pre-allocated 0 pages
[    3.420679] HugeTLB: 16380 KiB vmemmap can be freed for a 1.00 GiB page
[    3.437686] HugeTLB: registered 2.00 MiB page size, pre-allocated 0 pages
[    3.450670] HugeTLB: 28 KiB vmemmap can be freed for a 2.00 MiB page
[    3.466054] fbcon: Taking over console
[    3.466708] ACPI: Added _OSI(Module Device)
[    3.467643] ACPI: Added _OSI(Processor Device)
[    3.468644] ACPI: Added _OSI(Processor Aggregator Device)
[    3.472735] ACPI: 1 ACPI AML tables successfully acquired and loaded
[    3.477929] ACPI: _OSC evaluation for CPUs failed, trying _PDC
[    3.478801] ACPI: Interpreter enabled
[    3.479657] ACPI: PM: (supports S0 S3 S4 S5)
[    3.480642] ACPI: Using IOAPIC for interrupt routing
[    3.481832] PCI: Using host bridge windows from ACPI; if necessary, use "pci=nocrs" and report a bug
[    3.482642] PCI: Using E820 reservations for host bridge windows
[    3.483931] ACPI: Enabled 2 GPEs in block 00 to 3F
[    3.492849] ACPI: PCI Root Bridge [PCI0] (domain 0000 [bus 00-ff])
[    3.493665] acpi PNP0A08:00: _OSC: OS supports [ExtendedConfig ASPM ClockPM Segments MSI EDR HPX-Type3]
[    3.494737] acpi PNP0A08:00: _OSC: platform does not support [PCIeHotplug LTR DPC]
[    3.495729] acpi PNP0A08:00: _OSC: OS now controls [SHPCHotplug PME AER PCIeCapability]
[    3.497651] PCI host bridge to bus 0000:00
[    3.498642] pci_bus 0000:00: root bus resource [io  0x0000-0x0cf7 window]
[    3.499642] pci_bus 0000:00: root bus resource [io  0x0d00-0xffff window]
[    3.500642] pci_bus 0000:00: root bus resource [mem 0x000a0000-0x000bffff window]
[    3.501642] pci_bus 0000:00: root bus resource [mem 0x80000000-0xafffffff window]
[    3.502647] pci_bus 0000:00: root bus resource [mem 0xc0000000-0xfebfffff window]
[    3.503658] pci_bus 0000:00: root bus resource [mem 0x800000000-0xfffffffff window]
[    3.504660] pci_bus 0000:00: root bus resource [bus 00-ff]
[    3.506415] pci 0000:00:00.0: [8086:29c0] type 00 class 0x060000 conventional PCI endpoint
[    3.513294] pci 0000:00:01.0: [1af4:1000] type 00 class 0x020000 conventional PCI endpoint
[    3.517654] pci 0000:00:01.0: BAR 0 [io  0x60e0-0x60ff]
[    3.518724] pci 0000:00:01.0: BAR 1 [mem 0xc1046000-0xc1046fff]
[    3.519948] pci 0000:00:01.0: BAR 4 [mem 0x80a000000-0x80a003fff 64bit pref]
[    3.520779] pci 0000:00:01.0: ROM [mem 0xfffc0000-0xffffffff pref]
[    3.527924] pci 0000:00:02.0: [10de:2504] type 00 class 0x030000 conventional PCI endpoint
[    3.534515] pci 0000:00:02.0: BAR 0 [mem 0xc0000000-0xc0ffffff]
[    3.536186] pci 0000:00:02.0: BAR 1 [mem 0x800000000-0x807ffffff 64bit pref]
[    3.536927] pci 0000:00:02.0: BAR 3 [mem 0x808000000-0x809ffffff 64bit pref]
[    3.537719] pci 0000:00:02.0: BAR 5 [mem 0xc1040000-0xc1043fff]
[    3.538763] pci 0000:00:02.0: ROM [mem 0xffffc000-0xffffffff pref]
[    3.542638] pci 0000:00:02.0: Video device with shadowed ROM at [mem 0x000c0000-0x000dffff]
[    3.554606] pci 0000:00:03.0: [1af4:1001] type 00 class 0x010000 conventional PCI endpoint
[    3.559746] pci 0000:00:03.0: BAR 0 [io  0x6000-0x607f]
[    3.560727] pci 0000:00:03.0: BAR 1 [mem 0xc1045000-0xc1045fff]
[    3.562063] pci 0000:00:03.0: BAR 4 [mem 0x80a004000-0x80a007fff 64bit pref]
[    3.684320] pci 0000:00:1f.0: [8086:2918] type 00 class 0x060100 conventional PCI endpoint
[    3.689014] pci 0000:00:1f.0: quirk: [io  0x0600-0x067f] claimed by ICH6 ACPI/GPIO/TCO
[    3.692464] pci 0000:00:1f.2: [8086:2922] type 00 class 0x010601 conventional PCI endpoint
[    3.697031] pci 0000:00:1f.2: BAR 4 [io  0x60c0-0x60df]
[    3.697824] pci 0000:00:1f.2: BAR 5 [mem 0xc1044000-0xc1044fff]
[    3.702923] pci 0000:00:1f.3: [8086:2930] type 00 class 0x0c0500 conventional PCI endpoint
[    3.707807] pci 0000:00:1f.3: BAR 4 [io  0x6080-0x60bf]
[    3.728146] ACPI: PCI: Interrupt link LNKA configured for IRQ 10
[    3.729237] ACPI: PCI: Interrupt link LNKB configured for IRQ 10
[    3.730133] ACPI: PCI: Interrupt link LNKC configured for IRQ 11
[    3.731088] ACPI: PCI: Interrupt link LNKD configured for IRQ 11
[    3.732196] ACPI: PCI: Interrupt link LNKE configured for IRQ 10
[    3.733179] ACPI: PCI: Interrupt link LNKF configured for IRQ 10
[    3.734150] ACPI: PCI: Interrupt link LNKG configured for IRQ 11
[    3.735135] ACPI: PCI: Interrupt link LNKH configured for IRQ 11
[    3.735889] ACPI: PCI: Interrupt link GSIA configured for IRQ 16
[    3.736657] ACPI: PCI: Interrupt link GSIB configured for IRQ 17
[    3.737727] ACPI: PCI: Interrupt link GSIC configured for IRQ 18
[    3.738685] ACPI: PCI: Interrupt link GSID configured for IRQ 19
[    3.739683] ACPI: PCI: Interrupt link GSIE configured for IRQ 20
[    3.740686] ACPI: PCI: Interrupt link GSIF configured for IRQ 21
[    3.741684] ACPI: PCI: Interrupt link GSIG configured for IRQ 22
[    3.742656] ACPI: PCI: Interrupt link GSIH configured for IRQ 23
[    3.759756] iommu: Default domain type: Translated
[    3.760691] iommu: DMA domain TLB invalidation policy: lazy mode
[    3.765980] SCSI subsystem initialized
[    3.768704] ACPI: bus type USB registered
[    3.769946] usbcore: registered new interface driver usbfs
[    3.770738] usbcore: registered new interface driver hub
[    3.771686] usbcore: registered new device driver usb
[    3.773049] pps_core: LinuxPPS API ver. 1 registered
[    3.773642] pps_core: Software ver. 5.3.6 - Copyright 2005-2007 Rodolfo Giometti <giometti@linux.it>
[    3.774655] PTP clock support registered
[    3.778847] EDAC MC: Ver: 3.0.0
[    3.788735] efivars: Registered efivars operations
[    3.820398] NetLabel: Initializing
[    3.829667] NetLabel:  domain hash size = 128
[    3.837679] NetLabel:  protocols = UNLABELED CIPSOv4 CALIPSO
[    3.849009] NetLabel:  unlabeled traffic allowed by default
[    3.860559] mctp: management component transport protocol core
[    3.869728] NET: Registered PF_MCTP protocol family
[    3.878281] PCI: Using ACPI for IRQ routing
[    5.755788] pci 0000:00:02.0: vgaarb: setting as boot VGA device
[    5.756619] pci 0000:00:02.0: vgaarb: bridge control possible
[    5.756619] pci 0000:00:02.0: vgaarb: VGA device added: decodes=io+mem,owns=io+mem,locks=none
[    5.779644] vgaarb: loaded
[    5.786293] hpet0: at MMIO 0xfed00000, IRQs 2, 8, 0
[    5.792645] hpet0: 3 comparators, 64-bit 100.000000 MHz counter
[    5.803671] clocksource: Switched to clocksource kvm-clock
[    5.836478] VFS: Disk quotas dquot_6.6.0
[    5.841650] VFS: Dquot-cache hash table entries: 512 (order 0, 4096 bytes)
[    5.856327] AppArmor: AppArmor Filesystem Enabled
[    5.862639] pnp: PnP ACPI init
[    5.868581] system 00:05: [mem 0xb0000000-0xbfffffff window] has been reserved
[    5.879144] pnp: PnP ACPI: found 6 devices
[    5.918223] clocksource: acpi_pm: mask: 0xffffff max_cycles: 0xffffff, max_idle_ns: 2085701024 ns
[    5.929582] NET: Registered PF_INET protocol family
[    5.943776] IP idents hash table entries: 131072 (order: 8, 1048576 bytes, linear)
[    6.054601] tcp_listen_portaddr_hash hash table entries: 4096 (order: 4, 65536 bytes, linear)
[    6.065205] Table-perturb hash table entries: 65536 (order: 6, 262144 bytes, linear)
[    6.075479] TCP established hash table entries: 65536 (order: 7, 524288 bytes, linear)
[    6.132310] TCP bind hash table entries: 65536 (order: 9, 2097152 bytes, linear)
[    6.145961] TCP: Hash tables configured (established 65536 bind 65536)
[    6.157385] MPTCP token hash table entries: 8192 (order: 6, 196608 bytes, linear)
[    6.168897] UDP hash table entries: 4096 (order: 5, 131072 bytes, linear)
[    6.179526] UDP-Lite hash table entries: 4096 (order: 5, 131072 bytes, linear)
[    6.191569] NET: Registered PF_UNIX/PF_LOCAL protocol family
[    6.200289] NET: Registered PF_XDP protocol family
[    6.207446] pci 0000:00:01.0: ROM [mem 0xfffc0000-0xffffffff pref]: can't claim; no compatible bridge window
[    6.221741] pci 0000:00:01.0: ROM [mem 0x80000000-0x8003ffff pref]: assigned
[    6.232322] pci_bus 0000:00: resource 4 [io  0x0000-0x0cf7 window]
[    6.241489] pci_bus 0000:00: resource 5 [io  0x0d00-0xffff window]
[    6.250581] pci_bus 0000:00: resource 6 [mem 0x000a0000-0x000bffff window]
[    6.260620] pci_bus 0000:00: resource 7 [mem 0x80000000-0xafffffff window]
[    6.270582] pci_bus 0000:00: resource 8 [mem 0xc0000000-0xfebfffff window]
[    6.280489] pci_bus 0000:00: resource 9 [mem 0x800000000-0xfffffffff window]
[    6.292259] PCI: CLS 0 bytes, default 64
[    6.298953] PCI-DMA: Using software bounce buffering for IO (SWIOTLB)
[    6.301517] Trying to unpack rootfs image as initramfs...
[    6.308326] software IO TLB: mapped [mem 0x000000007331b000-0x000000007731b000] (64MB)
[    6.335834] clocksource: tsc: mask: 0xffffffffffffffff max_cycles: 0x2127261b4bf, max_idle_ns: 440795216806 ns
[    6.355521] Initialise system trusted keyrings
[    6.362537] Key type blacklist registered
[    6.370344] workingset: timestamp_bits=36 max_order=21 bucket_order=0
[    6.379929] zbud: loaded
[    6.385463] squashfs: version 4.0 (2009/01/31) Phillip Lougher
[    6.395314] fuse: init (API version 7.39)
[    6.403173] integrity: Platform Keyring initialized
[    6.410434] integrity: Machine keyring initialized
[    6.436193] Key type asymmetric registered
[    6.442217] Asymmetric key parser 'x509' registered
[    6.449864] Block layer SCSI generic (bsg) driver version 0.4 loaded (major 243)
[    6.461582] io scheduler mq-deadline registered
[    6.470696] shpchp: Standard Hot Plug PCI Controller Driver version: 0.4
[    6.482395] input: Power Button as /devices/LNXSYSTM:00/LNXPWRBN:00/input/input0
[    6.494525] ACPI: button: Power Button [PWRF]
[    6.506650] ACPI: \_SB_.GSIF: Enabled at IRQ 21
[    6.525633] ACPI: \_SB_.GSIH: Enabled at IRQ 23
[    6.544388] Serial: 8250/16550 driver, 32 ports, IRQ sharing enabled
[    6.601332] 00:03: ttyS0 at I/O 0x3f8 (irq = 4, base_baud = 115200) is a 16550A
[    6.623907] Linux agpgart interface v0.103
[    6.658164] loop: module loaded
[    6.664429] virtio_blk virtio1: 3/0/0 default/read/poll queues
[    6.690456] virtio_blk virtio1: [vda] 70254592 512-byte logical blocks (36.0 GB/33.5 GiB)
[    6.711741]  vda: vda1 vda14 vda15 vda16
[    6.719528] ACPI: bus type drm_connector registered
[    6.728690] tun: Universal TUN/TAP device driver, 1.6
[    6.750672] PPP generic driver version 2.4.2
[    6.758721] i8042: PNP: PS/2 Controller [PNP0303:KBD,PNP0f13:MOU] at 0x60,0x64 irq 1,12
[    6.777554] serio: i8042 KBD port at 0x60,0x64 irq 1
[    6.785040] serio: i8042 AUX port at 0x60,0x64 irq 12
[    6.793442] mousedev: PS/2 mouse device common for all mice
[    6.802518] rtc_cmos 00:04: RTC can wake from S4
[    6.813962] input: AT Translated Set 2 keyboard as /devices/platform/i8042/serio0/input/input1
[    6.825774] rtc_cmos 00:04: registered as rtc0
[    6.840368] rtc_cmos 00:04: setting system clock to 2026-10-04T11:08:07 UTC (1791112087)
[    6.864191] rtc_cmos 00:04: alarms up to one day, y3k, 242 bytes nvram
[    6.881818] i2c_dev: i2c /dev entries driver
[    6.891391] device-mapper: core: CONFIG_IMA_DISABLE_HTABLE is disabled. Duplicate IMA measurements will not be recorded in the IMA log.
[    6.911884] device-mapper: uevent: version 1.0.3
[    6.919780] device-mapper: ioctl: 4.48.0-ioctl (2023-03-01) initialised: dm-devel@redhat.com
[    6.934189] intel_pstate: CPU model not supported
[    6.944596] ledtrig-cpu: registered to indicate activity on CPUs
[    6.969903] [drm] Initialized simpledrm 1.0.0 20200625 for simple-framebuffer.0 on minor 0
[    7.269354] Console: switching to colour frame buffer device 240x67
[    7.288240] simple-framebuffer simple-framebuffer.0: [drm] fb0: simpledrmdrmfb frame buffer device
[    7.314966] drop_monitor: Initializing network drop monitor service
[    7.333201] NET: Registered PF_INET6 protocol family
[    7.381635] Freeing initrd memory: 29984K
[    7.443142] Segment Routing with IPv6
[    7.450746] In-situ OAM (IOAM) with IPv6
[    7.458166] NET: Registered PF_PACKET protocol family
[    7.466609] Key type dns_resolver registered
[    7.478564] No MBM correction factor available
[    7.491961] IPI shorthand broadcast: enabled
[    7.519137] registered taskstats version 1
[    7.531390] Loading compiled-in X.509 certificates
[    7.544564] Loaded X.509 cert 'Build time autogenerated kernel key: aaf6cface807121d2b25f83f2288de5f0eb7acff'
[    7.563402] Loaded X.509 cert 'Canonical Ltd. Live Patch Signing 2025 Kmod: d541cef61dc7e793b7eb7e899970a2eef0b5dc8c'
[    7.579471] Loaded X.509 cert 'Canonical Ltd. Live Patch Signing: 14df34d1a87cf37625abec039ef2bf521249b969'
[    7.595703] Loaded X.509 cert 'Canonical Ltd. Kernel Module Signing 2025 Kmod: 4627603d2357a2a3f81006370894c221175893e9'
[    7.628838] Loaded X.509 cert 'Canonical Ltd. Kernel Module Signing: 88f752e560a1e0737e31163a466ad7b70a850c19'
[    7.654867] blacklist: Loading compiled-in revocation X.509 certificates
[    7.670820] Loaded X.509 cert 'Canonical Ltd. Secure Boot Signing: 61482aa2830d0ab2ad5af10b7250da9033ddcef0'
[    7.700235] Loaded X.509 cert 'Canonical Ltd. Secure Boot Signing (2017): 242ade75ac4a15e50d50c84b0d45ff3eae707a03'
[    7.729476] Loaded X.509 cert 'Canonical Ltd. Secure Boot Signing (ESM 2018): 365188c1d374d6b07c3c8f240f8ef722433d6a8b'
[    7.760704] Loaded X.509 cert 'Canonical Ltd. Secure Boot Signing (2019): c0746fd6c5da3ae827864651ad66ae47fe24b3e8'
[    7.784855] Loaded X.509 cert 'Canonical Ltd. Secure Boot Signing (2021 v1): a8d54bbb3825cfb94fa13c9f8a594a195c107b8d'
[    7.802262] Loaded X.509 cert 'Canonical Ltd. Secure Boot Signing (2021 v2): 4cf046892d6fd3c9a5b03f98d845f90851dc6a8c'
[    7.819601] Loaded X.509 cert 'Canonical Ltd. Secure Boot Signing (2021 v3): 100437bb6de6e469b581e61cd66bce3ef4ed53af'
[    7.838773] Loaded X.509 cert 'Canonical Ltd. Secure Boot Signing (Ubuntu Core 2019): c1d57b8f6b743f23ee41f4f7ee292f06eecadfb9'
[    7.876387] Key type .fscrypt registered
[    7.882746] Key type fscrypt-provisioning registered
[    7.951712] cryptd: max_cpu_qlen set to 1000
[    8.004910] AVX2 version of gcm_enc/dec engaged.
[    8.013407] AES CTR mode by8 optimization enabled
[    8.102584] Key type encrypted registered
[    8.114388] AppArmor: AppArmor sha256 policy hashing enabled
[    8.131840] ima: No TPM chip found, activating TPM-bypass!
[    8.147319] Loading compiled-in module X.509 certificates
[    8.161676] Loaded X.509 cert 'Build time autogenerated kernel key: aaf6cface807121d2b25f83f2288de5f0eb7acff'
[    8.179148] ima: Allocated hash algorithm: sha256
[    8.186675] ima: No architecture policies found
[    8.194185] evm: Initialising EVM extended attributes:
[    8.201966] evm: security.selinux
[    8.207124] evm: security.SMACK64
[    8.212306] evm: security.SMACK64EXEC
[    8.218676] evm: security.SMACK64TRANSMUTE
[    8.225747] evm: security.SMACK64MMAP
[    8.231986] evm: security.apparmor
[    8.237781] evm: security.ima
[    8.242876] evm: security.capability
[    8.249187] evm: HMAC attrs: 0x1
[    8.262214] PM:   Magic number: 14:554:124
[    8.304431] RAS: Correctable Errors collector initialized.
[    8.313881] Unstable clock detected, switching default tracing clock to "global"
[    8.313881] If you want to keep using the local clock, then add:
[    8.313881]   "trace_clock=local"
[    8.313881] on the kernel command line
[    8.347580] clk: Disabling unused clocks
[    8.401810] Freeing unused decrypted memory: 2028K
[    8.470248] Freeing unused kernel image (initmem) memory: 4932K
[    8.478159] Write protecting the kernel read-only data: 38912k
[    8.520531] Freeing unused kernel image (rodata/data gap) memory: 1956K
[    8.615695] x86/mm: Checked W+X mappings: passed, no W+X pages found.
[    8.622796] x86/mm: Checking user space page tables
[    8.722447] x86/mm: Checked W+X mappings: passed, no W+X pages found.
[    8.729435] Run /init as init process
Loading, please wait...
Starting systemd-udevd version 255.4-1ubuntu8.17
[    9.192975] virtio_net virtio0 enp0s1: renamed from eth0
[    9.254130] ACPI: \_SB_.GSIA: Enabled at IRQ 16
[    9.299621] input: VirtualPS/2 VMware VMMouse as /devices/platform/i8042/serio1/input/input4
[    9.321909] input: VirtualPS/2 VMware VMMouse as /devices/platform/i8042/serio1/input/input3
[    9.325217] ahci 0000:00:1f.2: AHCI 0001.0000 32 slots 6 ports 1.5 Gbps 0x3f impl SATA mode
[    9.341196] ahci 0000:00:1f.2: flags: 64bit ncq only 
[    9.366495] scsi host0: ahci
[    9.376641] scsi host1: ahci
[    9.382207] scsi host2: ahci
[    9.387770] scsi host3: ahci
[    9.393888] scsi host4: ahci
[    9.399198] scsi host5: ahci
[    9.403789] ata1: SATA max UDMA/133 abar m4096@0xc1044000 port 0xc1044100 irq 31 lpm-pol 0
[    9.413701] ata2: SATA max UDMA/133 abar m4096@0xc1044000 port 0xc1044180 irq 31 lpm-pol 0
[    9.422975] ata3: SATA max UDMA/133 abar m4096@0xc1044000 port 0xc1044200 irq 31 lpm-pol 0
[    9.431815] ata4: SATA max UDMA/133 abar m4096@0xc1044000 port 0xc1044280 irq 31 lpm-pol 0
[    9.440408] ata5: SATA max UDMA/133 abar m4096@0xc1044000 port 0xc1044300 irq 31 lpm-pol 0
[    9.449533] ata6: SATA max UDMA/133 abar m4096@0xc1044000 port 0xc1044380 irq 31 lpm-pol 0
[    9.777916] ata5: SATA link down (SStatus 0 SControl 300)
[    9.792302] ata3: SATA link up 1.5 Gbps (SStatus 113 SControl 300)
[    9.808184] ata2: SATA link down (SStatus 0 SControl 300)
[    9.819927] ata3.00: ATAPI: QEMU DVD-ROM, 2.5+, max UDMA/100
[    9.831142] ata3.00: applying bridge limits
[    9.841631] ata1: SATA link down (SStatus 0 SControl 300)
[    9.852378] ata3.00: configured for UDMA/100
[    9.865850] ata4: SATA link down (SStatus 0 SControl 300)
[    9.878245] scsi 2:0:0:0: CD-ROM            QEMU     QEMU DVD-ROM     2.5+ PQ: 0 ANSI: 5
[    9.879330] ata6: SATA link down (SStatus 0 SControl 300)
[    9.927933] sr 2:0:0:0: [sr0] scsi3-mmc drive: 4x/4x cd/rw xa/form2 tray
[    9.967604] cdrom: Uniform CD-ROM driver Revision: 3.20
[   10.000205] sr 2:0:0:0: Attached scsi generic sg0 type 5
Begin: Loading essential drivers ... [   10.495126] raid6: avx2x4   gen() 18426 MB/s
[   10.516097] raid6: avx2x2   gen() 19237 MB/s
[   10.538135] raid6: avx2x1   gen() 16882 MB/s
[   10.543302] raid6: using algorithm avx2x2 gen() 19237 MB/s
[   10.566129] raid6: .... xor() 11825 MB/s, rmw enabled
[   10.571718] raid6: using avx2x2 recovery algorithm
[   10.580778] xor: automatically using best checksumming function   avx       
[   10.593692] async_tx: api initialized (async)
done.
Begin: Running /scripts/init-premount ... done.
Begin: Mounting root file system ... Begin: Running /scripts/local-top ... done.
Begin: Running /scripts/local-premount ... [   11.133158] Btrfs loaded, zoned=yes, fsverity=yes
Scanning for Btrfs filesystems
done.
Warning: fsck not present, so skipping root file system
[   11.344776] EXT4-fs (vda1): mounted filesystem 1bfefdfb-34c9-46c7-854f-399d0a1dea04 ro with ordered data mode. Quota mode: none.
done.
Begin: Running /scripts/local-bottom ... done.
Begin: Running /scripts/init-bottom ... done.
[   11.858393] systemd[1]: Inserted module 'autofs4'
[   11.931463] systemd[1]: systemd 255.4-1ubuntu8.17 running in system mode (+PAM +AUDIT +SELINUX +APPARMOR +IMA +SMACK +SECCOMP +GCRYPT -GNUTLS +OPENSSL +ACL +BLKID +CURL +ELFUTILS +FIDO2 +IDN2 -IDN +IPTC +KMOD +LIBCRYPTSETUP +LIBFDISK +PCRE2 -PWQUALITY +P11KIT +QRENCODE +TPM2 +BZIP2 +LZ4 +XZ +ZLIB +ZSTD -BPF_FRAMEWORK -XKBCOMMON +UTMP +SYSVINIT default-hierarchy=unified)
[   11.986578] systemd[1]: Detected virtualization kvm.
[   11.998786] systemd[1]: Detected architecture x86-64.

Welcome to [1mUbuntu 24.04.5 LTS[0m!

[   12.025393] systemd[1]: Hostname set to <ubuntu>.
[   12.581313] systemd[1]: Queued start job for default target multi-user.target.
[   12.619989] systemd[1]: Created slice system-modprobe.slice - Slice /system/modprobe.
[[0;32m  OK  [0m] Created slice [0;1;39msystem-modprobe.slice[0m - Slice /system/modprobe.
[   12.647817] systemd[1]: Created slice system-serial\x2dgetty.slice - Slice /system/serial-getty.
[[0;32m  OK  [0m] Created slice [0;1;39msystem-serial\x2dget…slice[0m - Slice /system/serial-getty.
[   12.683264] systemd[1]: Created slice system-systemd\x2dfsck.slice - Slice /system/systemd-fsck.
[[0;32m  OK  [0m] Created slice [0;1;39msystem-systemd\x2dfs…slice[0m - Slice /system/systemd-fsck.
[   12.713310] systemd[1]: Created slice user.slice - User and Session Slice.
[[0;32m  OK  [0m] Created slice [0;1;39muser.slice[0m - User and Session Slice.
[   12.740444] systemd[1]: Started systemd-ask-password-wall.path - Forward Password Requests to Wall Directory Watch.
[[0;32m  OK  [0m] Started [0;1;39msystemd-ask-password-wall.…[0md Requests to Wall Directory Watch.
[   12.777367] systemd[1]: Set up automount proc-sys-fs-binfmt_misc.automount - Arbitrary Executable File Formats File System Automount Point.
[[0;32m  OK  [0m] Set up automount [0;1;39mproc-sys-fs-binfm…[0mormats File System Automount Point.
[   12.806270] systemd[1]: Expecting device dev-disk-by\x2dlabel-BOOT.device - /dev/disk/by-label/BOOT...
         Expecting device [0;1;39mdev-disk-by\x2dla…device[0m - /dev/disk/by-label/BOOT...
[   12.840355] systemd[1]: Expecting device dev-disk-by\x2dlabel-UEFI.device - /dev/disk/by-label/UEFI...
         Expecting device [0;1;39mdev-disk-by\x2dla…device[0m - /dev/disk/by-label/UEFI...
[   12.872925] systemd[1]: Expecting device dev-ttyS0.device - /dev/ttyS0...
         Expecting device [0;1;39mdev-ttyS0.device[0m - /dev/ttyS0...
[   12.901677] systemd[1]: Reached target integritysetup.target - Local Integrity Protected Volumes.
[[0;32m  OK  [0m] Reached target [0;1;39mintegritysetup.targ…[0m Local Integrity Protected Volumes.
[   12.937979] systemd[1]: Reached target slices.target - Slice Units.
[[0;32m  OK  [0m] Reached target [0;1;39mslices.target[0m - Slice Units.
[   12.966974] systemd[1]: Reached target snapd.mounts-pre.target - Mounting snaps.
[[0;32m  OK  [0m] Reached target [0;1;39msnapd.mounts-pre.target[0m - Mounting snaps.
[   13.000262] systemd[1]: Reached target snapd.mounts.target - Mounted snaps.
[[0;32m  OK  [0m] Reached target [0;1;39msnapd.mounts.target[0m - Mounted snaps.
[   13.030451] systemd[1]: Reached target swap.target - Swaps.
[[0;32m  OK  [0m] Reached target [0;1;39mswap.target[0m - Swaps.
[   13.056733] systemd[1]: Reached target veritysetup.target - Local Verity Protected Volumes.
[[0;32m  OK  [0m] Reached target [0;1;39mveritysetup.target[0m - Local Verity Protected Volumes.
[   13.092824] systemd[1]: Listening on dm-event.socket - Device-mapper event daemon FIFOs.
[[0;32m  OK  [0m] Listening on [0;1;39mdm-event.socket[0m - Device-mapper event daemon FIFOs.
[   13.127659] systemd[1]: Listening on lvm2-lvmpolld.socket - LVM2 poll daemon socket.
[[0;32m  OK  [0m] Listening on [0;1;39mlvm2-lvmpolld.socket[0m - LVM2 poll daemon socket.
[   13.160533] systemd[1]: Listening on multipathd.socket - multipathd control socket.
[[0;32m  OK  [0m] Listening on [0;1;39mmultipathd.socket[0m - multipathd control socket.
[   13.192794] systemd[1]: Listening on syslog.socket - Syslog Socket.
[[0;32m  OK  [0m] Listening on [0;1;39msyslog.socket[0m - Syslog Socket.
[   13.219788] systemd[1]: Listening on systemd-fsckd.socket - fsck to fsckd communication Socket.
[[0;32m  OK  [0m] Listening on [0;1;39msystemd-fsckd.socket[0m …fsck to fsckd communication Socket.
[   13.250061] workqueue: drm_fb_helper_damage_work hogged CPU for >10000us 4 times, consider switching to WQ_UNBOUND
[   13.250746] systemd[1]: Listening on systemd-initctl.socket - initctl Compatibility Named Pipe.
[[0;32m  OK  [0m] Listening on [0;1;39msystemd-initctl.socke…[0m- initctl Compatibility Named Pipe.
[   13.303380] systemd[1]: Listening on systemd-journald-dev-log.socket - Journal Socket (/dev/log).
[[0;32m  OK  [0m] Listening on [0;1;39msystemd-journald-dev-…socket[0m - Journal Socket (/dev/log).
[   13.340830] systemd[1]: Listening on systemd-journald.socket - Journal Socket.
[[0;32m  OK  [0m] Listening on [0;1;39msystemd-journald.socket[0m - Journal Socket.
[   13.372294] systemd[1]: Listening on systemd-networkd.socket - Network Service Netlink Socket.
[[0;32m  OK  [0m] Listening on [0;1;39msystemd-networkd.socket[0m - Network Service Netlink Socket.
[   13.409535] systemd[1]: systemd-pcrextend.socket - TPM2 PCR Extension (Varlink) was skipped because of an unmet condition check (ConditionSecurity=measured-uki).
[   13.436509] systemd[1]: Listening on systemd-udevd-control.socket - udev Control Socket.
[[0;32m  OK  [0m] Listening on [0;1;39msystemd-udevd-control.socket[0m - udev Control Socket.
[   13.469402] systemd[1]: Listening on systemd-udevd-kernel.socket - udev Kernel Socket.
[[0;32m  OK  [0m] Listening on [0;1;39msystemd-udevd-kernel.socket[0m - udev Kernel Socket.
[   13.514452] systemd[1]: Mounting dev-hugepages.mount - Huge Pages File System...
         Mounting [0;1;39mdev-hugepages.mount[0m - Huge Pages File System...
[   13.546382] systemd[1]: Mounting dev-mqueue.mount - POSIX Message Queue File System...
         Mounting [0;1;39mdev-mqueue.mount[0m - POSIX Message Queue File System...
[   13.578370] systemd[1]: Mounting sys-kernel-debug.mount - Kernel Debug File System...
         Mounting [0;1;39msys-kernel-debug.mount[0m - Kernel Debug File System...
[   13.611393] systemd[1]: Mounting sys-kernel-tracing.mount - Kernel Trace File System...
         Mounting [0;1;39msys-kernel-tracing.mount[0m - Kernel Trace File System...
[   13.644431] systemd[1]: Starting systemd-journald.service - Journal Service...
         Starting [0;1;39msystemd-journald.service[0m - Journal Service...
[   13.671679] systemd[1]: Starting keyboard-setup.service - Set the console keyboard layout...
         Starting [0;1;39mkeyboard-setup.service[0m - Set the console keyboard layout...
[   13.694580] systemd-journald[320]: Collecting audit messages is disabled.
[   13.695830] workqueue: drm_fb_helper_damage_work hogged CPU for >10000us 8 times, consider switching to WQ_UNBOUND
[   13.707447] systemd[1]: Starting kmod-static-nodes.service - Create List of Static Device Nodes...
         Starting [0;1;39mkmod-static-nodes.service[0m…eate List of Static Device Nodes...
[   13.741397] systemd[1]: Starting lvm2-monitor.service - Monitoring of LVM2 mirrors, snapshots etc. using dmeventd or progress polling...
         Starting [0;1;39mlvm2-monitor.service[0m - Mo…ing dmeventd or progress polling...
[   13.777392] systemd[1]: Starting modprobe@configfs.service - Load Kernel Module configfs...
         Starting [0;1;39mmodprobe@configfs.service[0m - Load Kernel Module configfs...
[   13.817344] systemd[1]: Starting modprobe@dm_mod.service - Load Kernel Module dm_mod...
         Starting [0;1;39mmodprobe@dm_mod.service[0m - Load Kernel Module dm_mod...
[   13.850233] systemd[1]: Starting modprobe@drm.service - Load Kernel Module drm...
         Starting [0;1;39mmodprobe@drm.service[0m - Load Kernel Module drm...
[   13.875548] systemd[1]: Starting modprobe@efi_pstore.service - Load Kernel Module efi_pstore...
         Starting [0;1;39mmodprobe@efi_pstore.servi…[0m - Load Kernel Module efi_pstore...
[   13.898279] pstore: Using crash dump compression: deflate
[   13.901358] systemd[1]: Starting modprobe@fuse.service - Load Kernel Module fuse...
[   13.905141] pstore: Registered efi_pstore as persistent store backend
         Starting [0;1;39mmodprobe@fuse.service[0m - Load Kernel Module fuse...
[   13.939359] systemd[1]: Starting modprobe@loop.service - Load Kernel Module loop...
         Starting [0;1;39mmodprobe@loop.service[0m - Load Kernel Module loop...
[   13.957672] systemd[1]: netplan-ovs-cleanup.service - OpenVSwitch configuration for cleanup was skipped because of an unmet condition check (ConditionFileIsExecutable=/usr/bin/ovs-vsctl).
[   13.977385] systemd[1]: Starting systemd-fsck-root.service - File System Check on Root Device...
         Starting [0;1;39msystemd-fsck-root.service[0m…File System Check on Root Device...
[   14.004370] systemd[1]: Starting systemd-modules-load.service - Load Kernel Modules...
         Starting [0;1;39msystemd-modules-load.service[0m - Load Kernel Modules...
[   14.023945] systemd[1]: systemd-pcrmachine.service - TPM2 PCR Machine ID Measurement was skipped because of an unmet condition check (ConditionSecurity=measured-uki).
[   14.040313] systemd[1]: systemd-tpm2-setup-early.service - TPM2 SRK Setup (Early) was skipped because of an unmet condition check (ConditionSecurity=measured-uki).
[   14.064350] systemd[1]: Starting systemd-udev-trigger.service - Coldplug All udev Devices...
         Starting [0;1;39msystemd-udev-trigger.service[0m - Coldplug All udev Devices...
[   14.085721] systemd[1]: Started systemd-journald.service - Journal Service.
[[0;32m  OK  [0m] Started [0;1;39msystemd-journald.service[0m - Journal Service.
[[0;32m  OK  [0m] Mounted [0;1;39mdev-hugepages.mount[0m - Huge Pages File System.
[[0;32m  OK  [0m] Mounted [0;1;39mdev-mqueue.mount[0m - POSIX Message Queue File System.
[[0;32m  OK  [0m] Mounted [0;1;39msys-kernel-debug.mount[0m - Kernel Debug File System.
[[0;32m  OK  [0m] Mounted [0;1;39msys-kernel-tracing.mount[0m - Kernel Trace File System.
[[0;32m  OK  [0m] Finished [0;1;39mkeyboard-setup.service[0m - Set the console keyboard layout.
[[0;32m  OK  [0m] Finished [0;1;39mkmod-static-nodes.service[0m…Create List of Static Device Nodes.
[[0;32m  OK  [0m] Finished [0;1;39mlvm2-monitor.service[0m - Mo…using dmeventd or progress polling.
[[0;32m  OK  [0m] Finished [0;1;39mmodprobe@configfs.service[0m - Load Kernel Module configfs.
[[0;32m  OK  [0m] Finished [0;1;39mmodprobe@dm_mod.service[0m - Load Kernel Module dm_mod.
[[0;32m  OK  [0m] Finished [0;1;39mmodprobe@drm.service[0m - Load Kernel Module drm.
[[0;32m  OK  [0m] Finished [0;1;39mmodprobe@efi_pstore.service[0m - Load Kernel Module efi_pstore.
[[0;32m  OK  [0m] Finished [0;1;39mmodprobe@fuse.service[0m - Load Kernel Module fuse.
[[0;32m  OK  [0m] Finished [0;1;39mmodprobe@loop.service[0m - Load Kernel Module loop.
[[0;32m  OK  [0m] Finished [0;1;39msystemd-fsck-root.service[0m - File System Check on Root Device.
[[0;32m  OK  [0m] Finished [0;1;39msystemd-modules-load.service[0m - Load Kernel Modules.
         Mounting [0;1;39msys-fs-fuse-connections.mount[0m - FUSE Control File System...
         Mounting [0;1;39msys-kernel-config.mount[0m - Kernel Configuration File System...
[[0;32m  OK  [0m] Started [0;1;39msystemd-fsckd.service[0m - Fi…stem Check Daemon to report status.
         Starting [0;1;39msystemd-remount-fs.servic…[0munt Root and Kernel File Systems...
         Starting [0;1;39msystemd-sysctl.service[0m - Apply Kernel Variables...
         Starting [0;1;39msystemd-tmpfiles-setup-de…[0m Device Nodes in /dev gracefully...
[[0;32m  OK  [0m] Finished [0;1;39msystemd-ud[   14.354121] EXT4-fs (vda1): re-mounted 1bfefdfb-34c9-46c7-854f-399d0a1dea04 r/w.
ev-trigger.service[0m - Coldplug All udev Devices.
[[0;32m  OK  [0m] Mounted [0;1;39msys-fs-fuse-connections.mount[0m - FUSE Control File System.
[[0;32m  OK  [0m] Mounted [0;1;39msys-kernel-config.mount[0m - Kernel Configuration File System.
[[0;32m  OK  [0m] Finished [0;1;39msystemd-remount-fs.servic…[0mmount Root and Kernel File Systems.
         Starting [0;1;39mmultipathd.service[0m - Devi…pper Multipath Device Controller...
         Starting [0;1;39msystemd-journal-flush.ser…[0msh Journal to Persistent Storage...
         Starting [0;1;39msystemd-random-seed.service[0m - Load/Save OS Random Seed...
[[0;32m  OK  [0m] Finished [0;1;39msystemd-sysctl.service[0m - Apply Kernel Variables.
[[0;32m  OK  [0m] Finished [0;1;39msystemd-tmpfiles-setup-de…[0mic Device Nodes in /dev gracefully.
         Starting [0;1;39msystemd-tmpfiles-setup-de…[0meate Static Device Nodes in /dev...
[[0;32m  OK  [0m] Finished [0;1;39msystemd-random-seed.service[0m - Load/Save OS Random Seed.
[[0;32m  OK  [0m] Finished [0;1;39msystemd-tmpfiles-setup-de…[0mCreate Static Device Nodes in /dev.
         Starting [0;1;39msystemd-udevd.service[0m - R…ager for Device Events and Files...
[[0;32m  OK  [0m] Finished [0;1;39msystemd-journal-flush.ser…[0mlush Journal to Persistent Storage.
[[0;32m  OK  [0m] Started [0;1;39msystemd-udevd.service[0m - Ru…anager for Device Events and Files.
[[0;32m  OK  [0m] Started [0;1;39msystemd-ask-password-conso…[0mequests to Console Directory Watch.
[[0;32m  OK  [0m] Reached target [0;1;39mcryptsetup.target[0m - Local Encrypted Volumes.
[[0;32m  OK  [0m] Started [0;1;39mmultipathd.service[0m - Devic…Mapper Multipath Device Controller.
[[0;32m  OK  [0m] Reached target [0;1;39mlocal-fs-pre.target[0m…Preparation for Local File Systems.
[[0;32m  OK  [0m] Found device [0;1;39mdev-ttyS0.device[0m - /dev/ttyS0.
[[0;32m  OK  [0m] Found device [0;1;39mdev-disk-by\x2dlabel-…T.device[0m - /dev/disk/by-label/BOOT.
[[0;32m  OK  [0m] Found device [0;1;39mdev-disk-by\x2dlabel-…I.device[0m - /dev/disk/by-label/UEFI.
         Starting [0;1;39msystemd-fsck@dev-disk-by\…[0mCheck on /dev/disk/by-label/BOOT...
         Starting [0;1;39msystemd-fsck@dev-disk-by\…[0mCheck on /dev/disk/by-label/UEFI...
Checking in progress on 1 disk (0.0% complete)[[0;32m  OK  [0m] Finished [0;1;39msystemd-fsck@dev-disk-by\…[0mm Check on /dev/disk/by-label/BOOT.
         Mounting [0;1;39mboot.mount[0m - /boot...
[[0;32m  OK  [0m] Mounted [0;1;39mboot.mount[0m - /boot.
Checking in progress on 0 disks (100.0% complete)[[0;32m  OK  [0m] Finished [0;1;39msystemd-fsck@dev-disk-by\…[0mm Check on /dev/disk/by-label/UEFI.
         Mounting [0;1;39mboot-efi.mount[0m - /boot/efi...
[[0;32m  OK  [0m] Mounted [0;1;39mboot-efi.mount[0m - /boot/efi.
[[0;32m  OK  [0m] Reached target [0;1;39mlocal-fs.target[0m - Local File Systems.
[[0;32m  OK  [0m] Listening on [0;1;39msystemd-sysext.socket[0m…tension Image Management (Varlink).
         Starting [0;1;39mapparmor.service[0m - Load AppArmor profiles...
         Starting [0;1;39mconsole-setup.service[0m - Set console font and keymap...
         Starting [0;1;39mfinalrd.service[0m - Create …time dir for shutdown pivot root...
         Starting [0;1;39mplymouth-read-write.servi…[0mymouth To Write Out Runtime Data...
         Starting [0;1;39msystemd-binfmt.service[0m - Set Up Additional Binary Formats...
         Starting [0;1;39msystemd-tmpfiles-setup.se…[0me Volatile Files and Directories...
         Starting [0;1;39mufw.service[0m - Uncomplicated firewall...
[[0;32m  OK  [0m] Finished [0;1;39mconsole-setup.service[0m - Set console font and keymap.
[[0;32m  OK  [0m] Finished [0;1;39mfinalrd.service[0m - Create …untime dir for shutdown pivot root.
[[0;32m  OK  [0m] Finished [0;1;39mplymouth-read-write.servi…[0mPlymouth To Write Out Runtime Data.
[[0;32m  OK  [0m] Finished [0;1;39mufw.service[0m - Uncomplicated firewall.
[[0;32m  OK  [0m] Finished [0;1;39msystemd-tmpfiles-setup.se…[0mate Volatile Files and Directories.
[[0;32m  OK  [0m] Reached target [0;1;39mnetwork-pre.target[0m - Preparation for Network.
[[0;32m  OK  [0m] Listening on [0;1;39msystemd-rfkill.socket[0m…ll Switch Status /dev/rfkill Watch.
         Mounting [0;1;39mproc-sys-fs-binfmt_misc.m…[0mcutable File Formats File System...
         Starting [0;1;39msystemd-networkd.service[0m - Network Configuration...
         Starting [0;1;39msystemd-resolved.service[0m - Network Name Resolution...
         Starting [0;1;39msystemd-timesyncd.service[0m - Network Time Synchronization...
         Starting [0;1;39msystemd-update-utmp.servi…[0mord System Boot/Shutdown in UTMP...
[[0;32m  OK  [0m] Finished [0;1;39msystemd-update-utmp.servi…[0mecord System Boot/Shutdown in UTMP.
[[0;32m  OK  [0m] Mounted [0;1;39mproc-sys-fs-binfmt_misc.mo…[0mxecutable File Formats File System.
[[0;32m  OK  [0m] Finished [0;1;39msystemd-binfmt.service[0m - Set Up Additional Binary Formats.
[[0;32m  OK  [0m] Started [0;1;39msystemd-timesyncd.service[0m - Network Time Synchronization.
[[0;32m  OK  [0m] Reached target [0;1;39mtime-set.target[0m - System Time Set.
[[0;32m  OK  [0m] Started [0;1;39msystemd-networkd.service[0m - Network Configuration.
[[0;32m  OK  [0m] Finished [0;1;39mapparmor.service[0m - Load AppArmor profiles.
         Starting [0;1;39msnapd.apparmor.service[0m - …iles managed internally by snapd...
[[0;32m  OK  [0m] Started [0;1;39msystemd-resolved.service[0m - Network Name Resolution.
[[0;32m  OK  [0m] Reached target [0;1;39mnss-lookup.target[0m - Host and Network Name Lookups.
[[0;32m  OK  [0m] Finished [0;1;39msnapd.apparmor.service[0m - …ofiles managed internally by snapd.
[[0;32m  OK  [0m] Reached target [0;1;39msysinit.target[0m - System Initialization.
[[0;32m  OK  [0m] Started [0;1;39mdpkg-db-backup.timer[0m - Daily dpkg database backup timer.
[[0;32m  OK  [0m] Started [0;1;39me2scrub_all.timer[0m - Period…Metadata Check for All Filesystems.
[[0;32m  OK  [0m] Started [0;1;39mfstrim.timer[0m - Discard unused filesystem blocks once a week.
[[0;32m  OK  [0m] Started [0;1;39mfwupd-refresh.timer[0m - Refresh fwupd metadata regularly.
[[0;32m  OK  [0m] Started [0;1;39mlogrotate.timer[0m - Daily rotation of log files.
[[0;32m  OK  [0m] Started [0;1;39mman-db.timer[0m - Daily man-db regeneration.
[[0;32m  OK  [0m] Started [0;1;39mmotd-news.timer[0m - Message of the Day.
[[0;32m  OK  [0m] Started [0;1;39msysstat-collect.timer[0m - Ru…y accounting tool every 10 minutes.
[[0;32m  OK  [0m] Started [0;1;39msysstat-summary.timer[0m - Ge… of yesterday's process accounting.
[[0;32m  OK  [0m] Started [0;1;39msystemd-tmpfiles-clean.tim…[0my Cleanup of Temporary Directories.
[[0;32m  OK  [0m] Reached target [0;1;39mpaths.target[0m - Path Units.
[[0;32m  OK  [0m] Listening on [0;1;39mdbus.socket[0m - D-Bus System Message Bus Socket.
[[0;32m  OK  [0m] Listening on [0;1;39miscsid.socket[0m - Open-iSCSI iscsid Socket.
         Starting [0;1;39mlxd-installer.socket[0m - He…er to install lxd snap on demand...
         Starting [0;1;39msnapd.socket[0m - Socket activation for snappy daemon...
[[0;32m  OK  [0m] Listening on [0;1;39mssh.socket[0m - OpenBSD Secure Shell server socket.
[[0;32m  OK  [0m] Listening on [0;1;39muuidd.socket[0m - UUID daemon activation socket.
[[0;32m  OK  [0m] Listening on [0;1;39mlxd-installer.socket[0m …lper to install lxd snap on demand.
[[0;32m  OK  [0m] Listening on [0;1;39msnapd.socket[0m - Socket activation for snappy daemon.
[[0;32m  OK  [0m] Reached target [0;1;39msockets.target[0m - Socket Units.
[[0;32m  OK  [0m] Reached target [0;1;39mbasic.target[0m - Basic System.
         Starting [0;1;39mdbus.service[0m - D-Bus System Message Bus...
[[0;32m  OK  [0m] Started [0;1;39mdmesg.service[0m - Save initial kernel messages after boot.
         Starting [0;1;39me2scrub_reap.service[0m - Re…ne ext4 Metadata Check Snapshots...
         Starting [0;1;39mgrub-common.service[0m - Record successful boot for GRUB...
[   16.530453] 
         Starting [0;1;39mpolkit.service[0m - Authorization Manager...
         Starting [0;1;39mrsyslog.service[0m - System Logging Service...
[[0;32m  OK  [0m] Reached target [0;1;39mgetty-pre.target[0m - Preparation for Logins.
         Starting [0;1;39msnapd.seeded.service[0m - Wait until snapd is fully seeded...
         Starting [0;1;39msnapd.service[0m - Snap Daemon...
         Starting [0;1;39msysstat.service[0m - Resets System Activity Logs...
         Starting [0;1;39msystemd-logind.service[0m - User Login Management...
[[0;32m  OK  [0m] Started [0;1;39mdbus.service[0m - D-Bus System Message Bus.
[[0;32m  OK  [0m] Finished [0;1;39me2scrub_reap.service[0m - Re…line ext4 Metadata Check Snapshots.
[[0;32m  OK  [0m] Finished [0;1;39msysstat.service[0m - Resets System Activity Logs.
         Starting [0;1;39mNetworkManager.service[0m - Network Manager...
[[0;32m  OK  [0m] Started [0;1;39msystemd-logind.service[0m - User Login Management.
[[0;32m  OK  [0m] Finished [0;1;39mgrub-common.service[0m - Record successful boot for GRUB.
         Starting [0;1;39mgrub-initrd-fallback.service[0m - GRUB failed boot detection...
[[0;32m  OK  [0m] Started [0;1;39mpolkit.service[0m - Authorization Manager.
         Starting [0;1;39mModemManager.service[0m - Modem Manager...
         Starting [0;1;39msystemd-hostnamed.service[0m - Hostname Service...
[[0;32m  OK  [0m] Started [0;1;39mrsyslog.service[0m - System Logging Service.
[[0;32m  OK  [0m] Finished [0;1;39mgrub-initrd-fallback.service[0m - GRUB failed boot detection.
[[0;32m  OK  [0m] Started [0;1;39msystemd-hostnamed.service[0m - Hostname Service.
         Starting [0;1;39mNetworkManager-dispatcher…[0manager Script Dispatcher Service...
[[0;32m  OK  [0m] Started [0;1;39mNetworkManager-dispatcher.…[0m Manager Script Dispatcher Service.
[[0;32m  OK  [0m] Started [0;1;39mModemManager.service[0m - Modem Manager.
[[0;32m  OK  [0m] Started [0;1;39msnapd.service[0m - Snap Daemon.
[[0;32m  OK  [0m] Finished [0;1;39msnapd.seeded.service[0m - Wait until snapd is fully seeded.
         Starting [0;1;39msystemd-timedated.service[0m - Time & Date Service...
[[0;32m  OK  [0m] Started [0;1;39msystemd-timedated.service[0m - Time & Date Service.
[[0;32m  OK  [0m] Started [0;1;39mNetworkManager.service[0m - Network Manager.
[[0;32m  OK  [0m] Reached target [0;1;39mnetwork.target[0m - Network.
         Starting [0;1;39mNetworkManager-wait-onlin…ce[0m - Network Manager Wait Online...
[[0;32m  OK  [0m] Finished [0;1;39mNetworkManager-wait-onlin…vice[0m - Network Manager Wait Online.
[[0;32m  OK  [0m] Reached target [0;1;39mnetwork-online.target[0m - Network is Online.
[[0;32m  OK  [0m] Started [0;1;39mupdate-notifier-download.t…[0mhat failed at package install time.
[[0;32m  OK  [0m] Started [0;1;39mupdate-notifier-motd.timer[0m… a new version of Ubuntu available.
[[0;32m  OK  [0m] Reached target [0;1;39mtimers.target[0m - Timer Units.
[[0;32m  OK  [0m] Reached target [0;1;39mremote-fs-pre.targe…[0mreparation for Remote File Systems.
[[0;32m  OK  [0m] Reached target [0;1;39mremote-fs.target[0m - Remote File Systems.
         Starting [0;1;39mapport.service[0m - automatic crash report generation...
[[0;32m  OK  [0m] Finished [0;1;39mblk-availability.service[0m - Availability of block devices.
[[0;32m  OK  [0m] Started [0;1;39mcron.service[0m - Regular background program processing daemon.
         Starting [0;1;39mssh.service[0m - OpenBSD Secure Shell server...
         Starting [0;1;39msystemd-user-sessions.service[0m - Permit User Sessions...
[[0;32m  OK  [0m] Finished [0;1;39msystemd-user-sessions.service[0m - Permit User Sessions.
         Starting [0;1;39mplymouth-quit-wait.servic…[0md until boot process finishes up...
         Starting [0;1;39mplymouth-quit.service[0m - Terminate Plymouth Boot Screen...
[[0;32m  OK  [0m] Started [0;1;39mssh.service[0m - OpenBSD Secure Shell server.
[[0;32m  OK  [0m] Finished [0;1;39mplymouth-quit-wait.servic…[0mold until boot process finishes up.
[[0;32m  OK  [0m] Finished [0;1;39mplymouth-quit.service[0m - Terminate Plymouth Boot Screen.
[[0;32m  OK  [0m] Started [0;1;39mserial-getty@ttyS0.service[0m - Serial Getty on ttyS0.
         Starting [0;1;39msetvtrgb.service[0m - Set console scheme...
[[0;32m  OK  [0m] Finished [0;1;39msetvtrgb.service[0m - Set console scheme.
[[0;32m  OK  [0m] Created slice [0;1;39msystem-getty.slice[0m - Slice /system/getty.
[[0;32m  OK  [0m] Started [0;1;39mgetty@tty1.service[0m - Getty on tty1.
[[0;32m  OK  [0m] Reached target [0;1;39mgetty.target[0m - Login Prompts.
[[0;32m  OK  [0m] Created slice [0;1;39muser-1000.slice[0m - User Slice of UID 1000.
         Starting [0;1;39muser-runtime-dir@1000.ser…[0mRuntime Directory /run/user/1000...
[[0;32m  OK  [0m] Finished [0;1;39muser-runtime-dir@1000.ser…[0mr Runtime Directory /run/user/1000.
         Starting [0;1;39muser@1000.service[0m - User Manager for UID 1000...
[[0;32m  OK  [0m] Finished [0;1;39mapport.service[0m - automatic crash report generation.
[[0;32m  OK  [0m] Reached target [0;1;39mmulti-user.target[0m - Multi-User System.
         Starting [0;1;39msystemd-update-utmp-runle…[0m- Record Runlevel Change in UTMP...
[[0;32m  OK  [0m] Finished [0;1;39msystemd-update-utmp-runle…e[0m - Record Runlevel Change in UTMP.
[[0;32m  OK  [0m] Started [0;1;39muser@1000.service[0m - User Manager for UID 1000.
[[0;32m  OK  [0m] Started [0;1;39msession-1.scope[0m - Session 1 of User ubuntu.

Ubuntu 24.04.5 LTS ubuntu ttyS0

ubuntu login: [   23.917455] 
