[   23.640966] nvidia-nvlink: Nvlink Core is being initialized, major device number 239

[   23.650143] nvidia 0000:00:03.0: vgaarb: VGA decodes changed: olddecodes=none,decodes=none:owns=io+mem
[   23.652281] NVRM: loading NVIDIA UNIX Open Kernel Module for x86_64  580.159.04  Release Build  (dvs-builder@U22-I3-AF04-09-6)  Wed Apr 29 17:15:53 UTC 2026
[   27.692493] NVRM: nvAssertOkFailedNoLog: Assertion failed: Call not supported [NV_ERR_NOT_SUPPORTED] (0x00000056) returned from pRmApi->Control(pRmApi, pGpu->hInternalClient, pGpu->hInternalSubdevice, NV2080_CTRL_CMD_INTERNAL_INIT_USER_SHARED_DATA, &params, sizeof(params)) @ gpu_user_shared_data.c:233
[   27.692556] NVRM: nvAssertOkFailedNoLog: Assertion failed: Call not supported [NV_ERR_NOT_SUPPORTED] (0x00000056) returned from pRmApi->Control(pRmApi, pGpu->hInternalClient, pGpu->hInternalSubdevice, NV2080_CTRL_CMD_INTERNAL_USER_SHARED_DATA_SET_DATA_POLL, &params, sizeof(params)) @ gpu_user_shared_data.c:268
[   27.719347] NVRM: kperfGpuBoostSyncStateInit_IMPL: Failed to read Sync Gpu Boost init state, status=0x56
[   27.721237] NVRM: kperfGpuBoostSyncStateInit_IMPL: Failed to read Sync Gpu Boost init state, status=0x56
[   27.721305] NVRM: nvAssertOkFailedNoLog: Assertion failed: Call not supported [NV_ERR_NOT_SUPPORTED] (0x00000056) returned from pRmApi->Control(pRmApi, pGpu->hInternalClient, pGpu->hInternalSubdevice, NV2080_CTRL_CMD_INTERNAL_CE_GET_PCE_CONFIG_FOR_LCE_TYPE, &pceConfigParams, sizeof(pceConfigParams)) @ kernel_ce.c:1020
[   27.721313] NVRM: nvAssertOkFailedNoLog: Assertion failed: Call not supported [NV_ERR_NOT_SUPPORTED] (0x00000056) returned from kceGetPceConfigForLceType(pGpu, pKCe, NV2080_CTRL_CE_LCE_TYPE_DECOMP, &numPcesPerLce, &numLces, &supportedPceMask, &supportedLceMask, &pcesPerHshub) @ kernel_ce_gp100.c:62
[   28.654010] NVRM: nvCheckOkFailedNoLog: Check failed: Call not supported [NV_ERR_NOT_SUPPORTED] (0x00000056) returned from kgrobjPromoteContext(pGpu, pKernelGraphicsObject, pKernelGraphics) @ kernel_graphics_object.c:224
[   28.654871] NVRM: nvAssertOkFailedNoLog: Assertion failed: Call not supported [NV_ERR_NOT_SUPPORTED] (0x00000056) returned from pRmApi->AllocWithHandle(pRmApi, hClientId, hChannelId, hObj3D, classNum, NULL, 0) @ kernel_graphics.c:2519
[   28.657129] NVRM: vaListDestroy: non-zero mapCount(pVaList): 0x1
[   28.657139] NVRM: vaListDestroy: non-zero mapCount(pVaList): 0x1
[   28.657146] NVRM: vaListDestroy: non-zero mapCount(pVaList): 0x1
[   28.657151] NVRM: vaListDestroy: non-zero mapCount(pVaList): 0x1
[   28.661273] NVRM: nvCheckOkFailedNoLog: Check failed: Call not supported [NV_ERR_NOT_SUPPORTED] (0x00000056) returned from kgraphicsCreateGoldenImageChannel(pGpu, pKernelGraphics) @ kernel_graphics.c:508
[   28.661285] NVRM: nvAssertFailedNoLog: Assertion failed: 0 @ kernel_fifo.c:3129
[   28.673715] NVRM: rpcRmApiAlloc_GSP: GspRmAlloc failed: hClient=0xc1d00008; hParent=0x31415903; hObject=0x31415900; hClass=0x0000c36f; paramsSize=0x00000170; paramsStatus=0x00000056; status=0x00000056
[   28.673729] NVRM: nvAssertOkFailedNoLog: Assertion failed: Call not supported [NV_ERR_NOT_SUPPORTED] (0x00000056) returned from status @ kernel_channel.c:2827
[   28.673744] NVRM: nvAssertOkFailedNoLog: Assertion failed: Call not supported [NV_ERR_NOT_SUPPORTED] (0x00000056) returned from _kchannelSendChannelAllocRpc(pKernelChannel, pChannelGpfifoParams, pKernelChannelGroup, bFullSriov) @ kernel_channel.c:940
[   28.676152] NVRM: nvAssertFailedNoLog: Assertion failed: status == NV_OK @ kernel_rc_watchdog.c:1198
[   28.680556] NVRM: rpcRmApiAlloc_GSP: GspRmAlloc failed: hClient=0xc1d00009; hParent=0xcaf00001; hObject=0xcaf00002; hClass=0x0000402c; paramsSize=0x00000000; paramsStatus=0x00000056; status=0x00000056
[   29.684947] NVRM: nvAssertFailedNoLog: Assertion failed: (status == NV_OK) || (status == NV_ERR_GPU_IN_FULLCHIP_RESET) @ gpu_user_shared_data.c:373
[   29.686597] NVRM: nvAssertFailedNoLog: Assertion failed: (status == NV_OK) || (status == NV_ERR_GPU_IN_FULLCHIP_RESET) @ gpu_user_shared_data.c:373
[   29.713491] NVRM: rpcRmApiAlloc_GSP: GspRmAlloc failed: hClient=0xc1d00001; hParent=0xa55a0030; hObject=0xa55a0070; hClass=0x0000208f; paramsSize=0x00000000; paramsStatus=0x00000056; status=0x00000056
[   29.894494] NVRM: nvAssertFailedNoLog: Assertion failed: (status == NV_OK) || (status == NV_ERR_GPU_IN_FULLCHIP_RESET) @ fecs_event_list.c:1623
[   29.911197] NVRM: nvCheckOkFailedNoLog: Check failed: Call not supported [NV_ERR_NOT_SUPPORTED] (0x00000056) returned from pRmApi->Control(pRmApi, pGpu->hInternalClient, pGpu->hInternalSubdevice, NV2080_CTRL_CMD_INTERNAL_INIT_USER_SHARED_DATA, &params, sizeof(params)) @ gpu_user_shared_data.c:213
[   33.911065] NVRM: _threadNodeCheckTimeout: _threadNodeCheckTimeout: currentTime: f42014cc46640 >= f42014cc46640
[   33.911072] NVRM: _threadNodeCheckTimeout: _threadNodeCheckTimeout: Timeout was set to: 4000 msecs!
[   33.911083] NVRM: nvAssertOkFailedNoLog: Assertion failed: Call timed out [NV_ERR_TIMEOUT] (0x00000065) returned from Failed to switch core to Falcon mode @ kernel_falcon_ga102.c:169
[   33.920142] NVRM: _threadNodeCheckTimeout: _threadNodeCheckTimeout: currentTime: f42014d4dba80 >= f42014cc46640
[   33.920167] NVRM: _threadNodeCheckTimeout: _threadNodeCheckTimeout: Timeout was set to: 4000 msecs!
[   33.920179] NVRM: kflcnWaitForHalt_TU102: Timeout waiting for Falcon to halt
[   33.920184] NVRM: kgspExecuteFwsec_TU102: failed to execute FWSEC cmd 0x19: status 0x65
[   33.920188] NVRM: kgspExecuteFwsec_TU102: (note: VBIOS version 94.18.00.00.00)
[   33.920193] NVRM: kgspTeardown_TU102: failed to execute FWSEC-SB for PreOsApps during driver unload: 0x65
[   33.920198] NVRM: nvAssertFailedNoLog: Assertion failed: FWSEC-SB failed @ kernel_gsp_tu102.c:655
[   37.529922] NVRM: nvAssertOkFailedNoLog: Assertion failed: Call not supported [NV_ERR_NOT_SUPPORTED] (0x00000056) returned from pRmApi->Control(pRmApi, pGpu->hInternalClient, pGpu->hInternalSubdevice, NV2080_CTRL_CMD_INTERNAL_INIT_USER_SHARED_DATA, &params, sizeof(params)) @ gpu_user_shared_data.c:233
[   37.529985] NVRM: nvAssertOkFailedNoLog: Assertion failed: Call not supported [NV_ERR_NOT_SUPPORTED] (0x00000056) returned from pRmApi->Control(pRmApi, pGpu->hInternalClient, pGpu->hInternalSubdevice, NV2080_CTRL_CMD_INTERNAL_USER_SHARED_DATA_SET_DATA_POLL, &params, sizeof(params)) @ gpu_user_shared_data.c:268
[   37.546086] NVRM: kperfGpuBoostSyncStateInit_IMPL: Failed to read Sync Gpu Boost init state, status=0x56
[   37.547709] NVRM: kperfGpuBoostSyncStateInit_IMPL: Failed to read Sync Gpu Boost init state, status=0x56
[   37.547783] NVRM: nvAssertOkFailedNoLog: Assertion failed: Call not supported [NV_ERR_NOT_SUPPORTED] (0x00000056) returned from pRmApi->Control(pRmApi, pGpu->hInternalClient, pGpu->hInternalSubdevice, NV2080_CTRL_CMD_INTERNAL_CE_GET_PCE_CONFIG_FOR_LCE_TYPE, &pceConfigParams, sizeof(pceConfigParams)) @ kernel_ce.c:1020
[   37.547872] NVRM: nvAssertOkFailedNoLog: Assertion failed: Call not supported [NV_ERR_NOT_SUPPORTED] (0x00000056) returned from kceGetPceConfigForLceType(pGpu, pKCe, NV2080_CTRL_CE_LCE_TYPE_DECOMP, &numPcesPerLce, &numLces, &supportedPceMask, &supportedLceMask, &pcesPerHshub) @ kernel_ce_gp100.c:62
[   37.891078] NVRM: nvCheckOkFailedNoLog: Check failed: Call not supported [NV_ERR_NOT_SUPPORTED] (0x00000056) returned from kgrobjPromoteContext(pGpu, pKernelGraphicsObject, pKernelGraphics) @ kernel_graphics_object.c:224
[   37.891600] NVRM: nvAssertOkFailedNoLog: Assertion failed: Call not supported [NV_ERR_NOT_SUPPORTED] (0x00000056) returned from pRmApi->AllocWithHandle(pRmApi, hClientId, hChannelId, hObj3D, classNum, NULL, 0) @ kernel_graphics.c:2519
[   37.893413] NVRM: vaListDestroy: non-zero mapCount(pVaList): 0x1
[   37.893418] NVRM: vaListDestroy: non-zero mapCount(pVaList): 0x1
[   37.893421] NVRM: vaListDestroy: non-zero mapCount(pVaList): 0x1
[   37.893423] NVRM: vaListDestroy: non-zero mapCount(pVaList): 0x1
[   37.896604] NVRM: nvCheckOkFailedNoLog: Check failed: Call not supported [NV_ERR_NOT_SUPPORTED] (0x00000056) returned from kgraphicsCreateGoldenImageChannel(pGpu, pKernelGraphics) @ kernel_graphics.c:508
[   37.896610] NVRM: nvAssertFailedNoLog: Assertion failed: 0 @ kernel_fifo.c:3129
[   37.903334] NVRM: rpcRmApiAlloc_GSP: GspRmAlloc failed: hClient=0xc1d00012; hParent=0x31415903; hObject=0x31415900; hClass=0x0000c36f; paramsSize=0x00000170; paramsStatus=0x00000056; status=0x00000056
[   37.903340] NVRM: nvAssertOkFailedNoLog: Assertion failed: Call not supported [NV_ERR_NOT_SUPPORTED] (0x00000056) returned from status @ kernel_channel.c:2827
[   37.903347] NVRM: nvAssertOkFailedNoLog: Assertion failed: Call not supported [NV_ERR_NOT_SUPPORTED] (0x00000056) returned from _kchannelSendChannelAllocRpc(pKernelChannel, pChannelGpfifoParams, pKernelChannelGroup, bFullSriov) @ kernel_channel.c:940
[   37.904208] NVRM: nvAssertFailedNoLog: Assertion failed: status == NV_OK @ kernel_rc_watchdog.c:1198
[   37.906401] NVRM: rpcRmApiAlloc_GSP: GspRmAlloc failed: hClient=0xc1d00013; hParent=0xcaf00001; hObject=0xcaf00002; hClass=0x0000402c; paramsSize=0x00000000; paramsStatus=0x00000056; status=0x00000056
[   38.091447] NVRM: nvAssertFailedNoLog: Assertion failed: (status == NV_OK) || (status == NV_ERR_GPU_IN_FULLCHIP_RESET) @ fecs_event_list.c:1623
[   38.107489] NVRM: nvCheckOkFailedNoLog: Check failed: Call not supported [NV_ERR_NOT_SUPPORTED] (0x00000056) returned from pRmApi->Control(pRmApi, pGpu->hInternalClient, pGpu->hInternalSubdevice, NV2080_CTRL_CMD_INTERNAL_INIT_USER_SHARED_DATA, &params, sizeof(params)) @ gpu_user_shared_data.c:213
[   42.107057] NVRM: _threadNodeCheckTimeout: _threadNodeCheckTimeout: currentTime: f420335496f40 >= f420335496f40
[   42.107064] NVRM: _threadNodeCheckTimeout: _threadNodeCheckTimeout: Timeout was set to: 4000 msecs!
[   42.107075] NVRM: nvAssertOkFailedNoLog: Assertion failed: Call timed out [NV_ERR_TIMEOUT] (0x00000065) returned from Failed to switch core to Falcon mode @ kernel_falcon_ga102.c:169
[   42.112165] NVRM: _threadNodeCheckTimeout: _threadNodeCheckTimeout: currentTime: f42033595ba80 >= f420335496f40
[   42.112177] NVRM: _threadNodeCheckTimeout: _threadNodeCheckTimeout: Timeout was set to: 4000 msecs!
[   42.115287] NVRM: _threadNodeCheckTimeout: _threadNodeCheckTimeout: currentTime: f420335c38140 >= f420335496f40
[   42.115295] NVRM: _threadNodeCheckTimeout: _threadNodeCheckTimeout: Timeout was set to: 4000 msecs!
[   42.115630] NVRM: _threadNodeCheckTimeout: _threadNodeCheckTimeout: currentTime: f420335c38140 >= f420335496f40
[   42.115635] NVRM: _threadNodeCheckTimeout: _threadNodeCheckTimeout: Timeout was set to: 4000 msecs!
[   42.115642] NVRM: kflcnWaitForHalt_TU102: Timeout waiting for Falcon to halt
[   42.115646] NVRM: kgspExecuteFwsec_TU102: failed to execute FWSEC cmd 0x19: status 0x65
[   42.115650] NVRM: kgspExecuteFwsec_TU102: (note: VBIOS version 94.18.00.00.00)
[   42.115654] NVRM: kgspTeardown_TU102: failed to execute FWSEC-SB for PreOsApps during driver unload: 0x65
[   42.115857] NVRM: nvAssertFailedNoLog: Assertion failed: FWSEC-SB failed @ kernel_gsp_tu102.c:655
[   53.138931] NVRM: nvAssertOkFailedNoLog: Assertion failed: Call not supported [NV_ERR_NOT_SUPPORTED] (0x00000056) returned from pRmApi->Control(pRmApi, pGpu->hInternalClient, pGpu->hInternalSubdevice, NV2080_CTRL_CMD_INTERNAL_INIT_USER_SHARED_DATA, &params, sizeof(params)) @ gpu_user_shared_data.c:233
[   53.138993] NVRM: nvAssertOkFailedNoLog: Assertion failed: Call not supported [NV_ERR_NOT_SUPPORTED] (0x00000056) returned from pRmApi->Control(pRmApi, pGpu->hInternalClient, pGpu->hInternalSubdevice, NV2080_CTRL_CMD_INTERNAL_USER_SHARED_DATA_SET_DATA_POLL, &params, sizeof(params)) @ gpu_user_shared_data.c:268
[   53.154902] NVRM: kperfGpuBoostSyncStateInit_IMPL: Failed to read Sync Gpu Boost init state, status=0x56
[   53.156744] NVRM: kperfGpuBoostSyncStateInit_IMPL: Failed to read Sync Gpu Boost init state, status=0x56
[   53.156811] NVRM: nvAssertOkFailedNoLog: Assertion failed: Call not supported [NV_ERR_NOT_SUPPORTED] (0x00000056) returned from pRmApi->Control(pRmApi, pGpu->hInternalClient, pGpu->hInternalSubdevice, NV2080_CTRL_CMD_INTERNAL_CE_GET_PCE_CONFIG_FOR_LCE_TYPE, &pceConfigParams, sizeof(pceConfigParams)) @ kernel_ce.c:1020
[   53.156818] NVRM: nvAssertOkFailedNoLog: Assertion failed: Call not supported [NV_ERR_NOT_SUPPORTED] (0x00000056) returned from kceGetPceConfigForLceType(pGpu, pKCe, NV2080_CTRL_CE_LCE_TYPE_DECOMP, &numPcesPerLce, &numLces, &supportedPceMask, &supportedLceMask, &pcesPerHshub) @ kernel_ce_gp100.c:62
[   53.505782] NVRM: nvCheckOkFailedNoLog: Check failed: Call not supported [NV_ERR_NOT_SUPPORTED] (0x00000056) returned from kgrobjPromoteContext(pGpu, pKernelGraphicsObject, pKernelGraphics) @ kernel_graphics_object.c:224
[   53.506498] NVRM: nvAssertOkFailedNoLog: Assertion failed: Call not supported [NV_ERR_NOT_SUPPORTED] (0x00000056) returned from pRmApi->AllocWithHandle(pRmApi, hClientId, hChannelId, hObj3D, classNum, NULL, 0) @ kernel_graphics.c:2519
[   53.508390] NVRM: vaListDestroy: non-zero mapCount(pVaList): 0x1
[   53.508395] NVRM: vaListDestroy: non-zero mapCount(pVaList): 0x1
[   53.508398] NVRM: vaListDestroy: non-zero mapCount(pVaList): 0x1
[   53.508400] NVRM: vaListDestroy: non-zero mapCount(pVaList): 0x1
[   53.511823] NVRM: nvCheckOkFailedNoLog: Check failed: Call not supported [NV_ERR_NOT_SUPPORTED] (0x00000056) returned from kgraphicsCreateGoldenImageChannel(pGpu, pKernelGraphics) @ kernel_graphics.c:508
[   53.511829] NVRM: nvAssertFailedNoLog: Assertion failed: 0 @ kernel_fifo.c:3129
[   53.519421] NVRM: rpcRmApiAlloc_GSP: GspRmAlloc failed: hClient=0xc1d0001c; hParent=0x31415903; hObject=0x31415900; hClass=0x0000c36f; paramsSize=0x00000170; paramsStatus=0x00000056; status=0x00000056
[   53.519503] NVRM: nvAssertOkFailedNoLog: Assertion failed: Call not supported [NV_ERR_NOT_SUPPORTED] (0x00000056) returned from status @ kernel_channel.c:2827
[   53.519512] NVRM: nvAssertOkFailedNoLog: Assertion failed: Call not supported [NV_ERR_NOT_SUPPORTED] (0x00000056) returned from _kchannelSendChannelAllocRpc(pKernelChannel, pChannelGpfifoParams, pKernelChannelGroup, bFullSriov) @ kernel_channel.c:940
[   53.520538] NVRM: nvAssertFailedNoLog: Assertion failed: status == NV_OK @ kernel_rc_watchdog.c:1198
[   53.523068] NVRM: rpcRmApiAlloc_GSP: GspRmAlloc failed: hClient=0xc1d0001d; hParent=0xcaf00001; hObject=0xcaf00002; hClass=0x0000402c; paramsSize=0x00000000; paramsStatus=0x00000056; status=0x00000056
[  100.429694] NVRM: kgmmuClientShadowFaultBufferUnregister_IMPL: Unregistering non-replayable fault buffer failed (status=0x00000056), proceeding...
[  100.430289] NVRM: kgmmuFaultBufferReplayableDestroy_IMPL: Unregistering Replayable Fault buffer failed (status=0x00000056), proceeding...
[  100.430878] NVRM: uvmTerminateAccessCntrBuffer_IMPL: Unloading UVM Access counters failed (status=0x00000056), proceeding...
[  100.678241] NVRM: nvAssertFailedNoLog: Assertion failed: (status == NV_OK) || (status == NV_ERR_GPU_IN_FULLCHIP_RESET) @ fecs_event_list.c:1623
[  100.699905] NVRM: nvCheckOkFailedNoLog: Check failed: Call not supported [NV_ERR_NOT_SUPPORTED] (0x00000056) returned from pRmApi->Control(pRmApi, pGpu->hInternalClient, pGpu->hInternalSubdevice, NV2080_CTRL_CMD_INTERNAL_INIT_USER_SHARED_DATA, &params, sizeof(params)) @ gpu_user_shared_data.c:213
[  104.700052] NVRM: _threadNodeCheckTimeout: _threadNodeCheckTimeout: currentTime: f4211c81ed180 >= f4211c81ed180
[  104.700059] NVRM: _threadNodeCheckTimeout: _threadNodeCheckTimeout: Timeout was set to: 4000 msecs!
[  104.700069] NVRM: nvAssertOkFailedNoLog: Assertion failed: Call timed out [NV_ERR_TIMEOUT] (0x00000065) returned from Failed to switch core to Falcon mode @ kernel_falcon_ga102.c:169
[  104.706162] NVRM: _threadNodeCheckTimeout: _threadNodeCheckTimeout: currentTime: f4211c87a5f00 >= f4211c81ed180
[  104.706173] NVRM: _threadNodeCheckTimeout: _threadNodeCheckTimeout: Timeout was set to: 4000 msecs!
[  104.709858] NVRM: _threadNodeCheckTimeout: _threadNodeCheckTimeout: currentTime: f4211c8a825c0 >= f4211c81ed180
[  104.709866] NVRM: _threadNodeCheckTimeout: _threadNodeCheckTimeout: Timeout was set to: 4000 msecs!
[  104.710383] NVRM: _threadNodeCheckTimeout: _threadNodeCheckTimeout: currentTime: f4211c8b76800 >= f4211c81ed180
[  104.710390] NVRM: _threadNodeCheckTimeout: _threadNodeCheckTimeout: Timeout was set to: 4000 msecs!
[  104.710397] NVRM: kflcnWaitForHalt_TU102: Timeout waiting for Falcon to halt
[  104.710403] NVRM: kgspExecuteFwsec_TU102: failed to execute FWSEC cmd 0x19: status 0x65
[  104.710407] NVRM: kgspExecuteFwsec_TU102: (note: VBIOS version 94.18.00.00.00)
[  104.710412] NVRM: kgspTeardown_TU102: failed to execute FWSEC-SB for PreOsApps during driver unload: 0x65
[  104.710417] NVRM: nvAssertFailedNoLog: Assertion failed: FWSEC-SB failed @ kernel_gsp_tu102.c:655
[  104.726956] NVRM: _threadNodeCheckTimeout: _threadNodeCheckTimeout: currentTime: f4211c9ab8c00 >= f4211c81ed180
[  104.726964] NVRM: _threadNodeCheckTimeout: _threadNodeCheckTimeout: Timeout was set to: 4000 msecs!
[  104.741505] NVRM: _threadNodeCheckTimeout: _threadNodeCheckTimeout: currentTime: f4211ca906dc0 >= f4211c81ed180
[  104.741514] NVRM: _threadNodeCheckTimeout: _threadNodeCheckTimeout: Timeout was set to: 4000 msecs!
[  109.279178] NVRM: nvAssertOkFailedNoLog: Assertion failed: Call not supported [NV_ERR_NOT_SUPPORTED] (0x00000056) returned from pRmApi->Control(pRmApi, pGpu->hInternalClient, pGpu->hInternalSubdevice, NV2080_CTRL_CMD_INTERNAL_INIT_USER_SHARED_DATA, &params, sizeof(params)) @ gpu_user_shared_data.c:233
[  109.279290] NVRM: nvAssertOkFailedNoLog: Assertion failed: Call not supported [NV_ERR_NOT_SUPPORTED] (0x00000056) returned from pRmApi->Control(pRmApi, pGpu->hInternalClient, pGpu->hInternalSubdevice, NV2080_CTRL_CMD_INTERNAL_USER_SHARED_DATA_SET_DATA_POLL, &params, sizeof(params)) @ gpu_user_shared_data.c:268
[  109.295031] NVRM: kperfGpuBoostSyncStateInit_IMPL: Failed to read Sync Gpu Boost init state, status=0x56
[  109.296954] NVRM: kperfGpuBoostSyncStateInit_IMPL: Failed to read Sync Gpu Boost init state, status=0x56
[  109.297090] NVRM: nvAssertOkFailedNoLog: Assertion failed: Call not supported [NV_ERR_NOT_SUPPORTED] (0x00000056) returned from pRmApi->Control(pRmApi, pGpu->hInternalClient, pGpu->hInternalSubdevice, NV2080_CTRL_CMD_INTERNAL_CE_GET_PCE_CONFIG_FOR_LCE_TYPE, &pceConfigParams, sizeof(pceConfigParams)) @ kernel_ce.c:1020
[  109.297098] NVRM: nvAssertOkFailedNoLog: Assertion failed: Call not supported [NV_ERR_NOT_SUPPORTED] (0x00000056) returned from kceGetPceConfigForLceType(pGpu, pKCe, NV2080_CTRL_CE_LCE_TYPE_DECOMP, &numPcesPerLce, &numLces, &supportedPceMask, &supportedLceMask, &pcesPerHshub) @ kernel_ce_gp100.c:62
[  109.650363] NVRM: nvCheckOkFailedNoLog: Check failed: Call not supported [NV_ERR_NOT_SUPPORTED] (0x00000056) returned from kgrobjPromoteContext(pGpu, pKernelGraphicsObject, pKernelGraphics) @ kernel_graphics_object.c:224
[  109.650970] NVRM: nvAssertOkFailedNoLog: Assertion failed: Call not supported [NV_ERR_NOT_SUPPORTED] (0x00000056) returned from pRmApi->AllocWithHandle(pRmApi, hClientId, hChannelId, hObj3D, classNum, NULL, 0) @ kernel_graphics.c:2519
[  109.653005] NVRM: vaListDestroy: non-zero mapCount(pVaList): 0x1
[  109.653010] NVRM: vaListDestroy: non-zero mapCount(pVaList): 0x1
[  109.653110] NVRM: vaListDestroy: non-zero mapCount(pVaList): 0x1
[  109.653114] NVRM: vaListDestroy: non-zero mapCount(pVaList): 0x1
[  109.656430] NVRM: nvCheckOkFailedNoLog: Check failed: Call not supported [NV_ERR_NOT_SUPPORTED] (0x00000056) returned from kgraphicsCreateGoldenImageChannel(pGpu, pKernelGraphics) @ kernel_graphics.c:508
[  109.656436] NVRM: nvAssertFailedNoLog: Assertion failed: 0 @ kernel_fifo.c:3129
[  109.663718] NVRM: rpcRmApiAlloc_GSP: GspRmAlloc failed: hClient=0xc1d00029; hParent=0x31415903; hObject=0x31415900; hClass=0x0000c36f; paramsSize=0x00000170; paramsStatus=0x00000056; status=0x00000056
[  109.663725] NVRM: nvAssertOkFailedNoLog: Assertion failed: Call not supported [NV_ERR_NOT_SUPPORTED] (0x00000056) returned from status @ kernel_channel.c:2827
[  109.663732] NVRM: nvAssertOkFailedNoLog: Assertion failed: Call not supported [NV_ERR_NOT_SUPPORTED] (0x00000056) returned from _kchannelSendChannelAllocRpc(pKernelChannel, pChannelGpfifoParams, pKernelChannelGroup, bFullSriov) @ kernel_channel.c:940
[  109.664755] NVRM: nvAssertFailedNoLog: Assertion failed: status == NV_OK @ kernel_rc_watchdog.c:1198
[  109.666873] NVRM: rpcRmApiAlloc_GSP: GspRmAlloc failed: hClient=0xc1d0002a; hParent=0xcaf00001; hObject=0xcaf00002; hClass=0x0000402c; paramsSize=0x00000000; paramsStatus=0x00000056; status=0x00000056
[  118.062667] NVRM: kgmmuClientShadowFaultBufferUnregister_IMPL: Unregistering non-replayable fault buffer failed (status=0x00000056), proceeding...
[  118.063220] NVRM: kgmmuFaultBufferReplayableDestroy_IMPL: Unregistering Replayable Fault buffer failed (status=0x00000056), proceeding...
[  118.063798] NVRM: uvmTerminateAccessCntrBuffer_IMPL: Unloading UVM Access counters failed (status=0x00000056), proceeding...
[  118.301185] NVRM: nvAssertFailedNoLog: Assertion failed: (status == NV_OK) || (status == NV_ERR_GPU_IN_FULLCHIP_RESET) @ fecs_event_list.c:1623
[  118.322396] NVRM: nvCheckOkFailedNoLog: Check failed: Call not supported [NV_ERR_NOT_SUPPORTED] (0x00000056) returned from pRmApi->Control(pRmApi, pGpu->hInternalClient, pGpu->hInternalSubdevice, NV2080_CTRL_CMD_INTERNAL_INIT_USER_SHARED_DATA, &params, sizeof(params)) @ gpu_user_shared_data.c:213
[  122.323067] NVRM: _threadNodeCheckTimeout: _threadNodeCheckTimeout: currentTime: f4215e2887540 >= f4215e2887540
[  122.323075] NVRM: _threadNodeCheckTimeout: _threadNodeCheckTimeout: Timeout was set to: 4000 msecs!
[  122.323086] NVRM: nvAssertOkFailedNoLog: Assertion failed: Call timed out [NV_ERR_TIMEOUT] (0x00000065) returned from Failed to switch core to Falcon mode @ kernel_falcon_ga102.c:169
[  122.328156] NVRM: _threadNodeCheckTimeout: _threadNodeCheckTimeout: currentTime: f4215e2d4c080 >= f4215e2887540
[  122.328165] NVRM: _threadNodeCheckTimeout: _threadNodeCheckTimeout: Timeout was set to: 4000 msecs!
[  122.331333] NVRM: _threadNodeCheckTimeout: _threadNodeCheckTimeout: currentTime: f4215e3028740 >= f4215e2887540
[  122.331340] NVRM: _threadNodeCheckTimeout: _threadNodeCheckTimeout: Timeout was set to: 4000 msecs!
[  122.331678] NVRM: _threadNodeCheckTimeout: _threadNodeCheckTimeout: currentTime: f4215e3028740 >= f4215e2887540
[  122.331683] NVRM: _threadNodeCheckTimeout: _threadNodeCheckTimeout: Timeout was set to: 4000 msecs!
[  122.331690] NVRM: kflcnWaitForHalt_TU102: Timeout waiting for Falcon to halt
[  122.331695] NVRM: kgspExecuteFwsec_TU102: failed to execute FWSEC cmd 0x19: status 0x65
[  122.331698] NVRM: kgspExecuteFwsec_TU102: (note: VBIOS version 94.18.00.00.00)
[  122.331702] NVRM: kgspTeardown_TU102: failed to execute FWSEC-SB for PreOsApps during driver unload: 0x65
[  122.331707] NVRM: nvAssertFailedNoLog: Assertion failed: FWSEC-SB failed @ kernel_gsp_tu102.c:655
[  126.579395] NVRM: nvAssertOkFailedNoLog: Assertion failed: Call not supported [NV_ERR_NOT_SUPPORTED] (0x00000056) returned from pRmApi->Control(pRmApi, pGpu->hInternalClient, pGpu->hInternalSubdevice, NV2080_CTRL_CMD_INTERNAL_INIT_USER_SHARED_DATA, &params, sizeof(params)) @ gpu_user_shared_data.c:233
[  126.579591] NVRM: nvAssertOkFailedNoLog: Assertion failed: Call not supported [NV_ERR_NOT_SUPPORTED] (0x00000056) returned from pRmApi->Control(pRmApi, pGpu->hInternalClient, pGpu->hInternalSubdevice, NV2080_CTRL_CMD_INTERNAL_USER_SHARED_DATA_SET_DATA_POLL, &params, sizeof(params)) @ gpu_user_shared_data.c:268
[  126.594558] NVRM: kperfGpuBoostSyncStateInit_IMPL: Failed to read Sync Gpu Boost init state, status=0x56
[  126.596429] NVRM: kperfGpuBoostSyncStateInit_IMPL: Failed to read Sync Gpu Boost init state, status=0x56
[  126.596503] NVRM: nvAssertOkFailedNoLog: Assertion failed: Call not supported [NV_ERR_NOT_SUPPORTED] (0x00000056) returned from pRmApi->Control(pRmApi, pGpu->hInternalClient, pGpu->hInternalSubdevice, NV2080_CTRL_CMD_INTERNAL_CE_GET_PCE_CONFIG_FOR_LCE_TYPE, &pceConfigParams, sizeof(pceConfigParams)) @ kernel_ce.c:1020
[  126.596512] NVRM: nvAssertOkFailedNoLog: Assertion failed: Call not supported [NV_ERR_NOT_SUPPORTED] (0x00000056) returned from kceGetPceConfigForLceType(pGpu, pKCe, NV2080_CTRL_CE_LCE_TYPE_DECOMP, &numPcesPerLce, &numLces, &supportedPceMask, &supportedLceMask, &pcesPerHshub) @ kernel_ce_gp100.c:62
[  126.931159] NVRM: nvCheckOkFailedNoLog: Check failed: Call not supported [NV_ERR_NOT_SUPPORTED] (0x00000056) returned from kgrobjPromoteContext(pGpu, pKernelGraphicsObject, pKernelGraphics) @ kernel_graphics_object.c:224
[  126.931762] NVRM: nvAssertOkFailedNoLog: Assertion failed: Call not supported [NV_ERR_NOT_SUPPORTED] (0x00000056) returned from pRmApi->AllocWithHandle(pRmApi, hClientId, hChannelId, hObj3D, classNum, NULL, 0) @ kernel_graphics.c:2519
[  126.933568] NVRM: vaListDestroy: non-zero mapCount(pVaList): 0x1
[  126.933573] NVRM: vaListDestroy: non-zero mapCount(pVaList): 0x1
[  126.933576] NVRM: vaListDestroy: non-zero mapCount(pVaList): 0x1
[  126.933578] NVRM: vaListDestroy: non-zero mapCount(pVaList): 0x1
[  126.936291] NVRM: nvCheckOkFailedNoLog: Check failed: Call not supported [NV_ERR_NOT_SUPPORTED] (0x00000056) returned from kgraphicsCreateGoldenImageChannel(pGpu, pKernelGraphics) @ kernel_graphics.c:508
[  126.936297] NVRM: nvAssertFailedNoLog: Assertion failed: 0 @ kernel_fifo.c:3129
[  126.943263] NVRM: rpcRmApiAlloc_GSP: GspRmAlloc failed: hClient=0xc1d00036; hParent=0x31415903; hObject=0x31415900; hClass=0x0000c36f; paramsSize=0x00000170; paramsStatus=0x00000056; status=0x00000056
[  126.943270] NVRM: nvAssertOkFailedNoLog: Assertion failed: Call not supported [NV_ERR_NOT_SUPPORTED] (0x00000056) returned from status @ kernel_channel.c:2827
[  126.943277] NVRM: nvAssertOkFailedNoLog: Assertion failed: Call not supported [NV_ERR_NOT_SUPPORTED] (0x00000056) returned from _kchannelSendChannelAllocRpc(pKernelChannel, pChannelGpfifoParams, pKernelChannelGroup, bFullSriov) @ kernel_channel.c:940
[  126.944266] NVRM: nvAssertFailedNoLog: Assertion failed: status == NV_OK @ kernel_rc_watchdog.c:1198
[  126.946455] NVRM: rpcRmApiAlloc_GSP: GspRmAlloc failed: hClient=0xc1d00037; hParent=0xcaf00001; hObject=0xcaf00002; hClass=0x0000402c; paramsSize=0x00000000; paramsStatus=0x00000056; status=0x00000056
[  136.113234] NVRM: kgmmuClientShadowFaultBufferUnregister_IMPL: Unregistering non-replayable fault buffer failed (status=0x00000056), proceeding...
[  136.113727] NVRM: kgmmuFaultBufferReplayableDestroy_IMPL: Unregistering Replayable Fault buffer failed (status=0x00000056), proceeding...
[  136.114291] NVRM: uvmTerminateAccessCntrBuffer_IMPL: Unloading UVM Access counters failed (status=0x00000056), proceeding...
[  136.354622] NVRM: nvAssertFailedNoLog: Assertion failed: (status == NV_OK) || (status == NV_ERR_GPU_IN_FULLCHIP_RESET) @ fecs_event_list.c:1623
[  136.376183] NVRM: nvCheckOkFailedNoLog: Check failed: Call not supported [NV_ERR_NOT_SUPPORTED] (0x00000056) returned from pRmApi->Control(pRmApi, pGpu->hInternalClient, pGpu->hInternalSubdevice, NV2080_CTRL_CMD_INTERNAL_INIT_USER_SHARED_DATA, &params, sizeof(params)) @ gpu_user_shared_data.c:213
[  140.376052] NVRM: _threadNodeCheckTimeout: _threadNodeCheckTimeout: currentTime: f421a16936080 >= f421a16936080
[  140.376161] NVRM: _threadNodeCheckTimeout: _threadNodeCheckTimeout: Timeout was set to: 4000 msecs!
[  140.376172] NVRM: nvAssertOkFailedNoLog: Assertion failed: Call timed out [NV_ERR_TIMEOUT] (0x00000065) returned from Failed to switch core to Falcon mode @ kernel_falcon_ga102.c:169
[  140.382142] NVRM: _threadNodeCheckTimeout: _threadNodeCheckTimeout: currentTime: f421a16eeee00 >= f421a16936080
[  140.382275] NVRM: _threadNodeCheckTimeout: _threadNodeCheckTimeout: Timeout was set to: 4000 msecs!
[  140.385427] NVRM: _threadNodeCheckTimeout: _threadNodeCheckTimeout: currentTime: f421a171cb4c0 >= f421a16936080
[  140.385435] NVRM: _threadNodeCheckTimeout: _threadNodeCheckTimeout: Timeout was set to: 4000 msecs!
[  140.385817] NVRM: _threadNodeCheckTimeout: _threadNodeCheckTimeout: currentTime: f421a171cb4c0 >= f421a16936080
[  140.385822] NVRM: _threadNodeCheckTimeout: _threadNodeCheckTimeout: Timeout was set to: 4000 msecs!
[  140.385829] NVRM: kflcnWaitForHalt_TU102: Timeout waiting for Falcon to halt
[  140.385834] NVRM: kgspExecuteFwsec_TU102: failed to execute FWSEC cmd 0x19: status 0x65
[  140.385838] NVRM: kgspExecuteFwsec_TU102: (note: VBIOS version 94.18.00.00.00)
[  140.385842] NVRM: kgspTeardown_TU102: failed to execute FWSEC-SB for PreOsApps during driver unload: 0x65
[  140.385847] NVRM: nvAssertFailedNoLog: Assertion failed: FWSEC-SB failed @ kernel_gsp_tu102.c:655
[  140.400921] NVRM: _threadNodeCheckTimeout: _threadNodeCheckTimeout: currentTime: f421a18019680 >= f421a16936080
[  140.400928] NVRM: _threadNodeCheckTimeout: _threadNodeCheckTimeout: Timeout was set to: 4000 msecs!
[  140.415172] NVRM: _threadNodeCheckTimeout: _threadNodeCheckTimeout: currentTime: f421a18e67840 >= f421a16936080
[  140.415179] NVRM: _threadNodeCheckTimeout: _threadNodeCheckTimeout: Timeout was set to: 4000 msecs!
[  145.107643] NVRM: nvAssertOkFailedNoLog: Assertion failed: Call not supported [NV_ERR_NOT_SUPPORTED] (0x00000056) returned from pRmApi->Control(pRmApi, pGpu->hInternalClient, pGpu->hInternalSubdevice, NV2080_CTRL_CMD_INTERNAL_INIT_USER_SHARED_DATA, &params, sizeof(params)) @ gpu_user_shared_data.c:233
[  145.107713] NVRM: nvAssertOkFailedNoLog: Assertion failed: Call not supported [NV_ERR_NOT_SUPPORTED] (0x00000056) returned from pRmApi->Control(pRmApi, pGpu->hInternalClient, pGpu->hInternalSubdevice, NV2080_CTRL_CMD_INTERNAL_USER_SHARED_DATA_SET_DATA_POLL, &params, sizeof(params)) @ gpu_user_shared_data.c:268
[  145.122313] NVRM: kperfGpuBoostSyncStateInit_IMPL: Failed to read Sync Gpu Boost init state, status=0x56
[  145.124264] NVRM: kperfGpuBoostSyncStateInit_IMPL: Failed to read Sync Gpu Boost init state, status=0x56
[  145.124334] NVRM: nvAssertOkFailedNoLog: Assertion failed: Call not supported [NV_ERR_NOT_SUPPORTED] (0x00000056) returned from pRmApi->Control(pRmApi, pGpu->hInternalClient, pGpu->hInternalSubdevice, NV2080_CTRL_CMD_INTERNAL_CE_GET_PCE_CONFIG_FOR_LCE_TYPE, &pceConfigParams, sizeof(pceConfigParams)) @ kernel_ce.c:1020
[  145.124342] NVRM: nvAssertOkFailedNoLog: Assertion failed: Call not supported [NV_ERR_NOT_SUPPORTED] (0x00000056) returned from kceGetPceConfigForLceType(pGpu, pKCe, NV2080_CTRL_CE_LCE_TYPE_DECOMP, &numPcesPerLce, &numLces, &supportedPceMask, &supportedLceMask, &pcesPerHshub) @ kernel_ce_gp100.c:62
[  145.455391] NVRM: nvCheckOkFailedNoLog: Check failed: Call not supported [NV_ERR_NOT_SUPPORTED] (0x00000056) returned from kgrobjPromoteContext(pGpu, pKernelGraphicsObject, pKernelGraphics) @ kernel_graphics_object.c:224
[  145.455955] NVRM: nvAssertOkFailedNoLog: Assertion failed: Call not supported [NV_ERR_NOT_SUPPORTED] (0x00000056) returned from pRmApi->AllocWithHandle(pRmApi, hClientId, hChannelId, hObj3D, classNum, NULL, 0) @ kernel_graphics.c:2519
[  145.457741] NVRM: vaListDestroy: non-zero mapCount(pVaList): 0x1
[  145.457750] NVRM: vaListDestroy: non-zero mapCount(pVaList): 0x1
[  145.457757] NVRM: vaListDestroy: non-zero mapCount(pVaList): 0x1
[  145.457762] NVRM: vaListDestroy: non-zero mapCount(pVaList): 0x1
[  145.460848] NVRM: nvCheckOkFailedNoLog: Check failed: Call not supported [NV_ERR_NOT_SUPPORTED] (0x00000056) returned from kgraphicsCreateGoldenImageChannel(pGpu, pKernelGraphics) @ kernel_graphics.c:508
[  145.461204] NVRM: nvAssertFailedNoLog: Assertion failed: 0 @ kernel_fifo.c:3129
[  145.470835] NVRM: rpcRmApiAlloc_GSP: GspRmAlloc failed: hClient=0xc1d00043; hParent=0x31415903; hObject=0x31415900; hClass=0x0000c36f; paramsSize=0x00000170; paramsStatus=0x00000056; status=0x00000056
[  145.470848] NVRM: nvAssertOkFailedNoLog: Assertion failed: Call not supported [NV_ERR_NOT_SUPPORTED] (0x00000056) returned from status @ kernel_channel.c:2827
[  145.470863] NVRM: nvAssertOkFailedNoLog: Assertion failed: Call not supported [NV_ERR_NOT_SUPPORTED] (0x00000056) returned from _kchannelSendChannelAllocRpc(pKernelChannel, pChannelGpfifoParams, pKernelChannelGroup, bFullSriov) @ kernel_channel.c:940
[  145.473385] NVRM: nvAssertFailedNoLog: Assertion failed: status == NV_OK @ kernel_rc_watchdog.c:1198
[  145.476824] NVRM: rpcRmApiAlloc_GSP: GspRmAlloc failed: hClient=0xc1d00044; hParent=0xcaf00001; hObject=0xcaf00002; hClass=0x0000402c; paramsSize=0x00000000; paramsStatus=0x00000056; status=0x00000056
[  231.440088] NVRM: kgmmuClientShadowFaultBufferUnregister_IMPL: Unregistering non-replayable fault buffer failed (status=0x00000056), proceeding...
[  231.440590] NVRM: kgmmuFaultBufferReplayableDestroy_IMPL: Unregistering Replayable Fault buffer failed (status=0x00000056), proceeding...
[  231.441092] NVRM: uvmTerminateAccessCntrBuffer_IMPL: Unloading UVM Access counters failed (status=0x00000056), proceeding...
[  231.684273] NVRM: nvAssertFailedNoLog: Assertion failed: (status == NV_OK) || (status == NV_ERR_GPU_IN_FULLCHIP_RESET) @ fecs_event_list.c:1623
[  231.706251] NVRM: nvCheckOkFailedNoLog: Check failed: Call not supported [NV_ERR_NOT_SUPPORTED] (0x00000056) returned from pRmApi->Control(pRmApi, pGpu->hInternalClient, pGpu->hInternalSubdevice, NV2080_CTRL_CMD_INTERNAL_INIT_USER_SHARED_DATA, &params, sizeof(params)) @ gpu_user_shared_data.c:213
[  235.706051] NVRM: _threadNodeCheckTimeout: _threadNodeCheckTimeout: currentTime: f423048afbd00 >= f423048afbd00
[  235.706058] NVRM: _threadNodeCheckTimeout: _threadNodeCheckTimeout: Timeout was set to: 4000 msecs!
[  235.706069] NVRM: nvAssertOkFailedNoLog: Assertion failed: Call timed out [NV_ERR_TIMEOUT] (0x00000065) returned from Failed to switch core to Falcon mode @ kernel_falcon_ga102.c:169
[  235.715141] NVRM: _threadNodeCheckTimeout: _threadNodeCheckTimeout: currentTime: f423049391140 >= f423048afbd00
[  235.715153] NVRM: _threadNodeCheckTimeout: _threadNodeCheckTimeout: Timeout was set to: 4000 msecs!
[  235.715165] NVRM: kflcnWaitForHalt_TU102: Timeout waiting for Falcon to halt
[  235.715170] NVRM: kgspExecuteFwsec_TU102: failed to execute FWSEC cmd 0x19: status 0x65
[  235.715174] NVRM: kgspExecuteFwsec_TU102: (note: VBIOS version 94.18.00.00.00)
[  235.715364] NVRM: kgspTeardown_TU102: failed to execute FWSEC-SB for PreOsApps during driver unload: 0x65
[  235.715369] NVRM: nvAssertFailedNoLog: Assertion failed: FWSEC-SB failed @ kernel_gsp_tu102.c:655
[  240.505471] NVRM: nvAssertOkFailedNoLog: Assertion failed: Call not supported [NV_ERR_NOT_SUPPORTED] (0x00000056) returned from pRmApi->Control(pRmApi, pGpu->hInternalClient, pGpu->hInternalSubdevice, NV2080_CTRL_CMD_INTERNAL_INIT_USER_SHARED_DATA, &params, sizeof(params)) @ gpu_user_shared_data.c:233
[  240.505581] NVRM: nvAssertOkFailedNoLog: Assertion failed: Call not supported [NV_ERR_NOT_SUPPORTED] (0x00000056) returned from pRmApi->Control(pRmApi, pGpu->hInternalClient, pGpu->hInternalSubdevice, NV2080_CTRL_CMD_INTERNAL_USER_SHARED_DATA_SET_DATA_POLL, &params, sizeof(params)) @ gpu_user_shared_data.c:268
[  240.529191] NVRM: kperfGpuBoostSyncStateInit_IMPL: Failed to read Sync Gpu Boost init state, status=0x56
[  240.533301] NVRM: kperfGpuBoostSyncStateInit_IMPL: Failed to read Sync Gpu Boost init state, status=0x56
[  240.533417] NVRM: nvAssertOkFailedNoLog: Assertion failed: Call not supported [NV_ERR_NOT_SUPPORTED] (0x00000056) returned from pRmApi->Control(pRmApi, pGpu->hInternalClient, pGpu->hInternalSubdevice, NV2080_CTRL_CMD_INTERNAL_CE_GET_PCE_CONFIG_FOR_LCE_TYPE, &pceConfigParams, sizeof(pceConfigParams)) @ kernel_ce.c:1020
[  240.533625] NVRM: nvAssertOkFailedNoLog: Assertion failed: Call not supported [NV_ERR_NOT_SUPPORTED] (0x00000056) returned from kceGetPceConfigForLceType(pGpu, pKCe, NV2080_CTRL_CE_LCE_TYPE_DECOMP, &numPcesPerLce, &numLces, &supportedPceMask, &supportedLceMask, &pcesPerHshub) @ kernel_ce_gp100.c:62
[  240.876070] NVRM: nvCheckOkFailedNoLog: Check failed: Call not supported [NV_ERR_NOT_SUPPORTED] (0x00000056) returned from kgrobjPromoteContext(pGpu, pKernelGraphicsObject, pKernelGraphics) @ kernel_graphics_object.c:224
[  240.876589] NVRM: nvAssertOkFailedNoLog: Assertion failed: Call not supported [NV_ERR_NOT_SUPPORTED] (0x00000056) returned from pRmApi->AllocWithHandle(pRmApi, hClientId, hChannelId, hObj3D, classNum, NULL, 0) @ kernel_graphics.c:2519
[  240.878891] NVRM: vaListDestroy: non-zero mapCount(pVaList): 0x1
[  240.878895] NVRM: vaListDestroy: non-zero mapCount(pVaList): 0x1
[  240.878898] NVRM: vaListDestroy: non-zero mapCount(pVaList): 0x1
[  240.878901] NVRM: vaListDestroy: non-zero mapCount(pVaList): 0x1
[  240.882500] NVRM: nvCheckOkFailedNoLog: Check failed: Call not supported [NV_ERR_NOT_SUPPORTED] (0x00000056) returned from kgraphicsCreateGoldenImageChannel(pGpu, pKernelGraphics) @ kernel_graphics.c:508
[  240.882507] NVRM: nvAssertFailedNoLog: Assertion failed: 0 @ kernel_fifo.c:3129
[  240.889952] NVRM: rpcRmApiAlloc_GSP: GspRmAlloc failed: hClient=0xc1d00050; hParent=0x31415903; hObject=0x31415900; hClass=0x0000c36f; paramsSize=0x00000170; paramsStatus=0x00000056; status=0x00000056
[  240.889959] NVRM: nvAssertOkFailedNoLog: Assertion failed: Call not supported [NV_ERR_NOT_SUPPORTED] (0x00000056) returned from status @ kernel_channel.c:2827
[  240.889966] NVRM: nvAssertOkFailedNoLog: Assertion failed: Call not supported [NV_ERR_NOT_SUPPORTED] (0x00000056) returned from _kchannelSendChannelAllocRpc(pKernelChannel, pChannelGpfifoParams, pKernelChannelGroup, bFullSriov) @ kernel_channel.c:940
[  240.891000] NVRM: nvAssertFailedNoLog: Assertion failed: status == NV_OK @ kernel_rc_watchdog.c:1198
[  240.893571] NVRM: rpcRmApiAlloc_GSP: GspRmAlloc failed: hClient=0xc1d00051; hParent=0xcaf00001; hObject=0xcaf00002; hClass=0x0000402c; paramsSize=0x00000000; paramsStatus=0x00000056; status=0x00000056
