=== boot_capture tag=c2surface2 at 2026-10-04T12:09:43+00:00 ===
=== source revision: 9d82f259 ===
=== qemu binary: -rwxr-xr-x 1 root root 90002544 Oct  4 11:08 /workspace/bench/kf3-bins/9d82f259/qemu-system-x86_64 ===
=== archive rev STAMPED IN THE BINARY: 
=== BUILD_REV.txt says (informational, NOT authoritative): 
=== helpers (KAYFABE_BENCH_HELPERS=repo) ===
    used: /root/kayfabe/scripts/bench/boot_nvkvm.sh  sha256=82f88b7bb676717a
    used: /root/kayfabe/scripts/bench/gssh_nv  sha256=1785ac20cc7af28d
WAS_LOADED
MODPROBE_RC=0
=== nvidia-smi (the device open) ===
Sun Oct  4 12:09:50 2026       
+-----------------------------------------------------------------------------------------+
| NVIDIA-SMI 580.159.04             Driver Version: 580.159.04     CUDA Version: 13.0     |
+-----------------------------------------+------------------------+----------------------+
| GPU  Name                 Persistence-M | Bus-Id          Disp.A | Volatile Uncorr. ECC |
| Fan  Temp   Perf          Pwr:Usage/Cap |           Memory-Usage | GPU-Util  Compute M. |
|                                         |                        |               MIG M. |
|=========================================+========================+======================|
|   0  NVIDIA GeForce RTX 3060        Off |   00000000:00:02.0 Off |                  N/A |
| N/A   N/A  N/A             N/A  /  N/A  |       0MiB /   8192MiB |     N/A      Default |
|                                         |                        |                  N/A |
+-----------------------------------------+------------------------+----------------------+

+-----------------------------------------------------------------------------------------+
| Processes:                                                                              |
|  GPU   GI   CI              PID   Type   Process name                        GPU Memory |
|        ID   ID                                                               Usage      |
|=========================================================================================|
|  No running processes found                                                             |
+-----------------------------------------------------------------------------------------+
SMI_RC=0
=== /dev nodes (AFTER the open — they are created by it) ===
crw-rw-rw- 1 root root 237,   0 Oct  4 12:09 /dev/nvidia-uvm
crw-rw-rw- 1 root root 237,   1 Oct  4 12:09 /dev/nvidia-uvm-tools
crw-rw-rw- 1 root root 195,   0 Oct  4 12:09 /dev/nvidia0
crw-rw-rw- 1 root root 195, 255 Oct  4 12:09 /dev/nvidiactl

/dev/nvidia-caps:
total 0
drwxr-xr-x  2 root root     80 Oct  4 12:09 .
drwxr-xr-x 19 root root   4040 Oct  4 12:09 ..
cr--------  1 root root 240, 1 Oct  4 12:09 nvidia-cap1
cr--r--r--  1 root root 240, 2 Oct  4 12:09 nvidia-cap2
=== lsmod ===
nvidia_uvm           2166784  0
nvidia              14417920  1 nvidia_uvm
ecc                    45056  1 nvidia
=== POST_CAPTURE_HOOK /root/refresh_hint_hook.py at 2026-10-04T12:09:53+00:00 ===
R6_EDID {"width": 1920, "height": 1080, "hz": 29.938412408759124, "sha256": "850a322aa54f04b28f88a845cff50f8b6a4859da51bc3765479c47ee5fcd0855", "requested_hz": 30}
R6_EDID {"width": 1920, "height": 1080, "hz": 49.98956739463068, "sha256": "97b1dd0c7795f4af48cb5bf31a1d88f0c1ef4a94830bfdc1f6474c38a384398b", "requested_hz": 50}
R6_EDID {"width": 1920, "height": 1080, "hz": 60.0, "sha256": "02f2c5ed964317f61e61b5212d8a7433f66702d29f9fa224019f15868070c89a", "requested_hz": 60}
R6_VERDICT PASS refresh-only=3 duplicate=3 size=1920x1080
HOOK_RC=0
=== GUEST dmesg AFTER the workload (phase 3b captured 28 lines BEFORE it) ===
GUEST_DMESG_AFTER_LINES=60
GUEST_DMESG_AFTER_NVRM=44
GUEST_DMESG_WORKLOAD_DELTA=32
=== HOST dmesg delta for this boot (watermark 819 → 819) ===
HOST_DMESG_LINES=0
HOST_DMESG_NVRM=0
0
HOST_DMESG_XID=0
0
