== kf3 build: QEMU 10.2.4 rev 8c86c94a
warning: missing documentation for a function
    --> crates/kf-util/src/lock.rs:1150:5
     |
1150 |     pub fn note_wait(rank: LockRank, d: Duration) {
     |     ^^^^^^^^^^^^^^^^^^^^^^^^^^^^^^^^^^^^^^^^^^^^^
     |
     = note: requested on the command line with `-W missing-docs`

warning: missing documentation for a function
    --> crates/kf-util/src/lock.rs:1432:5
     |
1432 |     pub fn note_hold(rank: LockRank, d: Duration) {
     |     ^^^^^^^^^^^^^^^^^^^^^^^^^^^^^^^^^^^^^^^^^^^^^

warning: missing documentation for a function
   --> crates/kf-util/src/lockwitness.rs:193:5
    |
193 |     pub fn is_vcpu() -> bool {
    |     ^^^^^^^^^^^^^^^^^^^^^^^^

warning: `kf-util` (lib) generated 3 warnings
warning: missing documentation for a method
   --> crates/kf-arch/src/gsp.rs:814:5
    |
814 | /     fn on_read(
815 | |         &self,
816 | |         _model: &dyn GspModel,
817 | |         _bar: u8,
...   |
820 | |         _state: &ArchBootState,
821 | |     ) -> Option<u64> {
    | |____________________^
    |
    = note: requested on the command line with `-W missing-docs`

warning: missing documentation for a method
   --> crates/kf-arch/src/gsp.rs:943:5
    |
943 |     fn libos_region_layout(&self) -> LibosRegionLayout;
    |     ^^^^^^^^^^^^^^^^^^^^^^^^^^^^^^^^^^^^^^^^^^^^^^^^^^^

warning: `kf-arch` (lib) generated 2 warnings
warning: value assigned to `prop` is never read
    --> crates/kf-cuda/src/driver_unsafe.rs:1804:9
     |
1804 |         prop.alloc_flags_reserved = [0; 4];
     |         ^^^^^^^^^^^^^^^^^^^^^^^^^^^^^^^^^^
     |
     = help: maybe it is overwritten before being read?
     = note: `#[warn(unused_assignments)]` (part of `#[warn(unused)]`) on by default

warning: variable does not need to be mutable
   --> crates/kf-cuda/src/walk.rs:871:13
    |
871 |         let mut h: KfDev = crate::driver_unsafe::zeroed();
    |             ----^
    |             |
    |             help: remove this `mut`
    |
    = note: `#[warn(unused_mut)]` (part of `#[warn(unused)]`) on by default

warning: fields `cuMemUnmap` and `cuMemAddressFree` are never read
   --> crates/kf-cuda/src/driver_unsafe.rs:253:16
    |
120 | pub struct Cuda {
    |            ---- fields in this struct
...
253 |     pub(crate) cuMemUnmap: Option<unsafe extern "C" fn(u64, usize) -> CUresult>,
    |                ^^^^^^^^^^
254 |     pub(crate) cuMemAddressFree: Option<unsafe extern "C" fn(u64, usize) -> CUresult>,
    |                ^^^^^^^^^^^^^^^^
    |
    = note: `#[warn(dead_code)]` (part of `#[warn(unused)]`) on by default

warning: missing documentation for a method
    --> crates/kf-cuda/src/driver_unsafe.rs:1742:5
     |
1742 | /     pub fn export_device_allocation(
1743 | |         &self,
1744 | |         device: i32,
1745 | |         bytes: usize,
1746 | |     ) -> Result<ExportedAllocation, String> {
     | |___________________________________________^
     |
     = note: requested on the command line with `-W missing-docs`

warning: `kf-cuda` (lib) generated 4 warnings (run `cargo fix --lib -p kf-cuda` to apply 1 suggestion)
warning: missing documentation for a method
    --> crates/kf-gsp/src/boot.rs:2431:5
     |
2431 |     pub fn release_held(&mut self, ram: &mut dyn GuestRam) -> Result<usize, GspFault> {
     |     ^^^^^^^^^^^^^^^^^^^^^^^^^^^^^^^^^^^^^^^^^^^^^^^^^^^^^^^^^^^^^^^^^^^^^^^^^^^^^^^^^
     |
     = note: requested on the command line with `-W missing-docs`

warning: missing documentation for a method
    --> crates/kf-gsp/src/boot.rs:2539:5
     |
2539 | /     pub fn post_event(
2540 | |         &mut self,
2541 | |         ram: &mut dyn GuestRam,
2542 | |         rpc: &OutgoingRpc,
2543 | |     ) -> Result<(), GspFault> {
     | |_____________________________^

warning: `kf-gsp` (lib) generated 2 warnings
warning: kf-gop-image@0.1.0: embedded boot-display GOP driver: 9216 bytes, x86_64-unknown-uefi
warning: missing documentation for a constant
  --> crates/kf-trap/src/bitmap.rs:23:1
   |
23 | pub const N_TOKENS: usize = 1 << TOKEN_BITS;
   | ^^^^^^^^^^^^^^^^^^^^^^^^^
   |
   = note: requested on the command line with `-W missing-docs`

warning: missing documentation for a constant
  --> crates/kf-trap/src/bitmap.rs:24:1
   |
24 | pub const N_WORDS: usize = N_TOKENS / 64;
   | ^^^^^^^^^^^^^^^^^^^^^^^^

warning: missing documentation for a constant
  --> crates/kf-trap/src/bitmap.rs:25:1
   |
25 | pub const N_SUMMARY: usize = N_WORDS / 64;
   | ^^^^^^^^^^^^^^^^^^^^^^^^^^

warning: missing documentation for a struct
  --> crates/kf-trap/src/bitmap.rs:27:1
   |
27 | pub struct RungBitmap {
   | ^^^^^^^^^^^^^^^^^^^^^

warning: missing documentation for an associated function
  --> crates/kf-trap/src/bitmap.rs:54:5
   |
54 |     pub fn new() -> RungBitmap {
   |     ^^^^^^^^^^^^^^^^^^^^^^^^^^

warning: missing documentation for a constant
  --> crates/kf-trap/src/memmap.rs:32:1
   |
32 | pub const PAGE: u64 = 0x1000;
   | ^^^^^^^^^^^^^^^^^^^

warning: missing documentation for a struct field
  --> crates/kf-trap/src/memmap.rs:59:12
   |
59 |     Hole { why: &'static str },
   |            ^^^^^^^^^^^^^^^^^

warning: missing documentation for a struct field
  --> crates/kf-trap/src/memmap.rs:78:5
   |
78 |     pub bar: Bar,
   |     ^^^^^^^^^^^^

warning: missing documentation for a struct field
  --> crates/kf-trap/src/memmap.rs:79:5
   |
79 |     pub base: u64,
   |     ^^^^^^^^^^^^^

warning: missing documentation for a struct field
  --> crates/kf-trap/src/memmap.rs:80:5
   |
80 |     pub len: u64,
   |     ^^^^^^^^^^^^

warning: missing documentation for a struct field
  --> crates/kf-trap/src/memmap.rs:81:5
   |
81 |     pub how: Disposition,
   |     ^^^^^^^^^^^^^^^^^^^^

warning: missing documentation for a struct field
  --> crates/kf-trap/src/memmap.rs:87:5
   |
87 |     pub regions: Vec<Region>,
   |     ^^^^^^^^^^^^^^^^^^^^^^^^

warning: missing documentation for a struct field
  --> crates/kf-trap/src/memmap.rs:88:5
   |
88 |     pub bar0_bytes: u64,
   |     ^^^^^^^^^^^^^^^^^^^

warning: missing documentation for a struct field
  --> crates/kf-trap/src/memmap.rs:89:5
   |
89 |     pub bar1_bytes: u64,
   |     ^^^^^^^^^^^^^^^^^^^

warning: missing documentation for a struct field
  --> crates/kf-trap/src/memmap.rs:90:5
   |
90 |     pub bar2_bytes: u64,
   |     ^^^^^^^^^^^^^^^^^^^

warning: missing documentation for an enum
  --> crates/kf-trap/src/model.rs:29:1
   |
29 | pub enum S {
   | ^^^^^^^^^^

warning: missing documentation for a variant
  --> crates/kf-trap/src/model.rs:30:5
   |
30 |     Idle,
   |     ^^^^

warning: missing documentation for a variant
  --> crates/kf-trap/src/model.rs:31:5
   |
31 |     Rung,
   |     ^^^^

warning: missing documentation for a variant
  --> crates/kf-trap/src/model.rs:32:5
   |
32 |     Busy,
   |     ^^^^

warning: missing documentation for a variant
  --> crates/kf-trap/src/model.rs:33:5
   |
33 |     BusyRung,
   |     ^^^^^^^^

warning: missing documentation for a struct field
  --> crates/kf-trap/src/ring.rs:44:5
   |
44 |     pub bar: u8,
   |     ^^^^^^^^^^^

warning: missing documentation for a struct field
  --> crates/kf-trap/src/ring.rs:45:5
   |
45 |     pub offset: u32,
   |     ^^^^^^^^^^^^^^^

warning: missing documentation for a struct field
  --> crates/kf-trap/src/ring.rs:46:5
   |
46 |     pub value: u64,
   |     ^^^^^^^^^^^^^^

warning: missing documentation for a struct field
  --> crates/kf-trap/src/ring.rs:47:5
   |
47 |     pub width: u8,
   |     ^^^^^^^^^^^^^

warning: missing documentation for an enum
  --> crates/kf-trap/src/ring.rs:51:1
   |
51 | pub enum Push {
   | ^^^^^^^^^^^^^

warning: missing documentation for a struct
  --> crates/kf-trap/src/ring.rs:61:1
   |
61 | pub struct PrivRing {
   | ^^^^^^^^^^^^^^^^^^^

warning: missing documentation for an associated function
  --> crates/kf-trap/src/ring.rs:80:5
   |
80 |     pub fn new() -> PrivRing {
   |     ^^^^^^^^^^^^^^^^^^^^^^^^

warning: missing documentation for a method
   --> crates/kf-trap/src/ring.rs:179:5
    |
179 |     pub fn is_poisoned(&self) -> bool {
    |     ^^^^^^^^^^^^^^^^^^^^^^^^^^^^^^^^^

warning: missing documentation for a method
   --> crates/kf-trap/src/ring.rs:183:5
    |
183 |     pub fn occupancy(&self) -> usize {
    |     ^^^^^^^^^^^^^^^^^^^^^^^^^^^^^^^^

warning: missing documentation for an associated function
  --> crates/kf-trap/src/shadow.rs:41:5
   |
41 |     pub const fn new() -> Cell {
   |     ^^^^^^^^^^^^^^^^^^^^^^^^^^

warning: missing documentation for a method
  --> crates/kf-trap/src/shadow.rs:45:5
   |
45 |     pub fn read(&self) -> u64 {
   |     ^^^^^^^^^^^^^^^^^^^^^^^^^

warning: missing documentation for an enum
  --> crates/kf-trap/src/shadow.rs:98:1
   |
98 | pub enum ClearOutcome {
   | ^^^^^^^^^^^^^^^^^^^^^

warning: missing documentation for an associated function
   --> crates/kf-trap/src/shadow.rs:110:5
    |
110 |     pub const fn new() -> Trigger {
    |     ^^^^^^^^^^^^^^^^^^^^^^^^^^^^^

warning: missing documentation for a method
   --> crates/kf-trap/src/shadow.rs:185:5
    |
185 |     pub fn completed(&self) -> u64 {
    |     ^^^^^^^^^^^^^^^^^^^^^^^^^^^^^^

warning: missing documentation for a constant
  --> crates/kf-trap/src/timer.rs:31:1
   |
31 | pub const GA106_BAR0_PAGES: u32 = GA106_BAR0_BYTES >> 12;
   | ^^^^^^^^^^^^^^^^^^^^^^^^^^^^^^^

warning: missing documentation for a constant
  --> crates/kf-trap/src/timer.rs:40:1
   |
40 | pub const VF_TIME_1: u32 = 0x30084;
   | ^^^^^^^^^^^^^^^^^^^^^^^^

warning: missing documentation for a struct field
  --> crates/kf-trap/src/timer.rs:92:5
   |
92 |     pub hal: TimerHal,
   |     ^^^^^^^^^^^^^^^^^

warning: missing documentation for a constant
   --> crates/kf-trap/src/token.rs:111:1
    |
111 | pub const HOST_TOKEN_MASK: u64 = (1 << HOST_TOKEN_BITS) - 1;
    | ^^^^^^^^^^^^^^^^^^^^^^^^^^^^^^

warning: missing documentation for a struct field
   --> crates/kf-trap/src/token.rs:117:5
    |
117 |     pub state: State,
    |     ^^^^^^^^^^^^^^^^

warning: missing documentation for a struct field
   --> crates/kf-trap/src/token.rs:118:5
    |
118 |     pub route: Route,
    |     ^^^^^^^^^^^^^^^^

warning: missing documentation for a struct field
   --> crates/kf-trap/src/token.rs:119:5
    |
119 |     pub host_token: u32,
    |     ^^^^^^^^^^^^^^^^^^^

warning: missing documentation for an associated function
   --> crates/kf-trap/src/token.rs:126:5
    |
126 |     pub fn decode(w: u64) -> Token {
    |     ^^^^^^^^^^^^^^^^^^^^^^^^^^^^^^

warning: missing documentation for a method
   --> crates/kf-trap/src/token.rs:135:5
    |
135 |     pub fn encode(self) -> u64 {
    |     ^^^^^^^^^^^^^^^^^^^^^^^^^^

warning: missing documentation for an associated function
   --> crates/kf-trap/src/token.rs:173:5
    |
173 |     pub const fn new() -> TokenWord {
    |     ^^^^^^^^^^^^^^^^^^^^^^^^^^^^^^^

warning: missing documentation for a method
   --> crates/kf-trap/src/token.rs:178:5
    |
178 |     pub fn load(&self) -> Token {
    |     ^^^^^^^^^^^^^^^^^^^^^^^^^^^

warning: missing documentation for a struct field
  --> crates/kf-trap/src/trap.rs:49:9
   |
49 |         readable: bool,
   |         ^^^^^^^^^^^^^^

warning: missing documentation for a struct field
  --> crates/kf-trap/src/trap.rs:50:9
   |
50 |         semantics: WriteSemantics,
   |         ^^^^^^^^^^^^^^^^^^^^^^^^^

warning: missing documentation for a struct field
  --> crates/kf-trap/src/trap.rs:61:22
   |
61 |     RingHostInline { host_token: u32 },
   |                      ^^^^^^^^^^^^^^^

warning: missing documentation for a struct field
  --> crates/kf-trap/src/trap.rs:80:5
   |
80 |     pub tokens: &'a [TokenWord],
   |     ^^^^^^^^^^^^^^^^^^^^^^^^^^^

warning: missing documentation for a struct field
  --> crates/kf-trap/src/trap.rs:81:5
   |
81 |     pub bits: &'a RungBitmap,
   |     ^^^^^^^^^^^^^^^^^^^^^^^^

warning: missing documentation for a struct field
  --> crates/kf-trap/src/trap.rs:85:5
   |
85 |     pub drainer_wake: &'a WakeWord,
   |     ^^^^^^^^^^^^^^^^^^^^^^^^^^^^^^

warning: missing documentation for a struct field
  --> crates/kf-trap/src/trap.rs:86:5
   |
86 |     pub ring: &'a PrivRing,
   |     ^^^^^^^^^^^^^^^^^^^^^^

warning: missing documentation for a constant
  --> crates/kf-trap/src/trappolicy.rs:75:1
   |
75 | pub const PRAMIN_LEN: u64 = 0x0010_0000;
   | ^^^^^^^^^^^^^^^^^^^^^^^^^

warning: missing documentation for a struct field
   --> crates/kf-trap/src/trappolicy.rs:197:5
    |
197 |     pub bar: Bar,
    |     ^^^^^^^^^^^^

warning: missing documentation for a struct field
   --> crates/kf-trap/src/trappolicy.rs:198:5
    |
198 |     pub base: u64,
    |     ^^^^^^^^^^^^^

warning: missing documentation for a struct field
   --> crates/kf-trap/src/trappolicy.rs:199:5
    |
199 |     pub len: u64,
    |     ^^^^^^^^^^^^

warning: missing documentation for a struct field
  --> crates/kf-trap/src/vmm.rs:61:22
   |
61 |     RingHostInline { host_token: u32 },
   |                      ^^^^^^^^^^^^^^^

warning: missing documentation for a method
   --> crates/kf-trap/src/vmm.rs:119:5
    |
119 |     fn remove_memslot(&self, slot: SlotId) -> Result<(), VmmError>;
    |     ^^^^^^^^^^^^^^^^^^^^^^^^^^^^^^^^^^^^^^^^^^^^^^^^^^^^^^^^^^^^^^^

warning: missing documentation for a method
   --> crates/kf-trap/src/vmm.rs:127:5
    |
127 |     fn signal_drainer(&self);
    |     ^^^^^^^^^^^^^^^^^^^^^^^^^

warning: missing documentation for a struct
   --> crates/kf-trap/src/vmm.rs:137:1
    |
137 | pub struct SlotId(pub u32);
    | ^^^^^^^^^^^^^^^^^

warning: missing documentation for an enum
   --> crates/kf-trap/src/vmm.rs:140:1
    |
140 | pub enum VmmError {
    | ^^^^^^^^^^^^^^^^^

warning: missing documentation for a variant
   --> crates/kf-trap/src/vmm.rs:141:5
    |
141 |     BadGpa,
    |     ^^^^^^

warning: missing documentation for a variant
   --> crates/kf-trap/src/vmm.rs:142:5
    |
142 |     NoSlots,
    |     ^^^^^^^

warning: missing documentation for a variant
   --> crates/kf-trap/src/vmm.rs:143:5
    |
143 |     Refused,
    |     ^^^^^^^

warning: missing documentation for a struct field
   --> crates/kf-trap/src/vmm.rs:147:9
    |
147 |         bar: u8,
    |         ^^^^^^^

warning: missing documentation for a struct field
   --> crates/kf-trap/src/vmm.rs:148:9
    |
148 |         base: u64,
    |         ^^^^^^^^^

warning: missing documentation for a struct field
   --> crates/kf-trap/src/vmm.rs:149:9
    |
149 |         len: u64,
    |         ^^^^^^^^

warning: missing documentation for a function
   --> crates/kf-trap/src/vmm.rs:193:1
    |
193 | pub fn store_value(data: &mut [u8], v: u64) {
    | ^^^^^^^^^^^^^^^^^^^^^^^^^^^^^^^^^^^^^^^^^^^

warning: missing documentation for a struct
  --> crates/kf-trap/src/wake.rs:26:1
   |
26 | pub struct WakeWord(AtomicU64);
   | ^^^^^^^^^^^^^^^^^^^

warning: missing documentation for an associated function
  --> crates/kf-trap/src/wake.rs:42:5
   |
42 |     pub const fn new() -> WakeWord {
   |     ^^^^^^^^^^^^^^^^^^^^^^^^^^^^^^

warning: missing documentation for a method
   --> crates/kf-trap/src/wake.rs:104:5
    |
104 |     pub fn pollers(&self) -> u64 {
    |     ^^^^^^^^^^^^^^^^^^^^^^^^^^^^

warning: missing documentation for a method
    --> crates/kf-linux-raw/src/mapping_unsafe.rs:1170:5
     |
1170 |     pub fn load_u32(&self, offset: HostOffset) -> Result<u32, RawError> {
     |     ^^^^^^^^^^^^^^^^^^^^^^^^^^^^^^^^^^^^^^^^^^^^^^^^^^^^^^^^^^^^^^^^^^^
     |
     = note: requested on the command line with `-W missing-docs`

warning: `kf-trap` (lib) generated 71 warnings
warning: `kf-linux-raw` (lib) generated 1 warning
warning: function `host_version_gate` is never used
   --> crates/kf-host/src/lib.rs:240:4
    |
240 | fn host_version_gate(reported: Option<&str>) -> Result<String, String> {
    |    ^^^^^^^^^^^^^^^^^
    |
    = note: `#[warn(dead_code)]` (part of `#[warn(unused)]`) on by default

warning: missing documentation for a variant
  --> crates/kf-core/src/caps.rs:19:5
   |
19 |     Channel,
   |     ^^^^^^^
   |
   = note: requested on the command line with `-W missing-docs`

warning: missing documentation for a variant
  --> crates/kf-core/src/caps.rs:20:5
   |
20 |     EngineObject,
   |     ^^^^^^^^^^^^

warning: missing documentation for a variant
  --> crates/kf-core/src/caps.rs:21:5
   |
21 |     AddressSpace,
   |     ^^^^^^^^^^^^

warning: missing documentation for an enum
  --> crates/kf-core/src/caps.rs:29:1
   |
29 | pub enum Refusal {
   | ^^^^^^^^^^^^^^^^

warning: missing documentation for a struct field
  --> crates/kf-core/src/caps.rs:31:23
   |
31 |     OverDeclaredCap { twin: Twin, cap: u32, asked: u32 },
   |                       ^^^^^^^^^^

warning: missing documentation for a struct field
  --> crates/kf-core/src/caps.rs:31:35
   |
31 |     OverDeclaredCap { twin: Twin, cap: u32, asked: u32 },
   |                                   ^^^^^^^^

warning: missing documentation for a struct field
  --> crates/kf-core/src/caps.rs:31:45
   |
31 |     OverDeclaredCap { twin: Twin, cap: u32, asked: u32 },
   |                                             ^^^^^^^^^^

warning: missing documentation for a method
  --> crates/kf-core/src/caps.rs:66:5
   |
66 |     pub fn acquire(&mut self, t: Twin) -> Result<(), Refusal> {
   |     ^^^^^^^^^^^^^^^^^^^^^^^^^^^^^^^^^^^^^^^^^^^^^^^^^^^^^^^^^

warning: missing documentation for a method
  --> crates/kf-core/src/caps.rs:80:5
   |
80 |     pub fn release(&mut self, t: Twin) {
   |     ^^^^^^^^^^^^^^^^^^^^^^^^^^^^^^^^^^

warning: missing documentation for a method
  --> crates/kf-core/src/caps.rs:86:5
   |
86 |     pub fn live(&self, t: Twin) -> u32 {
   |     ^^^^^^^^^^^^^^^^^^^^^^^^^^^^^^^^^^

warning: missing documentation for a variant
   --> crates/kf-core/src/caps.rs:106:5
    |
106 |     Backed {
    |     ^^^^^^

warning: missing documentation for a struct field
   --> crates/kf-core/src/caps.rs:107:9
    |
107 |         host_offset: u64,
    |         ^^^^^^^^^^^^^^^^

warning: missing documentation for a struct
   --> crates/kf-core/src/caps.rs:114:1
    |
114 | pub struct Aperture {
    | ^^^^^^^^^^^^^^^^^^^

warning: missing documentation for a method
   --> crates/kf-core/src/caps.rs:132:5
    |
132 |     pub fn back(&mut self, offset: u64, len: u64) -> Backing {
    |     ^^^^^^^^^^^^^^^^^^^^^^^^^^^^^^^^^^^^^^^^^^^^^^^^^^^^^^^^

warning: missing documentation for a method
   --> crates/kf-core/src/caps.rs:145:5
    |
145 |     pub fn len(&self) -> u64 {
    |     ^^^^^^^^^^^^^^^^^^^^^^^^

warning: missing documentation for a method
   --> crates/kf-core/src/caps.rs:149:5
    |
149 |     pub fn is_empty(&self) -> bool {
    |     ^^^^^^^^^^^^^^^^^^^^^^^^^^^^^^

warning: missing documentation for a method
   --> crates/kf-core/src/caps.rs:153:5
    |
153 |     pub fn refusals(&self) -> u64 {
    |     ^^^^^^^^^^^^^^^^^^^^^^^^^^^^^

warning: missing documentation for a variant
  --> crates/kf-core/src/channel.rs:32:5
   |
32 |     AtAllocation,
   |     ^^^^^^^^^^^^

warning: missing documentation for a struct
  --> crates/kf-core/src/channel.rs:48:1
   |
48 | pub struct Submission {
   | ^^^^^^^^^^^^^^^^^^^^^

warning: missing documentation for a struct field
  --> crates/kf-core/src/channel.rs:49:5
   |
49 |     pub owner: Owner,
   |     ^^^^^^^^^^^^^^^^

warning: missing documentation for a struct field
  --> crates/kf-core/src/channel.rs:50:5
   |
50 |     pub route: Route,
   |     ^^^^^^^^^^^^^^^^

warning: missing documentation for a struct field
  --> crates/kf-core/src/channel.rs:51:5
   |
51 |     pub all_operands_translatable: bool,
   |     ^^^^^^^^^^^^^^^^^^^^^^^^^^^^^^^^^^^

warning: missing documentation for a struct field
   --> crates/kf-core/src/channel.rs:103:16
    |
103 |     Modelled { operand_words: u8 },
    |                ^^^^^^^^^^^^^^^^^

warning: missing documentation for a struct field
   --> crates/kf-core/src/channel.rs:150:16
    |
150 |     TooLarge { want: u64, max: u64 },
    |                ^^^^^^^^^

warning: missing documentation for a struct field
   --> crates/kf-core/src/channel.rs:150:27
    |
150 |     TooLarge { want: u64, max: u64 },
    |                           ^^^^^^^^

warning: missing documentation for a method
   --> crates/kf-core/src/channel.rs:158:5
    |
158 |     pub fn name(&self) -> &'static str {
    |     ^^^^^^^^^^^^^^^^^^^^^^^^^^^^^^^^^^

warning: missing documentation for an enum
  --> crates/kf-core/src/completion.rs:80:1
   |
80 | pub enum Raise {
   | ^^^^^^^^^^^^^^

warning: missing documentation for an associated function
  --> crates/kf-core/src/completion.rs:88:5
   |
88 |     pub const fn new() -> EngineIrq {
   |     ^^^^^^^^^^^^^^^^^^^^^^^^^^^^^^^

warning: missing documentation for a method
  --> crates/kf-core/src/completion.rs:97:5
   |
97 |     pub fn arm(&self) {
   |     ^^^^^^^^^^^^^^^^^

warning: missing documentation for a method
   --> crates/kf-core/src/completion.rs:130:5
    |
130 |     pub fn mask(&self) {
    |     ^^^^^^^^^^^^^^^^^^

warning: missing documentation for a method
   --> crates/kf-core/src/completion.rs:142:5
    |
142 |     pub fn retired_count(&self) -> u64 {
    |     ^^^^^^^^^^^^^^^^^^^^^^^^^^^^^^^^^^

warning: missing documentation for a struct field
  --> crates/kf-core/src/leaf.rs:38:5
   |
38 |     pub block: u32,
   |     ^^^^^^^^^^^^^^

warning: missing documentation for a struct field
  --> crates/kf-core/src/leaf.rs:39:5
   |
39 |     pub offset: u64,
   |     ^^^^^^^^^^^^^^^

warning: missing documentation for a struct field
  --> crates/kf-core/src/leaf.rs:40:5
   |
40 |     pub len: u64,
   |     ^^^^^^^^^^^^

warning: missing documentation for an enum
  --> crates/kf-core/src/leaf.rs:44:1
   |
44 | pub enum LeafRefusal {
   | ^^^^^^^^^^^^^^^^^^^^

warning: missing documentation for a method
  --> crates/kf-core/src/leaf.rs:85:5
   |
85 |     pub fn contains_gpa(&self, gpa: u64) -> bool {
   |     ^^^^^^^^^^^^^^^^^^^^^^^^^^^^^^^^^^^^^^^^^^^^

warning: missing documentation for an associated function
   --> crates/kf-core/src/leaf.rs:104:5
    |
104 |     pub fn new() -> GuestRamLayout {
    |     ^^^^^^^^^^^^^^^^^^^^^^^^^^^^^^

warning: missing documentation for a method
   --> crates/kf-core/src/leaf.rs:107:5
    |
107 |     pub fn register(&mut self, b: GuestRamBlock) {
    |     ^^^^^^^^^^^^^^^^^^^^^^^^^^^^^^^^^^^^^^^^^^^^

warning: missing documentation for a constant
  --> crates/kf-core/src/lifetime.rs:56:1
   |
56 | pub const ORDER: [Step; 9] = [
   | ^^^^^^^^^^^^^^^^^^^^^^^^^^

warning: missing documentation for an enum
  --> crates/kf-core/src/lifetime.rs:69:1
   |
69 | pub enum TeardownError {
   | ^^^^^^^^^^^^^^^^^^^^^^

warning: missing documentation for a struct field
  --> crates/kf-core/src/lifetime.rs:71:18
   |
71 |     OutOfOrder { attempted: Step, expected: Step },
   |                  ^^^^^^^^^^^^^^^

warning: missing documentation for a struct field
  --> crates/kf-core/src/lifetime.rs:71:35
   |
71 |     OutOfOrder { attempted: Step, expected: Step },
   |                                   ^^^^^^^^^^^^^^

warning: missing documentation for an associated function
  --> crates/kf-core/src/lifetime.rs:83:5
   |
83 |     pub fn new() -> Teardown {
   |     ^^^^^^^^^^^^^^^^^^^^^^^^

warning: missing documentation for a method
  --> crates/kf-core/src/lifetime.rs:87:5
   |
87 |     pub fn run(&mut self, s: Step) -> Result<(), TeardownError> {
   |     ^^^^^^^^^^^^^^^^^^^^^^^^^^^^^^^^^^^^^^^^^^^^^^^^^^^^^^^^^^^

warning: missing documentation for a method
   --> crates/kf-core/src/lifetime.rs:104:5
    |
104 |     pub fn complete(&self) -> bool {
    |     ^^^^^^^^^^^^^^^^^^^^^^^^^^^^^^

warning: missing documentation for an enum
   --> crates/kf-core/src/lifetime.rs:120:1
    |
120 | pub enum Diff {
    | ^^^^^^^^^^^^^

warning: missing documentation for an associated function
   --> crates/kf-core/src/plane.rs:122:5
    |
122 |     pub const fn new() -> Vmm {
    |     ^^^^^^^^^^^^^^^^^^^^^^^^^

warning: missing documentation for a struct field
   --> crates/kf-core/src/plane.rs:134:5
    |
134 |     pub tokens: Vec<TokenWord>,
    |     ^^^^^^^^^^^^^^^^^^^^^^^^^^

warning: missing documentation for a struct field
   --> crates/kf-core/src/plane.rs:135:5
    |
135 |     pub bits: RungBitmap,
    |     ^^^^^^^^^^^^^^^^^^^^

warning: missing documentation for a struct field
   --> crates/kf-core/src/plane.rs:140:5
    |
140 |     pub ring: PrivRing,
    |     ^^^^^^^^^^^^^^^^^^

warning: missing documentation for a struct field
   --> crates/kf-core/src/plane.rs:141:5
    |
141 |     pub token_mask: u32,
    |     ^^^^^^^^^^^^^^^^^^^

warning: missing documentation for a method
   --> crates/kf-core/src/plane.rs:262:5
    |
262 |     pub fn worker_wake(&self) -> &WakeWord {
    |     ^^^^^^^^^^^^^^^^^^^^^^^^^^^^^^^^^^^^^^

warning: unused import: `kf_abi::submit as s`
   --> crates/kf-rm/src/authored.rs:452:9
    |
452 |     use kf_abi::submit as s;
    |         ^^^^^^^^^^^^^^^^^^^
    |
    = note: `#[warn(unused_imports)]` (part of `#[warn(unused)]`) on by default

warning: missing documentation for a function
  --> crates/kf-rm/src/rpc.rs:84:1
   |
84 | pub fn name_of(function: u32) -> Option<&'static str> {
   | ^^^^^^^^^^^^^^^^^^^^^^^^^^^^^^^^^^^^^^^^^^^^^^^^^^^^^
   |
   = note: requested on the command line with `-W missing-docs`

warning: missing documentation for a constant
   --> crates/kf-rm/src/rpc.rs:135:1
    |
135 | pub const CONTROLS: [(u32, ControlDisposition); 33] = [
    | ^^^^^^^^^^^^^^^^^^^^^^^^^^^^^^^^^^^^^^^^^^^^^^^^^^^

warning: missing documentation for a function
   --> crates/kf-rm/src/rpc.rs:201:1
    |
201 | pub fn control_disposition(cmd: u32) -> ControlDisposition {
    | ^^^^^^^^^^^^^^^^^^^^^^^^^^^^^^^^^^^^^^^^^^^^^^^^^^^^^^^^^^

warning: `kf-host` (lib) generated 1 warning
warning: `kf-core` (lib) generated 52 warnings
warning: `kf-rm` (lib) generated 4 warnings (run `cargo fix --lib -p kf-rm` to apply 1 suggestion)
warning: use of deprecated method `std::sync::atomic::Atomic::<u64>::fetch_update`: renamed to `try_update` for consistency
   --> crates/kf-chan/src/dbfast.rs:504:14
    |
504 |             .fetch_update(Ordering::Relaxed, Ordering::Relaxed, |v| v.checked_sub(1));
    |              ^^^^^^^^^^^^
    |
    = note: `#[warn(deprecated)]` on by default
help: replace the use of the deprecated method
    |
504 -             .fetch_update(Ordering::Relaxed, Ordering::Relaxed, |v| v.checked_sub(1));
504 +             .try_update(Ordering::Relaxed, Ordering::Relaxed, |v| v.checked_sub(1));
    |

warning: missing documentation for a struct field
   --> crates/kf-chan/src/translated.rs:386:17
    |
386 |     BadHeader { at: usize, word: u32 },
    |                 ^^^^^^^^^
    |
    = note: requested on the command line with `-W missing-docs`

warning: missing documentation for a struct field
   --> crates/kf-chan/src/translated.rs:386:28
    |
386 |     BadHeader { at: usize, word: u32 },
    |                            ^^^^^^^^^

warning: missing documentation for a struct field
   --> crates/kf-chan/src/translated.rs:388:17
    |
388 |     Truncated { at: usize },
    |                 ^^^^^^^^^

warning: missing documentation for a struct field
   --> crates/kf-chan/src/translated.rs:392:22
    |
392 |     Untranslatable { target: Target, phys: u64, len: u64 },
    |                      ^^^^^^^^^^^^^^

warning: missing documentation for a struct field
   --> crates/kf-chan/src/translated.rs:392:38
    |
392 |     Untranslatable { target: Target, phys: u64, len: u64 },
    |                                      ^^^^^^^^^

warning: missing documentation for a struct field
   --> crates/kf-chan/src/translated.rs:392:49
    |
392 |     Untranslatable { target: Target, phys: u64, len: u64 },
    |                                                 ^^^^^^^^

warning: missing documentation for a constant
  --> crates/kf-mem/src/addr.rs:35:1
   |
35 | pub const PAGE: u64 = 0x1000;
   | ^^^^^^^^^^^^^^^^^^^
   |
   = note: requested on the command line with `-W missing-docs`

warning: missing documentation for an enum
  --> crates/kf-mem/src/store.rs:14:1
   |
14 | pub enum StoreRefusal {
   | ^^^^^^^^^^^^^^^^^^^^^

warning: missing documentation for a struct field
  --> crates/kf-mem/src/store.rs:17:9
   |
17 |         offset: u64,
   |         ^^^^^^^^^^^

warning: missing documentation for a struct field
  --> crates/kf-mem/src/store.rs:18:9
   |
18 |         len: u64,
   |         ^^^^^^^^

warning: missing documentation for a struct field
  --> crates/kf-mem/src/store.rs:19:9
   |
19 |         object: u64,
   |         ^^^^^^^^^^^

warning: missing documentation for a variant
  --> crates/kf-mem/src/store.rs:21:5
   |
21 |     ZeroLength,
   |     ^^^^^^^^^^

warning: missing documentation for a method
  --> crates/kf-mem/src/store.rs:25:5
   |
25 |     pub fn name(&self) -> &'static str {
   |     ^^^^^^^^^^^^^^^^^^^^^^^^^^^^^^^^^^

warning: missing documentation for an associated function
  --> crates/kf-mem/src/store.rs:41:5
   |
41 |     pub fn new(token: HostToken, len: u64) -> Store {
   |     ^^^^^^^^^^^^^^^^^^^^^^^^^^^^^^^^^^^^^^^^^^^^^^^

warning: missing documentation for a method
  --> crates/kf-mem/src/store.rs:44:5
   |
44 |     pub fn token(&self) -> HostToken {
   |     ^^^^^^^^^^^^^^^^^^^^^^^^^^^^^^^^

warning: missing documentation for a method
  --> crates/kf-mem/src/store.rs:47:5
   |
47 |     pub fn len(&self) -> u64 {
   |     ^^^^^^^^^^^^^^^^^^^^^^^^

warning: missing documentation for a method
  --> crates/kf-mem/src/store.rs:50:5
   |
50 |     pub fn is_empty(&self) -> bool {
   |     ^^^^^^^^^^^^^^^^^^^^^^^^^^^^^^

warning: `kf-chan` (lib) generated 7 warnings (run `cargo fix --lib -p kf-chan` to apply 1 suggestion)
warning: `kf-mem` (lib) generated 11 warnings
warning: use of deprecated method `std::sync::atomic::Atomic::<u64>::fetch_update`: renamed to `try_update` for consistency
    --> crates/kf-qemu/src/chan.rs:1257:22
     |
1257 |                     .fetch_update(Ordering::Relaxed, Ordering::Relaxed, |v| v.checked_sub(1));
     |                      ^^^^^^^^^^^^
     |
     = note: `#[warn(deprecated)]` on by default
help: replace the use of the deprecated method
     |
1257 -                     .fetch_update(Ordering::Relaxed, Ordering::Relaxed, |v| v.checked_sub(1));
1257 +                     .try_update(Ordering::Relaxed, Ordering::Relaxed, |v| v.checked_sub(1));
     |

warning: use of deprecated method `std::sync::atomic::Atomic::<u32>::fetch_update`: renamed to `try_update` for consistency
   --> crates/kf-qemu/src/device.rs:968:23
    |
968 |             let _ = w.fetch_update(Ordering::AcqRel, Ordering::Acquire, |old| {
    |                       ^^^^^^^^^^^^
    |
help: replace the use of the deprecated method
    |
968 -             let _ = w.fetch_update(Ordering::AcqRel, Ordering::Acquire, |old| {
968 +             let _ = w.try_update(Ordering::AcqRel, Ordering::Acquire, |old| {
    |

warning: use of deprecated method `std::sync::atomic::Atomic::<u64>::fetch_update`: renamed to `try_update` for consistency
    --> crates/kf-qemu/src/device.rs:2689:10
     |
2689 |     left.fetch_update(Ordering::AcqRel, Ordering::Acquire, |n| n.checked_sub(1))
     |          ^^^^^^^^^^^^
     |
help: replace the use of the deprecated method
     |
2689 -     left.fetch_update(Ordering::AcqRel, Ordering::Acquire, |n| n.checked_sub(1))
2689 +     left.try_update(Ordering::AcqRel, Ordering::Acquire, |n| n.checked_sub(1))
     |

warning: `kf-qemu` (lib) generated 3 warnings (run `cargo fix --lib -p kf-qemu` to apply 3 suggestions)
    Finished `release` profile [optimized] target(s) in 0.03s
== archive 2026-10-03 16:52:28.156649247 +0000 (cargo succeeded: current for this revision by cargo's fingerprints)
ninja: Entering directory `/workspace/bench/qemu-build-kf3'
[0/1] Regenerating build files
The Meson build system
Version: 1.9.0
Source dir: /workspace/bench/qemu-10.2.4
Build dir: /workspace/bench/qemu-build-kf3
Build type: native build
Project name: qemu
Project version: 10.2.4
C compiler for the host machine: cc -m64 (gcc 12.3.0 "cc (Ubuntu 12.3.0-1ubuntu1~22.04.2) 12.3.0")
C linker for the host machine: cc -m64 ld.bfd 2.38
Host machine cpu family: x86_64
Host machine cpu: x86_64
Program scripts/symlink-install-tree.py found: YES (/workspace/bench/qemu-build-kf3/pyvenv/bin/python3 /workspace/bench/qemu-10.2.4/scripts/symlink-install-tree.py)
Program sh found: YES (/usr/bin/sh)
Program python3 found: YES (/workspace/bench/qemu-build-kf3/pyvenv/bin/python3)
Compiler for language rust skipped: feature rust disabled
Program iasl found: NO
Program bzip2 found: YES (/usr/bin/bzip2)
Compiler for C supports link arguments -Wl,-z,relro: YES (cached)
Compiler for C supports link arguments -Wl,-z,now: YES (cached)
Checking if "-fzero-call-used-regs=used-gpr" compiles: YES (cached)
Compiler for C supports arguments -ftrivial-auto-var-init=zero: YES (cached)
Compiler for C supports arguments -fzero-init-padding-bits=all: NO (cached)
Compiler for C supports arguments -fzero-call-used-regs=used-gpr: YES (cached)
Compiler for C supports arguments -Wempty-body: YES (cached)
Compiler for C supports arguments -Wendif-labels: YES (cached)
Compiler for C supports arguments -Wexpansion-to-defined: YES (cached)
Compiler for C supports arguments -Wformat-security: YES (cached)
Compiler for C supports arguments -Wformat-y2k: YES (cached)
Compiler for C supports arguments -Wignored-qualifiers: YES (cached)
Compiler for C supports arguments -Wimplicit-fallthrough=2: YES (cached)
Compiler for C supports arguments -Winit-self: YES (cached)
Compiler for C supports arguments -Wmissing-format-attribute: YES (cached)
Compiler for C supports arguments -Wmissing-prototypes: YES (cached)
Compiler for C supports arguments -Wnested-externs: YES (cached)
Compiler for C supports arguments -Wold-style-declaration: YES (cached)
Compiler for C supports arguments -Wold-style-definition: YES (cached)
Compiler for C supports arguments -Wredundant-decls: YES (cached)
Compiler for C supports arguments -Wshadow=local: YES (cached)
Compiler for C supports arguments -Wstrict-prototypes: YES (cached)
Compiler for C supports arguments -Wtype-limits: YES (cached)
Compiler for C supports arguments -Wundef: YES (cached)
Compiler for C supports arguments -Wvla: YES (cached)
Compiler for C supports arguments -Wwrite-strings: YES (cached)
Compiler for C supports arguments -Wno-gnu-variable-sized-type-not-at-end: NO (cached)
Compiler for C supports arguments -Wno-initializer-overrides: NO (cached)
Compiler for C supports arguments -Wno-missing-include-dirs: YES (cached)
Compiler for C supports arguments -Wno-psabi: YES (cached)
Compiler for C supports arguments -Wno-shift-negative-value: YES (cached)
Compiler for C supports arguments -Wno-string-plus-int: NO (cached)
Compiler for C supports arguments -Wno-tautological-type-limit-compare: NO (cached)
Compiler for C supports arguments -Wno-typedef-redefinition: NO (cached)
Program cgcc skipped: feature sparse disabled
Library m found: YES
Dependency threads found: YES unknown (cached)
Library util found: YES
Dependency glib-2.0 found: YES 2.72.4 (cached)
Dependency gio-2.0 skipped: feature gio disabled
Program scripts/xml-preprocess.py found: YES (/workspace/bench/qemu-build-kf3/pyvenv/bin/python3 /workspace/bench/qemu-10.2.4/scripts/xml-preprocess.py)
Dependency pixman-1 found: YES 0.40.0 (cached)
Dependency zlib found: YES 1.2.11 (cached)
Library aio skipped: feature linux_aio disabled
Dependency liburing skipped: feature linux_io_uring disabled
Dependency libnfs skipped: feature libnfs disabled
Dependency appleframeworks (modules: Cocoa, CoreVideo, QuartzCore) skipped: feature cocoa disabled
Dependency appleframeworks (modules: vmnet) skipped: feature vmnet disabled
Dependency libseccomp skipped: feature seccomp disabled
Library cap-ng skipped: feature cap_ng disabled
Dependency xkbcommon skipped: feature xkbcommon disabled
Dependency slirp skipped: feature slirp disabled
Library vdeplug skipped: feature vde disabled
Dependency libpulse skipped: feature pa disabled
Dependency alsa skipped: feature alsa disabled
Dependency jack skipped: feature jack disabled
Dependency libpipewire-0.3 skipped: feature pipewire disabled
Dependency sndio skipped: feature sndio disabled
Dependency spice-protocol skipped: feature spice_protocol disabled
Checking for function "shm_open" : YES (cached)
Dependency libiscsi skipped: feature libiscsi disabled
Dependency libzstd skipped: feature zstd disabled
Dependency qpl skipped: feature qpl disabled
Dependency libwd skipped: feature uadk disabled
Dependency libwd_comp skipped: feature uadk disabled
Dependency qatzip skipped: feature qatzip disabled
Dependency virglrenderer skipped: feature virglrenderer disabled
Dependency rutabaga_gfx_ffi skipped: feature rutabaga_gfx disabled
Dependency blkio skipped: feature blkio disabled
Dependency libcurl skipped: feature curl disabled
Dependency libudev skipped: feature libudev disabled
Dependency igvm skipped: feature igvm disabled
Library brlapi skipped: feature brlapi disabled
Dependency sdl2 skipped: feature sdl disabled
Library rados skipped: feature rbd disabled
Library rbd skipped: feature rbd disabled
Dependency glusterfs-api skipped: feature glusterfs disabled
Dependency libssh skipped: feature libssh disabled
Library bz2 skipped: feature bzip2 disabled
Library lzfse skipped: feature lzfse disabled
Has header "dsound.h" : NO (cached)
Dependency appleframeworks (modules: CoreAudio) skipped: feature coreaudio disabled
Dependency epoxy skipped: feature opengl disabled
Has header "epoxy/egl.h" with dependency epoxy: NO (cached)
Dependency libcbor skipped: feature libcbor disabled
Dependency libgcrypt skipped: feature gcrypt disabled
Dependency nettle skipped: feature nettle disabled
Dependency capstone skipped: feature capstone disabled
Dependency gmp found: YES 6.2.1 (cached)
Dependency libjpeg skipped: feature vnc_jpeg disabled
Library sasl2 skipped: feature vnc_sasl disabled
Library pam skipped: feature auth_pam disabled
Library snappy skipped: feature snappy disabled
Library lzo2 skipped: feature lzo disabled
Library numa skipped: feature numa disabled
Library fdt found: NO

Executing subproject dtc 

dtc| Project name: dtc
dtc| Project version: 1.6.0
dtc| C compiler for the host machine: cc -m64 (gcc 12.3.0 "cc (Ubuntu 12.3.0-1ubuntu1~22.04.2) 12.3.0")
dtc| C linker for the host machine: cc -m64 ld.bfd 2.38
dtc| Compiler for C supports arguments -Wpointer-arith: YES (cached)
dtc| Compiler for C supports arguments -Wcast-qual: YES (cached)
dtc| Compiler for C supports arguments -Wnested-externs: YES (cached)
dtc| Compiler for C supports arguments -Wstrict-prototypes: YES (cached)
dtc| Compiler for C supports arguments -Wmissing-prototypes: YES (cached)
dtc| Compiler for C supports arguments -Wredundant-decls: YES (cached)
dtc| Compiler for C supports arguments -Wshadow: YES (cached)
dtc| Dependency yaml-0.1 skipped: feature yaml disabled
dtc| Dependency valgrind skipped: feature valgrind disabled
dtc| Program python found: NO (disabled by: python )
dtc| Program swig skipped: feature python disabled
dtc| Found git repository at /workspace/bench/qemu-10.2.4/subprojects/dtc
dtc| Compiler for C supports link arguments -Wl,--version-script=/workspace/bench/qemu-10.2.4/subprojects/dtc/libfdt/version.lds: YES (cached)
dtc| Found pkg-config: YES (/usr/bin/pkg-config) 0.29.2
dtc| Build targets in project: 2
dtc| Subproject dtc finished.

Library rdmacm skipped: feature rdma disabled
Library ibverbs skipped: feature rdma disabled
Dependency libcacard skipped: feature smartcard disabled
Dependency u2f-emu skipped: feature u2f disabled
Dependency canokey-qemu skipped: feature canokey disabled
Dependency libusbredirparser-0.5 skipped: feature usb_redir disabled
Dependency libusb-1.0 skipped: feature libusb disabled
Dependency libpmem skipped: feature libpmem disabled
Dependency libdaxctl skipped: feature libdaxctl disabled
Dependency libkeyutils skipped: feature libkeyutils disabled
Checking for function "gettid" : YES (cached)
Dependency libselinux skipped: feature selinux disabled
Dependency fuse3 skipped: feature fuse disabled
Dependency libbpf skipped: feature bpf disabled
Dependency libdw skipped: feature libdw disabled
Header "linux/fs.h" has symbol "FIFREEZE" : YES (cached)
Header "linux/fs.h" has symbol "FITRIM" : YES (cached)
Has header "sys/epoll.h" : YES (cached)
Has header "linux/magic.h" : YES (cached)
Has header "linux/btrfs.h" : YES (cached)
Has header "libdrm/drm.h" : YES (cached)
Has header "linux/openat2.h" : YES (cached)
Has header "pty.h" : YES (cached)
Has header "sys/disk.h" : NO (cached)
Has header "sys/ioccom.h" : NO (cached)
Has header "sys/kcov.h" : NO (cached)
Checking for function "close_range" : YES (cached)
Checking for function "accept4" : YES (cached)
Checking for function "clock_adjtime" : YES (cached)
Checking for function "dup3" : YES (cached)
Checking for function "fallocate" : YES (cached)
Checking for function "posix_fallocate" : YES (cached)
Checking for function "sched_getcpu" : NO (cached)
Checking for function "posix_memalign" : YES (cached)
Checking for function "_aligned_malloc" : NO (cached)
Checking for function "valloc" : YES (cached)
Checking for function "memalign" : YES (cached)
Checking for function "ppoll" : YES (cached)
Checking for function "preadv" : YES (cached)
Checking for function "pthread_fchdir_np" : NO (cached)
Checking for function "sendfile" : YES (cached)
Checking for function "setns" : YES (cached)
Checking for function "unshare" : YES (cached)
Checking for function "syncfs" : YES (cached)
Checking for function "sync_file_range" : YES (cached)
Checking for function "timerfd_create" : YES (cached)
Checking for function "getloadavg" : YES (cached)
Checking for function "htonll" : NO (cached)
Checking for function "copy_file_range" : YES (cached)
Checking for function "getifaddrs" : YES (cached)
Checking for function "openpty" with dependency -lutil: YES (cached)
Checking for function "strchrnul" : YES (cached)
Checking for function "system" : YES (cached)
Header "sys/inotify.h" has symbol "inotify_init" : YES (cached)
Header "sys/inotify.h" has symbol "inotify_init1" : YES (cached)
Header "linux/blkzoned.h" has symbol "BLKOPENZONE" : YES (cached)
Header "sys/epoll.h" has symbol "epoll_create1" : YES (cached)
Header "linux/falloc.h" has symbol "FALLOC_FL_PUNCH_HOLE" : YES (cached)
Header "linux/falloc.h" has symbol "FALLOC_FL_KEEP_SIZE" : YES (cached)
Header "linux/falloc.h" has symbol "FALLOC_FL_ZERO_RANGE" : YES (cached)
Has header "linux/fiemap.h" : YES (cached)
Header "linux/fs.h" has symbol "FS_IOC_FIEMAP" : YES (cached)
Header "sched.h" has symbol "getcpu" : YES (cached)
Checking for function "getrandom" : YES (cached)
Header "sys/random.h" has symbol "GRND_NONBLOCK" : YES (cached)
Header "sys/prctl.h" has symbol "PR_SET_TIMERSLACK" : YES (cached)
Header "linux/rtnetlink.h" has symbol "IFLA_PROTO_DOWN" : YES (cached)
Header "sys/sysmacros.h" has symbol "makedev" : YES (cached)
Header "getopt.h" has symbol "optreset" : NO (cached)
Header "netinet/in.h" has symbol "IPPROTO_MPTCP" : YES (cached)
Header "netinet/tcp.h" has symbol "TCP_KEEPCNT" : YES (cached)
Header "netinet/tcp.h" has symbol "TCP_KEEPIDLE" : YES (cached)
Header "netinet/tcp.h" has symbol "TCP_KEEPINTVL" : YES (cached)
Checking whether type "struct sigevent" has member "sigev_notify_thread_id" : NO (cached)
Checking whether type "struct stat" has member "st_atim" : YES (cached)
Checking whether type "struct blk_zone" has member "capacity" : YES (cached)
Checking for type "struct iovec" : YES (cached)
Checking for type "struct utmpx" : YES (cached)
Header "asm/hwprobe.h" has symbol "RISCV_HWPROBE_EXT_ZBA" : NO (cached)
Header "linux/vm_sockets.h" has symbol "AF_VSOCK" : YES (cached)
Checking for size of "void *" : 8 (cached)
Program scripts/minikconf.py found: YES (/workspace/bench/qemu-build-kf3/pyvenv/bin/python3 /workspace/bench/qemu-10.2.4/scripts/minikconf.py)
Configuring x86_64-softmmu-config-target.h using configuration
Configuring x86_64-softmmu-config-devices.mak with command
Reading depfile: /workspace/bench/qemu-build-kf3/meson-private/x86_64-softmmu-config-devices.mak.d
Configuring x86_64-softmmu-config-devices.h using configuration
Program scripts/make-config-poison.sh found: YES (/workspace/bench/qemu-10.2.4/scripts/make-config-poison.sh)
Configuring config-host.h using configuration
Program scripts/hxtool found: YES (/workspace/bench/qemu-10.2.4/scripts/hxtool)
Program scripts/shaderinclude.py found: YES (/workspace/bench/qemu-build-kf3/pyvenv/bin/python3 /workspace/bench/qemu-10.2.4/scripts/shaderinclude.py)
Program scripts/qapi-gen.py found: YES (/workspace/bench/qemu-build-kf3/pyvenv/bin/python3 /workspace/bench/qemu-10.2.4/scripts/qapi-gen.py)
Program scripts/qemu-version.sh found: YES (/workspace/bench/qemu-10.2.4/scripts/qemu-version.sh)

Executing subproject keycodemapdb 

keycodemapdb| Project name: keycodemapdb
keycodemapdb| Project version: undefined
keycodemapdb| Program tools/keymap-gen found: YES (/workspace/bench/qemu-10.2.4/subprojects/keycodemapdb/tools/keymap-gen)
keycodemapdb| Build targets in project: 427
keycodemapdb| Subproject keycodemapdb finished.

Program scripts/decodetree.py found: YES (/workspace/bench/qemu-build-kf3/pyvenv/bin/python3 /workspace/bench/qemu-10.2.4/scripts/decodetree.py)
Program ../scripts/modules/module_block.py found: YES (/workspace/bench/qemu-build-kf3/pyvenv/bin/python3 /workspace/bench/qemu-10.2.4/block/../scripts/modules/module_block.py)
Program ../scripts/block-coroutine-wrapper.py found: YES (/workspace/bench/qemu-build-kf3/pyvenv/bin/python3 /workspace/bench/qemu-10.2.4/block/../scripts/block-coroutine-wrapper.py)
Program scripts/modinfo-collect.py found: YES (/workspace/bench/qemu-build-kf3/pyvenv/bin/python3 /workspace/bench/qemu-10.2.4/scripts/modinfo-collect.py)
Program scripts/modinfo-generate.py found: YES (/workspace/bench/qemu-build-kf3/pyvenv/bin/python3 /workspace/bench/qemu-10.2.4/scripts/modinfo-generate.py)
Program nm found: YES
Program scripts/undefsym.py found: YES (/workspace/bench/qemu-build-kf3/pyvenv/bin/python3 /workspace/bench/qemu-10.2.4/scripts/undefsym.py)
Program scripts/feature_to_c.py found: YES (/workspace/bench/qemu-build-kf3/pyvenv/bin/python3 /workspace/bench/qemu-10.2.4/scripts/feature_to_c.py)
Program scripts/rust/rust_root_crate.sh found: YES (/workspace/bench/qemu-10.2.4/scripts/rust/rust_root_crate.sh)
Configuring 50-edk2-i386-secure.json using configuration
Configuring 50-edk2-x86_64-secure.json using configuration
Configuring 60-edk2-aarch64.json using configuration
Configuring 60-edk2-arm.json using configuration
Configuring 60-edk2-i386.json using configuration
Configuring 60-edk2-x86_64.json using configuration
Configuring 60-edk2-loongarch64.json using configuration
Configuring 60-edk2-riscv64.json using configuration
Program dtc found: NO
Program qemu-keymap found: NO
Program /workspace/bench/qemu-build-kf3/pyvenv/bin/sphinx-build skipped: feature docs disabled
Program /workspace/bench/qemu-10.2.4/scripts/decodetree.py found: YES (/workspace/bench/qemu-build-kf3/pyvenv/bin/python3 /workspace/bench/qemu-10.2.4/scripts/decodetree.py)

Executing subproject berkeley-softfloat-3 

berkeley-softfloat-3| Project name: berkeley-softfloat-3
berkeley-softfloat-3| Project version: undefined
berkeley-softfloat-3| C compiler for the host machine: cc -m64 (gcc 12.3.0 "cc (Ubuntu 12.3.0-1ubuntu1~22.04.2) 12.3.0")
berkeley-softfloat-3| C linker for the host machine: cc -m64 ld.bfd 2.38
berkeley-softfloat-3| Configuring platform.h using configuration
berkeley-softfloat-3| Build targets in project: 525
berkeley-softfloat-3| Subproject berkeley-softfloat-3 finished.


Executing subproject berkeley-testfloat-3 

berkeley-testfloat-3| Project name: berkeley-testfloat-3
berkeley-testfloat-3| Project version: undefined
berkeley-testfloat-3| C compiler for the host machine: cc -m64 (gcc 12.3.0 "cc (Ubuntu 12.3.0-1ubuntu1~22.04.2) 12.3.0")
berkeley-testfloat-3| C linker for the host machine: cc -m64 ld.bfd 2.38
berkeley-testfloat-3| Configuring platform.h using configuration
berkeley-testfloat-3| Compiler for C supports arguments -Wno-ignored-pragmas: NO (cached)
berkeley-testfloat-3| Build targets in project: 527
berkeley-testfloat-3| Subproject berkeley-testfloat-3 finished.

Program diff found: YES (/usr/bin/diff)
Program dbus-daemon found: YES (/usr/bin/dbus-daemon)
Run-time dependency gvnc-1.0 found: NO (tried pkgconfig)
Run-time dependency sysprof-capture-4 found: NO (tried pkgconfig)
Dependency glib-2.0 found: YES 2.72.4 (cached)
Program initrd-stress.sh found: YES (/workspace/bench/qemu-10.2.4/tests/migration-stress/initrd-stress.sh)
Build targets in project: 718

qemu 10.2.4

  Build environment
    Build directory                 : /workspace/bench/qemu-build-kf3
    Source path                     : /workspace/bench/qemu-10.2.4
    Download dependencies           : YES

  Directories
    Build directory                 : /workspace/bench/qemu-build-kf3
    Source path                     : /workspace/bench/qemu-10.2.4
    Download dependencies           : YES
    Install prefix                  : /usr/local
    BIOS directory                  : share/qemu
    firmware path                   : share/qemu-firmware
    binary directory                : /usr/local/bin
    library directory               : /usr/local/lib/x86_64-linux-gnu
    module directory                : lib/x86_64-linux-gnu/qemu
    libexec directory               : /usr/local/libexec
    include directory               : /usr/local/include
    config directory                : /usr/local/etc
    local state directory           : /var/local
    Manual directory                : /usr/local/share/man
    Doc directory                   : /usr/local/share/doc

  Host binaries
    python                          : /workspace/bench/qemu-build-kf3/pyvenv/bin/python3 (version: 3.10)
    sphinx-build                    : NO
    gdb                             : /usr/bin/gdb
    iasl                            : NO
    genisoimage                     : /usr/bin/genisoimage

  Configurable features
    Documentation                   : NO
    system-mode emulation           : YES
    user-mode emulation             : NO
    block layer                     : YES
    Install blobs                   : YES
    module support                  : NO
    fuzzing support                 : NO
    Audio drivers                   : 
    Trace backends                  : log
    QOM debugging                   : YES
    Relocatable install             : YES
    vhost-kernel support            : NO
    vhost-net support               : NO
    vhost-user support              : NO
    vhost-user-crypto support       : NO
    vhost-user-blk server support   : NO
    vhost-vdpa support              : NO
    build guest agent               : NO

  Compilation
    host CPU                        : x86_64
    host endianness                 : little
    C compiler                      : cc -m64
    Host C compiler                 : cc -m64
    C++ compiler                    : NO
    Objective-C compiler            : NO
    Rust support                    : NO
    CFLAGS                          : -g -O2
    QEMU_CFLAGS                     : -mcx16 -msse2 -D_GNU_SOURCE -D_FILE_OFFSET_BITS=64 -D_LARGEFILE_SOURCE -fno-strict-aliasing -fno-common -fwrapv -ftrivial-auto-var-init=zero -fzero-call-used-regs=used-gpr
    QEMU_LDFLAGS                    : -Wl,-z,relro -Wl,-z,now
    link-time optimization (LTO)    : NO
    PIE                             : YES
    static build                    : NO
    malloc trim support             : NO
    membarrier                      : NO
    debug graph lock                : NO
    debug stack usage               : NO
    mutex debugging                 : NO
    memory allocator                : system
    avx2 optimization               : YES
    avx512bw optimization           : YES
    gcov                            : NO
    thread sanitizer                : NO
    CFI support                     : NO
    strip binaries                  : NO
    sparse                          : NO
    mingw32 support                 : NO

  Cross compilers
    x86_64                          : cc

  Targets and accelerators
    KVM support                     : YES
    HVF support                     : NO
    WHPX support                    : NO
    NVMM support                    : NO
    MSHV support                    : NO
    Xen support                     : NO
    Xen emulation                   : YES
    TCG support                     : YES
    TCG backend                     : native (x86_64)
    TCG plugins                     : NO
    TCG debug enabled               : NO
    target list                     : x86_64-softmmu
    default devices                 : YES
    out of process emulation        : NO
    vfio-user server                : NO

  Block layer support
    coroutine backend               : ucontext
    coroutine pool                  : YES
    Block whitelist (rw)            : 
    Block whitelist (ro)            : 
    Use block whitelist in tools    : NO
    VirtFS (9P) support             : NO
    replication support             : NO
    bochs support                   : NO
    cloop support                   : NO
    dmg support                     : NO
    qcow v1 support                 : NO
    vdi support                     : NO
    vhdx support                    : NO
    vmdk support                    : NO
    vpc support                     : NO
    vvfat support                   : NO
    qed support                     : NO
    parallels support               : NO
    FUSE exports                    : NO
    VDUSE block exports             : NO

  Crypto
    TLS priority                    : NORMAL
    GNUTLS support                  : NO
    libgcrypt                       : NO
    nettle                          : NO
    SM4 ALG support                 : NO
    SM3 ALG support                 : NO
    AF_ALG support                  : NO
    rng-none                        : NO
    Linux keyring                   : NO
    Linux keyutils                  : NO

  User interface
    D-Bus display                   : NO
    SDL support                     : NO
    SDL image support               : NO
    GTK support                     : NO
    pixman                          : YES 0.40.0
    VTE support                     : NO
    PNG support                     : NO
    VNC support                     : YES
    VNC SASL support                : NO
    VNC JPEG support                : NO
    spice protocol support          : NO
    curses support                  : NO
    brlapi support                  : NO

  Graphics backends
    VirGL support                   : NO
    Rutabaga support                : NO

  Audio backends
    OSS support                     : NO
    sndio support                   : NO
    ALSA support                    : NO
    PulseAudio support              : NO
    PipeWire support                : NO
    JACK support                    : NO

  Network backends
    AF_XDP support                  : NO
    passt support                   : NO
    slirp support                   : NO
    vde support                     : NO
    netmap support                  : NO
    l2tpv3 support                  : NO

  Dependencies
    libtasn1                        : NO
    PAM                             : NO
    iconv support                   : NO
    blkio support                   : NO
    curl support                    : NO
    Multipath support               : NO
    Linux AIO support               : NO
    Linux io_uring support          : NO
    ATTR/XATTR support              : NO
    RDMA support                    : NO
    fdt support                     : internal
    libcap-ng support               : NO
    bpf support                     : NO
    rbd support                     : NO
    smartcard support               : NO
    U2F support                     : NO
    libusb                          : NO
    usb net redir                   : NO
    OpenGL support (epoxy)          : NO
Cleaning... 0 files.
    GBM                             : NO
    libiscsi support                : NO
    libnfs support                  : NO
    seccomp support                 : NO
    GlusterFS support               : NO
    hv-balloon support              : NO
    TPM support                     : NO
    IGVM support                    : NO
    libssh support                  : NO
    lzo support                     : NO
    snappy support                  : NO
    bzip2 support                   : NO
    lzfse support                   : NO
    zstd support                    : NO
    Query Processing Library support: NO
    UADK Library support            : NO
    qatzip support                  : NO
    NUMA host support               : NO
    capstone                        : NO
    libpmem support                 : NO
    libdaxctl support               : NO
    libcbor support                 : NO
    libudev                         : NO
    FUSE lseek                      : NO
    selinux                         : NO
    libdw                           : NO
    valgrind                        : NO

  Subprojects
    berkeley-softfloat-3            : YES
    berkeley-testfloat-3            : YES
    dtc                             : YES
    keycodemapdb                    : YES

  User defined options
    Native files                    : /workspace/bench/qemu-build-kf3/config-meson.cross
    auto_features                   : disabled
    curses                          : disabled
    docs                            : disabled
    gdb                             : /usr/bin/gdb
    gtk                             : disabled
    guest_agent                     : disabled
    kvm                             : enabled
    libssh                          : disabled
    pixman                          : enabled
    sdl                             : disabled
    slirp                           : disabled
    tools                           : disabled
    tpm                             : disabled
    vde                             : disabled
    vnc                             : enabled
    werror                          : false

Found ninja-1.10.1 at /usr/bin/ninja
Running postconf script '/workspace/bench/qemu-build-kf3/pyvenv/bin/python3 /workspace/bench/qemu-10.2.4/scripts/symlink-install-tree.py'
[1/5] Generating qemu-version.h with a custom command (wrapped by meson to capture output)
[2/3] Compiling C object libsystem.a.p/hw_misc_kf3_kf3.c.o
[3/3] Linking target qemu-system-x86_64
KF3_BUILT /workspace/bench/kf3-bins/8c86c94a/qemu-system-x86_64 rev=8c86c94a mtime=2026-10-03 16:56:19.100602399 +0000 (shared build dir /workspace/bench/qemu-build-kf3)
