BRK_LANE_START run brkE1s2 kf=18562ba4 2026-10-03T21:49:35+00:00
BRK_REVS kf3=18562ba4da0691d45ae1eaf72eed70bca17cf25f broker=9cb736fa7dcfeeaf67e82c4416db91705bfd544d
BRK_SESSION_LOCKED=no
BRK_BROKER pid=195310 socket=up args=[] bin=/opt/nvkvm-broker/nvkvm-display-broker sha256=16bc3bd42d764306
[boot_capture:brkE1s2] BINARY kf3-bin-rev:18562ba4  (/workspace/bench/kf3-bins/18562ba4/qemu-system-x86_64)  ⇒ every claim from this boot cites THIS revision
[boot_capture:brkE1s2] host dmesg watermark: 804 lines
[boot_capture:brkE1s2] booting (extra args: -vga none -device virtio-keyboard-pci -device virtio-tablet-pci,display=kf0,head=0 -device virtio-mouse-pci)
== kf3 binary: /workspace/bench/kf3-bins/18562ba4/qemu-system-x86_64 (rev 18562ba4)  device: kf3-gpu,fb-mb=8192,bar1-size=134217728,bar2-size=33554432,id=kf0,display=on,display-broker=/run/user/1000/nvkvm/display.sock,display-broker-uid=1000,display-broker-vram=on
[boot_capture:brkE1s2] guest is up after 33s
[boot_capture:brkE1s2] module unloaded and ring buffer cleared; loading cold
[boot_capture:brkE1s2] opening the device (this is what runs RmInitAdapter)
[boot_capture:brkE1s2] captured 28 dmesg lines, 25 NVRM, 0 adapter → /workspace/bench/run_brkE1s2_dmesg.log
[boot_capture:brkE1s2] --- the verdict lines ---
[boot_capture:brkE1s2] running POST_CAPTURE_HOOK: /root/kayfabe/scripts/bench/display/broker_hook.sh
[boot_capture:brkE1s2] hook finished: rc=0
[boot_capture:brkE1s2] guest dmesg after workload: 75 lines (55 NVRM), delta 47 → /workspace/bench/run_brkE1s2_dmesg_after.log
[boot_capture:brkE1s2] host dmesg delta: 0 lines, 0
0 NVRM, 0
0 Xid → /workspace/bench/run_brkE1s2_hostdmesg.log
[boot_capture:brkE1s2] pre-poweroff guest command: sudo systemctl stop lightdm; sudo sync; echo s | sudo tee /proc/sysrq-trigger >/dev/null; sleep 1; echo u | sudo tee /proc/sysrq-trigger >/dev/null; sleep 1
[boot_capture:brkE1s2] pre-poweroff rc=0
[boot_capture:brkE1s2] powering down (the emulated GSP's WPR2 only resets on a full QEMU restart)
[boot_capture:brkE1s2] census present (kf3):
    kf3: family=Ampere phase=Running trapped=29913 applied=2826 refused=4 serviced=962 ram_refused=0 unshadowed_writes=2 read_exits=0 last_off=0xb81608 mem[inval=635 walks=648/648 cleared=635 superseded=0 named_missed=2 unreconciled=0 mapped=1432 unmapped=1155 clipped=0x0 held=0 vmm_overlaps=0 priv_with
    DOORBELL-LEDGER tok=0x00000802 route=translated emulated=0 forwarded=2 host=0x1004f fast=0
    DOORBELL-LEDGER tok=0x00000801 route=translated emulated=0 forwarded=0 host=0x1004e fast=0
    DOORBELL-LEDGER tok=0x00000806 route=passthrough rung=0 emulated=0 forwarded=0 host=0x10053 trap=0 fast=0
    DOORBELL-LEDGER tok=0x00001007 route=passthrough rung=0 emulated=0 forwarded=0 host=0x20054 trap=0 fast=0
    DOORBELL-LEDGER tok=0x00000005 route=passthrough rung=0 emulated=0 forwarded=0 host=0x52 trap=0 fast=0
    DOORBELL-LEDGER tok=0x00000806 route=passthrough rung=0 emulated=0 forwarded=0 host=0x10053 trap=0 fast=0
    DOORBELL-LEDGER tok=0x00001007 route=passthrough rung=0 emulated=0 forwarded=0 host=0x20054 trap=0 fast=0
    DOORBELL-LEDGER tok=0x00000005 route=passthrough rung=0 emulated=0 forwarded=0 host=0x52 trap=0 fast=0
    DOORBELL-LEDGER tok=0x00000004 route=passthrough rung=8 emulated=0 forwarded=8 host=0x51 trap=8 fast=0
    DOORBELL-LEDGER tok=0x00000003 route=passthrough rung=910 emulated=0 forwarded=910 host=0x50 trap=910 fast=0
    DOORBELL-LEDGER tok=0x00000802 route=translated emulated=0 forwarded=2 host=0x1004f fast=0
    DOORBELL-LEDGER tok=0x00000801 route=translated emulated=0 forwarded=78 host=0x1004e fast=0
[boot_capture:brkE1s2] evidence carried into the repo: /root/kayfabe/traces/guest_boots/run_brkE1s2_{qemu,dmesg,probe,hostdmesg}.log
[boot_capture:brkE1s2] ★ NOW COMMIT THEM. `git commit -- <path>` does NOT add untracked files;
[boot_capture:brkE1s2]   run scripts/bench/assert_boot_evidence.sh before claiming BOOTED.
[boot_capture:brkE1s2] done. serial=/workspace/bench/run_brkE1s2_serial.log qemu=/workspace/bench/run_brkE1s2_qemu.log dmesg=/workspace/bench/run_brkE1s2_dmesg.log dmesg_after=/workspace/bench/run_brkE1s2_dmesg_after.log probe=/workspace/bench/run_brkE1s2_probe.log hostdmesg=/workspace/bench/run_brkE1s2_hostdmesg.log
scripts/bench/display/broker_lane.sh: line 59: 195310 Killed                  runuser -u "$SU" -- env DISPLAY="$XD" XAUTHORITY="$XA" "$B" --socket "$SOCK" --backend x11 --persist --verbose ${BROKER_ARGS:-} > "$OUT/broker.log" 2>&1
BRK_BROKERS_LEFT=0
BRK_RELAY 18 lines; rungs:       1 frames go as a GPU copy in host VRAM        1 frames go as shared memory only 
BRK_RELAY_LINE kf3: broker: GPU-copy rung possible — render node renderD128 (226:128), nvidia-drm gpu_id 0x7, modifier 0x0300000000606014, slot attributes s2-nvkms-scanout
BRK_RELAY_LINE kf3: broker: connected to /run/user/1000/nvkvm/display.sock, capabilities 0xfff — no /dev/udmabuf here, so frames go as shared memory only
BRK_RELAY_LINE kf3: broker: grab off
BRK_RELAY_LINE kf3: broker: guest cursor: the HOST pointer shows it (hover; not composed)
BRK_RELAY_LINE kf3: broker: the compositor renders on this GPU: the GPU-copy rung may be used
BRK_RELAY_LINE kf3: broker: the display CAN show XR24 modifier 0x0300000000606014
BRK_RELAY_LINE kf3: broker: frames go as a GPU copy in host VRAM (a block-linear dma-buf, modifier 0x0300000000606014; no byte crosses PCIe, nothing of the guest's is exported)
BRK_RELAY_LINE kf3: broker: the display imported a GPU-copy frame (its RELEASE came back)
BRK_RELAY_LINE kf3: broker: guest cursor image 256x256 hot 0,0 sent (1 so far)
BRK_RELAY_LINE kf3: broker: the display CANNOT show XR24 modifier 0x0000000000000000
BRK_STATUS broker[up=1 sent=1458 gpucopy=1458 gpucopy_backoffs=0 dropped=0 uncommitted=0 recovered=0 releases=1458 unknown_releases=0 reclaims=0 blocked=28 backstops=4 reconnects=0 failed_attempts=0 peer_refused=0 cursor=hover cursor_sets=1 cursor_hides=1 cursor_shows=0 cursor_refused=0]
BRK_DISP scanout_d2h=60 scanout_pack=1478 pack_skipped=0 display_vram_mib=50
BRK_DISP host_cursor_reads=782 host_cursor_refused=0
BRK_REFUSED_LINE 2026-10-03T21:49:38.718567Z qemu-system-x86_64: -device kf3-gpu,fb-mb=8192,bar1-size=134217728,bar2-size=33554432,id=kf0,display=on,display-broker=/run/user/1000/nvkvm/display.sock,display-broker-uid=
BRK_REFUSED_LINE kf3: family=Ampere phase=Cold trapped=0 applied=0 refused=0 serviced=0 ram_refused=0 unshadowed_writes=2 read_exits=0 last_off=0x0 mem[inval=0 walks=0/0 cleared=0 superseded=0 named_missed=0 unreconci
BRK_REFUSED_LINE kf3: family=Ampere phase=Cold trapped=0 applied=0 refused=0 serviced=0 ram_refused=0 unshadowed_writes=2 read_exits=0 last_off=0x0 mem[inval=0 walks=0/0 cleared=0 superseded=0 named_missed=0 unreconci
BRK_REFUSED_LINE kf3: family=Ampere phase=Cold trapped=0 applied=0 refused=0 serviced=0 ram_refused=0 unshadowed_writes=2 read_exits=0 last_off=0x0 mem[inval=0 walks=0/0 cleared=0 superseded=0 named_missed=0 unreconci
BRK_REFUSED_LINE kf3: family=Ampere phase=Cold trapped=0 applied=0 refused=0 serviced=0 ram_refused=0 unshadowed_writes=2 read_exits=0 last_off=0x0 mem[inval=0 walks=0/0 cleared=0 superseded=0 named_missed=0 unreconci
BRK_REFUSED_LINE kf3: family=Ampere phase=Cold trapped=0 applied=0 refused=0 serviced=0 ram_refused=0 unshadowed_writes=2 read_exits=0 last_off=0x0 mem[inval=0 walks=0/0 cleared=0 superseded=0 named_missed=0 unreconci
BRK_REFUSED_LINE kf3: family=Ampere phase=Cold trapped=0 applied=0 refused=0 serviced=0 ram_refused=0 unshadowed_writes=2 read_exits=0 last_off=0x0 mem[inval=0 walks=0/0 cleared=0 superseded=0 named_missed=0 unreconci
BRK_REFUSED_LINE kf3: family=Ampere phase=Cold trapped=0 applied=0 refused=0 serviced=0 ram_refused=0 unshadowed_writes=2 read_exits=0 last_off=0x0 mem[inval=0 walks=0/0 cleared=0 superseded=0 named_missed=0 unreconci
BRK_HOOK_START 2026-10-03T21:50:20+00:00
BRK_GUEST_KMS rc=0  nodes=[by-path card0 renderD128 ]
BRK_RELAY_CONNECTED 1 GPU_COPY_PROBE=[kf3: broker: GPU-copy rung possible — render node renderD128 (226:128), nvidia-drm gpu_id 0x7, modifier 0x0300000000606014, slot attributes s2-nvkms-scanout]
BRK_EV_DEVICE broker=[nvkvm-broker: the X server renders on DRM device 226:128 (render node)] relay=[kf3: broker: the compositor renders on this GPU: the GPU-copy rung may be used] host_nodes=[/dev/dri/card0=e2:0 /dev/dri/renderD128=e2:80 ]
BRK_GUEST_DESKTOP=yes session=cinnamon busid=PCI:0:2:0 (rc=0 )
BRK_RUNGS       1 frames go as a GPU copy in host VRAM        1 frames go as shared memory only 
BRK_RUNG_LINE kf3: broker: the compositor renders on this GPU: the GPU-copy rung may be used
BRK_RUNG_LINE kf3: broker: the display CAN show XR24 modifier 0x0300000000606014
BRK_RUNG_LINE kf3: broker: the display imported a GPU-copy frame (its RELEASE came back)
BRK_RUNG_LINE kf3: broker: the display CANNOT show XR24 modifier 0x0000000000000000
BRK_WINDOW id=[54525952]
BRK_WINDOW active=[54525952] (must be the window above)
BRK_WINDOW geometry=1024x768+0+0 root=[ dimensions: 1024x768 pixels (347x260 millimeters)]
BRK_HOOK_DONE (no cursor experiments)
BRK_LANE_EXIT rc=0 2026-10-03T21:51:26+00:00
