dbus-update-activation-environment: setting DBUS_SESSION_BUS_ADDRESS=unix:path=/run/user/1000/bus
dbus-update-activation-environment: setting DISPLAY=:0
dbus-update-activation-environment: setting XAUTHORITY=/home/ubuntu/.Xauthority
/etc/X11/Xsession.d/30x11-common_xresources: line 16: has_option: command not found
/etc/X11/Xsession.d/75dbus_dbus-launch: line 9: has_option: command not found
dbus-update-activation-environment: setting QT_ACCESSIBILITY=1
/etc/X11/Xsession.d/90x11-common_ssh-agent: line 9: has_option: command not found
dbus-update-activation-environment: setting SHELL=/bin/bash
dbus-update-activation-environment: setting QT_ACCESSIBILITY=1
dbus-update-activation-environment: setting XDG_CONFIG_DIRS=/etc/xdg/xdg-cinnamon:/etc/xdg
dbus-update-activation-environment: setting LANGUAGE=en
dbus-update-activation-environment: setting DESKTOP_SESSION=cinnamon
dbus-update-activation-environment: setting PWD=/home/ubuntu
dbus-update-activation-environment: setting XDG_SESSION_DESKTOP=cinnamon
dbus-update-activation-environment: setting LOGNAME=ubuntu
dbus-update-activation-environment: setting XDG_SESSION_TYPE=x11
dbus-update-activation-environment: setting GPG_AGENT_INFO=/run/user/1000/gnupg/S.gpg-agent:0:1
dbus-update-activation-environment: setting XAUTHORITY=/home/ubuntu/.Xauthority
dbus-update-activation-environment: setting XDG_GREETER_DATA_DIR=/var/lib/lightdm-data/ubuntu
dbus-update-activation-environment: setting GDM_LANG=en
dbus-update-activation-environment: setting HOME=/home/ubuntu
dbus-update-activation-environment: setting LANG=C.UTF-8
dbus-update-activation-environment: setting XDG_SESSION_CLASS=user
dbus-update-activation-environment: setting USER=ubuntu
dbus-update-activation-environment: setting DISPLAY=:0
dbus-update-activation-environment: setting SHLVL=0
dbus-update-activation-environment: setting XDG_RUNTIME_DIR=/run/user/1000
dbus-update-activation-environment: setting XDG_DATA_DIRS=/usr/share/cinnamon:/usr/share/gnome:/usr/local/share:/usr/share:/var/lib/snapd/desktop
dbus-update-activation-environment: setting PATH=/usr/local/sbin:/usr/local/bin:/usr/sbin:/usr/bin:/sbin:/bin:/usr/games:/usr/local/games:/snap/bin
dbus-update-activation-environment: setting GDMSESSION=cinnamon
dbus-update-activation-environment: setting DBUS_SESSION_BUS_ADDRESS=unix:path=/run/user/1000/bus
dbus-update-activation-environment: setting _=/usr/bin/dbus-update-activation-environment

** (csd-settings-remap:2648): WARNING **: 13:00:33.985: Skipping schema 'org.gnome.settings-daemon.plugins.xsettings' - doesn't exist
[cinnamon-settings-daemon-smartcard] Failed to start: no suitable smartcard driver could be found
[cinnamon-settings-daemon-smartcard] Failed to start: no suitable smartcard driver could be found
dbus-daemon[2692]: Activating service name='org.a11y.atspi.Registry' requested by ':1.1' (uid=1000 pid=2659 comm="/usr/bin/csd-clipboard" label="unconfined")
dbus-daemon[2692]: Successfully activated service 'org.a11y.atspi.Registry'

** (csd-color:2668): WARNING **: 13:00:34.320: There is no colord server available

(cinnamon:2788): mutter-WARNING **: 13:00:37.417: Property 'libinput Accel Profile Enabled Default' for device 'VirtualPS/2 VMware VMMouse' returned 3 items, expected 2

(cinnamon:2788): mutter-WARNING **: 13:00:37.418: Property 'libinput Accel Profiles Available' for device 'VirtualPS/2 VMware VMMouse' returned 3 items, expected 2

(cinnamon:2788): mutter-WARNING **: 13:00:37.418: Property 'libinput Accel Profile Enabled' for device 'VirtualPS/2 VMware VMMouse' returned 3 items, expected 2

(cinnamon:2788): mutter-WARNING **: 13:00:37.440: Property 'libinput Accel Profile Enabled Default' for device 'VirtualPS/2 VMware VMMouse' returned 3 items, expected 2

(cinnamon:2788): mutter-WARNING **: 13:00:37.440: Property 'libinput Accel Profiles Available' for device 'VirtualPS/2 VMware VMMouse' returned 3 items, expected 2
Gjs-Message: 13:00:37.606: Profiler is disabled. Not setting up signals.
Gjs-Message: 13:00:38.137: JS LOG: About to start Cinnamon (X11 backend)
Gjs-Message: 13:00:38.204: JS LOG: [LookingGlass/info] Cinnamon.AppSystem.get_default() started in 63 ms
Gjs-Message: 13:00:38.210: JS LOG: [LookingGlass/info] loading default theme
Gjs-Message: 13:00:38.593: JS LOG: [LookingGlass/info] loaded at Wed Sep 30 2026 13:00:38 GMT+0000 (Coordinated Universal Time)
Gjs-Message: 13:00:38.593: JS LOG: Cinnamon started at Wed Sep 30 2026 13:00:38 GMT+0000 (Coordinated Universal Time)
Gjs-Message: 13:00:38.623: JS LOG: [LookingGlass/info] ExtensionSystem started in 2 ms
Gjs-Message: 13:00:38.623: JS LOG: [LookingGlass/info] DeskletManager started in 2 ms
Gjs-Message: 13:00:38.624: JS LOG: [LookingGlass/info] SearchProviderManager started in 2 ms

(cinnamon:2788): mutter-WARNING **: 13:00:38.656: Property 'libinput Accel Profile Enabled Default' for device 'VirtualPS/2 VMware VMMouse' returned 3 items, expected 2

(cinnamon:2788): mutter-WARNING **: 13:00:38.656: Property 'libinput Accel Profiles Available' for device 'VirtualPS/2 VMware VMMouse' returned 3 items, expected 2

** (at-spi2-registryd:2728): WARNING **: 13:00:38.712: Failed to register client: GDBus.Error:org.gnome.SessionManager.AlreadyRegistered: Unable to register client

** (at-spi2-registryd:2728): WARNING **: 13:00:38.712: Unable to register client with session manager
Gjs-Message: 13:00:38.848: JS LOG: [LookingGlass/info] Loaded applet separator@cinnamon.org in 42 ms
Gjs-Message: 13:00:38.872: JS LOG: [LookingGlass/info] Loaded applet removable-drives@cinnamon.org in 24 ms
Gjs-Message: 13:00:38.894: JS LOG: [LookingGlass/info] Loaded applet favorites@cinnamon.org in 22 ms
Gjs-Message: 13:00:38.921: JS LOG: [LookingGlass/info] Role locked: notifications

** (nemo-desktop:2914): WARNING **: 13:00:38.953: Current gtk theme is not known to have nemo support (Adwaita) - checking...
Gjs-Message: 13:00:39.031: JS LOG: [LookingGlass/info] Loaded applet notifications@cinnamon.org in 137 ms

** (nemo-desktop:2914): WARNING **: 13:00:39.065: The theme appears to have no nemo support.  Adding some...
** Message: 13:00:39.079: nemo-desktop: session is cinnamon, establishing proxy
Gjs-Message: 13:00:39.081: JS LOG: [LookingGlass/info] Loaded applet keyboard@cinnamon.org in 48 ms
Gjs-Message: 13:00:39.103: JS LOG: [LookingGlass/info] Loaded applet cornerbar@cinnamon.org in 22 ms
Gjs-Message: 13:00:39.119: JS LOG: [LookingGlass/info] Loaded applet xapp-status@cinnamon.org in 16 ms
Gjs-Message: 13:00:39.127: JS LOG: [LookingGlass/info] Role locked: tray
Gjs-Message: 13:00:39.132: JS LOG: [LookingGlass/info] Loaded applet systray@cinnamon.org in 13 ms
Gjs-Message: 13:00:39.173: JS LOG: [LookingGlass/info] Loaded applet printers@cinnamon.org in 41 ms

(cinnamon:2788): XApp-WARNING **: 13:00:39.206: Could not spawn StatusNotifier watcher (xapp-sn-watcher): Failed to execute child process “/usr/lib/x86_64-linux-gnu/xapps/xapp-sn-watcher” (No such file or directory)

(cinnamon:2788): XApp-WARNING **: 13:00:39.206: Support will be limited to native XAppStatusIcons only
Gjs-Message: 13:00:39.226: JS LOG: [LookingGlass/info] Loaded applet power@cinnamon.org in 52 ms
Gjs-Message: 13:00:39.287: JS LOG: [LookingGlass/info] Loaded applet calendar@cinnamon.org in 61 ms
Gjs-Message: 13:00:39.326: JS LOG: [LookingGlass/info] Role locked: panellauncher
Gjs-Message: 13:00:39.326: JS LOG: [LookingGlass/info] Role locked: windowattentionhandler
Gjs-Message: 13:00:39.330: JS LOG: [LookingGlass/info] Loaded applet grouped-window-list@cinnamon.org in 43 ms
Gjs-Message: 13:00:39.384: JS LOG: [LookingGlass/info] Loaded applet sound@cinnamon.org in 54 ms

** (csd-power:2670): CRITICAL **: 13:00:39.395: abs_to_percentage: assertion 'max > min' failed
Gjs-Message: 13:00:39.436: JS LOG: [LookingGlass/info] Loaded applet network@cinnamon.org in 52 ms
cinnamon-session[2597]: WARNING: t+5.78610s: Detected that screensaver has appeared on the bus
Gjs-Message: 13:00:39.575: JS LOG: [LookingGlass/info] Loaded applet menu@cinnamon.org in 139 ms
Gjs-Message: 13:00:39.575: JS LOG: [LookingGlass/info] AppletManager started in 980 ms
Gjs-Message: 13:00:39.580: JS LOG: [LookingGlass/info] Cinnamon took 1444 ms to start
Gjs-Message: 13:00:39.601: JS LOG: Unknown network device type, is 32
Gjs-Message: 13:00:39.620: JS LOG: [LookingGlass/info] Hiding systray: network
/usr/bin/cinnamon-launcher:82: DeprecationWarning: This process (pid=2782) is multi-threaded, use of fork() may lead to deadlocks in the child.
  self.fb_pid = os.fork()
Exception in thread Thread-2 (wait_for_process):
Traceback (most recent call last):
  File "/usr/lib/python3.12/threading.py", line 1073, in _bootstrap_inner
    self.run()
  File "/usr/lib/python3.12/threading.py", line 1010, in run
    self._target(*self._args, **self._kwargs)
  File "/usr/bin/cinnamon-launcher", line 88, in wait_for_process
    os.execvp(FALLBACK_COMMAND, (FALLBACK_COMMAND,) + FALLBACK_ARGS)
  File "<frozen os>", line 580, in execvp
  File "<frozen os>", line 622, in _execvpe
  File "<frozen os>", line 613, in _execvpe
FileNotFoundError: [Errno 2] No such file or directory
cinnamon-session[2597]: WARNING: t+35.80117s: Detected that screensaver has left the bus
