FAST_SUITE_STARTED=2026-09-30T10:52:44+00:00 arms=30 budget=180s
rev=43293417
ARM                          VERDICT   secs  why
--timer                      PASS      22s   22s
FAST_CELL_ARM arm=timer verdict=PASS secs=22 client_ms=1509
--engines                    PASS      23s   23s
FAST_CELL_ARM arm=engines verdict=PASS secs=23 client_ms=2420
--doorbell-census            PASS      25s   25s
FAST_CELL_ARM arm=doorbell-census verdict=PASS secs=25 client_ms=3689
--gpu-info-sweep             PASS      23s   23s
FAST_CELL_ARM arm=gpu-info-sweep verdict=PASS secs=23 client_ms=1359
--bus-info-sweep             PASS      26s   26s
FAST_CELL_ARM arm=bus-info-sweep verdict=PASS secs=26 client_ms=4880
--concurrency                PASS      37s   37s
FAST_CELL_ARM arm=concurrency verdict=PASS secs=37 client_ms=16129
--defer-liveness             PASS      34s   34s
FAST_CELL_ARM arm=defer-liveness verdict=PASS secs=34 client_ms=13970
--blockage-coverage          PASS      23s   23s
FAST_CELL_ARM arm=blockage-coverage verdict=PASS secs=23 client_ms=2090
--alias-two-vas              PASS      22s   22s
FAST_CELL_ARM arm=alias-two-vas verdict=PASS secs=22 client_ms=1400
--alias-unmap-observe        PASS      23s   23s
FAST_CELL_ARM arm=alias-unmap-observe verdict=PASS secs=23 client_ms=1459
--map-propagation            PASS      22s   22s
FAST_CELL_ARM arm=map-propagation verdict=PASS secs=22 client_ms=1349
--late-map-race              PASS      22s   22s
FAST_CELL_ARM arm=late-map-race verdict=PASS secs=22 client_ms=1839
--missing-page-fault         PASS      25s   25s
FAST_CELL_ARM arm=missing-page-fault verdict=PASS secs=25 client_ms=4559
--uvm-invalidate             PASS      24s   24s
FAST_CELL_ARM arm=uvm-invalidate verdict=PASS secs=24 client_ms=2360
--uvm-mean                   PASS      25s   25s
FAST_CELL_ARM arm=uvm-mean verdict=PASS secs=25 client_ms=3660
--executor-vas               PASS      23s   23s
FAST_CELL_ARM arm=executor-vas verdict=PASS secs=23 client_ms=1800
--guest-ring-channel         PASS      22s   22s
FAST_CELL_ARM arm=guest-ring-channel verdict=PASS secs=22 client_ms=1469
--dictated-ring              PASS      23s   23s
FAST_CELL_ARM arm=dictated-ring verdict=PASS secs=23 client_ms=1530
--dictated-ring-negative     PASS      23s   23s
FAST_CELL_ARM arm=dictated-ring-negative verdict=PASS secs=23 client_ms=1410
--ce-client                  PASS      23s   23s
FAST_CELL_ARM arm=ce-client verdict=PASS secs=23 client_ms=1670
--ce-client-guest-ram        PASS      108s  108s
FAST_CELL_ARM arm=ce-client-guest-ram verdict=PASS secs=108 client_ms=87960
--guest-ram-pin              PASS      22s   22s
FAST_CELL_ARM arm=guest-ram-pin verdict=PASS secs=22 client_ms=1790
--bar1-crossing              PASS      24s   24s
FAST_CELL_ARM arm=bar1-crossing verdict=PASS secs=24 client_ms=1530
--atomics-probe              PASS      22s   22s
FAST_CELL_ARM arm=atomics-probe verdict=PASS secs=22 client_ms=1470
--pce-mask-probe             PASS      23s   23s
FAST_CELL_ARM arm=pce-mask-probe verdict=PASS secs=23 client_ms=1429
--gpga-reserve-probe         PASS      100s  100s
FAST_CELL_ARM arm=gpga-reserve-probe verdict=PASS secs=100 client_ms=79280
--map-stress                 PASS      24s   24s
FAST_CELL_ARM arm=map-stress verdict=PASS secs=24 client_ms=2699
--concurrent-fuzz            PASS      27s   27s
FAST_CELL_ARM arm=concurrent-fuzz verdict=PASS secs=27 client_ms=5699
--cross-client-leak          PASS      23s   23s
FAST_CELL_ARM arm=cross-client-leak verdict=PASS secs=23 client_ms=1660
--rpc-mixed-allocs           PASS      24s   24s
FAST_CELL_ARM arm=rpc-mixed-allocs verdict=PASS secs=24 client_ms=2440

FAST_SUITE_PASS=30 FAST_SUITE_FAIL=0 FAST_SUITE_CRASH=0 NOTRUN=0 ARMS=30
FAST_SUITE_RC=0
