[    2.607332] device-mapper: core: CONFIG_IMA_DISABLE_HTABLE is disabled. Duplicate IMA measurements will not be recorded in the IMA log.
[    2.634941] platform eisa.0: EISA: Cannot allocate resource for mainboard
[    2.646756] platform eisa.0: Cannot allocate resource for EISA slot 1
[    2.657313] platform eisa.0: Cannot allocate resource for EISA slot 2
[    2.668642] platform eisa.0: Cannot allocate resource for EISA slot 3
[    2.677073] platform eisa.0: Cannot allocate resource for EISA slot 4
[    2.685936] platform eisa.0: Cannot allocate resource for EISA slot 5
[    2.695271] platform eisa.0: Cannot allocate resource for EISA slot 6
[    2.700631] platform eisa.0: Cannot allocate resource for EISA slot 7
[    2.706250] platform eisa.0: Cannot allocate resource for EISA slot 8
[    2.712945] amd_pstate: the _CPC object is not present in SBIOS or ACPI disabled
[    9.873231] Key type dns_resolver registered
[    9.897582] Loading compiled-in X.509 certificates
[    9.903505] Loaded X.509 cert 'Build time autogenerated kernel key: 3fa2747ce20c90997bcade15a1cad09daa978788'
[    9.909511] Loaded X.509 cert 'Canonical Ltd. Live Patch Signing: 14df34d1a87cf37625abec039ef2bf521249b969'
[    9.915676] Loaded X.509 cert 'Canonical Ltd. Kernel Module Signing: 88f752e560a1e0737e31163a466ad7b70a850c19'
[    9.921366] blacklist: Loading compiled-in revocation X.509 certificates
[    9.925553] Loaded X.509 cert 'Canonical Ltd. Secure Boot Signing: 61482aa2830d0ab2ad5af10b7250da9033ddcef0'
[    9.930910] Loaded X.509 cert 'Canonical Ltd. Secure Boot Signing (2017): 242ade75ac4a15e50d50c84b0d45ff3eae707a03'
[    9.936550] Loaded X.509 cert 'Canonical Ltd. Secure Boot Signing (ESM 2018): 365188c1d374d6b07c3c8f240f8ef722433d6a8b'
[    9.942350] Loaded X.509 cert 'Canonical Ltd. Secure Boot Signing (2019): c0746fd6c5da3ae827864651ad66ae47fe24b3e8'
[    9.947963] Loaded X.509 cert 'Canonical Ltd. Secure Boot Signing (2021 v1): a8d54bbb3825cfb94fa13c9f8a594a195c107b8d'
[    9.953760] Loaded X.509 cert 'Canonical Ltd. Secure Boot Signing (2021 v2): 4cf046892d6fd3c9a5b03f98d845f90851dc6a8c'
[    9.959506] Loaded X.509 cert 'Canonical Ltd. Secure Boot Signing (2021 v3): 100437bb6de6e469b581e61cd66bce3ef4ed53af'
[    9.965308] Loaded X.509 cert 'Canonical Ltd. Secure Boot Signing (Ubuntu Core 2019): c1d57b8f6b743f23ee41f4f7ee292f06eecadfb9'
[   10.009118] Key type .fscrypt registered
[   10.011386] Key type fscrypt-provisioning registered
[   10.034833] Key type encrypted registered
[   10.037548] Loading compiled-in module X.509 certificates
[   10.041235] Loaded X.509 cert 'Build time autogenerated kernel key: 3fa2747ce20c90997bcade15a1cad09daa978788'
[   10.087694] Unstable clock detected, switching default tracing clock to "global"
[   10.087694] If you want to keep using the local clock, then add:
[   10.087694]   "trace_clock=local"
[   10.087694] on the kernel command line
FASTGUEST: up 10.24s
FASTGUEST: switch_root prepared in 2.2s
FASTGUEST: up 12.63s
FASTGUEST: root is a real mount (switch_root done) — the isolate sandbox can pivot_root
FASTGUEST: insmod ecc.ko ok
[   12.831719] nvidia: loading out-of-tree module taints kernel.
[   12.835109] nvidia: module verification failed: signature and/or required key missing - tainting kernel
[   12.960801] 
[   12.973619] NVRM: loading NVIDIA UNIX Open Kernel Module for x86_64  580.159.04  Release Build  (dvs-builder@U22-I3-AF04-09-6)  Wed Apr 29 17:15:53 UTC 2026
FASTGUEST: insmod nvidia.ko ok
FASTGUEST: insmod nvidia-uvm.ko ok
FASTGUEST: insmod wmi.ko ok
FASTGUEST: insmod video.ko ok
FASTGUEST: insmod nvidia-modeset.ko ok
FASTGUEST: nodes /dev/nvidia-caps/nvidia-cap1 /dev/nvidia-uvm /dev/nvidia-uvm-tools /dev/nvidia0 /dev/nvidiactl  /dev/nvidia-caps: nvidia-cap1 
FASTGUEST: ready 13.12s
FASTGUEST: arms --defer-liveness --probe-launch-dma  deadline 164s (budget 180s, 13s already spent booting)
info  RMLADDER DEADLINE = armed (KF_SELF_DEADLINE_MS)
info  RMLADDER ARGV     = [--gpu 0 --defer-liveness --probe-launch-dma]
[   13.939250] NVRM: nvAssertOkFailedNoLog: Assertion failed: Call not supported [NV_ERR_NOT_SUPPORTED] (0x00000056) returned from pRmApi->Control(pRmApi, pGpu->hInternalClient, pGpu->hInternalSubdevice, NV2080_CTRL_CMD_INTERNAL_INIT_USER_SHARED_DATA, &params, sizeof(params)) @ gpu_user_shared_data.c:233
[   13.952718] NVRM: nvAssertOkFailedNoLog: Assertion failed: Call not supported [NV_ERR_NOT_SUPPORTED] (0x00000056) returned from pRmApi->Control(pRmApi, pGpu->hInternalClient, pGpu->hInternalSubdevice, NV2080_CTRL_CMD_INTERNAL_USER_SHARED_DATA_SET_DATA_POLL, &params, sizeof(params)) @ gpu_user_shared_data.c:268
[   13.997161] NVRM: kperfGpuBoostSyncStateInit_IMPL: Failed to read Sync Gpu Boost init state, status=0x56
[   14.004474] NVRM: kperfGpuBoostSyncStateInit_IMPL: Failed to read Sync Gpu Boost init state, status=0x56
[   14.009825] NVRM: nvAssertOkFailedNoLog: Assertion failed: Call not supported [NV_ERR_NOT_SUPPORTED] (0x00000056) returned from pRmApi->Control(pRmApi, pGpu->hInternalClient, pGpu->hInternalSubdevice, NV2080_CTRL_CMD_INTERNAL_CE_GET_PCE_CONFIG_FOR_LCE_TYPE, &pceConfigParams, sizeof(pceConfigParams)) @ kernel_ce.c:1020
[   14.024687] NVRM: nvAssertOkFailedNoLog: Assertion failed: Call not supported [NV_ERR_NOT_SUPPORTED] (0x00000056) returned from kceGetPceConfigForLceType(pGpu, pKCe, NV2080_CTRL_CE_LCE_TYPE_DECOMP, &numPcesPerLce, &numLces, &supportedPceMask, &supportedLceMask, &pcesPerHshub) @ kernel_ce_gp100.c:62
[   14.428945] NVRM: nvCheckOkFailedNoLog: Check failed: Call not supported [NV_ERR_NOT_SUPPORTED] (0x00000056) returned from kgrobjPromoteContext(pGpu, pKernelGraphicsObject, pKernelGraphics) @ kernel_graphics_object.c:224
[   14.439764] NVRM: nvAssertOkFailedNoLog: Assertion failed: Call not supported [NV_ERR_NOT_SUPPORTED] (0x00000056) returned from pRmApi->AllocWithHandle(pRmApi, hClientId, hChannelId, hObj3D, classNum, NULL, 0) @ kernel_graphics.c:2519
[   14.452935] NVRM: vaListDestroy: non-zero mapCount(pVaList): 0x1
[   14.456227] NVRM: vaListDestroy: non-zero mapCount(pVaList): 0x1
[   14.459430] NVRM: vaListDestroy: non-zero mapCount(pVaList): 0x1
[   14.462716] NVRM: vaListDestroy: non-zero mapCount(pVaList): 0x1
[   14.470729] NVRM: nvCheckOkFailedNoLog: Check failed: Call not supported [NV_ERR_NOT_SUPPORTED] (0x00000056) returned from kgraphicsCreateGoldenImageChannel(pGpu, pKernelGraphics) @ kernel_graphics.c:508
[   14.480071] NVRM: nvAssertFailedNoLog: Assertion failed: 0 @ kernel_fifo.c:3129
[   14.493067] NVRM: rpcRmApiAlloc_GSP: GspRmAlloc failed: hClient=0xc1d00009; hParent=0x31415903; hObject=0x31415900; hClass=0x0000c36f; paramsSize=0x00000170; paramsStatus=0x00000056; status=0x00000056
[   14.502252] NVRM: nvAssertOkFailedNoLog: Assertion failed: Call not supported [NV_ERR_NOT_SUPPORTED] (0x00000056) returned from status @ kernel_channel.c:2827
[   14.509503] NVRM: nvAssertOkFailedNoLog: Assertion failed: Call not supported [NV_ERR_NOT_SUPPORTED] (0x00000056) returned from _kchannelSendChannelAllocRpc(pKernelChannel, pChannelGpfifoParams, pKernelChannelGroup, bFullSriov) @ kernel_channel.c:940
[   14.522095] NVRM: nvAssertFailedNoLog: Assertion failed: status == NV_OK @ kernel_rc_watchdog.c:1198
[   14.529684] NVRM: rpcRmApiAlloc_GSP: GspRmAlloc failed: hClient=0xc1d0000a; hParent=0xcaf00001; hObject=0xcaf00002; hClass=0x0000402c; paramsSize=0x00000000; paramsStatus=0x00000056; status=0x00000056
ok    R2 version         = "580.159.04"
ok    R4 hClient         = 0xc1d0000b
ok    R6 hSubdevice      = 0xcafe0002
REV_UNDER_TEST=unstamped
W381_PROBE=launch-dma — ⊘ FIXED for this rung, whatever `--probe-*` asked for: the question is whether a READ through a freshly-written PTE resolves, and a semaphore release cannot ask it
info  DL defer-liveness  = GPU 0, euid 0 — does a PTE written with NVOS46_FLAGS_DEFER_TLB_INVALIDATION become live with NO invalidate on any transport?
info  DL the two worlds  = (A) the walk picks the fresh PTE up ⇒ a mapping can go live with nothing observable to a hypervisor; (B) it is not live until an invalidate ⇒ DEFER is a BATCHING contract and the boundary stays observable
DEFER_SCOPE=leaf-PTE, small-page table, GA10x MMU regime, ONE board, VIRT_READ, one copy engine — ⊘ NOT a statement about big/huge pages, about page-directory entries, about writes, or about any other MMU generation
ok    DL idle check      = no other process holds a /dev/nvidia* descriptor open

═══ DL ARM PLAIN(rig-control) (slot 0) ═══
info  DL plan            = guard 0x0000006000000000  V 0x0000006000010000  dst 0x0000006100000000  rings 0x0000005000000000/0x0000005040000000/0x0000005080000000
ok    DL geometry        = guard and V share ONE 0x200000 directory span (so they share a leaf page table by construction), and every address is under 0x0000010000000000
ok    DL vaspace         = a FRESH address space for this arm alone
ok    DL objects         = guard 0x10000 @ 0x0000006000000000 magic 0x6a2d0289, data 0x200000 (mapping 0x10000) magic 0x0def0289, dst 0x10000 @ 0x0000006100000000 sentinel 0xdead0289
ok    DL channels        = 3 built BEFORE the prime (prime/test/rescue), rings at 0x0000005000000000 0x0000005040000000 0x0000005080000000 — ⊘ none is created after it, because a channel's own ctx-buffer maps each end in an invalidate
info  DL PDE before guard= PDE_ABSENT @ 0x0000006000010000 — ★ expect PDE_ABSENT: it is what makes the guard, and not something else, the thing that instantiated the leaf table
ok    DL guard map       = 0x10000 @ 0x0000006000000000, page-size flag 4KB — HELD for the whole arm
ok    DL dst map         = 0x10000 @ 0x0000006100000000
★     DL PDE before map  = PDE_COVERS @ 0x0000006000010000 — the leaf table EXISTS, so step 6 writes a leaf PTE and allocates no level
FAULT_MARK=defer_liveness_prime arm=PLAIN(rig-control) va=0x0000006000010000 ⚠ THE HOST dmesg WILL CARRY AN Xid 31 FOR THIS CHANNEL AND IT IS THE POINT
kayfabe-isolate: DOORBELL-STORE #1 host_token=0x00000003 runlist=0 chid=3 → storing 32 bits at USERMODE_NOTIFY_CHANNEL_PENDING=0x90 in the mapped usermode window
kayfabe-isolate: DOORBELL-STORE #1 host_token=0x00000003 ★★★ WROTE — the store instruction executed
info  DL prime copy      = Dead { saw: 3735880329 }
info  DL prime notifier  = fired=true status=0xffff except_type=0x1f engine=0x0001
★     DL PRIME           = FAULTED. The MMU walked 0x0000006000010000 and the entry it found was non-present
kayfabe-isolate: DOORBELL-STORE #2 host_token=0x00000004 runlist=0 chid=4 → storing 32 bits at USERMODE_NOTIFY_CHANNEL_PENDING=0x90 in the mapped usermode window
kayfabe-isolate: DOORBELL-STORE #2 host_token=0x00000004 ★★★ WROTE — the store instruction executed
kayfabe-isolate: DOORBELL-STORE #3 host_token=0x00000005 runlist=0 chid=5 → storing 32 bits at USERMODE_NOTIFY_CHANNEL_PENDING=0x90 in the mapped usermode window
kayfabe-isolate: DOORBELL-STORE #3 host_token=0x00000005 ★★★ WROTE — the store instruction executed
info  DL channel control = test Live, rescue Live
ok    DL channel control = both surviving channels still land after the prime
ok    DL map             = 0x10000 @ 0x0000006000010000 asked 0x0000006000010000 DEFER=false PAGE_SIZE=4KB
info  DL PTE after map   = PTE_UNMEASURED(rmStatus=0x007e) ; PDE after map = PDE_COVERS
⊘     DL PTE            = UNMEASURED (rmStatus=0x007e) — expected on a release driver: GET_PTE_INFO carries RMCTRL_FLAGS_RM_TEST_ONLY_CODE. ⚠ FALLBACK IN FORCE: the PDE answer above is PAGE-TABLE granularity and does NOT say the leaf is valid, so the attribution moves to the RESCUE at step 10 — invalidate, retry, and a landing there proves the PTE was in memory all along
info  DL invalidate      = NONE ISSUED BY ANY TRANSPORT — no control, no pushbuffer MEM_OP, nothing. This is the arm's defining property
kayfabe-isolate: DOORBELL-STORE #4 host_token=0x00000004 runlist=0 chid=4 → storing 32 bits at USERMODE_NOTIFY_CHANNEL_PENDING=0x90 in the mapped usermode window
kayfabe-isolate: DOORBELL-STORE #4 host_token=0x00000004 ★★★ WROTE — the store instruction executed
info  DL test copy       = Live retire=RETIRED 
info  DL test notifier   = fired=false status=0x0000 except_type=0x0

═══ DL ARM DEFER(the-question) (slot 1) ═══
info  DL plan            = guard 0x0000006200000000  V 0x0000006200010000  dst 0x0000006300000000  rings 0x0000005200000000/0x0000005240000000/0x0000005280000000
ok    DL geometry        = guard and V share ONE 0x200000 directory span (so they share a leaf page table by construction), and every address is under 0x0000010000000000
ok    DL vaspace         = a FRESH address space for this arm alone
ok    DL objects         = guard 0x10000 @ 0x0000006200000000 magic 0x6a2d0289, data 0x200000 (mapping 0x10000) magic 0x0def0289, dst 0x10000 @ 0x0000006300000000 sentinel 0xdead0289
ok    DL channels        = 3 built BEFORE the prime (prime/test/rescue), rings at 0x0000005200000000 0x0000005240000000 0x0000005280000000 — ⊘ none is created after it, because a channel's own ctx-buffer maps each end in an invalidate
info  DL PDE before guard= PDE_ABSENT @ 0x0000006200010000 — ★ expect PDE_ABSENT: it is what makes the guard, and not something else, the thing that instantiated the leaf table
ok    DL guard map       = 0x10000 @ 0x0000006200000000, page-size flag 4KB — HELD for the whole arm
ok    DL dst map         = 0x10000 @ 0x0000006300000000
★     DL PDE before map  = PDE_COVERS @ 0x0000006200010000 — the leaf table EXISTS, so step 6 writes a leaf PTE and allocates no level
FAULT_MARK=defer_liveness_prime arm=DEFER(the-question) va=0x0000006200010000 ⚠ THE HOST dmesg WILL CARRY AN Xid 31 FOR THIS CHANNEL AND IT IS THE POINT
kayfabe-isolate: DOORBELL-STORE #5 host_token=0x00000003 runlist=0 chid=3 → storing 32 bits at USERMODE_NOTIFY_CHANNEL_PENDING=0x90 in the mapped usermode window
kayfabe-isolate: DOORBELL-STORE #5 host_token=0x00000003 ★★★ WROTE — the store instruction executed
info  DL prime copy      = Dead { saw: 3735880329 }
info  DL prime notifier  = fired=true status=0xffff except_type=0x1f engine=0x0001
★     DL PRIME           = FAULTED. The MMU walked 0x0000006200010000 and the entry it found was non-present
kayfabe-isolate: DOORBELL-STORE #6 host_token=0x00000004 runlist=0 chid=4 → storing 32 bits at USERMODE_NOTIFY_CHANNEL_PENDING=0x90 in the mapped usermode window
kayfabe-isolate: DOORBELL-STORE #6 host_token=0x00000004 ★★★ WROTE — the store instruction executed
kayfabe-isolate: DOORBELL-STORE #7 host_token=0x00000005 runlist=0 chid=5 → storing 32 bits at USERMODE_NOTIFY_CHANNEL_PENDING=0x90 in the mapped usermode window
kayfabe-isolate: DOORBELL-STORE #7 host_token=0x00000005 ★★★ WROTE — the store instruction executed
info  DL channel control = test Live, rescue Live
ok    DL channel control = both surviving channels still land after the prime
ok    DL map             = 0x10000 @ 0x0000006200010000 asked 0x0000006200010000 DEFER=true PAGE_SIZE=4KB
info  DL PTE after map   = PTE_UNMEASURED(rmStatus=0x007e) ; PDE after map = PDE_COVERS
⊘     DL PTE            = UNMEASURED (rmStatus=0x007e) — expected on a release driver: GET_PTE_INFO carries RMCTRL_FLAGS_RM_TEST_ONLY_CODE. ⚠ FALLBACK IN FORCE: the PDE answer above is PAGE-TABLE granularity and does NOT say the leaf is valid, so the attribution moves to the RESCUE at step 10 — invalidate, retry, and a landing there proves the PTE was in memory all along
info  DL invalidate      = NONE ISSUED BY ANY TRANSPORT — no control, no pushbuffer MEM_OP, nothing. This is the arm's defining property
kayfabe-isolate: DOORBELL-STORE #8 host_token=0x00000004 runlist=0 chid=4 → storing 32 bits at USERMODE_NOTIFY_CHANNEL_PENDING=0x90 in the mapped usermode window
kayfabe-isolate: DOORBELL-STORE #8 host_token=0x00000004 ★★★ WROTE — the store instruction executed
info  DL test copy       = Dead { saw: 3735880329 } retire=NOT-RETIRED(sem still 0) 
info  DL test notifier   = fired=true status=0xffff except_type=0x1f
info  DL rescue          = the deferred copy was DEAD; issuing the invalidate now and retrying on the third channel, to say WHICH red this is
ok    DL rescue invalidate = issued, rmStatus=0x0000
kayfabe-isolate: DOORBELL-STORE #9 host_token=0x00000005 runlist=0 chid=5 → storing 32 bits at USERMODE_NOTIFY_CHANNEL_PENDING=0x90 in the mapped usermode window
kayfabe-isolate: DOORBELL-STORE #9 host_token=0x00000005 ★★★ WROTE — the store instruction executed
kayfabe-isolate: DOORBELL-STORE #10 host_token=0x00000005 runlist=0 chid=5 → storing 32 bits at USERMODE_NOTIFY_CHANNEL_PENDING=0x90 in the mapped usermode window
kayfabe-isolate: DOORBELL-STORE #10 host_token=0x00000005 ★★★ WROTE — the store instruction executed
info  DL rescue copy     = Live retire=RETIRED

═══ DL ARM DEFER+INVALIDATE(known-positive) (slot 2) ═══
info  DL plan            = guard 0x0000006400000000  V 0x0000006400010000  dst 0x0000006500000000  rings 0x0000005400000000/0x0000005440000000/0x0000005480000000
ok    DL geometry        = guard and V share ONE 0x200000 directory span (so they share a leaf page table by construction), and every address is under 0x0000010000000000
ok    DL vaspace         = a FRESH address space for this arm alone
ok    DL objects         = guard 0x10000 @ 0x0000006400000000 magic 0x6a2d0289, data 0x200000 (mapping 0x10000) magic 0x0def0289, dst 0x10000 @ 0x0000006500000000 sentinel 0xdead0289
ok    DL channels        = 3 built BEFORE the prime (prime/test/rescue), rings at 0x0000005400000000 0x0000005440000000 0x0000005480000000 — ⊘ none is created after it, because a channel's own ctx-buffer maps each end in an invalidate
info  DL PDE before guard= PDE_ABSENT @ 0x0000006400010000 — ★ expect PDE_ABSENT: it is what makes the guard, and not something else, the thing that instantiated the leaf table
ok    DL guard map       = 0x10000 @ 0x0000006400000000, page-size flag 4KB — HELD for the whole arm
ok    DL dst map         = 0x10000 @ 0x0000006500000000
★     DL PDE before map  = PDE_COVERS @ 0x0000006400010000 — the leaf table EXISTS, so step 6 writes a leaf PTE and allocates no level
FAULT_MARK=defer_liveness_prime arm=DEFER+INVALIDATE(known-positive) va=0x0000006400010000 ⚠ THE HOST dmesg WILL CARRY AN Xid 31 FOR THIS CHANNEL AND IT IS THE POINT
kayfabe-isolate: DOORBELL-STORE #11 host_token=0x00000003 runlist=0 chid=3 → storing 32 bits at USERMODE_NOTIFY_CHANNEL_PENDING=0x90 in the mapped usermode window
kayfabe-isolate: DOORBELL-STORE #11 host_token=0x00000003 ★★★ WROTE — the store instruction executed
info  DL prime copy      = Dead { saw: 3735880329 }
info  DL prime notifier  = fired=true status=0xffff except_type=0x1f engine=0x0001
★     DL PRIME           = FAULTED. The MMU walked 0x0000006400010000 and the entry it found was non-present
kayfabe-isolate: DOORBELL-STORE #12 host_token=0x00000004 runlist=0 chid=4 → storing 32 bits at USERMODE_NOTIFY_CHANNEL_PENDING=0x90 in the mapped usermode window
kayfabe-isolate: DOORBELL-STORE #12 host_token=0x00000004 ★★★ WROTE — the store instruction executed
kayfabe-isolate: DOORBELL-STORE #13 host_token=0x00000005 runlist=0 chid=5 → storing 32 bits at USERMODE_NOTIFY_CHANNEL_PENDING=0x90 in the mapped usermode window
kayfabe-isolate: DOORBELL-STORE #13 host_token=0x00000005 ★★★ WROTE — the store instruction executed
info  DL channel control = test Live, rescue Live
ok    DL channel control = both surviving channels still land after the prime
ok    DL map             = 0x10000 @ 0x0000006400010000 asked 0x0000006400010000 DEFER=true PAGE_SIZE=4KB
info  DL PTE after map   = PTE_UNMEASURED(rmStatus=0x007e) ; PDE after map = PDE_COVERS
⊘     DL PTE            = UNMEASURED (rmStatus=0x007e) — expected on a release driver: GET_PTE_INFO carries RMCTRL_FLAGS_RM_TEST_ONLY_CODE. ⚠ FALLBACK IN FORCE: the PDE answer above is PAGE-TABLE granularity and does NOT say the leaf is valid, so the attribution moves to the RESCUE at step 10 — invalidate, retry, and a landing there proves the PTE was in memory all along
ok    DL invalidate      = NV2080_CTRL_CMD_DMA_INVALIDATE_TLB issued on the subdevice, hVASpace = this arm's space, rmStatus=0x0000
kayfabe-isolate: DOORBELL-STORE #14 host_token=0x00000004 runlist=0 chid=4 → storing 32 bits at USERMODE_NOTIFY_CHANNEL_PENDING=0x90 in the mapped usermode window
kayfabe-isolate: DOORBELL-STORE #14 host_token=0x00000004 ★★★ WROTE — the store instruction executed
info  DL test copy       = Live retire=RETIRED 
info  DL test notifier   = fired=false status=0x0000 except_type=0x0

═══ DL SUMMARY ═══
info  DL PLAIN(rig-control)               prime_faulted=Some(true) except=Some("0x1f") chan_survived=true pde_before_map=PDE_COVERS pte=PTE_UNMEASURED(rmStatus=0x007e) placed=Some("0x0000006000010000") copy=LIVE rescue=None
info  DL DEFER(the-question)              prime_faulted=Some(true) except=Some("0x1f") chan_survived=true pde_before_map=PDE_COVERS pte=PTE_UNMEASURED(rmStatus=0x007e) placed=Some("0x0000006200010000") copy=DEAD rescue=Some("LIVE")
info  DL DEFER+INVALIDATE(known-positive) prime_faulted=Some(true) except=Some("0x1f") chan_survived=true pde_before_map=PDE_COVERS pte=PTE_UNMEASURED(rmStatus=0x007e) placed=Some("0x0000006400010000") copy=LIVE rescue=None
DEFER_PRIME_FAULTS=3/3
DEFER_RIGCTL=PASS
DEFER_NEGCTL=PASS
DEFER_LIVENESS=B
RUNGCTL_defer_liveness=PASS
RUNG_defer_liveness=PASS
done — w289 defer-liveness rung only
[   27.070953] NVRM: nvAssertFailedNoLog: Assertion failed: (status == NV_OK) || (status == NV_ERR_GPU_IN_FULLCHIP_RESET) @ fecs_event_list.c:1623
[   27.091265] NVRM: nvCheckOkFailedNoLog: Check failed: Call not supported [NV_ERR_NOT_SUPPORTED] (0x00000056) returned from pRmApi->Control(pRmApi, pGpu->hInternalClient, pGpu->hInternalSubdevice, NV2080_CTRL_CMD_INTERNAL_INIT_USER_SHARED_DATA, &params, sizeof(params)) @ gpu_user_shared_data.c:213
FASTGUEST: client rc=0 at 27.06s
FASTGUEST: DONE
[   27.154824] reboot: Power down
