[    2.559527] device-mapper: core: CONFIG_IMA_DISABLE_HTABLE is disabled. Duplicate IMA measurements will not be recorded in the IMA log.
[    2.580187] platform eisa.0: EISA: Cannot allocate resource for mainboard
[    2.589676] platform eisa.0: Cannot allocate resource for EISA slot 1
[    2.600457] platform eisa.0: Cannot allocate resource for EISA slot 2
[    2.612050] platform eisa.0: Cannot allocate resource for EISA slot 3
[    2.621981] platform eisa.0: Cannot allocate resource for EISA slot 4
[    2.631525] platform eisa.0: Cannot allocate resource for EISA slot 5
[    2.637365] platform eisa.0: Cannot allocate resource for EISA slot 6
[    2.642110] platform eisa.0: Cannot allocate resource for EISA slot 7
[    2.647181] platform eisa.0: Cannot allocate resource for EISA slot 8
[    2.652998] amd_pstate: the _CPC object is not present in SBIOS or ACPI disabled
[    9.887667] Key type dns_resolver registered
[    9.916379] Loading compiled-in X.509 certificates
[    9.924316] Loaded X.509 cert 'Build time autogenerated kernel key: 3fa2747ce20c90997bcade15a1cad09daa978788'
[    9.930020] Loaded X.509 cert 'Canonical Ltd. Live Patch Signing: 14df34d1a87cf37625abec039ef2bf521249b969'
[    9.935571] Loaded X.509 cert 'Canonical Ltd. Kernel Module Signing: 88f752e560a1e0737e31163a466ad7b70a850c19'
[    9.940824] blacklist: Loading compiled-in revocation X.509 certificates
[    9.944722] Loaded X.509 cert 'Canonical Ltd. Secure Boot Signing: 61482aa2830d0ab2ad5af10b7250da9033ddcef0'
[    9.949897] Loaded X.509 cert 'Canonical Ltd. Secure Boot Signing (2017): 242ade75ac4a15e50d50c84b0d45ff3eae707a03'
[    9.955440] Loaded X.509 cert 'Canonical Ltd. Secure Boot Signing (ESM 2018): 365188c1d374d6b07c3c8f240f8ef722433d6a8b'
[    9.961033] Loaded X.509 cert 'Canonical Ltd. Secure Boot Signing (2019): c0746fd6c5da3ae827864651ad66ae47fe24b3e8'
[    9.966651] Loaded X.509 cert 'Canonical Ltd. Secure Boot Signing (2021 v1): a8d54bbb3825cfb94fa13c9f8a594a195c107b8d'
[    9.972197] Loaded X.509 cert 'Canonical Ltd. Secure Boot Signing (2021 v2): 4cf046892d6fd3c9a5b03f98d845f90851dc6a8c'
[    9.977719] Loaded X.509 cert 'Canonical Ltd. Secure Boot Signing (2021 v3): 100437bb6de6e469b581e61cd66bce3ef4ed53af'
[    9.983272] Loaded X.509 cert 'Canonical Ltd. Secure Boot Signing (Ubuntu Core 2019): c1d57b8f6b743f23ee41f4f7ee292f06eecadfb9'
[   10.022208] Key type .fscrypt registered
[   10.024446] Key type fscrypt-provisioning registered
[   10.039732] Key type encrypted registered
[   10.042372] Loading compiled-in module X.509 certificates
[   10.045960] Loaded X.509 cert 'Build time autogenerated kernel key: 3fa2747ce20c90997bcade15a1cad09daa978788'
[   10.094443] Unstable clock detected, switching default tracing clock to "global"
[   10.094443] If you want to keep using the local clock, then add:
[   10.094443]   "trace_clock=local"
[   10.094443] on the kernel command line
FASTGUEST: up 10.25s
FASTGUEST: switch_root prepared in 3.1s
FASTGUEST: up 13.47s
FASTGUEST: root is a real mount (switch_root done) — the isolate sandbox can pivot_root
FASTGUEST: insmod ecc.ko ok
[   13.647434] nvidia: loading out-of-tree module taints kernel.
[   13.650946] nvidia: module verification failed: signature and/or required key missing - tainting kernel
[   13.775747] 
[   13.790247] NVRM: loading NVIDIA UNIX Open Kernel Module for x86_64  580.159.04  Release Build  (dvs-builder@U22-I3-AF04-09-6)  Wed Apr 29 17:15:53 UTC 2026
FASTGUEST: insmod nvidia.ko ok
FASTGUEST: insmod nvidia-uvm.ko ok
FASTGUEST: insmod wmi.ko ok
FASTGUEST: insmod video.ko ok
FASTGUEST: insmod nvidia-modeset.ko ok
FASTGUEST: nodes /dev/nvidia-caps/nvidia-cap1 /dev/nvidia-uvm /dev/nvidia-uvm-tools /dev/nvidia0 /dev/nvidiactl  /dev/nvidia-caps: nvidia-cap1 
FASTGUEST: ready 13.90s
FASTGUEST: arms --blockage-coverage --probe-launch-dma  deadline 164s (budget 180s, 13s already spent booting)
info  RMLADDER DEADLINE = armed (KF_SELF_DEADLINE_MS)
info  RMLADDER ARGV     = [--gpu 0 --blockage-coverage --probe-launch-dma]
[   14.782421] NVRM: nvAssertOkFailedNoLog: Assertion failed: Call not supported [NV_ERR_NOT_SUPPORTED] (0x00000056) returned from pRmApi->Control(pRmApi, pGpu->hInternalClient, pGpu->hInternalSubdevice, NV2080_CTRL_CMD_INTERNAL_INIT_USER_SHARED_DATA, &params, sizeof(params)) @ gpu_user_shared_data.c:233
[   14.796980] NVRM: nvAssertOkFailedNoLog: Assertion failed: Call not supported [NV_ERR_NOT_SUPPORTED] (0x00000056) returned from pRmApi->Control(pRmApi, pGpu->hInternalClient, pGpu->hInternalSubdevice, NV2080_CTRL_CMD_INTERNAL_USER_SHARED_DATA_SET_DATA_POLL, &params, sizeof(params)) @ gpu_user_shared_data.c:268
[   14.837769] NVRM: kperfGpuBoostSyncStateInit_IMPL: Failed to read Sync Gpu Boost init state, status=0x56
[   14.844631] NVRM: kperfGpuBoostSyncStateInit_IMPL: Failed to read Sync Gpu Boost init state, status=0x56
[   14.849840] NVRM: nvAssertOkFailedNoLog: Assertion failed: Call not supported [NV_ERR_NOT_SUPPORTED] (0x00000056) returned from pRmApi->Control(pRmApi, pGpu->hInternalClient, pGpu->hInternalSubdevice, NV2080_CTRL_CMD_INTERNAL_CE_GET_PCE_CONFIG_FOR_LCE_TYPE, &pceConfigParams, sizeof(pceConfigParams)) @ kernel_ce.c:1020
[   14.864065] NVRM: nvAssertOkFailedNoLog: Assertion failed: Call not supported [NV_ERR_NOT_SUPPORTED] (0x00000056) returned from kceGetPceConfigForLceType(pGpu, pKCe, NV2080_CTRL_CE_LCE_TYPE_DECOMP, &numPcesPerLce, &numLces, &supportedPceMask, &supportedLceMask, &pcesPerHshub) @ kernel_ce_gp100.c:62
[   15.269834] NVRM: nvCheckOkFailedNoLog: Check failed: Call not supported [NV_ERR_NOT_SUPPORTED] (0x00000056) returned from kgrobjPromoteContext(pGpu, pKernelGraphicsObject, pKernelGraphics) @ kernel_graphics_object.c:224
[   15.280660] NVRM: nvAssertOkFailedNoLog: Assertion failed: Call not supported [NV_ERR_NOT_SUPPORTED] (0x00000056) returned from pRmApi->AllocWithHandle(pRmApi, hClientId, hChannelId, hObj3D, classNum, NULL, 0) @ kernel_graphics.c:2519
[   15.293544] NVRM: vaListDestroy: non-zero mapCount(pVaList): 0x1
[   15.296779] NVRM: vaListDestroy: non-zero mapCount(pVaList): 0x1
[   15.299958] NVRM: vaListDestroy: non-zero mapCount(pVaList): 0x1
[   15.303145] NVRM: vaListDestroy: non-zero mapCount(pVaList): 0x1
[   15.311168] NVRM: nvCheckOkFailedNoLog: Check failed: Call not supported [NV_ERR_NOT_SUPPORTED] (0x00000056) returned from kgraphicsCreateGoldenImageChannel(pGpu, pKernelGraphics) @ kernel_graphics.c:508
[   15.320663] NVRM: nvAssertFailedNoLog: Assertion failed: 0 @ kernel_fifo.c:3129
[   15.333951] NVRM: rpcRmApiAlloc_GSP: GspRmAlloc failed: hClient=0xc1d00009; hParent=0x31415903; hObject=0x31415900; hClass=0x0000c36f; paramsSize=0x00000170; paramsStatus=0x00000056; status=0x00000056
[   15.343046] NVRM: nvAssertOkFailedNoLog: Assertion failed: Call not supported [NV_ERR_NOT_SUPPORTED] (0x00000056) returned from status @ kernel_channel.c:2827
[   15.350330] NVRM: nvAssertOkFailedNoLog: Assertion failed: Call not supported [NV_ERR_NOT_SUPPORTED] (0x00000056) returned from _kchannelSendChannelAllocRpc(pKernelChannel, pChannelGpfifoParams, pKernelChannelGroup, bFullSriov) @ kernel_channel.c:940
[   15.362771] NVRM: nvAssertFailedNoLog: Assertion failed: status == NV_OK @ kernel_rc_watchdog.c:1198
[   15.369864] NVRM: rpcRmApiAlloc_GSP: GspRmAlloc failed: hClient=0xc1d0000a; hParent=0xcaf00001; hObject=0xcaf00002; hClass=0x0000402c; paramsSize=0x00000000; paramsStatus=0x00000056; status=0x00000056
ok    R2 version         = "580.159.04"
ok    R4 hClient         = 0xc1d0000b
ok    R6 hSubdevice      = 0xcafe0002
REV_UNDER_TEST=unstamped
BLOCKAGE_PROBE_BEGIN gpu=0 euid=0 — R1/C1. Phase A maps BEFORE the doorbell (the covered population); phase B maps AFTER, with the channel already running (R1.3's residual, and this counter's KNOWN-POSITIVE)
info  T1 the bar          = the VERDICT IS ON THE HOST. This program drives two populations and brackets them; `kayfabe: BLOCKAGE-COVERAGE …` on the host log is what C1 is graded on. ⊘ A green line here is not a green C1
--- T1 phase A: MAP, THEN RING. Every mapping exists before the engine runs ---
info  T1-A map            = BEFORE the doorbell, at 0x0000000741000000
kayfabe-isolate: DOORBELL-STORE #1 host_token=0x00000003 runlist=0 chid=3 → storing 32 bits at USERMODE_NOTIFY_CHANNEL_PENDING=0x90 in the mapped usermode window
kayfabe-isolate: DOORBELL-STORE #1 host_token=0x00000003 ★★★ WROTE — the store instruction executed
ok    T1-A parked         = target still 0xdead0000 (sentinel), GP_GET 1 GP_PUT 1 — the channel is STALLED IN THE ACQUIRE, which is what makes the window below real
info  T1-A outcome        = Landed { gp_get: 1, gp_put: 1 }
BLOCKAGE_PROBE_A=PASS
ok    T1-A control        = the payload landed with the target mapped BEFORE the doorbell. ⇒ every row this phase used was published before the channel could use it, BY CONSTRUCTION of the workload — the device line says whether we SAW that
--- T1 phase B: RING, THEN MAP. No second doorbell — R1.3, the one case the blockage points structurally cannot cover ---
info  T1-B map            = deferred until AFTER the doorbell
kayfabe-isolate: DOORBELL-STORE #2 host_token=0x00000003 runlist=0 chid=3 → storing 32 bits at USERMODE_NOTIFY_CHANNEL_PENDING=0x90 in the mapped usermode window
kayfabe-isolate: DOORBELL-STORE #2 host_token=0x00000003 ★★★ WROTE — the store instruction executed
ok    T1-B parked         = target still 0xdead0000 (sentinel), GP_GET 1 GP_PUT 1 — the channel is STALLED IN THE ACQUIRE, which is what makes the window below real
ok    T1-B late map       = mapped at 0x0000000761000000 AFTER the doorbell, with the channel running. NO further doorbell is sent
info  T1-B outcome        = Landed { gp_get: 1, gp_put: 1 }
BLOCKAGE_PROBE_B=PASS
★     T1-B KNOWN-POSITIVE = a mapping created AFTER the doorbell, with the channel already running and NO second doorbell, was reached by the engine. ⇒ the device's `USES_UNCOVERED` MUST be > 0 for this phase. If it reads 0, the COUNTER is blind — that is not evidence of coverage
BLOCKAGE_PROBE_END outcome=(P)
done — blockage-coverage probe only
[   16.008509] NVRM: nvAssertFailedNoLog: Assertion failed: (status == NV_OK) || (status == NV_ERR_GPU_IN_FULLCHIP_RESET) @ fecs_event_list.c:1623
[   16.025742] NVRM: nvCheckOkFailedNoLog: Check failed: Call not supported [NV_ERR_NOT_SUPPORTED] (0x00000056) returned from pRmApi->Control(pRmApi, pGpu->hInternalClient, pGpu->hInternalSubdevice, NV2080_CTRL_CMD_INTERNAL_INIT_USER_SHARED_DATA, &params, sizeof(params)) @ gpu_user_shared_data.c:213
FASTGUEST: client rc=0 at 15.97s
FASTGUEST: DONE
[   16.061952] reboot: Power down
