[    2.630566] device-mapper: core: CONFIG_IMA_DISABLE_HTABLE is disabled. Duplicate IMA measurements will not be recorded in the IMA log.
[    2.658039] platform eisa.0: EISA: Cannot allocate resource for mainboard
[    2.668664] platform eisa.0: Cannot allocate resource for EISA slot 1
[    2.677853] platform eisa.0: Cannot allocate resource for EISA slot 2
[    2.685811] platform eisa.0: Cannot allocate resource for EISA slot 3
[    2.693301] platform eisa.0: Cannot allocate resource for EISA slot 4
[    2.701461] platform eisa.0: Cannot allocate resource for EISA slot 5
[    2.708945] platform eisa.0: Cannot allocate resource for EISA slot 6
[    2.716964] platform eisa.0: Cannot allocate resource for EISA slot 7
[    2.724724] platform eisa.0: Cannot allocate resource for EISA slot 8
[    2.731360] amd_pstate: the _CPC object is not present in SBIOS or ACPI disabled
[    9.878088] Key type dns_resolver registered
[    9.919594] Loading compiled-in X.509 certificates
[    9.929839] Loaded X.509 cert 'Build time autogenerated kernel key: 3fa2747ce20c90997bcade15a1cad09daa978788'
[    9.938989] Loaded X.509 cert 'Canonical Ltd. Live Patch Signing: 14df34d1a87cf37625abec039ef2bf521249b969'
[    9.947855] Loaded X.509 cert 'Canonical Ltd. Kernel Module Signing: 88f752e560a1e0737e31163a466ad7b70a850c19'
[    9.956487] blacklist: Loading compiled-in revocation X.509 certificates
[    9.962243] Loaded X.509 cert 'Canonical Ltd. Secure Boot Signing: 61482aa2830d0ab2ad5af10b7250da9033ddcef0'
[    9.967576] Loaded X.509 cert 'Canonical Ltd. Secure Boot Signing (2017): 242ade75ac4a15e50d50c84b0d45ff3eae707a03'
[    9.973226] Loaded X.509 cert 'Canonical Ltd. Secure Boot Signing (ESM 2018): 365188c1d374d6b07c3c8f240f8ef722433d6a8b'
[    9.978798] Loaded X.509 cert 'Canonical Ltd. Secure Boot Signing (2019): c0746fd6c5da3ae827864651ad66ae47fe24b3e8'
[    9.984294] Loaded X.509 cert 'Canonical Ltd. Secure Boot Signing (2021 v1): a8d54bbb3825cfb94fa13c9f8a594a195c107b8d'
[    9.989838] Loaded X.509 cert 'Canonical Ltd. Secure Boot Signing (2021 v2): 4cf046892d6fd3c9a5b03f98d845f90851dc6a8c'
[    9.995631] Loaded X.509 cert 'Canonical Ltd. Secure Boot Signing (2021 v3): 100437bb6de6e469b581e61cd66bce3ef4ed53af'
[   10.001189] Loaded X.509 cert 'Canonical Ltd. Secure Boot Signing (Ubuntu Core 2019): c1d57b8f6b743f23ee41f4f7ee292f06eecadfb9'
[   10.042079] Key type .fscrypt registered
[   10.044313] Key type fscrypt-provisioning registered
[   10.064508] Key type encrypted registered
[   10.067152] Loading compiled-in module X.509 certificates
[   10.070629] Loaded X.509 cert 'Build time autogenerated kernel key: 3fa2747ce20c90997bcade15a1cad09daa978788'
[   10.148728] Unstable clock detected, switching default tracing clock to "global"
[   10.148728] If you want to keep using the local clock, then add:
[   10.148728]   "trace_clock=local"
[   10.148728] on the kernel command line
FASTGUEST: up 10.33s
FASTGUEST: switch_root prepared in 2.2s
FASTGUEST: up 12.71s
FASTGUEST: root is a real mount (switch_root done) — the isolate sandbox can pivot_root
FASTGUEST: insmod ecc.ko ok
[   12.851718] nvidia: loading out-of-tree module taints kernel.
[   12.857444] nvidia: module verification failed: signature and/or required key missing - tainting kernel
[   12.988516] 
[   13.000496] NVRM: loading NVIDIA UNIX Open Kernel Module for x86_64  580.159.04  Release Build  (dvs-builder@U22-I3-AF04-09-6)  Wed Apr 29 17:15:53 UTC 2026
FASTGUEST: insmod nvidia.ko ok
FASTGUEST: insmod nvidia-uvm.ko ok
FASTGUEST: insmod wmi.ko ok
FASTGUEST: insmod video.ko ok
FASTGUEST: insmod nvidia-modeset.ko ok
FASTGUEST: nodes /dev/nvidia-caps/nvidia-cap1 /dev/nvidia-uvm /dev/nvidia-uvm-tools /dev/nvidia0 /dev/nvidiactl  /dev/nvidia-caps: nvidia-cap1 
FASTGUEST: ready 13.21s
FASTGUEST: arms --late-map-race --probe-launch-dma  deadline 164s (budget 180s, 13s already spent booting)
info  RMLADDER DEADLINE = armed (KF_SELF_DEADLINE_MS)
info  RMLADDER ARGV     = [--gpu 0 --late-map-race --probe-launch-dma]
[   13.905718] NVRM: nvAssertOkFailedNoLog: Assertion failed: Call not supported [NV_ERR_NOT_SUPPORTED] (0x00000056) returned from pRmApi->Control(pRmApi, pGpu->hInternalClient, pGpu->hInternalSubdevice, NV2080_CTRL_CMD_INTERNAL_INIT_USER_SHARED_DATA, &params, sizeof(params)) @ gpu_user_shared_data.c:233
[   13.919632] NVRM: nvAssertOkFailedNoLog: Assertion failed: Call not supported [NV_ERR_NOT_SUPPORTED] (0x00000056) returned from pRmApi->Control(pRmApi, pGpu->hInternalClient, pGpu->hInternalSubdevice, NV2080_CTRL_CMD_INTERNAL_USER_SHARED_DATA_SET_DATA_POLL, &params, sizeof(params)) @ gpu_user_shared_data.c:268
[   13.962905] NVRM: kperfGpuBoostSyncStateInit_IMPL: Failed to read Sync Gpu Boost init state, status=0x56
[   13.970355] NVRM: kperfGpuBoostSyncStateInit_IMPL: Failed to read Sync Gpu Boost init state, status=0x56
[   13.975784] NVRM: nvAssertOkFailedNoLog: Assertion failed: Call not supported [NV_ERR_NOT_SUPPORTED] (0x00000056) returned from pRmApi->Control(pRmApi, pGpu->hInternalClient, pGpu->hInternalSubdevice, NV2080_CTRL_CMD_INTERNAL_CE_GET_PCE_CONFIG_FOR_LCE_TYPE, &pceConfigParams, sizeof(pceConfigParams)) @ kernel_ce.c:1020
[   13.990778] NVRM: nvAssertOkFailedNoLog: Assertion failed: Call not supported [NV_ERR_NOT_SUPPORTED] (0x00000056) returned from kceGetPceConfigForLceType(pGpu, pKCe, NV2080_CTRL_CE_LCE_TYPE_DECOMP, &numPcesPerLce, &numLces, &supportedPceMask, &supportedLceMask, &pcesPerHshub) @ kernel_ce_gp100.c:62
[   14.396407] NVRM: nvCheckOkFailedNoLog: Check failed: Call not supported [NV_ERR_NOT_SUPPORTED] (0x00000056) returned from kgrobjPromoteContext(pGpu, pKernelGraphicsObject, pKernelGraphics) @ kernel_graphics_object.c:224
[   14.408475] NVRM: nvAssertOkFailedNoLog: Assertion failed: Call not supported [NV_ERR_NOT_SUPPORTED] (0x00000056) returned from pRmApi->AllocWithHandle(pRmApi, hClientId, hChannelId, hObj3D, classNum, NULL, 0) @ kernel_graphics.c:2519
[   14.421255] NVRM: vaListDestroy: non-zero mapCount(pVaList): 0x1
[   14.424471] NVRM: vaListDestroy: non-zero mapCount(pVaList): 0x1
[   14.427818] NVRM: vaListDestroy: non-zero mapCount(pVaList): 0x1
[   14.431097] NVRM: vaListDestroy: non-zero mapCount(pVaList): 0x1
[   14.438616] NVRM: nvCheckOkFailedNoLog: Check failed: Call not supported [NV_ERR_NOT_SUPPORTED] (0x00000056) returned from kgraphicsCreateGoldenImageChannel(pGpu, pKernelGraphics) @ kernel_graphics.c:508
[   14.447878] NVRM: nvAssertFailedNoLog: Assertion failed: 0 @ kernel_fifo.c:3129
[   14.461655] NVRM: rpcRmApiAlloc_GSP: GspRmAlloc failed: hClient=0xc1d00009; hParent=0x31415903; hObject=0x31415900; hClass=0x0000c36f; paramsSize=0x00000170; paramsStatus=0x00000056; status=0x00000056
[   14.470852] NVRM: nvAssertOkFailedNoLog: Assertion failed: Call not supported [NV_ERR_NOT_SUPPORTED] (0x00000056) returned from status @ kernel_channel.c:2827
[   14.478131] NVRM: nvAssertOkFailedNoLog: Assertion failed: Call not supported [NV_ERR_NOT_SUPPORTED] (0x00000056) returned from _kchannelSendChannelAllocRpc(pKernelChannel, pChannelGpfifoParams, pKernelChannelGroup, bFullSriov) @ kernel_channel.c:940
[   14.490585] NVRM: nvAssertFailedNoLog: Assertion failed: status == NV_OK @ kernel_rc_watchdog.c:1198
[   14.499265] NVRM: rpcRmApiAlloc_GSP: GspRmAlloc failed: hClient=0xc1d0000a; hParent=0xcaf00001; hObject=0xcaf00002; hClass=0x0000402c; paramsSize=0x00000000; paramsStatus=0x00000056; status=0x00000056
ok    R2 version         = "580.159.04"
ok    R4 hClient         = 0xc1d0000b
ok    R6 hSubdevice      = 0xcafe0002
REV_UNDER_TEST=unstamped
info  W377 late-map race  = GPU 0, euid 0 — queue work behind a fence, ring ONCE, then map the memory it will touch
info  W377 the bar        = ARM A (map before the doorbell) must PASS, or ARM B is uninterpretable. ⊘ Neither arm's verdict is the ioctl's return value
info  W377-A map            = BEFORE the doorbell, at 0x0000000541000000
kayfabe-isolate: DOORBELL-STORE #1 host_token=0x00000003 runlist=0 chid=3 → storing 32 bits at USERMODE_NOTIFY_CHANNEL_PENDING=0x90 in the mapped usermode window
kayfabe-isolate: DOORBELL-STORE #1 host_token=0x00000003 ★★★ WROTE — the store instruction executed
ok    W377-A parked         = target still 0xdead0000 (sentinel), GP_GET 1 GP_PUT 1 — the channel is STALLED IN THE ACQUIRE, which is what makes the window below real
info  W377-A outcome      = Landed { gp_get: 1, gp_put: 1 }
ok    W377-A control      = MAGIC landed with the target mapped BEFORE the doorbell — the channel, the fence and the release all work
RACEMAP_ARM_A=PASS
info  W377-B map            = deferred until AFTER the doorbell
kayfabe-isolate: DOORBELL-STORE #2 host_token=0x00000003 runlist=0 chid=3 → storing 32 bits at USERMODE_NOTIFY_CHANNEL_PENDING=0x90 in the mapped usermode window
kayfabe-isolate: DOORBELL-STORE #2 host_token=0x00000003 ★★★ WROTE — the store instruction executed
ok    W377-B parked         = target still 0xdead0000 (sentinel), GP_GET 1 GP_PUT 1 — the channel is STALLED IN THE ACQUIRE, which is what makes the window below real
ok    W377-B late map       = mapped at 0x0000000561000000 AFTER the doorbell, with the channel running. NO further doorbell is sent
info  W377-B outcome      = Landed { gp_get: 1, gp_put: 1 }
★     W377 LATE MAP LANDED = a mapping created AFTER the doorbell, with the channel already running and NO second doorbell, was walked by the engine (GP_GET 1 GP_PUT 1, target 0x1dea0031). ⇒ The driver publishes it, and a doorbell-triggered publisher CANNOT see it
RACEMAP_ARM_B=PASS
done — late-map race only
[   15.129341] NVRM: nvAssertFailedNoLog: Assertion failed: (status == NV_OK) || (status == NV_ERR_GPU_IN_FULLCHIP_RESET) @ fecs_event_list.c:1623
[   15.144768] NVRM: nvCheckOkFailedNoLog: Check failed: Call not supported [NV_ERR_NOT_SUPPORTED] (0x00000056) returned from pRmApi->Control(pRmApi, pGpu->hInternalClient, pGpu->hInternalSubdevice, NV2080_CTRL_CMD_INTERNAL_INIT_USER_SHARED_DATA, &params, sizeof(params)) @ gpu_user_shared_data.c:213
FASTGUEST: client rc=0 at 15.10s
FASTGUEST: DONE
[   15.176775] reboot: Power down
