=== boot_capture tag=pf4_head_knob at 2026-09-26T18:04:24+00:00 ===
=== source revision: e5f13f28 ===
=== qemu binary: -rwxr-xr-x 1 root root 83851120 Sep 26 17:53 /workspace/bench/kf3-bins/e5f13f28/qemu-system-x86_64 ===
=== archive rev STAMPED IN THE BINARY: 
=== BUILD_REV.txt says (informational, NOT authoritative): 
=== helpers (KAYFABE_BENCH_HELPERS=repo) ===
    used: /root/kayfabe/scripts/bench/boot_nvkvm.sh  sha256=faeb2dede1864b26
    used: /root/kayfabe/scripts/bench/gssh_nv  sha256=1785ac20cc7af28d
WAS_LOADED
MODPROBE_RC=0
=== nvidia-smi (the device open) ===
Sat Sep 26 18:04:30 2026       
+-----------------------------------------------------------------------------------------+
| NVIDIA-SMI 580.159.04             Driver Version: 580.159.04     CUDA Version: 13.0     |
+-----------------------------------------+------------------------+----------------------+
| GPU  Name                 Persistence-M | Bus-Id          Disp.A | Volatile Uncorr. ECC |
| Fan  Temp   Perf          Pwr:Usage/Cap |           Memory-Usage | GPU-Util  Compute M. |
|                                         |                        |               MIG M. |
|=========================================+========================+======================|
|   0  NVIDIA GeForce RTX 3090        Off |   00000000:00:03.0 Off |                  N/A |
| N/A   N/A  N/A             N/A  /  N/A  |       0MiB /   8192MiB |     N/A      Default |
|                                         |                        |                  N/A |
+-----------------------------------------+------------------------+----------------------+

+-----------------------------------------------------------------------------------------+
| Processes:                                                                              |
|  GPU   GI   CI              PID   Type   Process name                        GPU Memory |
|        ID   ID                                                               Usage      |
|=========================================================================================|
|  No running processes found                                                             |
+-----------------------------------------------------------------------------------------+
SMI_RC=0
=== /dev nodes (AFTER the open — they are created by it) ===
crw-rw-rw- 1 root root 237,   0 Sep 26 18:04 /dev/nvidia-uvm
crw-rw-rw- 1 root root 237,   1 Sep 26 18:04 /dev/nvidia-uvm-tools
crw-rw-rw- 1 root root 195,   0 Sep 26 18:04 /dev/nvidia0
crw-rw-rw- 1 root root 195, 255 Sep 26 18:04 /dev/nvidiactl

/dev/nvidia-caps:
total 0
drwxr-xr-x  2 root root     80 Sep 26 18:04 .
drwxr-xr-x 18 root root   4000 Sep 26 18:04 ..
cr--------  1 root root 240, 1 Sep 26 18:04 nvidia-cap1
cr--r--r--  1 root root 240, 2 Sep 26 18:04 nvidia-cap2
=== lsmod ===
nvidia_uvm           2166784  0
nvidia              14417920  1 nvidia_uvm
ecc                    45056  1 nvidia
=== POST_CAPTURE_HOOK /root/kayfabe/scripts/bench/probe_hook.sh at 2026-09-26T18:04:32+00:00 ===
PROBE_HOOK_START 2026-09-26T18:04:32+00:00 tag=pf4_head_knob rev=e5f13f28
=== probe atomics_probe md5=9ce2e6a62386fc7a48b6f754d3a70989
=== run atomics_probe devmem 2026-09-26T18:04:32+00:00
CHECK devmem ok bad=0 counter=4194304 want=4194304 first_bad=-1(0 vs 0)
PROBE_RC=0
--- guest NVRM Xid lines new in this run:
--- HOST Xid lines new in this run:
=== run atomics_probe write 2026-09-26T18:04:36+00:00
CHECK write ok bad=0 counter=4194304 want=4194304 first_bad=-1(0 vs 0)
PROBE_RC=0
--- guest NVRM Xid lines new in this run:
--- HOST Xid lines new in this run:
=== run atomics_probe accessedby 2026-09-26T18:04:39+00:00
CHECK accessedby ok bad=0 counter=4194304 want=4194304 first_bad=-1(0 vs 0)
PROBE_RC=0
--- guest NVRM Xid lines new in this run:
--- HOST Xid lines new in this run:
=== run atomics_probe accessedby_sys 2026-09-26T18:04:42+00:00
CHECK accessedby_sys FAIL cudaDeviceSynchronize() -> 719 (unspecified launch failure)
PROBE_RC=2
--- guest NVRM Xid lines new in this run:
--- HOST Xid lines new in this run:
[ 1471.074692] NVRM: Xid (PCI:0000:00:07): 31, pid=155281, name=qemu-system-x86, channel 0x0000001e, intr 00000000. MMU Fault: ENGINE GRAPHICS GPC2 GPCCLIENT_T1_3 faulted @ 0x7d01_8a01f000. Fault is of type FAULT_INFO_TYPE_ATOMIC_VIOLATION ACCESS_TYPE_VIRT_ATOMIC
=== run atomics_probe prefcpu 2026-09-26T18:04:45+00:00
CHECK prefcpu ok bad=0 counter=4194304 want=4194304 first_bad=-1(0 vs 0)
PROBE_RC=0
--- guest NVRM Xid lines new in this run:
--- HOST Xid lines new in this run:
=== run atomics_probe prefetchcpu 2026-09-26T18:04:49+00:00
CHECK prefetchcpu ok bad=0 counter=4194304 want=4194304 first_bad=-1(0 vs 0)
PROBE_RC=0
--- guest NVRM Xid lines new in this run:
--- HOST Xid lines new in this run:
=== probe readmostly_probe md5=5cd4605637e328d942c8c7112a3aa70a
=== run readmostly_probe reprefetch 2026-09-26T18:04:52+00:00
CHECK reprefetch ok bad=0
PROBE_RC=0
--- guest NVRM Xid lines new in this run:
--- HOST Xid lines new in this run:
=== run readmostly_probe gpuwrite 2026-09-26T18:04:56+00:00
CHECK gpuwrite FAIL cudaDeviceSynchronize() -> 719 (unspecified launch failure)
PROBE_RC=2
--- guest NVRM Xid lines new in this run:
--- HOST Xid lines new in this run:
[ 1484.887957] NVRM: Xid (PCI:0000:00:07): 31, pid=155281, name=qemu-system-x86, channel 0x0000001e, intr 00000000. MMU Fault: ENGINE GRAPHICS GPC2 GPCCLIENT_T1_11 faulted @ 0x7965_02026000. Fault is of type FAULT_RO_VIOLATION ACCESS_TYPE_VIRT_WRITE
=== run readmostly_probe downgrade 2026-09-26T18:04:59+00:00
CHECK downgrade FAIL cudaDeviceSynchronize() -> 719 (unspecified launch failure)
PROBE_RC=2
--- guest NVRM Xid lines new in this run:
--- HOST Xid lines new in this run:
[ 1488.141136] NVRM: Xid (PCI:0000:00:07): 31, pid=155281, name=qemu-system-x86, channel 0x0000001e, intr 00000000. MMU Fault: ENGINE GRAPHICS GPC2 GPCCLIENT_T1_1 faulted @ 0x77b7_72015000. Fault is of type FAULT_RO_VIOLATION ACCESS_TYPE_VIRT_WRITE
=== run readmostly_probe fault 2026-09-26T18:05:02+00:00
CHECK fault FAIL gpu_sum(&h) -> 719 (unspecified launch failure)
PROBE_RC=2
--- guest NVRM Xid lines new in this run:
--- HOST Xid lines new in this run:
[ 1491.670553] NVRM: Xid (PCI:0000:00:07): 31, pid=155281, name=qemu-system-x86, channel 0x0000001e, intr 00000000. MMU Fault: ENGINE GRAPHICS GPC2 GPCCLIENT_T1_1 faulted @ 0x7ff1_6e015000. Fault is of type FAULT_PDE ACCESS_TYPE_VIRT_READ
PROBE_HOOK_DONE 2026-09-26T18:05:06+00:00
HOOK_RC=0
=== GUEST dmesg AFTER the workload (phase 3b captured 28 lines BEFORE it) ===
GUEST_DMESG_AFTER_LINES=269
GUEST_DMESG_AFTER_NVRM=265
GUEST_DMESG_WORKLOAD_DELTA=241
=== HOST dmesg delta for this boot (watermark 867 → 873) ===
HOST_DMESG_LINES=6
HOST_DMESG_NVRM=6
HOST_DMESG_XID=4
