[    0.537171] amd_pstate: The CPPC feature is supported but currently disabled by the BIOS.
[    0.537171] Please enable it if your BIOS has the CPPC option.
[    0.537351] amd_pstate: the _CPC object is not present in SBIOS or ACPI disabled
[    0.541612] Key type dns_resolver registered
[    0.548225] Loading compiled-in X.509 certificates
[    0.548677] Loaded X.509 cert 'Build time autogenerated kernel key: 01b4e64ff4f6339fc0a8988bffba455bf880659a'
[    0.549100] Loaded X.509 cert 'Canonical Ltd. Live Patch Signing 2025 Kmod: d541cef61dc7e793b7eb7e899970a2eef0b5dc8c'
[    0.549565] Loaded X.509 cert 'Canonical Ltd. Live Patch Signing: 14df34d1a87cf37625abec039ef2bf521249b969'
[    0.549935] Loaded X.509 cert 'Canonical Ltd. Kernel Module Signing 2025 Kmod: 4627603d2357a2a3f81006370894c221175893e9'
[    0.550351] Loaded X.509 cert 'Canonical Ltd. Kernel Module Signing: 88f752e560a1e0737e31163a466ad7b70a850c19'
[    0.550460] blacklist: Loading compiled-in revocation X.509 certificates
[    0.550543] Loaded X.509 cert 'Canonical Ltd. Secure Boot Signing: 61482aa2830d0ab2ad5af10b7250da9033ddcef0'
[    0.550649] Loaded X.509 cert 'Canonical Ltd. Secure Boot Signing (2017): 242ade75ac4a15e50d50c84b0d45ff3eae707a03'
[    0.550755] Loaded X.509 cert 'Canonical Ltd. Secure Boot Signing (ESM 2018): 365188c1d374d6b07c3c8f240f8ef722433d6a8b'
[    0.550855] Loaded X.509 cert 'Canonical Ltd. Secure Boot Signing (2019): c0746fd6c5da3ae827864651ad66ae47fe24b3e8'
[    0.550966] Loaded X.509 cert 'Canonical Ltd. Secure Boot Signing (2021 v1): a8d54bbb3825cfb94fa13c9f8a594a195c107b8d'
[    0.551077] Loaded X.509 cert 'Canonical Ltd. Secure Boot Signing (2021 v2): 4cf046892d6fd3c9a5b03f98d845f90851dc6a8c'
[    0.551197] Loaded X.509 cert 'Canonical Ltd. Secure Boot Signing (2021 v3): 100437bb6de6e469b581e61cd66bce3ef4ed53af'
[    0.551307] Loaded X.509 cert 'Canonical Ltd. Secure Boot Signing (Ubuntu Core 2019): c1d57b8f6b743f23ee41f4f7ee292f06eecadfb9'
[    0.558025] Key type .fscrypt registered
[    0.558073] Key type fscrypt-provisioning registered
[    0.558203] Key type big_key registered
[    1.662024] Key type encrypted registered
[    1.662129] Loading compiled-in module X.509 certificates
[    1.662719] Loaded X.509 cert 'Build time autogenerated kernel key: 01b4e64ff4f6339fc0a8988bffba455bf880659a'
FASTGUEST: up 1.68s
FASTGUEST: switch_root prepared in 0.3s
FASTGUEST: up 2.03s
FASTGUEST: root is a real mount (switch_root done) — the isolate sandbox can pivot_root
[    2.110932] nvidia: loading out-of-tree module taints kernel.
[    2.111020] nvidia: module verification failed: signature and/or required key missing - tainting kernel
[    2.154333] 
[    2.157684] NVRM: loading NVIDIA UNIX Open Kernel Module for x86_64  595.91.07  Release Build  (dvs-builder@U22-I3-B08-02-2)  Wed Jul 29 03:01:16 UTC 2026
FASTGUEST: insmod nvidia.ko ok
FASTGUEST: insmod nvidia-uvm.ko ok
FASTGUEST: insmod wmi.ko ok
FASTGUEST: insmod video.ko ok
FASTGUEST: insmod nvidia-modeset.ko ok
FASTGUEST: nodes /dev/nvidia-caps/nvidia-cap1 /dev/nvidia-uvm /dev/nvidia-uvm-tools /dev/nvidia0 /dev/nvidiactl  /dev/nvidia-caps: nvidia-cap1 
FASTGUEST: ready 2.17s
FASTGUEST: arms --cross-client-leak --probe-launch-dma  deadline 175s (budget 180s, 2s already spent booting)
info  RMLADDER DEADLINE = armed (KF_SELF_DEADLINE_MS)
info  RMLADDER ARGV     = [--gpu 0 --cross-client-leak --probe-launch-dma]
[    2.287093] NVRM: GPU0 nvAssertOkFailedNoLog: Assertion failed: Call not supported [NV_ERR_NOT_SUPPORTED] (0x00000056) returned from pRmApi->Control(pRmApi, pGpu->hInternalClient, pGpu->hInternalSubdevice, NV2080_CTRL_CMD_INTERNAL_INIT_USER_SHARED_DATA, &params, sizeof(params)) @ gpu_user_shared_data.c:297
[    2.287319] NVRM: GPU0 nvAssertOkFailedNoLog: Assertion failed: Call not supported [NV_ERR_NOT_SUPPORTED] (0x00000056) returned from pRmApi->Control(pRmApi, pGpu->hInternalClient, pGpu->hInternalSubdevice, NV2080_CTRL_CMD_INTERNAL_USER_SHARED_DATA_SET_DATA_POLL, &params, sizeof(params)) @ gpu_user_shared_data.c:362
[    2.302383] NVRM: GPU0 kperfGpuBoostSyncStateInit_IMPL: Failed to read Sync Gpu Boost init state, status=0x56
[    2.303216] NVRM: GPU0 kperfGpuBoostSyncStateInit_IMPL: Failed to read Sync Gpu Boost init state, status=0x56
[    2.303367] NVRM: GPU0 nvAssertOkFailedNoLog: Assertion failed: Call not supported [NV_ERR_NOT_SUPPORTED] (0x00000056) returned from pRmApi->Control(pRmApi, pGpu->hInternalClient, pGpu->hInternalSubdevice, NV2080_CTRL_CMD_INTERNAL_CE_GET_PCE_CONFIG_FOR_LCE_TYPE, &pceConfigParams, sizeof(pceConfigParams)) @ kernel_ce.c:1086
[    2.303678] NVRM: GPU0 nvAssertOkFailedNoLog: Assertion failed: Call not supported [NV_ERR_NOT_SUPPORTED] (0x00000056) returned from kceGetPceConfigForLceType(pGpu, pKCe, NV2080_CTRL_CE_LCE_TYPE_DECOMP, &numPcesPerLce, &numLces, &supportedPceMask, &supportedLceMask, &pcesPerHshub) @ kernel_ce_gp100.c:62
[    2.521788] NVRM: GPU0 nvCheckOkFailedNoLog: Check failed: Call not supported [NV_ERR_NOT_SUPPORTED] (0x00000056) returned from kgrobjPromoteContext(pGpu, pKernelGraphicsObject, pKernelGraphics) @ kernel_graphics_object.c:224
[    2.522172] NVRM: GPU0 nvAssertOkFailedNoLog: Assertion failed: Call not supported [NV_ERR_NOT_SUPPORTED] (0x00000056) returned from pRmApi->AllocWithHandle(pRmApi, hClientId, KGRAPHICS_CHANNEL_HANDLE_CHANNELID, KGRAPHICS_CHANNEL_HANDLE_3DOBJ, classNum, NULL, 0) @ kernel_graphics.c:2549
[    2.523108] NVRM: GPU0 vaListDestroy: non-zero mapCount(pVaList): 0x1
[    2.523178] NVRM: GPU0 vaListDestroy: non-zero mapCount(pVaList): 0x1
[    2.523249] NVRM: GPU0 vaListDestroy: non-zero mapCount(pVaList): 0x1
[    2.523302] NVRM: GPU0 vaListDestroy: non-zero mapCount(pVaList): 0x1
[    2.525454] NVRM: GPU0 nvCheckOkFailedNoLog: Check failed: Call not supported [NV_ERR_NOT_SUPPORTED] (0x00000056) returned from kgraphicsCreateGoldenImageChannel(pGpu, pKernelGraphics) @ kernel_graphics.c:513
[    2.525636] NVRM: GPU0 nvAssertFailedNoLog: Assertion failed: 0 @ kernel_fifo.c:3110
[    2.528109] NVRM: GPU0 rpcRmApiAlloc_GSP: GspRmAlloc failed: hClient=0xc1e00009; hParent=0x31415903; hObject=0x31415900; hClass=0x0000c36f; paramsSize=0x00000170; paramsStatus=0x00000056; status=0x00000056
[    2.528332] NVRM: GPU0 nvAssertOkFailedNoLog: Assertion failed: Call not supported [NV_ERR_NOT_SUPPORTED] (0x00000056) returned from status @ kernel_channel.c:2769
[    2.528472] NVRM: GPU0 nvAssertOkFailedNoLog: Assertion failed: Call not supported [NV_ERR_NOT_SUPPORTED] (0x00000056) returned from _kchannelSendChannelAllocRpc(pKernelChannel, pChannelGpfifoParams, pKernelChannelGroup, bFullSriov) @ kernel_channel.c:964
[    2.529477] NVRM: GPU0 rpcRmApiAlloc_GSP: GspRmAlloc failed: hClient=0xc1e0000a; hParent=0xcaf00001; hObject=0xcaf00002; hClass=0x0000402c; paramsSize=0x00000000; paramsStatus=0x00000056; status=0x00000056
ok    R2 version         = "595.91.07"
ok    R4 hClient         = 0xc1d0000b
ok    R6 hSubdevice      = 0xcafe0002
REV_UNDER_TEST=6692e621
W381_PROBE=launch-dma — a four-byte `LAUNCH_DMA` copied out of the channel's own ring. ★ This is                      the verb the Mode-2 emulator serves end to end (`run_submission` ->                      `execute_ours_spans` MOVES THE BYTES -> `write_resolved_completion`), so                      these rungs are servable on BOTH sides of the differential
RUNG_map_propagation=NOTRUN
RUNG_alias_two_vas=NOTRUN
RUNG_alias_unmap=NOTRUN
RUNG_missing_page=NOTRUN
RUNG_map_stress=NOTRUN
RUNG_rpc_mixed=NOTRUN
info  R5b cross-client    = GPU 0, euid 0 — TWO RM clients, each with its own root, its own address space and its own channel, both naming 0x0000001c11000000
info  R5b the bar         = neither client's object ever holds the OTHER's magic, and B's allocator does not see A's mapping
info  R5b hClient A/B     = 0xc1d0000b / 0xc1d0000c
kayfabe-isolate: DOORBELL-STORE #1 host_token=0x00000003 runlist=0 chid=3 → storing 32 bits at USERMODE_NOTIFY_CHANNEL_PENDING=0x90 in the mapped usermode window
kayfabe-isolate: DOORBELL-STORE #1 host_token=0x00000003 ★★★ WROTE — the store instruction executed
info  R5b control A       = Landed
info  R5b N1 B sees A's VA = Ok(Free) at 0x0000001c11000000 (A HAS IT MAPPED). Free ⇒ the two address spaces are separate
info  R5b raw handles     = A object 0xcafe0009, B object 0xcafe000a (distinct; the VA collision alone carries the rung)
kayfabe-isolate: DOORBELL-STORE #2 host_token=0x00000004 runlist=0 chid=4 → storing 32 bits at USERMODE_NOTIFY_CHANNEL_PENDING=0x90 in the mapped usermode window
kayfabe-isolate: DOORBELL-STORE #2 host_token=0x00000004 ★★★ WROTE — the store instruction executed
info  R5b control B       = Landed
ok    R5b controls        = BOTH clients wrote their OWN object through the SAME VA number — so a later red is leakage and not a dead channel
ok    R5b A after B       = A still holds MAGIC_A 0xc5c000a1
ok    R5b B after B       = B holds MAGIC_B 0xc5c000b1
kayfabe-isolate: DOORBELL-STORE #3 host_token=0x00000003 runlist=0 chid=3 → storing 32 bits at USERMODE_NOTIFY_CHANNEL_PENDING=0x90 in the mapped usermode window
kayfabe-isolate: DOORBELL-STORE #3 host_token=0x00000003 ★★★ WROTE — the store instruction executed
info  R5b A writes again  = Landed
ok    R5b foreign handle  = client B mapping A's raw object 0xcafe0009 into B's OWN address space: refused Other(51) ⇒ RM scopes object handles PER CLIENT. `Other(87)` is `NV_ERR_OBJECT_NOT_FOUND` (`0x57`) — the handle names live memory under A and does not exist under B
info  R5b census          = controls A=true B=true  B-sees-A's-VA-free=true  leak A<-B=false  leak B<-A=false  ordering=true  foreign handle refused=true
★     R5b ISOLATED        = two RM clients drove the SAME GPU VA in their own address spaces, neither ever held the other's magic, and neither could name the other's object by its raw handle
RUNGCTL_cross_client=PASS
RUNG_cross_client=PASS
done — w379/w381 mapping-plane rungs only
[    2.644523] NVRM: nvCheckOkFailedNoLog: Check failed: Call not supported [NV_ERR_NOT_SUPPORTED] (0x00000056) returned from pRmApi->Control(pRmApi, pGpu->hInternalClient, pGpu->hInternalSubdevice, NV2080_CTRL_CMD_INTERNAL_INIT_USER_SHARED_DATA, &params, sizeof(params)) @ gpu_user_shared_data.c:248
FASTGUEST: client rc=0 at 2.62s
FASTGUEST: DONE
