[    0.398782] amd_pstate: The CPPC feature is supported but currently disabled by the BIOS.
[    0.398782] Please enable it if your BIOS has the CPPC option.
[    0.398958] amd_pstate: the _CPC object is not present in SBIOS or ACPI disabled
[    0.403142] Key type dns_resolver registered
[    0.410042] Loading compiled-in X.509 certificates
[    0.410620] Loaded X.509 cert 'Build time autogenerated kernel key: 01b4e64ff4f6339fc0a8988bffba455bf880659a'
[    0.411022] Loaded X.509 cert 'Canonical Ltd. Live Patch Signing 2025 Kmod: d541cef61dc7e793b7eb7e899970a2eef0b5dc8c'
[    0.411434] Loaded X.509 cert 'Canonical Ltd. Live Patch Signing: 14df34d1a87cf37625abec039ef2bf521249b969'
[    0.411821] Loaded X.509 cert 'Canonical Ltd. Kernel Module Signing 2025 Kmod: 4627603d2357a2a3f81006370894c221175893e9'
[    0.412152] Loaded X.509 cert 'Canonical Ltd. Kernel Module Signing: 88f752e560a1e0737e31163a466ad7b70a850c19'
[    0.412249] blacklist: Loading compiled-in revocation X.509 certificates
[    0.412326] Loaded X.509 cert 'Canonical Ltd. Secure Boot Signing: 61482aa2830d0ab2ad5af10b7250da9033ddcef0'
[    0.412423] Loaded X.509 cert 'Canonical Ltd. Secure Boot Signing (2017): 242ade75ac4a15e50d50c84b0d45ff3eae707a03'
[    0.412524] Loaded X.509 cert 'Canonical Ltd. Secure Boot Signing (ESM 2018): 365188c1d374d6b07c3c8f240f8ef722433d6a8b'
[    0.412631] Loaded X.509 cert 'Canonical Ltd. Secure Boot Signing (2019): c0746fd6c5da3ae827864651ad66ae47fe24b3e8'
[    0.412727] Loaded X.509 cert 'Canonical Ltd. Secure Boot Signing (2021 v1): a8d54bbb3825cfb94fa13c9f8a594a195c107b8d'
[    0.412827] Loaded X.509 cert 'Canonical Ltd. Secure Boot Signing (2021 v2): 4cf046892d6fd3c9a5b03f98d845f90851dc6a8c'
[    0.412954] Loaded X.509 cert 'Canonical Ltd. Secure Boot Signing (2021 v3): 100437bb6de6e469b581e61cd66bce3ef4ed53af'
[    0.413058] Loaded X.509 cert 'Canonical Ltd. Secure Boot Signing (Ubuntu Core 2019): c1d57b8f6b743f23ee41f4f7ee292f06eecadfb9'
[    0.424876] Key type .fscrypt registered
[    0.424913] Key type fscrypt-provisioning registered
[    0.425029] Key type big_key registered
[    1.513636] Key type encrypted registered
[    1.513754] Loading compiled-in module X.509 certificates
[    1.514138] Loaded X.509 cert 'Build time autogenerated kernel key: 01b4e64ff4f6339fc0a8988bffba455bf880659a'
FASTGUEST: up 1.53s
FASTGUEST: switch_root prepared in 0.3s
FASTGUEST: up 1.88s
FASTGUEST: root is a real mount (switch_root done) — the isolate sandbox can pivot_root
[    1.958783] nvidia: loading out-of-tree module taints kernel.
[    1.958899] nvidia: module verification failed: signature and/or required key missing - tainting kernel
[    2.002112] 
[    2.006367] NVRM: loading NVIDIA UNIX Open Kernel Module for x86_64  595.91.07  Release Build  (dvs-builder@U22-I3-B08-02-2)  Wed Jul 29 03:01:16 UTC 2026
FASTGUEST: insmod nvidia.ko ok
FASTGUEST: insmod nvidia-uvm.ko ok
FASTGUEST: insmod wmi.ko ok
FASTGUEST: insmod video.ko ok
FASTGUEST: insmod nvidia-modeset.ko ok
FASTGUEST: nodes /dev/nvidia-caps/nvidia-cap1 /dev/nvidia-uvm /dev/nvidia-uvm-tools /dev/nvidia0 /dev/nvidiactl  /dev/nvidia-caps: nvidia-cap1 
FASTGUEST: ready 2.02s
FASTGUEST: arms --alias-unmap-observe --probe-launch-dma  deadline 175s (budget 180s, 2s already spent booting)
info  RMLADDER DEADLINE = armed (KF_SELF_DEADLINE_MS)
info  RMLADDER ARGV     = [--gpu 0 --alias-unmap-observe --probe-launch-dma]
[    2.136944] NVRM: GPU0 nvAssertOkFailedNoLog: Assertion failed: Call not supported [NV_ERR_NOT_SUPPORTED] (0x00000056) returned from pRmApi->Control(pRmApi, pGpu->hInternalClient, pGpu->hInternalSubdevice, NV2080_CTRL_CMD_INTERNAL_INIT_USER_SHARED_DATA, &params, sizeof(params)) @ gpu_user_shared_data.c:297
[    2.137165] NVRM: GPU0 nvAssertOkFailedNoLog: Assertion failed: Call not supported [NV_ERR_NOT_SUPPORTED] (0x00000056) returned from pRmApi->Control(pRmApi, pGpu->hInternalClient, pGpu->hInternalSubdevice, NV2080_CTRL_CMD_INTERNAL_USER_SHARED_DATA_SET_DATA_POLL, &params, sizeof(params)) @ gpu_user_shared_data.c:362
[    2.152073] NVRM: GPU0 kperfGpuBoostSyncStateInit_IMPL: Failed to read Sync Gpu Boost init state, status=0x56
[    2.152883] NVRM: GPU0 kperfGpuBoostSyncStateInit_IMPL: Failed to read Sync Gpu Boost init state, status=0x56
[    2.153021] NVRM: GPU0 nvAssertOkFailedNoLog: Assertion failed: Call not supported [NV_ERR_NOT_SUPPORTED] (0x00000056) returned from pRmApi->Control(pRmApi, pGpu->hInternalClient, pGpu->hInternalSubdevice, NV2080_CTRL_CMD_INTERNAL_CE_GET_PCE_CONFIG_FOR_LCE_TYPE, &pceConfigParams, sizeof(pceConfigParams)) @ kernel_ce.c:1086
[    2.153261] NVRM: GPU0 nvAssertOkFailedNoLog: Assertion failed: Call not supported [NV_ERR_NOT_SUPPORTED] (0x00000056) returned from kceGetPceConfigForLceType(pGpu, pKCe, NV2080_CTRL_CE_LCE_TYPE_DECOMP, &numPcesPerLce, &numLces, &supportedPceMask, &supportedLceMask, &pcesPerHshub) @ kernel_ce_gp100.c:62
[    2.366411] NVRM: GPU0 nvCheckOkFailedNoLog: Check failed: Call not supported [NV_ERR_NOT_SUPPORTED] (0x00000056) returned from kgrobjPromoteContext(pGpu, pKernelGraphicsObject, pKernelGraphics) @ kernel_graphics_object.c:224
[    2.366783] NVRM: GPU0 nvAssertOkFailedNoLog: Assertion failed: Call not supported [NV_ERR_NOT_SUPPORTED] (0x00000056) returned from pRmApi->AllocWithHandle(pRmApi, hClientId, KGRAPHICS_CHANNEL_HANDLE_CHANNELID, KGRAPHICS_CHANNEL_HANDLE_3DOBJ, classNum, NULL, 0) @ kernel_graphics.c:2549
[    2.367683] NVRM: GPU0 vaListDestroy: non-zero mapCount(pVaList): 0x1
[    2.367760] NVRM: GPU0 vaListDestroy: non-zero mapCount(pVaList): 0x1
[    2.367832] NVRM: GPU0 vaListDestroy: non-zero mapCount(pVaList): 0x1
[    2.367916] NVRM: GPU0 vaListDestroy: non-zero mapCount(pVaList): 0x1
[    2.370519] NVRM: GPU0 nvCheckOkFailedNoLog: Check failed: Call not supported [NV_ERR_NOT_SUPPORTED] (0x00000056) returned from kgraphicsCreateGoldenImageChannel(pGpu, pKernelGraphics) @ kernel_graphics.c:513
[    2.370709] NVRM: GPU0 nvAssertFailedNoLog: Assertion failed: 0 @ kernel_fifo.c:3110
[    2.373284] NVRM: GPU0 rpcRmApiAlloc_GSP: GspRmAlloc failed: hClient=0xc1e00009; hParent=0x31415903; hObject=0x31415900; hClass=0x0000c36f; paramsSize=0x00000170; paramsStatus=0x00000056; status=0x00000056
[    2.373479] NVRM: GPU0 nvAssertOkFailedNoLog: Assertion failed: Call not supported [NV_ERR_NOT_SUPPORTED] (0x00000056) returned from status @ kernel_channel.c:2769
[    2.373643] NVRM: GPU0 nvAssertOkFailedNoLog: Assertion failed: Call not supported [NV_ERR_NOT_SUPPORTED] (0x00000056) returned from _kchannelSendChannelAllocRpc(pKernelChannel, pChannelGpfifoParams, pKernelChannelGroup, bFullSriov) @ kernel_channel.c:964
[    2.374753] NVRM: GPU0 rpcRmApiAlloc_GSP: GspRmAlloc failed: hClient=0xc1e0000a; hParent=0xcaf00001; hObject=0xcaf00002; hClass=0x0000402c; paramsSize=0x00000000; paramsStatus=0x00000056; status=0x00000056
ok    R2 version         = "595.91.07"
ok    R4 hClient         = 0xc1d0000b
ok    R6 hSubdevice      = 0xcafe0002
REV_UNDER_TEST=6692e621
W381_PROBE=launch-dma — a four-byte `LAUNCH_DMA` copied out of the channel's own ring. ★ This is                      the verb the Mode-2 emulator serves end to end (`run_submission` ->                      `execute_ours_spans` MOVES THE BYTES -> `write_resolved_completion`), so                      these rungs are servable on BOTH sides of the differential
RUNG_map_propagation=NOTRUN
RUNG_alias_two_vas=NOTRUN
RUNG_missing_page=NOTRUN
RUNG_map_stress=NOTRUN
RUNG_rpc_mixed=NOTRUN
RUNG_cross_client=NOTRUN
info  R1" unmap observe   = GPU 0, euid 0 — alias one object at two VAs, UNMAP the first, and ask whether the second survived
info  R1" the bar         = both VAs live (control), then VA_A unmapped, then a release through VA_B must STILL land. ⊘ `pde_info` after an unmap is NOT graded — RM may leave the page table standing
ALIAS_MARK=both_mapped va_a=0x0000000731000000 va_b=0x0000000831000000
kayfabe-isolate: DOORBELL-STORE #1 host_token=0x00000003 runlist=0 chid=3 → storing 32 bits at USERMODE_NOTIFY_CHANNEL_PENDING=0x90 in the mapped usermode window
kayfabe-isolate: DOORBELL-STORE #1 host_token=0x00000003 ★★★ WROTE — the store instruction executed
kayfabe-isolate: DOORBELL-STORE #2 host_token=0x00000003 runlist=0 chid=3 → storing 32 bits at USERMODE_NOTIFY_CHANNEL_PENDING=0x90 in the mapped usermode window
kayfabe-isolate: DOORBELL-STORE #2 host_token=0x00000003 ★★★ WROTE — the store instruction executed
info  R1" control A/B     = Landed / Landed
ok    R1" control         = both aliases landed before the unmap
ALIAS_MARK=unmap_a_begin va=0x0000000731000000
ALIAS_MARK=unmap_a_end ok=true
info  R1" host after unmap = A PDE_ABSENT / B PDE_COVERS ⊘ UNGRADED — PDE granularity cannot see a leaf go away
info  R1" allocator says A = Ok(Free) (want Free — the VA is reusable again)
kayfabe-isolate: DOORBELL-STORE #3 host_token=0x00000003 runlist=0 chid=3 → storing 32 bits at USERMODE_NOTIFY_CHANNEL_PENDING=0x90 in the mapped usermode window
kayfabe-isolate: DOORBELL-STORE #3 host_token=0x00000003 ★★★ WROTE — the store instruction executed
info  R1" release via B#2 = Landed
★     R1" SIBLING SURVIVED = unmapping VA_A left VA_B live. ⇒ RM tracks the two aliases INDEPENDENTLY, and any fix that keys host backing by frame alone is weaker than the driver it stands in for
RUNGCTL_alias_unmap=PASS
RUNG_alias_unmap=PASS
done — w379/w381 mapping-plane rungs only
[    2.437456] NVRM: nvCheckOkFailedNoLog: Check failed: Call not supported [NV_ERR_NOT_SUPPORTED] (0x00000056) returned from pRmApi->Control(pRmApi, pGpu->hInternalClient, pGpu->hInternalSubdevice, NV2080_CTRL_CMD_INTERNAL_INIT_USER_SHARED_DATA, &params, sizeof(params)) @ gpu_user_shared_data.c:248
FASTGUEST: client rc=0 at 2.41s
FASTGUEST: DONE
