[    0.407278] Key type dns_resolver registered
[    0.416021] Loading compiled-in X.509 certificates
[    0.417180] Loaded X.509 cert 'Build time autogenerated kernel key: 01b4e64ff4f6339fc0a8988bffba455bf880659a'
[    0.417666] Loaded X.509 cert 'Canonical Ltd. Live Patch Signing 2025 Kmod: d541cef61dc7e793b7eb7e899970a2eef0b5dc8c'
[    0.418131] Loaded X.509 cert 'Canonical Ltd. Live Patch Signing: 14df34d1a87cf37625abec039ef2bf521249b969'
[    0.418590] Loaded X.509 cert 'Canonical Ltd. Kernel Module Signing 2025 Kmod: 4627603d2357a2a3f81006370894c221175893e9'
[    0.419081] Loaded X.509 cert 'Canonical Ltd. Kernel Module Signing: 88f752e560a1e0737e31163a466ad7b70a850c19'
[    0.419188] blacklist: Loading compiled-in revocation X.509 certificates
[    0.419328] Loaded X.509 cert 'Canonical Ltd. Secure Boot Signing: 61482aa2830d0ab2ad5af10b7250da9033ddcef0'
[    0.419452] Loaded X.509 cert 'Canonical Ltd. Secure Boot Signing (2017): 242ade75ac4a15e50d50c84b0d45ff3eae707a03'
[    0.419576] Loaded X.509 cert 'Canonical Ltd. Secure Boot Signing (ESM 2018): 365188c1d374d6b07c3c8f240f8ef722433d6a8b'
[    0.419757] Loaded X.509 cert 'Canonical Ltd. Secure Boot Signing (2019): c0746fd6c5da3ae827864651ad66ae47fe24b3e8'
[    0.419871] Loaded X.509 cert 'Canonical Ltd. Secure Boot Signing (2021 v1): a8d54bbb3825cfb94fa13c9f8a594a195c107b8d'
[    0.419984] Loaded X.509 cert 'Canonical Ltd. Secure Boot Signing (2021 v2): 4cf046892d6fd3c9a5b03f98d845f90851dc6a8c'
[    0.420125] Loaded X.509 cert 'Canonical Ltd. Secure Boot Signing (2021 v3): 100437bb6de6e469b581e61cd66bce3ef4ed53af'
[    0.420238] Loaded X.509 cert 'Canonical Ltd. Secure Boot Signing (Ubuntu Core 2019): c1d57b8f6b743f23ee41f4f7ee292f06eecadfb9'
[    0.430881] Key type .fscrypt registered
[    0.430941] Key type fscrypt-provisioning registered
[    0.431058] Key type big_key registered
[    1.517401] Key type encrypted registered
[    1.517513] Loading compiled-in module X.509 certificates
[    1.517926] Loaded X.509 cert 'Build time autogenerated kernel key: 01b4e64ff4f6339fc0a8988bffba455bf880659a'
FASTGUEST: up 1.54s
FASTGUEST: switch_root prepared in 0.3s
FASTGUEST: up 1.89s
FASTGUEST: root is a real mount (switch_root done) — the isolate sandbox can pivot_root
[    1.961307] nvidia: loading out-of-tree module taints kernel.
[    1.961422] nvidia: module verification failed: signature and/or required key missing - tainting kernel
[    2.005212] 
[    2.010078] NVRM: loading NVIDIA UNIX Open Kernel Module for x86_64  595.91.07  Release Build  (dvs-builder@U22-I3-B08-02-2)  Wed Jul 29 03:01:16 UTC 2026
FASTGUEST: insmod nvidia.ko ok
FASTGUEST: insmod nvidia-uvm.ko ok
FASTGUEST: insmod wmi.ko ok
FASTGUEST: insmod video.ko ok
FASTGUEST: insmod nvidia-modeset.ko ok
FASTGUEST: nodes /dev/nvidia-caps/nvidia-cap1 /dev/nvidia-uvm /dev/nvidia-uvm-tools /dev/nvidia0 /dev/nvidiactl  /dev/nvidia-caps: nvidia-cap1 
FASTGUEST: ready 2.03s
FASTGUEST: arms --map-stress --probe-launch-dma  deadline 175s (budget 180s, 2s already spent booting)
info  RMLADDER DEADLINE = armed (KF_SELF_DEADLINE_MS)
info  RMLADDER ARGV     = [--gpu 0 --map-stress --probe-launch-dma]
[    2.141689] NVRM: GPU0 nvAssertOkFailedNoLog: Assertion failed: Call not supported [NV_ERR_NOT_SUPPORTED] (0x00000056) returned from pRmApi->Control(pRmApi, pGpu->hInternalClient, pGpu->hInternalSubdevice, NV2080_CTRL_CMD_INTERNAL_INIT_USER_SHARED_DATA, &params, sizeof(params)) @ gpu_user_shared_data.c:297
[    2.141920] NVRM: GPU0 nvAssertOkFailedNoLog: Assertion failed: Call not supported [NV_ERR_NOT_SUPPORTED] (0x00000056) returned from pRmApi->Control(pRmApi, pGpu->hInternalClient, pGpu->hInternalSubdevice, NV2080_CTRL_CMD_INTERNAL_USER_SHARED_DATA_SET_DATA_POLL, &params, sizeof(params)) @ gpu_user_shared_data.c:362
[    2.157128] NVRM: GPU0 kperfGpuBoostSyncStateInit_IMPL: Failed to read Sync Gpu Boost init state, status=0x56
[    2.157947] NVRM: GPU0 kperfGpuBoostSyncStateInit_IMPL: Failed to read Sync Gpu Boost init state, status=0x56
[    2.158082] NVRM: GPU0 nvAssertOkFailedNoLog: Assertion failed: Call not supported [NV_ERR_NOT_SUPPORTED] (0x00000056) returned from pRmApi->Control(pRmApi, pGpu->hInternalClient, pGpu->hInternalSubdevice, NV2080_CTRL_CMD_INTERNAL_CE_GET_PCE_CONFIG_FOR_LCE_TYPE, &pceConfigParams, sizeof(pceConfigParams)) @ kernel_ce.c:1086
[    2.158358] NVRM: GPU0 nvAssertOkFailedNoLog: Assertion failed: Call not supported [NV_ERR_NOT_SUPPORTED] (0x00000056) returned from kceGetPceConfigForLceType(pGpu, pKCe, NV2080_CTRL_CE_LCE_TYPE_DECOMP, &numPcesPerLce, &numLces, &supportedPceMask, &supportedLceMask, &pcesPerHshub) @ kernel_ce_gp100.c:62
[    2.373953] NVRM: GPU0 nvCheckOkFailedNoLog: Check failed: Call not supported [NV_ERR_NOT_SUPPORTED] (0x00000056) returned from kgrobjPromoteContext(pGpu, pKernelGraphicsObject, pKernelGraphics) @ kernel_graphics_object.c:224
[    2.374312] NVRM: GPU0 nvAssertOkFailedNoLog: Assertion failed: Call not supported [NV_ERR_NOT_SUPPORTED] (0x00000056) returned from pRmApi->AllocWithHandle(pRmApi, hClientId, KGRAPHICS_CHANNEL_HANDLE_CHANNELID, KGRAPHICS_CHANNEL_HANDLE_3DOBJ, classNum, NULL, 0) @ kernel_graphics.c:2549
[    2.375356] NVRM: GPU0 vaListDestroy: non-zero mapCount(pVaList): 0x1
[    2.375452] NVRM: GPU0 vaListDestroy: non-zero mapCount(pVaList): 0x1
[    2.375530] NVRM: GPU0 vaListDestroy: non-zero mapCount(pVaList): 0x1
[    2.375614] NVRM: GPU0 vaListDestroy: non-zero mapCount(pVaList): 0x1
[    2.377898] NVRM: GPU0 nvCheckOkFailedNoLog: Check failed: Call not supported [NV_ERR_NOT_SUPPORTED] (0x00000056) returned from kgraphicsCreateGoldenImageChannel(pGpu, pKernelGraphics) @ kernel_graphics.c:513
[    2.378183] NVRM: GPU0 nvAssertFailedNoLog: Assertion failed: 0 @ kernel_fifo.c:3110
[    2.384273] NVRM: GPU0 rpcRmApiAlloc_GSP: GspRmAlloc failed: hClient=0xc1e00009; hParent=0x31415903; hObject=0x31415900; hClass=0x0000c36f; paramsSize=0x00000170; paramsStatus=0x00000056; status=0x00000056
[    2.384505] NVRM: GPU0 nvAssertOkFailedNoLog: Assertion failed: Call not supported [NV_ERR_NOT_SUPPORTED] (0x00000056) returned from status @ kernel_channel.c:2769
[    2.384692] NVRM: GPU0 nvAssertOkFailedNoLog: Assertion failed: Call not supported [NV_ERR_NOT_SUPPORTED] (0x00000056) returned from _kchannelSendChannelAllocRpc(pKernelChannel, pChannelGpfifoParams, pKernelChannelGroup, bFullSriov) @ kernel_channel.c:964
[    2.385768] NVRM: GPU0 rpcRmApiAlloc_GSP: GspRmAlloc failed: hClient=0xc1e0000a; hParent=0xcaf00001; hObject=0xcaf00002; hClass=0x0000402c; paramsSize=0x00000000; paramsStatus=0x00000056; status=0x00000056
ok    R2 version         = "595.91.07"
ok    R4 hClient         = 0xc1d0000b
ok    R6 hSubdevice      = 0xcafe0002
REV_UNDER_TEST=6692e621
W381_PROBE=launch-dma — a four-byte `LAUNCH_DMA` copied out of the channel's own ring. ★ This is                      the verb the Mode-2 emulator serves end to end (`run_submission` ->                      `execute_ours_spans` MOVES THE BYTES -> `write_resolved_completion`), so                      these rungs are servable on BOTH sides of the differential
RUNG_map_propagation=NOTRUN
RUNG_alias_two_vas=NOTRUN
RUNG_alias_unmap=NOTRUN
RUNG_missing_page=NOTRUN
RUNG_rpc_mixed=NOTRUN
RUNG_cross_client=NOTRUN
info  R5 stress           = GPU 0, euid 0 — 48 cycles over 4 interleaved live mappings, recycling one slot per cycle
info  R5 the bar          = every release lands, every placement is EXACT, every freed VA probes Free again, and a recycled object reads as its OWN sentinel
kayfabe-isolate: DOORBELL-STORE #1 host_token=0x00000003 runlist=0 chid=3 → storing 32 bits at USERMODE_NOTIFY_CHANNEL_PENDING=0x90 in the mapped usermode window
kayfabe-isolate: DOORBELL-STORE #1 host_token=0x00000003 ★★★ WROTE — the store instruction executed
ok    R5 control          = the first release of the first cycle landed — the channel and the ring work, so a later red is the mapping plane and not the harness
kayfabe-isolate: DOORBELL-STORE #2 host_token=0x00000003 runlist=0 chid=3 → storing 32 bits at USERMODE_NOTIFY_CHANNEL_PENDING=0x90 in the mapped usermode window
kayfabe-isolate: DOORBELL-STORE #2 host_token=0x00000003 ★★★ WROTE — the store instruction executed
kayfabe-isolate: DOORBELL-STORE #3 host_token=0x00000003 runlist=0 chid=3 → storing 32 bits at USERMODE_NOTIFY_CHANNEL_PENDING=0x90 in the mapped usermode window
kayfabe-isolate: DOORBELL-STORE #3 host_token=0x00000003 ★★★ WROTE — the store instruction executed
kayfabe-isolate: DOORBELL-STORE #4 host_token=0x00000003 runlist=0 chid=3 → storing 32 bits at USERMODE_NOTIFY_CHANNEL_PENDING=0x90 in the mapped usermode window
kayfabe-isolate: DOORBELL-STORE #4 host_token=0x00000003 ★★★ WROTE — the store instruction executed
kayfabe-isolate: DOORBELL-STORE #5 host_token=0x00000003 runlist=0 chid=3 → storing 32 bits at USERMODE_NOTIFY_CHANNEL_PENDING=0x90 in the mapped usermode window
kayfabe-isolate: DOORBELL-STORE #5 host_token=0x00000003 ★★★ WROTE — the store instruction executed
kayfabe-isolate: DOORBELL-STORE #6 host_token=0x00000003 runlist=0 chid=3 → storing 32 bits at USERMODE_NOTIFY_CHANNEL_PENDING=0x90 in the mapped usermode window
kayfabe-isolate: DOORBELL-STORE #6 host_token=0x00000003 ★★★ WROTE — the store instruction executed
kayfabe-isolate: DOORBELL-STORE #7 host_token=0x00000003 runlist=0 chid=3 → storing 32 bits at USERMODE_NOTIFY_CHANNEL_PENDING=0x90 in the mapped usermode window
kayfabe-isolate: DOORBELL-STORE #7 host_token=0x00000003 ★★★ WROTE — the store instruction executed
kayfabe-isolate: DOORBELL-STORE #8 host_token=0x00000003 runlist=0 chid=3 → storing 32 bits at USERMODE_NOTIFY_CHANNEL_PENDING=0x90 in the mapped usermode window
kayfabe-isolate: DOORBELL-STORE #8 host_token=0x00000003 ★★★ WROTE — the store instruction executed
kayfabe-isolate: DOORBELL-STORE #9 host_token=0x00000003 runlist=0 chid=3 → storing 32 bits at USERMODE_NOTIFY_CHANNEL_PENDING=0x90 in the mapped usermode window
kayfabe-isolate: DOORBELL-STORE #9 host_token=0x00000003 ★★★ WROTE — the store instruction executed
kayfabe-isolate: DOORBELL-STORE #10 host_token=0x00000003 runlist=0 chid=3 → storing 32 bits at USERMODE_NOTIFY_CHANNEL_PENDING=0x90 in the mapped usermode window
kayfabe-isolate: DOORBELL-STORE #10 host_token=0x00000003 ★★★ WROTE — the store instruction executed
kayfabe-isolate: DOORBELL-STORE #11 host_token=0x00000003 runlist=0 chid=3 → storing 32 bits at USERMODE_NOTIFY_CHANNEL_PENDING=0x90 in the mapped usermode window
kayfabe-isolate: DOORBELL-STORE #11 host_token=0x00000003 ★★★ WROTE — the store instruction executed
kayfabe-isolate: DOORBELL-STORE #12 host_token=0x00000003 runlist=0 chid=3 → storing 32 bits at USERMODE_NOTIFY_CHANNEL_PENDING=0x90 in the mapped usermode window
kayfabe-isolate: DOORBELL-STORE #12 host_token=0x00000003 ★★★ WROTE — the store instruction executed
kayfabe-isolate: DOORBELL-STORE #13 host_token=0x00000003 runlist=0 chid=3 → storing 32 bits at USERMODE_NOTIFY_CHANNEL_PENDING=0x90 in the mapped usermode window
kayfabe-isolate: DOORBELL-STORE #13 host_token=0x00000003 ★★★ WROTE — the store instruction executed
kayfabe-isolate: DOORBELL-STORE #14 host_token=0x00000003 runlist=0 chid=3 → storing 32 bits at USERMODE_NOTIFY_CHANNEL_PENDING=0x90 in the mapped usermode window
kayfabe-isolate: DOORBELL-STORE #14 host_token=0x00000003 ★★★ WROTE — the store instruction executed
kayfabe-isolate: DOORBELL-STORE #15 host_token=0x00000003 runlist=0 chid=3 → storing 32 bits at USERMODE_NOTIFY_CHANNEL_PENDING=0x90 in the mapped usermode window
kayfabe-isolate: DOORBELL-STORE #15 host_token=0x00000003 ★★★ WROTE — the store instruction executed
kayfabe-isolate: DOORBELL-STORE #16 host_token=0x00000003 runlist=0 chid=3 → storing 32 bits at USERMODE_NOTIFY_CHANNEL_PENDING=0x90 in the mapped usermode window
kayfabe-isolate: DOORBELL-STORE #16 host_token=0x00000003 ★★★ WROTE — the store instruction executed
kayfabe-isolate: DOORBELL-STORE #17 host_token=0x00000003 runlist=0 chid=3 → storing 32 bits at USERMODE_NOTIFY_CHANNEL_PENDING=0x90 in the mapped usermode window
kayfabe-isolate: DOORBELL-STORE #17 host_token=0x00000003 ★★★ WROTE — the store instruction executed
kayfabe-isolate: DOORBELL-STORE #18 host_token=0x00000003 runlist=0 chid=3 → storing 32 bits at USERMODE_NOTIFY_CHANNEL_PENDING=0x90 in the mapped usermode window
kayfabe-isolate: DOORBELL-STORE #18 host_token=0x00000003 ★★★ WROTE — the store instruction executed
kayfabe-isolate: DOORBELL-STORE #19 host_token=0x00000003 runlist=0 chid=3 → storing 32 bits at USERMODE_NOTIFY_CHANNEL_PENDING=0x90 in the mapped usermode window
kayfabe-isolate: DOORBELL-STORE #19 host_token=0x00000003 ★★★ WROTE — the store instruction executed
kayfabe-isolate: DOORBELL-STORE #20 host_token=0x00000003 runlist=0 chid=3 → storing 32 bits at USERMODE_NOTIFY_CHANNEL_PENDING=0x90 in the mapped usermode window
kayfabe-isolate: DOORBELL-STORE #20 host_token=0x00000003 ★★★ WROTE — the store instruction executed
kayfabe-isolate: DOORBELL-STORE #21 host_token=0x00000003 runlist=0 chid=3 → storing 32 bits at USERMODE_NOTIFY_CHANNEL_PENDING=0x90 in the mapped usermode window
kayfabe-isolate: DOORBELL-STORE #21 host_token=0x00000003 ★★★ WROTE — the store instruction executed
kayfabe-isolate: DOORBELL-STORE #22 host_token=0x00000003 runlist=0 chid=3 → storing 32 bits at USERMODE_NOTIFY_CHANNEL_PENDING=0x90 in the mapped usermode window
kayfabe-isolate: DOORBELL-STORE #22 host_token=0x00000003 ★★★ WROTE — the store instruction executed
kayfabe-isolate: DOORBELL-STORE #23 host_token=0x00000003 runlist=0 chid=3 → storing 32 bits at USERMODE_NOTIFY_CHANNEL_PENDING=0x90 in the mapped usermode window
kayfabe-isolate: DOORBELL-STORE #23 host_token=0x00000003 ★★★ WROTE — the store instruction executed
kayfabe-isolate: DOORBELL-STORE #24 host_token=0x00000003 runlist=0 chid=3 → storing 32 bits at USERMODE_NOTIFY_CHANNEL_PENDING=0x90 in the mapped usermode window
kayfabe-isolate: DOORBELL-STORE #24 host_token=0x00000003 ★★★ WROTE — the store instruction executed
kayfabe-isolate: DOORBELL-STORE #25 host_token=0x00000003 runlist=0 chid=3 → storing 32 bits at USERMODE_NOTIFY_CHANNEL_PENDING=0x90 in the mapped usermode window
kayfabe-isolate: DOORBELL-STORE #25 host_token=0x00000003 ★★★ WROTE — the store instruction executed
kayfabe-isolate: DOORBELL-STORE #26 host_token=0x00000003 runlist=0 chid=3 → storing 32 bits at USERMODE_NOTIFY_CHANNEL_PENDING=0x90 in the mapped usermode window
kayfabe-isolate: DOORBELL-STORE #26 host_token=0x00000003 ★★★ WROTE — the store instruction executed
kayfabe-isolate: DOORBELL-STORE #27 host_token=0x00000003 runlist=0 chid=3 → storing 32 bits at USERMODE_NOTIFY_CHANNEL_PENDING=0x90 in the mapped usermode window
kayfabe-isolate: DOORBELL-STORE #27 host_token=0x00000003 ★★★ WROTE — the store instruction executed
kayfabe-isolate: DOORBELL-STORE #28 host_token=0x00000003 runlist=0 chid=3 → storing 32 bits at USERMODE_NOTIFY_CHANNEL_PENDING=0x90 in the mapped usermode window
kayfabe-isolate: DOORBELL-STORE #28 host_token=0x00000003 ★★★ WROTE — the store instruction executed
kayfabe-isolate: DOORBELL-STORE #29 host_token=0x00000003 runlist=0 chid=3 → storing 32 bits at USERMODE_NOTIFY_CHANNEL_PENDING=0x90 in the mapped usermode window
kayfabe-isolate: DOORBELL-STORE #29 host_token=0x00000003 ★★★ WROTE — the store instruction executed
kayfabe-isolate: DOORBELL-STORE #30 host_token=0x00000003 runlist=0 chid=3 → storing 32 bits at USERMODE_NOTIFY_CHANNEL_PENDING=0x90 in the mapped usermode window
kayfabe-isolate: DOORBELL-STORE #30 host_token=0x00000003 ★★★ WROTE — the store instruction executed
kayfabe-isolate: DOORBELL-STORE #31 host_token=0x00000003 runlist=0 chid=3 → storing 32 bits at USERMODE_NOTIFY_CHANNEL_PENDING=0x90 in the mapped usermode window
kayfabe-isolate: DOORBELL-STORE #31 host_token=0x00000003 ★★★ WROTE — the store instruction executed
kayfabe-isolate: DOORBELL-STORE #32 host_token=0x00000003 runlist=0 chid=3 → storing 32 bits at USERMODE_NOTIFY_CHANNEL_PENDING=0x90 in the mapped usermode window
kayfabe-isolate: DOORBELL-STORE #32 host_token=0x00000003 ★★★ WROTE — the store instruction executed
kayfabe-isolate: DOORBELL-STORE #33 host_token=0x00000003 runlist=0 chid=3 → storing 32 bits at USERMODE_NOTIFY_CHANNEL_PENDING=0x90 in the mapped usermode window
kayfabe-isolate: DOORBELL-STORE #33 host_token=0x00000003 ★★★ WROTE — the store instruction executed
kayfabe-isolate: DOORBELL-STORE #34 host_token=0x00000003 runlist=0 chid=3 → storing 32 bits at USERMODE_NOTIFY_CHANNEL_PENDING=0x90 in the mapped usermode window
kayfabe-isolate: DOORBELL-STORE #34 host_token=0x00000003 ★★★ WROTE — the store instruction executed
kayfabe-isolate: DOORBELL-STORE #35 host_token=0x00000003 runlist=0 chid=3 → storing 32 bits at USERMODE_NOTIFY_CHANNEL_PENDING=0x90 in the mapped usermode window
kayfabe-isolate: DOORBELL-STORE #35 host_token=0x00000003 ★★★ WROTE — the store instruction executed
kayfabe-isolate: DOORBELL-STORE #36 host_token=0x00000003 runlist=0 chid=3 → storing 32 bits at USERMODE_NOTIFY_CHANNEL_PENDING=0x90 in the mapped usermode window
kayfabe-isolate: DOORBELL-STORE #36 host_token=0x00000003 ★★★ WROTE — the store instruction executed
kayfabe-isolate: DOORBELL-STORE #37 host_token=0x00000003 runlist=0 chid=3 → storing 32 bits at USERMODE_NOTIFY_CHANNEL_PENDING=0x90 in the mapped usermode window
kayfabe-isolate: DOORBELL-STORE #37 host_token=0x00000003 ★★★ WROTE — the store instruction executed
kayfabe-isolate: DOORBELL-STORE #38 host_token=0x00000003 runlist=0 chid=3 → storing 32 bits at USERMODE_NOTIFY_CHANNEL_PENDING=0x90 in the mapped usermode window
kayfabe-isolate: DOORBELL-STORE #38 host_token=0x00000003 ★★★ WROTE — the store instruction executed
kayfabe-isolate: DOORBELL-STORE #39 host_token=0x00000003 runlist=0 chid=3 → storing 32 bits at USERMODE_NOTIFY_CHANNEL_PENDING=0x90 in the mapped usermode window
kayfabe-isolate: DOORBELL-STORE #39 host_token=0x00000003 ★★★ WROTE — the store instruction executed
kayfabe-isolate: DOORBELL-STORE #40 host_token=0x00000003 runlist=0 chid=3 → storing 32 bits at USERMODE_NOTIFY_CHANNEL_PENDING=0x90 in the mapped usermode window
kayfabe-isolate: DOORBELL-STORE #40 host_token=0x00000003 ★★★ WROTE — the store instruction executed
kayfabe-isolate: DOORBELL-STORE #41 host_token=0x00000003 runlist=0 chid=3 → storing 32 bits at USERMODE_NOTIFY_CHANNEL_PENDING=0x90 in the mapped usermode window
kayfabe-isolate: DOORBELL-STORE #41 host_token=0x00000003 ★★★ WROTE — the store instruction executed
kayfabe-isolate: DOORBELL-STORE #42 host_token=0x00000003 runlist=0 chid=3 → storing 32 bits at USERMODE_NOTIFY_CHANNEL_PENDING=0x90 in the mapped usermode window
kayfabe-isolate: DOORBELL-STORE #42 host_token=0x00000003 ★★★ WROTE — the store instruction executed
kayfabe-isolate: DOORBELL-STORE #43 host_token=0x00000003 runlist=0 chid=3 → storing 32 bits at USERMODE_NOTIFY_CHANNEL_PENDING=0x90 in the mapped usermode window
kayfabe-isolate: DOORBELL-STORE #43 host_token=0x00000003 ★★★ WROTE — the store instruction executed
kayfabe-isolate: DOORBELL-STORE #44 host_token=0x00000003 runlist=0 chid=3 → storing 32 bits at USERMODE_NOTIFY_CHANNEL_PENDING=0x90 in the mapped usermode window
kayfabe-isolate: DOORBELL-STORE #44 host_token=0x00000003 ★★★ WROTE — the store instruction executed
kayfabe-isolate: DOORBELL-STORE #45 host_token=0x00000003 runlist=0 chid=3 → storing 32 bits at USERMODE_NOTIFY_CHANNEL_PENDING=0x90 in the mapped usermode window
kayfabe-isolate: DOORBELL-STORE #45 host_token=0x00000003 ★★★ WROTE — the store instruction executed
kayfabe-isolate: DOORBELL-STORE #46 host_token=0x00000003 runlist=0 chid=3 → storing 32 bits at USERMODE_NOTIFY_CHANNEL_PENDING=0x90 in the mapped usermode window
kayfabe-isolate: DOORBELL-STORE #46 host_token=0x00000003 ★★★ WROTE — the store instruction executed
kayfabe-isolate: DOORBELL-STORE #47 host_token=0x00000003 runlist=0 chid=3 → storing 32 bits at USERMODE_NOTIFY_CHANNEL_PENDING=0x90 in the mapped usermode window
kayfabe-isolate: DOORBELL-STORE #47 host_token=0x00000003 ★★★ WROTE — the store instruction executed
kayfabe-isolate: DOORBELL-STORE #48 host_token=0x00000003 runlist=0 chid=3 → storing 32 bits at USERMODE_NOTIFY_CHANNEL_PENDING=0x90 in the mapped usermode window
kayfabe-isolate: DOORBELL-STORE #48 host_token=0x00000003 ★★★ WROTE — the store instruction executed
kayfabe-isolate: DOORBELL-STORE #49 host_token=0x00000003 runlist=0 chid=3 → storing 32 bits at USERMODE_NOTIFY_CHANNEL_PENDING=0x90 in the mapped usermode window
kayfabe-isolate: DOORBELL-STORE #49 host_token=0x00000003 ★★★ WROTE — the store instruction executed
kayfabe-isolate: DOORBELL-STORE #50 host_token=0x00000003 runlist=0 chid=3 → storing 32 bits at USERMODE_NOTIFY_CHANNEL_PENDING=0x90 in the mapped usermode window
kayfabe-isolate: DOORBELL-STORE #50 host_token=0x00000003 ★★★ WROTE — the store instruction executed
kayfabe-isolate: DOORBELL-STORE #51 host_token=0x00000003 runlist=0 chid=3 → storing 32 bits at USERMODE_NOTIFY_CHANNEL_PENDING=0x90 in the mapped usermode window
kayfabe-isolate: DOORBELL-STORE #51 host_token=0x00000003 ★★★ WROTE — the store instruction executed
kayfabe-isolate: DOORBELL-STORE #52 host_token=0x00000003 runlist=0 chid=3 → storing 32 bits at USERMODE_NOTIFY_CHANNEL_PENDING=0x90 in the mapped usermode window
kayfabe-isolate: DOORBELL-STORE #52 host_token=0x00000003 ★★★ WROTE — the store instruction executed
kayfabe-isolate: DOORBELL-STORE #53 host_token=0x00000003 runlist=0 chid=3 → storing 32 bits at USERMODE_NOTIFY_CHANNEL_PENDING=0x90 in the mapped usermode window
kayfabe-isolate: DOORBELL-STORE #53 host_token=0x00000003 ★★★ WROTE — the store instruction executed
kayfabe-isolate: DOORBELL-STORE #54 host_token=0x00000003 runlist=0 chid=3 → storing 32 bits at USERMODE_NOTIFY_CHANNEL_PENDING=0x90 in the mapped usermode window
kayfabe-isolate: DOORBELL-STORE #54 host_token=0x00000003 ★★★ WROTE — the store instruction executed
kayfabe-isolate: DOORBELL-STORE #55 host_token=0x00000003 runlist=0 chid=3 → storing 32 bits at USERMODE_NOTIFY_CHANNEL_PENDING=0x90 in the mapped usermode window
kayfabe-isolate: DOORBELL-STORE #55 host_token=0x00000003 ★★★ WROTE — the store instruction executed
kayfabe-isolate: DOORBELL-STORE #56 host_token=0x00000003 runlist=0 chid=3 → storing 32 bits at USERMODE_NOTIFY_CHANNEL_PENDING=0x90 in the mapped usermode window
kayfabe-isolate: DOORBELL-STORE #56 host_token=0x00000003 ★★★ WROTE — the store instruction executed
kayfabe-isolate: DOORBELL-STORE #57 host_token=0x00000003 runlist=0 chid=3 → storing 32 bits at USERMODE_NOTIFY_CHANNEL_PENDING=0x90 in the mapped usermode window
kayfabe-isolate: DOORBELL-STORE #57 host_token=0x00000003 ★★★ WROTE — the store instruction executed
kayfabe-isolate: DOORBELL-STORE #58 host_token=0x00000003 runlist=0 chid=3 → storing 32 bits at USERMODE_NOTIFY_CHANNEL_PENDING=0x90 in the mapped usermode window
kayfabe-isolate: DOORBELL-STORE #58 host_token=0x00000003 ★★★ WROTE — the store instruction executed
kayfabe-isolate: DOORBELL-STORE #59 host_token=0x00000003 runlist=0 chid=3 → storing 32 bits at USERMODE_NOTIFY_CHANNEL_PENDING=0x90 in the mapped usermode window
kayfabe-isolate: DOORBELL-STORE #59 host_token=0x00000003 ★★★ WROTE — the store instruction executed
kayfabe-isolate: DOORBELL-STORE #60 host_token=0x00000003 runlist=0 chid=3 → storing 32 bits at USERMODE_NOTIFY_CHANNEL_PENDING=0x90 in the mapped usermode window
kayfabe-isolate: DOORBELL-STORE #60 host_token=0x00000003 ★★★ WROTE — the store instruction executed
kayfabe-isolate: DOORBELL-STORE #61 host_token=0x00000003 runlist=0 chid=3 → storing 32 bits at USERMODE_NOTIFY_CHANNEL_PENDING=0x90 in the mapped usermode window
kayfabe-isolate: DOORBELL-STORE #61 host_token=0x00000003 ★★★ WROTE — the store instruction executed
kayfabe-isolate: DOORBELL-STORE #62 host_token=0x00000003 runlist=0 chid=3 → storing 32 bits at USERMODE_NOTIFY_CHANNEL_PENDING=0x90 in the mapped usermode window
kayfabe-isolate: DOORBELL-STORE #62 host_token=0x00000003 ★★★ WROTE — the store instruction executed
kayfabe-isolate: DOORBELL-STORE #63 host_token=0x00000003 runlist=0 chid=3 → storing 32 bits at USERMODE_NOTIFY_CHANNEL_PENDING=0x90 in the mapped usermode window
kayfabe-isolate: DOORBELL-STORE #63 host_token=0x00000003 ★★★ WROTE — the store instruction executed
kayfabe-isolate: DOORBELL-STORE #64 host_token=0x00000003 runlist=0 chid=3 → storing 32 bits at USERMODE_NOTIFY_CHANNEL_PENDING=0x90 in the mapped usermode window
kayfabe-isolate: DOORBELL-STORE #64 host_token=0x00000003 ★★★ WROTE — the store instruction executed
kayfabe-isolate: DOORBELL-STORE #65 host_token=0x00000003 runlist=0 chid=3 → storing 32 bits at USERMODE_NOTIFY_CHANNEL_PENDING=0x90 in the mapped usermode window
kayfabe-isolate: DOORBELL-STORE #65 host_token=0x00000003 ★★★ WROTE — the store instruction executed
kayfabe-isolate: DOORBELL-STORE #66 host_token=0x00000003 runlist=0 chid=3 → storing 32 bits at USERMODE_NOTIFY_CHANNEL_PENDING=0x90 in the mapped usermode window
kayfabe-isolate: DOORBELL-STORE #66 host_token=0x00000003 ★★★ WROTE — the store instruction executed
kayfabe-isolate: DOORBELL-STORE #67 host_token=0x00000003 runlist=0 chid=3 → storing 32 bits at USERMODE_NOTIFY_CHANNEL_PENDING=0x90 in the mapped usermode window
kayfabe-isolate: DOORBELL-STORE #67 host_token=0x00000003 ★★★ WROTE — the store instruction executed
kayfabe-isolate: DOORBELL-STORE #68 host_token=0x00000003 runlist=0 chid=3 → storing 32 bits at USERMODE_NOTIFY_CHANNEL_PENDING=0x90 in the mapped usermode window
kayfabe-isolate: DOORBELL-STORE #68 host_token=0x00000003 ★★★ WROTE — the store instruction executed
kayfabe-isolate: DOORBELL-STORE #69 host_token=0x00000003 runlist=0 chid=3 → storing 32 bits at USERMODE_NOTIFY_CHANNEL_PENDING=0x90 in the mapped usermode window
kayfabe-isolate: DOORBELL-STORE #69 host_token=0x00000003 ★★★ WROTE — the store instruction executed
kayfabe-isolate: DOORBELL-STORE #70 host_token=0x00000003 runlist=0 chid=3 → storing 32 bits at USERMODE_NOTIFY_CHANNEL_PENDING=0x90 in the mapped usermode window
kayfabe-isolate: DOORBELL-STORE #70 host_token=0x00000003 ★★★ WROTE — the store instruction executed
kayfabe-isolate: DOORBELL-STORE #71 host_token=0x00000003 runlist=0 chid=3 → storing 32 bits at USERMODE_NOTIFY_CHANNEL_PENDING=0x90 in the mapped usermode window
kayfabe-isolate: DOORBELL-STORE #71 host_token=0x00000003 ★★★ WROTE — the store instruction executed
kayfabe-isolate: DOORBELL-STORE #72 host_token=0x00000003 runlist=0 chid=3 → storing 32 bits at USERMODE_NOTIFY_CHANNEL_PENDING=0x90 in the mapped usermode window
kayfabe-isolate: DOORBELL-STORE #72 host_token=0x00000003 ★★★ WROTE — the store instruction executed
kayfabe-isolate: DOORBELL-STORE #73 host_token=0x00000003 runlist=0 chid=3 → storing 32 bits at USERMODE_NOTIFY_CHANNEL_PENDING=0x90 in the mapped usermode window
kayfabe-isolate: DOORBELL-STORE #73 host_token=0x00000003 ★★★ WROTE — the store instruction executed
kayfabe-isolate: DOORBELL-STORE #74 host_token=0x00000003 runlist=0 chid=3 → storing 32 bits at USERMODE_NOTIFY_CHANNEL_PENDING=0x90 in the mapped usermode window
kayfabe-isolate: DOORBELL-STORE #74 host_token=0x00000003 ★★★ WROTE — the store instruction executed
kayfabe-isolate: DOORBELL-STORE #75 host_token=0x00000003 runlist=0 chid=3 → storing 32 bits at USERMODE_NOTIFY_CHANNEL_PENDING=0x90 in the mapped usermode window
kayfabe-isolate: DOORBELL-STORE #75 host_token=0x00000003 ★★★ WROTE — the store instruction executed
kayfabe-isolate: DOORBELL-STORE #76 host_token=0x00000003 runlist=0 chid=3 → storing 32 bits at USERMODE_NOTIFY_CHANNEL_PENDING=0x90 in the mapped usermode window
kayfabe-isolate: DOORBELL-STORE #76 host_token=0x00000003 ★★★ WROTE — the store instruction executed
kayfabe-isolate: DOORBELL-STORE #77 host_token=0x00000003 runlist=0 chid=3 → storing 32 bits at USERMODE_NOTIFY_CHANNEL_PENDING=0x90 in the mapped usermode window
kayfabe-isolate: DOORBELL-STORE #77 host_token=0x00000003 ★★★ WROTE — the store instruction executed
kayfabe-isolate: DOORBELL-STORE #78 host_token=0x00000003 runlist=0 chid=3 → storing 32 bits at USERMODE_NOTIFY_CHANNEL_PENDING=0x90 in the mapped usermode window
kayfabe-isolate: DOORBELL-STORE #78 host_token=0x00000003 ★★★ WROTE — the store instruction executed
kayfabe-isolate: DOORBELL-STORE #79 host_token=0x00000003 runlist=0 chid=3 → storing 32 bits at USERMODE_NOTIFY_CHANNEL_PENDING=0x90 in the mapped usermode window
kayfabe-isolate: DOORBELL-STORE #79 host_token=0x00000003 ★★★ WROTE — the store instruction executed
kayfabe-isolate: DOORBELL-STORE #80 host_token=0x00000003 runlist=0 chid=3 → storing 32 bits at USERMODE_NOTIFY_CHANNEL_PENDING=0x90 in the mapped usermode window
kayfabe-isolate: DOORBELL-STORE #80 host_token=0x00000003 ★★★ WROTE — the store instruction executed
kayfabe-isolate: DOORBELL-STORE #81 host_token=0x00000003 runlist=0 chid=3 → storing 32 bits at USERMODE_NOTIFY_CHANNEL_PENDING=0x90 in the mapped usermode window
kayfabe-isolate: DOORBELL-STORE #81 host_token=0x00000003 ★★★ WROTE — the store instruction executed
kayfabe-isolate: DOORBELL-STORE #82 host_token=0x00000003 runlist=0 chid=3 → storing 32 bits at USERMODE_NOTIFY_CHANNEL_PENDING=0x90 in the mapped usermode window
kayfabe-isolate: DOORBELL-STORE #82 host_token=0x00000003 ★★★ WROTE — the store instruction executed
kayfabe-isolate: DOORBELL-STORE #83 host_token=0x00000003 runlist=0 chid=3 → storing 32 bits at USERMODE_NOTIFY_CHANNEL_PENDING=0x90 in the mapped usermode window
kayfabe-isolate: DOORBELL-STORE #83 host_token=0x00000003 ★★★ WROTE — the store instruction executed
kayfabe-isolate: DOORBELL-STORE #84 host_token=0x00000003 runlist=0 chid=3 → storing 32 bits at USERMODE_NOTIFY_CHANNEL_PENDING=0x90 in the mapped usermode window
kayfabe-isolate: DOORBELL-STORE #84 host_token=0x00000003 ★★★ WROTE — the store instruction executed
kayfabe-isolate: DOORBELL-STORE #85 host_token=0x00000003 runlist=0 chid=3 → storing 32 bits at USERMODE_NOTIFY_CHANNEL_PENDING=0x90 in the mapped usermode window
kayfabe-isolate: DOORBELL-STORE #85 host_token=0x00000003 ★★★ WROTE — the store instruction executed
kayfabe-isolate: DOORBELL-STORE #86 host_token=0x00000003 runlist=0 chid=3 → storing 32 bits at USERMODE_NOTIFY_CHANNEL_PENDING=0x90 in the mapped usermode window
kayfabe-isolate: DOORBELL-STORE #86 host_token=0x00000003 ★★★ WROTE — the store instruction executed
kayfabe-isolate: DOORBELL-STORE #87 host_token=0x00000003 runlist=0 chid=3 → storing 32 bits at USERMODE_NOTIFY_CHANNEL_PENDING=0x90 in the mapped usermode window
kayfabe-isolate: DOORBELL-STORE #87 host_token=0x00000003 ★★★ WROTE — the store instruction executed
kayfabe-isolate: DOORBELL-STORE #88 host_token=0x00000003 runlist=0 chid=3 → storing 32 bits at USERMODE_NOTIFY_CHANNEL_PENDING=0x90 in the mapped usermode window
kayfabe-isolate: DOORBELL-STORE #88 host_token=0x00000003 ★★★ WROTE — the store instruction executed
kayfabe-isolate: DOORBELL-STORE #89 host_token=0x00000003 runlist=0 chid=3 → storing 32 bits at USERMODE_NOTIFY_CHANNEL_PENDING=0x90 in the mapped usermode window
kayfabe-isolate: DOORBELL-STORE #89 host_token=0x00000003 ★★★ WROTE — the store instruction executed
kayfabe-isolate: DOORBELL-STORE #90 host_token=0x00000003 runlist=0 chid=3 → storing 32 bits at USERMODE_NOTIFY_CHANNEL_PENDING=0x90 in the mapped usermode window
kayfabe-isolate: DOORBELL-STORE #90 host_token=0x00000003 ★★★ WROTE — the store instruction executed
kayfabe-isolate: DOORBELL-STORE #91 host_token=0x00000003 runlist=0 chid=3 → storing 32 bits at USERMODE_NOTIFY_CHANNEL_PENDING=0x90 in the mapped usermode window
kayfabe-isolate: DOORBELL-STORE #91 host_token=0x00000003 ★★★ WROTE — the store instruction executed
kayfabe-isolate: DOORBELL-STORE #92 host_token=0x00000003 runlist=0 chid=3 → storing 32 bits at USERMODE_NOTIFY_CHANNEL_PENDING=0x90 in the mapped usermode window
kayfabe-isolate: DOORBELL-STORE #92 host_token=0x00000003 ★★★ WROTE — the store instruction executed
kayfabe-isolate: DOORBELL-STORE #93 host_token=0x00000003 runlist=0 chid=3 → storing 32 bits at USERMODE_NOTIFY_CHANNEL_PENDING=0x90 in the mapped usermode window
kayfabe-isolate: DOORBELL-STORE #93 host_token=0x00000003 ★★★ WROTE — the store instruction executed
kayfabe-isolate: DOORBELL-STORE #94 host_token=0x00000003 runlist=0 chid=3 → storing 32 bits at USERMODE_NOTIFY_CHANNEL_PENDING=0x90 in the mapped usermode window
kayfabe-isolate: DOORBELL-STORE #94 host_token=0x00000003 ★★★ WROTE — the store instruction executed
kayfabe-isolate: DOORBELL-STORE #95 host_token=0x00000003 runlist=0 chid=3 → storing 32 bits at USERMODE_NOTIFY_CHANNEL_PENDING=0x90 in the mapped usermode window
kayfabe-isolate: DOORBELL-STORE #95 host_token=0x00000003 ★★★ WROTE — the store instruction executed
kayfabe-isolate: DOORBELL-STORE #96 host_token=0x00000003 runlist=0 chid=3 → storing 32 bits at USERMODE_NOTIFY_CHANNEL_PENDING=0x90 in the mapped usermode window
kayfabe-isolate: DOORBELL-STORE #96 host_token=0x00000003 ★★★ WROTE — the store instruction executed
kayfabe-isolate: DOORBELL-STORE #97 host_token=0x00000003 runlist=0 chid=3 → storing 32 bits at USERMODE_NOTIFY_CHANNEL_PENDING=0x90 in the mapped usermode window
kayfabe-isolate: DOORBELL-STORE #97 host_token=0x00000003 ★★★ WROTE — the store instruction executed
kayfabe-isolate: DOORBELL-STORE #98 host_token=0x00000003 runlist=0 chid=3 → storing 32 bits at USERMODE_NOTIFY_CHANNEL_PENDING=0x90 in the mapped usermode window
kayfabe-isolate: DOORBELL-STORE #98 host_token=0x00000003 ★★★ WROTE — the store instruction executed
kayfabe-isolate: DOORBELL-STORE #99 host_token=0x00000003 runlist=0 chid=3 → storing 32 bits at USERMODE_NOTIFY_CHANNEL_PENDING=0x90 in the mapped usermode window
kayfabe-isolate: DOORBELL-STORE #99 host_token=0x00000003 ★★★ WROTE — the store instruction executed
kayfabe-isolate: DOORBELL-STORE #100 host_token=0x00000003 runlist=0 chid=3 → storing 32 bits at USERMODE_NOTIFY_CHANNEL_PENDING=0x90 in the mapped usermode window
kayfabe-isolate: DOORBELL-STORE #100 host_token=0x00000003 ★★★ WROTE — the store instruction executed
kayfabe-isolate: DOORBELL-STORE #101 host_token=0x00000003 runlist=0 chid=3 → storing 32 bits at USERMODE_NOTIFY_CHANNEL_PENDING=0x90 in the mapped usermode window
kayfabe-isolate: DOORBELL-STORE #101 host_token=0x00000003 ★★★ WROTE — the store instruction executed
kayfabe-isolate: DOORBELL-STORE #102 host_token=0x00000003 runlist=0 chid=3 → storing 32 bits at USERMODE_NOTIFY_CHANNEL_PENDING=0x90 in the mapped usermode window
kayfabe-isolate: DOORBELL-STORE #102 host_token=0x00000003 ★★★ WROTE — the store instruction executed
kayfabe-isolate: DOORBELL-STORE #103 host_token=0x00000003 runlist=0 chid=3 → storing 32 bits at USERMODE_NOTIFY_CHANNEL_PENDING=0x90 in the mapped usermode window
kayfabe-isolate: DOORBELL-STORE #103 host_token=0x00000003 ★★★ WROTE — the store instruction executed
kayfabe-isolate: DOORBELL-STORE #104 host_token=0x00000003 runlist=0 chid=3 → storing 32 bits at USERMODE_NOTIFY_CHANNEL_PENDING=0x90 in the mapped usermode window
kayfabe-isolate: DOORBELL-STORE #104 host_token=0x00000003 ★★★ WROTE — the store instruction executed
kayfabe-isolate: DOORBELL-STORE #105 host_token=0x00000003 runlist=0 chid=3 → storing 32 bits at USERMODE_NOTIFY_CHANNEL_PENDING=0x90 in the mapped usermode window
kayfabe-isolate: DOORBELL-STORE #105 host_token=0x00000003 ★★★ WROTE — the store instruction executed
kayfabe-isolate: DOORBELL-STORE #106 host_token=0x00000003 runlist=0 chid=3 → storing 32 bits at USERMODE_NOTIFY_CHANNEL_PENDING=0x90 in the mapped usermode window
kayfabe-isolate: DOORBELL-STORE #106 host_token=0x00000003 ★★★ WROTE — the store instruction executed
kayfabe-isolate: DOORBELL-STORE #107 host_token=0x00000003 runlist=0 chid=3 → storing 32 bits at USERMODE_NOTIFY_CHANNEL_PENDING=0x90 in the mapped usermode window
kayfabe-isolate: DOORBELL-STORE #107 host_token=0x00000003 ★★★ WROTE — the store instruction executed
kayfabe-isolate: DOORBELL-STORE #108 host_token=0x00000003 runlist=0 chid=3 → storing 32 bits at USERMODE_NOTIFY_CHANNEL_PENDING=0x90 in the mapped usermode window
kayfabe-isolate: DOORBELL-STORE #108 host_token=0x00000003 ★★★ WROTE — the store instruction executed
kayfabe-isolate: DOORBELL-STORE #109 host_token=0x00000003 runlist=0 chid=3 → storing 32 bits at USERMODE_NOTIFY_CHANNEL_PENDING=0x90 in the mapped usermode window
kayfabe-isolate: DOORBELL-STORE #109 host_token=0x00000003 ★★★ WROTE — the store instruction executed
kayfabe-isolate: DOORBELL-STORE #110 host_token=0x00000003 runlist=0 chid=3 → storing 32 bits at USERMODE_NOTIFY_CHANNEL_PENDING=0x90 in the mapped usermode window
kayfabe-isolate: DOORBELL-STORE #110 host_token=0x00000003 ★★★ WROTE — the store instruction executed
kayfabe-isolate: DOORBELL-STORE #111 host_token=0x00000003 runlist=0 chid=3 → storing 32 bits at USERMODE_NOTIFY_CHANNEL_PENDING=0x90 in the mapped usermode window
kayfabe-isolate: DOORBELL-STORE #111 host_token=0x00000003 ★★★ WROTE — the store instruction executed
kayfabe-isolate: DOORBELL-STORE #112 host_token=0x00000003 runlist=0 chid=3 → storing 32 bits at USERMODE_NOTIFY_CHANNEL_PENDING=0x90 in the mapped usermode window
kayfabe-isolate: DOORBELL-STORE #112 host_token=0x00000003 ★★★ WROTE — the store instruction executed
kayfabe-isolate: DOORBELL-STORE #113 host_token=0x00000003 runlist=0 chid=3 → storing 32 bits at USERMODE_NOTIFY_CHANNEL_PENDING=0x90 in the mapped usermode window
kayfabe-isolate: DOORBELL-STORE #113 host_token=0x00000003 ★★★ WROTE — the store instruction executed
kayfabe-isolate: DOORBELL-STORE #114 host_token=0x00000003 runlist=0 chid=3 → storing 32 bits at USERMODE_NOTIFY_CHANNEL_PENDING=0x90 in the mapped usermode window
kayfabe-isolate: DOORBELL-STORE #114 host_token=0x00000003 ★★★ WROTE — the store instruction executed
kayfabe-isolate: DOORBELL-STORE #115 host_token=0x00000003 runlist=0 chid=3 → storing 32 bits at USERMODE_NOTIFY_CHANNEL_PENDING=0x90 in the mapped usermode window
kayfabe-isolate: DOORBELL-STORE #115 host_token=0x00000003 ★★★ WROTE — the store instruction executed
kayfabe-isolate: DOORBELL-STORE #116 host_token=0x00000003 runlist=0 chid=3 → storing 32 bits at USERMODE_NOTIFY_CHANNEL_PENDING=0x90 in the mapped usermode window
kayfabe-isolate: DOORBELL-STORE #116 host_token=0x00000003 ★★★ WROTE — the store instruction executed
kayfabe-isolate: DOORBELL-STORE #117 host_token=0x00000003 runlist=0 chid=3 → storing 32 bits at USERMODE_NOTIFY_CHANNEL_PENDING=0x90 in the mapped usermode window
kayfabe-isolate: DOORBELL-STORE #117 host_token=0x00000003 ★★★ WROTE — the store instruction executed
kayfabe-isolate: DOORBELL-STORE #118 host_token=0x00000003 runlist=0 chid=3 → storing 32 bits at USERMODE_NOTIFY_CHANNEL_PENDING=0x90 in the mapped usermode window
kayfabe-isolate: DOORBELL-STORE #118 host_token=0x00000003 ★★★ WROTE — the store instruction executed
kayfabe-isolate: DOORBELL-STORE #119 host_token=0x00000003 runlist=0 chid=3 → storing 32 bits at USERMODE_NOTIFY_CHANNEL_PENDING=0x90 in the mapped usermode window
kayfabe-isolate: DOORBELL-STORE #119 host_token=0x00000003 ★★★ WROTE — the store instruction executed
kayfabe-isolate: DOORBELL-STORE #120 host_token=0x00000003 runlist=0 chid=3 → storing 32 bits at USERMODE_NOTIFY_CHANNEL_PENDING=0x90 in the mapped usermode window
kayfabe-isolate: DOORBELL-STORE #120 host_token=0x00000003 ★★★ WROTE — the store instruction executed
kayfabe-isolate: DOORBELL-STORE #121 host_token=0x00000003 runlist=0 chid=3 → storing 32 bits at USERMODE_NOTIFY_CHANNEL_PENDING=0x90 in the mapped usermode window
kayfabe-isolate: DOORBELL-STORE #121 host_token=0x00000003 ★★★ WROTE — the store instruction executed
kayfabe-isolate: DOORBELL-STORE #122 host_token=0x00000003 runlist=0 chid=3 → storing 32 bits at USERMODE_NOTIFY_CHANNEL_PENDING=0x90 in the mapped usermode window
kayfabe-isolate: DOORBELL-STORE #122 host_token=0x00000003 ★★★ WROTE — the store instruction executed
kayfabe-isolate: DOORBELL-STORE #123 host_token=0x00000003 runlist=0 chid=3 → storing 32 bits at USERMODE_NOTIFY_CHANNEL_PENDING=0x90 in the mapped usermode window
kayfabe-isolate: DOORBELL-STORE #123 host_token=0x00000003 ★★★ WROTE — the store instruction executed
kayfabe-isolate: DOORBELL-STORE #124 host_token=0x00000003 runlist=0 chid=3 → storing 32 bits at USERMODE_NOTIFY_CHANNEL_PENDING=0x90 in the mapped usermode window
kayfabe-isolate: DOORBELL-STORE #124 host_token=0x00000003 ★★★ WROTE — the store instruction executed
kayfabe-isolate: DOORBELL-STORE #125 host_token=0x00000003 runlist=0 chid=3 → storing 32 bits at USERMODE_NOTIFY_CHANNEL_PENDING=0x90 in the mapped usermode window
kayfabe-isolate: DOORBELL-STORE #125 host_token=0x00000003 ★★★ WROTE — the store instruction executed
kayfabe-isolate: DOORBELL-STORE #126 host_token=0x00000003 runlist=0 chid=3 → storing 32 bits at USERMODE_NOTIFY_CHANNEL_PENDING=0x90 in the mapped usermode window
kayfabe-isolate: DOORBELL-STORE #126 host_token=0x00000003 ★★★ WROTE — the store instruction executed
kayfabe-isolate: DOORBELL-STORE #127 host_token=0x00000003 runlist=0 chid=3 → storing 32 bits at USERMODE_NOTIFY_CHANNEL_PENDING=0x90 in the mapped usermode window
kayfabe-isolate: DOORBELL-STORE #127 host_token=0x00000003 ★★★ WROTE — the store instruction executed
kayfabe-isolate: DOORBELL-STORE #128 host_token=0x00000003 runlist=0 chid=3 → storing 32 bits at USERMODE_NOTIFY_CHANNEL_PENDING=0x90 in the mapped usermode window
kayfabe-isolate: DOORBELL-STORE #128 host_token=0x00000003 ★★★ WROTE — the store instruction executed
kayfabe-isolate: DOORBELL-STORE #129 host_token=0x00000003 runlist=0 chid=3 → storing 32 bits at USERMODE_NOTIFY_CHANNEL_PENDING=0x90 in the mapped usermode window
kayfabe-isolate: DOORBELL-STORE #129 host_token=0x00000003 ★★★ WROTE — the store instruction executed
kayfabe-isolate: DOORBELL-STORE #130 host_token=0x00000003 runlist=0 chid=3 → storing 32 bits at USERMODE_NOTIFY_CHANNEL_PENDING=0x90 in the mapped usermode window
kayfabe-isolate: DOORBELL-STORE #130 host_token=0x00000003 ★★★ WROTE — the store instruction executed
kayfabe-isolate: DOORBELL-STORE #131 host_token=0x00000003 runlist=0 chid=3 → storing 32 bits at USERMODE_NOTIFY_CHANNEL_PENDING=0x90 in the mapped usermode window
kayfabe-isolate: DOORBELL-STORE #131 host_token=0x00000003 ★★★ WROTE — the store instruction executed
kayfabe-isolate: DOORBELL-STORE #132 host_token=0x00000003 runlist=0 chid=3 → storing 32 bits at USERMODE_NOTIFY_CHANNEL_PENDING=0x90 in the mapped usermode window
kayfabe-isolate: DOORBELL-STORE #132 host_token=0x00000003 ★★★ WROTE — the store instruction executed
kayfabe-isolate: DOORBELL-STORE #133 host_token=0x00000003 runlist=0 chid=3 → storing 32 bits at USERMODE_NOTIFY_CHANNEL_PENDING=0x90 in the mapped usermode window
kayfabe-isolate: DOORBELL-STORE #133 host_token=0x00000003 ★★★ WROTE — the store instruction executed
kayfabe-isolate: DOORBELL-STORE #134 host_token=0x00000003 runlist=0 chid=3 → storing 32 bits at USERMODE_NOTIFY_CHANNEL_PENDING=0x90 in the mapped usermode window
kayfabe-isolate: DOORBELL-STORE #134 host_token=0x00000003 ★★★ WROTE — the store instruction executed
kayfabe-isolate: DOORBELL-STORE #135 host_token=0x00000003 runlist=0 chid=3 → storing 32 bits at USERMODE_NOTIFY_CHANNEL_PENDING=0x90 in the mapped usermode window
kayfabe-isolate: DOORBELL-STORE #135 host_token=0x00000003 ★★★ WROTE — the store instruction executed
kayfabe-isolate: DOORBELL-STORE #136 host_token=0x00000003 runlist=0 chid=3 → storing 32 bits at USERMODE_NOTIFY_CHANNEL_PENDING=0x90 in the mapped usermode window
kayfabe-isolate: DOORBELL-STORE #136 host_token=0x00000003 ★★★ WROTE — the store instruction executed
kayfabe-isolate: DOORBELL-STORE #137 host_token=0x00000003 runlist=0 chid=3 → storing 32 bits at USERMODE_NOTIFY_CHANNEL_PENDING=0x90 in the mapped usermode window
kayfabe-isolate: DOORBELL-STORE #137 host_token=0x00000003 ★★★ WROTE — the store instruction executed
kayfabe-isolate: DOORBELL-STORE #138 host_token=0x00000003 runlist=0 chid=3 → storing 32 bits at USERMODE_NOTIFY_CHANNEL_PENDING=0x90 in the mapped usermode window
kayfabe-isolate: DOORBELL-STORE #138 host_token=0x00000003 ★★★ WROTE — the store instruction executed
kayfabe-isolate: DOORBELL-STORE #139 host_token=0x00000003 runlist=0 chid=3 → storing 32 bits at USERMODE_NOTIFY_CHANNEL_PENDING=0x90 in the mapped usermode window
kayfabe-isolate: DOORBELL-STORE #139 host_token=0x00000003 ★★★ WROTE — the store instruction executed
kayfabe-isolate: DOORBELL-STORE #140 host_token=0x00000003 runlist=0 chid=3 → storing 32 bits at USERMODE_NOTIFY_CHANNEL_PENDING=0x90 in the mapped usermode window
kayfabe-isolate: DOORBELL-STORE #140 host_token=0x00000003 ★★★ WROTE — the store instruction executed
kayfabe-isolate: DOORBELL-STORE #141 host_token=0x00000003 runlist=0 chid=3 → storing 32 bits at USERMODE_NOTIFY_CHANNEL_PENDING=0x90 in the mapped usermode window
kayfabe-isolate: DOORBELL-STORE #141 host_token=0x00000003 ★★★ WROTE — the store instruction executed
kayfabe-isolate: DOORBELL-STORE #142 host_token=0x00000003 runlist=0 chid=3 → storing 32 bits at USERMODE_NOTIFY_CHANNEL_PENDING=0x90 in the mapped usermode window
kayfabe-isolate: DOORBELL-STORE #142 host_token=0x00000003 ★★★ WROTE — the store instruction executed
kayfabe-isolate: DOORBELL-STORE #143 host_token=0x00000003 runlist=0 chid=3 → storing 32 bits at USERMODE_NOTIFY_CHANNEL_PENDING=0x90 in the mapped usermode window
kayfabe-isolate: DOORBELL-STORE #143 host_token=0x00000003 ★★★ WROTE — the store instruction executed
kayfabe-isolate: DOORBELL-STORE #144 host_token=0x00000003 runlist=0 chid=3 → storing 32 bits at USERMODE_NOTIFY_CHANNEL_PENDING=0x90 in the mapped usermode window
kayfabe-isolate: DOORBELL-STORE #144 host_token=0x00000003 ★★★ WROTE — the store instruction executed
kayfabe-isolate: DOORBELL-STORE #145 host_token=0x00000003 runlist=0 chid=3 → storing 32 bits at USERMODE_NOTIFY_CHANNEL_PENDING=0x90 in the mapped usermode window
kayfabe-isolate: DOORBELL-STORE #145 host_token=0x00000003 ★★★ WROTE — the store instruction executed
kayfabe-isolate: DOORBELL-STORE #146 host_token=0x00000003 runlist=0 chid=3 → storing 32 bits at USERMODE_NOTIFY_CHANNEL_PENDING=0x90 in the mapped usermode window
kayfabe-isolate: DOORBELL-STORE #146 host_token=0x00000003 ★★★ WROTE — the store instruction executed
kayfabe-isolate: DOORBELL-STORE #147 host_token=0x00000003 runlist=0 chid=3 → storing 32 bits at USERMODE_NOTIFY_CHANNEL_PENDING=0x90 in the mapped usermode window
kayfabe-isolate: DOORBELL-STORE #147 host_token=0x00000003 ★★★ WROTE — the store instruction executed
kayfabe-isolate: DOORBELL-STORE #148 host_token=0x00000003 runlist=0 chid=3 → storing 32 bits at USERMODE_NOTIFY_CHANNEL_PENDING=0x90 in the mapped usermode window
kayfabe-isolate: DOORBELL-STORE #148 host_token=0x00000003 ★★★ WROTE — the store instruction executed
kayfabe-isolate: DOORBELL-STORE #149 host_token=0x00000003 runlist=0 chid=3 → storing 32 bits at USERMODE_NOTIFY_CHANNEL_PENDING=0x90 in the mapped usermode window
kayfabe-isolate: DOORBELL-STORE #149 host_token=0x00000003 ★★★ WROTE — the store instruction executed
kayfabe-isolate: DOORBELL-STORE #150 host_token=0x00000003 runlist=0 chid=3 → storing 32 bits at USERMODE_NOTIFY_CHANNEL_PENDING=0x90 in the mapped usermode window
kayfabe-isolate: DOORBELL-STORE #150 host_token=0x00000003 ★★★ WROTE — the store instruction executed
kayfabe-isolate: DOORBELL-STORE #151 host_token=0x00000003 runlist=0 chid=3 → storing 32 bits at USERMODE_NOTIFY_CHANNEL_PENDING=0x90 in the mapped usermode window
kayfabe-isolate: DOORBELL-STORE #151 host_token=0x00000003 ★★★ WROTE — the store instruction executed
kayfabe-isolate: DOORBELL-STORE #152 host_token=0x00000003 runlist=0 chid=3 → storing 32 bits at USERMODE_NOTIFY_CHANNEL_PENDING=0x90 in the mapped usermode window
kayfabe-isolate: DOORBELL-STORE #152 host_token=0x00000003 ★★★ WROTE — the store instruction executed
kayfabe-isolate: DOORBELL-STORE #153 host_token=0x00000003 runlist=0 chid=3 → storing 32 bits at USERMODE_NOTIFY_CHANNEL_PENDING=0x90 in the mapped usermode window
kayfabe-isolate: DOORBELL-STORE #153 host_token=0x00000003 ★★★ WROTE — the store instruction executed
kayfabe-isolate: DOORBELL-STORE #154 host_token=0x00000003 runlist=0 chid=3 → storing 32 bits at USERMODE_NOTIFY_CHANNEL_PENDING=0x90 in the mapped usermode window
kayfabe-isolate: DOORBELL-STORE #154 host_token=0x00000003 ★★★ WROTE — the store instruction executed
kayfabe-isolate: DOORBELL-STORE #155 host_token=0x00000003 runlist=0 chid=3 → storing 32 bits at USERMODE_NOTIFY_CHANNEL_PENDING=0x90 in the mapped usermode window
kayfabe-isolate: DOORBELL-STORE #155 host_token=0x00000003 ★★★ WROTE — the store instruction executed
kayfabe-isolate: DOORBELL-STORE #156 host_token=0x00000003 runlist=0 chid=3 → storing 32 bits at USERMODE_NOTIFY_CHANNEL_PENDING=0x90 in the mapped usermode window
kayfabe-isolate: DOORBELL-STORE #156 host_token=0x00000003 ★★★ WROTE — the store instruction executed
kayfabe-isolate: DOORBELL-STORE #157 host_token=0x00000003 runlist=0 chid=3 → storing 32 bits at USERMODE_NOTIFY_CHANNEL_PENDING=0x90 in the mapped usermode window
kayfabe-isolate: DOORBELL-STORE #157 host_token=0x00000003 ★★★ WROTE — the store instruction executed
kayfabe-isolate: DOORBELL-STORE #158 host_token=0x00000003 runlist=0 chid=3 → storing 32 bits at USERMODE_NOTIFY_CHANNEL_PENDING=0x90 in the mapped usermode window
kayfabe-isolate: DOORBELL-STORE #158 host_token=0x00000003 ★★★ WROTE — the store instruction executed
kayfabe-isolate: DOORBELL-STORE #159 host_token=0x00000003 runlist=0 chid=3 → storing 32 bits at USERMODE_NOTIFY_CHANNEL_PENDING=0x90 in the mapped usermode window
kayfabe-isolate: DOORBELL-STORE #159 host_token=0x00000003 ★★★ WROTE — the store instruction executed
kayfabe-isolate: DOORBELL-STORE #160 host_token=0x00000003 runlist=0 chid=3 → storing 32 bits at USERMODE_NOTIFY_CHANNEL_PENDING=0x90 in the mapped usermode window
kayfabe-isolate: DOORBELL-STORE #160 host_token=0x00000003 ★★★ WROTE — the store instruction executed
kayfabe-isolate: DOORBELL-STORE #161 host_token=0x00000003 runlist=0 chid=3 → storing 32 bits at USERMODE_NOTIFY_CHANNEL_PENDING=0x90 in the mapped usermode window
kayfabe-isolate: DOORBELL-STORE #161 host_token=0x00000003 ★★★ WROTE — the store instruction executed
kayfabe-isolate: DOORBELL-STORE #162 host_token=0x00000003 runlist=0 chid=3 → storing 32 bits at USERMODE_NOTIFY_CHANNEL_PENDING=0x90 in the mapped usermode window
kayfabe-isolate: DOORBELL-STORE #162 host_token=0x00000003 ★★★ WROTE — the store instruction executed
kayfabe-isolate: DOORBELL-STORE #163 host_token=0x00000003 runlist=0 chid=3 → storing 32 bits at USERMODE_NOTIFY_CHANNEL_PENDING=0x90 in the mapped usermode window
kayfabe-isolate: DOORBELL-STORE #163 host_token=0x00000003 ★★★ WROTE — the store instruction executed
kayfabe-isolate: DOORBELL-STORE #164 host_token=0x00000003 runlist=0 chid=3 → storing 32 bits at USERMODE_NOTIFY_CHANNEL_PENDING=0x90 in the mapped usermode window
kayfabe-isolate: DOORBELL-STORE #164 host_token=0x00000003 ★★★ WROTE — the store instruction executed
kayfabe-isolate: DOORBELL-STORE #165 host_token=0x00000003 runlist=0 chid=3 → storing 32 bits at USERMODE_NOTIFY_CHANNEL_PENDING=0x90 in the mapped usermode window
kayfabe-isolate: DOORBELL-STORE #165 host_token=0x00000003 ★★★ WROTE — the store instruction executed
kayfabe-isolate: DOORBELL-STORE #166 host_token=0x00000003 runlist=0 chid=3 → storing 32 bits at USERMODE_NOTIFY_CHANNEL_PENDING=0x90 in the mapped usermode window
kayfabe-isolate: DOORBELL-STORE #166 host_token=0x00000003 ★★★ WROTE — the store instruction executed
kayfabe-isolate: DOORBELL-STORE #167 host_token=0x00000003 runlist=0 chid=3 → storing 32 bits at USERMODE_NOTIFY_CHANNEL_PENDING=0x90 in the mapped usermode window
kayfabe-isolate: DOORBELL-STORE #167 host_token=0x00000003 ★★★ WROTE — the store instruction executed
kayfabe-isolate: DOORBELL-STORE #168 host_token=0x00000003 runlist=0 chid=3 → storing 32 bits at USERMODE_NOTIFY_CHANNEL_PENDING=0x90 in the mapped usermode window
kayfabe-isolate: DOORBELL-STORE #168 host_token=0x00000003 ★★★ WROTE — the store instruction executed
kayfabe-isolate: DOORBELL-STORE #169 host_token=0x00000003 runlist=0 chid=3 → storing 32 bits at USERMODE_NOTIFY_CHANNEL_PENDING=0x90 in the mapped usermode window
kayfabe-isolate: DOORBELL-STORE #169 host_token=0x00000003 ★★★ WROTE — the store instruction executed
kayfabe-isolate: DOORBELL-STORE #170 host_token=0x00000003 runlist=0 chid=3 → storing 32 bits at USERMODE_NOTIFY_CHANNEL_PENDING=0x90 in the mapped usermode window
kayfabe-isolate: DOORBELL-STORE #170 host_token=0x00000003 ★★★ WROTE — the store instruction executed
kayfabe-isolate: DOORBELL-STORE #171 host_token=0x00000003 runlist=0 chid=3 → storing 32 bits at USERMODE_NOTIFY_CHANNEL_PENDING=0x90 in the mapped usermode window
kayfabe-isolate: DOORBELL-STORE #171 host_token=0x00000003 ★★★ WROTE — the store instruction executed
kayfabe-isolate: DOORBELL-STORE #172 host_token=0x00000003 runlist=0 chid=3 → storing 32 bits at USERMODE_NOTIFY_CHANNEL_PENDING=0x90 in the mapped usermode window
kayfabe-isolate: DOORBELL-STORE #172 host_token=0x00000003 ★★★ WROTE — the store instruction executed
kayfabe-isolate: DOORBELL-STORE #173 host_token=0x00000003 runlist=0 chid=3 → storing 32 bits at USERMODE_NOTIFY_CHANNEL_PENDING=0x90 in the mapped usermode window
kayfabe-isolate: DOORBELL-STORE #173 host_token=0x00000003 ★★★ WROTE — the store instruction executed
kayfabe-isolate: DOORBELL-STORE #174 host_token=0x00000003 runlist=0 chid=3 → storing 32 bits at USERMODE_NOTIFY_CHANNEL_PENDING=0x90 in the mapped usermode window
kayfabe-isolate: DOORBELL-STORE #174 host_token=0x00000003 ★★★ WROTE — the store instruction executed
kayfabe-isolate: DOORBELL-STORE #175 host_token=0x00000003 runlist=0 chid=3 → storing 32 bits at USERMODE_NOTIFY_CHANNEL_PENDING=0x90 in the mapped usermode window
kayfabe-isolate: DOORBELL-STORE #175 host_token=0x00000003 ★★★ WROTE — the store instruction executed
kayfabe-isolate: DOORBELL-STORE #176 host_token=0x00000003 runlist=0 chid=3 → storing 32 bits at USERMODE_NOTIFY_CHANNEL_PENDING=0x90 in the mapped usermode window
kayfabe-isolate: DOORBELL-STORE #176 host_token=0x00000003 ★★★ WROTE — the store instruction executed
kayfabe-isolate: DOORBELL-STORE #177 host_token=0x00000003 runlist=0 chid=3 → storing 32 bits at USERMODE_NOTIFY_CHANNEL_PENDING=0x90 in the mapped usermode window
kayfabe-isolate: DOORBELL-STORE #177 host_token=0x00000003 ★★★ WROTE — the store instruction executed
kayfabe-isolate: DOORBELL-STORE #178 host_token=0x00000003 runlist=0 chid=3 → storing 32 bits at USERMODE_NOTIFY_CHANNEL_PENDING=0x90 in the mapped usermode window
kayfabe-isolate: DOORBELL-STORE #178 host_token=0x00000003 ★★★ WROTE — the store instruction executed
kayfabe-isolate: DOORBELL-STORE #179 host_token=0x00000003 runlist=0 chid=3 → storing 32 bits at USERMODE_NOTIFY_CHANNEL_PENDING=0x90 in the mapped usermode window
kayfabe-isolate: DOORBELL-STORE #179 host_token=0x00000003 ★★★ WROTE — the store instruction executed
kayfabe-isolate: DOORBELL-STORE #180 host_token=0x00000003 runlist=0 chid=3 → storing 32 bits at USERMODE_NOTIFY_CHANNEL_PENDING=0x90 in the mapped usermode window
kayfabe-isolate: DOORBELL-STORE #180 host_token=0x00000003 ★★★ WROTE — the store instruction executed
kayfabe-isolate: DOORBELL-STORE #181 host_token=0x00000003 runlist=0 chid=3 → storing 32 bits at USERMODE_NOTIFY_CHANNEL_PENDING=0x90 in the mapped usermode window
kayfabe-isolate: DOORBELL-STORE #181 host_token=0x00000003 ★★★ WROTE — the store instruction executed
kayfabe-isolate: DOORBELL-STORE #182 host_token=0x00000003 runlist=0 chid=3 → storing 32 bits at USERMODE_NOTIFY_CHANNEL_PENDING=0x90 in the mapped usermode window
kayfabe-isolate: DOORBELL-STORE #182 host_token=0x00000003 ★★★ WROTE — the store instruction executed
kayfabe-isolate: DOORBELL-STORE #183 host_token=0x00000003 runlist=0 chid=3 → storing 32 bits at USERMODE_NOTIFY_CHANNEL_PENDING=0x90 in the mapped usermode window
kayfabe-isolate: DOORBELL-STORE #183 host_token=0x00000003 ★★★ WROTE — the store instruction executed
kayfabe-isolate: DOORBELL-STORE #184 host_token=0x00000003 runlist=0 chid=3 → storing 32 bits at USERMODE_NOTIFY_CHANNEL_PENDING=0x90 in the mapped usermode window
kayfabe-isolate: DOORBELL-STORE #184 host_token=0x00000003 ★★★ WROTE — the store instruction executed
kayfabe-isolate: DOORBELL-STORE #185 host_token=0x00000003 runlist=0 chid=3 → storing 32 bits at USERMODE_NOTIFY_CHANNEL_PENDING=0x90 in the mapped usermode window
kayfabe-isolate: DOORBELL-STORE #185 host_token=0x00000003 ★★★ WROTE — the store instruction executed
kayfabe-isolate: DOORBELL-STORE #186 host_token=0x00000003 runlist=0 chid=3 → storing 32 bits at USERMODE_NOTIFY_CHANNEL_PENDING=0x90 in the mapped usermode window
kayfabe-isolate: DOORBELL-STORE #186 host_token=0x00000003 ★★★ WROTE — the store instruction executed
info  R5 census           = cycles 48/48  releases 186/186  placements exact 48/48  VAs recovered 44/44  stale reads 0
★     R5 STRESS CLEAN     = 186 releases over 48 interleaved cycles, every placement exact, every freed VA recovered, no stale read. ⊘ Single-client only — cross-client leakage is NOT covered here
RUNGCTL_map_stress=PASS
RUNG_map_stress=PASS
done — w379/w381 mapping-plane rungs only
[    2.708779] NVRM: nvCheckOkFailedNoLog: Check failed: Call not supported [NV_ERR_NOT_SUPPORTED] (0x00000056) returned from pRmApi->Control(pRmApi, pGpu->hInternalClient, pGpu->hInternalSubdevice, NV2080_CTRL_CMD_INTERNAL_INIT_USER_SHARED_DATA, &params, sizeof(params)) @ gpu_user_shared_data.c:248
FASTGUEST: client rc=0 at 2.69s
FASTGUEST: DONE
