[    0.387852] amd_pstate: The CPPC feature is supported but currently disabled by the BIOS.
[    0.387852] Please enable it if your BIOS has the CPPC option.
[    0.388040] amd_pstate: the _CPC object is not present in SBIOS or ACPI disabled
[    0.389364] Key type dns_resolver registered
[    0.395846] Loading compiled-in X.509 certificates
[    0.396333] Loaded X.509 cert 'Build time autogenerated kernel key: 01b4e64ff4f6339fc0a8988bffba455bf880659a'
[    0.396705] Loaded X.509 cert 'Canonical Ltd. Live Patch Signing 2025 Kmod: d541cef61dc7e793b7eb7e899970a2eef0b5dc8c'
[    0.397057] Loaded X.509 cert 'Canonical Ltd. Live Patch Signing: 14df34d1a87cf37625abec039ef2bf521249b969'
[    0.397383] Loaded X.509 cert 'Canonical Ltd. Kernel Module Signing 2025 Kmod: 4627603d2357a2a3f81006370894c221175893e9'
[    0.397726] Loaded X.509 cert 'Canonical Ltd. Kernel Module Signing: 88f752e560a1e0737e31163a466ad7b70a850c19'
[    0.397826] blacklist: Loading compiled-in revocation X.509 certificates
[    0.397901] Loaded X.509 cert 'Canonical Ltd. Secure Boot Signing: 61482aa2830d0ab2ad5af10b7250da9033ddcef0'
[    0.398002] Loaded X.509 cert 'Canonical Ltd. Secure Boot Signing (2017): 242ade75ac4a15e50d50c84b0d45ff3eae707a03'
[    0.398094] Loaded X.509 cert 'Canonical Ltd. Secure Boot Signing (ESM 2018): 365188c1d374d6b07c3c8f240f8ef722433d6a8b'
[    0.398197] Loaded X.509 cert 'Canonical Ltd. Secure Boot Signing (2019): c0746fd6c5da3ae827864651ad66ae47fe24b3e8'
[    0.398299] Loaded X.509 cert 'Canonical Ltd. Secure Boot Signing (2021 v1): a8d54bbb3825cfb94fa13c9f8a594a195c107b8d'
[    0.398400] Loaded X.509 cert 'Canonical Ltd. Secure Boot Signing (2021 v2): 4cf046892d6fd3c9a5b03f98d845f90851dc6a8c'
[    0.398512] Loaded X.509 cert 'Canonical Ltd. Secure Boot Signing (2021 v3): 100437bb6de6e469b581e61cd66bce3ef4ed53af'
[    0.398611] Loaded X.509 cert 'Canonical Ltd. Secure Boot Signing (Ubuntu Core 2019): c1d57b8f6b743f23ee41f4f7ee292f06eecadfb9'
[    0.404667] Key type .fscrypt registered
[    0.404715] Key type fscrypt-provisioning registered
[    0.404811] Key type big_key registered
[    1.515048] Key type encrypted registered
[    1.515163] Loading compiled-in module X.509 certificates
[    1.515709] Loaded X.509 cert 'Build time autogenerated kernel key: 01b4e64ff4f6339fc0a8988bffba455bf880659a'
FASTGUEST: up 1.53s
FASTGUEST: switch_root prepared in 0.3s
FASTGUEST: up 1.89s
FASTGUEST: root is a real mount (switch_root done) — the isolate sandbox can pivot_root
[    1.963371] nvidia: loading out-of-tree module taints kernel.
[    1.963531] nvidia: module verification failed: signature and/or required key missing - tainting kernel
[    2.008001] 
[    2.011379] NVRM: loading NVIDIA UNIX Open Kernel Module for x86_64  595.91.07  Release Build  (dvs-builder@U22-I3-B08-02-2)  Wed Jul 29 03:01:16 UTC 2026
FASTGUEST: insmod nvidia.ko ok
FASTGUEST: insmod nvidia-uvm.ko ok
FASTGUEST: insmod wmi.ko ok
FASTGUEST: insmod video.ko ok
FASTGUEST: insmod nvidia-modeset.ko ok
FASTGUEST: nodes /dev/nvidia-caps/nvidia-cap1 /dev/nvidia-uvm /dev/nvidia-uvm-tools /dev/nvidia0 /dev/nvidiactl  /dev/nvidia-caps: nvidia-cap1 
FASTGUEST: ready 2.03s
FASTGUEST: arms --late-map-race --probe-launch-dma  deadline 175s (budget 180s, 2s already spent booting)
info  RMLADDER DEADLINE = armed (KF_SELF_DEADLINE_MS)
info  RMLADDER ARGV     = [--gpu 0 --late-map-race --probe-launch-dma]
[    2.143710] NVRM: GPU0 nvAssertOkFailedNoLog: Assertion failed: Call not supported [NV_ERR_NOT_SUPPORTED] (0x00000056) returned from pRmApi->Control(pRmApi, pGpu->hInternalClient, pGpu->hInternalSubdevice, NV2080_CTRL_CMD_INTERNAL_INIT_USER_SHARED_DATA, &params, sizeof(params)) @ gpu_user_shared_data.c:297
[    2.143956] NVRM: GPU0 nvAssertOkFailedNoLog: Assertion failed: Call not supported [NV_ERR_NOT_SUPPORTED] (0x00000056) returned from pRmApi->Control(pRmApi, pGpu->hInternalClient, pGpu->hInternalSubdevice, NV2080_CTRL_CMD_INTERNAL_USER_SHARED_DATA_SET_DATA_POLL, &params, sizeof(params)) @ gpu_user_shared_data.c:362
[    2.159757] NVRM: GPU0 kperfGpuBoostSyncStateInit_IMPL: Failed to read Sync Gpu Boost init state, status=0x56
[    2.160563] NVRM: GPU0 kperfGpuBoostSyncStateInit_IMPL: Failed to read Sync Gpu Boost init state, status=0x56
[    2.160736] NVRM: GPU0 nvAssertOkFailedNoLog: Assertion failed: Call not supported [NV_ERR_NOT_SUPPORTED] (0x00000056) returned from pRmApi->Control(pRmApi, pGpu->hInternalClient, pGpu->hInternalSubdevice, NV2080_CTRL_CMD_INTERNAL_CE_GET_PCE_CONFIG_FOR_LCE_TYPE, &pceConfigParams, sizeof(pceConfigParams)) @ kernel_ce.c:1086
[    2.160983] NVRM: GPU0 nvAssertOkFailedNoLog: Assertion failed: Call not supported [NV_ERR_NOT_SUPPORTED] (0x00000056) returned from kceGetPceConfigForLceType(pGpu, pKCe, NV2080_CTRL_CE_LCE_TYPE_DECOMP, &numPcesPerLce, &numLces, &supportedPceMask, &supportedLceMask, &pcesPerHshub) @ kernel_ce_gp100.c:62
[    2.377475] NVRM: GPU0 nvCheckOkFailedNoLog: Check failed: Call not supported [NV_ERR_NOT_SUPPORTED] (0x00000056) returned from kgrobjPromoteContext(pGpu, pKernelGraphicsObject, pKernelGraphics) @ kernel_graphics_object.c:224
[    2.377854] NVRM: GPU0 nvAssertOkFailedNoLog: Assertion failed: Call not supported [NV_ERR_NOT_SUPPORTED] (0x00000056) returned from pRmApi->AllocWithHandle(pRmApi, hClientId, KGRAPHICS_CHANNEL_HANDLE_CHANNELID, KGRAPHICS_CHANNEL_HANDLE_3DOBJ, classNum, NULL, 0) @ kernel_graphics.c:2549
[    2.378995] NVRM: GPU0 vaListDestroy: non-zero mapCount(pVaList): 0x1
[    2.379141] NVRM: GPU0 vaListDestroy: non-zero mapCount(pVaList): 0x1
[    2.379282] NVRM: GPU0 vaListDestroy: non-zero mapCount(pVaList): 0x1
[    2.379388] NVRM: GPU0 vaListDestroy: non-zero mapCount(pVaList): 0x1
[    2.382071] NVRM: GPU0 nvCheckOkFailedNoLog: Check failed: Call not supported [NV_ERR_NOT_SUPPORTED] (0x00000056) returned from kgraphicsCreateGoldenImageChannel(pGpu, pKernelGraphics) @ kernel_graphics.c:513
[    2.382315] NVRM: GPU0 nvAssertFailedNoLog: Assertion failed: 0 @ kernel_fifo.c:3110
[    2.388371] NVRM: GPU0 rpcRmApiAlloc_GSP: GspRmAlloc failed: hClient=0xc1e00009; hParent=0x31415903; hObject=0x31415900; hClass=0x0000c36f; paramsSize=0x00000170; paramsStatus=0x00000056; status=0x00000056
[    2.388587] NVRM: GPU0 nvAssertOkFailedNoLog: Assertion failed: Call not supported [NV_ERR_NOT_SUPPORTED] (0x00000056) returned from status @ kernel_channel.c:2769
[    2.388763] NVRM: GPU0 nvAssertOkFailedNoLog: Assertion failed: Call not supported [NV_ERR_NOT_SUPPORTED] (0x00000056) returned from _kchannelSendChannelAllocRpc(pKernelChannel, pChannelGpfifoParams, pKernelChannelGroup, bFullSriov) @ kernel_channel.c:964
[    2.389841] NVRM: GPU0 rpcRmApiAlloc_GSP: GspRmAlloc failed: hClient=0xc1e0000a; hParent=0xcaf00001; hObject=0xcaf00002; hClass=0x0000402c; paramsSize=0x00000000; paramsStatus=0x00000056; status=0x00000056
ok    R2 version         = "595.91.07"
ok    R4 hClient         = 0xc1d0000b
ok    R6 hSubdevice      = 0xcafe0002
REV_UNDER_TEST=6692e621
info  W377 late-map race  = GPU 0, euid 0 — queue work behind a fence, ring ONCE, then map the memory it will touch
info  W377 the bar        = ARM A (map before the doorbell) must PASS, or ARM B is uninterpretable. ⊘ Neither arm's verdict is the ioctl's return value
info  W377-A map            = BEFORE the doorbell, at 0x0000000541000000
kayfabe-isolate: DOORBELL-STORE #1 host_token=0x00000003 runlist=0 chid=3 → storing 32 bits at USERMODE_NOTIFY_CHANNEL_PENDING=0x90 in the mapped usermode window
kayfabe-isolate: DOORBELL-STORE #1 host_token=0x00000003 ★★★ WROTE — the store instruction executed
ok    W377-A parked         = target still 0xdead0000 (sentinel), GP_GET 1 GP_PUT 1 — the channel is STALLED IN THE ACQUIRE, which is what makes the window below real
info  W377-A outcome      = Landed { gp_get: 1, gp_put: 1 }
ok    W377-A control      = MAGIC landed with the target mapped BEFORE the doorbell — the channel, the fence and the release all work
RACEMAP_ARM_A=PASS
info  W377-B map            = deferred until AFTER the doorbell
kayfabe-isolate: DOORBELL-STORE #2 host_token=0x00000003 runlist=0 chid=3 → storing 32 bits at USERMODE_NOTIFY_CHANNEL_PENDING=0x90 in the mapped usermode window
kayfabe-isolate: DOORBELL-STORE #2 host_token=0x00000003 ★★★ WROTE — the store instruction executed
ok    W377-B parked         = target still 0xdead0000 (sentinel), GP_GET 1 GP_PUT 1 — the channel is STALLED IN THE ACQUIRE, which is what makes the window below real
ok    W377-B late map       = mapped at 0x0000000561000000 AFTER the doorbell, with the channel running. NO further doorbell is sent
info  W377-B outcome      = Landed { gp_get: 1, gp_put: 1 }
★     W377 LATE MAP LANDED = a mapping created AFTER the doorbell, with the channel already running and NO second doorbell, was walked by the engine (GP_GET 1 GP_PUT 1, target 0x1dea0031). ⇒ The driver publishes it, and a doorbell-triggered publisher CANNOT see it
RACEMAP_ARM_B=PASS
done — late-map race only
[    2.862569] NVRM: nvCheckOkFailedNoLog: Check failed: Call not supported [NV_ERR_NOT_SUPPORTED] (0x00000056) returned from pRmApi->Control(pRmApi, pGpu->hInternalClient, pGpu->hInternalSubdevice, NV2080_CTRL_CMD_INTERNAL_INIT_USER_SHARED_DATA, &params, sizeof(params)) @ gpu_user_shared_data.c:248
FASTGUEST: client rc=0 at 2.84s
FASTGUEST: DONE
