=== boot_capture tag=w328c3 at 2026-08-14T22:05:29+00:00 ===
=== source revision: UNKNOWN ===
=== qemu binary: -rwxr-xr-x 1 root root 88266200 Aug 14 22:04 /workspace/bench/qemu-build/qemu-system-x86_64 ===
=== archive rev STAMPED IN THE BINARY: kayfabe-rev: 
=== BUILD_REV.txt says (informational, NOT authoritative): kayfabe-rev:5feac9090bc58129c9906e2222f3934ae313a980
=== helpers (KAYFABE_BENCH_HELPERS=repo) ===
    used: /workspace/kayfabe_w328/scripts/bench/boot_nvkvm.sh  sha256=a1daa5c4c557180f
    used: /workspace/kayfabe_w328/scripts/bench/gssh_nv  sha256=1785ac20cc7af28d
WAS_LOADED
MODPROBE_RC=0
=== nvidia-smi (the device open) ===
Fri Aug 14 22:05:45 2026       
+-----------------------------------------------------------------------------------------+
| NVIDIA-SMI 580.159.04             Driver Version: 580.159.04     CUDA Version: 13.0     |
+-----------------------------------------+------------------------+----------------------+
| GPU  Name                 Persistence-M | Bus-Id          Disp.A | Volatile Uncorr. ECC |
| Fan  Temp   Perf          Pwr:Usage/Cap |           Memory-Usage | GPU-Util  Compute M. |
|                                         |                        |               MIG M. |
|=========================================+========================+======================|
|   0  ERR!                           Off |   00000000:00:03.0 Off |                  N/A |
| N/A   N/A  N/A             N/A  /  N/A  |       0MiB /  12288MiB |     N/A      Default |
|                                         |                        |                  N/A |
+-----------------------------------------+------------------------+----------------------+

+-----------------------------------------------------------------------------------------+
| Processes:                                                                              |
|  GPU   GI   CI              PID   Type   Process name                        GPU Memory |
|        ID   ID                                                               Usage      |
|=========================================================================================|
|  No running processes found                                                             |
+-----------------------------------------------------------------------------------------+
SMI_RC=0
=== /dev nodes (AFTER the open — they are created by it) ===
crw-rw-rw- 1 root root 237,   0 Aug 14 22:05 /dev/nvidia-uvm
crw-rw-rw- 1 root root 237,   1 Aug 14 22:05 /dev/nvidia-uvm-tools
crw-rw-rw- 1 root root 195,   0 Aug 14 22:05 /dev/nvidia0
crw-rw-rw- 1 root root 195, 255 Aug 14 22:05 /dev/nvidiactl

/dev/nvidia-caps:
total 0
drwxr-xr-x  2 root root     80 Aug 14 22:05 .
drwxr-xr-x 18 root root   4000 Aug 14 22:05 ..
cr--------  1 root root 240, 1 Aug 14 22:05 nvidia-cap1
cr--r--r--  1 root root 240, 2 Aug 14 22:05 nvidia-cap2
=== lsmod ===
nvidia_uvm           2166784  0
nvidia              14417920  1 nvidia_uvm
ecc                    45056  1 nvidia
=== POST_CAPTURE_HOOK /workspace/kayfabe_w328/scripts/bench/cup3_hook.sh at 2026-08-14T22:05:50+00:00 ===
=== source (md5 — a run cannot silently be a different copy) ===
    /workspace/kayfabe_w328/scripts/bench/cup3.c                57 lines  md5 3c90b0f5f9b7deedc9d9bea471ee551a
    ★ byte-identical to the C artifact's tests/mode2/cup3.c at vendoring time
      (md5 3c90b0f5f9b7deedc9d9bea471ee551a) — so the two stacks run THE SAME program.

=== ★★★ GUEST PRECONDITION — the PTX JIT (cuModuleLoadData needs it) ===
    /usr/lib/x86_64-linux-gnu/libnvidia-ptxjitcompiler.so
    /usr/lib/x86_64-linux-gnu/libnvidia-ptxjitcompiler.so.1
    /usr/lib/x86_64-linux-gnu/libnvidia-ptxjitcompiler.so.580.159.04
    JIT_PRESENT=yes

=== push + build in the guest ===
GCC_CUP3_RC=0

=== launch cup3 DETACHED under its own 300s timeout ===
    ⊘ NOT comparable to the cup2 baseline of 180s — a different program, a longer bound.
LAUNCHED pid=1704

=== waiting for cup3's terminator (poll 300s + 60s slack) ===
    [~20s] ok   cuDeviceGet(&d,0)
    terminator present after ~40s

=== ★ cup3 FINAL OUTPUT, verbatim ===
    ok   cuInit(0)
    ok   cuDeviceGetCount(&n)
    ok   cuDeviceGet(&d,0)
    ok   cuCtxCreate(&ctx,0,d)
    CTX OK
    ok   cuModuleLoadData(&mod,PTX)
    MODULE OK
    ok   cuModuleGetFunction(&fn,mod,"k")
    FUNC OK
    ok   cuMemAlloc(&d_in,4)
    ok   cuMemAlloc(&d_out,4)
    MEMALLOC in=0x757fe0200000 out=0x757fe0200200
    ok   cuMemcpyHtoD(d_in,&hv,4)
    ok   cuMemsetD32(d_out,0,1)
    ok   cuLaunchKernel(fn, 1,1,1, 1,1,1, 0, 0, args, 0)
    LAUNCH OK
    ok   cuCtxSynchronize()
    SYNC OK
    ok   cuMemcpyDtoH(&rv,d_out,4)
    KERNEL rv=43 want=43 -> PASS
    DONE
CUP3_OUT_BYTES=501

CUP3_RC=0
CUP3_VAL=43
CUP3_KERNEL_LINE=KERNEL rv=43 want=43 -> PASS
CUP3_JIT_PRESENT=yes

=== ★★★★★ THE VALUE LADDER — what this reading MEANS ===
    ★★★★★ 43 — PASS. out = in*3+1 computed on the GPU. UN-FORGEABLE: no copy,
          fill, or forged completion in our stack can produce this number.

=== ★ THE STAGE LADDER — how far it got (the furthest line present wins) ===
    ✔ CTX OK
    ✔ MODULE OK
    ✔ FUNC OK
    ✔ MEMALLOC
    ✔ LAUNCH OK
    ✔ SYNC OK
    ✔ KERNEL rv=
    ✔ DONE
    ⊘ the FIRST ✘ after a run of ✔ is the wall; a ✘ before any ✔ means it never started.
=== ★ the FAIL line, if cup3 named its own failure ===

=== ★ guest dmesg tail (NVRM/Xid land here, not in the serial log) ===
    [   81.281733] NVRM: nvAssertOkFailedNoLog: Assertion failed: Call not supported [NV_ERR_NOT_SUPPORTED] (0x00000056) returned from pRmApi->Control(pRmApi, RES_GET_CLIENT_HANDLE(pKernelChannel), RES_GET_HANDLE(pKernelChannel), NVA06F_CTRL_CMD_STOP_CHANNEL, &stopChannelParams, sizeof(stopChannelParams)) @ nv_gpu_ops.c:10957
    [   81.283619] NVRM: nvAssertOkFailedNoLog: Assertion failed: Call not supported [NV_ERR_NOT_SUPPORTED] (0x00000056) returned from pRmApi->Control(pRmApi, RES_GET_CLIENT_HANDLE(pKernelChannel), RES_GET_HANDLE(pKernelChannel), NVA06F_CTRL_CMD_STOP_CHANNEL, &stopChannelParams, sizeof(stopChannelParams)) @ nv_gpu_ops.c:10957
    [   81.284168] NVRM: nvAssertOkFailedNoLog: Assertion failed: Call not supported [NV_ERR_NOT_SUPPORTED] (0x00000056) returned from pRmApi->Control(pRmApi, retainedChannel->session->handle, retainedChannel->rmSubDevice->subDeviceHandle, NV2080_CTRL_CMD_GPU_EVICT_CTX, &params, sizeof(params)) @ nv_gpu_ops.c:10977
    [   81.286260] NVRM: nvAssertOkFailedNoLog: Assertion failed: Call not supported [NV_ERR_NOT_SUPPORTED] (0x00000056) returned from pRmApi->Control(pRmApi, RES_GET_CLIENT_HANDLE(pKernelChannel), RES_GET_HANDLE(pKernelChannel), NVA06F_CTRL_CMD_STOP_CHANNEL, &stopChannelParams, sizeof(stopChannelParams)) @ nv_gpu_ops.c:10957
    [   81.287050] NVRM: nvAssertOkFailedNoLog: Assertion failed: Call not supported [NV_ERR_NOT_SUPPORTED] (0x00000056) returned from pRmApi->Control(pRmApi, retainedChannel->session->handle, retainedChannel->rmSubDevice->subDeviceHandle, NV2080_CTRL_CMD_GPU_EVICT_CTX, &params, sizeof(params)) @ nv_gpu_ops.c:10977
    [   81.289001] NVRM: nvAssertOkFailedNoLog: Assertion failed: Call not supported [NV_ERR_NOT_SUPPORTED] (0x00000056) returned from pRmApi->Control(pRmApi, RES_GET_CLIENT_HANDLE(pKernelChannel), RES_GET_HANDLE(pKernelChannel), NVA06F_CTRL_CMD_STOP_CHANNEL, &stopChannelParams, sizeof(stopChannelParams)) @ nv_gpu_ops.c:10957
    [   81.289728] NVRM: nvAssertOkFailedNoLog: Assertion failed: Call not supported [NV_ERR_NOT_SUPPORTED] (0x00000056) returned from pRmApi->Control(pRmApi, retainedChannel->session->handle, retainedChannel->rmSubDevice->subDeviceHandle, NV2080_CTRL_CMD_GPU_EVICT_CTX, &params, sizeof(params)) @ nv_gpu_ops.c:10977
    [   81.291611] NVRM: nvAssertOkFailedNoLog: Assertion failed: Call not supported [NV_ERR_NOT_SUPPORTED] (0x00000056) returned from pRmApi->Control(pRmApi, RES_GET_CLIENT_HANDLE(pKernelChannel), RES_GET_HANDLE(pKernelChannel), NVA06F_CTRL_CMD_STOP_CHANNEL, &stopChannelParams, sizeof(stopChannelParams)) @ nv_gpu_ops.c:10957
    [   81.292126] NVRM: nvAssertOkFailedNoLog: Assertion failed: Call not supported [NV_ERR_NOT_SUPPORTED] (0x00000056) returned from pRmApi->Control(pRmApi, retainedChannel->session->handle, retainedChannel->rmSubDevice->subDeviceHandle, NV2080_CTRL_CMD_GPU_EVICT_CTX, &params, sizeof(params)) @ nv_gpu_ops.c:10977
    [   81.294048] NVRM: nvAssertOkFailedNoLog: Assertion failed: Call not supported [NV_ERR_NOT_SUPPORTED] (0x00000056) returned from pRmApi->Control(pRmApi, RES_GET_CLIENT_HANDLE(pKernelChannel), RES_GET_HANDLE(pKernelChannel), NVA06F_CTRL_CMD_STOP_CHANNEL, &stopChannelParams, sizeof(stopChannelParams)) @ nv_gpu_ops.c:10957
    [   81.294748] NVRM: nvAssertOkFailedNoLog: Assertion failed: Call not supported [NV_ERR_NOT_SUPPORTED] (0x00000056) returned from pRmApi->Control(pRmApi, retainedChannel->session->handle, retainedChannel->rmSubDevice->subDeviceHandle, NV2080_CTRL_CMD_GPU_EVICT_CTX, &params, sizeof(params)) @ nv_gpu_ops.c:10977
    [   81.296566] NVRM: nvAssertOkFailedNoLog: Assertion failed: Call not supported [NV_ERR_NOT_SUPPORTED] (0x00000056) returned from pRmApi->Control(pRmApi, RES_GET_CLIENT_HANDLE(pKernelChannel), RES_GET_HANDLE(pKernelChannel), NVA06F_CTRL_CMD_STOP_CHANNEL, &stopChannelParams, sizeof(stopChannelParams)) @ nv_gpu_ops.c:10957
    [   81.297112] NVRM: nvAssertOkFailedNoLog: Assertion failed: Call not supported [NV_ERR_NOT_SUPPORTED] (0x00000056) returned from pRmApi->Control(pRmApi, retainedChannel->session->handle, retainedChannel->rmSubDevice->subDeviceHandle, NV2080_CTRL_CMD_GPU_EVICT_CTX, &params, sizeof(params)) @ nv_gpu_ops.c:10977
    [   81.299063] NVRM: nvAssertOkFailedNoLog: Assertion failed: Call not supported [NV_ERR_NOT_SUPPORTED] (0x00000056) returned from pRmApi->Control(pRmApi, RES_GET_CLIENT_HANDLE(pKernelChannel), RES_GET_HANDLE(pKernelChannel), NVA06F_CTRL_CMD_STOP_CHANNEL, &stopChannelParams, sizeof(stopChannelParams)) @ nv_gpu_ops.c:10957
    [   81.299778] NVRM: nvAssertOkFailedNoLog: Assertion failed: Call not supported [NV_ERR_NOT_SUPPORTED] (0x00000056) returned from pRmApi->Control(pRmApi, retainedChannel->session->handle, retainedChannel->rmSubDevice->subDeviceHandle, NV2080_CTRL_CMD_GPU_EVICT_CTX, &params, sizeof(params)) @ nv_gpu_ops.c:10977
    [   81.301766] NVRM: nvAssertOkFailedNoLog: Assertion failed: Call not supported [NV_ERR_NOT_SUPPORTED] (0x00000056) returned from pRmApi->Control(pRmApi, RES_GET_CLIENT_HANDLE(pKernelChannel), RES_GET_HANDLE(pKernelChannel), NVA06F_CTRL_CMD_STOP_CHANNEL, &stopChannelParams, sizeof(stopChannelParams)) @ nv_gpu_ops.c:10957
    [   81.302354] NVRM: nvAssertOkFailedNoLog: Assertion failed: Call not supported [NV_ERR_NOT_SUPPORTED] (0x00000056) returned from pRmApi->Control(pRmApi, retainedChannel->session->handle, retainedChannel->rmSubDevice->subDeviceHandle, NV2080_CTRL_CMD_GPU_EVICT_CTX, &params, sizeof(params)) @ nv_gpu_ops.c:10977
    [   81.610842] NVRM: kgmmuClientShadowFaultBufferUnregister_IMPL: Unregistering non-replayable fault buffer failed (status=0x00000056), proceeding...
    [   81.612513] NVRM: kgmmuFaultBufferReplayableDestroy_IMPL: Unregistering Replayable Fault buffer failed (status=0x00000056), proceeding...
    [   81.614659] NVRM: uvmTerminateAccessCntrBuffer_IMPL: Unloading UVM Access counters failed (status=0x00000056), proceeding...
    [   81.799131] NVRM: rpcRmApiFree_GSP: GspRmFree failed: hClient=0xc1d0000c; hObject=0x5c000072; paramsStatus=0x00000000; status=0x00000056
    [   81.799144] NVRM: nvAssertFailedNoLog: Assertion failed: (status == NV_OK) || (status == NV_ERR_GPU_IN_FULLCHIP_RESET) @ rs_client.c:844
    [   81.799235] NVRM: nvAssertFailedNoLog: Assertion failed: (status == NV_OK) || (status == NV_ERR_GPU_IN_FULLCHIP_RESET) @ rs_server.c:259
    [   81.799319] NVRM: nvAssertFailedNoLog: Assertion failed: (status == NV_OK) || (status == NV_ERR_GPU_IN_FULLCHIP_RESET) @ rs_server.c:1375
    [   83.809203] NVRM: rpcRmApiFree_GSP: GspRmFree failed: hClient=0xc1d00014; hObject=0xcaf00002; paramsStatus=0x00000000; status=0x00000056
    [   83.809213] NVRM: nvAssertFailedNoLog: Assertion failed: (status == NV_OK) || (status == NV_ERR_GPU_IN_FULLCHIP_RESET) @ rs_client.c:844
    [   83.809300] NVRM: nvAssertFailedNoLog: Assertion failed: (status == NV_OK) || (status == NV_ERR_GPU_IN_FULLCHIP_RESET) @ rs_server.c:259
    [   83.809546] NVRM: nvAssertFailedNoLog: Assertion failed: (status == NV_OK) || (status == NV_ERR_GPU_IN_FULLCHIP_RESET) @ rs_server.c:1375
    [   83.811475] NVRM: nvAssertFailedNoLog: Assertion failed: (status == NV_OK) || (status == NV_ERR_GPU_IN_FULLCHIP_RESET) @ fecs_event_list.c:1623
    [   84.972139] NVRM: nvCheckOkFailedNoLog: Check failed: Call not supported [NV_ERR_NOT_SUPPORTED] (0x00000056) returned from pRmApi->Control(pRmApi, pGpu->hInternalClient, pGpu->hInternalSubdevice, NV2080_CTRL_CMD_INTERNAL_INIT_USER_SHARED_DATA, &params, sizeof(params)) @ gpu_user_shared_data.c:213
=== cup3 hook DONE ===
HOOK_RC=0
=== HOST dmesg delta for this boot (watermark 1157 → 1157) ===
HOST_DMESG_LINES=0
HOST_DMESG_NVRM=0
0
HOST_DMESG_XID=0
0
