[   26.467863] nvidia-nvlink: Nvlink Core is being initialized, major device number 239

[   26.485526] nvidia 0000:00:03.0: vgaarb: VGA decodes changed: olddecodes=none,decodes=none:owns=io+mem
[   26.490231] NVRM: loading NVIDIA UNIX Open Kernel Module for x86_64  580.159.04  Release Build  (dvs-builder@U22-I3-AF04-09-6)  Wed Apr 29 17:15:53 UTC 2026
[   29.789253] NVRM: nvAssertOkFailedNoLog: Assertion failed: Call not supported [NV_ERR_NOT_SUPPORTED] (0x00000056) returned from pRmApi->Control(pRmApi, pGpu->hInternalClient, pGpu->hInternalSubdevice, NV2080_CTRL_CMD_INTERNAL_INIT_USER_SHARED_DATA, &params, sizeof(params)) @ gpu_user_shared_data.c:233
[   29.789451] NVRM: nvAssertOkFailedNoLog: Assertion failed: Call not supported [NV_ERR_NOT_SUPPORTED] (0x00000056) returned from pRmApi->Control(pRmApi, pGpu->hInternalClient, pGpu->hInternalSubdevice, NV2080_CTRL_CMD_INTERNAL_USER_SHARED_DATA_SET_DATA_POLL, &params, sizeof(params)) @ gpu_user_shared_data.c:268
[   29.837441] NVRM: kperfGpuBoostSyncStateInit_IMPL: Failed to read Sync Gpu Boost init state, status=0x56
[   29.842671] NVRM: kperfGpuBoostSyncStateInit_IMPL: Failed to read Sync Gpu Boost init state, status=0x56
[   29.842787] NVRM: nvAssertOkFailedNoLog: Assertion failed: Call not supported [NV_ERR_NOT_SUPPORTED] (0x00000056) returned from pRmApi->Control(pRmApi, pGpu->hInternalClient, pGpu->hInternalSubdevice, NV2080_CTRL_CMD_INTERNAL_CE_GET_PCE_CONFIG_FOR_LCE_TYPE, &pceConfigParams, sizeof(pceConfigParams)) @ kernel_ce.c:1020
[   29.842826] NVRM: nvAssertOkFailedNoLog: Assertion failed: Call not supported [NV_ERR_NOT_SUPPORTED] (0x00000056) returned from kceGetPceConfigForLceType(pGpu, pKCe, NV2080_CTRL_CE_LCE_TYPE_DECOMP, &numPcesPerLce, &numLces, &supportedPceMask, &supportedLceMask, &pcesPerHshub) @ kernel_ce_gp100.c:62
[   30.695258] NVRM: nvCheckOkFailedNoLog: Check failed: Call not supported [NV_ERR_NOT_SUPPORTED] (0x00000056) returned from kgrobjPromoteContext(pGpu, pKernelGraphicsObject, pKernelGraphics) @ kernel_graphics_object.c:224
[   30.696256] NVRM: nvAssertOkFailedNoLog: Assertion failed: Call not supported [NV_ERR_NOT_SUPPORTED] (0x00000056) returned from pRmApi->AllocWithHandle(pRmApi, hClientId, hChannelId, hObj3D, classNum, NULL, 0) @ kernel_graphics.c:2519
[   30.699166] NVRM: vaListDestroy: non-zero mapCount(pVaList): 0x1
[   30.699174] NVRM: vaListDestroy: non-zero mapCount(pVaList): 0x1
[   30.699178] NVRM: vaListDestroy: non-zero mapCount(pVaList): 0x1
[   30.699181] NVRM: vaListDestroy: non-zero mapCount(pVaList): 0x1
[   30.704784] NVRM: nvCheckOkFailedNoLog: Check failed: Call not supported [NV_ERR_NOT_SUPPORTED] (0x00000056) returned from kgraphicsCreateGoldenImageChannel(pGpu, pKernelGraphics) @ kernel_graphics.c:508
[   30.704898] NVRM: nvAssertFailedNoLog: Assertion failed: 0 @ kernel_fifo.c:3129
[   30.725705] NVRM: rpcRmApiAlloc_GSP: GspRmAlloc failed: hClient=0xc1d00008; hParent=0x31415903; hObject=0x31415900; hClass=0x0000c36f; paramsSize=0x00000170; paramsStatus=0x00000056; status=0x00000056
[   30.725716] NVRM: nvAssertOkFailedNoLog: Assertion failed: Call not supported [NV_ERR_NOT_SUPPORTED] (0x00000056) returned from status @ kernel_channel.c:2827
[   30.725732] NVRM: nvAssertOkFailedNoLog: Assertion failed: Call not supported [NV_ERR_NOT_SUPPORTED] (0x00000056) returned from _kchannelSendChannelAllocRpc(pKernelChannel, pChannelGpfifoParams, pKernelChannelGroup, bFullSriov) @ kernel_channel.c:940
[   30.730328] NVRM: nvAssertFailedNoLog: Assertion failed: status == NV_OK @ kernel_rc_watchdog.c:1198
[   30.735949] NVRM: rpcRmApiAlloc_GSP: GspRmAlloc failed: hClient=0xc1d00009; hParent=0xcaf00001; hObject=0xcaf00002; hClass=0x0000402c; paramsSize=0x00000000; paramsStatus=0x00000056; status=0x00000056
[   31.957727] NVRM: nvAssertFailedNoLog: Assertion failed: (status == NV_OK) || (status == NV_ERR_GPU_IN_FULLCHIP_RESET) @ gpu_user_shared_data.c:373
[   31.960518] NVRM: nvAssertFailedNoLog: Assertion failed: (status == NV_OK) || (status == NV_ERR_GPU_IN_FULLCHIP_RESET) @ gpu_user_shared_data.c:373
[   31.996478] NVRM: rpcRmApiAlloc_GSP: GspRmAlloc failed: hClient=0xc1d00001; hParent=0xa55a0030; hObject=0xa55a0070; hClass=0x0000208f; paramsSize=0x00000000; paramsStatus=0x00000056; status=0x00000056
[   32.172936] NVRM: nvAssertFailedNoLog: Assertion failed: (status == NV_OK) || (status == NV_ERR_GPU_IN_FULLCHIP_RESET) @ fecs_event_list.c:1623
[   32.191599] NVRM: nvCheckOkFailedNoLog: Check failed: Call not supported [NV_ERR_NOT_SUPPORTED] (0x00000056) returned from pRmApi->Control(pRmApi, pGpu->hInternalClient, pGpu->hInternalSubdevice, NV2080_CTRL_CMD_INTERNAL_INIT_USER_SHARED_DATA, &params, sizeof(params)) @ gpu_user_shared_data.c:213
[   36.192107] NVRM: _threadNodeCheckTimeout: _threadNodeCheckTimeout: currentTime: f4201dce426c0 >= f4201dce426c0
[   36.192115] NVRM: _threadNodeCheckTimeout: _threadNodeCheckTimeout: Timeout was set to: 4000 msecs!
[   36.192126] NVRM: nvAssertOkFailedNoLog: Assertion failed: Call timed out [NV_ERR_TIMEOUT] (0x00000065) returned from Failed to switch core to Falcon mode @ kernel_falcon_ga102.c:169
[   36.204194] NVRM: _threadNodeCheckTimeout: _threadNodeCheckTimeout: currentTime: f4201dd9b41c0 >= f4201dce426c0
[   36.204202] NVRM: _threadNodeCheckTimeout: _threadNodeCheckTimeout: Timeout was set to: 4000 msecs!
[   36.216472] NVRM: _threadNodeCheckTimeout: _threadNodeCheckTimeout: currentTime: f4201de525cc0 >= f4201dce426c0
[   36.216481] NVRM: _threadNodeCheckTimeout: _threadNodeCheckTimeout: Timeout was set to: 4000 msecs!
[   36.216489] NVRM: kflcnWaitForHalt_TU102: Timeout waiting for Falcon to halt
[   36.216493] NVRM: kgspExecuteFwsec_TU102: failed to execute FWSEC cmd 0x19: status 0x65
[   36.216496] NVRM: kgspExecuteFwsec_TU102: (note: VBIOS version 94.18.00.00.00)
[   36.216501] NVRM: kgspTeardown_TU102: failed to execute FWSEC-SB for PreOsApps during driver unload: 0x65
[   36.216622] NVRM: nvAssertFailedNoLog: Assertion failed: FWSEC-SB failed @ kernel_gsp_tu102.c:655
[   41.330017] NVRM: nvAssertOkFailedNoLog: Assertion failed: Call not supported [NV_ERR_NOT_SUPPORTED] (0x00000056) returned from pRmApi->Control(pRmApi, pGpu->hInternalClient, pGpu->hInternalSubdevice, NV2080_CTRL_CMD_INTERNAL_INIT_USER_SHARED_DATA, &params, sizeof(params)) @ gpu_user_shared_data.c:233
[   41.330272] NVRM: nvAssertOkFailedNoLog: Assertion failed: Call not supported [NV_ERR_NOT_SUPPORTED] (0x00000056) returned from pRmApi->Control(pRmApi, pGpu->hInternalClient, pGpu->hInternalSubdevice, NV2080_CTRL_CMD_INTERNAL_USER_SHARED_DATA_SET_DATA_POLL, &params, sizeof(params)) @ gpu_user_shared_data.c:268
[   41.345600] NVRM: kperfGpuBoostSyncStateInit_IMPL: Failed to read Sync Gpu Boost init state, status=0x56
[   41.350605] NVRM: kperfGpuBoostSyncStateInit_IMPL: Failed to read Sync Gpu Boost init state, status=0x56
[   41.350813] NVRM: nvAssertOkFailedNoLog: Assertion failed: Call not supported [NV_ERR_NOT_SUPPORTED] (0x00000056) returned from pRmApi->Control(pRmApi, pGpu->hInternalClient, pGpu->hInternalSubdevice, NV2080_CTRL_CMD_INTERNAL_CE_GET_PCE_CONFIG_FOR_LCE_TYPE, &pceConfigParams, sizeof(pceConfigParams)) @ kernel_ce.c:1020
[   41.350822] NVRM: nvAssertOkFailedNoLog: Assertion failed: Call not supported [NV_ERR_NOT_SUPPORTED] (0x00000056) returned from kceGetPceConfigForLceType(pGpu, pKCe, NV2080_CTRL_CE_LCE_TYPE_DECOMP, &numPcesPerLce, &numLces, &supportedPceMask, &supportedLceMask, &pcesPerHshub) @ kernel_ce_gp100.c:62
[   41.668164] NVRM: nvCheckOkFailedNoLog: Check failed: Call not supported [NV_ERR_NOT_SUPPORTED] (0x00000056) returned from kgrobjPromoteContext(pGpu, pKernelGraphicsObject, pKernelGraphics) @ kernel_graphics_object.c:224
[   41.668986] NVRM: nvAssertOkFailedNoLog: Assertion failed: Call not supported [NV_ERR_NOT_SUPPORTED] (0x00000056) returned from pRmApi->AllocWithHandle(pRmApi, hClientId, hChannelId, hObj3D, classNum, NULL, 0) @ kernel_graphics.c:2519
[   41.672147] NVRM: vaListDestroy: non-zero mapCount(pVaList): 0x1
[   41.672154] NVRM: vaListDestroy: non-zero mapCount(pVaList): 0x1
[   41.672157] NVRM: vaListDestroy: non-zero mapCount(pVaList): 0x1
[   41.672160] NVRM: vaListDestroy: non-zero mapCount(pVaList): 0x1
[   41.677688] NVRM: nvCheckOkFailedNoLog: Check failed: Call not supported [NV_ERR_NOT_SUPPORTED] (0x00000056) returned from kgraphicsCreateGoldenImageChannel(pGpu, pKernelGraphics) @ kernel_graphics.c:508
[   41.677713] NVRM: nvAssertFailedNoLog: Assertion failed: 0 @ kernel_fifo.c:3129
[   41.696316] NVRM: rpcRmApiAlloc_GSP: GspRmAlloc failed: hClient=0xc1d00012; hParent=0x31415903; hObject=0x31415900; hClass=0x0000c36f; paramsSize=0x00000170; paramsStatus=0x00000056; status=0x00000056
[   41.696335] NVRM: nvAssertOkFailedNoLog: Assertion failed: Call not supported [NV_ERR_NOT_SUPPORTED] (0x00000056) returned from status @ kernel_channel.c:2827
[   41.696343] NVRM: nvAssertOkFailedNoLog: Assertion failed: Call not supported [NV_ERR_NOT_SUPPORTED] (0x00000056) returned from _kchannelSendChannelAllocRpc(pKernelChannel, pChannelGpfifoParams, pKernelChannelGroup, bFullSriov) @ kernel_channel.c:940
[   41.699850] NVRM: nvAssertFailedNoLog: Assertion failed: status == NV_OK @ kernel_rc_watchdog.c:1198
[   41.705321] NVRM: rpcRmApiAlloc_GSP: GspRmAlloc failed: hClient=0xc1d00013; hParent=0xcaf00001; hObject=0xcaf00002; hClass=0x0000402c; paramsSize=0x00000000; paramsStatus=0x00000056; status=0x00000056
[   41.904980] NVRM: nvAssertFailedNoLog: Assertion failed: (status == NV_OK) || (status == NV_ERR_GPU_IN_FULLCHIP_RESET) @ fecs_event_list.c:1623
[   41.919517] NVRM: nvCheckOkFailedNoLog: Check failed: Call not supported [NV_ERR_NOT_SUPPORTED] (0x00000056) returned from pRmApi->Control(pRmApi, pGpu->hInternalClient, pGpu->hInternalSubdevice, NV2080_CTRL_CMD_INTERNAL_INIT_USER_SHARED_DATA, &params, sizeof(params)) @ gpu_user_shared_data.c:213
[   45.919114] NVRM: _threadNodeCheckTimeout: _threadNodeCheckTimeout: currentTime: f420420aa6480 >= f420420aa6480
[   45.919121] NVRM: _threadNodeCheckTimeout: _threadNodeCheckTimeout: Timeout was set to: 4000 msecs!
[   45.919155] NVRM: nvAssertOkFailedNoLog: Assertion failed: Call timed out [NV_ERR_TIMEOUT] (0x00000065) returned from Failed to switch core to Falcon mode @ kernel_falcon_ga102.c:169
[   57.504092] NVRM: nvAssertOkFailedNoLog: Assertion failed: Call not supported [NV_ERR_NOT_SUPPORTED] (0x00000056) returned from pRmApi->Control(pRmApi, pGpu->hInternalClient, pGpu->hInternalSubdevice, NV2080_CTRL_CMD_INTERNAL_INIT_USER_SHARED_DATA, &params, sizeof(params)) @ gpu_user_shared_data.c:233
[   57.504193] NVRM: nvAssertOkFailedNoLog: Assertion failed: Call not supported [NV_ERR_NOT_SUPPORTED] (0x00000056) returned from pRmApi->Control(pRmApi, pGpu->hInternalClient, pGpu->hInternalSubdevice, NV2080_CTRL_CMD_INTERNAL_USER_SHARED_DATA_SET_DATA_POLL, &params, sizeof(params)) @ gpu_user_shared_data.c:268
[   57.525979] NVRM: kperfGpuBoostSyncStateInit_IMPL: Failed to read Sync Gpu Boost init state, status=0x56
[   57.530775] NVRM: kperfGpuBoostSyncStateInit_IMPL: Failed to read Sync Gpu Boost init state, status=0x56
[   57.530908] NVRM: nvAssertOkFailedNoLog: Assertion failed: Call not supported [NV_ERR_NOT_SUPPORTED] (0x00000056) returned from pRmApi->Control(pRmApi, pGpu->hInternalClient, pGpu->hInternalSubdevice, NV2080_CTRL_CMD_INTERNAL_CE_GET_PCE_CONFIG_FOR_LCE_TYPE, &pceConfigParams, sizeof(pceConfigParams)) @ kernel_ce.c:1020
[   57.530917] NVRM: nvAssertOkFailedNoLog: Assertion failed: Call not supported [NV_ERR_NOT_SUPPORTED] (0x00000056) returned from kceGetPceConfigForLceType(pGpu, pKCe, NV2080_CTRL_CE_LCE_TYPE_DECOMP, &numPcesPerLce, &numLces, &supportedPceMask, &supportedLceMask, &pcesPerHshub) @ kernel_ce_gp100.c:62
[   57.825908] NVRM: nvCheckOkFailedNoLog: Check failed: Call not supported [NV_ERR_NOT_SUPPORTED] (0x00000056) returned from kgrobjPromoteContext(pGpu, pKernelGraphicsObject, pKernelGraphics) @ kernel_graphics_object.c:224
[   57.826926] NVRM: nvAssertOkFailedNoLog: Assertion failed: Call not supported [NV_ERR_NOT_SUPPORTED] (0x00000056) returned from pRmApi->AllocWithHandle(pRmApi, hClientId, hChannelId, hObj3D, classNum, NULL, 0) @ kernel_graphics.c:2519
[   57.829127] NVRM: vaListDestroy: non-zero mapCount(pVaList): 0x1
[   57.829131] NVRM: vaListDestroy: non-zero mapCount(pVaList): 0x1
[   57.829133] NVRM: vaListDestroy: non-zero mapCount(pVaList): 0x1
[   57.829134] NVRM: vaListDestroy: non-zero mapCount(pVaList): 0x1
[   57.833294] NVRM: nvCheckOkFailedNoLog: Check failed: Call not supported [NV_ERR_NOT_SUPPORTED] (0x00000056) returned from kgraphicsCreateGoldenImageChannel(pGpu, pKernelGraphics) @ kernel_graphics.c:508
[   57.833299] NVRM: nvAssertFailedNoLog: Assertion failed: 0 @ kernel_fifo.c:3129
[   57.845413] NVRM: rpcRmApiAlloc_GSP: GspRmAlloc failed: hClient=0xc1d0001c; hParent=0x31415903; hObject=0x31415900; hClass=0x0000c36f; paramsSize=0x00000170; paramsStatus=0x00000056; status=0x00000056
[   57.845419] NVRM: nvAssertOkFailedNoLog: Assertion failed: Call not supported [NV_ERR_NOT_SUPPORTED] (0x00000056) returned from status @ kernel_channel.c:2827
[   57.845425] NVRM: nvAssertOkFailedNoLog: Assertion failed: Call not supported [NV_ERR_NOT_SUPPORTED] (0x00000056) returned from _kchannelSendChannelAllocRpc(pKernelChannel, pChannelGpfifoParams, pKernelChannelGroup, bFullSriov) @ kernel_channel.c:940
[   57.848199] NVRM: nvAssertFailedNoLog: Assertion failed: status == NV_OK @ kernel_rc_watchdog.c:1198
[   57.852869] NVRM: rpcRmApiAlloc_GSP: GspRmAlloc failed: hClient=0xc1d0001d; hParent=0xcaf00001; hObject=0xcaf00002; hClass=0x0000402c; paramsSize=0x00000000; paramsStatus=0x00000056; status=0x00000056
[   80.633946] hrtimer: interrupt took 15910448 ns
[   92.910937] NVRM: kgmmuClientShadowFaultBufferUnregister_IMPL: Unregistering non-replayable fault buffer failed (status=0x00000056), proceeding...
[   92.912356] NVRM: kgmmuFaultBufferReplayableDestroy_IMPL: Unregistering Replayable Fault buffer failed (status=0x00000056), proceeding...
[   92.913839] NVRM: uvmTerminateAccessCntrBuffer_IMPL: Unloading UVM Access counters failed (status=0x00000056), proceeding...
[   93.164337] NVRM: nvAssertFailedNoLog: Assertion failed: (status == NV_OK) || (status == NV_ERR_GPU_IN_FULLCHIP_RESET) @ fecs_event_list.c:1623
[   93.185888] NVRM: nvCheckOkFailedNoLog: Check failed: Call not supported [NV_ERR_NOT_SUPPORTED] (0x00000056) returned from pRmApi->Control(pRmApi, pGpu->hInternalClient, pGpu->hInternalSubdevice, NV2080_CTRL_CMD_INTERNAL_INIT_USER_SHARED_DATA, &params, sizeof(params)) @ gpu_user_shared_data.c:213
[   97.186108] NVRM: _threadNodeCheckTimeout: _threadNodeCheckTimeout: currentTime: f4210106abb40 >= f4210106abb40
[   97.186116] NVRM: _threadNodeCheckTimeout: _threadNodeCheckTimeout: Timeout was set to: 4000 msecs!
[   97.186130] NVRM: nvAssertOkFailedNoLog: Assertion failed: Call timed out [NV_ERR_TIMEOUT] (0x00000065) returned from Failed to switch core to Falcon mode @ kernel_falcon_ga102.c:169
[   97.204209] NVRM: _threadNodeCheckTimeout: _threadNodeCheckTimeout: currentTime: f4210117d63c0 >= f4210106abb40
[   97.204318] NVRM: _threadNodeCheckTimeout: _threadNodeCheckTimeout: Timeout was set to: 4000 msecs!
[   97.204332] NVRM: kflcnWaitForHalt_TU102: Timeout waiting for Falcon to halt
[   97.204336] NVRM: kgspExecuteFwsec_TU102: failed to execute FWSEC cmd 0x19: status 0x65
[   97.204339] NVRM: kgspExecuteFwsec_TU102: (note: VBIOS version 94.18.00.00.00)
[   97.204343] NVRM: kgspTeardown_TU102: failed to execute FWSEC-SB for PreOsApps during driver unload: 0x65
[   97.204346] NVRM: nvAssertFailedNoLog: Assertion failed: FWSEC-SB failed @ kernel_gsp_tu102.c:655
[  101.642307] NVRM: nvAssertOkFailedNoLog: Assertion failed: Call not supported [NV_ERR_NOT_SUPPORTED] (0x00000056) returned from pRmApi->Control(pRmApi, pGpu->hInternalClient, pGpu->hInternalSubdevice, NV2080_CTRL_CMD_INTERNAL_INIT_USER_SHARED_DATA, &params, sizeof(params)) @ gpu_user_shared_data.c:233
[  101.642405] NVRM: nvAssertOkFailedNoLog: Assertion failed: Call not supported [NV_ERR_NOT_SUPPORTED] (0x00000056) returned from pRmApi->Control(pRmApi, pGpu->hInternalClient, pGpu->hInternalSubdevice, NV2080_CTRL_CMD_INTERNAL_USER_SHARED_DATA_SET_DATA_POLL, &params, sizeof(params)) @ gpu_user_shared_data.c:268
[  101.656131] NVRM: kperfGpuBoostSyncStateInit_IMPL: Failed to read Sync Gpu Boost init state, status=0x56
[  101.660394] NVRM: kperfGpuBoostSyncStateInit_IMPL: Failed to read Sync Gpu Boost init state, status=0x56
[  101.660485] NVRM: nvAssertOkFailedNoLog: Assertion failed: Call not supported [NV_ERR_NOT_SUPPORTED] (0x00000056) returned from pRmApi->Control(pRmApi, pGpu->hInternalClient, pGpu->hInternalSubdevice, NV2080_CTRL_CMD_INTERNAL_CE_GET_PCE_CONFIG_FOR_LCE_TYPE, &pceConfigParams, sizeof(pceConfigParams)) @ kernel_ce.c:1020
[  101.660493] NVRM: nvAssertOkFailedNoLog: Assertion failed: Call not supported [NV_ERR_NOT_SUPPORTED] (0x00000056) returned from kceGetPceConfigForLceType(pGpu, pKCe, NV2080_CTRL_CE_LCE_TYPE_DECOMP, &numPcesPerLce, &numLces, &supportedPceMask, &supportedLceMask, &pcesPerHshub) @ kernel_ce_gp100.c:62
[  101.994547] NVRM: nvCheckOkFailedNoLog: Check failed: Call not supported [NV_ERR_NOT_SUPPORTED] (0x00000056) returned from kgrobjPromoteContext(pGpu, pKernelGraphicsObject, pKernelGraphics) @ kernel_graphics_object.c:224
[  101.995389] NVRM: nvAssertOkFailedNoLog: Assertion failed: Call not supported [NV_ERR_NOT_SUPPORTED] (0x00000056) returned from pRmApi->AllocWithHandle(pRmApi, hClientId, hChannelId, hObj3D, classNum, NULL, 0) @ kernel_graphics.c:2519
[  101.998197] NVRM: vaListDestroy: non-zero mapCount(pVaList): 0x1
[  101.998205] NVRM: vaListDestroy: non-zero mapCount(pVaList): 0x1
[  101.998208] NVRM: vaListDestroy: non-zero mapCount(pVaList): 0x1
[  101.998211] NVRM: vaListDestroy: non-zero mapCount(pVaList): 0x1
[  102.003638] NVRM: nvCheckOkFailedNoLog: Check failed: Call not supported [NV_ERR_NOT_SUPPORTED] (0x00000056) returned from kgraphicsCreateGoldenImageChannel(pGpu, pKernelGraphics) @ kernel_graphics.c:508
[  102.003647] NVRM: nvAssertFailedNoLog: Assertion failed: 0 @ kernel_fifo.c:3129
[  102.020420] NVRM: rpcRmApiAlloc_GSP: GspRmAlloc failed: hClient=0xc1d00029; hParent=0x31415903; hObject=0x31415900; hClass=0x0000c36f; paramsSize=0x00000170; paramsStatus=0x00000056; status=0x00000056
[  102.020428] NVRM: nvAssertOkFailedNoLog: Assertion failed: Call not supported [NV_ERR_NOT_SUPPORTED] (0x00000056) returned from status @ kernel_channel.c:2827
[  102.020436] NVRM: nvAssertOkFailedNoLog: Assertion failed: Call not supported [NV_ERR_NOT_SUPPORTED] (0x00000056) returned from _kchannelSendChannelAllocRpc(pKernelChannel, pChannelGpfifoParams, pKernelChannelGroup, bFullSriov) @ kernel_channel.c:940
[  102.023570] NVRM: nvAssertFailedNoLog: Assertion failed: status == NV_OK @ kernel_rc_watchdog.c:1198
[  102.028225] NVRM: rpcRmApiAlloc_GSP: GspRmAlloc failed: hClient=0xc1d0002a; hParent=0xcaf00001; hObject=0xcaf00002; hClass=0x0000402c; paramsSize=0x00000000; paramsStatus=0x00000056; status=0x00000056
[  117.315367] NVRM: kgmmuClientShadowFaultBufferUnregister_IMPL: Unregistering non-replayable fault buffer failed (status=0x00000056), proceeding...
[  117.316747] NVRM: kgmmuFaultBufferReplayableDestroy_IMPL: Unregistering Replayable Fault buffer failed (status=0x00000056), proceeding...
[  117.318302] NVRM: uvmTerminateAccessCntrBuffer_IMPL: Unloading UVM Access counters failed (status=0x00000056), proceeding...
[  117.574544] NVRM: nvAssertFailedNoLog: Assertion failed: (status == NV_OK) || (status == NV_ERR_GPU_IN_FULLCHIP_RESET) @ fecs_event_list.c:1623
[  117.598312] NVRM: nvCheckOkFailedNoLog: Check failed: Call not supported [NV_ERR_NOT_SUPPORTED] (0x00000056) returned from pRmApi->Control(pRmApi, pGpu->hInternalClient, pGpu->hInternalSubdevice, NV2080_CTRL_CMD_INTERNAL_INIT_USER_SHARED_DATA, &params, sizeof(params)) @ gpu_user_shared_data.c:213
[  121.598086] NVRM: _threadNodeCheckTimeout: _threadNodeCheckTimeout: currentTime: f4215bf7c4a40 >= f4215bf7c4a40
[  121.598095] NVRM: _threadNodeCheckTimeout: _threadNodeCheckTimeout: Timeout was set to: 4000 msecs!
[  121.598121] NVRM: nvAssertOkFailedNoLog: Assertion failed: Call timed out [NV_ERR_TIMEOUT] (0x00000065) returned from Failed to switch core to Falcon mode @ kernel_falcon_ga102.c:169
[  121.617185] NVRM: _threadNodeCheckTimeout: _threadNodeCheckTimeout: currentTime: f4215c09e3500 >= f4215bf7c4a40
[  121.617195] NVRM: _threadNodeCheckTimeout: _threadNodeCheckTimeout: Timeout was set to: 4000 msecs!
[  121.617219] NVRM: kflcnWaitForHalt_TU102: Timeout waiting for Falcon to halt
[  121.617223] NVRM: kgspExecuteFwsec_TU102: failed to execute FWSEC cmd 0x19: status 0x65
[  121.617226] NVRM: kgspExecuteFwsec_TU102: (note: VBIOS version 94.18.00.00.00)
[  121.617229] NVRM: kgspTeardown_TU102: failed to execute FWSEC-SB for PreOsApps during driver unload: 0x65
[  121.617432] NVRM: nvAssertFailedNoLog: Assertion failed: FWSEC-SB failed @ kernel_gsp_tu102.c:655
[  125.364438] NVRM: nvAssertOkFailedNoLog: Assertion failed: Call not supported [NV_ERR_NOT_SUPPORTED] (0x00000056) returned from pRmApi->Control(pRmApi, pGpu->hInternalClient, pGpu->hInternalSubdevice, NV2080_CTRL_CMD_INTERNAL_INIT_USER_SHARED_DATA, &params, sizeof(params)) @ gpu_user_shared_data.c:233
[  125.364655] NVRM: nvAssertOkFailedNoLog: Assertion failed: Call not supported [NV_ERR_NOT_SUPPORTED] (0x00000056) returned from pRmApi->Control(pRmApi, pGpu->hInternalClient, pGpu->hInternalSubdevice, NV2080_CTRL_CMD_INTERNAL_USER_SHARED_DATA_SET_DATA_POLL, &params, sizeof(params)) @ gpu_user_shared_data.c:268
[  125.388929] NVRM: kperfGpuBoostSyncStateInit_IMPL: Failed to read Sync Gpu Boost init state, status=0x56
[  125.397090] NVRM: kperfGpuBoostSyncStateInit_IMPL: Failed to read Sync Gpu Boost init state, status=0x56
[  125.397479] NVRM: nvAssertOkFailedNoLog: Assertion failed: Call not supported [NV_ERR_NOT_SUPPORTED] (0x00000056) returned from pRmApi->Control(pRmApi, pGpu->hInternalClient, pGpu->hInternalSubdevice, NV2080_CTRL_CMD_INTERNAL_CE_GET_PCE_CONFIG_FOR_LCE_TYPE, &pceConfigParams, sizeof(pceConfigParams)) @ kernel_ce.c:1020
[  125.397568] NVRM: nvAssertOkFailedNoLog: Assertion failed: Call not supported [NV_ERR_NOT_SUPPORTED] (0x00000056) returned from kceGetPceConfigForLceType(pGpu, pKCe, NV2080_CTRL_CE_LCE_TYPE_DECOMP, &numPcesPerLce, &numLces, &supportedPceMask, &supportedLceMask, &pcesPerHshub) @ kernel_ce_gp100.c:62
[  125.704535] NVRM: nvCheckOkFailedNoLog: Check failed: Call not supported [NV_ERR_NOT_SUPPORTED] (0x00000056) returned from kgrobjPromoteContext(pGpu, pKernelGraphicsObject, pKernelGraphics) @ kernel_graphics_object.c:224
[  125.705181] NVRM: nvAssertOkFailedNoLog: Assertion failed: Call not supported [NV_ERR_NOT_SUPPORTED] (0x00000056) returned from pRmApi->AllocWithHandle(pRmApi, hClientId, hChannelId, hObj3D, classNum, NULL, 0) @ kernel_graphics.c:2519
[  125.707604] NVRM: vaListDestroy: non-zero mapCount(pVaList): 0x1
[  125.707609] NVRM: vaListDestroy: non-zero mapCount(pVaList): 0x1
[  125.707611] NVRM: vaListDestroy: non-zero mapCount(pVaList): 0x1
[  125.707613] NVRM: vaListDestroy: non-zero mapCount(pVaList): 0x1
[  125.711958] NVRM: nvCheckOkFailedNoLog: Check failed: Call not supported [NV_ERR_NOT_SUPPORTED] (0x00000056) returned from kgraphicsCreateGoldenImageChannel(pGpu, pKernelGraphics) @ kernel_graphics.c:508
[  125.712177] NVRM: nvAssertFailedNoLog: Assertion failed: 0 @ kernel_fifo.c:3129
[  125.726544] NVRM: rpcRmApiAlloc_GSP: GspRmAlloc failed: hClient=0xc1d00036; hParent=0x31415903; hObject=0x31415900; hClass=0x0000c36f; paramsSize=0x00000170; paramsStatus=0x00000056; status=0x00000056
[  125.726553] NVRM: nvAssertOkFailedNoLog: Assertion failed: Call not supported [NV_ERR_NOT_SUPPORTED] (0x00000056) returned from status @ kernel_channel.c:2827
[  125.726571] NVRM: nvAssertOkFailedNoLog: Assertion failed: Call not supported [NV_ERR_NOT_SUPPORTED] (0x00000056) returned from _kchannelSendChannelAllocRpc(pKernelChannel, pChannelGpfifoParams, pKernelChannelGroup, bFullSriov) @ kernel_channel.c:940
[  125.729693] NVRM: nvAssertFailedNoLog: Assertion failed: status == NV_OK @ kernel_rc_watchdog.c:1198
[  125.734668] NVRM: rpcRmApiAlloc_GSP: GspRmAlloc failed: hClient=0xc1d00037; hParent=0xcaf00001; hObject=0xcaf00002; hClass=0x0000402c; paramsSize=0x00000000; paramsStatus=0x00000056; status=0x00000056
[  139.838216] NVRM: kgmmuClientShadowFaultBufferUnregister_IMPL: Unregistering non-replayable fault buffer failed (status=0x00000056), proceeding...
[  139.839621] NVRM: kgmmuFaultBufferReplayableDestroy_IMPL: Unregistering Replayable Fault buffer failed (status=0x00000056), proceeding...
[  139.840921] NVRM: uvmTerminateAccessCntrBuffer_IMPL: Unloading UVM Access counters failed (status=0x00000056), proceeding...
[  140.119721] NVRM: nvAssertFailedNoLog: Assertion failed: (status == NV_OK) || (status == NV_ERR_GPU_IN_FULLCHIP_RESET) @ fecs_event_list.c:1623
[  140.142856] NVRM: nvCheckOkFailedNoLog: Check failed: Call not supported [NV_ERR_NOT_SUPPORTED] (0x00000056) returned from pRmApi->Control(pRmApi, pGpu->hInternalClient, pGpu->hInternalSubdevice, NV2080_CTRL_CMD_INTERNAL_INIT_USER_SHARED_DATA, &params, sizeof(params)) @ gpu_user_shared_data.c:213
[  144.143081] NVRM: _threadNodeCheckTimeout: _threadNodeCheckTimeout: currentTime: f421aff45b080 >= f421aff45b080
[  144.143168] NVRM: _threadNodeCheckTimeout: _threadNodeCheckTimeout: Timeout was set to: 4000 msecs!
[  144.143181] NVRM: nvAssertOkFailedNoLog: Assertion failed: Call timed out [NV_ERR_TIMEOUT] (0x00000065) returned from Failed to switch core to Falcon mode @ kernel_falcon_ga102.c:169
[  144.164268] NVRM: _threadNodeCheckTimeout: _threadNodeCheckTimeout: currentTime: f421b00861fc0 >= f421aff45b080
[  144.164276] NVRM: _threadNodeCheckTimeout: _threadNodeCheckTimeout: Timeout was set to: 4000 msecs!
[  144.164286] NVRM: s_dmaPoll_GA102: Error while waiting for Falcon DMA; mode: 1, status: 0x00000065
[  144.164292] NVRM: nvAssertOkFailedNoLog: Assertion failed: Call timed out [NV_ERR_TIMEOUT] (0x00000065) returned from s_dmaTransfer_GA102(pGpu, pKernelFlcn, pUcode->dmemPa, memOff, srcPhysAddr, pUcode->dmemSize, dmaCmd) @ kernel_gsp_falcon_ga102.c:247
[  144.164299] NVRM: kgspExecuteFwsec_TU102: failed to execute FWSEC cmd 0x19: status 0x65
[  144.164302] NVRM: kgspExecuteFwsec_TU102: (note: VBIOS version 94.18.00.00.00)
[  144.164305] NVRM: kgspTeardown_TU102: failed to execute FWSEC-SB for PreOsApps during driver unload: 0x65
[  144.164308] NVRM: nvAssertFailedNoLog: Assertion failed: FWSEC-SB failed @ kernel_gsp_tu102.c:655
[  144.234401] NVRM: _threadNodeCheckTimeout: _threadNodeCheckTimeout: currentTime: f421b04b23d40 >= f421aff45b080
[  144.234409] NVRM: _threadNodeCheckTimeout: _threadNodeCheckTimeout: Timeout was set to: 4000 msecs!
[  144.234426] NVRM: kflcnWaitForHalt_TU102: Timeout waiting for Falcon to halt
[  144.234429] NVRM: s_executeBooterUcode_TU102: failed to execute Booter: status 0x65, mailbox 0x0
[  144.234431] NVRM: kgspExecuteBooterUnloadIfNeeded_TU102: failed to execute Booter Unload: 0x65
[  144.234445] NVRM: nvAssertFailedNoLog: Assertion failed: rmStatus == NV_OK @ osinit.c:2363
[  148.120171] NVRM: nvAssertOkFailedNoLog: Assertion failed: Call not supported [NV_ERR_NOT_SUPPORTED] (0x00000056) returned from pRmApi->Control(pRmApi, pGpu->hInternalClient, pGpu->hInternalSubdevice, NV2080_CTRL_CMD_INTERNAL_INIT_USER_SHARED_DATA, &params, sizeof(params)) @ gpu_user_shared_data.c:233
[  148.120412] NVRM: nvAssertOkFailedNoLog: Assertion failed: Call not supported [NV_ERR_NOT_SUPPORTED] (0x00000056) returned from pRmApi->Control(pRmApi, pGpu->hInternalClient, pGpu->hInternalSubdevice, NV2080_CTRL_CMD_INTERNAL_USER_SHARED_DATA_SET_DATA_POLL, &params, sizeof(params)) @ gpu_user_shared_data.c:268
[  148.137495] NVRM: kperfGpuBoostSyncStateInit_IMPL: Failed to read Sync Gpu Boost init state, status=0x56
[  148.142310] NVRM: kperfGpuBoostSyncStateInit_IMPL: Failed to read Sync Gpu Boost init state, status=0x56
[  148.142425] NVRM: nvAssertOkFailedNoLog: Assertion failed: Call not supported [NV_ERR_NOT_SUPPORTED] (0x00000056) returned from pRmApi->Control(pRmApi, pGpu->hInternalClient, pGpu->hInternalSubdevice, NV2080_CTRL_CMD_INTERNAL_CE_GET_PCE_CONFIG_FOR_LCE_TYPE, &pceConfigParams, sizeof(pceConfigParams)) @ kernel_ce.c:1020
[  148.142487] NVRM: nvAssertOkFailedNoLog: Assertion failed: Call not supported [NV_ERR_NOT_SUPPORTED] (0x00000056) returned from kceGetPceConfigForLceType(pGpu, pKCe, NV2080_CTRL_CE_LCE_TYPE_DECOMP, &numPcesPerLce, &numLces, &supportedPceMask, &supportedLceMask, &pcesPerHshub) @ kernel_ce_gp100.c:62
[  148.469297] NVRM: nvCheckOkFailedNoLog: Check failed: Call not supported [NV_ERR_NOT_SUPPORTED] (0x00000056) returned from kgrobjPromoteContext(pGpu, pKernelGraphicsObject, pKernelGraphics) @ kernel_graphics_object.c:224
[  148.469891] NVRM: nvAssertOkFailedNoLog: Assertion failed: Call not supported [NV_ERR_NOT_SUPPORTED] (0x00000056) returned from pRmApi->AllocWithHandle(pRmApi, hClientId, hChannelId, hObj3D, classNum, NULL, 0) @ kernel_graphics.c:2519
[  148.472016] NVRM: vaListDestroy: non-zero mapCount(pVaList): 0x1
[  148.472020] NVRM: vaListDestroy: non-zero mapCount(pVaList): 0x1
[  148.472022] NVRM: vaListDestroy: non-zero mapCount(pVaList): 0x1
[  148.472024] NVRM: vaListDestroy: non-zero mapCount(pVaList): 0x1
[  148.475913] NVRM: nvCheckOkFailedNoLog: Check failed: Call not supported [NV_ERR_NOT_SUPPORTED] (0x00000056) returned from kgraphicsCreateGoldenImageChannel(pGpu, pKernelGraphics) @ kernel_graphics.c:508
[  148.475918] NVRM: nvAssertFailedNoLog: Assertion failed: 0 @ kernel_fifo.c:3129
[  148.489125] NVRM: rpcRmApiAlloc_GSP: GspRmAlloc failed: hClient=0xc1d00043; hParent=0x31415903; hObject=0x31415900; hClass=0x0000c36f; paramsSize=0x00000170; paramsStatus=0x00000056; status=0x00000056
[  148.489130] NVRM: nvAssertOkFailedNoLog: Assertion failed: Call not supported [NV_ERR_NOT_SUPPORTED] (0x00000056) returned from status @ kernel_channel.c:2827
[  148.489135] NVRM: nvAssertOkFailedNoLog: Assertion failed: Call not supported [NV_ERR_NOT_SUPPORTED] (0x00000056) returned from _kchannelSendChannelAllocRpc(pKernelChannel, pChannelGpfifoParams, pKernelChannelGroup, bFullSriov) @ kernel_channel.c:940
[  148.491857] NVRM: nvAssertFailedNoLog: Assertion failed: status == NV_OK @ kernel_rc_watchdog.c:1198
[  148.496706] NVRM: rpcRmApiAlloc_GSP: GspRmAlloc failed: hClient=0xc1d00044; hParent=0xcaf00001; hObject=0xcaf00002; hClass=0x0000402c; paramsSize=0x00000000; paramsStatus=0x00000056; status=0x00000056
[  332.536846] NVRM: kgmmuClientShadowFaultBufferUnregister_IMPL: Unregistering non-replayable fault buffer failed (status=0x00000056), proceeding...
[  332.538415] NVRM: kgmmuFaultBufferReplayableDestroy_IMPL: Unregistering Replayable Fault buffer failed (status=0x00000056), proceeding...
[  332.539841] NVRM: uvmTerminateAccessCntrBuffer_IMPL: Unloading UVM Access counters failed (status=0x00000056), proceeding...
[  332.793111] NVRM: nvAssertFailedNoLog: Assertion failed: (status == NV_OK) || (status == NV_ERR_GPU_IN_FULLCHIP_RESET) @ fecs_event_list.c:1623
[  332.814791] NVRM: nvCheckOkFailedNoLog: Check failed: Call not supported [NV_ERR_NOT_SUPPORTED] (0x00000056) returned from pRmApi->Control(pRmApi, pGpu->hInternalClient, pGpu->hInternalSubdevice, NV2080_CTRL_CMD_INTERNAL_INIT_USER_SHARED_DATA, &params, sizeof(params)) @ gpu_user_shared_data.c:213
[  336.815123] NVRM: _threadNodeCheckTimeout: _threadNodeCheckTimeout: currentTime: f4247db6b1880 >= f4247db6b1880
[  336.815202] NVRM: _threadNodeCheckTimeout: _threadNodeCheckTimeout: Timeout was set to: 4000 msecs!
[  336.815228] NVRM: nvAssertOkFailedNoLog: Assertion failed: Call timed out [NV_ERR_TIMEOUT] (0x00000065) returned from Failed to switch core to Falcon mode @ kernel_falcon_ga102.c:169
[  336.830200] NVRM: _threadNodeCheckTimeout: _threadNodeCheckTimeout: currentTime: f4247dc4ffa40 >= f4247db6b1880
[  336.830209] NVRM: _threadNodeCheckTimeout: _threadNodeCheckTimeout: Timeout was set to: 4000 msecs!
[  336.830220] NVRM: kflcnWaitForHalt_TU102: Timeout waiting for Falcon to halt
[  336.830224] NVRM: kgspExecuteFwsec_TU102: failed to execute FWSEC cmd 0x19: status 0x65
[  336.830227] NVRM: kgspExecuteFwsec_TU102: (note: VBIOS version 94.18.00.00.00)
[  336.830231] NVRM: kgspTeardown_TU102: failed to execute FWSEC-SB for PreOsApps during driver unload: 0x65
[  336.830234] NVRM: nvAssertFailedNoLog: Assertion failed: FWSEC-SB failed @ kernel_gsp_tu102.c:655
[  341.621787] NVRM: nvAssertOkFailedNoLog: Assertion failed: Call not supported [NV_ERR_NOT_SUPPORTED] (0x00000056) returned from pRmApi->Control(pRmApi, pGpu->hInternalClient, pGpu->hInternalSubdevice, NV2080_CTRL_CMD_INTERNAL_INIT_USER_SHARED_DATA, &params, sizeof(params)) @ gpu_user_shared_data.c:233
[  341.621983] NVRM: nvAssertOkFailedNoLog: Assertion failed: Call not supported [NV_ERR_NOT_SUPPORTED] (0x00000056) returned from pRmApi->Control(pRmApi, pGpu->hInternalClient, pGpu->hInternalSubdevice, NV2080_CTRL_CMD_INTERNAL_USER_SHARED_DATA_SET_DATA_POLL, &params, sizeof(params)) @ gpu_user_shared_data.c:268
[  341.638636] NVRM: kperfGpuBoostSyncStateInit_IMPL: Failed to read Sync Gpu Boost init state, status=0x56
[  341.643747] NVRM: kperfGpuBoostSyncStateInit_IMPL: Failed to read Sync Gpu Boost init state, status=0x56
[  341.643886] NVRM: nvAssertOkFailedNoLog: Assertion failed: Call not supported [NV_ERR_NOT_SUPPORTED] (0x00000056) returned from pRmApi->Control(pRmApi, pGpu->hInternalClient, pGpu->hInternalSubdevice, NV2080_CTRL_CMD_INTERNAL_CE_GET_PCE_CONFIG_FOR_LCE_TYPE, &pceConfigParams, sizeof(pceConfigParams)) @ kernel_ce.c:1020
[  341.643896] NVRM: nvAssertOkFailedNoLog: Assertion failed: Call not supported [NV_ERR_NOT_SUPPORTED] (0x00000056) returned from kceGetPceConfigForLceType(pGpu, pKCe, NV2080_CTRL_CE_LCE_TYPE_DECOMP, &numPcesPerLce, &numLces, &supportedPceMask, &supportedLceMask, &pcesPerHshub) @ kernel_ce_gp100.c:62
[  341.961716] NVRM: nvCheckOkFailedNoLog: Check failed: Call not supported [NV_ERR_NOT_SUPPORTED] (0x00000056) returned from kgrobjPromoteContext(pGpu, pKernelGraphicsObject, pKernelGraphics) @ kernel_graphics_object.c:224
[  341.962987] NVRM: nvAssertOkFailedNoLog: Assertion failed: Call not supported [NV_ERR_NOT_SUPPORTED] (0x00000056) returned from pRmApi->AllocWithHandle(pRmApi, hClientId, hChannelId, hObj3D, classNum, NULL, 0) @ kernel_graphics.c:2519
[  341.966175] NVRM: vaListDestroy: non-zero mapCount(pVaList): 0x1
[  341.966181] NVRM: vaListDestroy: non-zero mapCount(pVaList): 0x1
[  341.966184] NVRM: vaListDestroy: non-zero mapCount(pVaList): 0x1
[  341.966186] NVRM: vaListDestroy: non-zero mapCount(pVaList): 0x1
[  341.972394] NVRM: nvCheckOkFailedNoLog: Check failed: Call not supported [NV_ERR_NOT_SUPPORTED] (0x00000056) returned from kgraphicsCreateGoldenImageChannel(pGpu, pKernelGraphics) @ kernel_graphics.c:508
[  341.972428] NVRM: nvAssertFailedNoLog: Assertion failed: 0 @ kernel_fifo.c:3129
[  341.992707] NVRM: rpcRmApiAlloc_GSP: GspRmAlloc failed: hClient=0xc1d00050; hParent=0x31415903; hObject=0x31415900; hClass=0x0000c36f; paramsSize=0x00000170; paramsStatus=0x00000056; status=0x00000056
[  341.992719] NVRM: nvAssertOkFailedNoLog: Assertion failed: Call not supported [NV_ERR_NOT_SUPPORTED] (0x00000056) returned from status @ kernel_channel.c:2827
[  341.992752] NVRM: nvAssertOkFailedNoLog: Assertion failed: Call not supported [NV_ERR_NOT_SUPPORTED] (0x00000056) returned from _kchannelSendChannelAllocRpc(pKernelChannel, pChannelGpfifoParams, pKernelChannelGroup, bFullSriov) @ kernel_channel.c:940
[  341.997470] NVRM: nvAssertFailedNoLog: Assertion failed: status == NV_OK @ kernel_rc_watchdog.c:1198
[  342.004535] NVRM: rpcRmApiAlloc_GSP: GspRmAlloc failed: hClient=0xc1d00051; hParent=0xcaf00001; hObject=0xcaf00002; hClass=0x0000402c; paramsSize=0x00000000; paramsStatus=0x00000056; status=0x00000056
[  524.892150] NVRM: kgmmuClientShadowFaultBufferUnregister_IMPL: Unregistering non-replayable fault buffer failed (status=0x00000056), proceeding...
[  524.893579] NVRM: kgmmuFaultBufferReplayableDestroy_IMPL: Unregistering Replayable Fault buffer failed (status=0x00000056), proceeding...
[  524.895707] NVRM: uvmTerminateAccessCntrBuffer_IMPL: Unloading UVM Access counters failed (status=0x00000056), proceeding...
[  525.182397] NVRM: nvAssertFailedNoLog: Assertion failed: (status == NV_OK) || (status == NV_ERR_GPU_IN_FULLCHIP_RESET) @ fecs_event_list.c:1623
[  525.206970] NVRM: nvCheckOkFailedNoLog: Check failed: Call not supported [NV_ERR_NOT_SUPPORTED] (0x00000056) returned from pRmApi->Control(pRmApi, pGpu->hInternalClient, pGpu->hInternalSubdevice, NV2080_CTRL_CMD_INTERNAL_INIT_USER_SHARED_DATA, &params, sizeof(params)) @ gpu_user_shared_data.c:213
[  529.207080] NVRM: _threadNodeCheckTimeout: _threadNodeCheckTimeout: currentTime: f4274a6e00a80 >= f4274a6e00a80
[  529.207102] NVRM: _threadNodeCheckTimeout: _threadNodeCheckTimeout: Timeout was set to: 4000 msecs!
[  529.207144] NVRM: nvAssertOkFailedNoLog: Assertion failed: Call timed out [NV_ERR_TIMEOUT] (0x00000065) returned from Failed to switch core to Falcon mode @ kernel_falcon_ga102.c:169
[  529.225178] NVRM: _threadNodeCheckTimeout: _threadNodeCheckTimeout: currentTime: f4274a7f2b300 >= f4274a6e00a80
[  529.225185] NVRM: _threadNodeCheckTimeout: _threadNodeCheckTimeout: Timeout was set to: 4000 msecs!
[  529.225193] NVRM: kflcnWaitForHalt_TU102: Timeout waiting for Falcon to halt
[  529.225197] NVRM: kgspExecuteFwsec_TU102: failed to execute FWSEC cmd 0x19: status 0x65
[  529.225199] NVRM: kgspExecuteFwsec_TU102: (note: VBIOS version 94.18.00.00.00)
[  529.225203] NVRM: kgspTeardown_TU102: failed to execute FWSEC-SB for PreOsApps during driver unload: 0x65
[  529.225206] NVRM: nvAssertFailedNoLog: Assertion failed: FWSEC-SB failed @ kernel_gsp_tu102.c:655
[  533.694926] NVRM: nvAssertOkFailedNoLog: Assertion failed: Call not supported [NV_ERR_NOT_SUPPORTED] (0x00000056) returned from pRmApi->Control(pRmApi, pGpu->hInternalClient, pGpu->hInternalSubdevice, NV2080_CTRL_CMD_INTERNAL_INIT_USER_SHARED_DATA, &params, sizeof(params)) @ gpu_user_shared_data.c:233
[  533.695203] NVRM: nvAssertOkFailedNoLog: Assertion failed: Call not supported [NV_ERR_NOT_SUPPORTED] (0x00000056) returned from pRmApi->Control(pRmApi, pGpu->hInternalClient, pGpu->hInternalSubdevice, NV2080_CTRL_CMD_INTERNAL_USER_SHARED_DATA_SET_DATA_POLL, &params, sizeof(params)) @ gpu_user_shared_data.c:268
[  533.710173] NVRM: kperfGpuBoostSyncStateInit_IMPL: Failed to read Sync Gpu Boost init state, status=0x56
[  533.714515] NVRM: kperfGpuBoostSyncStateInit_IMPL: Failed to read Sync Gpu Boost init state, status=0x56
[  533.714595] NVRM: nvAssertOkFailedNoLog: Assertion failed: Call not supported [NV_ERR_NOT_SUPPORTED] (0x00000056) returned from pRmApi->Control(pRmApi, pGpu->hInternalClient, pGpu->hInternalSubdevice, NV2080_CTRL_CMD_INTERNAL_CE_GET_PCE_CONFIG_FOR_LCE_TYPE, &pceConfigParams, sizeof(pceConfigParams)) @ kernel_ce.c:1020
[  533.714611] NVRM: nvAssertOkFailedNoLog: Assertion failed: Call not supported [NV_ERR_NOT_SUPPORTED] (0x00000056) returned from kceGetPceConfigForLceType(pGpu, pKCe, NV2080_CTRL_CE_LCE_TYPE_DECOMP, &numPcesPerLce, &numLces, &supportedPceMask, &supportedLceMask, &pcesPerHshub) @ kernel_ce_gp100.c:62
[  534.033895] NVRM: nvCheckOkFailedNoLog: Check failed: Call not supported [NV_ERR_NOT_SUPPORTED] (0x00000056) returned from kgrobjPromoteContext(pGpu, pKernelGraphicsObject, pKernelGraphics) @ kernel_graphics_object.c:224
[  534.035172] NVRM: nvAssertOkFailedNoLog: Assertion failed: Call not supported [NV_ERR_NOT_SUPPORTED] (0x00000056) returned from pRmApi->AllocWithHandle(pRmApi, hClientId, hChannelId, hObj3D, classNum, NULL, 0) @ kernel_graphics.c:2519
[  534.038484] NVRM: vaListDestroy: non-zero mapCount(pVaList): 0x1
[  534.038491] NVRM: vaListDestroy: non-zero mapCount(pVaList): 0x1
[  534.038495] NVRM: vaListDestroy: non-zero mapCount(pVaList): 0x1
[  534.038498] NVRM: vaListDestroy: non-zero mapCount(pVaList): 0x1
[  534.044210] NVRM: nvCheckOkFailedNoLog: Check failed: Call not supported [NV_ERR_NOT_SUPPORTED] (0x00000056) returned from kgraphicsCreateGoldenImageChannel(pGpu, pKernelGraphics) @ kernel_graphics.c:508
[  534.044234] NVRM: nvAssertFailedNoLog: Assertion failed: 0 @ kernel_fifo.c:3129
[  534.062315] NVRM: rpcRmApiAlloc_GSP: GspRmAlloc failed: hClient=0xc1d0005d; hParent=0x31415903; hObject=0x31415900; hClass=0x0000c36f; paramsSize=0x00000170; paramsStatus=0x00000056; status=0x00000056
[  534.062339] NVRM: nvAssertOkFailedNoLog: Assertion failed: Call not supported [NV_ERR_NOT_SUPPORTED] (0x00000056) returned from status @ kernel_channel.c:2827
[  534.062389] NVRM: nvAssertOkFailedNoLog: Assertion failed: Call not supported [NV_ERR_NOT_SUPPORTED] (0x00000056) returned from _kchannelSendChannelAllocRpc(pKernelChannel, pChannelGpfifoParams, pKernelChannelGroup, bFullSriov) @ kernel_channel.c:940
[  534.065580] NVRM: nvAssertFailedNoLog: Assertion failed: status == NV_OK @ kernel_rc_watchdog.c:1198
[  534.070475] NVRM: rpcRmApiAlloc_GSP: GspRmAlloc failed: hClient=0xc1d0005e; hParent=0xcaf00001; hObject=0xcaf00002; hClass=0x0000402c; paramsSize=0x00000000; paramsStatus=0x00000056; status=0x00000056
[  718.285118] NVRM: kgmmuClientShadowFaultBufferUnregister_IMPL: Unregistering non-replayable fault buffer failed (status=0x00000056), proceeding...
[  718.286752] NVRM: kgmmuFaultBufferReplayableDestroy_IMPL: Unregistering Replayable Fault buffer failed (status=0x00000056), proceeding...
[  718.288477] NVRM: uvmTerminateAccessCntrBuffer_IMPL: Unloading UVM Access counters failed (status=0x00000056), proceeding...
[  718.532636] NVRM: nvAssertFailedNoLog: Assertion failed: (status == NV_OK) || (status == NV_ERR_GPU_IN_FULLCHIP_RESET) @ fecs_event_list.c:1623
[  718.550437] NVRM: nvCheckOkFailedNoLog: Check failed: Call not supported [NV_ERR_NOT_SUPPORTED] (0x00000056) returned from pRmApi->Control(pRmApi, pGpu->hInternalClient, pGpu->hInternalSubdevice, NV2080_CTRL_CMD_INTERNAL_INIT_USER_SHARED_DATA, &params, sizeof(params)) @ gpu_user_shared_data.c:213
[  722.550122] NVRM: _threadNodeCheckTimeout: _threadNodeCheckTimeout: currentTime: f42a1ab041840 >= f42a1ab041840
[  722.550152] NVRM: _threadNodeCheckTimeout: _threadNodeCheckTimeout: Timeout was set to: 4000 msecs!
[  722.550177] NVRM: nvAssertOkFailedNoLog: Assertion failed: Call timed out [NV_ERR_TIMEOUT] (0x00000065) returned from Failed to switch core to Falcon mode @ kernel_falcon_ga102.c:169
[  722.569203] NVRM: _threadNodeCheckTimeout: _threadNodeCheckTimeout: currentTime: f42a1ac260300 >= f42a1ab041840
[  722.569223] NVRM: _threadNodeCheckTimeout: _threadNodeCheckTimeout: Timeout was set to: 4000 msecs!
[  722.569234] NVRM: kflcnWaitForHalt_TU102: Timeout waiting for Falcon to halt
[  722.569343] NVRM: kgspExecuteFwsec_TU102: failed to execute FWSEC cmd 0x19: status 0x65
[  722.569347] NVRM: kgspExecuteFwsec_TU102: (note: VBIOS version 94.18.00.00.00)
[  722.569350] NVRM: kgspTeardown_TU102: failed to execute FWSEC-SB for PreOsApps during driver unload: 0x65
[  722.569354] NVRM: nvAssertFailedNoLog: Assertion failed: FWSEC-SB failed @ kernel_gsp_tu102.c:655
[  727.258380] NVRM: nvAssertOkFailedNoLog: Assertion failed: Call not supported [NV_ERR_NOT_SUPPORTED] (0x00000056) returned from pRmApi->Control(pRmApi, pGpu->hInternalClient, pGpu->hInternalSubdevice, NV2080_CTRL_CMD_INTERNAL_INIT_USER_SHARED_DATA, &params, sizeof(params)) @ gpu_user_shared_data.c:233
[  727.258502] NVRM: nvAssertOkFailedNoLog: Assertion failed: Call not supported [NV_ERR_NOT_SUPPORTED] (0x00000056) returned from pRmApi->Control(pRmApi, pGpu->hInternalClient, pGpu->hInternalSubdevice, NV2080_CTRL_CMD_INTERNAL_USER_SHARED_DATA_SET_DATA_POLL, &params, sizeof(params)) @ gpu_user_shared_data.c:268
[  727.275777] NVRM: kperfGpuBoostSyncStateInit_IMPL: Failed to read Sync Gpu Boost init state, status=0x56
[  727.280779] NVRM: kperfGpuBoostSyncStateInit_IMPL: Failed to read Sync Gpu Boost init state, status=0x56
[  727.280890] NVRM: nvAssertOkFailedNoLog: Assertion failed: Call not supported [NV_ERR_NOT_SUPPORTED] (0x00000056) returned from pRmApi->Control(pRmApi, pGpu->hInternalClient, pGpu->hInternalSubdevice, NV2080_CTRL_CMD_INTERNAL_CE_GET_PCE_CONFIG_FOR_LCE_TYPE, &pceConfigParams, sizeof(pceConfigParams)) @ kernel_ce.c:1020
[  727.280899] NVRM: nvAssertOkFailedNoLog: Assertion failed: Call not supported [NV_ERR_NOT_SUPPORTED] (0x00000056) returned from kceGetPceConfigForLceType(pGpu, pKCe, NV2080_CTRL_CE_LCE_TYPE_DECOMP, &numPcesPerLce, &numLces, &supportedPceMask, &supportedLceMask, &pcesPerHshub) @ kernel_ce_gp100.c:62
[  727.611279] NVRM: nvCheckOkFailedNoLog: Check failed: Call not supported [NV_ERR_NOT_SUPPORTED] (0x00000056) returned from kgrobjPromoteContext(pGpu, pKernelGraphicsObject, pKernelGraphics) @ kernel_graphics_object.c:224
[  727.612273] NVRM: nvAssertOkFailedNoLog: Assertion failed: Call not supported [NV_ERR_NOT_SUPPORTED] (0x00000056) returned from pRmApi->AllocWithHandle(pRmApi, hClientId, hChannelId, hObj3D, classNum, NULL, 0) @ kernel_graphics.c:2519
[  727.614893] NVRM: vaListDestroy: non-zero mapCount(pVaList): 0x1
[  727.614901] NVRM: vaListDestroy: non-zero mapCount(pVaList): 0x1
[  727.614905] NVRM: vaListDestroy: non-zero mapCount(pVaList): 0x1
[  727.614908] NVRM: vaListDestroy: non-zero mapCount(pVaList): 0x1
[  727.620658] NVRM: nvCheckOkFailedNoLog: Check failed: Call not supported [NV_ERR_NOT_SUPPORTED] (0x00000056) returned from kgraphicsCreateGoldenImageChannel(pGpu, pKernelGraphics) @ kernel_graphics.c:508
[  727.620687] NVRM: nvAssertFailedNoLog: Assertion failed: 0 @ kernel_fifo.c:3129
[  727.641303] NVRM: rpcRmApiAlloc_GSP: GspRmAlloc failed: hClient=0xc1d0006a; hParent=0x31415903; hObject=0x31415900; hClass=0x0000c36f; paramsSize=0x00000170; paramsStatus=0x00000056; status=0x00000056
[  727.641312] NVRM: nvAssertOkFailedNoLog: Assertion failed: Call not supported [NV_ERR_NOT_SUPPORTED] (0x00000056) returned from status @ kernel_channel.c:2827
[  727.641321] NVRM: nvAssertOkFailedNoLog: Assertion failed: Call not supported [NV_ERR_NOT_SUPPORTED] (0x00000056) returned from _kchannelSendChannelAllocRpc(pKernelChannel, pChannelGpfifoParams, pKernelChannelGroup, bFullSriov) @ kernel_channel.c:940
[  727.645399] NVRM: nvAssertFailedNoLog: Assertion failed: status == NV_OK @ kernel_rc_watchdog.c:1198
[  727.651106] NVRM: rpcRmApiAlloc_GSP: GspRmAlloc failed: hClient=0xc1d0006b; hParent=0xcaf00001; hObject=0xcaf00002; hClass=0x0000402c; paramsSize=0x00000000; paramsStatus=0x00000056; status=0x00000056
[ 1423.583434] NVRM: kgmmuClientShadowFaultBufferUnregister_IMPL: Unregistering non-replayable fault buffer failed (status=0x00000056), proceeding...
[ 1423.584850] NVRM: kgmmuFaultBufferReplayableDestroy_IMPL: Unregistering Replayable Fault buffer failed (status=0x00000056), proceeding...
[ 1423.586181] NVRM: uvmTerminateAccessCntrBuffer_IMPL: Unloading UVM Access counters failed (status=0x00000056), proceeding...
[ 1423.843627] NVRM: nvAssertFailedNoLog: Assertion failed: (status == NV_OK) || (status == NV_ERR_GPU_IN_FULLCHIP_RESET) @ fecs_event_list.c:1623
[ 1423.859633] NVRM: nvCheckOkFailedNoLog: Check failed: Call not supported [NV_ERR_NOT_SUPPORTED] (0x00000056) returned from pRmApi->Control(pRmApi, pGpu->hInternalClient, pGpu->hInternalSubdevice, NV2080_CTRL_CMD_INTERNAL_INIT_USER_SHARED_DATA, &params, sizeof(params)) @ gpu_user_shared_data.c:213
[ 1427.859126] NVRM: _threadNodeCheckTimeout: _threadNodeCheckTimeout: currentTime: f4345e2b55980 >= f4345e2b55980
[ 1427.859135] NVRM: _threadNodeCheckTimeout: _threadNodeCheckTimeout: Timeout was set to: 4000 msecs!
[ 1427.859162] NVRM: nvAssertOkFailedNoLog: Assertion failed: Call timed out [NV_ERR_TIMEOUT] (0x00000065) returned from Failed to switch core to Falcon mode @ kernel_falcon_ga102.c:169
[ 1427.878298] NVRM: _threadNodeCheckTimeout: _threadNodeCheckTimeout: currentTime: f4345e3d74440 >= f4345e2b55980
[ 1427.878429] NVRM: _threadNodeCheckTimeout: _threadNodeCheckTimeout: Timeout was set to: 4000 msecs!
[ 1427.878438] NVRM: kflcnWaitForHalt_TU102: Timeout waiting for Falcon to halt
[ 1427.878442] NVRM: kgspExecuteFwsec_TU102: failed to execute FWSEC cmd 0x19: status 0x65
[ 1427.878445] NVRM: kgspExecuteFwsec_TU102: (note: VBIOS version 94.18.00.00.00)
[ 1427.878449] NVRM: kgspTeardown_TU102: failed to execute FWSEC-SB for PreOsApps during driver unload: 0x65
[ 1427.878452] NVRM: nvAssertFailedNoLog: Assertion failed: FWSEC-SB failed @ kernel_gsp_tu102.c:655
[ 1432.549424] NVRM: nvAssertOkFailedNoLog: Assertion failed: Call not supported [NV_ERR_NOT_SUPPORTED] (0x00000056) returned from pRmApi->Control(pRmApi, pGpu->hInternalClient, pGpu->hInternalSubdevice, NV2080_CTRL_CMD_INTERNAL_INIT_USER_SHARED_DATA, &params, sizeof(params)) @ gpu_user_shared_data.c:233
[ 1432.549579] NVRM: nvAssertOkFailedNoLog: Assertion failed: Call not supported [NV_ERR_NOT_SUPPORTED] (0x00000056) returned from pRmApi->Control(pRmApi, pGpu->hInternalClient, pGpu->hInternalSubdevice, NV2080_CTRL_CMD_INTERNAL_USER_SHARED_DATA_SET_DATA_POLL, &params, sizeof(params)) @ gpu_user_shared_data.c:268
[ 1432.562503] NVRM: kperfGpuBoostSyncStateInit_IMPL: Failed to read Sync Gpu Boost init state, status=0x56
[ 1432.566814] NVRM: kperfGpuBoostSyncStateInit_IMPL: Failed to read Sync Gpu Boost init state, status=0x56
[ 1432.566932] NVRM: nvAssertOkFailedNoLog: Assertion failed: Call not supported [NV_ERR_NOT_SUPPORTED] (0x00000056) returned from pRmApi->Control(pRmApi, pGpu->hInternalClient, pGpu->hInternalSubdevice, NV2080_CTRL_CMD_INTERNAL_CE_GET_PCE_CONFIG_FOR_LCE_TYPE, &pceConfigParams, sizeof(pceConfigParams)) @ kernel_ce.c:1020
[ 1432.566941] NVRM: nvAssertOkFailedNoLog: Assertion failed: Call not supported [NV_ERR_NOT_SUPPORTED] (0x00000056) returned from kceGetPceConfigForLceType(pGpu, pKCe, NV2080_CTRL_CE_LCE_TYPE_DECOMP, &numPcesPerLce, &numLces, &supportedPceMask, &supportedLceMask, &pcesPerHshub) @ kernel_ce_gp100.c:62
[ 1432.905446] NVRM: nvCheckOkFailedNoLog: Check failed: Call not supported [NV_ERR_NOT_SUPPORTED] (0x00000056) returned from kgrobjPromoteContext(pGpu, pKernelGraphicsObject, pKernelGraphics) @ kernel_graphics_object.c:224
[ 1432.906334] NVRM: nvAssertOkFailedNoLog: Assertion failed: Call not supported [NV_ERR_NOT_SUPPORTED] (0x00000056) returned from pRmApi->AllocWithHandle(pRmApi, hClientId, hChannelId, hObj3D, classNum, NULL, 0) @ kernel_graphics.c:2519
[ 1432.908720] NVRM: vaListDestroy: non-zero mapCount(pVaList): 0x1
[ 1432.908814] NVRM: vaListDestroy: non-zero mapCount(pVaList): 0x1
[ 1432.908818] NVRM: vaListDestroy: non-zero mapCount(pVaList): 0x1
[ 1432.908821] NVRM: vaListDestroy: non-zero mapCount(pVaList): 0x1
[ 1432.913829] NVRM: nvCheckOkFailedNoLog: Check failed: Call not supported [NV_ERR_NOT_SUPPORTED] (0x00000056) returned from kgraphicsCreateGoldenImageChannel(pGpu, pKernelGraphics) @ kernel_graphics.c:508
[ 1432.913855] NVRM: nvAssertFailedNoLog: Assertion failed: 0 @ kernel_fifo.c:3129
[ 1432.929541] NVRM: rpcRmApiAlloc_GSP: GspRmAlloc failed: hClient=0xc1d00077; hParent=0x31415903; hObject=0x31415900; hClass=0x0000c36f; paramsSize=0x00000170; paramsStatus=0x00000056; status=0x00000056
[ 1432.929550] NVRM: nvAssertOkFailedNoLog: Assertion failed: Call not supported [NV_ERR_NOT_SUPPORTED] (0x00000056) returned from status @ kernel_channel.c:2827
[ 1432.929558] NVRM: nvAssertOkFailedNoLog: Assertion failed: Call not supported [NV_ERR_NOT_SUPPORTED] (0x00000056) returned from _kchannelSendChannelAllocRpc(pKernelChannel, pChannelGpfifoParams, pKernelChannelGroup, bFullSriov) @ kernel_channel.c:940
[ 1432.933136] NVRM: nvAssertFailedNoLog: Assertion failed: status == NV_OK @ kernel_rc_watchdog.c:1198
[ 1432.937653] NVRM: rpcRmApiAlloc_GSP: GspRmAlloc failed: hClient=0xc1d00078; hParent=0xcaf00001; hObject=0xcaf00002; hClass=0x0000402c; paramsSize=0x00000000; paramsStatus=0x00000056; status=0x00000056
[ 2107.421940] NVRM: kgmmuClientShadowFaultBufferUnregister_IMPL: Unregistering non-replayable fault buffer failed (status=0x00000056), proceeding...
[ 2107.423633] NVRM: kgmmuFaultBufferReplayableDestroy_IMPL: Unregistering Replayable Fault buffer failed (status=0x00000056), proceeding...
[ 2107.425174] NVRM: uvmTerminateAccessCntrBuffer_IMPL: Unloading UVM Access counters failed (status=0x00000056), proceeding...
[ 2107.690408] NVRM: nvAssertFailedNoLog: Assertion failed: (status == NV_OK) || (status == NV_ERR_GPU_IN_FULLCHIP_RESET) @ fecs_event_list.c:1623
[ 2107.714041] NVRM: nvCheckOkFailedNoLog: Check failed: Call not supported [NV_ERR_NOT_SUPPORTED] (0x00000056) returned from pRmApi->Control(pRmApi, pGpu->hInternalClient, pGpu->hInternalSubdevice, NV2080_CTRL_CMD_INTERNAL_INIT_USER_SHARED_DATA, &params, sizeof(params)) @ gpu_user_shared_data.c:213
[ 2111.714078] NVRM: _threadNodeCheckTimeout: _threadNodeCheckTimeout: currentTime: f43e51ba48b40 >= f43e51ba48b40
[ 2111.714086] NVRM: _threadNodeCheckTimeout: _threadNodeCheckTimeout: Timeout was set to: 4000 msecs!
[ 2111.714114] NVRM: nvAssertOkFailedNoLog: Assertion failed: Call timed out [NV_ERR_TIMEOUT] (0x00000065) returned from Failed to switch core to Falcon mode @ kernel_falcon_ga102.c:169
[ 2111.736234] NVRM: _threadNodeCheckTimeout: _threadNodeCheckTimeout: currentTime: f43e51cf43cc0 >= f43e51ba48b40
[ 2111.736243] NVRM: _threadNodeCheckTimeout: _threadNodeCheckTimeout: Timeout was set to: 4000 msecs!
[ 2111.736253] NVRM: kflcnWaitForHalt_TU102: Timeout waiting for Falcon to halt
[ 2111.736257] NVRM: kgspExecuteFwsec_TU102: failed to execute FWSEC cmd 0x19: status 0x65
[ 2111.736260] NVRM: kgspExecuteFwsec_TU102: (note: VBIOS version 94.18.00.00.00)
[ 2111.736263] NVRM: kgspTeardown_TU102: failed to execute FWSEC-SB for PreOsApps during driver unload: 0x65
[ 2111.736266] NVRM: nvAssertFailedNoLog: Assertion failed: FWSEC-SB failed @ kernel_gsp_tu102.c:655
[ 2116.618792] NVRM: nvAssertOkFailedNoLog: Assertion failed: Call not supported [NV_ERR_NOT_SUPPORTED] (0x00000056) returned from pRmApi->Control(pRmApi, pGpu->hInternalClient, pGpu->hInternalSubdevice, NV2080_CTRL_CMD_INTERNAL_INIT_USER_SHARED_DATA, &params, sizeof(params)) @ gpu_user_shared_data.c:233
[ 2116.618904] NVRM: nvAssertOkFailedNoLog: Assertion failed: Call not supported [NV_ERR_NOT_SUPPORTED] (0x00000056) returned from pRmApi->Control(pRmApi, pGpu->hInternalClient, pGpu->hInternalSubdevice, NV2080_CTRL_CMD_INTERNAL_USER_SHARED_DATA_SET_DATA_POLL, &params, sizeof(params)) @ gpu_user_shared_data.c:268
[ 2116.632235] NVRM: kperfGpuBoostSyncStateInit_IMPL: Failed to read Sync Gpu Boost init state, status=0x56
[ 2116.636768] NVRM: kperfGpuBoostSyncStateInit_IMPL: Failed to read Sync Gpu Boost init state, status=0x56
[ 2116.636890] NVRM: nvAssertOkFailedNoLog: Assertion failed: Call not supported [NV_ERR_NOT_SUPPORTED] (0x00000056) returned from pRmApi->Control(pRmApi, pGpu->hInternalClient, pGpu->hInternalSubdevice, NV2080_CTRL_CMD_INTERNAL_CE_GET_PCE_CONFIG_FOR_LCE_TYPE, &pceConfigParams, sizeof(pceConfigParams)) @ kernel_ce.c:1020
[ 2116.636900] NVRM: nvAssertOkFailedNoLog: Assertion failed: Call not supported [NV_ERR_NOT_SUPPORTED] (0x00000056) returned from kceGetPceConfigForLceType(pGpu, pKCe, NV2080_CTRL_CE_LCE_TYPE_DECOMP, &numPcesPerLce, &numLces, &supportedPceMask, &supportedLceMask, &pcesPerHshub) @ kernel_ce_gp100.c:62
[ 2116.894685] NVRM: nvCheckOkFailedNoLog: Check failed: Call not supported [NV_ERR_NOT_SUPPORTED] (0x00000056) returned from kgrobjPromoteContext(pGpu, pKernelGraphicsObject, pKernelGraphics) @ kernel_graphics_object.c:224
[ 2116.895421] NVRM: nvAssertOkFailedNoLog: Assertion failed: Call not supported [NV_ERR_NOT_SUPPORTED] (0x00000056) returned from pRmApi->AllocWithHandle(pRmApi, hClientId, hChannelId, hObj3D, classNum, NULL, 0) @ kernel_graphics.c:2519
[ 2116.897694] NVRM: vaListDestroy: non-zero mapCount(pVaList): 0x1
[ 2116.897699] NVRM: vaListDestroy: non-zero mapCount(pVaList): 0x1
[ 2116.897701] NVRM: vaListDestroy: non-zero mapCount(pVaList): 0x1
[ 2116.897703] NVRM: vaListDestroy: non-zero mapCount(pVaList): 0x1
[ 2116.902281] NVRM: nvCheckOkFailedNoLog: Check failed: Call not supported [NV_ERR_NOT_SUPPORTED] (0x00000056) returned from kgraphicsCreateGoldenImageChannel(pGpu, pKernelGraphics) @ kernel_graphics.c:508
[ 2116.902361] NVRM: nvAssertFailedNoLog: Assertion failed: 0 @ kernel_fifo.c:3129
[ 2116.915631] NVRM: rpcRmApiAlloc_GSP: GspRmAlloc failed: hClient=0xc1d00084; hParent=0x31415903; hObject=0x31415900; hClass=0x0000c36f; paramsSize=0x00000170; paramsStatus=0x00000056; status=0x00000056
[ 2116.915636] NVRM: nvAssertOkFailedNoLog: Assertion failed: Call not supported [NV_ERR_NOT_SUPPORTED] (0x00000056) returned from status @ kernel_channel.c:2827
[ 2116.915642] NVRM: nvAssertOkFailedNoLog: Assertion failed: Call not supported [NV_ERR_NOT_SUPPORTED] (0x00000056) returned from _kchannelSendChannelAllocRpc(pKernelChannel, pChannelGpfifoParams, pKernelChannelGroup, bFullSriov) @ kernel_channel.c:940
[ 2116.918553] NVRM: nvAssertFailedNoLog: Assertion failed: status == NV_OK @ kernel_rc_watchdog.c:1198
[ 2116.924521] NVRM: rpcRmApiAlloc_GSP: GspRmAlloc failed: hClient=0xc1d00085; hParent=0xcaf00001; hObject=0xcaf00002; hClass=0x0000402c; paramsSize=0x00000000; paramsStatus=0x00000056; status=0x00000056
[ 2822.964377] NVRM: kgmmuClientShadowFaultBufferUnregister_IMPL: Unregistering non-replayable fault buffer failed (status=0x00000056), proceeding...
[ 2822.965893] NVRM: kgmmuFaultBufferReplayableDestroy_IMPL: Unregistering Replayable Fault buffer failed (status=0x00000056), proceeding...
[ 2822.967681] NVRM: uvmTerminateAccessCntrBuffer_IMPL: Unloading UVM Access counters failed (status=0x00000056), proceeding...
[ 2823.268554] NVRM: nvAssertFailedNoLog: Assertion failed: (status == NV_OK) || (status == NV_ERR_GPU_IN_FULLCHIP_RESET) @ fecs_event_list.c:1623
[ 2823.298720] NVRM: nvCheckOkFailedNoLog: Check failed: Call not supported [NV_ERR_NOT_SUPPORTED] (0x00000056) returned from pRmApi->Control(pRmApi, pGpu->hInternalClient, pGpu->hInternalSubdevice, NV2080_CTRL_CMD_INTERNAL_INIT_USER_SHARED_DATA, &params, sizeof(params)) @ gpu_user_shared_data.c:213
[ 2827.298168] NVRM: _threadNodeCheckTimeout: _threadNodeCheckTimeout: currentTime: f448bb7c5db40 >= f448bb7c5db40
[ 2827.298178] NVRM: _threadNodeCheckTimeout: _threadNodeCheckTimeout: Timeout was set to: 4000 msecs!
[ 2827.298216] NVRM: nvAssertOkFailedNoLog: Assertion failed: Call timed out [NV_ERR_TIMEOUT] (0x00000065) returned from Failed to switch core to Falcon mode @ kernel_falcon_ga102.c:169
[ 2827.317284] NVRM: _threadNodeCheckTimeout: _threadNodeCheckTimeout: currentTime: f448bb8e7c600 >= f448bb7c5db40
[ 2827.317292] NVRM: _threadNodeCheckTimeout: _threadNodeCheckTimeout: Timeout was set to: 4000 msecs!
[ 2827.317301] NVRM: kflcnWaitForHalt_TU102: Timeout waiting for Falcon to halt
[ 2827.317305] NVRM: kgspExecuteFwsec_TU102: failed to execute FWSEC cmd 0x19: status 0x65
[ 2827.317308] NVRM: kgspExecuteFwsec_TU102: (note: VBIOS version 94.18.00.00.00)
[ 2827.317311] NVRM: kgspTeardown_TU102: failed to execute FWSEC-SB for PreOsApps during driver unload: 0x65
[ 2827.317315] NVRM: nvAssertFailedNoLog: Assertion failed: FWSEC-SB failed @ kernel_gsp_tu102.c:655
