FAST_SUITE_STARTED=2026-09-26T12:39:46+00:00 arms=30 budget=180s
rev=25edb757
ARM                          VERDICT   secs  why
--timer                      PASS      13s   13s
FAST_CELL_ARM arm=timer verdict=PASS secs=13 client_ms=1540
--engines                    PASS      13s   13s
FAST_CELL_ARM arm=engines verdict=PASS secs=13 client_ms=2570
--doorbell-census            PASS      15s   15s
FAST_CELL_ARM arm=doorbell-census verdict=PASS secs=15 client_ms=4699
--gpu-info-sweep             PASS      13s   13s
FAST_CELL_ARM arm=gpu-info-sweep verdict=PASS secs=13 client_ms=1639
--bus-info-sweep             PASS      15s   15s
FAST_CELL_ARM arm=bus-info-sweep verdict=PASS secs=15 client_ms=4820
--concurrency                PASS      27s   27s
FAST_CELL_ARM arm=concurrency verdict=PASS secs=27 client_ms=18080
--defer-liveness             PASS      25s   25s
FAST_CELL_ARM arm=defer-liveness verdict=PASS secs=25 client_ms=13680
--blockage-coverage          PASS      13s   13s
FAST_CELL_ARM arm=blockage-coverage verdict=PASS secs=13 client_ms=2039
--alias-two-vas              PASS      12s   12s
FAST_CELL_ARM arm=alias-two-vas verdict=PASS secs=12 client_ms=1519
--alias-unmap-observe        PASS      13s   13s
FAST_CELL_ARM arm=alias-unmap-observe verdict=PASS secs=13 client_ms=1339
--map-propagation            PASS      12s   12s
FAST_CELL_ARM arm=map-propagation verdict=PASS secs=12 client_ms=1550
--late-map-race              PASS      13s   13s
FAST_CELL_ARM arm=late-map-race verdict=PASS secs=13 client_ms=1740
--missing-page-fault         PASS      15s   15s
FAST_CELL_ARM arm=missing-page-fault verdict=PASS secs=15 client_ms=4730
--uvm-invalidate             PASS      12s   12s
FAST_CELL_ARM arm=uvm-invalidate verdict=PASS secs=12 client_ms=2020
--uvm-mean                   PASS      14s   14s
FAST_CELL_ARM arm=uvm-mean verdict=PASS secs=14 client_ms=2689
--executor-vas               PASS      12s   12s
FAST_CELL_ARM arm=executor-vas verdict=PASS secs=12 client_ms=1660
--guest-ring-channel         PASS      12s   12s
FAST_CELL_ARM arm=guest-ring-channel verdict=PASS secs=12 client_ms=1549
--dictated-ring              PASS      12s   12s
FAST_CELL_ARM arm=dictated-ring verdict=PASS secs=12 client_ms=1380
--dictated-ring-negative     PASS      11s   11s
FAST_CELL_ARM arm=dictated-ring-negative verdict=PASS secs=11 client_ms=1649
--ce-client                  PASS      12s   12s
FAST_CELL_ARM arm=ce-client verdict=PASS secs=12 client_ms=1370
--ce-client-guest-ram        PASS      100s  100s
FAST_CELL_ARM arm=ce-client-guest-ram verdict=PASS secs=100 client_ms=88780
--guest-ram-pin              PASS      12s   12s
FAST_CELL_ARM arm=guest-ram-pin verdict=PASS secs=12 client_ms=1589
--bar1-crossing              PASS      12s   12s
FAST_CELL_ARM arm=bar1-crossing verdict=PASS secs=12 client_ms=1469
--atomics-probe              PASS      12s   12s
FAST_CELL_ARM arm=atomics-probe verdict=PASS secs=12 client_ms=1509
--pce-mask-probe             PASS      12s   12s
FAST_CELL_ARM arm=pce-mask-probe verdict=PASS secs=12 client_ms=1480
--gpga-reserve-probe         PASS      25s   25s
FAST_CELL_ARM arm=gpga-reserve-probe verdict=PASS secs=25 client_ms=14330
--map-stress                 PASS      14s   14s
FAST_CELL_ARM arm=map-stress verdict=PASS secs=14 client_ms=2619
--concurrent-fuzz            PASS      17s   17s
FAST_CELL_ARM arm=concurrent-fuzz verdict=PASS secs=17 client_ms=5710
--cross-client-leak          PASS      12s   12s
FAST_CELL_ARM arm=cross-client-leak verdict=PASS secs=12 client_ms=1640
--rpc-mixed-allocs           PASS      14s   14s
FAST_CELL_ARM arm=rpc-mixed-allocs verdict=PASS secs=14 client_ms=2540

FAST_SUITE_PASS=30 FAST_SUITE_FAIL=0 FAST_SUITE_CRASH=0 NOTRUN=0 ARMS=30
FAST_SUITE_RC=0
