FAST_SUITE_STARTED=2026-09-26T11:24:18+00:00 arms=30 budget=200s
rev=ab5ccced
ARM                          VERDICT   secs  why
--timer                      PASS      18s   18s
FAST_CELL_ARM arm=timer verdict=PASS secs=18 client_ms=1890
--engines                    PASS      19s   19s
FAST_CELL_ARM arm=engines verdict=PASS secs=19 client_ms=3580
--doorbell-census            PASS      21s   21s
FAST_CELL_ARM arm=doorbell-census verdict=PASS secs=21 client_ms=6580
--gpu-info-sweep             PASS      19s   19s
FAST_CELL_ARM arm=gpu-info-sweep verdict=PASS secs=19 client_ms=2300
--bus-info-sweep             PASS      21s   21s
FAST_CELL_ARM arm=bus-info-sweep verdict=PASS secs=21 client_ms=6150
--concurrency                PASS      40s   40s
FAST_CELL_ARM arm=concurrency verdict=PASS secs=40 client_ms=24480
--defer-liveness             PASS      30s   30s
FAST_CELL_ARM arm=defer-liveness verdict=PASS secs=30 client_ms=14319
--blockage-coverage          PASS      17s   17s
FAST_CELL_ARM arm=blockage-coverage verdict=PASS secs=17 client_ms=2340
--alias-two-vas              PASS      18s   18s
FAST_CELL_ARM arm=alias-two-vas verdict=PASS secs=18 client_ms=1859
--alias-unmap-observe        PASS      18s   18s
FAST_CELL_ARM arm=alias-unmap-observe verdict=PASS secs=18 client_ms=2279
--map-propagation            PASS      17s   17s
FAST_CELL_ARM arm=map-propagation verdict=PASS secs=17 client_ms=1620
--late-map-race              PASS      17s   17s
FAST_CELL_ARM arm=late-map-race verdict=PASS secs=17 client_ms=2720
--missing-page-fault         PASS      19s   19s
FAST_CELL_ARM arm=missing-page-fault verdict=PASS secs=19 client_ms=5080
--uvm-invalidate             PASS      17s   17s
FAST_CELL_ARM arm=uvm-invalidate verdict=PASS secs=17 client_ms=3120
--uvm-mean                   PASS      18s   18s
FAST_CELL_ARM arm=uvm-mean verdict=PASS secs=18 client_ms=4090
--executor-vas               PASS      17s   17s
FAST_CELL_ARM arm=executor-vas verdict=PASS secs=17 client_ms=2330
--guest-ring-channel         PASS      16s   16s
FAST_CELL_ARM arm=guest-ring-channel verdict=PASS secs=16 client_ms=2300
--dictated-ring              PASS      18s   18s
FAST_CELL_ARM arm=dictated-ring verdict=PASS secs=18 client_ms=2320
--dictated-ring-negative     PASS      17s   17s
FAST_CELL_ARM arm=dictated-ring-negative verdict=PASS secs=17 client_ms=2410
--ce-client                  PASS      17s   17s
FAST_CELL_ARM arm=ce-client verdict=PASS secs=17 client_ms=2170
--ce-client-guest-ram        PASS      131s  131s
FAST_CELL_ARM arm=ce-client-guest-ram verdict=PASS secs=131 client_ms=116600
--guest-ram-pin              PASS      17s   17s
FAST_CELL_ARM arm=guest-ram-pin verdict=PASS secs=17 client_ms=2240
--bar1-crossing              PASS      17s   17s
FAST_CELL_ARM arm=bar1-crossing verdict=PASS secs=17 client_ms=1750
--atomics-probe              PASS      16s   16s
FAST_CELL_ARM arm=atomics-probe verdict=PASS secs=16 client_ms=2269
--pce-mask-probe             PASS      16s   16s
FAST_CELL_ARM arm=pce-mask-probe verdict=PASS secs=16 client_ms=1949
--gpga-reserve-probe         PASS      31s   31s
FAST_CELL_ARM arm=gpga-reserve-probe verdict=PASS secs=31 client_ms=16189
--map-stress                 PASS      18s   18s
FAST_CELL_ARM arm=map-stress verdict=PASS secs=18 client_ms=3410
--concurrent-fuzz            PASS      25s   25s
FAST_CELL_ARM arm=concurrent-fuzz verdict=PASS secs=25 client_ms=9450
--cross-client-leak          PASS      17s   17s
FAST_CELL_ARM arm=cross-client-leak verdict=PASS secs=17 client_ms=2479
--rpc-mixed-allocs           PASS      18s   18s
FAST_CELL_ARM arm=rpc-mixed-allocs verdict=PASS secs=18 client_ms=3189

FAST_SUITE_PASS=30 FAST_SUITE_FAIL=0 FAST_SUITE_CRASH=0 NOTRUN=0 ARMS=30
FAST_SUITE_RC=0
