=== boot_capture tag=w318bon at 2026-08-14T17:11:09+00:00 ===
=== source revision: 44317766 ===
=== qemu binary: -rwxr-xr-x 1 root root 88169312 Aug 14 17:10 /workspace/bench/qemu-build/qemu-system-x86_64 ===
=== archive rev STAMPED IN THE BINARY: kayfabe-rev:44317766eca471e1a59ddfc56ea0fd59077d84a8 
=== BUILD_REV.txt says (informational, NOT authoritative): 28cf456
=== helpers (KAYFABE_BENCH_HELPERS=repo) ===
    used: /workspace/kayfabe_w318/scripts/bench/boot_nvkvm.sh  sha256=a1daa5c4c557180f
    used: /workspace/kayfabe_w318/scripts/bench/gssh_nv  sha256=1785ac20cc7af28d
WAS_LOADED
MODPROBE_RC=0
=== nvidia-smi (the device open) ===
Fri Aug 14 17:11:21 2026       
+-----------------------------------------------------------------------------------------+
| NVIDIA-SMI 580.159.04             Driver Version: 580.159.04     CUDA Version: 13.0     |
+-----------------------------------------+------------------------+----------------------+
| GPU  Name                 Persistence-M | Bus-Id          Disp.A | Volatile Uncorr. ECC |
| Fan  Temp   Perf          Pwr:Usage/Cap |           Memory-Usage | GPU-Util  Compute M. |
|                                         |                        |               MIG M. |
|=========================================+========================+======================|
|   0  ERR!                           Off |   00000000:00:03.0 Off |                  N/A |
| N/A   N/A  N/A             N/A  /  N/A  |       0MiB /  12288MiB |     N/A      Default |
|                                         |                        |                  N/A |
+-----------------------------------------+------------------------+----------------------+

+-----------------------------------------------------------------------------------------+
| Processes:                                                                              |
|  GPU   GI   CI              PID   Type   Process name                        GPU Memory |
|        ID   ID                                                               Usage      |
|=========================================================================================|
|  No running processes found                                                             |
+-----------------------------------------------------------------------------------------+
SMI_RC=0
=== /dev nodes (AFTER the open — they are created by it) ===
crw-rw-rw- 1 root root 237,   0 Aug 14 17:11 /dev/nvidia-uvm
crw-rw-rw- 1 root root 237,   1 Aug 14 17:11 /dev/nvidia-uvm-tools
crw-rw-rw- 1 root root 195,   0 Aug 14 17:11 /dev/nvidia0
crw-rw-rw- 1 root root 195, 255 Aug 14 17:11 /dev/nvidiactl

/dev/nvidia-caps:
total 0
drwxr-xr-x  2 root root     80 Aug 14 17:11 .
drwxr-xr-x 18 root root   4000 Aug 14 17:11 ..
cr--------  1 root root 240, 1 Aug 14 17:11 nvidia-cap1
cr--r--r--  1 root root 240, 2 Aug 14 17:11 nvidia-cap2
=== lsmod ===
nvidia_uvm           2166784  0
nvidia              14417920  1 nvidia_uvm
ecc                    45056  1 nvidia
=== POST_CAPTURE_HOOK /workspace/kayfabe_w318/scripts/bench/cup8bench_hook.sh at 2026-08-14T17:11:25+00:00 ===
BENCH_ONLY=measure
=== source (md5 — a run cannot silently be a different copy) ===
    /workspace/kayfabe_w318/scripts/bench/cup8bench.c          411 lines  md5 4696109cf0bf64c3bedaf90a9dc13e93
BENCH_SRC_MD5=4696109cf0bf64c3bedaf90a9dc13e93
    ★ THE SAME FILE the native arm builds — w311_native.sh copies THIS path. The md5 is
      printed by both arms so 'same source' is a comparison, not a template sentence.
BENCH_PARAMS sizes=512 iters=12 batch=10 verify=1

=== ★★★ GUEST PRECONDITION 1 — the PTX JIT (cuModuleLoadData needs it) ===
    /usr/lib/x86_64-linux-gnu/libnvidia-ptxjitcompiler.so
    /usr/lib/x86_64-linux-gnu/libnvidia-ptxjitcompiler.so.1
    /usr/lib/x86_64-linux-gnu/libnvidia-ptxjitcompiler.so.580.159.04
BENCH_JIT_PRESENT=yes

=== ★★ GUEST PRECONDITION 2 — HOST-SIDE RAM. cup8bench mallocs 3 x N^2 x 4 per size ===
    ⊘ At N=2048 that is 48 MiB of GUEST RAM. If malloc fails it prints 'OOM host' and
      exits 1 — a GUEST-IMAGE failure, not our address plane.
                   total        used        free      shared  buff/cache   available
    Mem:            1967         335        1358           0         419        1632
BENCH_GUEST_MEMFREE_MB=1368

=== push + build in the guest ===
    ⊘ cup8bench.c does NOT include <cuda.h>: it declares the Driver-API entry points it
      uses, so guest and host build it with the same one-line gcc invocation. That is
      what makes the two arms comparable at all.
BENCH_GCC_RC=0
BENCH_GUEST_SRC_MD5=4696109cf0bf64c3bedaf90a9dc13e93

=== launch [measure] DETACHED under its own 1100s timeout ===
    LAUNCHED pid=1791
    STARTED 2026-08-14T17:11:30+00:00 epoch=1786727490
=== waiting for [measure] terminator — deadline 1220s from now ===
    [+1s] BENCH_MODE=MEASURE
    [+8s] ok   cuDeviceGet(&d,0)
    [+15s] DONE
    [+20s] ★ terminator present
BENCH_measure_TERMINATOR_SEEN=yes
BENCH_measure_HOOK_WAITED_S=20
BENCH_measure_WALL_S=18
BENCH_measure_RC=0

=== ★ [measure] FULL OUTPUT, verbatim (⚠ INDENTED — the graded lines below are NOT) ===
    BENCH_BUILD sizes=[512] iters=12 batch=10 verify_every=1 nolaunch=0
    BENCH_CLOCK_ORIGIN mono_ms=34453.699 real_ms=1786727490648.803
    BENCH_MODE=MEASURE
    ok   cuInit(0)
    BENCH_INIT_MS=6596.07
    ok   cuDeviceGetCount(&nd)
    ok   cuDeviceGet(&d,0)
    BENCH_DEVICE=[]
    ok   cuCtxCreate_v2(&ctx,0,d)
    BENCH_CTX_MS=5432.93
    ok   cuModuleLoadData(&mod,PTX)
    BENCH_MODULE_MS=10.39
    ok   cuModuleGetFunction(&fn,mod,"mm")
    
    BENCH_SIZE_BEGIN N=512 per_matrix_MiB=1 device_MiB=3
    B512_ALLOC_MS=8.73
    B512_PTRS=A:0x7ec03e200000,B:0x7ec03e300000,C:0x7ec03e400000
    B512_H2D_MS=29.79  (2 x 1 MiB)
    B512_GRID=(32,32)x(16,16)
    ITER N=512 i=0 launch_ms=27.684 submit_ms=3.844 sync_ms=23.841 t0_mono_ms=46563.034 verified=yes bad=0
    ITER N=512 i=1 launch_ms=27.386 submit_ms=3.864 sync_ms=23.522 t0_mono_ms=46601.717 verified=yes bad=0
    ITER N=512 i=2 launch_ms=27.939 submit_ms=4.186 sync_ms=23.753 t0_mono_ms=46639.190 verified=yes bad=0
    ITER N=512 i=3 launch_ms=27.189 submit_ms=3.883 sync_ms=23.306 t0_mono_ms=46677.401 verified=yes bad=0
    ITER N=512 i=4 launch_ms=27.676 submit_ms=4.124 sync_ms=23.552 t0_mono_ms=46714.963 verified=yes bad=0
    ITER N=512 i=5 launch_ms=27.464 submit_ms=4.184 sync_ms=23.281 t0_mono_ms=46753.034 verified=yes bad=0
    ITER N=512 i=6 launch_ms=28.092 submit_ms=3.881 sync_ms=24.211 t0_mono_ms=46791.033 verified=yes bad=0
    ITER N=512 i=7 launch_ms=27.552 submit_ms=3.940 sync_ms=23.612 t0_mono_ms=46829.183 verified=yes bad=0
    ITER N=512 i=8 launch_ms=27.975 submit_ms=4.196 sync_ms=23.779 t0_mono_ms=46867.124 verified=yes bad=0
    ITER N=512 i=9 launch_ms=26.793 submit_ms=4.137 sync_ms=22.656 t0_mono_ms=46905.317 verified=yes bad=0
    ITER N=512 i=10 launch_ms=27.596 submit_ms=3.993 sync_ms=23.603 t0_mono_ms=46942.561 verified=yes bad=0
    ITER N=512 i=11 launch_ms=26.412 submit_ms=4.040 sync_ms=22.371 t0_mono_ms=46980.487 verified=yes bad=0
    
    B512_N=512
    B512_ITERS=12
    B512_FIRST_MS=27.684
    B512_MEDIAN_MS=27.552
    B512_P90_MS=27.975
    B512_MIN_MS=26.412
    B512_MAX_MS=28.092
    B512_MEAN_MS=27.461
    B512_GFLOPS=9.743
    B512_BATCH=10
    B512_BATCH_TOTAL_MS=118.162
    B512_BATCH_PER_LAUNCH_MS=11.816
    B512_BATCH_GFLOPS=22.718
    B512_BATCH_BAD=0
    B512_H2D_MS=29.794
    B512_D2H_MED_MS=5.011
    B512_ALLOC_MS2=8.732
    B512_SUBMIT_MED_MS=4.040
    B512_SYNC_MED_MS=23.552
    B512_SUBMIT_MAX_MS=4.196
    B512_SYNC_MAX_MS=24.211
    B512_WINDOW_MONO_MS=46563.034..47006.898
    B512_BAD=0
    B512_MAXERR=0
    BSUM N=512 iters=12 first_ms=27.684 med_ms=27.552 p90_ms=27.975 min_ms=26.412 max_ms=28.092 gflops=9.743 batch_per_launch_ms=11.816 batch_gflops=22.718 h2d_ms=29.794 d2h_med_ms=5.011 submit_med_ms=4.040 sync_med_ms=23.552 bad=0 maxerr=0
    BENCH_SIZE_END N=512
    BENCH_CLOCK_END mono_ms=47150.108 real_ms=1786727503901.929
    
    BENCH_SIZES_DONE=1
    BENCH_TOTAL_BAD=0
    BENCH_VERDICT: PASS (every timed iteration verified)
    DONE
BENCH_MEASURE_OUT_BYTES=2746

=== ★★★★★ THE GUEST METRICS — anchored, one line per measured quantity ===
GUEST_B512_ALLOC_MS=8.73
GUEST_B512_PTRS=A:0x7ec03e200000,B:0x7ec03e300000,C:0x7ec03e400000
GUEST_B512_H2D_MS=29.79  (2 x 1 MiB)
GUEST_B512_GRID=(32,32)x(16,16)
GUEST_B512_N=512
GUEST_B512_ITERS=12
GUEST_B512_FIRST_MS=27.684
GUEST_B512_MEDIAN_MS=27.552
GUEST_B512_P90_MS=27.975
GUEST_B512_MIN_MS=26.412
GUEST_B512_MAX_MS=28.092
GUEST_B512_MEAN_MS=27.461
GUEST_B512_GFLOPS=9.743
GUEST_B512_BATCH=10
GUEST_B512_BATCH_TOTAL_MS=118.162
GUEST_B512_BATCH_PER_LAUNCH_MS=11.816
GUEST_B512_BATCH_GFLOPS=22.718
GUEST_B512_BATCH_BAD=0
GUEST_B512_H2D_MS=29.794
GUEST_B512_D2H_MED_MS=5.011
GUEST_B512_ALLOC_MS2=8.732
GUEST_B512_SUBMIT_MED_MS=4.040
GUEST_B512_SYNC_MED_MS=23.552
GUEST_B512_SUBMIT_MAX_MS=4.196
GUEST_B512_SYNC_MAX_MS=24.211
GUEST_B512_WINDOW_MONO_MS=46563.034..47006.898
GUEST_B512_BAD=0
GUEST_B512_MAXERR=0
GUEST_BSUM N=512 iters=12 first_ms=27.684 med_ms=27.552 p90_ms=27.975 min_ms=26.412 max_ms=28.092 gflops=9.743 batch_per_launch_ms=11.816 batch_gflops=22.718 h2d_ms=29.794 d2h_med_ms=5.011 submit_med_ms=4.040 sync_med_ms=23.552 bad=0 maxerr=0
GUEST_BENCH_DEVICE=[]
GUEST_BENCH_INIT_MS=6596.07
GUEST_BENCH_CTX_MS=5432.93
GUEST_BENCH_MODULE_MS=10.39
GUEST_BENCH_TOTAL_BAD=0
GUEST_BENCH_VERDICT=PASS (every timed iteration verified)
GUEST_SIZES_DONE=1
    ⊘ GUEST_SIZES_DONE counts sizes that reached their own summary. A size that was cut
      off by the deadline is UNMEASURED — it is not a slow measurement, it is none.

=== ★ THE STAGE LADDER — how far it got (furthest ✔ before the first ✘ is the wall) ===
    ✔ BENCH_MODE
    ✔ BENCH_INIT_MS
    ✔ BENCH_DEVICE
    ✔ BENCH_CTX_MS
    ✔ BENCH_MODULE_MS
    ✔ BENCH_SIZE_BEGIN
    ✔ B512_H2D_MS
    ✔ ITER N=512
    ✔ BSUM N=512
    ✘ BSUM N=1024
    ✘ BSUM N=2048
    ✔ BENCH_TOTAL_BAD
    ✔ DONE
    ⊘ ALL ✘ means the output file is empty — a state that needs its own check, NOT 'not yet'.
=== ★ the FAIL line, if the workload named its own failure ===

=== ⊘ NEGATIVE CONTROL SKIPPED (KAYFABE_BENCH_ONLY=measure) — the measurement above
    is UNGUARDED by construction. Say so; do not report it as guarded.
GUEST_NEGCTRL_TOTAL_BAD=SKIPPED_BY_ARM

=== ★ guest dmesg tail (NVRM/Xid land here, not in the serial log) ===
    [   48.210519] NVRM: nvAssertOkFailedNoLog: Assertion failed: Call not supported [NV_ERR_NOT_SUPPORTED] (0x00000056) returned from pRmApi->Control(pRmApi, RES_GET_CLIENT_HANDLE(pKernelChannel), RES_GET_HANDLE(pKernelChannel), NVA06F_CTRL_CMD_STOP_CHANNEL, &stopChannelParams, sizeof(stopChannelParams)) @ nv_gpu_ops.c:10957
    [   48.211972] NVRM: nvAssertOkFailedNoLog: Assertion failed: Call not supported [NV_ERR_NOT_SUPPORTED] (0x00000056) returned from pRmApi->Control(pRmApi, RES_GET_CLIENT_HANDLE(pKernelChannel), RES_GET_HANDLE(pKernelChannel), NVA06F_CTRL_CMD_STOP_CHANNEL, &stopChannelParams, sizeof(stopChannelParams)) @ nv_gpu_ops.c:10957
    [   48.212250] NVRM: nvAssertOkFailedNoLog: Assertion failed: Call not supported [NV_ERR_NOT_SUPPORTED] (0x00000056) returned from pRmApi->Control(pRmApi, retainedChannel->session->handle, retainedChannel->rmSubDevice->subDeviceHandle, NV2080_CTRL_CMD_GPU_EVICT_CTX, &params, sizeof(params)) @ nv_gpu_ops.c:10977
    [   48.213119] NVRM: nvAssertOkFailedNoLog: Assertion failed: Call not supported [NV_ERR_NOT_SUPPORTED] (0x00000056) returned from pRmApi->Control(pRmApi, RES_GET_CLIENT_HANDLE(pKernelChannel), RES_GET_HANDLE(pKernelChannel), NVA06F_CTRL_CMD_STOP_CHANNEL, &stopChannelParams, sizeof(stopChannelParams)) @ nv_gpu_ops.c:10957
    [   48.213347] NVRM: nvAssertOkFailedNoLog: Assertion failed: Call not supported [NV_ERR_NOT_SUPPORTED] (0x00000056) returned from pRmApi->Control(pRmApi, retainedChannel->session->handle, retainedChannel->rmSubDevice->subDeviceHandle, NV2080_CTRL_CMD_GPU_EVICT_CTX, &params, sizeof(params)) @ nv_gpu_ops.c:10977
    [   48.214224] NVRM: nvAssertOkFailedNoLog: Assertion failed: Call not supported [NV_ERR_NOT_SUPPORTED] (0x00000056) returned from pRmApi->Control(pRmApi, RES_GET_CLIENT_HANDLE(pKernelChannel), RES_GET_HANDLE(pKernelChannel), NVA06F_CTRL_CMD_STOP_CHANNEL, &stopChannelParams, sizeof(stopChannelParams)) @ nv_gpu_ops.c:10957
    [   48.214433] NVRM: nvAssertOkFailedNoLog: Assertion failed: Call not supported [NV_ERR_NOT_SUPPORTED] (0x00000056) returned from pRmApi->Control(pRmApi, retainedChannel->session->handle, retainedChannel->rmSubDevice->subDeviceHandle, NV2080_CTRL_CMD_GPU_EVICT_CTX, &params, sizeof(params)) @ nv_gpu_ops.c:10977
    [   48.215318] NVRM: nvAssertOkFailedNoLog: Assertion failed: Call not supported [NV_ERR_NOT_SUPPORTED] (0x00000056) returned from pRmApi->Control(pRmApi, RES_GET_CLIENT_HANDLE(pKernelChannel), RES_GET_HANDLE(pKernelChannel), NVA06F_CTRL_CMD_STOP_CHANNEL, &stopChannelParams, sizeof(stopChannelParams)) @ nv_gpu_ops.c:10957
    [   48.215527] NVRM: nvAssertOkFailedNoLog: Assertion failed: Call not supported [NV_ERR_NOT_SUPPORTED] (0x00000056) returned from pRmApi->Control(pRmApi, retainedChannel->session->handle, retainedChannel->rmSubDevice->subDeviceHandle, NV2080_CTRL_CMD_GPU_EVICT_CTX, &params, sizeof(params)) @ nv_gpu_ops.c:10977
    [   48.216485] NVRM: nvAssertOkFailedNoLog: Assertion failed: Call not supported [NV_ERR_NOT_SUPPORTED] (0x00000056) returned from pRmApi->Control(pRmApi, RES_GET_CLIENT_HANDLE(pKernelChannel), RES_GET_HANDLE(pKernelChannel), NVA06F_CTRL_CMD_STOP_CHANNEL, &stopChannelParams, sizeof(stopChannelParams)) @ nv_gpu_ops.c:10957
    [   48.216704] NVRM: nvAssertOkFailedNoLog: Assertion failed: Call not supported [NV_ERR_NOT_SUPPORTED] (0x00000056) returned from pRmApi->Control(pRmApi, retainedChannel->session->handle, retainedChannel->rmSubDevice->subDeviceHandle, NV2080_CTRL_CMD_GPU_EVICT_CTX, &params, sizeof(params)) @ nv_gpu_ops.c:10977
    [   48.217581] NVRM: nvAssertOkFailedNoLog: Assertion failed: Call not supported [NV_ERR_NOT_SUPPORTED] (0x00000056) returned from pRmApi->Control(pRmApi, RES_GET_CLIENT_HANDLE(pKernelChannel), RES_GET_HANDLE(pKernelChannel), NVA06F_CTRL_CMD_STOP_CHANNEL, &stopChannelParams, sizeof(stopChannelParams)) @ nv_gpu_ops.c:10957
    [   48.217799] NVRM: nvAssertOkFailedNoLog: Assertion failed: Call not supported [NV_ERR_NOT_SUPPORTED] (0x00000056) returned from pRmApi->Control(pRmApi, retainedChannel->session->handle, retainedChannel->rmSubDevice->subDeviceHandle, NV2080_CTRL_CMD_GPU_EVICT_CTX, &params, sizeof(params)) @ nv_gpu_ops.c:10977
    [   48.218722] NVRM: nvAssertOkFailedNoLog: Assertion failed: Call not supported [NV_ERR_NOT_SUPPORTED] (0x00000056) returned from pRmApi->Control(pRmApi, RES_GET_CLIENT_HANDLE(pKernelChannel), RES_GET_HANDLE(pKernelChannel), NVA06F_CTRL_CMD_STOP_CHANNEL, &stopChannelParams, sizeof(stopChannelParams)) @ nv_gpu_ops.c:10957
    [   48.219028] NVRM: nvAssertOkFailedNoLog: Assertion failed: Call not supported [NV_ERR_NOT_SUPPORTED] (0x00000056) returned from pRmApi->Control(pRmApi, retainedChannel->session->handle, retainedChannel->rmSubDevice->subDeviceHandle, NV2080_CTRL_CMD_GPU_EVICT_CTX, &params, sizeof(params)) @ nv_gpu_ops.c:10977
    [   48.219777] NVRM: nvAssertOkFailedNoLog: Assertion failed: Call not supported [NV_ERR_NOT_SUPPORTED] (0x00000056) returned from pRmApi->Control(pRmApi, RES_GET_CLIENT_HANDLE(pKernelChannel), RES_GET_HANDLE(pKernelChannel), NVA06F_CTRL_CMD_STOP_CHANNEL, &stopChannelParams, sizeof(stopChannelParams)) @ nv_gpu_ops.c:10957
    [   48.220104] NVRM: nvAssertOkFailedNoLog: Assertion failed: Call not supported [NV_ERR_NOT_SUPPORTED] (0x00000056) returned from pRmApi->Control(pRmApi, retainedChannel->session->handle, retainedChannel->rmSubDevice->subDeviceHandle, NV2080_CTRL_CMD_GPU_EVICT_CTX, &params, sizeof(params)) @ nv_gpu_ops.c:10977
    [   48.435590] NVRM: kgmmuClientShadowFaultBufferUnregister_IMPL: Unregistering non-replayable fault buffer failed (status=0x00000056), proceeding...
    [   48.436601] NVRM: kgmmuFaultBufferReplayableDestroy_IMPL: Unregistering Replayable Fault buffer failed (status=0x00000056), proceeding...
    [   48.437635] NVRM: uvmTerminateAccessCntrBuffer_IMPL: Unloading UVM Access counters failed (status=0x00000056), proceeding...
    [   48.547506] NVRM: rpcRmApiFree_GSP: GspRmFree failed: hClient=0xc1d0000c; hObject=0x5c000072; paramsStatus=0x00000000; status=0x00000056
    [   48.547513] NVRM: nvAssertFailedNoLog: Assertion failed: (status == NV_OK) || (status == NV_ERR_GPU_IN_FULLCHIP_RESET) @ rs_client.c:844
    [   48.547596] NVRM: nvAssertFailedNoLog: Assertion failed: (status == NV_OK) || (status == NV_ERR_GPU_IN_FULLCHIP_RESET) @ rs_server.c:259
    [   48.547638] NVRM: nvAssertFailedNoLog: Assertion failed: (status == NV_OK) || (status == NV_ERR_GPU_IN_FULLCHIP_RESET) @ rs_server.c:1375
    [   51.724946] NVRM: rpcRmApiFree_GSP: GspRmFree failed: hClient=0xc1d00014; hObject=0xcaf00002; paramsStatus=0x00000000; status=0x00000056
    [   51.724952] NVRM: nvAssertFailedNoLog: Assertion failed: (status == NV_OK) || (status == NV_ERR_GPU_IN_FULLCHIP_RESET) @ rs_client.c:844
    [   51.724998] NVRM: nvAssertFailedNoLog: Assertion failed: (status == NV_OK) || (status == NV_ERR_GPU_IN_FULLCHIP_RESET) @ rs_server.c:259
    [   51.725038] NVRM: nvAssertFailedNoLog: Assertion failed: (status == NV_OK) || (status == NV_ERR_GPU_IN_FULLCHIP_RESET) @ rs_server.c:1375
    [   51.726065] NVRM: nvAssertFailedNoLog: Assertion failed: (status == NV_OK) || (status == NV_ERR_GPU_IN_FULLCHIP_RESET) @ fecs_event_list.c:1623
    [   52.459324] NVRM: nvCheckOkFailedNoLog: Check failed: Call not supported [NV_ERR_NOT_SUPPORTED] (0x00000056) returned from pRmApi->Control(pRmApi, pGpu->hInternalClient, pGpu->hInternalSubdevice, NV2080_CTRL_CMD_INTERNAL_INIT_USER_SHARED_DATA, &params, sizeof(params)) @ gpu_user_shared_data.c:213
GUEST_XID_COUNT=0
=== cup8bench hook DONE ===
HOOK_RC=0
=== HOST dmesg delta for this boot (watermark 3214 → 3214) ===
HOST_DMESG_LINES=0
HOST_DMESG_NVRM=0
0
HOST_DMESG_XID=0
0
