=== boot_capture tag=w318kc at 2026-08-14T17:41:06+00:00 ===
=== source revision: 44317766 ===
=== qemu binary: -rwxr-xr-x 1 root root 88169312 Aug 14 17:40 /workspace/bench/qemu-build/qemu-system-x86_64 ===
=== archive rev STAMPED IN THE BINARY: kayfabe-rev:44317766eca471e1a59ddfc56ea0fd59077d84a8 
=== BUILD_REV.txt says (informational, NOT authoritative): 28cf456
=== helpers (KAYFABE_BENCH_HELPERS=repo) ===
    used: /workspace/kayfabe_w318/scripts/bench/boot_nvkvm.sh  sha256=a1daa5c4c557180f
    used: /workspace/kayfabe_w318/scripts/bench/gssh_nv  sha256=1785ac20cc7af28d
WAS_LOADED
MODPROBE_RC=0
=== nvidia-smi (the device open) ===
Fri Aug 14 17:41:15 2026       
+-----------------------------------------------------------------------------------------+
| NVIDIA-SMI 580.159.04             Driver Version: 580.159.04     CUDA Version: 13.0     |
+-----------------------------------------+------------------------+----------------------+
| GPU  Name                 Persistence-M | Bus-Id          Disp.A | Volatile Uncorr. ECC |
| Fan  Temp   Perf          Pwr:Usage/Cap |           Memory-Usage | GPU-Util  Compute M. |
|                                         |                        |               MIG M. |
|=========================================+========================+======================|
|   0  ERR!                           Off |   00000000:00:03.0 Off |                  N/A |
| N/A   N/A  N/A             N/A  /  N/A  |       0MiB /  12288MiB |     N/A      Default |
|                                         |                        |                  N/A |
+-----------------------------------------+------------------------+----------------------+

+-----------------------------------------------------------------------------------------+
| Processes:                                                                              |
|  GPU   GI   CI              PID   Type   Process name                        GPU Memory |
|        ID   ID                                                               Usage      |
|=========================================================================================|
|  No running processes found                                                             |
+-----------------------------------------------------------------------------------------+
SMI_RC=0
=== /dev nodes (AFTER the open — they are created by it) ===
crw-rw-rw- 1 root root 237,   0 Aug 14 17:41 /dev/nvidia-uvm
crw-rw-rw- 1 root root 237,   1 Aug 14 17:41 /dev/nvidia-uvm-tools
crw-rw-rw- 1 root root 195,   0 Aug 14 17:41 /dev/nvidia0
crw-rw-rw- 1 root root 195, 255 Aug 14 17:41 /dev/nvidiactl

/dev/nvidia-caps:
total 0
drwxr-xr-x  2 root root     80 Aug 14 17:41 .
drwxr-xr-x 18 root root   4000 Aug 14 17:41 ..
cr--------  1 root root 240, 1 Aug 14 17:41 nvidia-cap1
cr--r--r--  1 root root 240, 2 Aug 14 17:41 nvidia-cap2
=== lsmod ===
nvidia_uvm           2166784  0
nvidia              14417920  1 nvidia_uvm
ecc                    45056  1 nvidia
=== POST_CAPTURE_HOOK /workspace/kayfabe_w318/scripts/bench/cup8bench_hook.sh at 2026-08-14T17:41:19+00:00 ===
BENCH_ONLY=measure
=== source (md5 — a run cannot silently be a different copy) ===
    /workspace/kayfabe_w318/scripts/bench/cup8bench.c          411 lines  md5 4696109cf0bf64c3bedaf90a9dc13e93
BENCH_SRC_MD5=4696109cf0bf64c3bedaf90a9dc13e93
    ★ THE SAME FILE the native arm builds — w311_native.sh copies THIS path. The md5 is
      printed by both arms so 'same source' is a comparison, not a template sentence.
BENCH_PARAMS sizes=2048 iters=6 batch=4 verify=1

=== ★★★ GUEST PRECONDITION 1 — the PTX JIT (cuModuleLoadData needs it) ===
    /usr/lib/x86_64-linux-gnu/libnvidia-ptxjitcompiler.so
    /usr/lib/x86_64-linux-gnu/libnvidia-ptxjitcompiler.so.1
    /usr/lib/x86_64-linux-gnu/libnvidia-ptxjitcompiler.so.580.159.04
BENCH_JIT_PRESENT=yes

=== ★★ GUEST PRECONDITION 2 — HOST-SIDE RAM. cup8bench mallocs 3 x N^2 x 4 per size ===
    ⊘ At N=2048 that is 48 MiB of GUEST RAM. If malloc fails it prints 'OOM host' and
      exits 1 — a GUEST-IMAGE failure, not our address plane.
                   total        used        free      shared  buff/cache   available
    Mem:            1967         307        1388           0         417        1659
BENCH_GUEST_MEMFREE_MB=1387

=== push + build in the guest ===
    ⊘ cup8bench.c does NOT include <cuda.h>: it declares the Driver-API entry points it
      uses, so guest and host build it with the same one-line gcc invocation. That is
      what makes the two arms comparable at all.
BENCH_GCC_RC=0
BENCH_GUEST_SRC_MD5=4696109cf0bf64c3bedaf90a9dc13e93

=== launch [measure] DETACHED under its own 1100s timeout ===
    LAUNCHED pid=1791
    STARTED 2026-08-14T17:41:23+00:00 epoch=1786729283
=== waiting for [measure] terminator — deadline 1220s from now ===
    [+1s] BENCH_MODE=MEASURE
    [+9s] ok   cuDeviceGet(&d,0)
    [+22s] ITER N=2048 i=0 launch_ms=628.694 submit_ms=82.115 sync_ms=546.579 t0_mono_ms=52822.437 verified=yes bad=0
    [+29s] ITER N=2048 i=3 launch_ms=450.395 submit_ms=88.770 sync_ms=361.625 t0_mono_ms=58682.683 verified=yes bad=0
    [+37s] DONE
    [+44s] ★ terminator present
BENCH_measure_TERMINATOR_SEEN=yes
BENCH_measure_HOOK_WAITED_S=44
BENCH_measure_WALL_S=41
BENCH_measure_RC=0

=== ★ [measure] FULL OUTPUT, verbatim (⚠ INDENTED — the graded lines below are NOT) ===
    BENCH_BUILD sizes=[2048] iters=6 batch=4 verify_every=1 nolaunch=0
    BENCH_CLOCK_ORIGIN mono_ms=32102.712 real_ms=1786729283592.347
    BENCH_MODE=MEASURE
    ok   cuInit(0)
    BENCH_INIT_MS=5557.48
    ok   cuDeviceGetCount(&nd)
    ok   cuDeviceGet(&d,0)
    BENCH_DEVICE=[]
    ok   cuCtxCreate_v2(&ctx,0,d)
    BENCH_CTX_MS=11670.03
    ok   cuModuleLoadData(&mod,PTX)
    BENCH_MODULE_MS=94.20
    ok   cuModuleGetFunction(&fn,mod,"mm")
    
    BENCH_SIZE_BEGIN N=2048 per_matrix_MiB=16 device_MiB=48
    B2048_ALLOC_MS=10.10
    B2048_PTRS=A:0x7f9c3c200000,B:0x7f9c32000000,C:0x7f9c33000000
    B2048_H2D_MS=2814.87  (2 x 16 MiB)
    B2048_GRID=(128,128)x(16,16)
    ITER N=2048 i=0 launch_ms=628.694 submit_ms=82.115 sync_ms=546.579 t0_mono_ms=52822.437 verified=yes bad=0
    ITER N=2048 i=1 launch_ms=468.720 submit_ms=95.688 sync_ms=373.032 t0_mono_ms=54881.899 verified=yes bad=0
    ITER N=2048 i=2 launch_ms=410.933 submit_ms=64.046 sync_ms=346.887 t0_mono_ms=56653.688 verified=yes bad=0
    ITER N=2048 i=3 launch_ms=450.395 submit_ms=88.770 sync_ms=361.625 t0_mono_ms=58682.683 verified=yes bad=0
    ITER N=2048 i=4 launch_ms=462.018 submit_ms=90.084 sync_ms=371.934 t0_mono_ms=60565.463 verified=yes bad=0
    ITER N=2048 i=5 launch_ms=437.614 submit_ms=75.847 sync_ms=361.767 t0_mono_ms=62471.614 verified=yes bad=0
    
    B2048_N=2048
    B2048_ITERS=6
    B2048_FIRST_MS=628.694
    B2048_MEDIAN_MS=450.395
    B2048_P90_MS=468.720
    B2048_MIN_MS=410.933
    B2048_MAX_MS=468.720
    B2048_MEAN_MS=445.936
    B2048_GFLOPS=38.144
    B2048_BATCH=4
    B2048_BATCH_TOTAL_MS=1517.201
    B2048_BATCH_PER_LAUNCH_MS=379.300
    B2048_BATCH_GFLOPS=45.294
    B2048_BATCH_BAD=0
    B2048_H2D_MS=2814.868
    B2048_D2H_MED_MS=1348.166
    B2048_ALLOC_MS2=10.104
    B2048_SUBMIT_MED_MS=88.770
    B2048_SYNC_MED_MS=361.767
    B2048_SUBMIT_MAX_MS=95.688
    B2048_SYNC_MAX_MS=373.032
    B2048_WINDOW_MONO_MS=52822.437..62909.228
    B2048_BAD=0
    B2048_MAXERR=0
    BSUM N=2048 iters=6 first_ms=628.694 med_ms=450.395 p90_ms=468.720 min_ms=410.933 max_ms=468.720 gflops=38.144 batch_per_launch_ms=379.300 batch_gflops=45.294 h2d_ms=2814.868 d2h_med_ms=1348.166 submit_med_ms=88.770 sync_med_ms=361.767 bad=0 maxerr=0
    BENCH_SIZE_END N=2048
    BENCH_CLOCK_END mono_ms=67217.902 real_ms=1786729319672.146
    
    BENCH_SIZES_DONE=1
    BENCH_TOTAL_BAD=0
    BENCH_VERDICT: PASS (every timed iteration verified)
    DONE
BENCH_MEASURE_OUT_BYTES=2220

=== ★★★★★ THE GUEST METRICS — anchored, one line per measured quantity ===
GUEST_B2048_ALLOC_MS=10.10
GUEST_B2048_PTRS=A:0x7f9c3c200000,B:0x7f9c32000000,C:0x7f9c33000000
GUEST_B2048_H2D_MS=2814.87  (2 x 16 MiB)
GUEST_B2048_GRID=(128,128)x(16,16)
GUEST_B2048_N=2048
GUEST_B2048_ITERS=6
GUEST_B2048_FIRST_MS=628.694
GUEST_B2048_MEDIAN_MS=450.395
GUEST_B2048_P90_MS=468.720
GUEST_B2048_MIN_MS=410.933
GUEST_B2048_MAX_MS=468.720
GUEST_B2048_MEAN_MS=445.936
GUEST_B2048_GFLOPS=38.144
GUEST_B2048_BATCH=4
GUEST_B2048_BATCH_TOTAL_MS=1517.201
GUEST_B2048_BATCH_PER_LAUNCH_MS=379.300
GUEST_B2048_BATCH_GFLOPS=45.294
GUEST_B2048_BATCH_BAD=0
GUEST_B2048_H2D_MS=2814.868
GUEST_B2048_D2H_MED_MS=1348.166
GUEST_B2048_ALLOC_MS2=10.104
GUEST_B2048_SUBMIT_MED_MS=88.770
GUEST_B2048_SYNC_MED_MS=361.767
GUEST_B2048_SUBMIT_MAX_MS=95.688
GUEST_B2048_SYNC_MAX_MS=373.032
GUEST_B2048_WINDOW_MONO_MS=52822.437..62909.228
GUEST_B2048_BAD=0
GUEST_B2048_MAXERR=0
GUEST_BSUM N=2048 iters=6 first_ms=628.694 med_ms=450.395 p90_ms=468.720 min_ms=410.933 max_ms=468.720 gflops=38.144 batch_per_launch_ms=379.300 batch_gflops=45.294 h2d_ms=2814.868 d2h_med_ms=1348.166 submit_med_ms=88.770 sync_med_ms=361.767 bad=0 maxerr=0
GUEST_BENCH_DEVICE=[]
GUEST_BENCH_INIT_MS=5557.48
GUEST_BENCH_CTX_MS=11670.03
GUEST_BENCH_MODULE_MS=94.20
GUEST_BENCH_TOTAL_BAD=0
GUEST_BENCH_VERDICT=PASS (every timed iteration verified)
GUEST_SIZES_DONE=1
    ⊘ GUEST_SIZES_DONE counts sizes that reached their own summary. A size that was cut
      off by the deadline is UNMEASURED — it is not a slow measurement, it is none.

=== ★ THE STAGE LADDER — how far it got (furthest ✔ before the first ✘ is the wall) ===
    ✔ BENCH_MODE
    ✔ BENCH_INIT_MS
    ✔ BENCH_DEVICE
    ✔ BENCH_CTX_MS
    ✔ BENCH_MODULE_MS
    ✔ BENCH_SIZE_BEGIN
    ✘ B512_H2D_MS
    ✘ ITER N=512
    ✘ BSUM N=512
    ✘ BSUM N=1024
    ✔ BSUM N=2048
    ✔ BENCH_TOTAL_BAD
    ✔ DONE
    ⊘ ALL ✘ means the output file is empty — a state that needs its own check, NOT 'not yet'.
=== ★ the FAIL line, if the workload named its own failure ===

=== ⊘ NEGATIVE CONTROL SKIPPED (KAYFABE_BENCH_ONLY=measure) — the measurement above
    is UNGUARDED by construction. Say so; do not report it as guarded.
GUEST_NEGCTRL_TOTAL_BAD=SKIPPED_BY_ARM

=== ★ guest dmesg tail (NVRM/Xid land here, not in the serial log) ===
    [   68.261885] NVRM: nvAssertOkFailedNoLog: Assertion failed: Call not supported [NV_ERR_NOT_SUPPORTED] (0x00000056) returned from pRmApi->Control(pRmApi, RES_GET_CLIENT_HANDLE(pKernelChannel), RES_GET_HANDLE(pKernelChannel), NVA06F_CTRL_CMD_STOP_CHANNEL, &stopChannelParams, sizeof(stopChannelParams)) @ nv_gpu_ops.c:10957
    [   68.262352] NVRM: nvAssertOkFailedNoLog: Assertion failed: Call not supported [NV_ERR_NOT_SUPPORTED] (0x00000056) returned from pRmApi->Control(pRmApi, RES_GET_CLIENT_HANDLE(pKernelChannel), RES_GET_HANDLE(pKernelChannel), NVA06F_CTRL_CMD_STOP_CHANNEL, &stopChannelParams, sizeof(stopChannelParams)) @ nv_gpu_ops.c:10957
    [   68.262661] NVRM: nvAssertOkFailedNoLog: Assertion failed: Call not supported [NV_ERR_NOT_SUPPORTED] (0x00000056) returned from pRmApi->Control(pRmApi, retainedChannel->session->handle, retainedChannel->rmSubDevice->subDeviceHandle, NV2080_CTRL_CMD_GPU_EVICT_CTX, &params, sizeof(params)) @ nv_gpu_ops.c:10977
    [   68.263147] NVRM: nvAssertOkFailedNoLog: Assertion failed: Call not supported [NV_ERR_NOT_SUPPORTED] (0x00000056) returned from pRmApi->Control(pRmApi, RES_GET_CLIENT_HANDLE(pKernelChannel), RES_GET_HANDLE(pKernelChannel), NVA06F_CTRL_CMD_STOP_CHANNEL, &stopChannelParams, sizeof(stopChannelParams)) @ nv_gpu_ops.c:10957
    [   68.263299] NVRM: nvAssertOkFailedNoLog: Assertion failed: Call not supported [NV_ERR_NOT_SUPPORTED] (0x00000056) returned from pRmApi->Control(pRmApi, retainedChannel->session->handle, retainedChannel->rmSubDevice->subDeviceHandle, NV2080_CTRL_CMD_GPU_EVICT_CTX, &params, sizeof(params)) @ nv_gpu_ops.c:10977
    [   68.263984] NVRM: nvAssertOkFailedNoLog: Assertion failed: Call not supported [NV_ERR_NOT_SUPPORTED] (0x00000056) returned from pRmApi->Control(pRmApi, RES_GET_CLIENT_HANDLE(pKernelChannel), RES_GET_HANDLE(pKernelChannel), NVA06F_CTRL_CMD_STOP_CHANNEL, &stopChannelParams, sizeof(stopChannelParams)) @ nv_gpu_ops.c:10957
    [   68.264157] NVRM: nvAssertOkFailedNoLog: Assertion failed: Call not supported [NV_ERR_NOT_SUPPORTED] (0x00000056) returned from pRmApi->Control(pRmApi, retainedChannel->session->handle, retainedChannel->rmSubDevice->subDeviceHandle, NV2080_CTRL_CMD_GPU_EVICT_CTX, &params, sizeof(params)) @ nv_gpu_ops.c:10977
    [   68.264805] NVRM: nvAssertOkFailedNoLog: Assertion failed: Call not supported [NV_ERR_NOT_SUPPORTED] (0x00000056) returned from pRmApi->Control(pRmApi, RES_GET_CLIENT_HANDLE(pKernelChannel), RES_GET_HANDLE(pKernelChannel), NVA06F_CTRL_CMD_STOP_CHANNEL, &stopChannelParams, sizeof(stopChannelParams)) @ nv_gpu_ops.c:10957
    [   68.264985] NVRM: nvAssertOkFailedNoLog: Assertion failed: Call not supported [NV_ERR_NOT_SUPPORTED] (0x00000056) returned from pRmApi->Control(pRmApi, retainedChannel->session->handle, retainedChannel->rmSubDevice->subDeviceHandle, NV2080_CTRL_CMD_GPU_EVICT_CTX, &params, sizeof(params)) @ nv_gpu_ops.c:10977
    [   68.265450] NVRM: nvAssertOkFailedNoLog: Assertion failed: Call not supported [NV_ERR_NOT_SUPPORTED] (0x00000056) returned from pRmApi->Control(pRmApi, RES_GET_CLIENT_HANDLE(pKernelChannel), RES_GET_HANDLE(pKernelChannel), NVA06F_CTRL_CMD_STOP_CHANNEL, &stopChannelParams, sizeof(stopChannelParams)) @ nv_gpu_ops.c:10957
    [   68.265717] NVRM: nvAssertOkFailedNoLog: Assertion failed: Call not supported [NV_ERR_NOT_SUPPORTED] (0x00000056) returned from pRmApi->Control(pRmApi, retainedChannel->session->handle, retainedChannel->rmSubDevice->subDeviceHandle, NV2080_CTRL_CMD_GPU_EVICT_CTX, &params, sizeof(params)) @ nv_gpu_ops.c:10977
    [   68.266173] NVRM: nvAssertOkFailedNoLog: Assertion failed: Call not supported [NV_ERR_NOT_SUPPORTED] (0x00000056) returned from pRmApi->Control(pRmApi, RES_GET_CLIENT_HANDLE(pKernelChannel), RES_GET_HANDLE(pKernelChannel), NVA06F_CTRL_CMD_STOP_CHANNEL, &stopChannelParams, sizeof(stopChannelParams)) @ nv_gpu_ops.c:10957
    [   68.266298] NVRM: nvAssertOkFailedNoLog: Assertion failed: Call not supported [NV_ERR_NOT_SUPPORTED] (0x00000056) returned from pRmApi->Control(pRmApi, retainedChannel->session->handle, retainedChannel->rmSubDevice->subDeviceHandle, NV2080_CTRL_CMD_GPU_EVICT_CTX, &params, sizeof(params)) @ nv_gpu_ops.c:10977
    [   68.266965] NVRM: nvAssertOkFailedNoLog: Assertion failed: Call not supported [NV_ERR_NOT_SUPPORTED] (0x00000056) returned from pRmApi->Control(pRmApi, RES_GET_CLIENT_HANDLE(pKernelChannel), RES_GET_HANDLE(pKernelChannel), NVA06F_CTRL_CMD_STOP_CHANNEL, &stopChannelParams, sizeof(stopChannelParams)) @ nv_gpu_ops.c:10957
    [   68.267116] NVRM: nvAssertOkFailedNoLog: Assertion failed: Call not supported [NV_ERR_NOT_SUPPORTED] (0x00000056) returned from pRmApi->Control(pRmApi, retainedChannel->session->handle, retainedChannel->rmSubDevice->subDeviceHandle, NV2080_CTRL_CMD_GPU_EVICT_CTX, &params, sizeof(params)) @ nv_gpu_ops.c:10977
    [   68.267708] NVRM: nvAssertOkFailedNoLog: Assertion failed: Call not supported [NV_ERR_NOT_SUPPORTED] (0x00000056) returned from pRmApi->Control(pRmApi, RES_GET_CLIENT_HANDLE(pKernelChannel), RES_GET_HANDLE(pKernelChannel), NVA06F_CTRL_CMD_STOP_CHANNEL, &stopChannelParams, sizeof(stopChannelParams)) @ nv_gpu_ops.c:10957
    [   68.267865] NVRM: nvAssertOkFailedNoLog: Assertion failed: Call not supported [NV_ERR_NOT_SUPPORTED] (0x00000056) returned from pRmApi->Control(pRmApi, retainedChannel->session->handle, retainedChannel->rmSubDevice->subDeviceHandle, NV2080_CTRL_CMD_GPU_EVICT_CTX, &params, sizeof(params)) @ nv_gpu_ops.c:10977
    [   68.424367] NVRM: kgmmuClientShadowFaultBufferUnregister_IMPL: Unregistering non-replayable fault buffer failed (status=0x00000056), proceeding...
    [   68.425577] NVRM: kgmmuFaultBufferReplayableDestroy_IMPL: Unregistering Replayable Fault buffer failed (status=0x00000056), proceeding...
    [   68.426703] NVRM: uvmTerminateAccessCntrBuffer_IMPL: Unloading UVM Access counters failed (status=0x00000056), proceeding...
    [   68.535847] NVRM: rpcRmApiFree_GSP: GspRmFree failed: hClient=0xc1d0000c; hObject=0x5c000072; paramsStatus=0x00000000; status=0x00000056
    [   68.535855] NVRM: nvAssertFailedNoLog: Assertion failed: (status == NV_OK) || (status == NV_ERR_GPU_IN_FULLCHIP_RESET) @ rs_client.c:844
    [   68.535931] NVRM: nvAssertFailedNoLog: Assertion failed: (status == NV_OK) || (status == NV_ERR_GPU_IN_FULLCHIP_RESET) @ rs_server.c:259
    [   68.535969] NVRM: nvAssertFailedNoLog: Assertion failed: (status == NV_OK) || (status == NV_ERR_GPU_IN_FULLCHIP_RESET) @ rs_server.c:1375
    [   71.876511] NVRM: rpcRmApiFree_GSP: GspRmFree failed: hClient=0xc1d00014; hObject=0xcaf00002; paramsStatus=0x00000000; status=0x00000056
    [   71.876519] NVRM: nvAssertFailedNoLog: Assertion failed: (status == NV_OK) || (status == NV_ERR_GPU_IN_FULLCHIP_RESET) @ rs_client.c:844
    [   71.876570] NVRM: nvAssertFailedNoLog: Assertion failed: (status == NV_OK) || (status == NV_ERR_GPU_IN_FULLCHIP_RESET) @ rs_server.c:259
    [   71.876612] NVRM: nvAssertFailedNoLog: Assertion failed: (status == NV_OK) || (status == NV_ERR_GPU_IN_FULLCHIP_RESET) @ rs_server.c:1375
    [   71.877813] NVRM: nvAssertFailedNoLog: Assertion failed: (status == NV_OK) || (status == NV_ERR_GPU_IN_FULLCHIP_RESET) @ fecs_event_list.c:1623
    [   72.671325] NVRM: nvCheckOkFailedNoLog: Check failed: Call not supported [NV_ERR_NOT_SUPPORTED] (0x00000056) returned from pRmApi->Control(pRmApi, pGpu->hInternalClient, pGpu->hInternalSubdevice, NV2080_CTRL_CMD_INTERNAL_INIT_USER_SHARED_DATA, &params, sizeof(params)) @ gpu_user_shared_data.c:213
GUEST_XID_COUNT=0
=== cup8bench hook DONE ===
HOOK_RC=0
=== HOST dmesg delta for this boot (watermark 3206 → 3206) ===
HOST_DMESG_LINES=0
HOST_DMESG_NVRM=0
0
HOST_DMESG_XID=0
0
