B5RUN_START rev=e2c6e1d5 tag=d1 hook=unload_hook 2026-10-03T17:39:32+00:00
HEAD e2c6e1d5 dirty=[0]
BUILD_RC=0
[2/3] Compiling C object libsystem.a.p/hw_misc_kf3_kf3.c.o
[3/3] Linking target qemu-system-x86_64
KF3_BUILT /workspace/bench/kf3-bins/e2c6e1d5/qemu-system-x86_64 rev=e2c6e1d5 mtime=2026-10-03 17:39:54.651949404 +0000 (shared build dir /workspace/bench/qemu-build-kf3)
DISPLAY_LANE_START tag=d1 rev=e2c6e1d5 2026-10-03T17:39:54+00:00
[boot_capture:d1] BINARY kf3-bin-rev:e2c6e1d5  (/workspace/bench/kf3-bins/e2c6e1d5/qemu-system-x86_64)  ⇒ every claim from this boot cites THIS revision
[boot_capture:d1] host dmesg watermark: 770 lines
[boot_capture:d1] booting (extra args: -vga none -vnc 127.0.0.1:0)
== kf3 binary: /workspace/bench/kf3-bins/e2c6e1d5/qemu-system-x86_64 (rev e2c6e1d5)  device: kf3-gpu,fb-mb=8192,bar1-size=134217728,bar2-size=33554432,id=kf0,display=on,gop=on
== firmware: OVMF /usr/share/OVMF/OVMF_CODE_4M.fd (vars copy /workspace/bench/run_d1_ovmf_vars.fd)
[boot_capture:d1] guest is up after 44s
[boot_capture:d1] module unloaded and ring buffer cleared; loading cold
[boot_capture:d1] opening the device (this is what runs RmInitAdapter)
[boot_capture:d1] captured 28 dmesg lines, 25 NVRM, 0 adapter → /workspace/bench/run_d1_dmesg.log
[boot_capture:d1] --- the verdict lines ---
[boot_capture:d1] running POST_CAPTURE_HOOK: /root/kayfabe/scripts/bench/display/unload_hook.sh
[boot_capture:d1] hook finished: rc=0
[boot_capture:d1] guest dmesg after workload: 130 lines (109 NVRM), delta 102 → /workspace/bench/run_d1_dmesg_after.log
[boot_capture:d1] host dmesg delta: 0 lines, 0
0 NVRM, 0
0 Xid → /workspace/bench/run_d1_hostdmesg.log
[boot_capture:d1] pre-poweroff guest command: sudo sync; echo s | sudo tee /proc/sysrq-trigger >/dev/null; sleep 1; echo u | sudo tee /proc/sysrq-trigger >/dev/null; sleep 1
[boot_capture:d1] pre-poweroff rc=0
[boot_capture:d1] powering down (the emulated GSP's WPR2 only resets on a full QEMU restart)
[boot_capture:d1] census present (kf3):
    kf3: family=Ampere phase=Halted trapped=25913 applied=6287 refused=10 serviced=1355 ram_refused=0 unshadowed_writes=2 read_exits=0 last_off=0x110100 mem[inval=666 walks=684/684 cleared=666 superseded=0 named_missed=15 unreconciled=0 mapped=834 unmapped=834 clipped=0x0 held=0 vmm_overlaps=0 priv_with
    DOORBELL-LEDGER tok=0x00000802 route=translated emulated=0 forwarded=2 host=0x10029 fast=0
    DOORBELL-LEDGER tok=0x00000801 route=translated emulated=0 forwarded=0 host=0x10028 fast=0
    DOORBELL-LEDGER tok=0x00000802 route=translated emulated=0 forwarded=2 host=0x10029 fast=0
    DOORBELL-LEDGER tok=0x00000801 route=translated emulated=0 forwarded=0 host=0x10028 fast=0
    DOORBELL-LEDGER tok=0x00000802 route=translated emulated=0 forwarded=2 host=0x10029 fast=0
    DOORBELL-LEDGER tok=0x00000801 route=translated emulated=0 forwarded=1 host=0x10028 fast=0
    DOORBELL-LEDGER tok=0x00000802 route=translated emulated=0 forwarded=2 host=0x10029 fast=0
    DOORBELL-LEDGER tok=0x00000801 route=translated emulated=0 forwarded=1 host=0x10028 fast=0
    DOORBELL-LEDGER tok=0x00000802 route=translated emulated=0 forwarded=2 host=0x10029 fast=0
    DOORBELL-LEDGER tok=0x00000801 route=translated emulated=0 forwarded=16 host=0x10028 fast=0
[boot_capture:d1] evidence carried into the repo: /root/kayfabe/traces/guest_boots/run_d1_{qemu,dmesg,probe,hostdmesg}.log
[boot_capture:d1] ★ NOW COMMIT THEM. `git commit -- <path>` does NOT add untracked files;
[boot_capture:d1]   run scripts/bench/assert_boot_evidence.sh before claiming BOOTED.
[boot_capture:d1] done. serial=/workspace/bench/run_d1_serial.log qemu=/workspace/bench/run_d1_qemu.log dmesg=/workspace/bench/run_d1_dmesg.log dmesg_after=/workspace/bench/run_d1_dmesg_after.log probe=/workspace/bench/run_d1_probe.log hostdmesg=/workspace/bench/run_d1_hostdmesg.log
DISPLAY_GPU_PROGRESS_ERRORS_AFTER=0
DISPLAY_FLIP_EVENT_TIMEOUTS_AFTER=1
DISPLAY_DRM_WARNS_AFTER=0
DISPLAY_HOST_XID=0 
DISPLAY_B5_CONSOLE=yes
DISPLAY_B5C_MODULES nvidia_uvm nvidia  fb=[0 simpledrmdrmfb ]
DISPLAY_B5C_CUDA_ONLY_CONSOLE up=33.08 before=[1920x1080 nonblack=0/1000 md5=a03e10ab9b6f] after=[1920x1080 nonblack=0/1000 md5=a03e10ab9b6f] changed=no
DISPLAY_B5C2_RM_HELD up=49.08 holder=1786 before=[1920x1080 nonblack=0/1000 md5=a03e10ab9b6f] after=[1920x1080 nonblack=2/1000 md5=03456db0f781] changed=yes
DISPLAY_B5C3_AFTER_SECOND_TEARDOWN up=63.44 before=[1920x1080 nonblack=2/1000 md5=03456db0f781] after=[1920x1080 nonblack=2/1000 md5=03456db0f781] changed=no
DISPLAY_B5A_DRM_MODESET_PARAM not-loaded xorg_conf=ls: cannot access '/etc/X11/xorg.conf': No such file or directory /etc/X11/xorg.conf.d/: 
DISPLAY_B5A_X up=no start_up=71.71 rc=0  shot=[1920x1080 nonblack=37/1000 md5=9257412ba2e1] driver=[	(WW) warning, (EE) error, (NI) not implemented, (??) unknown.|[    74.277] (II) LoadModule: "nvidia"|[    74.283] (EE) Failed to load module "nouveau" (module does not exist, 0)|[    74.283] (II) LoadModule: "modesetting"|[    74.284] (II) LoadModule: "fbdev"|[    74.284] (EE) Failed to load module "fbdev" (module does not exist, 0)|[    74.284] (II) LoadModule: "vesa"|[    74.284] (EE) Failed to load module "vesa" (module does not exist, 0)|[    75.754] (II) LoadModule: "nvidia"|[    75.754] (EE) Failed to load module "nouveau" (module does not exist, 0)|[    75.754] (II) LoadModule: "modesetting"|[    75.755] (II) LoadModule: "fbdev"|] modules=[nvidia_uvm nvidia ]
DISPLAY_B5A_AFTER_X stop_up=198.41 rc=0  shot=[1920x1080 nonblack=37/1000 md5=9257412ba2e1] changed_from_x=no (expected: the text console)
DISPLAY_B5A_CONSOLE_AFTER_X up=206.15 before=[1920x1080 nonblack=37/1000 md5=9257412ba2e1] after=[1920x1080 nonblack=37/1000 md5=9257412ba2e1] changed=no
DISPLAY_B5A2_X up=no start_up=214.08 rc=0  shot=[1920x1080 nonblack=37/1000 md5=c93d1f856c84] driver=[	(WW) warning, (EE) error, (NI) not implemented, (??) unknown.|[    74.277] (II) LoadModule: "nvidia"|[    74.283] (EE) Failed to load module "nouveau" (module does not exist, 0)|[    74.283] (II) LoadModule: "modesetting"|[    74.284] (II) LoadModule: "fbdev"|[    74.284] (EE) Failed to load module "fbdev" (module does not exist, 0)|[    74.284] (II) LoadModule: "vesa"|[    74.284] (EE) Failed to load module "vesa" (module does not exist, 0)|[    75.754] (II) LoadModule: "nvidia"|[    75.754] (EE) Failed to load module "nouveau" (module does not exist, 0)|[    75.754] (II) LoadModule: "modesetting"|[    75.755] (II) LoadModule: "fbdev"|] modules=[nvidia_uvm nvidia ]
DISPLAY_B5A2_AFTER_X stop_up=339.06 rc=0  shot=[1920x1080 nonblack=37/1000 md5=c93d1f856c84] changed_from_x=no (expected: the text console)
DISPLAY_B5A2_CONSOLE_AFTER_X up=346.47 before=[1920x1080 nonblack=37/1000 md5=c93d1f856c84] after=[1920x1080 nonblack=37/1000 md5=c93d1f856c84] changed=no
DISPLAY_B5B_FBCON up=364.90 rc=0  fb=[0 nvidia-drmdrmfb ] shot=[1920x1080 nonblack=3/1000 md5=9d827a8c0c73]
DISPLAY_B5B_AFTER_RMMOD up=365.78 unbound 366.23 2026.66 rc=0 0  shot=[1920x1080 nonblack=3/1000 md5=9d827a8c0c73] modules=[nvidia_modeset nvidia_uvm nvidia ]
DISPLAY_B5_DEVICE_LINES 82
DISPLAY_B5_HOOK_DONE
DISPLAY_LANE_EXIT rc=0 2026-10-03T17:46:47+00:00
LANE_RC=0
B5RUN_EXIT rc=0 2026-10-03T17:46:47+00:00
