2026-08-01T22:28:45.001866Z qemu-system-x86_64: -device nvkvm-gpu,bar1-size=268435456,bar2-size=33554432,id=kf0: info: nvkvm: presenting 10de:2504 class 030000 rev a1 subsys 1462:397d (8 interrupt vectors)
2026-08-01T22:28:45.141449Z qemu-system-x86_64: info: nvkvm: memory plane realized (bar0=0xfd000000 bar1=0xe0000000 bar2=0xf0000000, register plane has guest memory=yes)
2026-08-01T22:29:16.292582Z qemu-system-x86_64: warning: nvkvm: the emulated GSP asked for its STATUS-QUEUE interrupt and this device does not deliver that one. The guest's own interrupt trigger IS delivered; this is the GSP-engine stall vector, which needs a pending bit in the interrupt tree first. A guest that BLOCKS on a status-queue event will not be woken by us — the boot path polls instead.
2026-08-01T22:29:28.650507Z qemu-system-x86_64: info: nvkvm: DOORBELL token 0x00070005 at +0xbb0090 REFUSED [FwdFault::UnknownVchid]
2026-08-01T22:29:37.644274Z qemu-system-x86_64: info: nvkvm: registers: 3630 reads / 56311 writes (chip-constant 38, rom 2316, gsp 341r/397w, UNCLAIMED 761r/763w), faults 0, guest-RAM refusals 0, interrupt requests dropped 91
2026-08-01T22:29:37.644351Z qemu-system-x86_64: info: nvkvm: interrupts: 0 vectors delivered, 0 undeliverable (guest had not enabled the table), 91 status-queue requests dropped
2026-08-01T22:29:37.644386Z qemu-system-x86_64: info: nvkvm: framebuffer: 122 reads / 55106 writes served through the BAR0 moving window (26 window register reads / 22 writes), fb refusals 0, translated-window drops 0r/0w, resident 155648 bytes
2026-08-01T22:29:37.644421Z qemu-system-x86_64: info: nvkvm: BAR2 (translated): 111 reads / 21128 writes resolved through the GMMU, 0 REFUSED by name; roots published 2 (0 bodies refused), BAR2 root entry 0x0
2026-08-01T22:29:37.644456Z qemu-system-x86_64: info: nvkvm: commands: 92 decoded, 20 UNSERVICED (refused by name; the guest logs these quietly, which is why they are here), 17 distinct
2026-08-01T22:29:37.644489Z qemu-system-x86_64: info: nvkvm:   unserviced fn 76 cmd 0x20800a87
2026-08-01T22:29:37.644522Z qemu-system-x86_64: info: nvkvm:   unserviced fn 76 cmd 0x20800a4b
2026-08-01T22:29:37.644555Z qemu-system-x86_64: info: nvkvm:   unserviced fn 76 cmd 0x20800afe
2026-08-01T22:29:37.644588Z qemu-system-x86_64: info: nvkvm:   unserviced fn 76 cmd 0x20800aff
2026-08-01T22:29:37.644621Z qemu-system-x86_64: info: nvkvm:   unserviced fn 76 cmd 0x20800a70
2026-08-01T22:29:37.644705Z qemu-system-x86_64: info: nvkvm:   unserviced fn 76 cmd 0x20800a80
2026-08-01T22:29:37.644744Z qemu-system-x86_64: info: nvkvm:   unserviced fn 76 cmd 0x20802a0f
2026-08-01T22:29:37.644777Z qemu-system-x86_64: info: nvkvm:   unserviced fn 76 cmd 0x2080017e
2026-08-01T22:29:37.644818Z qemu-system-x86_64: info: nvkvm:   unserviced fn 76 cmd 0x20800a30
2026-08-01T22:29:37.644851Z qemu-system-x86_64: info: nvkvm:   unserviced fn 76 cmd 0x20800a2c
2026-08-01T22:29:37.644884Z qemu-system-x86_64: info: nvkvm:   unserviced fn 76 cmd 0x20800a2e
2026-08-01T22:29:37.644916Z qemu-system-x86_64: info: nvkvm:   unserviced fn 76 cmd 0x20800a34
2026-08-01T22:29:37.644949Z qemu-system-x86_64: info: nvkvm:   unserviced fn 76 cmd 0x20800b03
2026-08-01T22:29:37.644982Z qemu-system-x86_64: info: nvkvm:   unserviced fn 76 cmd 0x20800b05
2026-08-01T22:29:37.645014Z qemu-system-x86_64: info: nvkvm:   unserviced fn 76 cmd 0x20800a3f
2026-08-01T22:29:37.645047Z qemu-system-x86_64: info: nvkvm:   unserviced fn 76 cmd 0xa06f0103
2026-08-01T22:29:37.645080Z qemu-system-x86_64: info: nvkvm:   unserviced fn 76 cmd 0x20800a38
2026-08-01T22:29:37.645112Z qemu-system-x86_64: info: nvkvm: bridge refusals: 0 total, 0 distinct (these ANSWER the command and so never reach the unserviced list)
2026-08-01T22:29:37.645145Z qemu-system-x86_64: info: nvkvm: isolates: 1 materialized, 1 live, 1 refusing (1 no-plane, 0 spawn-failed)
2026-08-01T22:29:37.645179Z qemu-system-x86_64: info: nvkvm: doorbells: 1 arrived, 0 served, 1 REFUSED by name; last token 0x00070005 (1 logged)
2026-08-01T22:29:37.645214Z qemu-system-x86_64: info: nvkvm:   first doorbell refusal [FwdFault::UnknownVchid] UnknownVchid { gpu: GpuId(0), vchid: VChid(5) }
2026-08-01T22:29:37.645267Z qemu-system-x86_64: info: nvkvm:   isolate refusal [no-plane] this build has no forwarding plane: the object model accepts protocol facts and no host verb can be issued
