[   25.696413] nvidia-nvlink: Nvlink Core is being initialized, major device number 239

[   25.715365] nvidia 0000:00:03.0: vgaarb: VGA decodes changed: olddecodes=none,decodes=none:owns=io+mem
[   25.725518] NVRM: loading NVIDIA UNIX Open Kernel Module for x86_64  580.159.04  Release Build  (dvs-builder@U22-I3-AF04-09-6)  Wed Apr 29 17:15:53 UTC 2026
[   27.389970] NVRM: nvAssertOkFailedNoLog: Assertion failed: Call not supported [NV_ERR_NOT_SUPPORTED] (0x00000056) returned from pRmApi->Control(pRmApi, pGpu->hInternalClient, pGpu->hInternalSubdevice, NV2080_CTRL_CMD_INTERNAL_INIT_USER_SHARED_DATA, &params, sizeof(params)) @ gpu_user_shared_data.c:233
[   27.390265] NVRM: nvAssertOkFailedNoLog: Assertion failed: Call not supported [NV_ERR_NOT_SUPPORTED] (0x00000056) returned from pRmApi->Control(pRmApi, pGpu->hInternalClient, pGpu->hInternalSubdevice, NV2080_CTRL_CMD_INTERNAL_USER_SHARED_DATA_SET_DATA_POLL, &params, sizeof(params)) @ gpu_user_shared_data.c:268
[   28.471587] NVRM: kperfGpuBoostSyncStateInit_IMPL: Failed to read Sync Gpu Boost init state, status=0x56
[   28.531196] NVRM: kperfGpuBoostSyncStateInit_IMPL: Failed to read Sync Gpu Boost init state, status=0x56
[   28.531420] NVRM: nvAssertOkFailedNoLog: Assertion failed: Call not supported [NV_ERR_NOT_SUPPORTED] (0x00000056) returned from pRmApi->Control(pRmApi, pGpu->hInternalClient, pGpu->hInternalSubdevice, NV2080_CTRL_CMD_INTERNAL_CE_GET_PCE_CONFIG_FOR_LCE_TYPE, &pceConfigParams, sizeof(pceConfigParams)) @ kernel_ce.c:1020
[   28.531518] NVRM: nvAssertOkFailedNoLog: Assertion failed: Call not supported [NV_ERR_NOT_SUPPORTED] (0x00000056) returned from kceGetPceConfigForLceType(pGpu, pKCe, NV2080_CTRL_CE_LCE_TYPE_DECOMP, &numPcesPerLce, &numLces, &supportedPceMask, &supportedLceMask, &pcesPerHshub) @ kernel_ce_gp100.c:62
[   32.504422] NVRM: _memmgrMemUtilsScrubInitRegisterCallback: event notification control failed
[   32.504433] NVRM: nvAssertOkFailedNoLog: Assertion failed: Failure: Generic Error [NV_ERR_GENERIC] (0x0000FFFF) returned from _memmgrMemUtilsScrubInitRegisterCallback(pGpu, pChannel) @ mem_utils.c:2022
[   32.504490] NVRM: nvCheckOkFailedNoLog: Check failed: Failure: Generic Error [NV_ERR_GENERIC] (0x0000FFFF) returned from memmgrMemUtilsChannelSchedulingSetup(pGpu, pMemoryManager, pChannel) @ mem_utils_gm107.c:1027
[   33.615633] NVRM: nvAssertFailedNoLog: Assertion failed: !pMemDesc->_pInternalMapping @ mem_desc.c:1663
[   33.616162] NVRM: nvAssertFailedNoLog: Assertion failed: !pMemDesc->_pInternalMapping @ mem_desc.c:1663
[   33.617959] NVRM: nvAssertFailedNoLog: Assertion failed: status == NV_OK @ ce_utils.c:304
[   33.618184] NVRM: nvAssertOkFailedNoLog: Assertion failed: Failure: Generic Error [NV_ERR_GENERIC] (0x0000FFFF) returned from objCreate(&pMemoryManager->pCeUtils, pMemoryManager, CeUtils, ENG_GET_GPU(pMemoryManager), pKernelMIGGPUInstance, &ceUtilsParams) @ mem_mgr.c:4155
[   33.618339] NVRM: nvAssertOkFailedNoLog: Assertion failed: Failure: Generic Error [NV_ERR_GENERIC] (0x0000FFFF) returned from memmgrInitCeUtils(pMemoryManager, NV_FALSE, NV_TRUE) @ mem_mgr.c:526
[   33.618489] NVRM: nvAssertFailedNoLog: Assertion failed: 0 @ kernel_fifo.c:3129
[   33.618698] NVRM: RmInitNvDevice: *** Cannot load state into the device
[   33.618706] NVRM: RmInitAdapter: RmInitNvDevice failed, bailing out of RmInitAdapter
[   33.677935] NVRM: nvAssertFailedNoLog: Assertion failed: (status == NV_OK) || (status == NV_ERR_GPU_IN_FULLCHIP_RESET) @ fecs_event_list.c:1623
[   33.678209] NVRM: nvAssertFailedNoLog: Assertion failed: listCount(&pKernelBus->virtualBar2[gfid].usedMapList) == 0 @ kern_bus_vbar2.c:346
[   34.720958] NVRM: nvCheckOkFailedNoLog: Check failed: Call not supported [NV_ERR_NOT_SUPPORTED] (0x00000056) returned from pRmApi->Control(pRmApi, pGpu->hInternalClient, pGpu->hInternalSubdevice, NV2080_CTRL_CMD_INTERNAL_INIT_USER_SHARED_DATA, &params, sizeof(params)) @ gpu_user_shared_data.c:213
[   34.732982] NVRM: nvAssertFailedNoLog: Assertion failed: listCount(&pKernelBus->virtualBar2[gfid].usedMapList) == 0 @ kern_bus_vbar2.c:346
[   34.733380] NVRM: iovaspaceDestruct_IMPL: 1 left-over mappings in IOVAS 0x3
[   34.733400] NVRM: GPU 0000:00:03.0: RmInitAdapter failed! (0x25:0xffff:1249)
[   34.735738] NVRM: GPU 0000:00:03.0: rm_init_adapter failed, device minor number 0
