2026-08-08T10:05:27.396499Z qemu-system-x86_64: -device nvkvm-gpu,bar1-size=268435456,bar2-size=33554432,id=kf0: info: nvkvm: presenting 10de:2504 class 030000 rev a1 subsys 1462:397d (8 interrupt vectors)
2026-08-08T10:05:27.554275Z qemu-system-x86_64: info: nvkvm: memory plane realized (bar0=0xfd000000 bar1=0xe0000000 bar2=0xf0000000, register plane has guest memory=yes)
2026-08-08T10:06:02.212764Z qemu-system-x86_64: warning: nvkvm: the emulated GSP asked for its STATUS-QUEUE interrupt and this device does not deliver that one. The guest's own interrupt trigger IS delivered; this is the GSP-engine stall vector, which needs a pending bit in the interrupt tree first. A guest that BLOCKS on a status-queue event will not be woken by us — the boot path polls instead.
2026-08-08T10:06:29.274384Z qemu-system-x86_64: info: nvkvm: registers: 3633 reads / 56312 writes (chip-constant 38, rom 2316, gsp 341r/400w, UNCLAIMED 764r/762w), faults 0, guest-RAM refusals 0, interrupt requests dropped 94
2026-08-08T10:06:29.274484Z qemu-system-x86_64: info: nvkvm: timer: 24 counter reads, 0 writes REFUSED (the guest reads the host GPU's counter and may not move it)
2026-08-08T10:06:29.274521Z qemu-system-x86_64: info: nvkvm: interrupts: 0 vectors delivered, 0 undeliverable (guest had not enabled the table), 94 status-queue requests dropped
2026-08-08T10:06:29.274564Z qemu-system-x86_64: info: nvkvm: framebuffer: 122 reads / 55106 writes served through the BAR0 moving window (26 window register reads / 22 writes), fb refusals 0, translated-window drops 0r/0w, resident 155648 bytes
2026-08-08T10:06:29.274601Z qemu-system-x86_64: info: nvkvm: BAR2 (translated): 111 reads / 21128 writes resolved through the GMMU, 0 REFUSED by name; roots published 2 (0 bodies refused), BAR2 root entry 0x0
2026-08-08T10:06:29.274638Z qemu-system-x86_64: info: nvkvm: VA-space page-directory publications: 2 total, 2 distinct, 0 UNDECODABLE (0x90f10106 / 0x20800a9f; the ONLY boot-path source of a page-directory root — SET_PAGE_DIRECTORY is never sent)
2026-08-08T10:06:29.274673Z qemu-system-x86_64: info: nvkvm:   gvas cmd 0x20800a9f hClient 0x00000000 hObject 0x00000000 va [0x0000000100000000..0x000000011fffffff] pageSize 0x200000 levels 4 subdev 0/0 x1
2026-08-08T10:06:29.274712Z qemu-system-x86_64: info: nvkvm:     level[0] ROOT phys 0x00000002efbae000 size 0x20 aperture 1 pageShift 47
2026-08-08T10:06:29.274748Z qemu-system-x86_64: info: nvkvm:     level[1] phys 0x00000002efbad000 size 0x1000 aperture 1 pageShift 38
2026-08-08T10:06:29.274783Z qemu-system-x86_64: info: nvkvm:     level[2] phys 0x00000002efbac000 size 0x1000 aperture 1 pageShift 29
2026-08-08T10:06:29.274818Z qemu-system-x86_64: info: nvkvm:     level[3] phys 0x00000002efbab000 size 0x1000 aperture 1 pageShift 21
2026-08-08T10:06:29.274852Z qemu-system-x86_64: info: nvkvm:   gvas cmd 0x90f10106 hClient 0xc1e00005 hObject 0x0000000c va [0x0000000100000000..0x000000011fffffff] pageSize 0x200000 levels 4 subdev 0/0 x1
2026-08-08T10:06:29.274888Z qemu-system-x86_64: info: nvkvm:     level[0] ROOT phys 0x00000002efba5000 size 0x20 aperture 1 pageShift 47
2026-08-08T10:06:29.274922Z qemu-system-x86_64: info: nvkvm:     level[1] phys 0x00000002efba4000 size 0x1000 aperture 1 pageShift 38
2026-08-08T10:06:29.274957Z qemu-system-x86_64: info: nvkvm:     level[2] phys 0x00000002efba3000 size 0x1000 aperture 1 pageShift 29
2026-08-08T10:06:29.274991Z qemu-system-x86_64: info: nvkvm:     level[3] phys 0x00000002efba2000 size 0x1000 aperture 1 pageShift 21
2026-08-08T10:06:29.275061Z qemu-system-x86_64: info: nvkvm: commands: 95 decoded, 19 UNSERVICED (refused by name; the guest logs these quietly, which is why they are here), 16 distinct
2026-08-08T10:06:29.275098Z qemu-system-x86_64: info: nvkvm:   unserviced fn 76 cmd 0x20800a87
2026-08-08T10:06:29.275132Z qemu-system-x86_64: info: nvkvm:   unserviced fn 76 cmd 0x20800a4b
2026-08-08T10:06:29.275166Z qemu-system-x86_64: info: nvkvm:   unserviced fn 76 cmd 0x20800afe
2026-08-08T10:06:29.275199Z qemu-system-x86_64: info: nvkvm:   unserviced fn 76 cmd 0x20800aff
2026-08-08T10:06:29.276061Z qemu-system-x86_64: info: nvkvm:   unserviced fn 76 cmd 0x20800a70
2026-08-08T10:06:29.276095Z qemu-system-x86_64: info: nvkvm:   unserviced fn 76 cmd 0x20800a80
2026-08-08T10:06:29.276117Z qemu-system-x86_64: info: nvkvm:   unserviced fn 76 cmd 0x20802a0f
2026-08-08T10:06:29.276137Z qemu-system-x86_64: info: nvkvm:   unserviced fn 76 cmd 0x2080017e
2026-08-08T10:06:29.276157Z qemu-system-x86_64: info: nvkvm:   unserviced fn 76 cmd 0x20800a30
2026-08-08T10:06:29.276178Z qemu-system-x86_64: info: nvkvm:   unserviced fn 76 cmd 0x20800a2c
2026-08-08T10:06:29.276199Z qemu-system-x86_64: info: nvkvm:   unserviced fn 76 cmd 0x20800a2e
2026-08-08T10:06:29.276219Z qemu-system-x86_64: info: nvkvm:   unserviced fn 76 cmd 0x20800a34
2026-08-08T10:06:29.276278Z qemu-system-x86_64: info: nvkvm:   unserviced fn 76 cmd 0x20800b03
2026-08-08T10:06:29.276301Z qemu-system-x86_64: info: nvkvm:   unserviced fn 76 cmd 0x20800b05
2026-08-08T10:06:29.276321Z qemu-system-x86_64: info: nvkvm:   unserviced fn 76 cmd 0x20800a3f
2026-08-08T10:06:29.276341Z qemu-system-x86_64: info: nvkvm:   unserviced fn 76 cmd 0x20800a38
2026-08-08T10:06:29.276362Z qemu-system-x86_64: info: nvkvm: bridge refusals: 0 total, 0 distinct (these ANSWER the command and so never reach the unserviced list)
2026-08-08T10:06:29.276384Z qemu-system-x86_64: info: nvkvm: probe-arm set: EMPTY (shipping configuration: every non-silent notifier arming refused)
2026-08-08T10:06:29.276404Z qemu-system-x86_64: info: nvkvm: controls: 34 answered, 26 distinct cmd/result rows (result 0 = served; non-zero = served-but-REFUSED, which reaches no other list)
2026-08-08T10:06:29.276426Z qemu-system-x86_64: info: nvkvm:   control 0x20800a36 result 0x00000000 x1
2026-08-08T10:06:29.276448Z qemu-system-x86_64: info: nvkvm:   control 0x20800a41 result 0x00000000 x1
2026-08-08T10:06:29.276469Z qemu-system-x86_64: info: nvkvm:   control 0x208001b0 result 0x00000000 x2
2026-08-08T10:06:29.276489Z qemu-system-x86_64: info: nvkvm:   control 0x20800a40 result 0x00000000 x1
2026-08-08T10:06:29.276510Z qemu-system-x86_64: info: nvkvm:   control 0x20801112 result 0x00000000 x1
2026-08-08T10:06:29.276530Z qemu-system-x86_64: info: nvkvm:   control 0x20800a5c result 0x00000000 x1
2026-08-08T10:06:29.276551Z qemu-system-x86_64: info: nvkvm:   control 0x20800a1c result 0x00000000 x1
2026-08-08T10:06:29.276571Z qemu-system-x86_64: info: nvkvm:   control 0x20801803 result 0x00000000 x1
2026-08-08T10:06:29.276592Z qemu-system-x86_64: info: nvkvm:   control 0x20800af3 result 0x00000000 x2
2026-08-08T10:06:29.276612Z qemu-system-x86_64: info: nvkvm:   control 0x20800aac result 0x00000000 x1
2026-08-08T10:06:29.276633Z qemu-system-x86_64: info: nvkvm:   control 0x20800a61 result 0x00000000 x4
2026-08-08T10:06:29.276653Z qemu-system-x86_64: info: nvkvm:   control 0x20802a08 result 0x00000000 x2
2026-08-08T10:06:29.276673Z qemu-system-x86_64: info: nvkvm:   control 0x20800301 result 0x00000000 x1
2026-08-08T10:06:29.276694Z qemu-system-x86_64: info: nvkvm:   control 0x20800a59 result 0x00000000 x1
2026-08-08T10:06:29.276714Z qemu-system-x86_64: info: nvkvm:   control 0x20800a6c result 0x00000000 x3
2026-08-08T10:06:29.276735Z qemu-system-x86_64: info: nvkvm:   control 0x20800a9f result 0x00000000 x1
2026-08-08T10:06:29.276755Z qemu-system-x86_64: info: nvkvm:   control 0x20800a1f result 0x00000000 x1
2026-08-08T10:06:29.276775Z qemu-system-x86_64: info: nvkvm:   control 0x20800a2a result 0x00000000 x1
2026-08-08T10:06:29.276796Z qemu-system-x86_64: info: nvkvm:   control 0x20800a26 result 0x00000000 x1
2026-08-08T10:06:29.276816Z qemu-system-x86_64: info: nvkvm:   control 0x20800a22 result 0x00000000 x1
2026-08-08T10:06:29.276837Z qemu-system-x86_64: info: nvkvm:   control 0x20800a3d result 0x00000000 x1
2026-08-08T10:06:29.276857Z qemu-system-x86_64: info: nvkvm:   control 0x20800a48 result 0x00000000 x1
2026-08-08T10:06:29.276878Z qemu-system-x86_64: info: nvkvm:   control 0x20800a32 result 0x00000000 x1
2026-08-08T10:06:29.276898Z qemu-system-x86_64: info: nvkvm:   control 0x90f10106 result 0x00000000 x1
2026-08-08T10:06:29.276932Z qemu-system-x86_64: info: nvkvm:   control 0xa06f0103 result 0x00000000 x1
2026-08-08T10:06:29.276953Z qemu-system-x86_64: info: nvkvm:   control 0x20800301 result 0x00000056 x1 REFUSED
2026-08-08T10:06:29.276974Z qemu-system-x86_64: info: nvkvm: notifier armings (0x20800301): 2 total, 2 distinct (result 0xffffffff = nothing answered)
2026-08-08T10:06:29.276995Z qemu-system-x86_64: info: nvkvm:   arming event 194 action 2 client 0xc1e00002 object 0xcaf00001 result 0x00000000 x1
2026-08-08T10:06:29.277035Z qemu-system-x86_64: info: nvkvm:   arming event 35 action 2 client 0xc1e00005 object 0x0000000b result 0x00000056 x1 REFUSED
2026-08-08T10:06:29.277058Z qemu-system-x86_64: info: nvkvm: isolates: 1 materialized, 1 live, 1 refusing (1 no-plane, 0 spawn-failed)
2026-08-08T10:06:29.277080Z qemu-system-x86_64: info: nvkvm: doorbells: 0 arrived, 0 served, 0 REFUSED by name; last token n/a 0x00000000 (0 logged)
2026-08-08T10:06:29.277101Z qemu-system-x86_64: info: nvkvm: gpfifo rings: 1 declared, 1 with a non-zero address; first 0x0000000120064000 (4096 entries) — GPU VIRTUAL, untranslated
2026-08-08T10:06:29.277124Z qemu-system-x86_64: info: nvkvm:   isolate refusal [no-plane] this build has no forwarding plane: the object model accepts protocol facts and no host verb can be issued
