2026-08-08T04:18:22.588761Z qemu-system-x86_64: -device nvkvm-gpu,bar1-size=268435456,bar2-size=33554432,id=kf0,probe-arm-notifier=35: info: nvkvm: presenting 10de:2504 class 030000 rev a1 subsys 1462:397d (8 interrupt vectors)
2026-08-08T04:18:22.741269Z qemu-system-x86_64: info: nvkvm: memory plane realized (bar0=0xfd000000 bar1=0xe0000000 bar2=0xf0000000, register plane has guest memory=yes)
2026-08-08T04:18:58.870333Z qemu-system-x86_64: warning: nvkvm: the emulated GSP asked for its STATUS-QUEUE interrupt and this device does not deliver that one. The guest's own interrupt trigger IS delivered; this is the GSP-engine stall vector, which needs a pending bit in the interrupt tree first. A guest that BLOCKS on a status-queue event will not be woken by us — the boot path polls instead.
2026-08-08T04:19:03.912026Z qemu-system-x86_64: info: nvkvm: DOORBELL token 0x00010002 at +0xbb0090 SERVED-LOCAL [CpuCe::ServedLocally]
2026-08-08T04:19:03.914215Z qemu-system-x86_64: info: nvkvm: DOORBELL token 0x00010002 at +0xbb0090 SERVED-LOCAL [CpuCe::ServedLocally]
2026-08-08T04:19:25.121736Z qemu-system-x86_64: info: nvkvm: registers: 4901 reads / 188193 writes (chip-constant 120, rom 2316, gsp 341r/459w, UNCLAIMED 1029r/1070w), faults 0, guest-RAM refusals 0, interrupt requests dropped 153
2026-08-08T04:19:25.121858Z qemu-system-x86_64: info: nvkvm: timer: 33 counter reads, 0 writes REFUSED (the guest reads the host GPU's counter and may not move it)
2026-08-08T04:19:25.121896Z qemu-system-x86_64: info: nvkvm: interrupts: 3 vectors delivered, 0 undeliverable (guest had not enabled the table), 153 status-queue requests dropped
2026-08-08T04:19:25.121931Z qemu-system-x86_64: info: nvkvm: framebuffer: 545 reads / 186418 writes served through the BAR0 moving window (27 window register reads / 22 writes), fb refusals 0, translated-window drops 0r/0w, resident 323584 bytes
2026-08-08T04:19:25.121967Z qemu-system-x86_64: info: nvkvm: BAR2 (translated): 534 reads / 152440 writes resolved through the GMMU, 0 REFUSED by name; roots published 2 (0 bodies refused), BAR2 root entry 0x0
2026-08-08T04:19:25.122003Z qemu-system-x86_64: info: nvkvm: VA-space page-directory publications: 5 total, 5 distinct, 0 UNDECODABLE (0x90f10106 / 0x20800a9f; the ONLY boot-path source of a page-directory root — SET_PAGE_DIRECTORY is never sent)
2026-08-08T04:19:25.122038Z qemu-system-x86_64: info: nvkvm:   gvas cmd 0x20800a9f hClient 0x00000000 hObject 0x00000000 va [0x0000000100000000..0x000000011fffffff] pageSize 0x200000 levels 4 subdev 0/0 x1
2026-08-08T04:19:25.122075Z qemu-system-x86_64: info: nvkvm:     level[0] ROOT phys 0x00000002efbae000 size 0x20 aperture 1 pageShift 47
2026-08-08T04:19:25.122111Z qemu-system-x86_64: info: nvkvm:     level[1] phys 0x00000002efbad000 size 0x1000 aperture 1 pageShift 38
2026-08-08T04:19:25.122147Z qemu-system-x86_64: info: nvkvm:     level[2] phys 0x00000002efbac000 size 0x1000 aperture 1 pageShift 29
2026-08-08T04:19:25.122181Z qemu-system-x86_64: info: nvkvm:     level[3] phys 0x00000002efbab000 size 0x1000 aperture 1 pageShift 21
2026-08-08T04:19:25.122215Z qemu-system-x86_64: info: nvkvm:   gvas cmd 0x90f10106 hClient 0xc1e00005 hObject 0x0000000c va [0x0000000100000000..0x000000011fffffff] pageSize 0x200000 levels 4 subdev 0/0 x1
2026-08-08T04:19:25.122283Z qemu-system-x86_64: info: nvkvm:     level[0] ROOT phys 0x00000002efba5000 size 0x20 aperture 1 pageShift 47
2026-08-08T04:19:25.122319Z qemu-system-x86_64: info: nvkvm:     level[1] phys 0x00000002efba4000 size 0x1000 aperture 1 pageShift 38
2026-08-08T04:19:25.122354Z qemu-system-x86_64: info: nvkvm:     level[2] phys 0x00000002efba3000 size 0x1000 aperture 1 pageShift 29
2026-08-08T04:19:25.122388Z qemu-system-x86_64: info: nvkvm:     level[3] phys 0x00000002efba2000 size 0x1000 aperture 1 pageShift 21
2026-08-08T04:19:25.122423Z qemu-system-x86_64: info: nvkvm:   gvas cmd 0x90f10106 hClient 0xc1e00006 hObject 0x0000000a va [0x0000000100000000..0x000000011fffffff] pageSize 0x200000 levels 4 subdev 0/0 x1
2026-08-08T04:19:25.122458Z qemu-system-x86_64: info: nvkvm:     level[0] ROOT phys 0x00000002efa9c000 size 0x20 aperture 1 pageShift 47
2026-08-08T04:19:25.122535Z qemu-system-x86_64: info: nvkvm:     level[1] phys 0x00000002efa9b000 size 0x1000 aperture 1 pageShift 38
2026-08-08T04:19:25.122558Z qemu-system-x86_64: info: nvkvm:     level[2] phys 0x00000002efa9a000 size 0x1000 aperture 1 pageShift 29
2026-08-08T04:19:25.122579Z qemu-system-x86_64: info: nvkvm:     level[3] phys 0x00000002efa99000 size 0x1000 aperture 1 pageShift 21
2026-08-08T04:19:25.122599Z qemu-system-x86_64: info: nvkvm:   gvas cmd 0x90f10106 hClient 0xc1e00007 hObject 0xbaba0042 va [0x0000000100000000..0x000000011fffffff] pageSize 0x200000 levels 4 subdev 0/0 x1
2026-08-08T04:19:25.122621Z qemu-system-x86_64: info: nvkvm:     level[0] ROOT phys 0x00000002efa7c000 size 0x20 aperture 1 pageShift 47
2026-08-08T04:19:25.122641Z qemu-system-x86_64: info: nvkvm:     level[1] phys 0x00000002efa7b000 size 0x1000 aperture 1 pageShift 38
2026-08-08T04:19:25.122662Z qemu-system-x86_64: info: nvkvm:     level[2] phys 0x00000002efa7a000 size 0x1000 aperture 1 pageShift 29
2026-08-08T04:19:25.122683Z qemu-system-x86_64: info: nvkvm:     level[3] phys 0x00000002efa79000 size 0x1000 aperture 1 pageShift 21
2026-08-08T04:19:25.122703Z qemu-system-x86_64: info: nvkvm:   gvas cmd 0x90f10106 hClient 0xc1d00008 hObject 0xcaf00000 va [0x0000000100000000..0x000000011fffffff] pageSize 0x200000 levels 4 subdev 0/0 x1
2026-08-08T04:19:25.122725Z qemu-system-x86_64: info: nvkvm:     level[0] ROOT phys 0x00000002efa7c000 size 0x20 aperture 1 pageShift 47
2026-08-08T04:19:25.122745Z qemu-system-x86_64: info: nvkvm:     level[1] phys 0x00000002efa7b000 size 0x1000 aperture 1 pageShift 38
2026-08-08T04:19:25.122766Z qemu-system-x86_64: info: nvkvm:     level[2] phys 0x00000002efa7a000 size 0x1000 aperture 1 pageShift 29
2026-08-08T04:19:25.122807Z qemu-system-x86_64: info: nvkvm:     level[3] phys 0x00000002efa79000 size 0x1000 aperture 1 pageShift 21
2026-08-08T04:19:25.122828Z qemu-system-x86_64: info: nvkvm: commands: 154 decoded, 24 UNSERVICED (refused by name; the guest logs these quietly, which is why they are here), 19 distinct
2026-08-08T04:19:25.122849Z qemu-system-x86_64: info: nvkvm:   unserviced fn 76 cmd 0x20800a87
2026-08-08T04:19:25.122870Z qemu-system-x86_64: info: nvkvm:   unserviced fn 76 cmd 0x20800a4b
2026-08-08T04:19:25.122890Z qemu-system-x86_64: info: nvkvm:   unserviced fn 76 cmd 0x20800afe
2026-08-08T04:19:25.122910Z qemu-system-x86_64: info: nvkvm:   unserviced fn 76 cmd 0x20800aff
2026-08-08T04:19:25.122930Z qemu-system-x86_64: info: nvkvm:   unserviced fn 76 cmd 0x20800a70
2026-08-08T04:19:25.122950Z qemu-system-x86_64: info: nvkvm:   unserviced fn 76 cmd 0x20800a80
2026-08-08T04:19:25.122970Z qemu-system-x86_64: info: nvkvm:   unserviced fn 76 cmd 0x20802a0f
2026-08-08T04:19:25.122990Z qemu-system-x86_64: info: nvkvm:   unserviced fn 76 cmd 0x2080017e
2026-08-08T04:19:25.123010Z qemu-system-x86_64: info: nvkvm:   unserviced fn 76 cmd 0x20800a30
2026-08-08T04:19:25.123030Z qemu-system-x86_64: info: nvkvm:   unserviced fn 76 cmd 0x20800a2c
2026-08-08T04:19:25.123050Z qemu-system-x86_64: info: nvkvm:   unserviced fn 76 cmd 0x20800a2e
2026-08-08T04:19:25.123070Z qemu-system-x86_64: info: nvkvm:   unserviced fn 76 cmd 0x20800a34
2026-08-08T04:19:25.123090Z qemu-system-x86_64: info: nvkvm:   unserviced fn 76 cmd 0x20800b03
2026-08-08T04:19:25.123111Z qemu-system-x86_64: info: nvkvm:   unserviced fn 76 cmd 0x20800b05
2026-08-08T04:19:25.123132Z qemu-system-x86_64: info: nvkvm:   unserviced fn 76 cmd 0x20800a3f
2026-08-08T04:19:25.123152Z qemu-system-x86_64: info: nvkvm:   unserviced fn 76 cmd 0x2080012b
2026-08-08T04:19:25.123172Z qemu-system-x86_64: info: nvkvm:   unserviced fn 76 cmd 0x2080013f
2026-08-08T04:19:25.123192Z qemu-system-x86_64: info: nvkvm:   unserviced fn 76 cmd 0x402c0101
2026-08-08T04:19:25.123212Z qemu-system-x86_64: info: nvkvm:   unserviced fn 76 cmd 0x20800a38
2026-08-08T04:19:25.123268Z qemu-system-x86_64: info: nvkvm: bridge refusals: 6 total, 3 distinct (these ANSWER the command and so never reach the unserviced list)
2026-08-08T04:19:25.123303Z qemu-system-x86_64: info: nvkvm:   bridge refusal BridgeRefusal::AllocClassNotPermitted::NotOnAllowlist x2
2026-08-08T04:19:25.123325Z qemu-system-x86_64: info: nvkvm:   bridge refusal BridgeRefusal::UnmappedAllocClass x1
2026-08-08T04:19:25.123345Z qemu-system-x86_64: info: nvkvm:   bridge refusal RmGraphError::FreeUnknown x3
2026-08-08T04:19:25.123366Z qemu-system-x86_64: info: nvkvm: probe-arm set: [35] — PROBE BOOT, reachability only; any rung reached under this set is a measurement, NOT a milestone
2026-08-08T04:19:25.123387Z qemu-system-x86_64: info: nvkvm: controls: 44 answered, 26 distinct cmd/result rows (result 0 = served; non-zero = served-but-REFUSED, which reaches no other list)
2026-08-08T04:19:25.123407Z qemu-system-x86_64: info: nvkvm:   control 0x20800a36 result 0x00000000 x1
2026-08-08T04:19:25.123428Z qemu-system-x86_64: info: nvkvm:   control 0x20800a41 result 0x00000000 x1
2026-08-08T04:19:25.123449Z qemu-system-x86_64: info: nvkvm:   control 0x208001b0 result 0x00000000 x2
2026-08-08T04:19:25.123469Z qemu-system-x86_64: info: nvkvm:   control 0x20800a40 result 0x00000000 x1
2026-08-08T04:19:25.123490Z qemu-system-x86_64: info: nvkvm:   control 0x20801112 result 0x00000000 x1
2026-08-08T04:19:25.123510Z qemu-system-x86_64: info: nvkvm:   control 0x20800a5c result 0x00000000 x1
2026-08-08T04:19:25.123531Z qemu-system-x86_64: info: nvkvm:   control 0x20800a1c result 0x00000000 x1
2026-08-08T04:19:25.123551Z qemu-system-x86_64: info: nvkvm:   control 0x20801803 result 0x00000000 x1
2026-08-08T04:19:25.123571Z qemu-system-x86_64: info: nvkvm:   control 0x20800af3 result 0x00000000 x2
2026-08-08T04:19:25.123592Z qemu-system-x86_64: info: nvkvm:   control 0x20800aac result 0x00000000 x1
2026-08-08T04:19:25.123612Z qemu-system-x86_64: info: nvkvm:   control 0x20800a61 result 0x00000000 x4
2026-08-08T04:19:25.123632Z qemu-system-x86_64: info: nvkvm:   control 0x20802a08 result 0x00000000 x5
2026-08-08T04:19:25.123653Z qemu-system-x86_64: info: nvkvm:   control 0x20800301 result 0x00000000 x3
2026-08-08T04:19:25.123673Z qemu-system-x86_64: info: nvkvm:   control 0x20800a59 result 0x00000000 x1
2026-08-08T04:19:25.123694Z qemu-system-x86_64: info: nvkvm:   control 0x20800a6c result 0x00000000 x4
2026-08-08T04:19:25.123714Z qemu-system-x86_64: info: nvkvm:   control 0x20800a9f result 0x00000000 x1
2026-08-08T04:19:25.123734Z qemu-system-x86_64: info: nvkvm:   control 0x20800a1f result 0x00000000 x1
2026-08-08T04:19:25.123755Z qemu-system-x86_64: info: nvkvm:   control 0x20800a2a result 0x00000000 x1
2026-08-08T04:19:25.123775Z qemu-system-x86_64: info: nvkvm:   control 0x20800a26 result 0x00000000 x1
2026-08-08T04:19:25.123812Z qemu-system-x86_64: info: nvkvm:   control 0x20800a22 result 0x00000000 x1
2026-08-08T04:19:25.123833Z qemu-system-x86_64: info: nvkvm:   control 0x20800a3d result 0x00000000 x1
2026-08-08T04:19:25.123853Z qemu-system-x86_64: info: nvkvm:   control 0x20800a48 result 0x00000000 x1
2026-08-08T04:19:25.123874Z qemu-system-x86_64: info: nvkvm:   control 0x20800a32 result 0x00000000 x1
2026-08-08T04:19:25.123894Z qemu-system-x86_64: info: nvkvm:   control 0x90f10106 result 0x00000000 x4
2026-08-08T04:19:25.123915Z qemu-system-x86_64: info: nvkvm:   control 0xa06f0103 result 0x00000000 x2
2026-08-08T04:19:25.123935Z qemu-system-x86_64: info: nvkvm:   control 0xa06f0104 result 0x00000000 x1
2026-08-08T04:19:25.123955Z qemu-system-x86_64: info: nvkvm: notifier armings (0x20800301): 3 total, 3 distinct (result 0xffffffff = nothing answered)
2026-08-08T04:19:25.123976Z qemu-system-x86_64: info: nvkvm:   arming event 194 action 2 client 0xc1e00002 object 0xcaf00001 result 0x00000000 x1
2026-08-08T04:19:25.123997Z qemu-system-x86_64: info: nvkvm:   arming event 35 action 2 client 0xc1e00005 object 0x0000000b result 0x00000000 x1
2026-08-08T04:19:25.124018Z qemu-system-x86_64: info: nvkvm:   arming event 35 action 2 client 0xc1e00006 object 0x0000000c result 0x00000000 x1
2026-08-08T04:19:25.124039Z qemu-system-x86_64: info: nvkvm: isolates: 1 materialized, 1 live, 1 refusing (1 no-plane, 0 spawn-failed)
2026-08-08T04:19:25.124080Z qemu-system-x86_64: info: nvkvm: doorbells: 2 arrived, 2 served, 0 REFUSED by name; last token 0x00010002 (2 logged)
2026-08-08T04:19:25.124102Z qemu-system-x86_64: info: nvkvm:   last CPU-CE serving: cpu-ce: 1 gp, 9 methods, 1 launch, 1 span, 4 B, 1 sem fin va=0x42006c004 -> S:0x22c59004
2026-08-08T04:19:25.124123Z qemu-system-x86_64: info: nvkvm: gpfifo rings: 3 declared, 2 with a non-zero address; first 0x0000000120064000 (4096 entries) — GPU VIRTUAL, untranslated
2026-08-08T04:19:25.124144Z qemu-system-x86_64: info: nvkvm:   isolate refusal [no-plane] this build has no forwarding plane: the object model accepts protocol facts and no host verb can be issued
