2026-08-08T17:50:10.639859Z qemu-system-x86_64: -device nvkvm-gpu,bar1-size=268435456,bar2-size=33554432,id=kf0: info: nvkvm: presenting 10de:2504 class 030000 rev a1 subsys 1462:397d (8 interrupt vectors)
2026-08-08T17:50:10.793943Z qemu-system-x86_64: info: nvkvm: memory plane realized (bar0=0xfd000000 bar1=0xe0000000 bar2=0xf0000000, register plane has guest memory=yes)
2026-08-08T17:50:46.042319Z qemu-system-x86_64: warning: nvkvm: the emulated GSP asked for its STATUS-QUEUE interrupt and this device does not deliver that one. The guest's own interrupt trigger IS delivered; this is the GSP-engine stall vector, which needs a pending bit in the interrupt tree first. A guest that BLOCKS on a status-queue event will not be woken by us — the boot path polls instead.
2026-08-08T17:50:52.042524Z qemu-system-x86_64: info: nvkvm: DOORBELL token 0x00010002 at +0xbb0090 SERVED-LOCAL [CpuCe::ServedLocally]
2026-08-08T17:50:52.044490Z qemu-system-x86_64: info: nvkvm: DOORBELL token 0x00010002 at +0xbb0090 SERVED-LOCAL [CpuCe::ServedLocally]
2026-08-08T17:51:12.557046Z qemu-system-x86_64: info: nvkvm: registers: 4388 reads / 188747 writes (chip-constant 42, rom 2316, gsp 341r/477w, UNCLAIMED 1047r/1070w), faults 0, guest-RAM refusals 0, interrupt requests dropped 171
2026-08-08T17:51:12.557132Z qemu-system-x86_64: info: nvkvm: timer: 63 counter reads, 0 writes REFUSED (the guest reads the host GPU's counter and may not move it)
2026-08-08T17:51:12.557168Z qemu-system-x86_64: info: nvkvm: interrupts: 5 vectors delivered, 0 undeliverable (guest had not enabled the table), 171 status-queue requests dropped
2026-08-08T17:51:12.557230Z qemu-system-x86_64: info: nvkvm: completions: 2 announced (non-stall vector raised), 0 UNVECTORED (work done, nothing told the guest), 2 would be masked by the guest's own LEAF_EN
2026-08-08T17:51:12.557265Z qemu-system-x86_64: info: nvkvm: framebuffer: 548 reads / 186770 writes served through the BAR0 moving window (27 window register reads / 22 writes), fb refusals 0, translated-window drops 0r/0w, resident 323584 bytes
2026-08-08T17:51:12.557300Z qemu-system-x86_64: info: nvkvm: BAR2 (translated): 537 reads / 152792 writes resolved through the GMMU, 0 REFUSED by name; roots published 2 (0 bodies refused), BAR2 root entry 0x0
2026-08-08T17:51:12.557333Z qemu-system-x86_64: info: nvkvm: VA-space page-directory publications: 5 total, 5 distinct, 0 UNDECODABLE (0x90f10106 / 0x20800a9f; the ONLY boot-path source of a page-directory root — SET_PAGE_DIRECTORY is never sent)
2026-08-08T17:51:12.557402Z qemu-system-x86_64: info: nvkvm:   of those, 5 reached the object model, 4 ACCEPTED (Vas::pdb populated from the guest's own publication), 0 not an event
2026-08-08T17:51:12.557437Z qemu-system-x86_64: info: nvkvm:   gvas cmd 0x20800a9f hClient 0x00000000 hObject 0x00000000 va [0x0000000100000000..0x000000011fffffff] pageSize 0x200000 levels 4 subdev 0/0 x1
2026-08-08T17:51:12.557474Z qemu-system-x86_64: info: nvkvm:     level[0] ROOT phys 0x00000002efbae000 size 0x20 aperture 1 pageShift 47
2026-08-08T17:51:12.557508Z qemu-system-x86_64: info: nvkvm:     level[1] phys 0x00000002efbad000 size 0x1000 aperture 1 pageShift 38
2026-08-08T17:51:12.557542Z qemu-system-x86_64: info: nvkvm:     level[2] phys 0x00000002efbac000 size 0x1000 aperture 1 pageShift 29
2026-08-08T17:51:12.557575Z qemu-system-x86_64: info: nvkvm:     level[3] phys 0x00000002efbab000 size 0x1000 aperture 1 pageShift 21
2026-08-08T17:51:12.557608Z qemu-system-x86_64: info: nvkvm:   gvas cmd 0x90f10106 hClient 0xc1e00005 hObject 0x0000000c va [0x0000000100000000..0x000000011fffffff] pageSize 0x200000 levels 4 subdev 0/0 x1
2026-08-08T17:51:12.557642Z qemu-system-x86_64: info: nvkvm:     level[0] ROOT phys 0x00000002efba5000 size 0x20 aperture 1 pageShift 47
2026-08-08T17:51:12.557675Z qemu-system-x86_64: info: nvkvm:     level[1] phys 0x00000002efba4000 size 0x1000 aperture 1 pageShift 38
2026-08-08T17:51:12.557708Z qemu-system-x86_64: info: nvkvm:     level[2] phys 0x00000002efba3000 size 0x1000 aperture 1 pageShift 29
2026-08-08T17:51:12.557740Z qemu-system-x86_64: info: nvkvm:     level[3] phys 0x00000002efba2000 size 0x1000 aperture 1 pageShift 21
2026-08-08T17:51:12.557788Z qemu-system-x86_64: info: nvkvm:   gvas cmd 0x90f10106 hClient 0xc1e00006 hObject 0x0000000a va [0x0000000100000000..0x000000011fffffff] pageSize 0x200000 levels 4 subdev 0/0 x1
2026-08-08T17:51:12.557811Z qemu-system-x86_64: info: nvkvm:     level[0] ROOT phys 0x00000002efa9c000 size 0x20 aperture 1 pageShift 47
2026-08-08T17:51:12.557832Z qemu-system-x86_64: info: nvkvm:     level[1] phys 0x00000002efa9b000 size 0x1000 aperture 1 pageShift 38
2026-08-08T17:51:12.557852Z qemu-system-x86_64: info: nvkvm:     level[2] phys 0x00000002efa9a000 size 0x1000 aperture 1 pageShift 29
2026-08-08T17:51:12.557873Z qemu-system-x86_64: info: nvkvm:     level[3] phys 0x00000002efa99000 size 0x1000 aperture 1 pageShift 21
2026-08-08T17:51:12.557894Z qemu-system-x86_64: info: nvkvm:   gvas cmd 0x90f10106 hClient 0xc1e00007 hObject 0xbaba0042 va [0x0000000100000000..0x000000011fffffff] pageSize 0x200000 levels 4 subdev 0/0 x1
2026-08-08T17:51:12.557916Z qemu-system-x86_64: info: nvkvm:     level[0] ROOT phys 0x00000002efa7c000 size 0x20 aperture 1 pageShift 47
2026-08-08T17:51:12.557937Z qemu-system-x86_64: info: nvkvm:     level[1] phys 0x00000002efa7b000 size 0x1000 aperture 1 pageShift 38
2026-08-08T17:51:12.557957Z qemu-system-x86_64: info: nvkvm:     level[2] phys 0x00000002efa7a000 size 0x1000 aperture 1 pageShift 29
2026-08-08T17:51:12.557978Z qemu-system-x86_64: info: nvkvm:     level[3] phys 0x00000002efa79000 size 0x1000 aperture 1 pageShift 21
2026-08-08T17:51:12.557999Z qemu-system-x86_64: info: nvkvm:   gvas cmd 0x90f10106 hClient 0xc1d00008 hObject 0xcaf00000 va [0x0000000100000000..0x000000011fffffff] pageSize 0x200000 levels 4 subdev 0/0 x1
2026-08-08T17:51:12.558021Z qemu-system-x86_64: info: nvkvm:     level[0] ROOT phys 0x00000002efa7c000 size 0x20 aperture 1 pageShift 47
2026-08-08T17:51:12.558041Z qemu-system-x86_64: info: nvkvm:     level[1] phys 0x00000002efa7b000 size 0x1000 aperture 1 pageShift 38
2026-08-08T17:51:12.558062Z qemu-system-x86_64: info: nvkvm:     level[2] phys 0x00000002efa7a000 size 0x1000 aperture 1 pageShift 29
2026-08-08T17:51:12.558083Z qemu-system-x86_64: info: nvkvm:     level[3] phys 0x00000002efa79000 size 0x1000 aperture 1 pageShift 21
2026-08-08T17:51:12.558104Z qemu-system-x86_64: info: nvkvm: commands: 172 decoded, 32 UNSERVICED (refused by name; the guest logs these quietly, which is why they are here), 23 distinct
2026-08-08T17:51:12.558125Z qemu-system-x86_64: info: nvkvm:   unserviced fn 76 cmd 0x20800a87
2026-08-08T17:51:12.558146Z qemu-system-x86_64: info: nvkvm:   unserviced fn 76 cmd 0x20800a4b
2026-08-08T17:51:12.558166Z qemu-system-x86_64: info: nvkvm:   unserviced fn 76 cmd 0x20800afe
2026-08-08T17:51:12.558187Z qemu-system-x86_64: info: nvkvm:   unserviced fn 76 cmd 0x20800aff
2026-08-08T17:51:12.558229Z qemu-system-x86_64: info: nvkvm:   unserviced fn 76 cmd 0x20800a70
2026-08-08T17:51:12.558250Z qemu-system-x86_64: info: nvkvm:   unserviced fn 76 cmd 0x20800a80
2026-08-08T17:51:12.558271Z qemu-system-x86_64: info: nvkvm:   unserviced fn 76 cmd 0x20802a0f
2026-08-08T17:51:12.558291Z qemu-system-x86_64: info: nvkvm:   unserviced fn 76 cmd 0x2080017e
2026-08-08T17:51:12.558312Z qemu-system-x86_64: info: nvkvm:   unserviced fn 76 cmd 0x20800a30
2026-08-08T17:51:12.558332Z qemu-system-x86_64: info: nvkvm:   unserviced fn 76 cmd 0x20800a2c
2026-08-08T17:51:12.558381Z qemu-system-x86_64: info: nvkvm:   unserviced fn 76 cmd 0x20800a2e
2026-08-08T17:51:12.558404Z qemu-system-x86_64: info: nvkvm:   unserviced fn 76 cmd 0x20800a34
2026-08-08T17:51:12.558424Z qemu-system-x86_64: info: nvkvm:   unserviced fn 76 cmd 0x20800b03
2026-08-08T17:51:12.558445Z qemu-system-x86_64: info: nvkvm:   unserviced fn 76 cmd 0x20800b05
2026-08-08T17:51:12.558465Z qemu-system-x86_64: info: nvkvm:   unserviced fn 76 cmd 0x20800a3f
2026-08-08T17:51:12.558485Z qemu-system-x86_64: info: nvkvm:   unserviced fn 76 cmd 0x2080013f
2026-08-08T17:51:12.558506Z qemu-system-x86_64: info: nvkvm:   unserviced fn 76 cmd 0x402c0101
2026-08-08T17:51:12.558538Z qemu-system-x86_64: info: nvkvm:   unserviced fn 76 cmd 0x20800a4c
2026-08-08T17:51:12.558558Z qemu-system-x86_64: info: nvkvm:   unserviced fn 76 cmd 0x20800102
2026-08-08T17:51:12.558579Z qemu-system-x86_64: info: nvkvm:   unserviced fn 76 cmd 0x2080852e
2026-08-08T17:51:12.558599Z qemu-system-x86_64: info: nvkvm:   unserviced fn 76 cmd 0x20808513
2026-08-08T17:51:12.558619Z qemu-system-x86_64: info: nvkvm:   unserviced fn 76 cmd 0x20802068
2026-08-08T17:51:12.558640Z qemu-system-x86_64: info: nvkvm:   unserviced fn 76 cmd 0x20800a38
2026-08-08T17:51:12.558660Z qemu-system-x86_64: info: nvkvm: bridge refusals: 10 total, 6 distinct (these ANSWER the command and so never reach the unserviced list)
2026-08-08T17:51:12.558681Z qemu-system-x86_64: info: nvkvm:   bridge refusal BridgeRefusal::AllocClassNotPermitted::NotOnAllowlist x1
2026-08-08T17:51:12.558703Z qemu-system-x86_64: info: nvkvm:   bridge refusal BridgeRefusal::AllocClassNotPermitted::Refused x1
2026-08-08T17:51:12.558723Z qemu-system-x86_64: info: nvkvm:   bridge refusal BridgeRefusal::ReservedClient x1
2026-08-08T17:51:12.558744Z qemu-system-x86_64: info: nvkvm:   bridge refusal BridgeRefusal::UnmappedAllocClass x2
2026-08-08T17:51:12.558764Z qemu-system-x86_64: info: nvkvm:   bridge refusal PromoteFault::UnknownContextObject x1
2026-08-08T17:51:12.558785Z qemu-system-x86_64: info: nvkvm:   bridge refusal RmGraphError::FreeUnknown x4
2026-08-08T17:51:12.558806Z qemu-system-x86_64: info: nvkvm: probe-arm set: EMPTY (shipping configuration: an arming is served only if the index is on SILENT_NOTIFIERS — the event cannot occur — or DELIVERED_NOTIFIERS — this device raises it; all others refused)
2026-08-08T17:51:12.558826Z qemu-system-x86_64: info: nvkvm: controls: 46 answered, 28 distinct cmd/result rows (result 0 = served; non-zero = served-but-REFUSED, which reaches no other list)
2026-08-08T17:51:12.558847Z qemu-system-x86_64: info: nvkvm:   control 0x20800a36 result 0x00000000 x1
2026-08-08T17:51:12.558869Z qemu-system-x86_64: info: nvkvm:   control 0x20800a41 result 0x00000000 x1
2026-08-08T17:51:12.558889Z qemu-system-x86_64: info: nvkvm:   control 0x208001b0 result 0x00000000 x2
2026-08-08T17:51:12.558910Z qemu-system-x86_64: info: nvkvm:   control 0x20800a40 result 0x00000000 x1
2026-08-08T17:51:12.558931Z qemu-system-x86_64: info: nvkvm:   control 0x20801112 result 0x00000000 x1
2026-08-08T17:51:12.558951Z qemu-system-x86_64: info: nvkvm:   control 0x20800a5c result 0x00000000 x1
2026-08-08T17:51:12.558972Z qemu-system-x86_64: info: nvkvm:   control 0x20800a1c result 0x00000000 x1
2026-08-08T17:51:12.558993Z qemu-system-x86_64: info: nvkvm:   control 0x20801803 result 0x00000000 x1
2026-08-08T17:51:12.559013Z qemu-system-x86_64: info: nvkvm:   control 0x20800af3 result 0x00000000 x2
2026-08-08T17:51:12.559034Z qemu-system-x86_64: info: nvkvm:   control 0x20800aac result 0x00000000 x1
2026-08-08T17:51:12.559055Z qemu-system-x86_64: info: nvkvm:   control 0x20800a61 result 0x00000000 x4
2026-08-08T17:51:12.559075Z qemu-system-x86_64: info: nvkvm:   control 0x20802a08 result 0x00000000 x5
2026-08-08T17:51:12.559096Z qemu-system-x86_64: info: nvkvm:   control 0x20800301 result 0x00000000 x3
2026-08-08T17:51:12.559117Z qemu-system-x86_64: info: nvkvm:   control 0x20800a59 result 0x00000000 x1
2026-08-08T17:51:12.559137Z qemu-system-x86_64: info: nvkvm:   control 0x20800a6c result 0x00000000 x4
2026-08-08T17:51:12.559158Z qemu-system-x86_64: info: nvkvm:   control 0x20800a9f result 0x00000000 x1
2026-08-08T17:51:12.559178Z qemu-system-x86_64: info: nvkvm:   control 0x20800a1f result 0x00000000 x1
2026-08-08T17:51:12.559222Z qemu-system-x86_64: info: nvkvm:   control 0x20800a2a result 0x00000000 x1
2026-08-08T17:51:12.559244Z qemu-system-x86_64: info: nvkvm:   control 0x20800a26 result 0x00000000 x1
2026-08-08T17:51:12.559265Z qemu-system-x86_64: info: nvkvm:   control 0x20800a22 result 0x00000000 x1
2026-08-08T17:51:12.559286Z qemu-system-x86_64: info: nvkvm:   control 0x20800a3d result 0x00000000 x1
2026-08-08T17:51:12.559315Z qemu-system-x86_64: info: nvkvm:   control 0x20800a48 result 0x00000000 x1
2026-08-08T17:51:12.559513Z qemu-system-x86_64: info: nvkvm:   control 0x20800a32 result 0x00000000 x1
2026-08-08T17:51:12.559554Z qemu-system-x86_64: info: nvkvm:   control 0x90f10106 result 0x00000000 x4
2026-08-08T17:51:12.559576Z qemu-system-x86_64: info: nvkvm:   control 0xa06f0103 result 0x00000000 x2
2026-08-08T17:51:12.559596Z qemu-system-x86_64: info: nvkvm:   control 0xa06f0104 result 0x00000000 x1
2026-08-08T17:51:12.559617Z qemu-system-x86_64: info: nvkvm:   control 0x2080012b result 0x00000000 x1
2026-08-08T17:51:12.559637Z qemu-system-x86_64: info: nvkvm:   control 0x2080012b result 0x00000056 x1 REFUSED
2026-08-08T17:51:12.559659Z qemu-system-x86_64: info: nvkvm: notifier armings (0x20800301): 3 total, 3 distinct (result 0xffffffff = nothing answered)
2026-08-08T17:51:12.559680Z qemu-system-x86_64: info: nvkvm:   arming event 194 action 2 client 0xc1e00002 object 0xcaf00001 result 0x00000000 x1
2026-08-08T17:51:12.559701Z qemu-system-x86_64: info: nvkvm:   arming event 35 action 2 client 0xc1e00005 object 0x0000000b result 0x00000000 x1
2026-08-08T17:51:12.559723Z qemu-system-x86_64: info: nvkvm:   arming event 35 action 2 client 0xc1e00006 object 0x0000000c result 0x00000000 x1
2026-08-08T17:51:12.559744Z qemu-system-x86_64: info: nvkvm: channel binds (0xa06f0104): 1 total, 1 distinct (result 0xffffffff = nothing answered)
2026-08-08T17:51:12.559765Z qemu-system-x86_64: info: nvkvm:   bind engineType 11 (COPY2) client 0xc1e00006 object 0x00000002 result 0x00000000 x1
2026-08-08T17:51:12.559787Z qemu-system-x86_64: info: nvkvm: isolates: 1 materialized, 1 live, 1 refusing (1 no-plane, 0 spawn-failed)
2026-08-08T17:51:12.559808Z qemu-system-x86_64: info: nvkvm: doorbells: 2 arrived, 2 served, 0 REFUSED by name; last token 0x00010002 (2 logged)
2026-08-08T17:51:12.559830Z qemu-system-x86_64: info: nvkvm:   last CPU-CE serving: cpu-ce: 1 gp, 9 methods, 1 launch, 1 span, 4 B, 1 sem fin va=0x42006c004 -> S:0x23f15004
2026-08-08T17:51:12.559851Z qemu-system-x86_64: info: nvkvm: gpfifo rings: 3 declared, 2 with a non-zero address; first 0x0000000120064000 (4096 entries) — GPU VIRTUAL, untranslated
2026-08-08T17:51:12.559872Z qemu-system-x86_64: info: nvkvm:   isolate refusal [no-plane] this build has no forwarding plane: the object model accepts protocol facts and no host verb can be issued
