[   22.776836] nvidia-nvlink: Nvlink Core is being initialized, major device number 239

[   22.795321] nvidia 0000:00:03.0: vgaarb: VGA decodes changed: olddecodes=none,decodes=none:owns=io+mem
[   22.800833] NVRM: loading NVIDIA UNIX Open Kernel Module for x86_64  580.159.04  Release Build  (dvs-builder@U22-I3-AF04-09-6)  Wed Apr 29 17:15:53 UTC 2026
[   24.459020] NVRM: nvAssertOkFailedNoLog: Assertion failed: Call not supported [NV_ERR_NOT_SUPPORTED] (0x00000056) returned from pRmApi->Control(pRmApi, pGpu->hInternalClient, pGpu->hInternalSubdevice, NV2080_CTRL_CMD_INTERNAL_INIT_USER_SHARED_DATA, &params, sizeof(params)) @ gpu_user_shared_data.c:233
[   24.459310] NVRM: nvAssertOkFailedNoLog: Assertion failed: Call not supported [NV_ERR_NOT_SUPPORTED] (0x00000056) returned from pRmApi->Control(pRmApi, pGpu->hInternalClient, pGpu->hInternalSubdevice, NV2080_CTRL_CMD_INTERNAL_USER_SHARED_DATA_SET_DATA_POLL, &params, sizeof(params)) @ gpu_user_shared_data.c:268
[   25.767749] NVRM: kperfGpuBoostSyncStateInit_IMPL: Failed to read Sync Gpu Boost init state, status=0x56
[   25.812093] NVRM: kperfGpuBoostSyncStateInit_IMPL: Failed to read Sync Gpu Boost init state, status=0x56
[   25.812330] NVRM: nvAssertOkFailedNoLog: Assertion failed: Call not supported [NV_ERR_NOT_SUPPORTED] (0x00000056) returned from pRmApi->Control(pRmApi, pGpu->hInternalClient, pGpu->hInternalSubdevice, NV2080_CTRL_CMD_INTERNAL_CE_GET_PCE_CONFIG_FOR_LCE_TYPE, &pceConfigParams, sizeof(pceConfigParams)) @ kernel_ce.c:1020
[   25.812417] NVRM: nvAssertOkFailedNoLog: Assertion failed: Call not supported [NV_ERR_NOT_SUPPORTED] (0x00000056) returned from kceGetPceConfigForLceType(pGpu, pKCe, NV2080_CTRL_CE_LCE_TYPE_DECOMP, &numPcesPerLce, &numLces, &supportedPceMask, &supportedLceMask, &pcesPerHshub) @ kernel_ce_gp100.c:62
[   34.295848] NVRM: nvAssertOkFailedNoLog: Assertion failed: Call timed out [NV_ERR_TIMEOUT] (0x00000065) returned from memmgrMemSet(pMemoryManager, &vidSurface, 0, sizeof vidmemData, TRANSFER_FLAGS_PREFER_CE) @ mem_mgr.c:463
[   34.296359] NVRM: nvAssertOkFailedNoLog: Assertion failed: Call timed out [NV_ERR_TIMEOUT] (0x00000065) returned from status @ mem_mgr.c:4159
[   38.296909] NVRM: nvAssertFailedNoLog: Assertion failed: pCeUtils->lastCompletedPayload == lastSubmittedPayload @ ce_utils.c:349
[   38.981719] NVRM: nvAssertOkFailedNoLog: Assertion failed: Call timed out [NV_ERR_TIMEOUT] (0x00000065) returned from memmgrInitCeUtils(pMemoryManager, NV_FALSE, NV_TRUE) @ mem_mgr.c:526
[   38.981782] NVRM: nvAssertFailedNoLog: Assertion failed: 0 @ kernel_fifo.c:3129
[   38.981897] NVRM: RmInitNvDevice: *** Cannot load state into the device
[   38.981901] NVRM: RmInitAdapter: RmInitNvDevice failed, bailing out of RmInitAdapter
[   39.007775] NVRM: nvAssertFailedNoLog: Assertion failed: (status == NV_OK) || (status == NV_ERR_GPU_IN_FULLCHIP_RESET) @ fecs_event_list.c:1623
[   39.919870] NVRM: nvCheckOkFailedNoLog: Check failed: Call not supported [NV_ERR_NOT_SUPPORTED] (0x00000056) returned from pRmApi->Control(pRmApi, pGpu->hInternalClient, pGpu->hInternalSubdevice, NV2080_CTRL_CMD_INTERNAL_INIT_USER_SHARED_DATA, &params, sizeof(params)) @ gpu_user_shared_data.c:213
[   39.951269] NVRM: iovaspaceDestruct_IMPL: 1 left-over mappings in IOVAS 0x3
[   39.951299] NVRM: GPU 0000:00:03.0: RmInitAdapter failed! (0x25:0x65:1249)
[   39.957999] NVRM: GPU 0000:00:03.0: rm_init_adapter failed, device minor number 0
