=== boot_capture tag=ship3_d5369b5 at 2026-08-08T16:19:55+00:00 ===
=== source revision: d5369b58b ===
=== qemu binary: -rwxr-xr-x 1 root root 84599808 Aug  8 16:15 /workspace/bench/qemu-build/qemu-system-x86_64 ===
=== archive rev STAMPED IN THE BINARY: kayfabe-rev:d5369b58bda44de90c51c8baf055f889aeb7c71b 
=== BUILD_REV.txt says (informational, NOT authoritative): 
=== helpers (KAYFABE_BENCH_HELPERS=repo) ===
    used: /workspace/bench/kayfabe/scripts/bench/boot_nvkvm.sh  sha256=92551d70f36ddbef
    used: /workspace/bench/kayfabe/scripts/bench/gssh_nv  sha256=1785ac20cc7af28d
WAS_LOADED
MODPROBE_RC=0
=== nvidia-smi (the device open) ===
Sat Aug  8 16:20:07 2026       
+-----------------------------------------------------------------------------------------+
| NVIDIA-SMI 580.159.04             Driver Version: 580.159.04     CUDA Version: 13.0     |
+-----------------------------------------+------------------------+----------------------+
| GPU  Name                 Persistence-M | Bus-Id          Disp.A | Volatile Uncorr. ECC |
| Fan  Temp   Perf          Pwr:Usage/Cap |           Memory-Usage | GPU-Util  Compute M. |
|                                         |                        |               MIG M. |
|=========================================+========================+======================|
|   0  ERR!                           Off |   00000000:00:03.0 N/A |                  N/A |
| N/A   N/A  N/A             N/A  /  N/A  |       0MiB /  12288MiB |     N/A      Default |
|                                         |                        |                  N/A |
+-----------------------------------------+------------------------+----------------------+

+-----------------------------------------------------------------------------------------+
| Processes:                                                                              |
|  GPU   GI   CI              PID   Type   Process name                        GPU Memory |
|        ID   ID                                                               Usage      |
|=========================================================================================|
|  No running processes found                                                             |
+-----------------------------------------------------------------------------------------+
SMI_RC=0
=== /dev nodes (AFTER the open — they are created by it) ===
crw-rw-rw- 1 root root 237,   0 Aug  8 16:20 /dev/nvidia-uvm
crw-rw-rw- 1 root root 237,   1 Aug  8 16:20 /dev/nvidia-uvm-tools
crw-rw-rw- 1 root root 195,   0 Aug  8 16:19 /dev/nvidia0
crw-rw-rw- 1 root root 195, 255 Aug  8 16:19 /dev/nvidiactl

/dev/nvidia-caps:
total 0
drwxr-xr-x  2 root root     80 Aug  8 16:20 .
drwxr-xr-x 18 root root   4000 Aug  8 16:20 ..
cr--------  1 root root 240, 1 Aug  8 16:20 nvidia-cap1
cr--r--r--  1 root root 240, 2 Aug  8 16:20 nvidia-cap2
=== lsmod ===
nvidia_uvm           2166784  0
nvidia              14417920  1 nvidia_uvm
ecc                    45056  1 nvidia
