[27302.030838] NVRM: nvAssertOkFailedNoLog: Assertion failed: Requested object not found [NV_ERR_OBJECT_NOT_FOUND] (0x00000057) returned from kfifoEngineInfoXlate_HAL(pGpu, GPU_GET_KERNEL_FIFO(pGpu), ENGINE_INFO_TYPE_ENG_DESC, engineDesc, ENGINE_INFO_TYPE_RUNLIST, &pKernelChannelGroupApi->pKernelChannelGroup->runlistId) @ kernel_channel_group_api.c:1252
[27302.031418] NVRM: nvAssertOkFailedNoLog: Assertion failed: Requested object not found [NV_ERR_OBJECT_NOT_FOUND] (0x00000057) returned from status @ kernel_channel.c:2886
[27302.031427] NVRM: nvAssertOkFailedNoLog: Assertion failed: Requested object not found [NV_ERR_OBJECT_NOT_FOUND] (0x00000057) returned from kchannelBindToRunlist(pChanNode->pKernelChannel, localEngineType, engineDesc) @ kernel_channel_group_api.c:1264
[27302.204380] NVRM: nvAssertOkFailedNoLog: Assertion failed: Requested object not found [NV_ERR_OBJECT_NOT_FOUND] (0x00000057) returned from kfifoEngineInfoXlate_HAL(pGpu, pKernelFifo, ENGINE_INFO_TYPE_RM_ENGINE_TYPE, (NvU32)rmEngineType, ENGINE_INFO_TYPE_ENG_DESC, &engDesc) @ kernel_fifo_gm107.c:368
[27302.205957] NVRM: nvAssertOkFailedNoLog: Assertion failed: Requested object not found [NV_ERR_OBJECT_NOT_FOUND] (0x00000057) returned from kfifoEngineInfoXlate_HAL(pGpu, pKernelFifo, ENGINE_INFO_TYPE_RM_ENGINE_TYPE, (NvU32)rmEngineType, ENGINE_INFO_TYPE_ENG_DESC, &engDesc) @ kernel_fifo_gm107.c:368
[27302.207563] NVRM: nvAssertOkFailedNoLog: Assertion failed: Requested object not found [NV_ERR_OBJECT_NOT_FOUND] (0x00000057) returned from kfifoEngineInfoXlate_HAL(pGpu, GPU_GET_KERNEL_FIFO(pGpu), ENGINE_INFO_TYPE_ENG_DESC, engineDesc, ENGINE_INFO_TYPE_RUNLIST, &pKernelChannelGroupApi->pKernelChannelGroup->runlistId) @ kernel_channel_group_api.c:1252
[27302.208160] NVRM: nvAssertOkFailedNoLog: Assertion failed: Requested object not found [NV_ERR_OBJECT_NOT_FOUND] (0x00000057) returned from status @ kernel_channel.c:2886
[27302.208169] NVRM: nvAssertOkFailedNoLog: Assertion failed: Requested object not found [NV_ERR_OBJECT_NOT_FOUND] (0x00000057) returned from kchannelBindToRunlist(pChanNode->pKernelChannel, localEngineType, engineDesc) @ kernel_channel_group_api.c:1264
[27302.381369] NVRM: nvAssertOkFailedNoLog: Assertion failed: Requested object not found [NV_ERR_OBJECT_NOT_FOUND] (0x00000057) returned from kfifoEngineInfoXlate_HAL(pGpu, pKernelFifo, ENGINE_INFO_TYPE_RM_ENGINE_TYPE, (NvU32)rmEngineType, ENGINE_INFO_TYPE_ENG_DESC, &engDesc) @ kernel_fifo_gm107.c:368
[27302.383273] NVRM: nvAssertOkFailedNoLog: Assertion failed: Requested object not found [NV_ERR_OBJECT_NOT_FOUND] (0x00000057) returned from kfifoEngineInfoXlate_HAL(pGpu, pKernelFifo, ENGINE_INFO_TYPE_RM_ENGINE_TYPE, (NvU32)rmEngineType, ENGINE_INFO_TYPE_ENG_DESC, &engDesc) @ kernel_fifo_gm107.c:368
[27302.384867] NVRM: nvAssertOkFailedNoLog: Assertion failed: Requested object not found [NV_ERR_OBJECT_NOT_FOUND] (0x00000057) returned from kfifoEngineInfoXlate_HAL(pGpu, GPU_GET_KERNEL_FIFO(pGpu), ENGINE_INFO_TYPE_ENG_DESC, engineDesc, ENGINE_INFO_TYPE_RUNLIST, &pKernelChannelGroupApi->pKernelChannelGroup->runlistId) @ kernel_channel_group_api.c:1252
[27302.385447] NVRM: nvAssertOkFailedNoLog: Assertion failed: Requested object not found [NV_ERR_OBJECT_NOT_FOUND] (0x00000057) returned from status @ kernel_channel.c:2886
[27302.385457] NVRM: nvAssertOkFailedNoLog: Assertion failed: Requested object not found [NV_ERR_OBJECT_NOT_FOUND] (0x00000057) returned from kchannelBindToRunlist(pChanNode->pKernelChannel, localEngineType, engineDesc) @ kernel_channel_group_api.c:1264
[27329.451137] NVRM: nvAssertOkFailedNoLog: Assertion failed: Requested object not found [NV_ERR_OBJECT_NOT_FOUND] (0x00000057) returned from kfifoEngineInfoXlate_HAL(pGpu, pKernelFifo, ENGINE_INFO_TYPE_RM_ENGINE_TYPE, (NvU32)rmEngineType, ENGINE_INFO_TYPE_ENG_DESC, &engDesc) @ kernel_fifo_gm107.c:368
[27329.452585] NVRM: nvAssertOkFailedNoLog: Assertion failed: Requested object not found [NV_ERR_OBJECT_NOT_FOUND] (0x00000057) returned from kfifoEngineInfoXlate_HAL(pGpu, pKernelFifo, ENGINE_INFO_TYPE_RM_ENGINE_TYPE, (NvU32)rmEngineType, ENGINE_INFO_TYPE_ENG_DESC, &engDesc) @ kernel_fifo_gm107.c:368
[27329.454006] NVRM: nvAssertOkFailedNoLog: Assertion failed: Requested object not found [NV_ERR_OBJECT_NOT_FOUND] (0x00000057) returned from kfifoEngineInfoXlate_HAL(pGpu, GPU_GET_KERNEL_FIFO(pGpu), ENGINE_INFO_TYPE_ENG_DESC, engineDesc, ENGINE_INFO_TYPE_RUNLIST, &pKernelChannelGroupApi->pKernelChannelGroup->runlistId) @ kernel_channel_group_api.c:1252
[27329.454579] NVRM: nvAssertOkFailedNoLog: Assertion failed: Requested object not found [NV_ERR_OBJECT_NOT_FOUND] (0x00000057) returned from status @ kernel_channel.c:2886
[27329.454588] NVRM: nvAssertOkFailedNoLog: Assertion failed: Requested object not found [NV_ERR_OBJECT_NOT_FOUND] (0x00000057) returned from kchannelBindToRunlist(pChanNode->pKernelChannel, localEngineType, engineDesc) @ kernel_channel_group_api.c:1264
[27329.642396] NVRM: nvAssertOkFailedNoLog: Assertion failed: Requested object not found [NV_ERR_OBJECT_NOT_FOUND] (0x00000057) returned from kfifoEngineInfoXlate_HAL(pGpu, pKernelFifo, ENGINE_INFO_TYPE_RM_ENGINE_TYPE, (NvU32)rmEngineType, ENGINE_INFO_TYPE_ENG_DESC, &engDesc) @ kernel_fifo_gm107.c:368
[27329.644033] NVRM: nvAssertOkFailedNoLog: Assertion failed: Requested object not found [NV_ERR_OBJECT_NOT_FOUND] (0x00000057) returned from kfifoEngineInfoXlate_HAL(pGpu, pKernelFifo, ENGINE_INFO_TYPE_RM_ENGINE_TYPE, (NvU32)rmEngineType, ENGINE_INFO_TYPE_ENG_DESC, &engDesc) @ kernel_fifo_gm107.c:368
[27329.645512] NVRM: nvAssertOkFailedNoLog: Assertion failed: Requested object not found [NV_ERR_OBJECT_NOT_FOUND] (0x00000057) returned from kfifoEngineInfoXlate_HAL(pGpu, GPU_GET_KERNEL_FIFO(pGpu), ENGINE_INFO_TYPE_ENG_DESC, engineDesc, ENGINE_INFO_TYPE_RUNLIST, &pKernelChannelGroupApi->pKernelChannelGroup->runlistId) @ kernel_channel_group_api.c:1252
[27329.646096] NVRM: nvAssertOkFailedNoLog: Assertion failed: Requested object not found [NV_ERR_OBJECT_NOT_FOUND] (0x00000057) returned from status @ kernel_channel.c:2886
[27329.646104] NVRM: nvAssertOkFailedNoLog: Assertion failed: Requested object not found [NV_ERR_OBJECT_NOT_FOUND] (0x00000057) returned from kchannelBindToRunlist(pChanNode->pKernelChannel, localEngineType, engineDesc) @ kernel_channel_group_api.c:1264
[27329.831227] NVRM: nvAssertOkFailedNoLog: Assertion failed: Requested object not found [NV_ERR_OBJECT_NOT_FOUND] (0x00000057) returned from kfifoEngineInfoXlate_HAL(pGpu, pKernelFifo, ENGINE_INFO_TYPE_RM_ENGINE_TYPE, (NvU32)rmEngineType, ENGINE_INFO_TYPE_ENG_DESC, &engDesc) @ kernel_fifo_gm107.c:368
[27329.833066] NVRM: nvAssertOkFailedNoLog: Assertion failed: Requested object not found [NV_ERR_OBJECT_NOT_FOUND] (0x00000057) returned from kfifoEngineInfoXlate_HAL(pGpu, pKernelFifo, ENGINE_INFO_TYPE_RM_ENGINE_TYPE, (NvU32)rmEngineType, ENGINE_INFO_TYPE_ENG_DESC, &engDesc) @ kernel_fifo_gm107.c:368
[27329.834532] NVRM: nvAssertOkFailedNoLog: Assertion failed: Requested object not found [NV_ERR_OBJECT_NOT_FOUND] (0x00000057) returned from kfifoEngineInfoXlate_HAL(pGpu, GPU_GET_KERNEL_FIFO(pGpu), ENGINE_INFO_TYPE_ENG_DESC, engineDesc, ENGINE_INFO_TYPE_RUNLIST, &pKernelChannelGroupApi->pKernelChannelGroup->runlistId) @ kernel_channel_group_api.c:1252
[27329.835130] NVRM: nvAssertOkFailedNoLog: Assertion failed: Requested object not found [NV_ERR_OBJECT_NOT_FOUND] (0x00000057) returned from status @ kernel_channel.c:2886
[27329.835139] NVRM: nvAssertOkFailedNoLog: Assertion failed: Requested object not found [NV_ERR_OBJECT_NOT_FOUND] (0x00000057) returned from kchannelBindToRunlist(pChanNode->pKernelChannel, localEngineType, engineDesc) @ kernel_channel_group_api.c:1264
[27332.127739] NVRM: nvAssertOkFailedNoLog: Assertion failed: Requested object not found [NV_ERR_OBJECT_NOT_FOUND] (0x00000057) returned from kfifoEngineInfoXlate_HAL(pGpu, pKernelFifo, ENGINE_INFO_TYPE_RM_ENGINE_TYPE, (NvU32)rmEngineType, ENGINE_INFO_TYPE_ENG_DESC, &engDesc) @ kernel_fifo_gm107.c:368
[27332.129418] NVRM: nvAssertOkFailedNoLog: Assertion failed: Requested object not found [NV_ERR_OBJECT_NOT_FOUND] (0x00000057) returned from kfifoEngineInfoXlate_HAL(pGpu, pKernelFifo, ENGINE_INFO_TYPE_RM_ENGINE_TYPE, (NvU32)rmEngineType, ENGINE_INFO_TYPE_ENG_DESC, &engDesc) @ kernel_fifo_gm107.c:368
[27332.130835] NVRM: nvAssertOkFailedNoLog: Assertion failed: Requested object not found [NV_ERR_OBJECT_NOT_FOUND] (0x00000057) returned from kfifoEngineInfoXlate_HAL(pGpu, GPU_GET_KERNEL_FIFO(pGpu), ENGINE_INFO_TYPE_ENG_DESC, engineDesc, ENGINE_INFO_TYPE_RUNLIST, &pKernelChannelGroupApi->pKernelChannelGroup->runlistId) @ kernel_channel_group_api.c:1252
[27332.131389] NVRM: nvAssertOkFailedNoLog: Assertion failed: Requested object not found [NV_ERR_OBJECT_NOT_FOUND] (0x00000057) returned from status @ kernel_channel.c:2886
[27332.131399] NVRM: nvAssertOkFailedNoLog: Assertion failed: Requested object not found [NV_ERR_OBJECT_NOT_FOUND] (0x00000057) returned from kchannelBindToRunlist(pChanNode->pKernelChannel, localEngineType, engineDesc) @ kernel_channel_group_api.c:1264
[27332.450940] NVRM: nvAssertOkFailedNoLog: Assertion failed: Requested object not found [NV_ERR_OBJECT_NOT_FOUND] (0x00000057) returned from kfifoEngineInfoXlate_HAL(pGpu, pKernelFifo, ENGINE_INFO_TYPE_RM_ENGINE_TYPE, (NvU32)rmEngineType, ENGINE_INFO_TYPE_ENG_DESC, &engDesc) @ kernel_fifo_gm107.c:368
[27332.452392] NVRM: nvAssertOkFailedNoLog: Assertion failed: Requested object not found [NV_ERR_OBJECT_NOT_FOUND] (0x00000057) returned from kfifoEngineInfoXlate_HAL(pGpu, pKernelFifo, ENGINE_INFO_TYPE_RM_ENGINE_TYPE, (NvU32)rmEngineType, ENGINE_INFO_TYPE_ENG_DESC, &engDesc) @ kernel_fifo_gm107.c:368
[27332.453709] NVRM: nvAssertOkFailedNoLog: Assertion failed: Requested object not found [NV_ERR_OBJECT_NOT_FOUND] (0x00000057) returned from kfifoEngineInfoXlate_HAL(pGpu, GPU_GET_KERNEL_FIFO(pGpu), ENGINE_INFO_TYPE_ENG_DESC, engineDesc, ENGINE_INFO_TYPE_RUNLIST, &pKernelChannelGroupApi->pKernelChannelGroup->runlistId) @ kernel_channel_group_api.c:1252
[27332.454292] NVRM: nvAssertOkFailedNoLog: Assertion failed: Requested object not found [NV_ERR_OBJECT_NOT_FOUND] (0x00000057) returned from status @ kernel_channel.c:2886
[27332.454301] NVRM: nvAssertOkFailedNoLog: Assertion failed: Requested object not found [NV_ERR_OBJECT_NOT_FOUND] (0x00000057) returned from kchannelBindToRunlist(pChanNode->pKernelChannel, localEngineType, engineDesc) @ kernel_channel_group_api.c:1264
[27332.766895] NVRM: nvAssertOkFailedNoLog: Assertion failed: Requested object not found [NV_ERR_OBJECT_NOT_FOUND] (0x00000057) returned from kfifoEngineInfoXlate_HAL(pGpu, pKernelFifo, ENGINE_INFO_TYPE_RM_ENGINE_TYPE, (NvU32)rmEngineType, ENGINE_INFO_TYPE_ENG_DESC, &engDesc) @ kernel_fifo_gm107.c:368
[27332.768634] NVRM: nvAssertOkFailedNoLog: Assertion failed: Requested object not found [NV_ERR_OBJECT_NOT_FOUND] (0x00000057) returned from kfifoEngineInfoXlate_HAL(pGpu, pKernelFifo, ENGINE_INFO_TYPE_RM_ENGINE_TYPE, (NvU32)rmEngineType, ENGINE_INFO_TYPE_ENG_DESC, &engDesc) @ kernel_fifo_gm107.c:368
[27332.770067] NVRM: nvAssertOkFailedNoLog: Assertion failed: Requested object not found [NV_ERR_OBJECT_NOT_FOUND] (0x00000057) returned from kfifoEngineInfoXlate_HAL(pGpu, GPU_GET_KERNEL_FIFO(pGpu), ENGINE_INFO_TYPE_ENG_DESC, engineDesc, ENGINE_INFO_TYPE_RUNLIST, &pKernelChannelGroupApi->pKernelChannelGroup->runlistId) @ kernel_channel_group_api.c:1252
[27332.770641] NVRM: nvAssertOkFailedNoLog: Assertion failed: Requested object not found [NV_ERR_OBJECT_NOT_FOUND] (0x00000057) returned from status @ kernel_channel.c:2886
[27332.770652] NVRM: nvAssertOkFailedNoLog: Assertion failed: Requested object not found [NV_ERR_OBJECT_NOT_FOUND] (0x00000057) returned from kchannelBindToRunlist(pChanNode->pKernelChannel, localEngineType, engineDesc) @ kernel_channel_group_api.c:1264
[27467.496550] NVRM: GPU at PCI:0000:00:08: GPU-9fdaccfb-1920-54dc-3d1b-48aaa43e2692
[27467.496563] NVRM: Xid (PCI:0000:00:08): 31, pid=293641, name=qemu-system-x86, channel 0x0000001a, intr 00000000. MMU Fault: ENGINE CE0 HUBCLIENT_CE1 faulted @ 0x60_00010000. Fault is of type FAULT_PTE ACCESS_TYPE_VIRT_READ
[27470.686302] NVRM: Xid (PCI:0000:00:08): 31, pid=293641, name=qemu-system-x86, channel 0x0000001a, intr 00000000. MMU Fault: ENGINE CE0 HUBCLIENT_CE1 faulted @ 0x62_00010000. Fault is of type FAULT_PTE ACCESS_TYPE_VIRT_READ
[27473.703446] NVRM: Xid (PCI:0000:00:08): 31, pid=293641, name=qemu-system-x86, channel 0x0000001b, intr 00000000. MMU Fault: ENGINE CE0 HUBCLIENT_CE1 faulted @ 0x62_00010000. Fault is of type FAULT_PTE ACCESS_TYPE_VIRT_READ
[27476.873481] NVRM: Xid (PCI:0000:00:08): 31, pid=293641, name=qemu-system-x86, channel 0x0000001a, intr 00000000. MMU Fault: ENGINE CE0 HUBCLIENT_CE1 faulted @ 0x64_00010000. Fault is of type FAULT_PTE ACCESS_TYPE_VIRT_READ
[27640.393210] NVRM: GPU at PCI:0000:00:08: GPU-9fdaccfb-1920-54dc-3d1b-48aaa43e2692
[27640.393221] NVRM: Xid (PCI:0000:00:08): 31, pid=294839, name=qemu-system-x86, channel 0x0000001b, intr 00000000. MMU Fault: ENGINE CE0 HUBCLIENT_CE1 faulted @ 0xa_11000000. Fault is of type FAULT_PDE ACCESS_TYPE_VIRT_WRITE
