[  532.167248] workqueue: kfree_rcu_monitor hogged CPU for >10000us 4 times, consider switching to WQ_UNBOUND
[  535.656258] NVRM: nvAssertOkFailedNoLog: Assertion failed: Call not supported [NV_ERR_NOT_SUPPORTED] (0x00000056) returned from pRmApi->Control(pRmApi, pGpu->hInternalClient, pGpu->hInternalSubdevice, NV2080_CTRL_CMD_INTERNAL_INIT_USER_SHARED_DATA, &params, sizeof(params)) @ gpu_user_shared_data.c:233
[  535.657829] NVRM: nvAssertOkFailedNoLog: Assertion failed: Call not supported [NV_ERR_NOT_SUPPORTED] (0x00000056) returned from pRmApi->Control(pRmApi, pGpu->hInternalClient, pGpu->hInternalSubdevice, NV2080_CTRL_CMD_INTERNAL_USER_SHARED_DATA_SET_DATA_POLL, &params, sizeof(params)) @ gpu_user_shared_data.c:268
[  535.708380] NVRM: kperfGpuBoostSyncStateInit_IMPL: Failed to read Sync Gpu Boost init state, status=0x56
[  535.718057] NVRM: kperfGpuBoostSyncStateInit_IMPL: Failed to read Sync Gpu Boost init state, status=0x56
[  535.718843] NVRM: nvAssertOkFailedNoLog: Assertion failed: Call not supported [NV_ERR_NOT_SUPPORTED] (0x00000056) returned from pRmApi->Control(pRmApi, pGpu->hInternalClient, pGpu->hInternalSubdevice, NV2080_CTRL_CMD_INTERNAL_CE_GET_PCE_CONFIG_FOR_LCE_TYPE, &pceConfigParams, sizeof(pceConfigParams)) @ kernel_ce.c:1020
[  535.718895] NVRM: nvAssertOkFailedNoLog: Assertion failed: Call not supported [NV_ERR_NOT_SUPPORTED] (0x00000056) returned from kceGetPceConfigForLceType(pGpu, pKCe, NV2080_CTRL_CE_LCE_TYPE_DECOMP, &numPcesPerLce, &numLces, &supportedPceMask, &supportedLceMask, &pcesPerHshub) @ kernel_ce_gp100.c:62
[  536.197283] workqueue: vmstat_shepherd hogged CPU for >10000us 4 times, consider switching to WQ_UNBOUND
[  536.221264] NVRM: nvCheckOkFailedNoLog: Check failed: Call not supported [NV_ERR_NOT_SUPPORTED] (0x00000056) returned from kgrobjPromoteContext(pGpu, pKernelGraphicsObject, pKernelGraphics) @ kernel_graphics_object.c:224
[  536.223165] NVRM: nvAssertOkFailedNoLog: Assertion failed: Call not supported [NV_ERR_NOT_SUPPORTED] (0x00000056) returned from pRmApi->AllocWithHandle(pRmApi, hClientId, hChannelId, hObj3D, classNum, NULL, 0) @ kernel_graphics.c:2519
[  536.227715] NVRM: vaListDestroy: non-zero mapCount(pVaList): 0x1
[  536.227720] NVRM: vaListDestroy: non-zero mapCount(pVaList): 0x1
[  536.227722] NVRM: vaListDestroy: non-zero mapCount(pVaList): 0x1
[  536.227724] NVRM: vaListDestroy: non-zero mapCount(pVaList): 0x1
[  536.241773] NVRM: nvCheckOkFailedNoLog: Check failed: Call not supported [NV_ERR_NOT_SUPPORTED] (0x00000056) returned from kgraphicsCreateGoldenImageChannel(pGpu, pKernelGraphics) @ kernel_graphics.c:508
[  536.241881] NVRM: nvAssertFailedNoLog: Assertion failed: 0 @ kernel_fifo.c:3129
[  536.263765] NVRM: rpcRmApiAlloc_GSP: GspRmAlloc failed: hClient=0xc1d0025f; hParent=0x31415903; hObject=0x31415900; hClass=0x0000c36f; paramsSize=0x00000170; paramsStatus=0x00000056; status=0x00000056
[  536.263877] NVRM: nvAssertOkFailedNoLog: Assertion failed: Call not supported [NV_ERR_NOT_SUPPORTED] (0x00000056) returned from status @ kernel_channel.c:2827
[  536.263969] NVRM: nvAssertOkFailedNoLog: Assertion failed: Call not supported [NV_ERR_NOT_SUPPORTED] (0x00000056) returned from _kchannelSendChannelAllocRpc(pKernelChannel, pChannelGpfifoParams, pKernelChannelGroup, bFullSriov) @ kernel_channel.c:940
[  536.270142] NVRM: nvAssertFailedNoLog: Assertion failed: status == NV_OK @ kernel_rc_watchdog.c:1198
[  536.280993] NVRM: rpcRmApiAlloc_GSP: GspRmAlloc failed: hClient=0xc1d00260; hParent=0xcaf00001; hObject=0xcaf00002; hClass=0x0000402c; paramsSize=0x00000000; paramsStatus=0x00000056; status=0x00000056
[  540.430782] NVRM: kgmmuClientShadowFaultBufferUnregister_IMPL: Unregistering non-replayable fault buffer failed (status=0x00000056), proceeding...
[  540.432586] NVRM: kgmmuFaultBufferReplayableDestroy_IMPL: Unregistering Replayable Fault buffer failed (status=0x00000056), proceeding...
[  540.434039] NVRM: uvmTerminateAccessCntrBuffer_IMPL: Unloading UVM Access counters failed (status=0x00000056), proceeding...
[  540.629164] NVRM: nvAssertFailedNoLog: Assertion failed: (status == NV_OK) || (status == NV_ERR_GPU_IN_FULLCHIP_RESET) @ fecs_event_list.c:1623
[  540.663954] NVRM: nvCheckOkFailedNoLog: Check failed: Call not supported [NV_ERR_NOT_SUPPORTED] (0x00000056) returned from pRmApi->Control(pRmApi, pGpu->hInternalClient, pGpu->hInternalSubdevice, NV2080_CTRL_CMD_INTERNAL_INIT_USER_SHARED_DATA, &params, sizeof(params)) @ gpu_user_shared_data.c:213
