kf3: family=Ampere phase=Halted trapped=162208 applied=29608 refused=40 serviced=9665 ram_refused=0 unshadowed_writes=2 read_exits=0 last_off=0x110100 mem[inval=4010 walks=6383/6383 cleared=4010 superseded=0 named_missed=88 unreconciled=0 mapped=88859 unmapped=10098 clipped=0x0 held=0 vmm_overlaps=0 priv_withheld=0 priv_withheld_bytes=0x0 priv_mirrored=120 sked=18/0held fn70=40 roots=150 root_moves=17 stmts=436/436 refused=0 pramin_repoints=402 pramin_miss=0 last_miss=0x0 pramin_worst_us=759 (map 509 mmap 274) pramin_maps=402 pramin_mmaps=402 pramin_kept=0 pramin_kept_now=0 window_advice_refused=0 inline_opens=0 reaped=401 cache_ops=36 sysmembars=78 root_unsets=35] mirrors=4 reused=129 prewarmed=3 mirror_avg_us=559920 mirror_max_us=609822 vat[invals=49 arrive->clear_avg_us=2140 max_us=214626 walks=95 walk_avg_us=609 gpu_avg_us=304 plan_avg_us=0 apply_avg_us=1533 leaves=81 host_calls=200] chan[births=108 pt_births=288 acts=2396/0refused worst_act_us=5236 nsi=[GR0:6415/2415raised CE2:6694/4719raised] served=15950 parks=39402 host_rings=9838 contended=0 poisoned=0 tokens=[]] views[armed=2623 released=2621 refused=0 held=2] rc[armed=288 unarmed=0 wakes=1 seen=8 posted=8] irq[writes=109518 raised=7064 held=105 oor=0] dbfast[off regs=0 placed=0/0 sites=0 doorbells=0 wakes=0 rang=0 handed=0 absorbed=0 refused(budget=0 kvm=0 enospc=0 eexist=0 fd=0) deassign_failed=0 ack_timeouts=0 double=0 stale=0 empty=0 polls=0/0 max_batch=0 wake_to_deliver[n=0 p50=0.0us p99=0.0us max=0.0us] ack_wait[n=0 p50=0.0us p99=0.0us max=0.0us]] unserviced=[0x20800a87,0x20800a4b,0x20800afe,0x20800aff,0x20800a80,0x20802a0f,0x2080017e,0x20800a30,0x20800a2e,0x20800b03,0x20800b05,0x20800a3f,0x2080012b,0x2080013f,0x00800294,0x20810108,0x20810110,0x2080014b,0x20800157,0x20801357,0x2080852e,0x20808513,0x20802068,0x2080a618,0x2080a612,0x2080a097,0x20800a38,0x2080012f,0x20802a12,0x20800ab8,0x20800a9a,0x20800a9e,0x20800a9c,0x20800a1e,0x83de030c] gsp_refusals[total=752 distinct=38 [fn76/0x20800a87=0x56x20 fn76/0x20800a4b=0x56x20 fn76/0x20800afe=0x56x40 fn76/0x20800aff=0x56x24 fn76/0x20800a80=0x56x40 fn76/0x20802a0f=0x56x20 fn76/0x2080017e=0x56x20 fn76/0x20800a30=0x56x20 fn76/0x20800a2e=0x56x20 fn76/0x20800b03=0x56x20 fn76/0x20800b05=0x56x20 fn76/0x20800a3f=0x56x20 fn76/0x2080012b=0x56x20 fn76/0x2080013f=0x56x20 fn103/0x0000c36f=0x56x20 fn103/0x0000402c=0x56x20 fn76/0x00800294=0x56x2 fn76/0x20810108=0x56x20 fn76/0x20810110=0x56x4 fn76/0x2080014b=0x56x10 fn76/0x20800157=0x56x2 fn76/0x20801357=0x56x2 fn76/0x2080852e=0x56x2 fn76/0x20808513=0x56x2 fn76/0x20802068=0x56x2 fn76/0x2080a618=0x56x2 fn76/0x2080a612=0x56x2 fn76/0x2080a097=0x56x2 fn103/0x0000208f=0x56x2 fn76/0x20800a38=0x56x20 fn76/0x2080012f=0x56x35 fn76/0x20802a12=0x56x208 fn76/0x20800ab8=0x56x1 fn76/0x20800a9a=0x56x18 fn76/0x20800a9e=0x56x17 fn76/0x20800a9c=0x56x17 fn76/0x20800a1e=0x56x17 fn76/0x83de030c=0x56x1]]
kf3: GSP command service REFUSED: QueueNotBound
kf3: GSP command service REFUSED: QueueNotBound
kf3: GSP phase Halted -> ProtectedRegionUp
kf3: GSP WPR2 up at the guest's FWSEC-FRTS command: frts_offset=0x1ffe00000 → served WPR2_ADDR_LO=Some(Ok("0x1ffe000"))
kayfabe: GSP-PUBLISH gpa=0x140e00000 gpa_same=true seq_last=Some(1) cmd_seq=510 ⇒ same_instance=false  ★ PC-D7 COLLISION: address and sequence disagree — the address was lying
kf3: GSP rpc GspSetSystemInfo seq=0
kf3: GSP rpc SetRegistry seq=0
kf3: GSP phase ProtectedRegionUp -> Booted
kf3: GSP rpc SetGuestSystemInfo seq=0
kf3: GSP phase Booted -> Running
kf3: GSP rpc GetGspStaticInfo seq=1
kf3: GSP rpc InitGspTraceCrashBuffer seq=2
kf3: GSP rpc RmControl seq=3
kf3: GSP rpc RmControl seq=4
kf3: GSP rpc RmControl seq=5
kf3: GSP rpc RmControl seq=6
kf3: GSP rpc RmControl seq=7
kf3: GSP rpc UNSERVICED Unserviced { code: 76, sequence: 7 }
kf3: GSP rpc RmControl seq=8
kf3: GSP rpc RmControl seq=9
kf3: GSP rpc RmControl seq=10
kf3: GSP rpc RmControl seq=11
kf3: GSP rpc RmControl seq=12
kf3: GSP rpc RmControl seq=13
kf3: GSP rpc UNSERVICED Unserviced { code: 76, sequence: 13 }
kf3: GSP rpc RmControl seq=14
kf3: GSP rpc RmControl seq=15
kf3: GSP rpc RmControl seq=16
kf3: GSP rpc RmControl seq=17
kf3: GSP rpc RmControl seq=18
kf3: GSP rpc RmControl seq=19
kf3: GSP rpc RmControl seq=20
kf3: GSP rpc UNSERVICED Unserviced { code: 76, sequence: 20 }
kf3: GSP rpc RmControl seq=21
kf3: GSP rpc UNSERVICED Unserviced { code: 76, sequence: 21 }
kf-rm: chanlink: client 0xc1e000f1 root: kernel=true internal=true
kf3: GSP rpc RmAlloc seq=22
kf3: GSP rpc RmAlloc seq=23
kf3: GSP rpc RmAlloc seq=24
kf3: GSP rpc RmAlloc seq=25
kf3: GSP rpc RmControl seq=26
kf3: GSP rpc RmControl seq=27
kayfabe: HELD-REPLY fn=UpdateBarPde depth=1 — this map reply WAITS for its rows
kf3: GSP rpc UpdateBarPde seq=28
kayfabe: HELD-REPLY-POSTED n=1 — their rows are on the host now
kayfabe: HELD-REPLY fn=RmControl depth=1 — this map reply WAITS for its rows
kf3: GSP rpc RmControl seq=29
kayfabe: HELD-REPLY-POSTED n=1 — their rows are on the host now
kayfabe: HELD-REPLY fn=RmControl depth=1 — this map reply WAITS for its rows
kf3: GSP rpc RmControl seq=30
kayfabe: HELD-REPLY-POSTED n=1 — their rows are on the host now
kf3: GSP rpc RmControl seq=31
kf3: GSP rpc RmControl seq=32
kf3: GSP rpc RmControl seq=33
kf3: GSP rpc RmControl seq=34
kf3: GSP rpc UNSERVICED Unserviced { code: 76, sequence: 34 }
kf3: GSP rpc RmControl seq=35
kf-rm: chanlink: client 0xc1e000f2 root: kernel=true internal=true
kf3: GSP rpc RmAlloc seq=36
kf3: GSP rpc RmAlloc seq=37
kf3: GSP rpc RmAlloc seq=38
kf3: GSP rpc RmControl seq=39
kf3: GSP rpc UNSERVICED Unserviced { code: 76, sequence: 39 }
kf3: GSP rpc RmControl seq=40
kf3: GSP rpc UNSERVICED Unserviced { code: 76, sequence: 40 }
kf3: GSP rpc RmControl seq=41
kf3: GSP rpc UNSERVICED Unserviced { code: 76, sequence: 41 }
kf3: GSP rpc RmControl seq=42
kf3: GSP rpc RmControl seq=43
kf-rm: chanlink: client 0xc1e000f3 root: kernel=true internal=true
kf3: GSP rpc RmAlloc seq=44
kf3: GSP rpc RmAlloc seq=45
kf3: GSP rpc RmAlloc seq=46
kf3: GSP rpc RmControl seq=47
kf3: GSP rpc RmControl seq=48
kf3: GSP rpc RmControl seq=49
kf3: GSP rpc RmControl seq=50
kf3: GSP rpc RmControl seq=51
kf3: GSP rpc UNSERVICED Unserviced { code: 76, sequence: 51 }
kf3: GSP rpc RmControl seq=52
kf3: GSP rpc RmControl seq=53
kf3: GSP rpc UNSERVICED Unserviced { code: 76, sequence: 53 }
kf3: GSP rpc RmControl seq=54
kf3: GSP rpc RmControl seq=55
kf3: GSP rpc UNSERVICED Unserviced { code: 76, sequence: 55 }
kf3: GSP rpc RmControl seq=56
kf3: GSP rpc UNSERVICED Unserviced { code: 76, sequence: 56 }
kf3: GSP rpc RmControl seq=57
kf3: GSP rpc RmControl seq=58
kf3: GSP rpc UNSERVICED Unserviced { code: 76, sequence: 58 }
kf3: GSP rpc RmControl seq=59
kf3: GSP rpc RmControl seq=60
kf3: GSP rpc Free seq=61
kf3: GSP rpc Free seq=62
kf3: GSP rpc Free seq=63
kf-rm: chanlink: client 0xc1e000f4 root: kernel=true internal=true
kf3: GSP rpc RmAlloc seq=64
kf3: GSP rpc RmAlloc seq=65
kf3: GSP rpc RmAlloc seq=66
kf-rm: chanlink: FERMI_VASPACE_A 0xc1e000f4:0xc under 0xa (device default for it: 0xc)
kf3: GSP rpc RmAlloc seq=67
kayfabe: HELD-REPLY fn=RmControl depth=1 — this map reply WAITS for its rows
kf3: GSP rpc RmControl seq=68
kayfabe: HELD-REPLY-POSTED n=1 — their rows are on the host now
kf3: GSP rpc Free seq=69
kf3: GSP rpc RmControl seq=70
kayfabe: HELD-REPLY fn=RmAlloc depth=1 — this map reply WAITS for its rows
kf3: GSP rpc RmAlloc seq=71
kf-host: channel birth h=0xcafe0857 engine=0xb reply_flags=0x00000080 PRIVILEGED_CHANNEL=0 privilege=USER cap_sys_admin=cleared-for-call
kf3: act birth translated: chan 0xc1e000f4:0x2 BORN Translated: token 0x801 -> host 0x10018 in VasKey(13970167092075298828) gpfifo=0x120064000x4096 userd=Some(Framebuffer { base: 8254128128, size: 512 }) engine=0xb tsg=None kernel_by=PRIVILEGE=KERNEL rm-internal ring_va=0xff00000000 userd_at_birth(GP_PUT,GP_GET)=(Some(49), Some(49)) zeroed=512B fast=off (4799 us, off the GSP lock)
kayfabe: HELD-REPLY-POSTED n=1 — their rows are on the host now
kf3: GSP rpc RmAlloc seq=72
kf3: chan 0xc1e000f4:0x2 GPFIFO_SCHEDULE enable=true (token 0x801, host 0x10018)
kf3: GSP rpc RmControl seq=73
kf3: GSP rpc RmAlloc seq=74
kf3: GSP rpc RmControl seq=75
kf3: chan token 0x801: GP_PUT=0 at USERD+0x0+0x8c; non-zero words in its page: []
kf-rm: chanlink: client 0xc1e000f5 root: kernel=true internal=true
kf3: GSP rpc RmAlloc seq=76
kf3: GSP rpc RmAlloc seq=77
kf3: GSP rpc RmAlloc seq=78
kf-rm: chanlink: FERMI_VASPACE_A 0xc1e000f5:0xa under 0xb (device default for it: 0xa)
kf3: GSP rpc RmAlloc seq=79
kayfabe: HELD-REPLY fn=RmControl depth=1 — this map reply WAITS for its rows
kf3: GSP rpc RmControl seq=80
kayfabe: HELD-REPLY-POSTED n=1 — their rows are on the host now
kf3: GSP rpc RmControl seq=81
kayfabe: HELD-REPLY fn=RmAlloc depth=1 — this map reply WAITS for its rows
kf3: GSP rpc RmAlloc seq=82
kf-host: channel birth h=0xcafe085c engine=0xb reply_flags=0x00000080 PRIVILEGED_CHANNEL=0 privilege=USER cap_sys_admin=cleared-for-call
kf3: act birth translated: chan 0xc1e000f5:0x2 BORN Translated: token 0x802 -> host 0x10019 in VasKey(13970167096370266122) gpfifo=0x320064000x4096 userd=Some(Framebuffer { base: 8254193664, size: 512 }) engine=0xb tsg=None kernel_by=PRIVILEGE=KERNEL rm-internal ring_va=0xff00000000 userd_at_birth(GP_PUT,GP_GET)=(Some(2), Some(2)) zeroed=512B fast=off (4781 us, off the GSP lock)
kayfabe: HELD-REPLY-POSTED n=1 — their rows are on the host now
kf3: GSP rpc RmAlloc seq=83
kf3: chan 0xc1e000f5:0x2 BIND engine=0xb (host 0x10019)
kf3: GSP rpc RmControl seq=84
kf3: chan 0xc1e000f5:0x2 GPFIFO_SCHEDULE enable=true (token 0x802, host 0x10019)
kf3: GSP rpc RmControl seq=85
kf3: chan token 0x802: GP_PUT=0 at USERD+0x0+0x8c; non-zero words in its page: []
kf3: GSP rpc RmAlloc seq=86
kf3: GSP rpc RmControl seq=87
kf-rm: chanlink: client 0xc1e000f6 root: kernel=true internal=true
kf3: GSP rpc RmAlloc seq=88
kf3: GSP rpc RmAlloc seq=89
kf3: GSP rpc RmAlloc seq=90
kf-rm: chanlink: FERMI_VASPACE_A 0xc1e000f6:0xbaba0042 under 0xcaf00000 (device default for it: 0xbaba0042)
kf3: GSP rpc RmAlloc seq=91
kayfabe: HELD-REPLY fn=RmControl depth=1 — this map reply WAITS for its rows
kf3: GSP rpc RmControl seq=92
kayfabe: HELD-REPLY-POSTED n=1 — their rows are on the host now
kf3: GSP rpc RmControl seq=93
kf3: chan 0xc1e000f6:0xbaba0045 class=0xc56f engine=0x1 kernel=true vaspace=Some(baba0042) chid=Some(3) — a KERNEL non-CE channel: not born (kernel GR is P7)
kf3: GSP rpc RmAlloc seq=94
kf-rm: chanlink: GPU_PROMOTE_CTX on 0xc1e000f6:0xcaf00001 params=560 rpc_flags=0x0
kf3: chan 0xc1e000f6:0xbaba0045 GPU_PROMOTE_CTX: no passthrough twin — not ours (entries=9)
kf3: GSP rpc RmControl seq=95
kf3: GSP rpc UNSERVICED Unserviced { code: 76, sequence: 95 }
kf3: GSP rpc Free seq=96
kf3: GSP rpc Free seq=97
kf3: GSP rpc Free seq=98
kf3: GSP rpc Free seq=99
kf3: GSP rpc Free seq=100
kf3: GSP rpc RmControl seq=101
kf3: GSP rpc UNSERVICED Unserviced { code: 76, sequence: 101 }
kf-rm: chanlink: client 0xc1d000f7 root: kernel=true internal=false
kf3: GSP rpc RmAlloc seq=102
kf3: GSP rpc RmAlloc seq=103
kf3: GSP rpc RmAlloc seq=104
kf3: GSP rpc RmAlloc seq=105
kf-rm: chanlink: FERMI_VASPACE_A 0xc1d000f7:0xcaf00000 under 0x31415903 (device default for it: 0xcaf00000)
kf3: GSP rpc RmAlloc seq=106
kayfabe: HELD-REPLY fn=RmControl depth=1 — this map reply WAITS for its rows
kf3: GSP rpc RmControl seq=107
kayfabe: HELD-REPLY-POSTED n=1 — their rows are on the host now
kf3: GSP rpc Free seq=108
kf3: GSP rpc RmControl seq=109
kf3: GSP rpc RmAlloc seq=110
kf3: GSP rpc Free seq=111
kf3: GSP rpc Free seq=112
kf3: GSP rpc Free seq=113
kf3: GSP rpc Free seq=114
kf-rm: chanlink: client 0xc1d000f8 root: kernel=true internal=false
kf3: GSP rpc RmAlloc seq=115
kf3: GSP rpc RmAlloc seq=116
kf3: GSP rpc RmAlloc seq=117
kf3: GSP rpc RmAlloc seq=118
kf-rm: chanlink: client 0xc1d000f0 root: kernel=false internal=false
kf3: GSP rpc RmAlloc seq=119
kf3: GSP rpc RmAlloc seq=120
kf3: GSP rpc RmAlloc seq=121
kf3: GSP rpc RmAlloc seq=122
kf3: GSP rpc RmControl seq=123
kf3: GSP rpc UNSERVICED Unserviced { code: 76, sequence: 123 }
kf3: GSP rpc RmControl seq=124
kf3: GSP rpc RmControl seq=125
kf3: GSP rpc RmControl seq=126
kf3: GSP rpc RmControl seq=127
kf3: GSP rpc RmControl seq=128
kf3: GSP rpc UNSERVICED Unserviced { code: 76, sequence: 128 }
kf3: GSP rpc RmControl seq=129
kf3: GSP rpc RmControl seq=130
kf3: GSP rpc UNSERVICED Unserviced { code: 76, sequence: 130 }
kf3: GSP rpc RmControl seq=131
kf3: GSP rpc UNSERVICED Unserviced { code: 76, sequence: 131 }
kf3: GSP rpc RmControl seq=132
kf3: GSP rpc UNSERVICED Unserviced { code: 76, sequence: 132 }
kf3: GSP rpc RmControl seq=133
kf3: GSP rpc UNSERVICED Unserviced { code: 76, sequence: 133 }
kf3: GSP rpc RmControl seq=134
kf3: GSP rpc RmControl seq=135
kf3: GSP rpc RmControl seq=136
kf3: GSP rpc RmControl seq=137
kf-rm: chanlink: FERMI_VASPACE_A 0xc1d000f0:0x5c000007 under 0x5c000002 (device default for it: 0x5c000007)
kf3: GSP rpc RmAlloc seq=138
kf-rm: chanlink: FERMI_VASPACE_A 0xc1d000f0:0x5c000008 under 0x5c000002 (device default for it: 0x5c000007)
kf3: GSP rpc RmAlloc seq=139
kayfabe: HELD-REPLY fn=RmControl depth=1 — this map reply WAITS for its rows
kf3: GSP rpc RmControl seq=140
kayfabe: HELD-REPLY-POSTED n=1 — their rows are on the host now
kf3: GSP rpc RmControl seq=141
kf3: GSP rpc RmControl seq=142
kf3: GSP rpc RmControl seq=143
kf-rm: chanlink: client 0xc1d000f9 root: kernel=true internal=false
kf3: GSP rpc RmAlloc seq=144
kf3: GSP rpc RmAlloc seq=145
kf3: GSP rpc RmAlloc seq=146
kf3: GSP rpc Free seq=147
kf3: GSP rpc Free seq=148
kf3: GSP rpc Free seq=149
kf-rm: chanlink: client 0xc1d0000a root: kernel=true internal=false
kf3: GSP rpc RmAlloc seq=150
kf3: GSP rpc RmAlloc seq=151
kf3: GSP rpc RmAlloc seq=152
kf3: GSP rpc RmControl seq=153
kf3: GSP rpc UNSERVICED Unserviced { code: 76, sequence: 153 }
kf3: GSP rpc RmControl seq=154
kf3: GSP rpc RmControl seq=155
kf3: GSP rpc RmControl seq=156
kf-rm: chanlink: FERMI_VASPACE_A 0xc1d0000a:0xcaf00a9a under 0xcaf00a95 (device default for it: 0xcaf00a9a)
kf3: GSP rpc RmAlloc seq=157
kayfabe: HELD-REPLY fn=RmControl depth=1 — this map reply WAITS for its rows
kf3: GSP rpc RmControl seq=158
kayfabe: HELD-REPLY-POSTED n=1 — their rows are on the host now
kf3: GSP rpc RmControl seq=159
kf3: GSP rpc UNSERVICED Unserviced { code: 76, sequence: 159 }
kf3: GSP rpc RmControl seq=160
kf3: GSP rpc UNSERVICED Unserviced { code: 76, sequence: 160 }
kf3: GSP rpc RmControl seq=161
kf3: GSP rpc UNSERVICED Unserviced { code: 76, sequence: 161 }
kf3: GSP rpc RmControl seq=162
kf3: GSP rpc UNSERVICED Unserviced { code: 76, sequence: 162 }
kf3: GSP rpc RmControl seq=163
kf3: GSP rpc UNSERVICED Unserviced { code: 76, sequence: 163 }
kf3: GSP rpc RmControl seq=164
kf3: GSP rpc UNSERVICED Unserviced { code: 76, sequence: 164 }
kf3: GSP rpc RmControl seq=165
kf3: GSP rpc UNSERVICED Unserviced { code: 76, sequence: 165 }
kf3: GSP rpc RmControl seq=166
kf3: GSP rpc UNSERVICED Unserviced { code: 76, sequence: 166 }
kf3: GSP rpc RmControl seq=167
kf3: GSP rpc RmControl seq=168
kf3: GSP rpc RmControl seq=169
kf3: GSP rpc RmControl seq=170
kf3: GSP rpc RmControl seq=171
kf3: GSP rpc RmControl seq=172
kf3: GSP rpc RmControl seq=173
kf3: GSP rpc RmControl seq=174
kf3: GSP rpc RmControl seq=175
kf3: GSP rpc RmAlloc seq=176
kf3: GSP rpc RmControl seq=177
kf3: VasKey(13965662490830310042) is a guest-KERNEL space (Translated chan 0xc1d0000a:0xcaf00aa7): privileged leaves are mirrored here
kayfabe: HELD-REPLY fn=RmAlloc depth=1 — this map reply WAITS for its rows
kf3: GSP rpc RmAlloc seq=178
kf-host: channel birth h=0xcafe0861 engine=0xb reply_flags=0x00000080 PRIVILEGED_CHANNEL=0 privilege=USER cap_sys_admin=cleared-for-call
kf3: act birth translated: chan 0xc1d0000a:0xcaf00aa7 BORN Translated: token 0x803 -> host 0x1001a in VasKey(13965662490830310042) gpfifo=0x121010000x1024 userd=Some(Framebuffer { base: 196608, size: 512 }) engine=0xb tsg=Some(caf00a9d) kernel_by=PRIVILEGE=KERNEL+UVM_OWNED ring_va=0xff00000000 userd_at_birth(GP_PUT,GP_GET)=(Some(0), Some(0)) zeroed=512B fast=off (4592 us, off the GSP lock)
kayfabe: HELD-REPLY-POSTED n=1 — their rows are on the host now
kf3: GSP rpc RmAlloc seq=179
kf3: GSP rpc RmAlloc seq=180
kf3: chan 0xc1d0000a:0xcaf00aa7 GPFIFO_SCHEDULE enable=true (token 0x803, host 0x1001a)
kf3: GSP rpc RmControl seq=181
kf3: chan token 0x803: GP_PUT=0 at USERD+0x0+0x8c; non-zero words in its page: []
kayfabe: HELD-REPLY fn=RmAlloc depth=1 — this map reply WAITS for its rows
kf3: GSP rpc RmAlloc seq=182
kf-host: channel birth h=0xcafe0865 engine=0xb reply_flags=0x00000080 PRIVILEGED_CHANNEL=0 privilege=USER cap_sys_admin=cleared-for-call
kf3: act birth translated: chan 0xc1d0000a:0xcaf00ab2 BORN Translated: token 0x804 -> host 0x1001b in VasKey(13965662490830310042) gpfifo=0x121040000x1024 userd=Some(Framebuffer { base: 393216, size: 512 }) engine=0xb tsg=Some(caf00a9d) kernel_by=PRIVILEGE=KERNEL+UVM_OWNED ring_va=0xff00100000 userd_at_birth(GP_PUT,GP_GET)=(Some(0), Some(0)) zeroed=512B fast=off (4450 us, off the GSP lock)
kayfabe: HELD-REPLY-POSTED n=1 — their rows are on the host now
kf3: GSP rpc RmAlloc seq=183
kf3: GSP rpc RmAlloc seq=184
kf3: chan 0xc1d0000a:0xcaf00ab2 GPFIFO_SCHEDULE enable=true (token 0x804, host 0x1001b)
kf3: GSP rpc RmControl seq=185
kf3: chan token 0x804: GP_PUT=0 at USERD+0x0+0x8c; non-zero words in its page: []
kf3: GSP rpc RmControl seq=186
kf3: GSP rpc RmAlloc seq=187
kf3: GSP rpc RmControl seq=188
kayfabe: HELD-REPLY fn=RmAlloc depth=1 — this map reply WAITS for its rows
kf3: GSP rpc RmAlloc seq=189
kf-host: channel birth h=0xcafe0869 engine=0xb reply_flags=0x00000080 PRIVILEGED_CHANNEL=0 privilege=USER cap_sys_admin=cleared-for-call
kf3: act birth translated: chan 0xc1d0000a:0xcaf00abd BORN Translated: token 0x1005 -> host 0x1001c in VasKey(13965662490830310042) gpfifo=0x121070000x1024 userd=Some(Framebuffer { base: 589824, size: 512 }) engine=0xc tsg=Some(caf00ab5) kernel_by=PRIVILEGE=KERNEL+UVM_OWNED ring_va=0xff00200000 userd_at_birth(GP_PUT,GP_GET)=(Some(0), Some(0)) zeroed=512B fast=off (4548 us, off the GSP lock)
kayfabe: HELD-REPLY-POSTED n=1 — their rows are on the host now
kf3: GSP rpc RmAlloc seq=190
kf3: GSP rpc RmAlloc seq=191
kf3: chan 0xc1d0000a:0xcaf00abd GPFIFO_SCHEDULE enable=true (token 0x1005, host 0x1001c)
kf3: GSP rpc RmControl seq=192
kf3: chan token 0x1005: GP_PUT=0 at USERD+0x0+0x8c; non-zero words in its page: []
kayfabe: HELD-REPLY fn=RmAlloc depth=1 — this map reply WAITS for its rows
kf3: GSP rpc RmAlloc seq=193
kf-host: channel birth h=0xcafe086d engine=0xb reply_flags=0x00000080 PRIVILEGED_CHANNEL=0 privilege=USER cap_sys_admin=cleared-for-call
kf3: act birth translated: chan 0xc1d0000a:0xcaf00ac8 BORN Translated: token 0x1006 -> host 0x1001d in VasKey(13965662490830310042) gpfifo=0x1210a0000x1024 userd=Some(Framebuffer { base: 786432, size: 512 }) engine=0xc tsg=Some(caf00ab5) kernel_by=PRIVILEGE=KERNEL+UVM_OWNED ring_va=0xff00300000 userd_at_birth(GP_PUT,GP_GET)=(Some(0), Some(0)) zeroed=512B fast=off (4459 us, off the GSP lock)
kayfabe: HELD-REPLY-POSTED n=1 — their rows are on the host now
kf3: GSP rpc RmAlloc seq=194
kf3: GSP rpc RmAlloc seq=195
kf3: chan 0xc1d0000a:0xcaf00ac8 GPFIFO_SCHEDULE enable=true (token 0x1006, host 0x1001d)
kf3: GSP rpc RmControl seq=196
kf3: chan token 0x1006: GP_PUT=0 at USERD+0x0+0x8c; non-zero words in its page: []
kayfabe: HELD-REPLY fn=RmControl depth=1 — this map reply WAITS for its rows
kf3: GSP rpc RmControl seq=197
kayfabe: HELD-REPLY-POSTED n=1 — their rows are on the host now
kf3: GSP rpc RmControl seq=198
kf3: GSP rpc RmControl seq=199
kf3: GSP rpc RmControl seq=200
W343GSSCENSUS cmd=0x2080a084 params_size=4 params_at=40 payload_len=44
kf3: GSS 0x2080a084 answered from the host's realize-time reply
kf3: GSP rpc RmControl seq=201
W343GSSCENSUS cmd=0x2080a026 params_size=532 params_at=40 payload_len=572
kf3: GSS 0x2080a026 answered from the host's realize-time reply
kf3: GSP rpc RmControl seq=202
kf3: GSP rpc RmControl seq=203
kf3: GSP rpc RmControl seq=204
kf3: GSP rpc RmControl seq=205
W343GSSCENSUS cmd=0x2080a084 params_size=4 params_at=40 payload_len=44
kf3: GSS 0x2080a084 answered from the host's realize-time reply
kf3: GSP rpc RmControl seq=206
W343GSSCENSUS cmd=0x2080a026 params_size=532 params_at=40 payload_len=572
kf3: GSS 0x2080a026 answered from the host's realize-time reply
kf3: GSP rpc RmControl seq=207
kf3: GSP rpc RmControl seq=208
kf3: GSP rpc RmControl seq=209
kf3: GSP rpc RmControl seq=210
W343GSSCENSUS cmd=0x2080a084 params_size=4 params_at=40 payload_len=44
kf3: GSS 0x2080a084 answered from the host's realize-time reply
kf3: GSP rpc RmControl seq=211
W343GSSCENSUS cmd=0x2080a026 params_size=532 params_at=40 payload_len=572
kf3: GSS 0x2080a026 answered from the host's realize-time reply
kf3: GSP rpc RmControl seq=212
kf3: GSP rpc RmControl seq=213
kf3: GSP rpc UNSERVICED Unserviced { code: 76, sequence: 213 }
kf3: GSP rpc DupObject seq=214
kayfabe: HELD-REPLY fn=RmControl depth=1 — this map reply WAITS for its rows
kf3: GSP rpc RmControl seq=215
kayfabe: HELD-REPLY-POSTED n=1 — their rows are on the host now
kf3: GSP rpc RmControl seq=216
kf3: GSP rpc RmAlloc seq=217
kf3: GSP rpc RmControl seq=218
kf3: GSP rpc RmAlloc seq=219
kf3: walk capacity: re-walk (needs s17:2331); walk pool 1048576 runs, slot pool 2097152 runs (2089984 free), max per space 1048576, slots held 7, grows 16, retries 33, ceilings 0, largest slot 18688, largest walk 18688
kf3: walk capacity: slot 17 grown 1024 → 3584 runs
kf3: walk capacity: re-walk (needs s17:2331); walk pool 1048576 runs, slot pool 2097152 runs (2087424 free), max per space 1048576, slots held 7, grows 17, retries 34, ceilings 0, largest slot 18688, largest walk 18688
kf3: mem large apply VasKey(13965663476811563015): 2326 maps + 0 unmaps in 49 ms — 1 map verb(s) (1 batch(es) carrying 2326 runs), 0 unmap verb(s) (0 range(s) carrying 0 runs), 0 fallback(s)
kayfabe: HELD-REPLY fn=RmAlloc depth=1 — this map reply WAITS for its rows
kf3: GSP rpc RmAlloc seq=220
kf-host: channel birth h=0xcafe0873 engine=0x1 reply_flags=0x00000080 PRIVILEGED_CHANNEL=0 privilege=USER cap_sys_admin=cleared-for-call
kf3: act birth passthrough: chan 0xc1d000f0:0x5c000019 BORN Passthrough: token 0x7 -> host 0x1e in VasKey(13965663476811563015) gpfifo=0x200200000x1024 userd=Store { store: 3405643781, off: 16785408 } engine=0x1 declared_kernel_pid=false privilege=1 rc=armed fast=off (3894 us, off the GSP lock)
kayfabe: HELD-REPLY-POSTED n=1 — their rows are on the host now
kf-rm: chanlink: GPU_PROMOTE_CTX on 0xc1d000f0:0x5c000003 params=560 rpc_flags=0x0
kf3: chan 0xc1d000f0:0x5c000019 GPU_PROMOTE_CTX (initialize) SATISFIED BY TWIN host 0x1e: entries=6 init_ids=0xe07 host_objects=0 — not forwarded, no guest byte touched
kf3: GSP rpc RmControl seq=221
kayfabe: HELD-REPLY fn=RmAlloc depth=1 — this map reply WAITS for its rows
kf3: GSP rpc RmAlloc seq=222
kf3: act engine object: 0xc1d000f0:0x5c00001a class 0xc7c0 (Compute) on twin host 0x1e -> host object 0xcafe0874 (2266 us, off the GSP lock)
kayfabe: HELD-REPLY-POSTED n=1 — their rows are on the host now
kayfabe: HELD-REPLY fn=RmAlloc depth=1 — this map reply WAITS for its rows
kf3: GSP rpc RmAlloc seq=223
kf3: act engine object: 0xc1d000f0:0x5c00001b class 0xc7b5 (DmaCopy) on twin host 0x1e -> host object 0xcafe0875 (498 us, off the GSP lock)
kayfabe: HELD-REPLY-POSTED n=1 — their rows are on the host now
kayfabe: HELD-REPLY fn=RmAlloc depth=1 — this map reply WAITS for its rows
kf3: GSP rpc RmAlloc seq=224
kf-host: channel birth h=0xcafe0879 engine=0x1 reply_flags=0x00000080 PRIVILEGED_CHANNEL=0 privilege=USER cap_sys_admin=cleared-for-call
kf3: act birth passthrough: chan 0xc1d000f0:0x5c00001f BORN Passthrough: token 0x8 -> host 0x1f in VasKey(13965663476811563015) gpfifo=0x200203000x1024 userd=Store { store: 3405643781, off: 16797696 } engine=0x1 declared_kernel_pid=false privilege=1 rc=armed fast=off (1970 us, off the GSP lock)
kayfabe: HELD-REPLY-POSTED n=1 — their rows are on the host now
kayfabe: HELD-REPLY fn=RmAlloc depth=1 — this map reply WAITS for its rows
kf3: GSP rpc RmAlloc seq=225
kf3: act engine object: 0xc1d000f0:0x5c000020 class 0xc7c0 (Compute) on twin host 0x1f -> host object 0xcafe087a (812 us, off the GSP lock)
kayfabe: HELD-REPLY-POSTED n=1 — their rows are on the host now
kayfabe: HELD-REPLY fn=RmAlloc depth=1 — this map reply WAITS for its rows
kf3: GSP rpc RmAlloc seq=226
kf3: act engine object: 0xc1d000f0:0x5c000021 class 0xc7b5 (DmaCopy) on twin host 0x1f -> host object 0xcafe087b (493 us, off the GSP lock)
kayfabe: HELD-REPLY-POSTED n=1 — their rows are on the host now
kayfabe: HELD-REPLY fn=RmAlloc depth=1 — this map reply WAITS for its rows
kf3: GSP rpc RmAlloc seq=227
kf-host: channel birth h=0xcafe087e engine=0x1 reply_flags=0x00000080 PRIVILEGED_CHANNEL=0 privilege=USER cap_sys_admin=cleared-for-call
kf3: act birth passthrough: chan 0xc1d000f0:0x5c000023 BORN Passthrough: token 0x9 -> host 0x20 in VasKey(13965663476811563015) gpfifo=0x200206000x1024 userd=Store { store: 3405643781, off: 16809984 } engine=0x1 declared_kernel_pid=false privilege=1 rc=armed fast=off (1721 us, off the GSP lock)
kayfabe: HELD-REPLY-POSTED n=1 — their rows are on the host now
kayfabe: HELD-REPLY fn=RmAlloc depth=1 — this map reply WAITS for its rows
kf3: GSP rpc RmAlloc seq=228
kf3: act engine object: 0xc1d000f0:0x5c000024 class 0xc7c0 (Compute) on twin host 0x20 -> host object 0xcafe087f (841 us, off the GSP lock)
kayfabe: HELD-REPLY-POSTED n=1 — their rows are on the host now
kayfabe: HELD-REPLY fn=RmAlloc depth=1 — this map reply WAITS for its rows
kf3: GSP rpc RmAlloc seq=229
kf3: act engine object: 0xc1d000f0:0x5c000025 class 0xc7b5 (DmaCopy) on twin host 0x20 -> host object 0xcafe0880 (489 us, off the GSP lock)
kayfabe: HELD-REPLY-POSTED n=1 — their rows are on the host now
kayfabe: HELD-REPLY fn=RmAlloc depth=1 — this map reply WAITS for its rows
kf3: GSP rpc RmAlloc seq=230
kf-host: channel birth h=0xcafe0883 engine=0x1 reply_flags=0x00000080 PRIVILEGED_CHANNEL=0 privilege=USER cap_sys_admin=cleared-for-call
kf3: act birth passthrough: chan 0xc1d000f0:0x5c000027 BORN Passthrough: token 0xa -> host 0x21 in VasKey(13965663476811563015) gpfifo=0x200209000x1024 userd=Store { store: 3405643781, off: 16822272 } engine=0x1 declared_kernel_pid=false privilege=1 rc=armed fast=off (1965 us, off the GSP lock)
kayfabe: HELD-REPLY-POSTED n=1 — their rows are on the host now
kayfabe: HELD-REPLY fn=RmAlloc depth=1 — this map reply WAITS for its rows
kf3: GSP rpc RmAlloc seq=231
kf3: act engine object: 0xc1d000f0:0x5c000028 class 0xc7c0 (Compute) on twin host 0x21 -> host object 0xcafe0884 (821 us, off the GSP lock)
kayfabe: HELD-REPLY-POSTED n=1 — their rows are on the host now
kayfabe: HELD-REPLY fn=RmAlloc depth=1 — this map reply WAITS for its rows
kf3: GSP rpc RmAlloc seq=232
kf3: act engine object: 0xc1d000f0:0x5c000029 class 0xc7b5 (DmaCopy) on twin host 0x21 -> host object 0xcafe0885 (473 us, off the GSP lock)
kayfabe: HELD-REPLY-POSTED n=1 — their rows are on the host now
kayfabe: HELD-REPLY fn=RmAlloc depth=1 — this map reply WAITS for its rows
kf3: GSP rpc RmAlloc seq=233
kf-host: channel birth h=0xcafe0888 engine=0x1 reply_flags=0x00000080 PRIVILEGED_CHANNEL=0 privilege=USER cap_sys_admin=cleared-for-call
kf3: act birth passthrough: chan 0xc1d000f0:0x5c00002b BORN Passthrough: token 0xb -> host 0x22 in VasKey(13965663476811563015) gpfifo=0x20020c000x1024 userd=Store { store: 3405643781, off: 16834560 } engine=0x1 declared_kernel_pid=false privilege=1 rc=armed fast=off (1745 us, off the GSP lock)
kayfabe: HELD-REPLY-POSTED n=1 — their rows are on the host now
kayfabe: HELD-REPLY fn=RmAlloc depth=1 — this map reply WAITS for its rows
kf3: GSP rpc RmAlloc seq=234
kf3: act engine object: 0xc1d000f0:0x5c00002c class 0xc7c0 (Compute) on twin host 0x22 -> host object 0xcafe0889 (846 us, off the GSP lock)
kayfabe: HELD-REPLY-POSTED n=1 — their rows are on the host now
kayfabe: HELD-REPLY fn=RmAlloc depth=1 — this map reply WAITS for its rows
kf3: GSP rpc RmAlloc seq=235
kf3: act engine object: 0xc1d000f0:0x5c00002d class 0xc7b5 (DmaCopy) on twin host 0x22 -> host object 0xcafe088a (432 us, off the GSP lock)
kayfabe: HELD-REPLY-POSTED n=1 — their rows are on the host now
kayfabe: HELD-REPLY fn=RmAlloc depth=1 — this map reply WAITS for its rows
kf3: GSP rpc RmAlloc seq=236
kf-host: channel birth h=0xcafe088d engine=0x1 reply_flags=0x00000080 PRIVILEGED_CHANNEL=0 privilege=USER cap_sys_admin=cleared-for-call
kf3: act birth passthrough: chan 0xc1d000f0:0x5c00002f BORN Passthrough: token 0xc -> host 0x23 in VasKey(13965663476811563015) gpfifo=0x20020f000x1024 userd=Store { store: 3405643781, off: 16846848 } engine=0x1 declared_kernel_pid=false privilege=1 rc=armed fast=off (1679 us, off the GSP lock)
kayfabe: HELD-REPLY-POSTED n=1 — their rows are on the host now
kayfabe: HELD-REPLY fn=RmAlloc depth=1 — this map reply WAITS for its rows
kf3: GSP rpc RmAlloc seq=237
kf3: act engine object: 0xc1d000f0:0x5c000030 class 0xc7c0 (Compute) on twin host 0x23 -> host object 0xcafe088e (776 us, off the GSP lock)
kayfabe: HELD-REPLY-POSTED n=1 — their rows are on the host now
kayfabe: HELD-REPLY fn=RmAlloc depth=1 — this map reply WAITS for its rows
kf3: GSP rpc RmAlloc seq=238
kf3: act engine object: 0xc1d000f0:0x5c000031 class 0xc7b5 (DmaCopy) on twin host 0x23 -> host object 0xcafe088f (425 us, off the GSP lock)
kayfabe: HELD-REPLY-POSTED n=1 — their rows are on the host now
kayfabe: HELD-REPLY fn=RmAlloc depth=1 — this map reply WAITS for its rows
kf3: GSP rpc RmAlloc seq=239
kf-host: channel birth h=0xcafe0892 engine=0x1 reply_flags=0x00000080 PRIVILEGED_CHANNEL=0 privilege=USER cap_sys_admin=cleared-for-call
kf3: act birth passthrough: chan 0xc1d000f0:0x5c000033 BORN Passthrough: token 0xd -> host 0x24 in VasKey(13965663476811563015) gpfifo=0x200212000x1024 userd=Store { store: 3405643781, off: 16859136 } engine=0x1 declared_kernel_pid=false privilege=1 rc=armed fast=off (1738 us, off the GSP lock)
kayfabe: HELD-REPLY-POSTED n=1 — their rows are on the host now
kayfabe: HELD-REPLY fn=RmAlloc depth=1 — this map reply WAITS for its rows
kf3: GSP rpc RmAlloc seq=240
kf3: act engine object: 0xc1d000f0:0x5c000034 class 0xc7c0 (Compute) on twin host 0x24 -> host object 0xcafe0893 (829 us, off the GSP lock)
kayfabe: HELD-REPLY-POSTED n=1 — their rows are on the host now
kayfabe: HELD-REPLY fn=RmAlloc depth=1 — this map reply WAITS for its rows
kf3: GSP rpc RmAlloc seq=241
kf3: act engine object: 0xc1d000f0:0x5c000035 class 0xc7b5 (DmaCopy) on twin host 0x24 -> host object 0xcafe0894 (407 us, off the GSP lock)
kayfabe: HELD-REPLY-POSTED n=1 — their rows are on the host now
kayfabe: HELD-REPLY fn=RmAlloc depth=1 — this map reply WAITS for its rows
kf3: GSP rpc RmAlloc seq=242
kf-host: channel birth h=0xcafe0897 engine=0x1 reply_flags=0x00000080 PRIVILEGED_CHANNEL=0 privilege=USER cap_sys_admin=cleared-for-call
kf3: act birth passthrough: chan 0xc1d000f0:0x5c000037 BORN Passthrough: token 0xe -> host 0x25 in VasKey(13965663476811563015) gpfifo=0x200215000x1024 userd=Store { store: 3405643781, off: 16871424 } engine=0x1 declared_kernel_pid=false privilege=1 rc=armed fast=off (1513 us, off the GSP lock)
kayfabe: HELD-REPLY-POSTED n=1 — their rows are on the host now
kayfabe: HELD-REPLY fn=RmAlloc depth=1 — this map reply WAITS for its rows
kf3: GSP rpc RmAlloc seq=243
kf3: act engine object: 0xc1d000f0:0x5c000038 class 0xc7c0 (Compute) on twin host 0x25 -> host object 0xcafe0898 (766 us, off the GSP lock)
kayfabe: HELD-REPLY-POSTED n=1 — their rows are on the host now
kayfabe: HELD-REPLY fn=RmAlloc depth=1 — this map reply WAITS for its rows
kf3: GSP rpc RmAlloc seq=244
kf3: act engine object: 0xc1d000f0:0x5c000039 class 0xc7b5 (DmaCopy) on twin host 0x25 -> host object 0xcafe0899 (381 us, off the GSP lock)
kayfabe: HELD-REPLY-POSTED n=1 — their rows are on the host now
kf3: GSP rpc DupObject seq=245
kf3: GSP rpc DupObject seq=246
kf3: GSP rpc RmAlloc seq=247
kf-rm: chanlink: GPU_PROMOTE_CTX on 0xc1d0000a:0xcaf00a96 params=560 rpc_flags=0x0
kayfabe: HELD-REPLY fn=RmControl depth=1 — this map reply WAITS for its rows
kf3: GSP rpc RmControl seq=248
kf3: act promote ctx: chan 0xc1d000f0:0x5c000019 GPU_PROMOTE_CTX SATISFIED BY TWIN host 0x1e (host GR object(s) [cafe0874]): entries=10 init_ids=0x0 va_ids=0xe7f bound=true — not forwarded, no guest byte touched (15 us, off the GSP lock)
kayfabe: HELD-REPLY-POSTED n=1 — their rows are on the host now
kf3: GSP rpc DupObject seq=249
kf3: GSP rpc DupObject seq=250
kf3: GSP rpc RmAlloc seq=251
kf-rm: chanlink: GPU_PROMOTE_CTX on 0xc1d0000a:0xcaf00a96 params=560 rpc_flags=0x0
kayfabe: HELD-REPLY fn=RmControl depth=1 — this map reply WAITS for its rows
kf3: GSP rpc RmControl seq=252
kf3: act promote ctx: chan 0xc1d000f0:0x5c00001f GPU_PROMOTE_CTX SATISFIED BY TWIN host 0x1f (host GR object(s) [cafe087a]): entries=10 init_ids=0x0 va_ids=0xe7f bound=true — not forwarded, no guest byte touched (8 us, off the GSP lock)
kayfabe: HELD-REPLY-POSTED n=1 — their rows are on the host now
kf3: GSP rpc DupObject seq=253
kf3: GSP rpc DupObject seq=254
kf3: GSP rpc RmAlloc seq=255
kf-rm: chanlink: GPU_PROMOTE_CTX on 0xc1d0000a:0xcaf00a96 params=560 rpc_flags=0x0
kayfabe: HELD-REPLY fn=RmControl depth=1 — this map reply WAITS for its rows
kf3: GSP rpc RmControl seq=256
kf3: act promote ctx: chan 0xc1d000f0:0x5c000023 GPU_PROMOTE_CTX SATISFIED BY TWIN host 0x20 (host GR object(s) [cafe087f]): entries=10 init_ids=0x0 va_ids=0xe7f bound=true — not forwarded, no guest byte touched (8 us, off the GSP lock)
kayfabe: HELD-REPLY-POSTED n=1 — their rows are on the host now
kf3: GSP rpc DupObject seq=257
kf3: GSP rpc DupObject seq=258
kf3: GSP rpc RmAlloc seq=259
kf-rm: chanlink: GPU_PROMOTE_CTX on 0xc1d0000a:0xcaf00a96 params=560 rpc_flags=0x0
kayfabe: HELD-REPLY fn=RmControl depth=1 — this map reply WAITS for its rows
kf3: GSP rpc RmControl seq=260
kf3: act promote ctx: chan 0xc1d000f0:0x5c000027 GPU_PROMOTE_CTX SATISFIED BY TWIN host 0x21 (host GR object(s) [cafe0884]): entries=10 init_ids=0x0 va_ids=0xe7f bound=true — not forwarded, no guest byte touched (7 us, off the GSP lock)
kayfabe: HELD-REPLY-POSTED n=1 — their rows are on the host now
kf3: GSP rpc DupObject seq=261
kf3: GSP rpc DupObject seq=262
kf3: GSP rpc RmAlloc seq=263
kf-rm: chanlink: GPU_PROMOTE_CTX on 0xc1d0000a:0xcaf00a96 params=560 rpc_flags=0x0
kayfabe: HELD-REPLY fn=RmControl depth=1 — this map reply WAITS for its rows
kf3: GSP rpc RmControl seq=264
kf3: act promote ctx: chan 0xc1d000f0:0x5c00002b GPU_PROMOTE_CTX SATISFIED BY TWIN host 0x22 (host GR object(s) [cafe0889]): entries=10 init_ids=0x0 va_ids=0xe7f bound=true — not forwarded, no guest byte touched (7 us, off the GSP lock)
kayfabe: HELD-REPLY-POSTED n=1 — their rows are on the host now
kf3: GSP rpc DupObject seq=265
kf3: GSP rpc DupObject seq=266
kf3: GSP rpc RmAlloc seq=267
kf-rm: chanlink: GPU_PROMOTE_CTX on 0xc1d0000a:0xcaf00a96 params=560 rpc_flags=0x0
kayfabe: HELD-REPLY fn=RmControl depth=1 — this map reply WAITS for its rows
kf3: GSP rpc RmControl seq=268
kf3: act promote ctx: chan 0xc1d000f0:0x5c00002f GPU_PROMOTE_CTX SATISFIED BY TWIN host 0x23 (host GR object(s) [cafe088e]): entries=10 init_ids=0x0 va_ids=0xe7f bound=true — not forwarded, no guest byte touched (7 us, off the GSP lock)
kayfabe: HELD-REPLY-POSTED n=1 — their rows are on the host now
kf3: GSP rpc DupObject seq=269
kf3: GSP rpc DupObject seq=270
kf3: GSP rpc RmAlloc seq=271
kf-rm: chanlink: GPU_PROMOTE_CTX on 0xc1d0000a:0xcaf00a96 params=560 rpc_flags=0x0
kayfabe: HELD-REPLY fn=RmControl depth=1 — this map reply WAITS for its rows
kf3: GSP rpc RmControl seq=272
kf3: act promote ctx: chan 0xc1d000f0:0x5c000033 GPU_PROMOTE_CTX SATISFIED BY TWIN host 0x24 (host GR object(s) [cafe0893]): entries=10 init_ids=0x0 va_ids=0xe7f bound=true — not forwarded, no guest byte touched (7 us, off the GSP lock)
kayfabe: HELD-REPLY-POSTED n=1 — their rows are on the host now
kf3: GSP rpc DupObject seq=273
kf3: GSP rpc DupObject seq=274
kf3: GSP rpc RmAlloc seq=275
kf-rm: chanlink: GPU_PROMOTE_CTX on 0xc1d0000a:0xcaf00a96 params=560 rpc_flags=0x0
kayfabe: HELD-REPLY fn=RmControl depth=1 — this map reply WAITS for its rows
kf3: act promote ctx: chan 0xc1d000f0:0x5c000037 GPU_PROMOTE_CTX SATISFIED BY TWIN host 0x25 (host GR object(s) [cafe0898]): entries=10 init_ids=0x0 va_ids=0xe7f bound=true — not forwarded, no guest byte touched (6 us, off the GSP lock)
kf3: GSP rpc RmControl seq=276
kayfabe: HELD-REPLY-POSTED n=1 — their rows are on the host now
kayfabe: HELD-REPLY fn=RmControl depth=1 — this map reply WAITS for its rows
kf3: GSP rpc RmControl seq=277
kf3: act schedule: 0xc1d000f0:0x5c000012 GPFIFO_SCHEDULE enable=true on 8 twin(s) (0 restarted after STOP) (737 us, off the GSP lock)
kayfabe: HELD-REPLY-POSTED n=1 — their rows are on the host now
kf3: GSP rpc RmAlloc seq=278
kf3: GSP rpc RmControl seq=279
kf3: GSP rpc RmAlloc seq=280
kf3: GSP rpc RmControl seq=281
kayfabe: HELD-REPLY fn=RmAlloc depth=1 — this map reply WAITS for its rows
kf3: GSP rpc RmAlloc seq=282
kf-host: channel birth h=0xcafe089d engine=0xb reply_flags=0x00000080 PRIVILEGED_CHANNEL=0 privilege=USER cap_sys_admin=cleared-for-call
kf3: act birth passthrough: chan 0xc1d000f0:0x5c00003d BORN Passthrough: token 0x80f -> host 0x10026 in VasKey(13965663476811563015) gpfifo=0x200218000x1024 userd=Store { store: 3405643781, off: 16883712 } engine=0xb declared_kernel_pid=false privilege=1 rc=armed fast=off (3316 us, off the GSP lock)
kayfabe: HELD-REPLY-POSTED n=1 — their rows are on the host now
kayfabe: HELD-REPLY fn=RmAlloc depth=1 — this map reply WAITS for its rows
kf3: GSP rpc RmAlloc seq=283
kf3: act engine object: 0xc1d000f0:0x5c00003e class 0xc7b5 (DmaCopy) on twin host 0x10026 -> host object 0xcafe089e (369 us, off the GSP lock)
kayfabe: HELD-REPLY-POSTED n=1 — their rows are on the host now
kayfabe: HELD-REPLY fn=RmAlloc depth=1 — this map reply WAITS for its rows
kf3: GSP rpc RmAlloc seq=284
kf-host: channel birth h=0xcafe08a1 engine=0xb reply_flags=0x00000080 PRIVILEGED_CHANNEL=0 privilege=USER cap_sys_admin=cleared-for-call
kf3: act birth passthrough: chan 0xc1d000f0:0x5c000040 BORN Passthrough: token 0x810 -> host 0x10027 in VasKey(13965663476811563015) gpfifo=0x20021b000x1024 userd=Store { store: 3405643781, off: 16896000 } engine=0xb declared_kernel_pid=false privilege=1 rc=armed fast=off (1541 us, off the GSP lock)
kayfabe: HELD-REPLY-POSTED n=1 — their rows are on the host now
kayfabe: HELD-REPLY fn=RmAlloc depth=1 — this map reply WAITS for its rows
kf3: GSP rpc RmAlloc seq=285
kf3: act engine object: 0xc1d000f0:0x5c000041 class 0xc7b5 (DmaCopy) on twin host 0x10027 -> host object 0xcafe08a2 (353 us, off the GSP lock)
kayfabe: HELD-REPLY-POSTED n=1 — their rows are on the host now
kayfabe: HELD-REPLY fn=RmAlloc depth=1 — this map reply WAITS for its rows
kf3: GSP rpc RmAlloc seq=286
kf-host: channel birth h=0xcafe08a5 engine=0xb reply_flags=0x00000080 PRIVILEGED_CHANNEL=0 privilege=USER cap_sys_admin=cleared-for-call
kf3: act birth passthrough: chan 0xc1d000f0:0x5c000043 BORN Passthrough: token 0x811 -> host 0x10028 in VasKey(13965663476811563015) gpfifo=0x20021e000x1024 userd=Store { store: 3405643781, off: 16908288 } engine=0xb declared_kernel_pid=false privilege=1 rc=armed fast=off (1564 us, off the GSP lock)
kayfabe: HELD-REPLY-POSTED n=1 — their rows are on the host now
kayfabe: HELD-REPLY fn=RmAlloc depth=1 — this map reply WAITS for its rows
kf3: GSP rpc RmAlloc seq=287
kf3: act engine object: 0xc1d000f0:0x5c000044 class 0xc7b5 (DmaCopy) on twin host 0x10028 -> host object 0xcafe08a6 (375 us, off the GSP lock)
kayfabe: HELD-REPLY-POSTED n=1 — their rows are on the host now
kayfabe: HELD-REPLY fn=RmAlloc depth=1 — this map reply WAITS for its rows
kf3: GSP rpc RmAlloc seq=288
kf-host: channel birth h=0xcafe08a9 engine=0xb reply_flags=0x00000080 PRIVILEGED_CHANNEL=0 privilege=USER cap_sys_admin=cleared-for-call
kf3: act birth passthrough: chan 0xc1d000f0:0x5c000046 BORN Passthrough: token 0x812 -> host 0x10029 in VasKey(13965663476811563015) gpfifo=0x200221000x1024 userd=Store { store: 3405643781, off: 16920576 } engine=0xb declared_kernel_pid=false privilege=1 rc=armed fast=off (1509 us, off the GSP lock)
kayfabe: HELD-REPLY-POSTED n=1 — their rows are on the host now
kayfabe: HELD-REPLY fn=RmAlloc depth=1 — this map reply WAITS for its rows
kf3: GSP rpc RmAlloc seq=289
kf3: act engine object: 0xc1d000f0:0x5c000047 class 0xc7b5 (DmaCopy) on twin host 0x10029 -> host object 0xcafe08aa (356 us, off the GSP lock)
kayfabe: HELD-REPLY-POSTED n=1 — their rows are on the host now
kf3: GSP rpc DupObject seq=290
kf3: GSP rpc RmAlloc seq=291
kf3: GSP rpc DupObject seq=292
kf3: GSP rpc RmAlloc seq=293
kf3: GSP rpc DupObject seq=294
kf3: GSP rpc RmAlloc seq=295
kf3: GSP rpc DupObject seq=296
kf3: GSP rpc RmAlloc seq=297
kayfabe: HELD-REPLY fn=RmControl depth=1 — this map reply WAITS for its rows
kf3: GSP rpc RmControl seq=298
kf3: act schedule: 0xc1d000f0:0x5c00003b GPFIFO_SCHEDULE enable=true on 4 twin(s) (0 restarted after STOP) (626 us, off the GSP lock)
kayfabe: HELD-REPLY-POSTED n=1 — their rows are on the host now
kf3: GSP rpc RmAlloc seq=299
kf3: GSP rpc RmControl seq=300
kf3: GSP rpc RmAlloc seq=301
kf3: GSP rpc RmControl seq=302
kayfabe: HELD-REPLY fn=RmAlloc depth=1 — this map reply WAITS for its rows
kf3: GSP rpc RmAlloc seq=303
kf-host: channel birth h=0xcafe08ae engine=0xc reply_flags=0x00000080 PRIVILEGED_CHANNEL=0 privilege=USER cap_sys_admin=cleared-for-call
kf3: act birth passthrough: chan 0xc1d000f0:0x5c00004b BORN Passthrough: token 0x1013 -> host 0x2002a in VasKey(13965663476811563015) gpfifo=0x200224000x1024 userd=Store { store: 3405643781, off: 16932864 } engine=0xc declared_kernel_pid=false privilege=1 rc=armed fast=off (3389 us, off the GSP lock)
kayfabe: HELD-REPLY-POSTED n=1 — their rows are on the host now
kayfabe: HELD-REPLY fn=RmAlloc depth=1 — this map reply WAITS for its rows
kf3: GSP rpc RmAlloc seq=304
kf3: act engine object: 0xc1d000f0:0x5c00004c class 0xc7b5 (DmaCopy) on twin host 0x2002a -> host object 0xcafe08af (371 us, off the GSP lock)
kayfabe: HELD-REPLY-POSTED n=1 — their rows are on the host now
kayfabe: HELD-REPLY fn=RmAlloc depth=1 — this map reply WAITS for its rows
kf3: GSP rpc RmAlloc seq=305
kf-host: channel birth h=0xcafe08b2 engine=0xc reply_flags=0x00000080 PRIVILEGED_CHANNEL=0 privilege=USER cap_sys_admin=cleared-for-call
kf3: act birth passthrough: chan 0xc1d000f0:0x5c00004e BORN Passthrough: token 0x1014 -> host 0x2002b in VasKey(13965663476811563015) gpfifo=0x200227000x1024 userd=Store { store: 3405643781, off: 16945152 } engine=0xc declared_kernel_pid=false privilege=1 rc=armed fast=off (1419 us, off the GSP lock)
kayfabe: HELD-REPLY-POSTED n=1 — their rows are on the host now
kayfabe: HELD-REPLY fn=RmAlloc depth=1 — this map reply WAITS for its rows
kf3: GSP rpc RmAlloc seq=306
kf3: act engine object: 0xc1d000f0:0x5c00004f class 0xc7b5 (DmaCopy) on twin host 0x2002b -> host object 0xcafe08b3 (400 us, off the GSP lock)
kayfabe: HELD-REPLY-POSTED n=1 — their rows are on the host now
kayfabe: HELD-REPLY fn=RmAlloc depth=1 — this map reply WAITS for its rows
kf3: GSP rpc RmAlloc seq=307
kf-host: channel birth h=0xcafe08b6 engine=0xc reply_flags=0x00000080 PRIVILEGED_CHANNEL=0 privilege=USER cap_sys_admin=cleared-for-call
kf3: act birth passthrough: chan 0xc1d000f0:0x5c000051 BORN Passthrough: token 0x1015 -> host 0x2002c in VasKey(13965663476811563015) gpfifo=0x20022a000x1024 userd=Store { store: 3405643781, off: 16957440 } engine=0xc declared_kernel_pid=false privilege=1 rc=armed fast=off (1418 us, off the GSP lock)
kayfabe: HELD-REPLY-POSTED n=1 — their rows are on the host now
kayfabe: HELD-REPLY fn=RmAlloc depth=1 — this map reply WAITS for its rows
kf3: GSP rpc RmAlloc seq=308
kf3: act engine object: 0xc1d000f0:0x5c000052 class 0xc7b5 (DmaCopy) on twin host 0x2002c -> host object 0xcafe08b7 (355 us, off the GSP lock)
kayfabe: HELD-REPLY-POSTED n=1 — their rows are on the host now
kayfabe: HELD-REPLY fn=RmAlloc depth=1 — this map reply WAITS for its rows
kf3: GSP rpc RmAlloc seq=309
kf-host: channel birth h=0xcafe08ba engine=0xc reply_flags=0x00000080 PRIVILEGED_CHANNEL=0 privilege=USER cap_sys_admin=cleared-for-call
kf3: act birth passthrough: chan 0xc1d000f0:0x5c000054 BORN Passthrough: token 0x1016 -> host 0x2002d in VasKey(13965663476811563015) gpfifo=0x20022d000x1024 userd=Store { store: 3405643781, off: 16969728 } engine=0xc declared_kernel_pid=false privilege=1 rc=armed fast=off (1373 us, off the GSP lock)
kayfabe: HELD-REPLY-POSTED n=1 — their rows are on the host now
kayfabe: HELD-REPLY fn=RmAlloc depth=1 — this map reply WAITS for its rows
kf3: GSP rpc RmAlloc seq=310
kf3: act engine object: 0xc1d000f0:0x5c000055 class 0xc7b5 (DmaCopy) on twin host 0x2002d -> host object 0xcafe08bb (369 us, off the GSP lock)
kayfabe: HELD-REPLY-POSTED n=1 — their rows are on the host now
kf3: GSP rpc DupObject seq=311
kf3: GSP rpc RmAlloc seq=312
kf3: GSP rpc DupObject seq=313
kf3: GSP rpc RmAlloc seq=314
kf3: GSP rpc DupObject seq=315
kf3: GSP rpc RmAlloc seq=316
kf3: GSP rpc DupObject seq=317
kf3: GSP rpc RmAlloc seq=318
kayfabe: HELD-REPLY fn=RmControl depth=1 — this map reply WAITS for its rows
kf3: GSP rpc RmControl seq=319
kf3: act schedule: 0xc1d000f0:0x5c000049 GPFIFO_SCHEDULE enable=true on 4 twin(s) (0 restarted after STOP) (563 us, off the GSP lock)
kayfabe: HELD-REPLY-POSTED n=1 — their rows are on the host now
kf3: GSP rpc RmAlloc seq=320
kf-mem: SKED-REFLECTED leaf 0x7ce360c00000+0x1000 (ap=0 at=0x0) placed as a message-kind host mapping — device-side launches through it reach the host scheduler
kf-rm: chanlink: client 0xc1e000fa root: kernel=true internal=true
kf3: GSP rpc RmAlloc seq=321
kf3: GSP rpc RmAlloc seq=322
kf3: GSP rpc RmAlloc seq=323
kayfabe: HELD-REPLY fn=RmAlloc depth=1 — this map reply WAITS for its rows
kf3: GSP rpc RmAlloc seq=324
kf3: act debugger: 0xc1d000f0:0x5c000072 GT200_DEBUGGER over 0x5c00001a -> host session 0xcafe08c5 (host GR object 0xcafe0874) (1697 us, off the GSP lock)
kayfabe: HELD-REPLY-POSTED n=1 — their rows are on the host now
kf3: family=Ampere phase=Running trapped=168626 applied=30804 refused=42 serviced=9992 ram_refused=0 unshadowed_writes=2 read_exits=0 last_off=0x110c00 mem[inval=4173 walks=6633/6633 cleared=4173 superseded=0 named_missed=90 unreconciled=0 mapped=91602 unmapped=10117 clipped=0x0 held=0 vmm_overlaps=0 priv_withheld=0 priv_withheld_bytes=0x0 priv_mirrored=126 sked=19/0held fn70=41 roots=158 root_moves=18 stmts=449/449 refused=0 pramin_repoints=418 pramin_miss=0 last_miss=0x0 pramin_worst_us=759 (map 509 mmap 274) pramin_maps=418 pramin_mmaps=418 pramin_kept=0 pramin_kept_now=0 window_advice_refused=0 inline_opens=0 reaped=417 cache_ops=36 sysmembars=80 root_unsets=35] mirrors=4 reused=136 prewarmed=3 mirror_avg_us=559920 mirror_max_us=609822 vat[invals=161 arrive->clear_avg_us=2406 max_us=214626 walks=250 walk_avg_us=339 gpu_avg_us=134 plan_avg_us=0 apply_avg_us=1608 leaves=1 host_calls=361] chan[births=114 pt_births=304 acts=2454/0refused worst_act_us=5236 nsi=[GR0:6667/2478raised CE2:6850/4783raised] served=16375 parks=40348 host_rings=10104 contended=0 poisoned=0 tokens=[0x801:fwd=0,subs=0,serves=1,put=Some(0),gp_get=None 0x802:fwd=2,subs=2,serves=5,put=Some(2),gp_get=Some(2) 0x803:fwd=110,subs=191,serves=412,put=Some(110),gp_get=Some(110) 0x804:fwd=1,subs=1,serves=2,put=Some(1),gp_get=Some(1) 0x1005:fwd=1,subs=1,serves=2,put=Some(1),gp_get=Some(1) 0x1006:fwd=1,subs=1,serves=3,put=Some(1),gp_get=Some(1)]] views[armed=2757 released=2647 refused=0 held=110] rc[armed=304 unarmed=0 wakes=1 seen=8 posted=8] irq[writes=113948 raised=7193 held=105 oor=0] dbfast[off regs=0 placed=0/0 sites=0 doorbells=0 wakes=0 rang=0 handed=0 absorbed=0 refused(budget=0 kvm=0 enospc=0 eexist=0 fd=0) deassign_failed=0 ack_timeouts=0 double=0 stale=0 empty=0 polls=0/0 max_batch=0 wake_to_deliver[n=0 p50=0.0us p99=0.0us max=0.0us] ack_wait[n=0 p50=0.0us p99=0.0us max=0.0us]] unserviced=[0x20800a87,0x20800a4b,0x20800afe,0x20800aff,0x20800a80,0x20802a0f,0x2080017e,0x20800a30,0x20800a2e,0x20800b03,0x20800b05,0x20800a3f,0x2080012b,0x2080013f,0x00800294,0x20810108,0x20810110,0x2080014b,0x20800157,0x20801357,0x2080852e,0x20808513,0x20802068,0x2080a618,0x2080a612,0x2080a097,0x20800a38,0x2080012f,0x20802a12,0x20800ab8,0x20800a9a,0x20800a9e,0x20800a9c,0x20800a1e,0x83de030c] gsp_refusals[total=785 distinct=38 [fn76/0x20800a87=0x56x21 fn76/0x20800a4b=0x56x21 fn76/0x20800afe=0x56x41 fn76/0x20800aff=0x56x25 fn76/0x20800a80=0x56x42 fn76/0x20802a0f=0x56x21 fn76/0x2080017e=0x56x21 fn76/0x20800a30=0x56x21 fn76/0x20800a2e=0x56x21 fn76/0x20800b03=0x56x21 fn76/0x20800b05=0x56x21 fn76/0x20800a3f=0x56x21 fn76/0x2080012b=0x56x21 fn76/0x2080013f=0x56x21 fn103/0x0000c36f=0x56x21 fn103/0x0000402c=0x56x21 fn76/0x00800294=0x56x2 fn76/0x20810108=0x56x21 fn76/0x20810110=0x56x4 fn76/0x2080014b=0x56x10 fn76/0x20800157=0x56x2 fn76/0x20801357=0x56x2 fn76/0x2080852e=0x56x2 fn76/0x20808513=0x56x2 fn76/0x20802068=0x56x2 fn76/0x2080a618=0x56x2 fn76/0x2080a612=0x56x2 fn76/0x2080a097=0x56x2 fn103/0x0000208f=0x56x2 fn76/0x20800a38=0x56x20 fn76/0x2080012f=0x56x37 fn76/0x20802a12=0x56x220 fn76/0x20800ab8=0x56x1 fn76/0x20800a9a=0x56x19 fn76/0x20800a9e=0x56x17 fn76/0x20800a9c=0x56x17 fn76/0x20800a1e=0x56x17 fn76/0x83de030c=0x56x1]]
kf3: GSP rpc RmAlloc seq=325
kf3: GSP rpc RmAlloc seq=326
kf3: GSP rpc RmAlloc seq=327
kf3: GSP rpc RmAlloc seq=328
kayfabe: HELD-REPLY fn=RmControl depth=1 — this map reply WAITS for its rows
kf3: GSP rpc RmControl seq=329
kf3: act debugger exception mask: 0xc1d000f0:0x5c000072 SET_EXCEPTION_MASK 0x3a on host session 0xcafe08c5 (500 us, off the GSP lock)
kayfabe: HELD-REPLY-POSTED n=1 — their rows are on the host now
kayfabe: HELD-REPLY fn=RmControl depth=1 — this map reply WAITS for its rows
kf3: GSP rpc RmControl seq=330
kf3: act ctxsw preemption: 0xc1d000f0:0x5c000012 SET_CTXSW_PREEMPTION_MODE flags=0x1 gfxp=0 cilp=2 on 1 host group(s) (493 us, off the GSP lock)
kayfabe: HELD-REPLY-POSTED n=1 — their rows are on the host now
kayfabe: HELD-REPLY fn=RmControl depth=1 — this map reply WAITS for its rows
kf3: GSP rpc RmControl seq=331
kf3: act timeslice: 0xc1d000f0:0x5c000012 SET_TIMESLICE 2048 us on 8 twin group(s) (2460 us, off the GSP lock)
kayfabe: HELD-REPLY-POSTED n=1 — their rows are on the host now
kayfabe: HELD-REPLY fn=RmControl depth=1 — this map reply WAITS for its rows
kf3: GSP rpc RmControl seq=332
kf3: act cuda limit: 0xc1d000f0:0x5c000002 CUDA limit true -> host device limit true (351 us, off the GSP lock)
kayfabe: HELD-REPLY-POSTED n=1 — their rows are on the host now
kf3: GSP rpc RmControl seq=333
kf3: GSP rpc RmControl seq=334
kf3: GSP rpc RmControl seq=335
W343GSSCENSUS cmd=0x2080a084 params_size=4 params_at=40 payload_len=44
kf3: GSS 0x2080a084 answered from the host's realize-time reply
kf3: GSP rpc RmControl seq=336
W343GSSCENSUS cmd=0x2080a026 params_size=532 params_at=40 payload_len=572
kf3: GSS 0x2080a026 answered from the host's realize-time reply
kf3: GSP rpc RmControl seq=337
kf3: GSP rpc RmControl seq=338
kf3: GSP rpc RmControl seq=339
kf3: GSP rpc RmControl seq=340
W343GSSCENSUS cmd=0x2080a084 params_size=4 params_at=40 payload_len=44
kf3: GSS 0x2080a084 answered from the host's realize-time reply
kf3: GSP rpc RmControl seq=341
W343GSSCENSUS cmd=0x2080a026 params_size=532 params_at=40 payload_len=572
kf3: GSS 0x2080a026 answered from the host's realize-time reply
kf3: GSP rpc RmControl seq=342
kf3: GSP rpc RmControl seq=343
kf3: GSP rpc RmControl seq=344
kf3: GSP rpc RmControl seq=345
W343GSSCENSUS cmd=0x2080a084 params_size=4 params_at=40 payload_len=44
kf3: GSS 0x2080a084 answered from the host's realize-time reply
kf3: GSP rpc RmControl seq=346
W343GSSCENSUS cmd=0x2080a026 params_size=532 params_at=40 payload_len=572
kf3: GSS 0x2080a026 answered from the host's realize-time reply
kf3: GSP rpc RmControl seq=347
kf3: GSP rpc RmControl seq=348
kf3: GSP rpc RmControl seq=349
kf3: GSP rpc RmControl seq=350
W343GSSCENSUS cmd=0x2080a084 params_size=4 params_at=40 payload_len=44
kf3: GSS 0x2080a084 answered from the host's realize-time reply
kf3: GSP rpc RmControl seq=351
W343GSSCENSUS cmd=0x2080a026 params_size=532 params_at=40 payload_len=572
kf3: GSS 0x2080a026 answered from the host's realize-time reply
kf3: GSP rpc RmControl seq=352
kf3: GSP rpc RmControl seq=353
kf3: GSP rpc RmControl seq=354
kf3: GSP rpc RmControl seq=355
W343GSSCENSUS cmd=0x2080a084 params_size=4 params_at=40 payload_len=44
kf3: GSS 0x2080a084 answered from the host's realize-time reply
kf3: GSP rpc RmControl seq=356
W343GSSCENSUS cmd=0x2080a026 params_size=532 params_at=40 payload_len=572
kf3: GSS 0x2080a026 answered from the host's realize-time reply
kf3: GSP rpc RmControl seq=357
kf3: GSP rpc RmControl seq=358
kf3: GSP rpc RmControl seq=359
kf3: GSP rpc RmControl seq=360
W343GSSCENSUS cmd=0x2080a084 params_size=4 params_at=40 payload_len=44
kf3: GSS 0x2080a084 answered from the host's realize-time reply
kf3: GSP rpc RmControl seq=361
W343GSSCENSUS cmd=0x2080a026 params_size=532 params_at=40 payload_len=572
kf3: GSS 0x2080a026 answered from the host's realize-time reply
kf3: GSP rpc RmControl seq=362
kf3: GSP rpc RmControl seq=363
kf3: GSP rpc UNSERVICED Unserviced { code: 76, sequence: 363 }
kf3: RC host twin 0x21 (guest chid 0xa, engine 0x1) wrote its notifier: except_type=0x1f (Xid 31) — forwarding RC_TRIGGERED
kf3: RC host twin 0x1f (guest chid 0x8, engine 0x1) wrote its notifier: except_type=0x1f (Xid 31) — forwarding RC_TRIGGERED
kf3: RC host twin 0x24 (guest chid 0xd, engine 0x1) wrote its notifier: except_type=0x1f (Xid 31) — forwarding RC_TRIGGERED
kf3: RC host twin 0x23 (guest chid 0xc, engine 0x1) wrote its notifier: except_type=0x1f (Xid 31) — forwarding RC_TRIGGERED
kf3: RC host twin 0x20 (guest chid 0x9, engine 0x1) wrote its notifier: except_type=0x1f (Xid 31) — forwarding RC_TRIGGERED
kf3: RC host twin 0x22 (guest chid 0xb, engine 0x1) wrote its notifier: except_type=0x1f (Xid 31) — forwarding RC_TRIGGERED
kf3: RC host twin 0x1e (guest chid 0x7, engine 0x1) wrote its notifier: except_type=0x1f (Xid 31) — forwarding RC_TRIGGERED
kf3: RC host twin 0x25 (guest chid 0xe, engine 0x1) wrote its notifier: except_type=0x1f (Xid 31) — forwarding RC_TRIGGERED
kf3: RC_TRIGGERED posted: guest chid 0xa engine 0x1 except_type 0x1f (host 0x21)
kf3: RC_TRIGGERED posted: guest chid 0x8 engine 0x1 except_type 0x1f (host 0x1f)
kf3: RC_TRIGGERED posted: guest chid 0xd engine 0x1 except_type 0x1f (host 0x24)
kf3: RC_TRIGGERED posted: guest chid 0xc engine 0x1 except_type 0x1f (host 0x23)
kf3: RC_TRIGGERED posted: guest chid 0x9 engine 0x1 except_type 0x1f (host 0x20)
kf3: RC_TRIGGERED posted: guest chid 0xb engine 0x1 except_type 0x1f (host 0x22)
kf3: RC_TRIGGERED posted: guest chid 0x7 engine 0x1 except_type 0x1f (host 0x1e)
kf3: RC_TRIGGERED posted: guest chid 0xe engine 0x1 except_type 0x1f (host 0x25)
kayfabe: HELD-REPLY fn=RmControl depth=1 — this map reply WAITS for its rows
kf3: GSP rpc RmControl seq=364
kf3: act stop: 0xc1d000f0:0x5c000054 STOP_CHANNEL(bImmediate=false): twin host 0x2002d disabled + preempted (DISABLE_CHANNELS) + off its runlist (GPFIFO_SCHEDULE false) (2761 us, off the GSP lock)
kayfabe: HELD-REPLY-POSTED n=1 — their rows are on the host now
kayfabe: HELD-REPLY fn=RmControl depth=1 — this map reply WAITS for its rows
kf3: GSP rpc RmControl seq=365
kf3: act stop: 0xc1d000f0:0x5c000051 STOP_CHANNEL(bImmediate=false): twin host 0x2002c disabled + preempted (DISABLE_CHANNELS) + off its runlist (GPFIFO_SCHEDULE false) (685 us, off the GSP lock)
kayfabe: HELD-REPLY-POSTED n=1 — their rows are on the host now
kayfabe: HELD-REPLY fn=RmControl depth=1 — this map reply WAITS for its rows
kf3: GSP rpc RmControl seq=366
kf3: act stop: 0xc1d000f0:0x5c00004e STOP_CHANNEL(bImmediate=false): twin host 0x2002b disabled + preempted (DISABLE_CHANNELS) + off its runlist (GPFIFO_SCHEDULE false) (658 us, off the GSP lock)
kayfabe: HELD-REPLY-POSTED n=1 — their rows are on the host now
kayfabe: HELD-REPLY fn=RmControl depth=1 — this map reply WAITS for its rows
kf3: GSP rpc RmControl seq=367
kf3: act stop: 0xc1d000f0:0x5c00004b STOP_CHANNEL(bImmediate=false): twin host 0x2002a disabled + preempted (DISABLE_CHANNELS) + off its runlist (GPFIFO_SCHEDULE false) (655 us, off the GSP lock)
kayfabe: HELD-REPLY-POSTED n=1 — their rows are on the host now
kayfabe: HELD-REPLY fn=RmControl depth=1 — this map reply WAITS for its rows
kf3: GSP rpc RmControl seq=368
kf3: act stop: 0xc1d000f0:0x5c000046 STOP_CHANNEL(bImmediate=false): twin host 0x10029 disabled + preempted (DISABLE_CHANNELS) + off its runlist (GPFIFO_SCHEDULE false) (710 us, off the GSP lock)
kayfabe: HELD-REPLY-POSTED n=1 — their rows are on the host now
kayfabe: HELD-REPLY fn=RmControl depth=1 — this map reply WAITS for its rows
kf3: GSP rpc RmControl seq=369
kf3: act stop: 0xc1d000f0:0x5c000043 STOP_CHANNEL(bImmediate=false): twin host 0x10028 disabled + preempted (DISABLE_CHANNELS) + off its runlist (GPFIFO_SCHEDULE false) (651 us, off the GSP lock)
kayfabe: HELD-REPLY-POSTED n=1 — their rows are on the host now
kayfabe: HELD-REPLY fn=RmControl depth=1 — this map reply WAITS for its rows
kf3: GSP rpc RmControl seq=370
kf3: act stop: 0xc1d000f0:0x5c000040 STOP_CHANNEL(bImmediate=false): twin host 0x10027 disabled + preempted (DISABLE_CHANNELS) + off its runlist (GPFIFO_SCHEDULE false) (641 us, off the GSP lock)
kayfabe: HELD-REPLY-POSTED n=1 — their rows are on the host now
kayfabe: HELD-REPLY fn=RmControl depth=1 — this map reply WAITS for its rows
kf3: GSP rpc RmControl seq=371
kf3: act stop: 0xc1d000f0:0x5c00003d STOP_CHANNEL(bImmediate=false): twin host 0x10026 disabled + preempted (DISABLE_CHANNELS) + off its runlist (GPFIFO_SCHEDULE false) (660 us, off the GSP lock)
kayfabe: HELD-REPLY-POSTED n=1 — their rows are on the host now
kayfabe: HELD-REPLY fn=RmControl depth=1 — this map reply WAITS for its rows
kf3: GSP rpc RmControl seq=372
kf3: act stop: 0xc1d000f0:0x5c000037 STOP_CHANNEL(bImmediate=false): twin host 0x25 disabled + preempted (DISABLE_CHANNELS) + off its runlist (GPFIFO_SCHEDULE false) (692 us, off the GSP lock)
kayfabe: HELD-REPLY-POSTED n=1 — their rows are on the host now
kayfabe: HELD-REPLY fn=RmControl depth=1 — this map reply WAITS for its rows
kf3: GSP rpc RmControl seq=373
kf3: act evict ctx: chan 0xc1d000f0:0x5c000037 GPU_EVICT_CTX: twin host 0x25 off the runlist, context UNBOUND (Some(CtxBind { initialized: 0, va_bound: 0, bound: false, promotes: 1, evicts: 1 })) (395 us, off the GSP lock)
kayfabe: HELD-REPLY-POSTED n=1 — their rows are on the host now
kayfabe: HELD-REPLY fn=RmControl depth=1 — this map reply WAITS for its rows
kf3: GSP rpc RmControl seq=374
kf3: act stop: 0xc1d000f0:0x5c000033 STOP_CHANNEL(bImmediate=false): twin host 0x24 disabled + preempted (DISABLE_CHANNELS) + off its runlist (GPFIFO_SCHEDULE false) (674 us, off the GSP lock)
kayfabe: HELD-REPLY-POSTED n=1 — their rows are on the host now
kayfabe: HELD-REPLY fn=RmControl depth=1 — this map reply WAITS for its rows
kf3: GSP rpc RmControl seq=375
kf3: act evict ctx: chan 0xc1d000f0:0x5c000033 GPU_EVICT_CTX: twin host 0x24 off the runlist, context UNBOUND (Some(CtxBind { initialized: 0, va_bound: 0, bound: false, promotes: 1, evicts: 1 })) (380 us, off the GSP lock)
kayfabe: HELD-REPLY-POSTED n=1 — their rows are on the host now
kayfabe: HELD-REPLY fn=RmControl depth=1 — this map reply WAITS for its rows
kf3: GSP rpc RmControl seq=376
kf3: act stop: 0xc1d000f0:0x5c00002f STOP_CHANNEL(bImmediate=false): twin host 0x23 disabled + preempted (DISABLE_CHANNELS) + off its runlist (GPFIFO_SCHEDULE false) (656 us, off the GSP lock)
kayfabe: HELD-REPLY-POSTED n=1 — their rows are on the host now
kayfabe: HELD-REPLY fn=RmControl depth=1 — this map reply WAITS for its rows
kf3: GSP rpc RmControl seq=377
kf3: act evict ctx: chan 0xc1d000f0:0x5c00002f GPU_EVICT_CTX: twin host 0x23 off the runlist, context UNBOUND (Some(CtxBind { initialized: 0, va_bound: 0, bound: false, promotes: 1, evicts: 1 })) (358 us, off the GSP lock)
kayfabe: HELD-REPLY-POSTED n=1 — their rows are on the host now
kayfabe: HELD-REPLY fn=RmControl depth=1 — this map reply WAITS for its rows
kf3: GSP rpc RmControl seq=378
kf3: act stop: 0xc1d000f0:0x5c00002b STOP_CHANNEL(bImmediate=false): twin host 0x22 disabled + preempted (DISABLE_CHANNELS) + off its runlist (GPFIFO_SCHEDULE false) (620 us, off the GSP lock)
kayfabe: HELD-REPLY-POSTED n=1 — their rows are on the host now
kayfabe: HELD-REPLY fn=RmControl depth=1 — this map reply WAITS for its rows
kf3: GSP rpc RmControl seq=379
kf3: act evict ctx: chan 0xc1d000f0:0x5c00002b GPU_EVICT_CTX: twin host 0x22 off the runlist, context UNBOUND (Some(CtxBind { initialized: 0, va_bound: 0, bound: false, promotes: 1, evicts: 1 })) (347 us, off the GSP lock)
kayfabe: HELD-REPLY-POSTED n=1 — their rows are on the host now
kayfabe: HELD-REPLY fn=RmControl depth=1 — this map reply WAITS for its rows
kf3: GSP rpc RmControl seq=380
kf3: act stop: 0xc1d000f0:0x5c000027 STOP_CHANNEL(bImmediate=false): twin host 0x21 disabled + preempted (DISABLE_CHANNELS) + off its runlist (GPFIFO_SCHEDULE false) (669 us, off the GSP lock)
kayfabe: HELD-REPLY-POSTED n=1 — their rows are on the host now
kayfabe: HELD-REPLY fn=RmControl depth=1 — this map reply WAITS for its rows
kf3: GSP rpc RmControl seq=381
kf3: act evict ctx: chan 0xc1d000f0:0x5c000027 GPU_EVICT_CTX: twin host 0x21 off the runlist, context UNBOUND (Some(CtxBind { initialized: 0, va_bound: 0, bound: false, promotes: 1, evicts: 1 })) (363 us, off the GSP lock)
kayfabe: HELD-REPLY-POSTED n=1 — their rows are on the host now
kayfabe: HELD-REPLY fn=RmControl depth=1 — this map reply WAITS for its rows
kf3: GSP rpc RmControl seq=382
kf3: act stop: 0xc1d000f0:0x5c000023 STOP_CHANNEL(bImmediate=false): twin host 0x20 disabled + preempted (DISABLE_CHANNELS) + off its runlist (GPFIFO_SCHEDULE false) (633 us, off the GSP lock)
kayfabe: HELD-REPLY-POSTED n=1 — their rows are on the host now
kayfabe: HELD-REPLY fn=RmControl depth=1 — this map reply WAITS for its rows
kf3: GSP rpc RmControl seq=383
kf3: act evict ctx: chan 0xc1d000f0:0x5c000023 GPU_EVICT_CTX: twin host 0x20 off the runlist, context UNBOUND (Some(CtxBind { initialized: 0, va_bound: 0, bound: false, promotes: 1, evicts: 1 })) (353 us, off the GSP lock)
kayfabe: HELD-REPLY-POSTED n=1 — their rows are on the host now
kayfabe: HELD-REPLY fn=RmControl depth=1 — this map reply WAITS for its rows
kf3: GSP rpc RmControl seq=384
kf3: act stop: 0xc1d000f0:0x5c00001f STOP_CHANNEL(bImmediate=false): twin host 0x1f disabled + preempted (DISABLE_CHANNELS) + off its runlist (GPFIFO_SCHEDULE false) (615 us, off the GSP lock)
kayfabe: HELD-REPLY-POSTED n=1 — their rows are on the host now
kayfabe: HELD-REPLY fn=RmControl depth=1 — this map reply WAITS for its rows
kf3: GSP rpc RmControl seq=385
kf3: act evict ctx: chan 0xc1d000f0:0x5c00001f GPU_EVICT_CTX: twin host 0x1f off the runlist, context UNBOUND (Some(CtxBind { initialized: 0, va_bound: 0, bound: false, promotes: 1, evicts: 1 })) (335 us, off the GSP lock)
kayfabe: HELD-REPLY-POSTED n=1 — their rows are on the host now
kayfabe: HELD-REPLY fn=RmControl depth=1 — this map reply WAITS for its rows
kf3: GSP rpc RmControl seq=386
kf3: act stop: 0xc1d000f0:0x5c000019 STOP_CHANNEL(bImmediate=false): twin host 0x1e disabled + preempted (DISABLE_CHANNELS) + off its runlist (GPFIFO_SCHEDULE false) (651 us, off the GSP lock)
kayfabe: HELD-REPLY-POSTED n=1 — their rows are on the host now
kayfabe: HELD-REPLY fn=RmControl depth=1 — this map reply WAITS for its rows
kf3: GSP rpc RmControl seq=387
kf3: act evict ctx: chan 0xc1d000f0:0x5c000019 GPU_EVICT_CTX: twin host 0x1e off the runlist, context UNBOUND (Some(CtxBind { initialized: 3591, va_bound: 0, bound: false, promotes: 2, evicts: 1 })) (339 us, off the GSP lock)
kayfabe: HELD-REPLY-POSTED n=1 — their rows are on the host now
kayfabe: HELD-REPLY fn=RmControl depth=1 — this map reply WAITS for its rows
kf3: GSP rpc RmControl seq=388
kayfabe: HELD-REPLY-POSTED n=1 — their rows are on the host now
kf3: GSP rpc Free seq=389
kf3: GSP rpc Free seq=390
kf3: GSP rpc Free seq=391
kf3: GSP rpc Free seq=392
kf3: GSP rpc Free seq=393
kf3: GSP rpc Free seq=394
kf3: GSP rpc Free seq=395
kf3: GSP rpc Free seq=396
kf3: GSP rpc Free seq=397
kf3: GSP rpc Free seq=398
kf3: GSP rpc Free seq=399
kf3: GSP rpc Free seq=400
kf3: GSP rpc Free seq=401
kf3: GSP rpc Free seq=402
kf3: GSP rpc Free seq=403
kf3: GSP rpc Free seq=404
kf3: GSP rpc Free seq=405
kf3: GSP rpc Free seq=406
kf3: GSP rpc Free seq=407
kf3: GSP rpc Free seq=408
kf3: GSP rpc Free seq=409
kf3: GSP rpc Free seq=410
kf3: GSP rpc Free seq=411
kf3: GSP rpc Free seq=412
kf3: GSP rpc Free seq=413
kf3: GSP rpc Free seq=414
kf3: GSP rpc Free seq=415
kf3: GSP rpc Free seq=416
kf3: GSP rpc Free seq=417
kf3: GSP rpc Free seq=418
kf3: GSP rpc Free seq=419
kf3: GSP rpc Free seq=420
kf3: GSP rpc Free seq=421
kf3: GSP rpc Free seq=422
kf3: GSP rpc Free seq=423
kf3: GSP rpc Free seq=424
kf3: GSP rpc Free seq=425
kf3: GSP rpc Free seq=426
kf3: GSP rpc Free seq=427
kf3: GSP rpc Free seq=428
kf3: GSP rpc Free seq=429
kf3: GSP rpc Free seq=430
kf3: GSP rpc Free seq=431
kayfabe: HELD-REPLY fn=Free depth=1 — this map reply WAITS for its rows
kf3: GSP rpc Free seq=432
kf3: DOORBELL-LEDGER tok=0x00001006 route=translated emulated=0 forwarded=1 host=0x1001d fast=0
kf3: chan token 0x1006 (host 0x1001d) RETIRED, forwarded=1 submissions=1 splits=0/0 serves=3 last_put=Some(1) gp_get=Some(1) store_views=1 privilege=Some(ChannelPrivilege { level: 2, uvm_owned: true }) dead=None
kf3: act free: 0xc1d0000a:0xcaf00ac8: translated host 0x1001d (3259 us, off the GSP lock)
kayfabe: HELD-REPLY-POSTED n=1 — their rows are on the host now
kf3: GSP rpc Free seq=433
kf3: GSP rpc Free seq=434
kayfabe: HELD-REPLY fn=Free depth=1 — this map reply WAITS for its rows
kf3: GSP rpc Free seq=435
kf3: DOORBELL-LEDGER tok=0x00001005 route=translated emulated=0 forwarded=81 host=0x1001c fast=0
kf3: chan token 0x1005 (host 0x1001c) RETIRED, forwarded=81 submissions=81 splits=0/0 serves=255 last_put=Some(81) gp_get=Some(81) store_views=1 privilege=Some(ChannelPrivilege { level: 2, uvm_owned: true }) dead=None
kf3: act free: 0xc1d0000a:0xcaf00abd: translated host 0x1001c (2776 us, off the GSP lock)
kayfabe: HELD-REPLY-POSTED n=1 — their rows are on the host now
kf3: GSP rpc Free seq=436
kf3: GSP rpc Free seq=437
kf3: GSP rpc Free seq=438
kayfabe: HELD-REPLY fn=Free depth=1 — this map reply WAITS for its rows
kf3: GSP rpc Free seq=439
kf3: DOORBELL-LEDGER tok=0x00000804 route=translated emulated=0 forwarded=1 host=0x1001b fast=0
kf3: chan token 0x804 (host 0x1001b) RETIRED, forwarded=1 submissions=1 splits=0/0 serves=2 last_put=Some(1) gp_get=Some(1) store_views=1 privilege=Some(ChannelPrivilege { level: 2, uvm_owned: true }) dead=None
kf3: act free: 0xc1d0000a:0xcaf00ab2: translated host 0x1001b (2996 us, off the GSP lock)
kayfabe: HELD-REPLY-POSTED n=1 — their rows are on the host now
kf3: GSP rpc Free seq=440
kf3: GSP rpc Free seq=441
kayfabe: HELD-REPLY fn=Free depth=1 — this map reply WAITS for its rows
kf3: GSP rpc Free seq=442
kf3: DOORBELL-LEDGER tok=0x00000803 route=translated emulated=0 forwarded=657 host=0x1001a fast=0
kf3: chan token 0x803 (host 0x1001a) RETIRED, forwarded=657 submissions=1041 splits=386/386 serves=2068 last_put=Some(657) gp_get=Some(657) store_views=1 privilege=Some(ChannelPrivilege { level: 2, uvm_owned: true }) dead=None
kf3: act free: 0xc1d0000a:0xcaf00aa7: translated host 0x1001a (2871 us, off the GSP lock)
kayfabe: HELD-REPLY-POSTED n=1 — their rows are on the host now
kf3: GSP rpc Free seq=443
kayfabe: HELD-REPLY fn=RmControl depth=1 — this map reply WAITS for its rows
kf3: GSP rpc RmControl seq=444
kayfabe: HELD-REPLY-POSTED n=1 — their rows are on the host now
kf3: GSP rpc Free seq=445
kf3: GSP rpc RmControl seq=446
kf3: GSP rpc UNSERVICED Unserviced { code: 76, sequence: 446 }
kf3: GSP rpc RmControl seq=447
kf3: GSP rpc UNSERVICED Unserviced { code: 76, sequence: 447 }
kf3: GSP rpc RmControl seq=448
kf3: GSP rpc UNSERVICED Unserviced { code: 76, sequence: 448 }
kf3: GSP rpc Free seq=449
kf3: GSP rpc Free seq=450
kf3: GSP rpc Free seq=451
kayfabe: HELD-REPLY fn=Free depth=1 — this map reply WAITS for its rows
kf3: GSP rpc Free seq=452
kf3: act free: 0xc1d000f0:0x5c000039: engine object host 0xcafe0899 freed (620 us, off the GSP lock)
kayfabe: HELD-REPLY-POSTED n=1 — their rows are on the host now
kayfabe: HELD-REPLY fn=Free depth=1 — this map reply WAITS for its rows
kf3: GSP rpc Free seq=453
kf3: act free: 0xc1d000f0:0x5c000038: engine object host 0xcafe0898 freed (526 us, off the GSP lock)
kayfabe: HELD-REPLY-POSTED n=1 — their rows are on the host now
kayfabe: HELD-REPLY fn=Free depth=1 — this map reply WAITS for its rows
kf3: GSP rpc Free seq=454
kf3: DOORBELL-LEDGER tok=0x0000000e route=passthrough rung=1 emulated=0 forwarded=1 host=0x25 trap=1 fast=0
kf3: act free: 0xc1d000f0:0x5c000037: passthrough 0xc1d000f0:0x5c000037 token 0xe host 0x25 objects=0 ctx=CtxBind { initialized: 0, va_bound: 0, bound: false, promotes: 1, evicts: 1 } freed (1129 us, off the GSP lock)
kayfabe: HELD-REPLY-POSTED n=1 — their rows are on the host now
kayfabe: HELD-REPLY fn=Free depth=1 — this map reply WAITS for its rows
kf3: GSP rpc Free seq=455
kf3: act free: 0xc1d000f0:0x5c000035: engine object host 0xcafe0894 freed (468 us, off the GSP lock)
kayfabe: HELD-REPLY-POSTED n=1 — their rows are on the host now
kayfabe: HELD-REPLY fn=Free depth=1 — this map reply WAITS for its rows
kf3: GSP rpc Free seq=456
kf3: act free: 0xc1d000f0:0x5c000034: engine object host 0xcafe0893 freed (490 us, off the GSP lock)
kayfabe: HELD-REPLY-POSTED n=1 — their rows are on the host now
kayfabe: HELD-REPLY fn=Free depth=1 — this map reply WAITS for its rows
kf3: GSP rpc Free seq=457
kf3: DOORBELL-LEDGER tok=0x0000000d route=passthrough rung=1 emulated=0 forwarded=1 host=0x24 trap=1 fast=0
kf3: act free: 0xc1d000f0:0x5c000033: passthrough 0xc1d000f0:0x5c000033 token 0xd host 0x24 objects=0 ctx=CtxBind { initialized: 0, va_bound: 0, bound: false, promotes: 1, evicts: 1 } freed (826 us, off the GSP lock)
kayfabe: HELD-REPLY-POSTED n=1 — their rows are on the host now
kayfabe: HELD-REPLY fn=Free depth=1 — this map reply WAITS for its rows
kf3: GSP rpc Free seq=458
kf3: act free: 0xc1d000f0:0x5c000031: engine object host 0xcafe088f freed (453 us, off the GSP lock)
kayfabe: HELD-REPLY-POSTED n=1 — their rows are on the host now
kayfabe: HELD-REPLY fn=Free depth=1 — this map reply WAITS for its rows
kf3: GSP rpc Free seq=459
kf3: act free: 0xc1d000f0:0x5c000030: engine object host 0xcafe088e freed (498 us, off the GSP lock)
kayfabe: HELD-REPLY-POSTED n=1 — their rows are on the host now
kayfabe: HELD-REPLY fn=Free depth=1 — this map reply WAITS for its rows
kf3: GSP rpc Free seq=460
kf3: DOORBELL-LEDGER tok=0x0000000c route=passthrough rung=1 emulated=0 forwarded=1 host=0x23 trap=1 fast=0
kf3: act free: 0xc1d000f0:0x5c00002f: passthrough 0xc1d000f0:0x5c00002f token 0xc host 0x23 objects=0 ctx=CtxBind { initialized: 0, va_bound: 0, bound: false, promotes: 1, evicts: 1 } freed (991 us, off the GSP lock)
kayfabe: HELD-REPLY-POSTED n=1 — their rows are on the host now
kayfabe: HELD-REPLY fn=Free depth=1 — this map reply WAITS for its rows
kf3: GSP rpc Free seq=461
kf3: act free: 0xc1d000f0:0x5c00002d: engine object host 0xcafe088a freed (517 us, off the GSP lock)
kayfabe: HELD-REPLY-POSTED n=1 — their rows are on the host now
kayfabe: HELD-REPLY fn=Free depth=1 — this map reply WAITS for its rows
kf3: GSP rpc Free seq=462
kf3: act free: 0xc1d000f0:0x5c00002c: engine object host 0xcafe0889 freed (514 us, off the GSP lock)
kayfabe: HELD-REPLY-POSTED n=1 — their rows are on the host now
kayfabe: HELD-REPLY fn=Free depth=1 — this map reply WAITS for its rows
kf3: GSP rpc Free seq=463
kf3: DOORBELL-LEDGER tok=0x0000000b route=passthrough rung=2 emulated=0 forwarded=2 host=0x22 trap=2 fast=0
kf3: act free: 0xc1d000f0:0x5c00002b: passthrough 0xc1d000f0:0x5c00002b token 0xb host 0x22 objects=0 ctx=CtxBind { initialized: 0, va_bound: 0, bound: false, promotes: 1, evicts: 1 } freed (933 us, off the GSP lock)
kayfabe: HELD-REPLY-POSTED n=1 — their rows are on the host now
kayfabe: HELD-REPLY fn=Free depth=1 — this map reply WAITS for its rows
kf3: GSP rpc Free seq=464
kf3: act free: 0xc1d000f0:0x5c000029: engine object host 0xcafe0885 freed (439 us, off the GSP lock)
kayfabe: HELD-REPLY-POSTED n=1 — their rows are on the host now
kayfabe: HELD-REPLY fn=Free depth=1 — this map reply WAITS for its rows
kf3: GSP rpc Free seq=465
kf3: act free: 0xc1d000f0:0x5c000028: engine object host 0xcafe0884 freed (527 us, off the GSP lock)
kayfabe: HELD-REPLY-POSTED n=1 — their rows are on the host now
kayfabe: HELD-REPLY fn=Free depth=1 — this map reply WAITS for its rows
kf3: GSP rpc Free seq=466
kf3: DOORBELL-LEDGER tok=0x0000000a route=passthrough rung=121 emulated=0 forwarded=121 host=0x21 trap=121 fast=0
kf3: act free: 0xc1d000f0:0x5c000027: passthrough 0xc1d000f0:0x5c000027 token 0xa host 0x21 objects=0 ctx=CtxBind { initialized: 0, va_bound: 0, bound: false, promotes: 1, evicts: 1 } freed (928 us, off the GSP lock)
kayfabe: HELD-REPLY-POSTED n=1 — their rows are on the host now
kayfabe: HELD-REPLY fn=Free depth=1 — this map reply WAITS for its rows
kf3: GSP rpc Free seq=467
kf3: act free: 0xc1d000f0:0x5c000025: engine object host 0xcafe0880 freed (431 us, off the GSP lock)
kayfabe: HELD-REPLY-POSTED n=1 — their rows are on the host now
kayfabe: HELD-REPLY fn=Free depth=1 — this map reply WAITS for its rows
kf3: GSP rpc Free seq=468
kf3: act free: 0xc1d000f0:0x5c000024: engine object host 0xcafe087f freed (485 us, off the GSP lock)
kayfabe: HELD-REPLY-POSTED n=1 — their rows are on the host now
kayfabe: HELD-REPLY fn=Free depth=1 — this map reply WAITS for its rows
kf3: GSP rpc Free seq=469
kf3: DOORBELL-LEDGER tok=0x00000009 route=passthrough rung=59 emulated=0 forwarded=59 host=0x20 trap=59 fast=0
kf3: act free: 0xc1d000f0:0x5c000023: passthrough 0xc1d000f0:0x5c000023 token 0x9 host 0x20 objects=0 ctx=CtxBind { initialized: 0, va_bound: 0, bound: false, promotes: 1, evicts: 1 } freed (791 us, off the GSP lock)
kayfabe: HELD-REPLY-POSTED n=1 — their rows are on the host now
kayfabe: HELD-REPLY fn=Free depth=1 — this map reply WAITS for its rows
kf3: GSP rpc Free seq=470
kf3: act free: 0xc1d000f0:0x5c000021: engine object host 0xcafe087b freed (416 us, off the GSP lock)
kayfabe: HELD-REPLY-POSTED n=1 — their rows are on the host now
kayfabe: HELD-REPLY fn=Free depth=1 — this map reply WAITS for its rows
kf3: GSP rpc Free seq=471
kf3: act free: 0xc1d000f0:0x5c000020: engine object host 0xcafe087a freed (481 us, off the GSP lock)
kayfabe: HELD-REPLY-POSTED n=1 — their rows are on the host now
kayfabe: HELD-REPLY fn=Free depth=1 — this map reply WAITS for its rows
kf3: GSP rpc Free seq=472
kf3: DOORBELL-LEDGER tok=0x00000008 route=passthrough rung=2 emulated=0 forwarded=2 host=0x1f trap=2 fast=0
kf3: act free: 0xc1d000f0:0x5c00001f: passthrough 0xc1d000f0:0x5c00001f token 0x8 host 0x1f objects=0 ctx=CtxBind { initialized: 0, va_bound: 0, bound: false, promotes: 1, evicts: 1 } freed (787 us, off the GSP lock)
kayfabe: HELD-REPLY-POSTED n=1 — their rows are on the host now
kayfabe: HELD-REPLY fn=Free depth=1 — this map reply WAITS for its rows
kf3: GSP rpc Free seq=473
kf3: act free: 0xc1d000f0:0x5c00001b: engine object host 0xcafe0875 freed (425 us, off the GSP lock)
kayfabe: HELD-REPLY-POSTED n=1 — their rows are on the host now
kf3: GSP rpc Free seq=474
kf3: GSP rpc Free seq=475
kf3: GSP rpc Free seq=476
kf3: GSP rpc Free seq=477
kf3: GSP rpc Free seq=478
kf3: GSP rpc Free seq=479
kf3: GSP rpc Free seq=480
kayfabe: HELD-REPLY fn=Free depth=1 — this map reply WAITS for its rows
kf3: GSP rpc Free seq=481
kf3: act free: 0xc1d000f0:0x5c00001a: debugger session host 0xcafe08c5 freed; engine object host 0xcafe0874 freed (2016 us, off the GSP lock)
kayfabe: HELD-REPLY-POSTED n=1 — their rows are on the host now
kayfabe: HELD-REPLY fn=Free depth=1 — this map reply WAITS for its rows
kf3: GSP rpc Free seq=482
kf3: DOORBELL-LEDGER tok=0x00000007 route=passthrough rung=130 emulated=0 forwarded=130 host=0x1e trap=130 fast=0
kf3: act free: 0xc1d000f0:0x5c000019: passthrough 0xc1d000f0:0x5c000019 token 0x7 host 0x1e objects=0 ctx=CtxBind { initialized: 3591, va_bound: 0, bound: false, promotes: 2, evicts: 1 } freed (2565 us, off the GSP lock)
kayfabe: HELD-REPLY-POSTED n=1 — their rows are on the host now
kf3: GSP rpc Free seq=483
kf3: GSP rpc Free seq=484
kayfabe: HELD-REPLY fn=Free depth=1 — this map reply WAITS for its rows
kf3: GSP rpc Free seq=485
kf3: act free: 0xc1d000f0:0x5c000047: engine object host 0xcafe08aa freed (590 us, off the GSP lock)
kayfabe: HELD-REPLY-POSTED n=1 — their rows are on the host now
kayfabe: HELD-REPLY fn=Free depth=1 — this map reply WAITS for its rows
kf3: GSP rpc Free seq=486
kf3: DOORBELL-LEDGER tok=0x00000812 route=passthrough rung=1 emulated=0 forwarded=1 host=0x10029 trap=1 fast=0
kf3: act free: 0xc1d000f0:0x5c000046: passthrough 0xc1d000f0:0x5c000046 token 0x812 host 0x10029 objects=0 ctx=CtxBind { initialized: 0, va_bound: 0, bound: false, promotes: 0, evicts: 0 } freed (1014 us, off the GSP lock)
kayfabe: HELD-REPLY-POSTED n=1 — their rows are on the host now
kayfabe: HELD-REPLY fn=Free depth=1 — this map reply WAITS for its rows
kf3: GSP rpc Free seq=487
kf3: act free: 0xc1d000f0:0x5c000044: engine object host 0xcafe08a6 freed (456 us, off the GSP lock)
kayfabe: HELD-REPLY-POSTED n=1 — their rows are on the host now
kayfabe: HELD-REPLY fn=Free depth=1 — this map reply WAITS for its rows
kf3: GSP rpc Free seq=488
kf3: DOORBELL-LEDGER tok=0x00000811 route=passthrough rung=1 emulated=0 forwarded=1 host=0x10028 trap=1 fast=0
kf3: act free: 0xc1d000f0:0x5c000043: passthrough 0xc1d000f0:0x5c000043 token 0x811 host 0x10028 objects=0 ctx=CtxBind { initialized: 0, va_bound: 0, bound: false, promotes: 0, evicts: 0 } freed (866 us, off the GSP lock)
kayfabe: HELD-REPLY-POSTED n=1 — their rows are on the host now
kayfabe: HELD-REPLY fn=Free depth=1 — this map reply WAITS for its rows
kf3: GSP rpc Free seq=489
kf3: act free: 0xc1d000f0:0x5c000041: engine object host 0xcafe08a2 freed (436 us, off the GSP lock)
kayfabe: HELD-REPLY-POSTED n=1 — their rows are on the host now
kayfabe: HELD-REPLY fn=Free depth=1 — this map reply WAITS for its rows
kf3: GSP rpc Free seq=490
kf3: DOORBELL-LEDGER tok=0x00000810 route=passthrough rung=1 emulated=0 forwarded=1 host=0x10027 trap=1 fast=0
kf3: act free: 0xc1d000f0:0x5c000040: passthrough 0xc1d000f0:0x5c000040 token 0x810 host 0x10027 objects=0 ctx=CtxBind { initialized: 0, va_bound: 0, bound: false, promotes: 0, evicts: 0 } freed (840 us, off the GSP lock)
kayfabe: HELD-REPLY-POSTED n=1 — their rows are on the host now
kayfabe: HELD-REPLY fn=Free depth=1 — this map reply WAITS for its rows
kf3: GSP rpc Free seq=491
kf3: act free: 0xc1d000f0:0x5c00003e: engine object host 0xcafe089e freed (427 us, off the GSP lock)
kayfabe: HELD-REPLY-POSTED n=1 — their rows are on the host now
kayfabe: HELD-REPLY fn=Free depth=1 — this map reply WAITS for its rows
kf3: GSP rpc Free seq=492
kf3: DOORBELL-LEDGER tok=0x0000080f route=passthrough rung=96 emulated=0 forwarded=96 host=0x10026 trap=96 fast=0
kf3: act free: 0xc1d000f0:0x5c00003d: passthrough 0xc1d000f0:0x5c00003d token 0x80f host 0x10026 objects=0 ctx=CtxBind { initialized: 0, va_bound: 0, bound: false, promotes: 0, evicts: 0 } freed (1620 us, off the GSP lock)
kayfabe: HELD-REPLY-POSTED n=1 — their rows are on the host now
kf3: GSP rpc Free seq=493
kayfabe: HELD-REPLY fn=Free depth=1 — this map reply WAITS for its rows
kf3: GSP rpc Free seq=494
kf3: act free: 0xc1d000f0:0x5c000055: engine object host 0xcafe08bb freed (480 us, off the GSP lock)
kayfabe: HELD-REPLY-POSTED n=1 — their rows are on the host now
kayfabe: HELD-REPLY fn=Free depth=1 — this map reply WAITS for its rows
kf3: GSP rpc Free seq=495
kf3: DOORBELL-LEDGER tok=0x00001016 route=passthrough rung=1 emulated=0 forwarded=1 host=0x2002d trap=1 fast=0
kf3: act free: 0xc1d000f0:0x5c000054: passthrough 0xc1d000f0:0x5c000054 token 0x1016 host 0x2002d objects=0 ctx=CtxBind { initialized: 0, va_bound: 0, bound: false, promotes: 0, evicts: 0 } freed (888 us, off the GSP lock)
kayfabe: HELD-REPLY-POSTED n=1 — their rows are on the host now
kayfabe: HELD-REPLY fn=Free depth=1 — this map reply WAITS for its rows
kf3: GSP rpc Free seq=496
kf3: act free: 0xc1d000f0:0x5c000052: engine object host 0xcafe08b7 freed (415 us, off the GSP lock)
kayfabe: HELD-REPLY-POSTED n=1 — their rows are on the host now
kayfabe: HELD-REPLY fn=Free depth=1 — this map reply WAITS for its rows
kf3: GSP rpc Free seq=497
kf3: DOORBELL-LEDGER tok=0x00001015 route=passthrough rung=1 emulated=0 forwarded=1 host=0x2002c trap=1 fast=0
kf3: act free: 0xc1d000f0:0x5c000051: passthrough 0xc1d000f0:0x5c000051 token 0x1015 host 0x2002c objects=0 ctx=CtxBind { initialized: 0, va_bound: 0, bound: false, promotes: 0, evicts: 0 } freed (729 us, off the GSP lock)
kayfabe: HELD-REPLY-POSTED n=1 — their rows are on the host now
kayfabe: HELD-REPLY fn=Free depth=1 — this map reply WAITS for its rows
kf3: GSP rpc Free seq=498
kf3: act free: 0xc1d000f0:0x5c00004f: engine object host 0xcafe08b3 freed (434 us, off the GSP lock)
kayfabe: HELD-REPLY-POSTED n=1 — their rows are on the host now
kayfabe: HELD-REPLY fn=Free depth=1 — this map reply WAITS for its rows
kf3: GSP rpc Free seq=499
kf3: DOORBELL-LEDGER tok=0x00001014 route=passthrough rung=1 emulated=0 forwarded=1 host=0x2002b trap=1 fast=0
kf3: act free: 0xc1d000f0:0x5c00004e: passthrough 0xc1d000f0:0x5c00004e token 0x1014 host 0x2002b objects=0 ctx=CtxBind { initialized: 0, va_bound: 0, bound: false, promotes: 0, evicts: 0 } freed (723 us, off the GSP lock)
kayfabe: HELD-REPLY-POSTED n=1 — their rows are on the host now
kayfabe: HELD-REPLY fn=Free depth=1 — this map reply WAITS for its rows
kf3: GSP rpc Free seq=500
kf3: act free: 0xc1d000f0:0x5c00004c: engine object host 0xcafe08af freed (413 us, off the GSP lock)
kayfabe: HELD-REPLY-POSTED n=1 — their rows are on the host now
kayfabe: HELD-REPLY fn=Free depth=1 — this map reply WAITS for its rows
kf3: GSP rpc Free seq=501
kf3: DOORBELL-LEDGER tok=0x00001013 route=passthrough rung=47 emulated=0 forwarded=47 host=0x2002a trap=47 fast=0
kf3: act free: 0xc1d000f0:0x5c00004b: passthrough 0xc1d000f0:0x5c00004b token 0x1013 host 0x2002a objects=0 ctx=CtxBind { initialized: 0, va_bound: 0, bound: false, promotes: 0, evicts: 0 } freed (1528 us, off the GSP lock)
kayfabe: HELD-REPLY-POSTED n=1 — their rows are on the host now
kf3: GSP rpc Free seq=502
kf3: GSP rpc Free seq=503
kf3: GSP rpc Free seq=504
kf3: GSP rpc Free seq=505
kf3: GSP rpc Free seq=506
kf3: GSP rpc Free seq=507
kf3: GSP rpc Free seq=508
kf3: GSP rpc Free seq=509
kf3: GSP rpc Free seq=510
kayfabe: HELD-REPLY fn=RmControl depth=1 — this map reply WAITS for its rows
kf3: GSP rpc RmControl seq=511
kayfabe: HELD-REPLY-POSTED n=1 — their rows are on the host now
kayfabe: HELD-REPLY fn=RmControl depth=1 — this map reply WAITS for its rows
kf3: GSP rpc RmControl seq=512
kayfabe: HELD-REPLY-POSTED n=1 — their rows are on the host now
kayfabe: HELD-REPLY fn=Free depth=1 — this map reply WAITS for its rows
kf3: GSP rpc Free seq=513
kf3: act free: 0xc1d000f0:0x5c000002: host CUDA limit off (ok) (267 us, off the GSP lock)
kayfabe: HELD-REPLY-POSTED n=1 — their rows are on the host now
kf3: GSP rpc Free seq=514
kf3: GSP rpc Free seq=515
kayfabe: HELD-REPLY fn=Free depth=1 — this map reply WAITS for its rows
kf3: GSP rpc Free seq=516
kf3: DOORBELL-LEDGER tok=0x00000802 route=translated emulated=0 forwarded=2 host=0x10019 fast=0
kf3: chan token 0x802 (host 0x10019) RETIRED, forwarded=2 submissions=2 splits=0/0 serves=5 last_put=Some(2) gp_get=Some(2) store_views=0 privilege=Some(ChannelPrivilege { level: 2, uvm_owned: false }) dead=None
kf3: act free: 0xc1e000f5:0x2: translated host 0x10019 (2326 us, off the GSP lock)
kayfabe: HELD-REPLY-POSTED n=1 — their rows are on the host now
kf3: GSP rpc Free seq=517
kf3: GSP rpc Free seq=518
kf3: GSP rpc Free seq=519
kf3: GSP rpc Free seq=520
kf3: GSP rpc Free seq=521
kf3: GSP rpc Free seq=522
kayfabe: HELD-REPLY fn=Free depth=1 — this map reply WAITS for its rows
kf3: GSP rpc Free seq=523
kf3: DOORBELL-LEDGER tok=0x00000801 route=translated emulated=0 forwarded=53 host=0x10018 fast=0
kf3: chan token 0x801 (host 0x10018) RETIRED, forwarded=53 submissions=53 splits=0/0 serves=83 last_put=Some(53) gp_get=Some(53) store_views=0 privilege=Some(ChannelPrivilege { level: 2, uvm_owned: false }) dead=None
kf3: act free: 0xc1e000f4:0x2: translated host 0x10018 (2863 us, off the GSP lock)
kayfabe: HELD-REPLY-POSTED n=1 — their rows are on the host now
kf3: GSP rpc Free seq=524
kf3: GSP rpc Free seq=525
kf3: GSP rpc Free seq=526
kf3: GSP rpc Free seq=527
kayfabe: HELD-REPLY fn=RmControl depth=1 — this map reply WAITS for its rows
kf3: GSP rpc RmControl seq=528
kayfabe: HELD-REPLY-POSTED n=1 — their rows are on the host now
kf3: GSP rpc RmControl seq=529
kf3: mem t=228.536s the guest wrote NV_PBUS_BAR1_BLOCK = 0x0 (MODE PHYSICAL) at GSP phase Running
kf3: GSP rpc Free seq=530
kf3: GSP rpc Free seq=531
kf3: GSP rpc Free seq=532
kf3: GSP rpc Free seq=533
kf3: GSP rpc Free seq=534
kf3: GSP rpc Free seq=535
kf3: GSP rpc RmControl seq=536
kf3: GSP rpc UNSERVICED Unserviced { code: 76, sequence: 536 }
kayfabe: HELD-REPLY fn=UpdateBarPde depth=1 — this map reply WAITS for its rows
kf3: GSP rpc UpdateBarPde seq=537
kayfabe: HELD-REPLY-POSTED n=1 — their rows are on the host now
kf3: GSP rpc Free seq=538
kf3: GSP rpc Free seq=539
kf3: GSP rpc Free seq=540
kf3: GSP rpc Free seq=541
kf3: GSP rpc RmControl seq=542
kf3: GSP rpc UNSERVICED Unserviced { code: 76, sequence: 542 }
kf3: GSP rpc UnloadingGuestDriver seq=543
kf3: GSP fn 47 UNLOADING_GUEST_DRIVER seq=543: bInPMTransition=false bGc6Entering=false newLevel=0 — the guest's RM gives BAR1 up
kf3: GSP phase Running -> Suspending
kf3: GSP phase Suspending -> Halted
kf3: family=Ampere phase=Halted trapped=172658 applied=31151 refused=42 serviced=10211 ram_refused=0 unshadowed_writes=2 read_exits=0 last_off=0x110100 mem[inval=4225 walks=6921/6921 cleared=4225 superseded=0 named_missed=93 unreconciled=0 mapped=91856 unmapped=10488 clipped=0x0 held=0 vmm_overlaps=0 priv_withheld=0 priv_withheld_bytes=0x0 priv_mirrored=126 sked=19/0held fn70=42 roots=158 root_moves=18 stmts=459/459 refused=0 pramin_repoints=422 pramin_miss=0 last_miss=0x0 pramin_worst_us=759 (map 509 mmap 274) pramin_maps=422 pramin_mmaps=422 pramin_kept=0 pramin_kept_now=0 window_advice_refused=0 inline_opens=0 reaped=421 cache_ops=38 sysmembars=82 root_unsets=37] mirrors=4 reused=136 prewarmed=3 mirror_avg_us=559920 mirror_max_us=609822 vat[invals=49 arrive->clear_avg_us=2033 max_us=214626 walks=288 walk_avg_us=455 gpu_avg_us=186 plan_avg_us=0 apply_avg_us=467 leaves=81 host_calls=588] chan[births=114 pt_births=304 acts=2529/0refused worst_act_us=5236 nsi=[GR0:7074/2869raised CE2:7589/5504raised CE3:23/23raised] served=18366 parks=43480 host_rings=11377 contended=0 poisoned=0 tokens=[]] views[armed=2761 released=2759 refused=0 held=2] rc[armed=304 unarmed=0 wakes=2 seen=16 posted=16] irq[writes=116517 raised=8323 held=111 oor=0] dbfast[off regs=0 placed=0/0 sites=0 doorbells=0 wakes=0 rang=0 handed=0 absorbed=0 refused(budget=0 kvm=0 enospc=0 eexist=0 fd=0) deassign_failed=0 ack_timeouts=0 double=0 stale=0 empty=0 polls=0/0 max_batch=0 wake_to_deliver[n=0 p50=0.0us p99=0.0us max=0.0us] ack_wait[n=0 p50=0.0us p99=0.0us max=0.0us]] unserviced=[0x20800a87,0x20800a4b,0x20800afe,0x20800aff,0x20800a80,0x20802a0f,0x2080017e,0x20800a30,0x20800a2e,0x20800b03,0x20800b05,0x20800a3f,0x2080012b,0x2080013f,0x00800294,0x20810108,0x20810110,0x2080014b,0x20800157,0x20801357,0x2080852e,0x20808513,0x20802068,0x2080a618,0x2080a612,0x2080a097,0x20800a38,0x2080012f,0x20802a12,0x20800ab8,0x20800a9a,0x20800a9e,0x20800a9c,0x20800a1e,0x83de030c] gsp_refusals[total=791 distinct=38 [fn76/0x20800a87=0x56x21 fn76/0x20800a4b=0x56x21 fn76/0x20800afe=0x56x42 fn76/0x20800aff=0x56x25 fn76/0x20800a80=0x56x42 fn76/0x20802a0f=0x56x21 fn76/0x2080017e=0x56x21 fn76/0x20800a30=0x56x21 fn76/0x20800a2e=0x56x21 fn76/0x20800b03=0x56x21 fn76/0x20800b05=0x56x21 fn76/0x20800a3f=0x56x21 fn76/0x2080012b=0x56x21 fn76/0x2080013f=0x56x21 fn103/0x0000c36f=0x56x21 fn103/0x0000402c=0x56x21 fn76/0x00800294=0x56x2 fn76/0x20810108=0x56x21 fn76/0x20810110=0x56x4 fn76/0x2080014b=0x56x10 fn76/0x20800157=0x56x2 fn76/0x20801357=0x56x2 fn76/0x2080852e=0x56x2 fn76/0x20808513=0x56x2 fn76/0x20802068=0x56x2 fn76/0x2080a618=0x56x2 fn76/0x2080a612=0x56x2 fn76/0x2080a097=0x56x2 fn103/0x0000208f=0x56x2 fn76/0x20800a38=0x56x21 fn76/0x2080012f=0x56x37 fn76/0x20802a12=0x56x220 fn76/0x20800ab8=0x56x1 fn76/0x20800a9a=0x56x19 fn76/0x20800a9e=0x56x18 fn76/0x20800a9c=0x56x18 fn76/0x20800a1e=0x56x18 fn76/0x83de030c=0x56x2]]
