kf3: family=Ampere phase=Halted trapped=14464 applied=5008 refused=8 serviced=1053 ram_refused=0 unshadowed_writes=2 read_exits=0 last_off=0x110100 mem[inval=545 walks=662/662 cleared=545 superseded=0 named_missed=8 unreconciled=0 mapped=2179 unmapped=759 clipped=0x0 held=0 vmm_overlaps=0 priv_withheld=0 priv_withheld_bytes=0x0 priv_mirrored=24 sked=1/0held fn70=8 roots=20 root_moves=1 stmts=62/62 refused=0 pramin_repoints=82 pramin_miss=0 last_miss=0x0 pramin_worst_us=759 (map 509 mmap 246) pramin_maps=82 pramin_mmaps=82 pramin_kept=0 pramin_kept_now=0 window_advice_refused=0 inline_opens=0 reaped=81 cache_ops=2 sysmembars=13 root_unsets=2] mirrors=2 reused=17 prewarmed=3 mirror_avg_us=537125 mirror_max_us=552795 vat[invals=0 arrive->clear_avg_us=0 max_us=203758 walks=0 walk_avg_us=0 gpu_avg_us=0 plan_avg_us=0 apply_avg_us=0 leaves=81 host_calls=0] chan[births=12 pt_births=16 acts=145/0refused worst_act_us=5232 nsi=[GR0:664/114raised CE2:325/223raised] served=754 parks=6698 host_rings=425 contended=0 poisoned=0 tokens=[]] views[armed=393 released=391 refused=0 held=2] rc[armed=16 unarmed=0 wakes=0 seen=0 posted=0] irq[writes=7341 raised=333 held=8 oor=0] dbfast[off regs=0 placed=0/0 sites=0 doorbells=0 wakes=0 rang=0 handed=0 absorbed=0 refused(budget=0 kvm=0 enospc=0 eexist=0 fd=0) deassign_failed=0 ack_timeouts=0 double=0 stale=0 empty=0 polls=0/0 max_batch=0 wake_to_deliver[n=0 p50=0.0us p99=0.0us max=0.0us] ack_wait[n=0 p50=0.0us p99=0.0us max=0.0us]] unserviced=[0x20800a87,0x20800a4b,0x20800afe,0x20800aff,0x20800a80,0x20802a0f,0x2080017e,0x20800a30,0x20800a2e,0x20800b03,0x20800b05,0x20800a3f,0x2080012b,0x2080013f,0x00800294,0x20810108,0x20810110,0x2080014b,0x20800157,0x20801357,0x2080852e,0x20808513,0x20802068,0x2080a618,0x2080a612,0x2080a097,0x20800a38,0x2080012f,0x20802a12,0x20800ab8,0x20800a9a,0x20800a9e,0x20800a9c,0x20800a1e] gsp_refusals[total=136 distinct=37 [fn76/0x20800a87=0x56x4 fn76/0x20800a4b=0x56x4 fn76/0x20800afe=0x56x8 fn76/0x20800aff=0x56x8 fn76/0x20800a80=0x56x8 fn76/0x20802a0f=0x56x4 fn76/0x2080017e=0x56x4 fn76/0x20800a30=0x56x4 fn76/0x20800a2e=0x56x4 fn76/0x20800b03=0x56x4 fn76/0x20800b05=0x56x4 fn76/0x20800a3f=0x56x4 fn76/0x2080012b=0x56x4 fn76/0x2080013f=0x56x4 fn103/0x0000c36f=0x56x4 fn103/0x0000402c=0x56x4 fn76/0x00800294=0x56x2 fn76/0x20810108=0x56x3 fn76/0x20810110=0x56x4 fn76/0x2080014b=0x56x10 fn76/0x20800157=0x56x2 fn76/0x20801357=0x56x2 fn76/0x2080852e=0x56x2 fn76/0x20808513=0x56x2 fn76/0x20802068=0x56x2 fn76/0x2080a618=0x56x2 fn76/0x2080a612=0x56x2 fn76/0x2080a097=0x56x2 fn103/0x0000208f=0x56x2 fn76/0x20800a38=0x56x4 fn76/0x2080012f=0x56x2 fn76/0x20802a12=0x56x12 fn76/0x20800ab8=0x56x1 fn76/0x20800a9a=0x56x1 fn76/0x20800a9e=0x56x1 fn76/0x20800a9c=0x56x1 fn76/0x20800a1e=0x56x1]]
kf3: GSP command service REFUSED: QueueNotBound
kf3: GSP command service REFUSED: QueueNotBound
kf3: GSP phase Halted -> ProtectedRegionUp
kf3: GSP WPR2 up at the guest's FWSEC-FRTS command: frts_offset=0x1ffe00000 → served WPR2_ADDR_LO=Some(Ok("0x1ffe000"))
kayfabe: GSP-PUBLISH gpa=0x12b400000 gpa_same=false seq_last=Some(1) cmd_seq=521 ⇒ same_instance=false
kf3: GSP rpc GspSetSystemInfo seq=0
kf3: GSP rpc SetRegistry seq=0
kf3: GSP phase ProtectedRegionUp -> Booted
kf3: GSP rpc SetGuestSystemInfo seq=0
kf3: GSP phase Booted -> Running
kf3: GSP rpc GetGspStaticInfo seq=1
kf3: GSP rpc InitGspTraceCrashBuffer seq=2
kf3: GSP rpc RmControl seq=3
kf3: GSP rpc RmControl seq=4
kf3: GSP rpc RmControl seq=5
kf3: GSP rpc RmControl seq=6
kf3: GSP rpc RmControl seq=7
kf3: GSP rpc UNSERVICED Unserviced { code: 76, sequence: 7 }
kf3: GSP rpc RmControl seq=8
kf3: GSP rpc RmControl seq=9
kf3: GSP rpc RmControl seq=10
kf3: GSP rpc RmControl seq=11
kf3: GSP rpc RmControl seq=12
kf3: GSP rpc RmControl seq=13
kf3: GSP rpc UNSERVICED Unserviced { code: 76, sequence: 13 }
kf3: GSP rpc RmControl seq=14
kf3: GSP rpc RmControl seq=15
kf3: GSP rpc RmControl seq=16
kf3: GSP rpc RmControl seq=17
kf3: GSP rpc RmControl seq=18
kf3: GSP rpc RmControl seq=19
kf3: GSP rpc RmControl seq=20
kf3: GSP rpc UNSERVICED Unserviced { code: 76, sequence: 20 }
kf3: GSP rpc RmControl seq=21
kf3: GSP rpc UNSERVICED Unserviced { code: 76, sequence: 21 }
kf-rm: chanlink: client 0xc1e0002d root: kernel=true internal=true
kf3: GSP rpc RmAlloc seq=22
kf3: GSP rpc RmAlloc seq=23
kf3: GSP rpc RmAlloc seq=24
kf3: GSP rpc RmAlloc seq=25
kf3: GSP rpc RmControl seq=26
kf3: GSP rpc RmControl seq=27
kayfabe: HELD-REPLY fn=UpdateBarPde depth=1 — this map reply WAITS for its rows
kf3: GSP rpc UpdateBarPde seq=28
kayfabe: HELD-REPLY-POSTED n=1 — their rows are on the host now
kayfabe: HELD-REPLY fn=RmControl depth=1 — this map reply WAITS for its rows
kf3: GSP rpc RmControl seq=29
kayfabe: HELD-REPLY-POSTED n=1 — their rows are on the host now
kayfabe: HELD-REPLY fn=RmControl depth=1 — this map reply WAITS for its rows
kf3: GSP rpc RmControl seq=30
kayfabe: HELD-REPLY-POSTED n=1 — their rows are on the host now
kf3: GSP rpc RmControl seq=31
kf3: GSP rpc RmControl seq=32
kf3: GSP rpc RmControl seq=33
kf3: GSP rpc RmControl seq=34
kf3: GSP rpc UNSERVICED Unserviced { code: 76, sequence: 34 }
kf3: GSP rpc RmControl seq=35
kf-rm: chanlink: client 0xc1e0002e root: kernel=true internal=true
kf3: GSP rpc RmAlloc seq=36
kf3: GSP rpc RmAlloc seq=37
kf3: GSP rpc RmAlloc seq=38
kf3: GSP rpc RmControl seq=39
kf3: GSP rpc UNSERVICED Unserviced { code: 76, sequence: 39 }
kf3: GSP rpc RmControl seq=40
kf3: GSP rpc UNSERVICED Unserviced { code: 76, sequence: 40 }
kf3: GSP rpc RmControl seq=41
kf3: GSP rpc UNSERVICED Unserviced { code: 76, sequence: 41 }
kf3: GSP rpc RmControl seq=42
kf3: GSP rpc RmControl seq=43
kf-rm: chanlink: client 0xc1e0002f root: kernel=true internal=true
kf3: GSP rpc RmAlloc seq=44
kf3: GSP rpc RmAlloc seq=45
kf3: GSP rpc RmAlloc seq=46
kf3: GSP rpc RmControl seq=47
kf3: GSP rpc RmControl seq=48
kf3: GSP rpc RmControl seq=49
kf3: GSP rpc RmControl seq=50
kf3: GSP rpc RmControl seq=51
kf3: GSP rpc UNSERVICED Unserviced { code: 76, sequence: 51 }
kf3: GSP rpc RmControl seq=52
kf3: GSP rpc RmControl seq=53
kf3: GSP rpc UNSERVICED Unserviced { code: 76, sequence: 53 }
kf3: GSP rpc RmControl seq=54
kf3: GSP rpc RmControl seq=55
kf3: GSP rpc UNSERVICED Unserviced { code: 76, sequence: 55 }
kf3: GSP rpc RmControl seq=56
kf3: GSP rpc UNSERVICED Unserviced { code: 76, sequence: 56 }
kf3: GSP rpc RmControl seq=57
kf3: GSP rpc RmControl seq=58
kf3: GSP rpc UNSERVICED Unserviced { code: 76, sequence: 58 }
kf3: GSP rpc RmControl seq=59
kf3: GSP rpc RmControl seq=60
kf3: GSP rpc Free seq=61
kf3: GSP rpc Free seq=62
kf3: GSP rpc Free seq=63
kf-rm: chanlink: client 0xc1e00030 root: kernel=true internal=true
kf3: GSP rpc RmAlloc seq=64
kf3: GSP rpc RmAlloc seq=65
kf3: GSP rpc RmAlloc seq=66
kf-rm: chanlink: FERMI_VASPACE_A 0xc1e00030:0xc under 0xa (device default for it: 0xc)
kf3: GSP rpc RmAlloc seq=67
kayfabe: HELD-REPLY fn=RmControl depth=1 — this map reply WAITS for its rows
kf3: GSP rpc RmControl seq=68
kayfabe: HELD-REPLY-POSTED n=1 — their rows are on the host now
kf3: GSP rpc Free seq=69
kf-host: map_scattered 2 pieces 0x6d000 bytes: stitch 52 us, descriptor 329 us, hand view to reaper 17 us, map 269 us
kf3: GSP rpc RmControl seq=70
kayfabe: HELD-REPLY fn=RmAlloc depth=1 — this map reply WAITS for its rows
kf3: GSP rpc RmAlloc seq=71
kf-host: channel birth h=0xcafe00b5 engine=0xb reply_flags=0x00000080 PRIVILEGED_CHANNEL=0 privilege=USER cap_sys_admin=cleared-for-call
kf3: act birth translated: chan 0xc1e00030:0x2 BORN Translated: token 0x801 -> host 0x10018 in VasKey(13970166250261708812) gpfifo=0x120064000x4096 userd=Some(Framebuffer { base: 8254128128, size: 512 }) engine=0xb tsg=None kernel_by=PRIVILEGE=KERNEL rm-internal ring_va=0xff00000000 userd_at_birth(GP_PUT,GP_GET)=(Some(48), Some(48)) zeroed=512B fast=off (4823 us, off the GSP lock)
kayfabe: HELD-REPLY-POSTED n=1 — their rows are on the host now
kf3: GSP rpc RmAlloc seq=72
kf3: chan 0xc1e00030:0x2 GPFIFO_SCHEDULE enable=true (token 0x801, host 0x10018)
kf3: GSP rpc RmControl seq=73
kf3: GSP rpc RmAlloc seq=74
kf3: GSP rpc RmControl seq=75
kf-rm: chanlink: client 0xc1e00031 root: kernel=true internal=true
kf3: GSP rpc RmAlloc seq=76
kf3: GSP rpc RmAlloc seq=77
kf3: chan token 0x801: GP_PUT=0 at USERD+0x0+0x8c; non-zero words in its page: []
kf3: GSP rpc RmAlloc seq=78
kf-rm: chanlink: FERMI_VASPACE_A 0xc1e00031:0xa under 0xb (device default for it: 0xa)
kf3: GSP rpc RmAlloc seq=79
kayfabe: HELD-REPLY fn=RmControl depth=1 — this map reply WAITS for its rows
kf3: GSP rpc RmControl seq=80
kayfabe: HELD-REPLY-POSTED n=1 — their rows are on the host now
kf3: family=Ampere phase=Running trapped=15609 applied=5957 refused=10 serviced=1136 ram_refused=0 unshadowed_writes=2 read_exits=0 last_off=0xb830b0 mem[inval=599 walks=717/718 cleared=598 superseded=0 named_missed=9 unreconciled=0 mapped=2228 unmapped=760 clipped=0x0 held=0 vmm_overlaps=0 priv_withheld=0 priv_withheld_bytes=0x0 priv_mirrored=24 sked=1/0held fn70=9 roots=22 root_moves=1 stmts=67/67 refused=0 pramin_repoints=98 pramin_miss=0 last_miss=0x0 pramin_worst_us=759 (map 509 mmap 246) pramin_maps=98 pramin_mmaps=98 pramin_kept=0 pramin_kept_now=0 window_advice_refused=0 inline_opens=0 reaped=97 cache_ops=2 sysmembars=15 root_unsets=2] mirrors=2 reused=19 prewarmed=3 mirror_avg_us=537125 mirror_max_us=552795 vat[invals=52 arrive->clear_avg_us=562 max_us=203758 walks=55 walk_avg_us=298 gpu_avg_us=112 plan_avg_us=0 apply_avg_us=171 leaves=1 host_calls=97] chan[births=13 pt_births=16 acts=146/0refused worst_act_us=5232 nsi=[GR0:720/114raised CE2:325/223raised] served=755 parks=6834 host_rings=425 contended=0 poisoned=0 tokens=[0x801:fwd=0,subs=0,serves=1,put=Some(0),gp_get=None]] views[armed=457 released=408 refused=0 held=49] rc[armed=16 unarmed=0 wakes=0 seen=0 posted=0] irq[writes=7373 raised=333 held=8 oor=0] dbfast[off regs=0 placed=0/0 sites=0 doorbells=0 wakes=0 rang=0 handed=0 absorbed=0 refused(budget=0 kvm=0 enospc=0 eexist=0 fd=0) deassign_failed=0 ack_timeouts=0 double=0 stale=0 empty=0 polls=0/0 max_batch=0 wake_to_deliver[n=0 p50=0.0us p99=0.0us max=0.0us] ack_wait[n=0 p50=0.0us p99=0.0us max=0.0us]] unserviced=[0x20800a87,0x20800a4b,0x20800afe,0x20800aff,0x20800a80,0x20802a0f,0x2080017e,0x20800a30,0x20800a2e,0x20800b03,0x20800b05,0x20800a3f,0x2080012b,0x2080013f,0x00800294,0x20810108,0x20810110,0x2080014b,0x20800157,0x20801357,0x2080852e,0x20808513,0x20802068,0x2080a618,0x2080a612,0x2080a097,0x20800a38,0x2080012f,0x20802a12,0x20800ab8,0x20800a9a,0x20800a9e,0x20800a9c,0x20800a1e] gsp_refusals[total=149 distinct=37 [fn76/0x20800a87=0x56x5 fn76/0x20800a4b=0x56x5 fn76/0x20800afe=0x56x9 fn76/0x20800aff=0x56x9 fn76/0x20800a80=0x56x10 fn76/0x20802a0f=0x56x5 fn76/0x2080017e=0x56x5 fn76/0x20800a30=0x56x5 fn76/0x20800a2e=0x56x5 fn76/0x20800b03=0x56x5 fn76/0x20800b05=0x56x5 fn76/0x20800a3f=0x56x5 fn76/0x2080012b=0x56x4 fn76/0x2080013f=0x56x4 fn103/0x0000c36f=0x56x4 fn103/0x0000402c=0x56x4 fn76/0x00800294=0x56x2 fn76/0x20810108=0x56x3 fn76/0x20810110=0x56x4 fn76/0x2080014b=0x56x10 fn76/0x20800157=0x56x2 fn76/0x20801357=0x56x2 fn76/0x2080852e=0x56x2 fn76/0x20808513=0x56x2 fn76/0x20802068=0x56x2 fn76/0x2080a618=0x56x2 fn76/0x2080a612=0x56x2 fn76/0x2080a097=0x56x2 fn103/0x0000208f=0x56x2 fn76/0x20800a38=0x56x4 fn76/0x2080012f=0x56x2 fn76/0x20802a12=0x56x12 fn76/0x20800ab8=0x56x1 fn76/0x20800a9a=0x56x1 fn76/0x20800a9e=0x56x1 fn76/0x20800a9c=0x56x1 fn76/0x20800a1e=0x56x1]]
kf3: GSP rpc RmControl seq=81
kayfabe: HELD-REPLY fn=RmAlloc depth=1 — this map reply WAITS for its rows
kf3: GSP rpc RmAlloc seq=82
kf-host: channel birth h=0xcafe00b9 engine=0xb reply_flags=0x00000080 PRIVILEGED_CHANNEL=0 privilege=USER cap_sys_admin=cleared-for-call
kf3: act birth translated: chan 0xc1e00031:0x2 BORN Translated: token 0x802 -> host 0x10019 in VasKey(13970166254556676106) gpfifo=0x320064000x4096 userd=Some(Framebuffer { base: 8254193664, size: 512 }) engine=0xb tsg=None kernel_by=PRIVILEGE=KERNEL rm-internal ring_va=0xff00000000 userd_at_birth(GP_PUT,GP_GET)=(Some(2), Some(2)) zeroed=512B fast=off (5050 us, off the GSP lock)
kayfabe: HELD-REPLY-POSTED n=1 — their rows are on the host now
kf3: GSP rpc RmAlloc seq=83
kf3: chan 0xc1e00031:0x2 BIND engine=0xb (host 0x10019)
kf3: GSP rpc RmControl seq=84
kf3: chan 0xc1e00031:0x2 GPFIFO_SCHEDULE enable=true (token 0x802, host 0x10019)
kf3: GSP rpc RmControl seq=85
kf3: GSP rpc RmAlloc seq=86
kf3: GSP rpc RmControl seq=87
kf3: chan token 0x802: GP_PUT=0 at USERD+0x0+0x8c; non-zero words in its page: []
kf-rm: chanlink: client 0xc1e00032 root: kernel=true internal=true
kf3: GSP rpc RmAlloc seq=88
kf3: GSP rpc RmAlloc seq=89
kf3: GSP rpc RmAlloc seq=90
kf-rm: chanlink: FERMI_VASPACE_A 0xc1e00032:0xbaba0042 under 0xcaf00000 (device default for it: 0xbaba0042)
kf3: GSP rpc RmAlloc seq=91
kayfabe: HELD-REPLY fn=RmControl depth=1 — this map reply WAITS for its rows
kf3: GSP rpc RmControl seq=92
kayfabe: HELD-REPLY-POSTED n=1 — their rows are on the host now
kf3: GSP rpc RmControl seq=93
kf3: chan 0xc1e00032:0xbaba0045 class=0xc56f engine=0x1 kernel=true vaspace=Some(baba0042) chid=Some(3) — a KERNEL non-CE channel: not born (kernel GR is P7)
kf3: GSP rpc RmAlloc seq=94
kf3: VasKey(13970166261984395330) root 0x1efa54000: 1 privileged run(s) mirrored — a guest-kernel space or CPU window
kf3: VasKey(13970166261984395330) root 0x1efa54000: 1 privileged run(s) mirrored — a guest-kernel space or CPU window
kf3: VasKey(13970166261984395330) root 0x1efa54000: 1 privileged run(s) mirrored — a guest-kernel space or CPU window
kf3: VasKey(13970166261984395330) root 0x1efa54000: 1 privileged run(s) mirrored — a guest-kernel space or CPU window
kf3: VasKey(13970166261984395330) root 0x1efa54000: 1 privileged run(s) mirrored — a guest-kernel space or CPU window
kf3: VasKey(13970166261984395330) root 0x1efa54000: 1 privileged run(s) mirrored — a guest-kernel space or CPU window
kf-rm: chanlink: GPU_PROMOTE_CTX on 0xc1e00032:0xcaf00001 params=560 rpc_flags=0x0
kf3: chan 0xc1e00032:0xbaba0045 GPU_PROMOTE_CTX: no passthrough twin — not ours (entries=9)
kf3: GSP rpc RmControl seq=95
kf3: GSP rpc UNSERVICED Unserviced { code: 76, sequence: 95 }
kf3: GSP rpc Free seq=96
kf3: GSP rpc Free seq=97
kf3: GSP rpc Free seq=98
kf3: GSP rpc Free seq=99
kf3: GSP rpc Free seq=100
kf3: GSP rpc RmControl seq=101
kf3: GSP rpc UNSERVICED Unserviced { code: 76, sequence: 101 }
kf-rm: chanlink: client 0xc1d00033 root: kernel=true internal=false
kf3: GSP rpc RmAlloc seq=102
kf3: GSP rpc RmAlloc seq=103
kf3: GSP rpc RmAlloc seq=104
kf3: GSP rpc RmAlloc seq=105
kf-rm: chanlink: FERMI_VASPACE_A 0xc1d00033:0xcaf00000 under 0x31415903 (device default for it: 0xcaf00000)
kf3: GSP rpc RmAlloc seq=106
kayfabe: HELD-REPLY fn=RmControl depth=1 — this map reply WAITS for its rows
kf3: GSP rpc RmControl seq=107
kayfabe: HELD-REPLY-POSTED n=1 — their rows are on the host now
kf3: GSP rpc Free seq=108
kf3: GSP rpc RmControl seq=109
kf-rm: RPC-REFUSED #11 AllocClassNotPermitted { class: 50031, denial: NotOnAllowlist } ⇒ answered NV_ERR_NOT_SUPPORTED (0x56). ⊘ The guest sees only the status; this line is the only place the REASON exists. (printing the first 24; the total rides the refusal census)
kf3: GSP rpc RmAlloc seq=110
kf3: GSP rpc Free seq=111
kf3: GSP rpc Free seq=112
kf3: GSP rpc Free seq=113
kf3: GSP rpc Free seq=114
kf-rm: chanlink: client 0xc1d00034 root: kernel=true internal=false
kf3: GSP rpc RmAlloc seq=115
kf3: GSP rpc RmAlloc seq=116
kf3: GSP rpc RmAlloc seq=117
kf-rm: RPC-REFUSED #12 AllocClassNotPermitted { class: 16428, denial: Refused { name: "NV40_I2C", why: NoPhysicalBoardBus } } ⇒ answered NV_ERR_NOT_SUPPORTED (0x56). ⊘ The guest sees only the status; this line is the only place the REASON exists. (printing the first 24; the total rides the refusal census)
kf3: GSP rpc RmAlloc seq=118
kf-rm: chanlink: client 0xc1d0002c root: kernel=false internal=false
kf3: GSP rpc RmAlloc seq=119
kf3: GSP rpc RmAlloc seq=120
kf3: GSP rpc RmAlloc seq=121
kf3: GSP rpc RmAlloc seq=122
kf3: GSP rpc RmControl seq=123
kf3: GSP rpc UNSERVICED Unserviced { code: 76, sequence: 123 }
kf3: GSP rpc RmControl seq=124
kf3: GSP rpc RmControl seq=125
kf3: GSP rpc RmControl seq=126
kf3: GSP rpc RmControl seq=127
kf3: GSP rpc RmControl seq=128
kf3: GSP rpc UNSERVICED Unserviced { code: 76, sequence: 128 }
kf3: GSP rpc RmControl seq=129
kf3: GSP rpc RmControl seq=130
kf3: GSP rpc UNSERVICED Unserviced { code: 76, sequence: 130 }
kf3: GSP rpc RmControl seq=131
kf3: GSP rpc UNSERVICED Unserviced { code: 76, sequence: 131 }
kf3: GSP rpc RmControl seq=132
kf3: GSP rpc UNSERVICED Unserviced { code: 76, sequence: 132 }
kf3: GSP rpc RmControl seq=133
kf3: GSP rpc UNSERVICED Unserviced { code: 76, sequence: 133 }
kf3: GSP rpc RmControl seq=134
kf3: GSP rpc RmControl seq=135
kf3: GSP rpc RmControl seq=136
kf3: GSP rpc RmControl seq=137
kf-rm: chanlink: FERMI_VASPACE_A 0xc1d0002c:0x5c000007 under 0x5c000002 (device default for it: 0x5c000007)
kf3: GSP rpc RmAlloc seq=138
kf-rm: chanlink: FERMI_VASPACE_A 0xc1d0002c:0x5c000008 under 0x5c000002 (device default for it: 0x5c000007)
kf3: GSP rpc RmAlloc seq=139
kayfabe: HELD-REPLY fn=RmControl depth=1 — this map reply WAITS for its rows
kf3: GSP rpc RmControl seq=140
kayfabe: HELD-REPLY-POSTED n=1 — their rows are on the host now
kf3: GSP rpc RmControl seq=141
kf3: GSP rpc RmControl seq=142
kf3: GSP rpc RmControl seq=143
kf-rm: chanlink: client 0xc1d00035 root: kernel=true internal=false
kf3: GSP rpc RmAlloc seq=144
kf3: GSP rpc RmAlloc seq=145
kf3: GSP rpc RmAlloc seq=146
kf3: GSP rpc Free seq=147
kf3: GSP rpc Free seq=148
kf3: GSP rpc Free seq=149
kf-rm: chanlink: client 0xc1d0000a root: kernel=true internal=false
kf3: GSP rpc RmAlloc seq=150
kf3: GSP rpc RmAlloc seq=151
kf3: GSP rpc RmAlloc seq=152
kf3: GSP rpc RmControl seq=153
kf3: GSP rpc UNSERVICED Unserviced { code: 76, sequence: 153 }
kf3: GSP rpc RmControl seq=154
kf3: GSP rpc RmControl seq=155
kf3: GSP rpc RmControl seq=156
kf-rm: chanlink: FERMI_VASPACE_A 0xc1d0000a:0xcaf0009c under 0xcaf00097 (device default for it: 0xcaf0009c)
kf3: GSP rpc RmAlloc seq=157
kayfabe: HELD-REPLY fn=RmControl depth=1 — this map reply WAITS for its rows
kf3: GSP rpc RmControl seq=158
kayfabe: HELD-REPLY-POSTED n=1 — their rows are on the host now
kf-host: map_scattered 4 pieces 0x1000000 bytes: stitch 77 us, descriptor 6464 us, hand view to reaper 32 us, map 2543 us
kf3: GSP rpc RmControl seq=159
kf3: GSP rpc UNSERVICED Unserviced { code: 76, sequence: 159 }
kf3: GSP rpc RmControl seq=160
kf3: GSP rpc UNSERVICED Unserviced { code: 76, sequence: 160 }
kf3: GSP rpc RmControl seq=161
kf3: GSP rpc UNSERVICED Unserviced { code: 76, sequence: 161 }
kf3: GSP rpc RmControl seq=162
kf3: GSP rpc UNSERVICED Unserviced { code: 76, sequence: 162 }
kf3: GSP rpc RmControl seq=163
kf3: GSP rpc UNSERVICED Unserviced { code: 76, sequence: 163 }
kf3: GSP rpc RmControl seq=164
kf3: GSP rpc UNSERVICED Unserviced { code: 76, sequence: 164 }
kf3: GSP rpc RmControl seq=165
kf3: GSP rpc UNSERVICED Unserviced { code: 76, sequence: 165 }
kf3: GSP rpc RmControl seq=166
kf3: GSP rpc UNSERVICED Unserviced { code: 76, sequence: 166 }
kf3: GSP rpc RmControl seq=167
kf3: GSP rpc RmControl seq=168
kf3: GSP rpc RmControl seq=169
kf3: GSP rpc RmControl seq=170
kf3: GSP rpc RmControl seq=171
kf3: GSP rpc RmControl seq=172
kf3: GSP rpc RmControl seq=173
kf3: GSP rpc RmControl seq=174
kf3: GSP rpc RmControl seq=175
kf3: GSP rpc RmAlloc seq=176
kf3: GSP rpc RmControl seq=177
kf3: VasKey(13965662490830307484) is a guest-KERNEL space (Translated chan 0xc1d0000a:0xcaf000a9): privileged leaves are mirrored here
kayfabe: HELD-REPLY fn=RmAlloc depth=1 — this map reply WAITS for its rows
kf3: GSP rpc RmAlloc seq=178
kf-host: channel birth h=0xcafe00be engine=0xb reply_flags=0x00000080 PRIVILEGED_CHANNEL=0 privilege=USER cap_sys_admin=cleared-for-call
kf3: act birth translated: chan 0xc1d0000a:0xcaf000a9 BORN Translated: token 0x803 -> host 0x1001a in VasKey(13965662490830307484) gpfifo=0x121010000x1024 userd=Some(Framebuffer { base: 196608, size: 512 }) engine=0xb tsg=Some(caf0009f) kernel_by=PRIVILEGE=KERNEL+UVM_OWNED ring_va=0xff00000000 userd_at_birth(GP_PUT,GP_GET)=(Some(0), Some(0)) zeroed=512B fast=off (4952 us, off the GSP lock)
kayfabe: HELD-REPLY-POSTED n=1 — their rows are on the host now
kf3: GSP rpc RmAlloc seq=179
kf3: GSP rpc RmAlloc seq=180
kf3: chan 0xc1d0000a:0xcaf000a9 GPFIFO_SCHEDULE enable=true (token 0x803, host 0x1001a)
kf3: GSP rpc RmControl seq=181
kf3: chan token 0x803: GP_PUT=0 at USERD+0x0+0x8c; non-zero words in its page: []
kayfabe: HELD-REPLY fn=RmAlloc depth=1 — this map reply WAITS for its rows
kf3: GSP rpc RmAlloc seq=182
kf-host: channel birth h=0xcafe00c2 engine=0xb reply_flags=0x00000080 PRIVILEGED_CHANNEL=0 privilege=USER cap_sys_admin=cleared-for-call
kf3: act birth translated: chan 0xc1d0000a:0xcaf000b4 BORN Translated: token 0x804 -> host 0x1001b in VasKey(13965662490830307484) gpfifo=0x121040000x1024 userd=Some(Framebuffer { base: 393216, size: 512 }) engine=0xb tsg=Some(caf0009f) kernel_by=PRIVILEGE=KERNEL+UVM_OWNED ring_va=0xff00100000 userd_at_birth(GP_PUT,GP_GET)=(Some(0), Some(0)) zeroed=512B fast=off (4715 us, off the GSP lock)
kayfabe: HELD-REPLY-POSTED n=1 — their rows are on the host now
kf3: GSP rpc RmAlloc seq=183
kf3: GSP rpc RmAlloc seq=184
kf3: chan 0xc1d0000a:0xcaf000b4 GPFIFO_SCHEDULE enable=true (token 0x804, host 0x1001b)
kf3: GSP rpc RmControl seq=185
kf3: chan token 0x804: GP_PUT=0 at USERD+0x0+0x8c; non-zero words in its page: []
kf3: GSP rpc RmControl seq=186
kf3: GSP rpc RmAlloc seq=187
kf3: GSP rpc RmControl seq=188
kayfabe: HELD-REPLY fn=RmAlloc depth=1 — this map reply WAITS for its rows
kf3: GSP rpc RmAlloc seq=189
kf-host: channel birth h=0xcafe00c6 engine=0xb reply_flags=0x00000080 PRIVILEGED_CHANNEL=0 privilege=USER cap_sys_admin=cleared-for-call
kf3: act birth translated: chan 0xc1d0000a:0xcaf000bf BORN Translated: token 0x1005 -> host 0x1001c in VasKey(13965662490830307484) gpfifo=0x121070000x1024 userd=Some(Framebuffer { base: 589824, size: 512 }) engine=0xc tsg=Some(caf000b7) kernel_by=PRIVILEGE=KERNEL+UVM_OWNED ring_va=0xff00200000 userd_at_birth(GP_PUT,GP_GET)=(Some(0), Some(0)) zeroed=512B fast=off (4582 us, off the GSP lock)
kayfabe: HELD-REPLY-POSTED n=1 — their rows are on the host now
kf3: GSP rpc RmAlloc seq=190
kf3: GSP rpc RmAlloc seq=191
kf3: chan 0xc1d0000a:0xcaf000bf GPFIFO_SCHEDULE enable=true (token 0x1005, host 0x1001c)
kf3: GSP rpc RmControl seq=192
kf3: chan token 0x1005: GP_PUT=0 at USERD+0x0+0x8c; non-zero words in its page: []
kayfabe: HELD-REPLY fn=RmAlloc depth=1 — this map reply WAITS for its rows
kf3: GSP rpc RmAlloc seq=193
kf-host: channel birth h=0xcafe00ca engine=0xb reply_flags=0x00000080 PRIVILEGED_CHANNEL=0 privilege=USER cap_sys_admin=cleared-for-call
kf3: act birth translated: chan 0xc1d0000a:0xcaf000ca BORN Translated: token 0x1006 -> host 0x1001d in VasKey(13965662490830307484) gpfifo=0x1210a0000x1024 userd=Some(Framebuffer { base: 786432, size: 512 }) engine=0xc tsg=Some(caf000b7) kernel_by=PRIVILEGE=KERNEL+UVM_OWNED ring_va=0xff00300000 userd_at_birth(GP_PUT,GP_GET)=(Some(0), Some(0)) zeroed=512B fast=off (4694 us, off the GSP lock)
kayfabe: HELD-REPLY-POSTED n=1 — their rows are on the host now
kf3: GSP rpc RmAlloc seq=194
kf3: GSP rpc RmAlloc seq=195
kf3: chan 0xc1d0000a:0xcaf000ca GPFIFO_SCHEDULE enable=true (token 0x1006, host 0x1001d)
kf3: GSP rpc RmControl seq=196
kf3: chan token 0x1006: GP_PUT=0 at USERD+0x0+0x8c; non-zero words in its page: []
kayfabe: HELD-REPLY fn=RmControl depth=1 — this map reply WAITS for its rows
kf3: GSP rpc RmControl seq=197
kayfabe: HELD-REPLY-POSTED n=1 — their rows are on the host now
kf3: GSP rpc RmControl seq=198
kf3: GSP rpc RmControl seq=199
kf3: GSP rpc RmControl seq=200
W343GSSCENSUS cmd=0x2080a084 params_size=4 params_at=40 payload_len=44
kf3: GSS 0x2080a084 answered from the host's realize-time reply
kf3: GSP rpc RmControl seq=201
W343GSSCENSUS cmd=0x2080a026 params_size=532 params_at=40 payload_len=572
kf3: GSS 0x2080a026 answered from the host's realize-time reply
kf3: GSP rpc RmControl seq=202
kf3: GSP rpc RmControl seq=203
kf3: GSP rpc RmControl seq=204
kf3: GSP rpc RmControl seq=205
W343GSSCENSUS cmd=0x2080a084 params_size=4 params_at=40 payload_len=44
kf3: GSS 0x2080a084 answered from the host's realize-time reply
kf3: GSP rpc RmControl seq=206
W343GSSCENSUS cmd=0x2080a026 params_size=532 params_at=40 payload_len=572
kf3: GSS 0x2080a026 answered from the host's realize-time reply
kf3: GSP rpc RmControl seq=207
kf3: GSP rpc RmControl seq=208
kf3: GSP rpc UNSERVICED Unserviced { code: 76, sequence: 208 }
kf3: GSP rpc DupObject seq=209
kayfabe: HELD-REPLY fn=RmControl depth=1 — this map reply WAITS for its rows
kf3: GSP rpc RmControl seq=210
kayfabe: HELD-REPLY-POSTED n=1 — their rows are on the host now
kf3: GSP rpc RmControl seq=211
kf3: GSP rpc RmAlloc seq=212
kf3: GSP rpc RmControl seq=213
kf3: GSP rpc RmAlloc seq=214
kf3: walk capacity: re-walk (needs s27:1450); walk pool 1048576 runs, slot pool 2097152 runs (2089984 free), max per space 1048576, slots held 7, grows 1, retries 3, ceilings 0, largest slot 2048, largest walk 2048
kf3: walk capacity: slot 27 grown 1024 → 2304 runs
kf3: walk capacity: re-walk (needs s27:1450); walk pool 1048576 runs, slot pool 2097152 runs (2088704 free), max per space 1048576, slots held 7, grows 2, retries 4, ceilings 0, largest slot 2304, largest walk 2048
kf-host: map_scattered 1445 pieces 0x3000000 bytes: stitch 15628 us, descriptor 20083 us, hand view to reaper 17 us, map 5304 us
kf3: mem large apply VasKey(13965662634997972999): 1445 maps + 0 unmaps in 42 ms — 1 map verb(s) (1 batch(es) carrying 1445 runs), 0 unmap verb(s) (0 range(s) carrying 0 runs), 0 fallback(s)
kayfabe: HELD-REPLY fn=RmAlloc depth=1 — this map reply WAITS for its rows
kf3: GSP rpc RmAlloc seq=215
kf-host: channel birth h=0xcafe00d0 engine=0x1 reply_flags=0x00000080 PRIVILEGED_CHANNEL=0 privilege=USER cap_sys_admin=cleared-for-call
kf3: act birth passthrough: chan 0xc1d0002c:0x5c000019 BORN Passthrough: token 0x7 -> host 0x1e in VasKey(13965662634997972999) gpfifo=0x200200000x1024 userd=Store { store: 3405643781, off: 16785408 } engine=0x1 declared_kernel_pid=false privilege=1 rc=armed fast=off (3795 us, off the GSP lock)
kayfabe: HELD-REPLY-POSTED n=1 — their rows are on the host now
kf-rm: chanlink: GPU_PROMOTE_CTX on 0xc1d0002c:0x5c000003 params=560 rpc_flags=0x0
kf3: chan 0xc1d0002c:0x5c000019 GPU_PROMOTE_CTX (initialize) SATISFIED BY TWIN host 0x1e: entries=6 init_ids=0xe07 host_objects=0 — not forwarded, no guest byte touched
kf3: GSP rpc RmControl seq=216
kayfabe: HELD-REPLY fn=RmAlloc depth=1 — this map reply WAITS for its rows
kf3: GSP rpc RmAlloc seq=217
kf3: act engine object: 0xc1d0002c:0x5c00001a class 0xc7c0 (Compute) on twin host 0x1e -> host object 0xcafe00d1 (2005 us, off the GSP lock)
kayfabe: HELD-REPLY-POSTED n=1 — their rows are on the host now
kayfabe: HELD-REPLY fn=RmAlloc depth=1 — this map reply WAITS for its rows
kf3: GSP rpc RmAlloc seq=218
kf3: act engine object: 0xc1d0002c:0x5c00001b class 0xc7b5 (DmaCopy) on twin host 0x1e -> host object 0xcafe00d2 (503 us, off the GSP lock)
kayfabe: HELD-REPLY-POSTED n=1 — their rows are on the host now
kf-host: map_scattered 56 pieces 0x200000 bytes: stitch 734 us, descriptor 1122 us, hand view to reaper 62 us, map 245 us
kayfabe: HELD-REPLY fn=RmAlloc depth=1 — this map reply WAITS for its rows
kf3: GSP rpc RmAlloc seq=219
kf-host: channel birth h=0xcafe00d6 engine=0x1 reply_flags=0x00000080 PRIVILEGED_CHANNEL=0 privilege=USER cap_sys_admin=cleared-for-call
kf3: act birth passthrough: chan 0xc1d0002c:0x5c00001f BORN Passthrough: token 0x8 -> host 0x1f in VasKey(13965662634997972999) gpfifo=0x200203000x1024 userd=Store { store: 3405643781, off: 16797696 } engine=0x1 declared_kernel_pid=false privilege=1 rc=armed fast=off (1844 us, off the GSP lock)
kayfabe: HELD-REPLY-POSTED n=1 — their rows are on the host now
kayfabe: HELD-REPLY fn=RmAlloc depth=1 — this map reply WAITS for its rows
kf3: GSP rpc RmAlloc seq=220
kf3: act engine object: 0xc1d0002c:0x5c000020 class 0xc7c0 (Compute) on twin host 0x1f -> host object 0xcafe00d7 (785 us, off the GSP lock)
kayfabe: HELD-REPLY-POSTED n=1 — their rows are on the host now
kayfabe: HELD-REPLY fn=RmAlloc depth=1 — this map reply WAITS for its rows
kf3: GSP rpc RmAlloc seq=221
kf3: act engine object: 0xc1d0002c:0x5c000021 class 0xc7b5 (DmaCopy) on twin host 0x1f -> host object 0xcafe00d8 (447 us, off the GSP lock)
kayfabe: HELD-REPLY-POSTED n=1 — their rows are on the host now
kayfabe: HELD-REPLY fn=RmAlloc depth=1 — this map reply WAITS for its rows
kf3: GSP rpc RmAlloc seq=222
kf-host: channel birth h=0xcafe00db engine=0x1 reply_flags=0x00000080 PRIVILEGED_CHANNEL=0 privilege=USER cap_sys_admin=cleared-for-call
kf3: act birth passthrough: chan 0xc1d0002c:0x5c000023 BORN Passthrough: token 0x9 -> host 0x20 in VasKey(13965662634997972999) gpfifo=0x200206000x1024 userd=Store { store: 3405643781, off: 16809984 } engine=0x1 declared_kernel_pid=false privilege=1 rc=armed fast=off (1606 us, off the GSP lock)
kayfabe: HELD-REPLY-POSTED n=1 — their rows are on the host now
kayfabe: HELD-REPLY fn=RmAlloc depth=1 — this map reply WAITS for its rows
kf3: GSP rpc RmAlloc seq=223
kf3: act engine object: 0xc1d0002c:0x5c000024 class 0xc7c0 (Compute) on twin host 0x20 -> host object 0xcafe00dc (775 us, off the GSP lock)
kayfabe: HELD-REPLY-POSTED n=1 — their rows are on the host now
kayfabe: HELD-REPLY fn=RmAlloc depth=1 — this map reply WAITS for its rows
kf3: GSP rpc RmAlloc seq=224
kf3: act engine object: 0xc1d0002c:0x5c000025 class 0xc7b5 (DmaCopy) on twin host 0x20 -> host object 0xcafe00dd (418 us, off the GSP lock)
kayfabe: HELD-REPLY-POSTED n=1 — their rows are on the host now
kayfabe: HELD-REPLY fn=RmAlloc depth=1 — this map reply WAITS for its rows
kf3: GSP rpc RmAlloc seq=225
kf-host: channel birth h=0xcafe00e0 engine=0x1 reply_flags=0x00000080 PRIVILEGED_CHANNEL=0 privilege=USER cap_sys_admin=cleared-for-call
kf3: act birth passthrough: chan 0xc1d0002c:0x5c000027 BORN Passthrough: token 0xa -> host 0x21 in VasKey(13965662634997972999) gpfifo=0x200209000x1024 userd=Store { store: 3405643781, off: 16822272 } engine=0x1 declared_kernel_pid=false privilege=1 rc=armed fast=off (1627 us, off the GSP lock)
kayfabe: HELD-REPLY-POSTED n=1 — their rows are on the host now
kayfabe: HELD-REPLY fn=RmAlloc depth=1 — this map reply WAITS for its rows
kf3: GSP rpc RmAlloc seq=226
kf3: act engine object: 0xc1d0002c:0x5c000028 class 0xc7c0 (Compute) on twin host 0x21 -> host object 0xcafe00e1 (772 us, off the GSP lock)
kayfabe: HELD-REPLY-POSTED n=1 — their rows are on the host now
kayfabe: HELD-REPLY fn=RmAlloc depth=1 — this map reply WAITS for its rows
kf3: GSP rpc RmAlloc seq=227
kf3: act engine object: 0xc1d0002c:0x5c000029 class 0xc7b5 (DmaCopy) on twin host 0x21 -> host object 0xcafe00e2 (488 us, off the GSP lock)
kayfabe: HELD-REPLY-POSTED n=1 — their rows are on the host now
kayfabe: HELD-REPLY fn=RmAlloc depth=1 — this map reply WAITS for its rows
kf3: GSP rpc RmAlloc seq=228
kf-host: channel birth h=0xcafe00e5 engine=0x1 reply_flags=0x00000080 PRIVILEGED_CHANNEL=0 privilege=USER cap_sys_admin=cleared-for-call
kf3: act birth passthrough: chan 0xc1d0002c:0x5c00002b BORN Passthrough: token 0xb -> host 0x22 in VasKey(13965662634997972999) gpfifo=0x20020c000x1024 userd=Store { store: 3405643781, off: 16834560 } engine=0x1 declared_kernel_pid=false privilege=1 rc=armed fast=off (1681 us, off the GSP lock)
kayfabe: HELD-REPLY-POSTED n=1 — their rows are on the host now
kayfabe: HELD-REPLY fn=RmAlloc depth=1 — this map reply WAITS for its rows
kf3: GSP rpc RmAlloc seq=229
kf3: act engine object: 0xc1d0002c:0x5c00002c class 0xc7c0 (Compute) on twin host 0x22 -> host object 0xcafe00e6 (798 us, off the GSP lock)
kayfabe: HELD-REPLY-POSTED n=1 — their rows are on the host now
kayfabe: HELD-REPLY fn=RmAlloc depth=1 — this map reply WAITS for its rows
kf3: GSP rpc RmAlloc seq=230
kf3: act engine object: 0xc1d0002c:0x5c00002d class 0xc7b5 (DmaCopy) on twin host 0x22 -> host object 0xcafe00e7 (390 us, off the GSP lock)
kayfabe: HELD-REPLY-POSTED n=1 — their rows are on the host now
kayfabe: HELD-REPLY fn=RmAlloc depth=1 — this map reply WAITS for its rows
kf3: GSP rpc RmAlloc seq=231
kf-host: channel birth h=0xcafe00ea engine=0x1 reply_flags=0x00000080 PRIVILEGED_CHANNEL=0 privilege=USER cap_sys_admin=cleared-for-call
kf3: act birth passthrough: chan 0xc1d0002c:0x5c00002f BORN Passthrough: token 0xc -> host 0x23 in VasKey(13965662634997972999) gpfifo=0x20020f000x1024 userd=Store { store: 3405643781, off: 16846848 } engine=0x1 declared_kernel_pid=false privilege=1 rc=armed fast=off (1649 us, off the GSP lock)
kayfabe: HELD-REPLY-POSTED n=1 — their rows are on the host now
kayfabe: HELD-REPLY fn=RmAlloc depth=1 — this map reply WAITS for its rows
kf3: GSP rpc RmAlloc seq=232
kf3: act engine object: 0xc1d0002c:0x5c000030 class 0xc7c0 (Compute) on twin host 0x23 -> host object 0xcafe00eb (783 us, off the GSP lock)
kayfabe: HELD-REPLY-POSTED n=1 — their rows are on the host now
kayfabe: HELD-REPLY fn=RmAlloc depth=1 — this map reply WAITS for its rows
kf3: GSP rpc RmAlloc seq=233
kf3: act engine object: 0xc1d0002c:0x5c000031 class 0xc7b5 (DmaCopy) on twin host 0x23 -> host object 0xcafe00ec (446 us, off the GSP lock)
kayfabe: HELD-REPLY-POSTED n=1 — their rows are on the host now
kayfabe: HELD-REPLY fn=RmAlloc depth=1 — this map reply WAITS for its rows
kf3: GSP rpc RmAlloc seq=234
kf-host: channel birth h=0xcafe00ef engine=0x1 reply_flags=0x00000080 PRIVILEGED_CHANNEL=0 privilege=USER cap_sys_admin=cleared-for-call
kf3: act birth passthrough: chan 0xc1d0002c:0x5c000033 BORN Passthrough: token 0xd -> host 0x24 in VasKey(13965662634997972999) gpfifo=0x200212000x1024 userd=Store { store: 3405643781, off: 16859136 } engine=0x1 declared_kernel_pid=false privilege=1 rc=armed fast=off (1670 us, off the GSP lock)
kayfabe: HELD-REPLY-POSTED n=1 — their rows are on the host now
kayfabe: HELD-REPLY fn=RmAlloc depth=1 — this map reply WAITS for its rows
kf3: GSP rpc RmAlloc seq=235
kf3: act engine object: 0xc1d0002c:0x5c000034 class 0xc7c0 (Compute) on twin host 0x24 -> host object 0xcafe00f0 (812 us, off the GSP lock)
kayfabe: HELD-REPLY-POSTED n=1 — their rows are on the host now
kayfabe: HELD-REPLY fn=RmAlloc depth=1 — this map reply WAITS for its rows
kf3: GSP rpc RmAlloc seq=236
kf3: act engine object: 0xc1d0002c:0x5c000035 class 0xc7b5 (DmaCopy) on twin host 0x24 -> host object 0xcafe00f1 (434 us, off the GSP lock)
kayfabe: HELD-REPLY-POSTED n=1 — their rows are on the host now
kayfabe: HELD-REPLY fn=RmAlloc depth=1 — this map reply WAITS for its rows
kf3: GSP rpc RmAlloc seq=237
kf-host: channel birth h=0xcafe00f4 engine=0x1 reply_flags=0x00000080 PRIVILEGED_CHANNEL=0 privilege=USER cap_sys_admin=cleared-for-call
kf3: act birth passthrough: chan 0xc1d0002c:0x5c000037 BORN Passthrough: token 0xe -> host 0x25 in VasKey(13965662634997972999) gpfifo=0x200215000x1024 userd=Store { store: 3405643781, off: 16871424 } engine=0x1 declared_kernel_pid=false privilege=1 rc=armed fast=off (1660 us, off the GSP lock)
kayfabe: HELD-REPLY-POSTED n=1 — their rows are on the host now
kayfabe: HELD-REPLY fn=RmAlloc depth=1 — this map reply WAITS for its rows
kf3: GSP rpc RmAlloc seq=238
kf3: act engine object: 0xc1d0002c:0x5c000038 class 0xc7c0 (Compute) on twin host 0x25 -> host object 0xcafe00f5 (825 us, off the GSP lock)
kayfabe: HELD-REPLY-POSTED n=1 — their rows are on the host now
kayfabe: HELD-REPLY fn=RmAlloc depth=1 — this map reply WAITS for its rows
kf3: GSP rpc RmAlloc seq=239
kf3: act engine object: 0xc1d0002c:0x5c000039 class 0xc7b5 (DmaCopy) on twin host 0x25 -> host object 0xcafe00f6 (423 us, off the GSP lock)
kayfabe: HELD-REPLY-POSTED n=1 — their rows are on the host now
kf3: GSP rpc DupObject seq=240
kf3: GSP rpc DupObject seq=241
kf3: GSP rpc RmAlloc seq=242
kf-rm: chanlink: GPU_PROMOTE_CTX on 0xc1d0000a:0xcaf00098 params=560 rpc_flags=0x0
kayfabe: HELD-REPLY fn=RmControl depth=1 — this map reply WAITS for its rows
kf3: GSP rpc RmControl seq=243
kf3: act promote ctx: chan 0xc1d0002c:0x5c000019 GPU_PROMOTE_CTX SATISFIED BY TWIN host 0x1e (host GR object(s) [cafe00d1]): entries=10 init_ids=0x0 va_ids=0xe7f bound=true — not forwarded, no guest byte touched (12 us, off the GSP lock)
kayfabe: HELD-REPLY-POSTED n=1 — their rows are on the host now
kf3: GSP rpc DupObject seq=244
kf3: GSP rpc DupObject seq=245
kf3: GSP rpc RmAlloc seq=246
kf-rm: chanlink: GPU_PROMOTE_CTX on 0xc1d0000a:0xcaf00098 params=560 rpc_flags=0x0
kayfabe: HELD-REPLY fn=RmControl depth=1 — this map reply WAITS for its rows
kf3: GSP rpc RmControl seq=247
kf3: act promote ctx: chan 0xc1d0002c:0x5c00001f GPU_PROMOTE_CTX SATISFIED BY TWIN host 0x1f (host GR object(s) [cafe00d7]): entries=10 init_ids=0x0 va_ids=0xe7f bound=true — not forwarded, no guest byte touched (4 us, off the GSP lock)
kayfabe: HELD-REPLY-POSTED n=1 — their rows are on the host now
kf3: GSP rpc DupObject seq=248
kf3: GSP rpc DupObject seq=249
kf3: GSP rpc RmAlloc seq=250
kf-rm: chanlink: GPU_PROMOTE_CTX on 0xc1d0000a:0xcaf00098 params=560 rpc_flags=0x0
kayfabe: HELD-REPLY fn=RmControl depth=1 — this map reply WAITS for its rows
kf3: GSP rpc RmControl seq=251
kf3: act promote ctx: chan 0xc1d0002c:0x5c000023 GPU_PROMOTE_CTX SATISFIED BY TWIN host 0x20 (host GR object(s) [cafe00dc]): entries=10 init_ids=0x0 va_ids=0xe7f bound=true — not forwarded, no guest byte touched (10 us, off the GSP lock)
kayfabe: HELD-REPLY-POSTED n=1 — their rows are on the host now
kf3: GSP rpc DupObject seq=252
kf3: GSP rpc DupObject seq=253
kf3: GSP rpc RmAlloc seq=254
kf-rm: chanlink: GPU_PROMOTE_CTX on 0xc1d0000a:0xcaf00098 params=560 rpc_flags=0x0
kayfabe: HELD-REPLY fn=RmControl depth=1 — this map reply WAITS for its rows
kf3: GSP rpc RmControl seq=255
kf3: act promote ctx: chan 0xc1d0002c:0x5c000027 GPU_PROMOTE_CTX SATISFIED BY TWIN host 0x21 (host GR object(s) [cafe00e1]): entries=10 init_ids=0x0 va_ids=0xe7f bound=true — not forwarded, no guest byte touched (10 us, off the GSP lock)
kayfabe: HELD-REPLY-POSTED n=1 — their rows are on the host now
kf3: GSP rpc DupObject seq=256
kf3: GSP rpc DupObject seq=257
kf3: GSP rpc RmAlloc seq=258
kf-rm: chanlink: GPU_PROMOTE_CTX on 0xc1d0000a:0xcaf00098 params=560 rpc_flags=0x0
kayfabe: HELD-REPLY fn=RmControl depth=1 — this map reply WAITS for its rows
kf3: GSP rpc RmControl seq=259
kf3: act promote ctx: chan 0xc1d0002c:0x5c00002b GPU_PROMOTE_CTX SATISFIED BY TWIN host 0x22 (host GR object(s) [cafe00e6]): entries=10 init_ids=0x0 va_ids=0xe7f bound=true — not forwarded, no guest byte touched (10 us, off the GSP lock)
kayfabe: HELD-REPLY-POSTED n=1 — their rows are on the host now
kf3: GSP rpc DupObject seq=260
kf3: GSP rpc DupObject seq=261
kf3: GSP rpc RmAlloc seq=262
kf-rm: chanlink: GPU_PROMOTE_CTX on 0xc1d0000a:0xcaf00098 params=560 rpc_flags=0x0
kayfabe: HELD-REPLY fn=RmControl depth=1 — this map reply WAITS for its rows
kf3: GSP rpc RmControl seq=263
kf3: act promote ctx: chan 0xc1d0002c:0x5c00002f GPU_PROMOTE_CTX SATISFIED BY TWIN host 0x23 (host GR object(s) [cafe00eb]): entries=10 init_ids=0x0 va_ids=0xe7f bound=true — not forwarded, no guest byte touched (10 us, off the GSP lock)
kayfabe: HELD-REPLY-POSTED n=1 — their rows are on the host now
kf3: GSP rpc DupObject seq=264
kf3: GSP rpc DupObject seq=265
kf3: GSP rpc RmAlloc seq=266
kf-rm: chanlink: GPU_PROMOTE_CTX on 0xc1d0000a:0xcaf00098 params=560 rpc_flags=0x0
kayfabe: HELD-REPLY fn=RmControl depth=1 — this map reply WAITS for its rows
kf3: GSP rpc RmControl seq=267
kf3: act promote ctx: chan 0xc1d0002c:0x5c000033 GPU_PROMOTE_CTX SATISFIED BY TWIN host 0x24 (host GR object(s) [cafe00f0]): entries=10 init_ids=0x0 va_ids=0xe7f bound=true — not forwarded, no guest byte touched (31 us, off the GSP lock)
kayfabe: HELD-REPLY-POSTED n=1 — their rows are on the host now
kf3: GSP rpc DupObject seq=268
kf3: GSP rpc DupObject seq=269
kf3: GSP rpc RmAlloc seq=270
kf-rm: chanlink: GPU_PROMOTE_CTX on 0xc1d0000a:0xcaf00098 params=560 rpc_flags=0x0
kayfabe: HELD-REPLY fn=RmControl depth=1 — this map reply WAITS for its rows
kf3: GSP rpc RmControl seq=271
kf3: act promote ctx: chan 0xc1d0002c:0x5c000037 GPU_PROMOTE_CTX SATISFIED BY TWIN host 0x25 (host GR object(s) [cafe00f5]): entries=10 init_ids=0x0 va_ids=0xe7f bound=true — not forwarded, no guest byte touched (10 us, off the GSP lock)
kayfabe: HELD-REPLY-POSTED n=1 — their rows are on the host now
kayfabe: HELD-REPLY fn=RmControl depth=1 — this map reply WAITS for its rows
kf3: GSP rpc RmControl seq=272
kf3: act schedule: 0xc1d0002c:0x5c000012 GPFIFO_SCHEDULE enable=true on 8 twin(s) (0 restarted after STOP) (719 us, off the GSP lock)
kayfabe: HELD-REPLY-POSTED n=1 — their rows are on the host now
kf3: GSP rpc RmAlloc seq=273
kf3: GSP rpc RmControl seq=274
kf3: GSP rpc RmAlloc seq=275
kf3: GSP rpc RmControl seq=276
kayfabe: HELD-REPLY fn=RmAlloc depth=1 — this map reply WAITS for its rows
kf3: GSP rpc RmAlloc seq=277
kf-host: channel birth h=0xcafe00fa engine=0xb reply_flags=0x00000080 PRIVILEGED_CHANNEL=0 privilege=USER cap_sys_admin=cleared-for-call
kf3: act birth passthrough: chan 0xc1d0002c:0x5c00003d BORN Passthrough: token 0x80f -> host 0x10026 in VasKey(13965662634997972999) gpfifo=0x200218000x1024 userd=Store { store: 3405643781, off: 16883712 } engine=0xb declared_kernel_pid=false privilege=1 rc=armed fast=off (3433 us, off the GSP lock)
kayfabe: HELD-REPLY-POSTED n=1 — their rows are on the host now
kayfabe: HELD-REPLY fn=RmAlloc depth=1 — this map reply WAITS for its rows
kf3: GSP rpc RmAlloc seq=278
kf3: act engine object: 0xc1d0002c:0x5c00003e class 0xc7b5 (DmaCopy) on twin host 0x10026 -> host object 0xcafe00fb (404 us, off the GSP lock)
kayfabe: HELD-REPLY-POSTED n=1 — their rows are on the host now
kayfabe: HELD-REPLY fn=RmAlloc depth=1 — this map reply WAITS for its rows
kf3: GSP rpc RmAlloc seq=279
kf-host: channel birth h=0xcafe00fe engine=0xb reply_flags=0x00000080 PRIVILEGED_CHANNEL=0 privilege=USER cap_sys_admin=cleared-for-call
kf3: act birth passthrough: chan 0xc1d0002c:0x5c000040 BORN Passthrough: token 0x810 -> host 0x10027 in VasKey(13965662634997972999) gpfifo=0x20021b000x1024 userd=Store { store: 3405643781, off: 16896000 } engine=0xb declared_kernel_pid=false privilege=1 rc=armed fast=off (1586 us, off the GSP lock)
kayfabe: HELD-REPLY-POSTED n=1 — their rows are on the host now
kayfabe: HELD-REPLY fn=RmAlloc depth=1 — this map reply WAITS for its rows
kf3: GSP rpc RmAlloc seq=280
kf3: act engine object: 0xc1d0002c:0x5c000041 class 0xc7b5 (DmaCopy) on twin host 0x10027 -> host object 0xcafe00ff (386 us, off the GSP lock)
kayfabe: HELD-REPLY-POSTED n=1 — their rows are on the host now
kayfabe: HELD-REPLY fn=RmAlloc depth=1 — this map reply WAITS for its rows
kf3: GSP rpc RmAlloc seq=281
kf-host: channel birth h=0xcafe0102 engine=0xb reply_flags=0x00000080 PRIVILEGED_CHANNEL=0 privilege=USER cap_sys_admin=cleared-for-call
kf3: act birth passthrough: chan 0xc1d0002c:0x5c000043 BORN Passthrough: token 0x811 -> host 0x10028 in VasKey(13965662634997972999) gpfifo=0x20021e000x1024 userd=Store { store: 3405643781, off: 16908288 } engine=0xb declared_kernel_pid=false privilege=1 rc=armed fast=off (1592 us, off the GSP lock)
kayfabe: HELD-REPLY-POSTED n=1 — their rows are on the host now
kayfabe: HELD-REPLY fn=RmAlloc depth=1 — this map reply WAITS for its rows
kf3: GSP rpc RmAlloc seq=282
kf3: act engine object: 0xc1d0002c:0x5c000044 class 0xc7b5 (DmaCopy) on twin host 0x10028 -> host object 0xcafe0103 (411 us, off the GSP lock)
kayfabe: HELD-REPLY-POSTED n=1 — their rows are on the host now
kayfabe: HELD-REPLY fn=RmAlloc depth=1 — this map reply WAITS for its rows
kf3: GSP rpc RmAlloc seq=283
kf-host: channel birth h=0xcafe0106 engine=0xb reply_flags=0x00000080 PRIVILEGED_CHANNEL=0 privilege=USER cap_sys_admin=cleared-for-call
kf3: act birth passthrough: chan 0xc1d0002c:0x5c000046 BORN Passthrough: token 0x812 -> host 0x10029 in VasKey(13965662634997972999) gpfifo=0x200221000x1024 userd=Store { store: 3405643781, off: 16920576 } engine=0xb declared_kernel_pid=false privilege=1 rc=armed fast=off (1613 us, off the GSP lock)
kayfabe: HELD-REPLY-POSTED n=1 — their rows are on the host now
kayfabe: HELD-REPLY fn=RmAlloc depth=1 — this map reply WAITS for its rows
kf3: GSP rpc RmAlloc seq=284
kf3: act engine object: 0xc1d0002c:0x5c000047 class 0xc7b5 (DmaCopy) on twin host 0x10029 -> host object 0xcafe0107 (421 us, off the GSP lock)
kayfabe: HELD-REPLY-POSTED n=1 — their rows are on the host now
kf3: GSP rpc DupObject seq=285
kf3: GSP rpc RmAlloc seq=286
kf3: GSP rpc DupObject seq=287
kf3: GSP rpc RmAlloc seq=288
kf3: GSP rpc DupObject seq=289
kf3: GSP rpc RmAlloc seq=290
kf3: GSP rpc DupObject seq=291
kf3: GSP rpc RmAlloc seq=292
kayfabe: HELD-REPLY fn=RmControl depth=1 — this map reply WAITS for its rows
kf3: GSP rpc RmControl seq=293
kf3: act schedule: 0xc1d0002c:0x5c00003b GPFIFO_SCHEDULE enable=true on 4 twin(s) (0 restarted after STOP) (586 us, off the GSP lock)
kayfabe: HELD-REPLY-POSTED n=1 — their rows are on the host now
kf3: GSP rpc RmAlloc seq=294
kf3: GSP rpc RmControl seq=295
kf3: GSP rpc RmAlloc seq=296
kf3: GSP rpc RmControl seq=297
kayfabe: HELD-REPLY fn=RmAlloc depth=1 — this map reply WAITS for its rows
kf3: GSP rpc RmAlloc seq=298
kf-host: channel birth h=0xcafe010b engine=0xc reply_flags=0x00000080 PRIVILEGED_CHANNEL=0 privilege=USER cap_sys_admin=cleared-for-call
kf3: act birth passthrough: chan 0xc1d0002c:0x5c00004b BORN Passthrough: token 0x1013 -> host 0x2002a in VasKey(13965662634997972999) gpfifo=0x200224000x1024 userd=Store { store: 3405643781, off: 16932864 } engine=0xc declared_kernel_pid=false privilege=1 rc=armed fast=off (3290 us, off the GSP lock)
kayfabe: HELD-REPLY-POSTED n=1 — their rows are on the host now
kayfabe: HELD-REPLY fn=RmAlloc depth=1 — this map reply WAITS for its rows
kf3: GSP rpc RmAlloc seq=299
kf3: act engine object: 0xc1d0002c:0x5c00004c class 0xc7b5 (DmaCopy) on twin host 0x2002a -> host object 0xcafe010c (418 us, off the GSP lock)
kayfabe: HELD-REPLY-POSTED n=1 — their rows are on the host now
kayfabe: HELD-REPLY fn=RmAlloc depth=1 — this map reply WAITS for its rows
kf3: GSP rpc RmAlloc seq=300
kf-host: channel birth h=0xcafe010f engine=0xc reply_flags=0x00000080 PRIVILEGED_CHANNEL=0 privilege=USER cap_sys_admin=cleared-for-call
kf3: act birth passthrough: chan 0xc1d0002c:0x5c00004e BORN Passthrough: token 0x1014 -> host 0x2002b in VasKey(13965662634997972999) gpfifo=0x200227000x1024 userd=Store { store: 3405643781, off: 16945152 } engine=0xc declared_kernel_pid=false privilege=1 rc=armed fast=off (1526 us, off the GSP lock)
kayfabe: HELD-REPLY-POSTED n=1 — their rows are on the host now
kayfabe: HELD-REPLY fn=RmAlloc depth=1 — this map reply WAITS for its rows
kf3: GSP rpc RmAlloc seq=301
kf3: act engine object: 0xc1d0002c:0x5c00004f class 0xc7b5 (DmaCopy) on twin host 0x2002b -> host object 0xcafe0110 (356 us, off the GSP lock)
kayfabe: HELD-REPLY-POSTED n=1 — their rows are on the host now
kayfabe: HELD-REPLY fn=RmAlloc depth=1 — this map reply WAITS for its rows
kf3: GSP rpc RmAlloc seq=302
kf-host: channel birth h=0xcafe0113 engine=0xc reply_flags=0x00000080 PRIVILEGED_CHANNEL=0 privilege=USER cap_sys_admin=cleared-for-call
kf3: act birth passthrough: chan 0xc1d0002c:0x5c000051 BORN Passthrough: token 0x1015 -> host 0x2002c in VasKey(13965662634997972999) gpfifo=0x20022a000x1024 userd=Store { store: 3405643781, off: 16957440 } engine=0xc declared_kernel_pid=false privilege=1 rc=armed fast=off (1502 us, off the GSP lock)
kayfabe: HELD-REPLY-POSTED n=1 — their rows are on the host now
kayfabe: HELD-REPLY fn=RmAlloc depth=1 — this map reply WAITS for its rows
kf3: GSP rpc RmAlloc seq=303
kf3: act engine object: 0xc1d0002c:0x5c000052 class 0xc7b5 (DmaCopy) on twin host 0x2002c -> host object 0xcafe0114 (378 us, off the GSP lock)
kayfabe: HELD-REPLY-POSTED n=1 — their rows are on the host now
kayfabe: HELD-REPLY fn=RmAlloc depth=1 — this map reply WAITS for its rows
kf3: GSP rpc RmAlloc seq=304
kf-host: channel birth h=0xcafe0117 engine=0xc reply_flags=0x00000080 PRIVILEGED_CHANNEL=0 privilege=USER cap_sys_admin=cleared-for-call
kf3: act birth passthrough: chan 0xc1d0002c:0x5c000054 BORN Passthrough: token 0x1016 -> host 0x2002d in VasKey(13965662634997972999) gpfifo=0x20022d000x1024 userd=Store { store: 3405643781, off: 16969728 } engine=0xc declared_kernel_pid=false privilege=1 rc=armed fast=off (1570 us, off the GSP lock)
kayfabe: HELD-REPLY-POSTED n=1 — their rows are on the host now
kayfabe: HELD-REPLY fn=RmAlloc depth=1 — this map reply WAITS for its rows
kf3: GSP rpc RmAlloc seq=305
kf3: act engine object: 0xc1d0002c:0x5c000055 class 0xc7b5 (DmaCopy) on twin host 0x2002d -> host object 0xcafe0118 (370 us, off the GSP lock)
kayfabe: HELD-REPLY-POSTED n=1 — their rows are on the host now
kf3: GSP rpc DupObject seq=306
kf3: GSP rpc RmAlloc seq=307
kf3: GSP rpc DupObject seq=308
kf3: GSP rpc RmAlloc seq=309
kf3: GSP rpc DupObject seq=310
kf3: GSP rpc RmAlloc seq=311
kf3: GSP rpc DupObject seq=312
kf3: GSP rpc RmAlloc seq=313
kayfabe: HELD-REPLY fn=RmControl depth=1 — this map reply WAITS for its rows
kf3: GSP rpc RmControl seq=314
kf3: act schedule: 0xc1d0002c:0x5c000049 GPFIFO_SCHEDULE enable=true on 4 twin(s) (0 restarted after STOP) (597 us, off the GSP lock)
kayfabe: HELD-REPLY-POSTED n=1 — their rows are on the host now
kf3: GSP rpc RmAlloc seq=315
kf-host: map_scattered 3 pieces 0x200000 bytes: stitch 91 us, descriptor 924 us, hand view to reaper 17 us, map 246 us
kf-host: map_scattered 3 pieces 0x200000 bytes: stitch 74 us, descriptor 952 us, hand view to reaper 14 us, map 300 us
kf-host: map_scattered 3 pieces 0x200000 bytes: stitch 62 us, descriptor 856 us, hand view to reaper 13 us, map 197 us
kf-host: map_scattered 3 pieces 0x200000 bytes: stitch 68 us, descriptor 857 us, hand view to reaper 11 us, map 205 us
kf-host: map_scattered 3 pieces 0x200000 bytes: stitch 66 us, descriptor 840 us, hand view to reaper 13 us, map 232 us
kf-host: map_scattered 3 pieces 0x200000 bytes: stitch 73 us, descriptor 881 us, hand view to reaper 14 us, map 198 us
kf-mem: SKED-REFLECTED leaf 0x73fcf6c00000+0x1000 (ap=0 at=0x0) placed as a message-kind host mapping — device-side launches through it reach the host scheduler
kf-host: map_scattered 4 pieces 0x200000 bytes: stitch 82 us, descriptor 882 us, hand view to reaper 15 us, map 178 us
kf-host: map_scattered 3 pieces 0x200000 bytes: stitch 68 us, descriptor 934 us, hand view to reaper 15 us, map 223 us
kf-host: map_scattered 3 pieces 0x200000 bytes: stitch 95 us, descriptor 924 us, hand view to reaper 14 us, map 213 us
kf-rm: chanlink: client 0xc1e00036 root: kernel=true internal=true
kf3: GSP rpc RmAlloc seq=316
kf3: GSP rpc RmAlloc seq=317
kf3: GSP rpc RmAlloc seq=318
kayfabe: HELD-REPLY fn=RmAlloc depth=1 — this map reply WAITS for its rows
kf3: GSP rpc RmAlloc seq=319
kf3: act debugger: 0xc1d0002c:0x5c000072 GT200_DEBUGGER over 0x5c00001a -> host session 0xcafe0122 (host GR object 0xcafe00d1) (1721 us, off the GSP lock)
kayfabe: HELD-REPLY-POSTED n=1 — their rows are on the host now
kf-host: map_scattered 2 pieces 0x533000 bytes: stitch 98 us, descriptor 2140 us, hand view to reaper 15 us, map 474 us
kf3: GSP rpc RmAlloc seq=320
kf3: GSP rpc RmAlloc seq=321
kf3: GSP rpc RmAlloc seq=322
kf3: GSP rpc RmAlloc seq=323
kayfabe: HELD-REPLY fn=RmControl depth=1 — this map reply WAITS for its rows
kf3: GSP rpc RmControl seq=324
kf3: act debugger exception mask: 0xc1d0002c:0x5c000072 SET_EXCEPTION_MASK 0x3a on host session 0xcafe0122 (466 us, off the GSP lock)
kayfabe: HELD-REPLY-POSTED n=1 — their rows are on the host now
kayfabe: HELD-REPLY fn=RmControl depth=1 — this map reply WAITS for its rows
kf3: GSP rpc RmControl seq=325
kf3: act ctxsw preemption: 0xc1d0002c:0x5c000012 SET_CTXSW_PREEMPTION_MODE flags=0x1 gfxp=0 cilp=2 on 1 host group(s) (521 us, off the GSP lock)
kayfabe: HELD-REPLY-POSTED n=1 — their rows are on the host now
kayfabe: HELD-REPLY fn=RmControl depth=1 — this map reply WAITS for its rows
kf3: GSP rpc RmControl seq=326
kf3: act timeslice: 0xc1d0002c:0x5c000012 SET_TIMESLICE 2048 us on 8 twin group(s) (2432 us, off the GSP lock)
kayfabe: HELD-REPLY-POSTED n=1 — their rows are on the host now
kayfabe: HELD-REPLY fn=RmControl depth=1 — this map reply WAITS for its rows
kf3: GSP rpc RmControl seq=327
kf3: act cuda limit: 0xc1d0002c:0x5c000002 CUDA limit true -> host device limit true (479 us, off the GSP lock)
kayfabe: HELD-REPLY-POSTED n=1 — their rows are on the host now
kayfabe: HELD-REPLY fn=RmControl depth=1 — this map reply WAITS for its rows
kf3: GSP rpc RmControl seq=328
kf3: act stop: 0xc1d0002c:0x5c000054 STOP_CHANNEL(bImmediate=false): twin host 0x2002d disabled + preempted (DISABLE_CHANNELS) + off its runlist (GPFIFO_SCHEDULE false) (842 us, off the GSP lock)
kayfabe: HELD-REPLY-POSTED n=1 — their rows are on the host now
kayfabe: HELD-REPLY fn=RmControl depth=1 — this map reply WAITS for its rows
kf3: GSP rpc RmControl seq=329
kf3: act stop: 0xc1d0002c:0x5c000051 STOP_CHANNEL(bImmediate=false): twin host 0x2002c disabled + preempted (DISABLE_CHANNELS) + off its runlist (GPFIFO_SCHEDULE false) (656 us, off the GSP lock)
kayfabe: HELD-REPLY-POSTED n=1 — their rows are on the host now
kayfabe: HELD-REPLY fn=RmControl depth=1 — this map reply WAITS for its rows
kf3: GSP rpc RmControl seq=330
kf3: act stop: 0xc1d0002c:0x5c00004e STOP_CHANNEL(bImmediate=false): twin host 0x2002b disabled + preempted (DISABLE_CHANNELS) + off its runlist (GPFIFO_SCHEDULE false) (625 us, off the GSP lock)
kayfabe: HELD-REPLY-POSTED n=1 — their rows are on the host now
kayfabe: HELD-REPLY fn=RmControl depth=1 — this map reply WAITS for its rows
kf3: GSP rpc RmControl seq=331
kf3: act stop: 0xc1d0002c:0x5c00004b STOP_CHANNEL(bImmediate=false): twin host 0x2002a disabled + preempted (DISABLE_CHANNELS) + off its runlist (GPFIFO_SCHEDULE false) (622 us, off the GSP lock)
kayfabe: HELD-REPLY-POSTED n=1 — their rows are on the host now
kayfabe: HELD-REPLY fn=RmControl depth=1 — this map reply WAITS for its rows
kf3: GSP rpc RmControl seq=332
kf3: act stop: 0xc1d0002c:0x5c000046 STOP_CHANNEL(bImmediate=false): twin host 0x10029 disabled + preempted (DISABLE_CHANNELS) + off its runlist (GPFIFO_SCHEDULE false) (611 us, off the GSP lock)
kayfabe: HELD-REPLY-POSTED n=1 — their rows are on the host now
kayfabe: HELD-REPLY fn=RmControl depth=1 — this map reply WAITS for its rows
kf3: GSP rpc RmControl seq=333
kf3: act stop: 0xc1d0002c:0x5c000043 STOP_CHANNEL(bImmediate=false): twin host 0x10028 disabled + preempted (DISABLE_CHANNELS) + off its runlist (GPFIFO_SCHEDULE false) (596 us, off the GSP lock)
kayfabe: HELD-REPLY-POSTED n=1 — their rows are on the host now
kayfabe: HELD-REPLY fn=RmControl depth=1 — this map reply WAITS for its rows
kf3: GSP rpc RmControl seq=334
kf3: act stop: 0xc1d0002c:0x5c000040 STOP_CHANNEL(bImmediate=false): twin host 0x10027 disabled + preempted (DISABLE_CHANNELS) + off its runlist (GPFIFO_SCHEDULE false) (630 us, off the GSP lock)
kayfabe: HELD-REPLY-POSTED n=1 — their rows are on the host now
kayfabe: HELD-REPLY fn=RmControl depth=1 — this map reply WAITS for its rows
kf3: GSP rpc RmControl seq=335
kf3: act stop: 0xc1d0002c:0x5c00003d STOP_CHANNEL(bImmediate=false): twin host 0x10026 disabled + preempted (DISABLE_CHANNELS) + off its runlist (GPFIFO_SCHEDULE false) (639 us, off the GSP lock)
kayfabe: HELD-REPLY-POSTED n=1 — their rows are on the host now
kayfabe: HELD-REPLY fn=RmControl depth=1 — this map reply WAITS for its rows
kf3: GSP rpc RmControl seq=336
kf3: act stop: 0xc1d0002c:0x5c000037 STOP_CHANNEL(bImmediate=false): twin host 0x25 disabled + preempted (DISABLE_CHANNELS) + off its runlist (GPFIFO_SCHEDULE false) (601 us, off the GSP lock)
kayfabe: HELD-REPLY-POSTED n=1 — their rows are on the host now
kayfabe: HELD-REPLY fn=RmControl depth=1 — this map reply WAITS for its rows
kf3: GSP rpc RmControl seq=337
kf3: act evict ctx: chan 0xc1d0002c:0x5c000037 GPU_EVICT_CTX: twin host 0x25 off the runlist, context UNBOUND (Some(CtxBind { initialized: 0, va_bound: 0, bound: false, promotes: 1, evicts: 1 })) (303 us, off the GSP lock)
kayfabe: HELD-REPLY-POSTED n=1 — their rows are on the host now
kayfabe: HELD-REPLY fn=RmControl depth=1 — this map reply WAITS for its rows
kf3: GSP rpc RmControl seq=338
kf3: act stop: 0xc1d0002c:0x5c000033 STOP_CHANNEL(bImmediate=false): twin host 0x24 disabled + preempted (DISABLE_CHANNELS) + off its runlist (GPFIFO_SCHEDULE false) (567 us, off the GSP lock)
kayfabe: HELD-REPLY-POSTED n=1 — their rows are on the host now
kayfabe: HELD-REPLY fn=RmControl depth=1 — this map reply WAITS for its rows
kf3: GSP rpc RmControl seq=339
kf3: act evict ctx: chan 0xc1d0002c:0x5c000033 GPU_EVICT_CTX: twin host 0x24 off the runlist, context UNBOUND (Some(CtxBind { initialized: 0, va_bound: 0, bound: false, promotes: 1, evicts: 1 })) (263 us, off the GSP lock)
kayfabe: HELD-REPLY-POSTED n=1 — their rows are on the host now
kayfabe: HELD-REPLY fn=RmControl depth=1 — this map reply WAITS for its rows
kf3: GSP rpc RmControl seq=340
kf3: act stop: 0xc1d0002c:0x5c00002f STOP_CHANNEL(bImmediate=false): twin host 0x23 disabled + preempted (DISABLE_CHANNELS) + off its runlist (GPFIFO_SCHEDULE false) (602 us, off the GSP lock)
kayfabe: HELD-REPLY-POSTED n=1 — their rows are on the host now
kayfabe: HELD-REPLY fn=RmControl depth=1 — this map reply WAITS for its rows
kf3: GSP rpc RmControl seq=341
kf3: act evict ctx: chan 0xc1d0002c:0x5c00002f GPU_EVICT_CTX: twin host 0x23 off the runlist, context UNBOUND (Some(CtxBind { initialized: 0, va_bound: 0, bound: false, promotes: 1, evicts: 1 })) (258 us, off the GSP lock)
kayfabe: HELD-REPLY-POSTED n=1 — their rows are on the host now
kayfabe: HELD-REPLY fn=RmControl depth=1 — this map reply WAITS for its rows
kf3: GSP rpc RmControl seq=342
kf3: act stop: 0xc1d0002c:0x5c00002b STOP_CHANNEL(bImmediate=false): twin host 0x22 disabled + preempted (DISABLE_CHANNELS) + off its runlist (GPFIFO_SCHEDULE false) (598 us, off the GSP lock)
kayfabe: HELD-REPLY-POSTED n=1 — their rows are on the host now
kayfabe: HELD-REPLY fn=RmControl depth=1 — this map reply WAITS for its rows
kf3: GSP rpc RmControl seq=343
kf3: act evict ctx: chan 0xc1d0002c:0x5c00002b GPU_EVICT_CTX: twin host 0x22 off the runlist, context UNBOUND (Some(CtxBind { initialized: 0, va_bound: 0, bound: false, promotes: 1, evicts: 1 })) (293 us, off the GSP lock)
kayfabe: HELD-REPLY-POSTED n=1 — their rows are on the host now
kayfabe: HELD-REPLY fn=RmControl depth=1 — this map reply WAITS for its rows
kf3: GSP rpc RmControl seq=344
kf3: act stop: 0xc1d0002c:0x5c000027 STOP_CHANNEL(bImmediate=false): twin host 0x21 disabled + preempted (DISABLE_CHANNELS) + off its runlist (GPFIFO_SCHEDULE false) (573 us, off the GSP lock)
kayfabe: HELD-REPLY-POSTED n=1 — their rows are on the host now
kayfabe: HELD-REPLY fn=RmControl depth=1 — this map reply WAITS for its rows
kf3: GSP rpc RmControl seq=345
kf3: act evict ctx: chan 0xc1d0002c:0x5c000027 GPU_EVICT_CTX: twin host 0x21 off the runlist, context UNBOUND (Some(CtxBind { initialized: 0, va_bound: 0, bound: false, promotes: 1, evicts: 1 })) (275 us, off the GSP lock)
kayfabe: HELD-REPLY-POSTED n=1 — their rows are on the host now
kayfabe: HELD-REPLY fn=RmControl depth=1 — this map reply WAITS for its rows
kf3: GSP rpc RmControl seq=346
kf3: act stop: 0xc1d0002c:0x5c000023 STOP_CHANNEL(bImmediate=false): twin host 0x20 disabled + preempted (DISABLE_CHANNELS) + off its runlist (GPFIFO_SCHEDULE false) (600 us, off the GSP lock)
kayfabe: HELD-REPLY-POSTED n=1 — their rows are on the host now
kayfabe: HELD-REPLY fn=RmControl depth=1 — this map reply WAITS for its rows
kf3: GSP rpc RmControl seq=347
kf3: act evict ctx: chan 0xc1d0002c:0x5c000023 GPU_EVICT_CTX: twin host 0x20 off the runlist, context UNBOUND (Some(CtxBind { initialized: 0, va_bound: 0, bound: false, promotes: 1, evicts: 1 })) (284 us, off the GSP lock)
kayfabe: HELD-REPLY-POSTED n=1 — their rows are on the host now
kayfabe: HELD-REPLY fn=RmControl depth=1 — this map reply WAITS for its rows
kf3: GSP rpc RmControl seq=348
kf3: act stop: 0xc1d0002c:0x5c00001f STOP_CHANNEL(bImmediate=false): twin host 0x1f disabled + preempted (DISABLE_CHANNELS) + off its runlist (GPFIFO_SCHEDULE false) (618 us, off the GSP lock)
kayfabe: HELD-REPLY-POSTED n=1 — their rows are on the host now
kayfabe: HELD-REPLY fn=RmControl depth=1 — this map reply WAITS for its rows
kf3: GSP rpc RmControl seq=349
kf3: act evict ctx: chan 0xc1d0002c:0x5c00001f GPU_EVICT_CTX: twin host 0x1f off the runlist, context UNBOUND (Some(CtxBind { initialized: 0, va_bound: 0, bound: false, promotes: 1, evicts: 1 })) (267 us, off the GSP lock)
kayfabe: HELD-REPLY-POSTED n=1 — their rows are on the host now
kayfabe: HELD-REPLY fn=RmControl depth=1 — this map reply WAITS for its rows
kf3: GSP rpc RmControl seq=350
kf3: act stop: 0xc1d0002c:0x5c000019 STOP_CHANNEL(bImmediate=false): twin host 0x1e disabled + preempted (DISABLE_CHANNELS) + off its runlist (GPFIFO_SCHEDULE false) (564 us, off the GSP lock)
kayfabe: HELD-REPLY-POSTED n=1 — their rows are on the host now
kayfabe: HELD-REPLY fn=RmControl depth=1 — this map reply WAITS for its rows
kf3: GSP rpc RmControl seq=351
kf3: act evict ctx: chan 0xc1d0002c:0x5c000019 GPU_EVICT_CTX: twin host 0x1e off the runlist, context UNBOUND (Some(CtxBind { initialized: 3591, va_bound: 0, bound: false, promotes: 2, evicts: 1 })) (263 us, off the GSP lock)
kayfabe: HELD-REPLY-POSTED n=1 — their rows are on the host now
kayfabe: HELD-REPLY fn=RmControl depth=1 — this map reply WAITS for its rows
kf3: GSP rpc RmControl seq=352
kayfabe: HELD-REPLY-POSTED n=1 — their rows are on the host now
kf3: GSP rpc Free seq=353
kf3: GSP rpc Free seq=354
kf3: GSP rpc Free seq=355
kf3: GSP rpc Free seq=356
kf3: GSP rpc Free seq=357
kf3: GSP rpc Free seq=358
kf3: GSP rpc Free seq=359
kf3: GSP rpc Free seq=360
kf3: GSP rpc Free seq=361
kf3: GSP rpc Free seq=362
kf3: GSP rpc Free seq=363
kf3: GSP rpc Free seq=364
kf3: GSP rpc Free seq=365
kf3: GSP rpc Free seq=366
kf3: GSP rpc Free seq=367
kf3: GSP rpc Free seq=368
kf3: GSP rpc Free seq=369
kf3: GSP rpc Free seq=370
kf3: GSP rpc Free seq=371
kf3: GSP rpc Free seq=372
kf3: GSP rpc Free seq=373
kf3: GSP rpc Free seq=374
kf3: GSP rpc Free seq=375
kf3: GSP rpc Free seq=376
kf3: GSP rpc Free seq=377
kf3: GSP rpc Free seq=378
kf3: GSP rpc Free seq=379
kf3: GSP rpc Free seq=380
kf3: GSP rpc Free seq=381
kf3: GSP rpc Free seq=382
kf3: GSP rpc Free seq=383
kf3: GSP rpc Free seq=384
kf3: GSP rpc Free seq=385
kf3: GSP rpc Free seq=386
kf3: GSP rpc Free seq=387
kf3: GSP rpc Free seq=388
kf3: GSP rpc Free seq=389
kf3: GSP rpc Free seq=390
kf3: GSP rpc Free seq=391
kf3: GSP rpc Free seq=392
kf3: GSP rpc Free seq=393
kf3: GSP rpc Free seq=394
kf3: GSP rpc Free seq=395
kayfabe: HELD-REPLY fn=Free depth=1 — this map reply WAITS for its rows
kf3: GSP rpc Free seq=396
kf3: DOORBELL-LEDGER tok=0x00001006 route=translated emulated=0 forwarded=1 host=0x1001d fast=0
kf3: chan token 0x1006 (host 0x1001d) RETIRED, forwarded=1 submissions=1 splits=0/0 serves=3 last_put=Some(1) gp_get=Some(1) store_views=1 privilege=Some(ChannelPrivilege { level: 2, uvm_owned: true }) dead=None
kf3: act free: 0xc1d0000a:0xcaf000ca: translated host 0x1001d (3149 us, off the GSP lock)
kayfabe: HELD-REPLY-POSTED n=1 — their rows are on the host now
kf3: GSP rpc Free seq=397
kf3: GSP rpc Free seq=398
kayfabe: HELD-REPLY fn=Free depth=1 — this map reply WAITS for its rows
kf3: GSP rpc Free seq=399
kf3: DOORBELL-LEDGER tok=0x00001005 route=translated emulated=0 forwarded=1 host=0x1001c fast=0
kf3: chan token 0x1005 (host 0x1001c) RETIRED, forwarded=1 submissions=1 splits=0/0 serves=2 last_put=Some(1) gp_get=Some(1) store_views=1 privilege=Some(ChannelPrivilege { level: 2, uvm_owned: true }) dead=None
kf3: act free: 0xc1d0000a:0xcaf000bf: translated host 0x1001c (2707 us, off the GSP lock)
kayfabe: HELD-REPLY-POSTED n=1 — their rows are on the host now
kf3: GSP rpc Free seq=400
kf3: GSP rpc Free seq=401
kf3: GSP rpc Free seq=402
kayfabe: HELD-REPLY fn=Free depth=1 — this map reply WAITS for its rows
kf3: GSP rpc Free seq=403
kf3: DOORBELL-LEDGER tok=0x00000804 route=translated emulated=0 forwarded=1 host=0x1001b fast=0
kf3: chan token 0x804 (host 0x1001b) RETIRED, forwarded=1 submissions=1 splits=0/0 serves=2 last_put=Some(1) gp_get=Some(1) store_views=1 privilege=Some(ChannelPrivilege { level: 2, uvm_owned: true }) dead=None
kf3: act free: 0xc1d0000a:0xcaf000b4: translated host 0x1001b (2951 us, off the GSP lock)
kayfabe: HELD-REPLY-POSTED n=1 — their rows are on the host now
kf3: GSP rpc Free seq=404
kf3: GSP rpc Free seq=405
kayfabe: HELD-REPLY fn=Free depth=1 — this map reply WAITS for its rows
kf3: GSP rpc Free seq=406
kf3: DOORBELL-LEDGER tok=0x00000803 route=translated emulated=0 forwarded=195 host=0x1001a fast=0
kf3: chan token 0x803 (host 0x1001a) RETIRED, forwarded=195 submissions=357 splits=164/164 serves=650 last_put=Some(195) gp_get=Some(195) store_views=1 privilege=Some(ChannelPrivilege { level: 2, uvm_owned: true }) dead=None
kf3: act free: 0xc1d0000a:0xcaf000a9: translated host 0x1001a (2849 us, off the GSP lock)
kayfabe: HELD-REPLY-POSTED n=1 — their rows are on the host now
kf3: GSP rpc Free seq=407
kayfabe: HELD-REPLY fn=RmControl depth=1 — this map reply WAITS for its rows
kf3: GSP rpc RmControl seq=408
kayfabe: HELD-REPLY-POSTED n=1 — their rows are on the host now
kf3: GSP rpc Free seq=409
kf3: GSP rpc RmControl seq=410
kf3: GSP rpc UNSERVICED Unserviced { code: 76, sequence: 410 }
kf3: GSP rpc RmControl seq=411
kf3: GSP rpc UNSERVICED Unserviced { code: 76, sequence: 411 }
kf3: GSP rpc RmControl seq=412
kf3: GSP rpc UNSERVICED Unserviced { code: 76, sequence: 412 }
kf3: GSP rpc Free seq=413
kf3: GSP rpc Free seq=414
kf3: GSP rpc Free seq=415
kayfabe: HELD-REPLY fn=Free depth=1 — this map reply WAITS for its rows
kf3: GSP rpc Free seq=416
kf3: act free: 0xc1d0002c:0x5c000039: engine object host 0xcafe00f6 freed (639 us, off the GSP lock)
kayfabe: HELD-REPLY-POSTED n=1 — their rows are on the host now
kayfabe: HELD-REPLY fn=Free depth=1 — this map reply WAITS for its rows
kf3: GSP rpc Free seq=417
kf3: act free: 0xc1d0002c:0x5c000038: engine object host 0xcafe00f5 freed (541 us, off the GSP lock)
kayfabe: HELD-REPLY-POSTED n=1 — their rows are on the host now
kayfabe: HELD-REPLY fn=Free depth=1 — this map reply WAITS for its rows
kf3: GSP rpc Free seq=418
kf3: DOORBELL-LEDGER tok=0x0000000e route=passthrough rung=1 emulated=0 forwarded=1 host=0x25 trap=1 fast=0
kf3: act free: 0xc1d0002c:0x5c000037: passthrough 0xc1d0002c:0x5c000037 token 0xe host 0x25 objects=0 ctx=CtxBind { initialized: 0, va_bound: 0, bound: false, promotes: 1, evicts: 1 } freed (1028 us, off the GSP lock)
kayfabe: HELD-REPLY-POSTED n=1 — their rows are on the host now
kayfabe: HELD-REPLY fn=Free depth=1 — this map reply WAITS for its rows
kf3: GSP rpc Free seq=419
kf3: act free: 0xc1d0002c:0x5c000035: engine object host 0xcafe00f1 freed (413 us, off the GSP lock)
kayfabe: HELD-REPLY-POSTED n=1 — their rows are on the host now
kayfabe: HELD-REPLY fn=Free depth=1 — this map reply WAITS for its rows
kf3: GSP rpc Free seq=420
kf3: act free: 0xc1d0002c:0x5c000034: engine object host 0xcafe00f0 freed (458 us, off the GSP lock)
kayfabe: HELD-REPLY-POSTED n=1 — their rows are on the host now
kayfabe: HELD-REPLY fn=Free depth=1 — this map reply WAITS for its rows
kf3: GSP rpc Free seq=421
kf3: DOORBELL-LEDGER tok=0x0000000d route=passthrough rung=1 emulated=0 forwarded=1 host=0x24 trap=1 fast=0
kf3: act free: 0xc1d0002c:0x5c000033: passthrough 0xc1d0002c:0x5c000033 token 0xd host 0x24 objects=0 ctx=CtxBind { initialized: 0, va_bound: 0, bound: false, promotes: 1, evicts: 1 } freed (799 us, off the GSP lock)
kayfabe: HELD-REPLY-POSTED n=1 — their rows are on the host now
kayfabe: HELD-REPLY fn=Free depth=1 — this map reply WAITS for its rows
kf3: GSP rpc Free seq=422
kf3: act free: 0xc1d0002c:0x5c000031: engine object host 0xcafe00ec freed (399 us, off the GSP lock)
kayfabe: HELD-REPLY-POSTED n=1 — their rows are on the host now
kayfabe: HELD-REPLY fn=Free depth=1 — this map reply WAITS for its rows
kf3: GSP rpc Free seq=423
kf3: act free: 0xc1d0002c:0x5c000030: engine object host 0xcafe00eb freed (446 us, off the GSP lock)
kayfabe: HELD-REPLY-POSTED n=1 — their rows are on the host now
kayfabe: HELD-REPLY fn=Free depth=1 — this map reply WAITS for its rows
kf3: GSP rpc Free seq=424
kf3: DOORBELL-LEDGER tok=0x0000000c route=passthrough rung=1 emulated=0 forwarded=1 host=0x23 trap=1 fast=0
kf3: act free: 0xc1d0002c:0x5c00002f: passthrough 0xc1d0002c:0x5c00002f token 0xc host 0x23 objects=0 ctx=CtxBind { initialized: 0, va_bound: 0, bound: false, promotes: 1, evicts: 1 } freed (803 us, off the GSP lock)
kayfabe: HELD-REPLY-POSTED n=1 — their rows are on the host now
kayfabe: HELD-REPLY fn=Free depth=1 — this map reply WAITS for its rows
kf3: GSP rpc Free seq=425
kf3: act free: 0xc1d0002c:0x5c00002d: engine object host 0xcafe00e7 freed (404 us, off the GSP lock)
kayfabe: HELD-REPLY-POSTED n=1 — their rows are on the host now
kayfabe: HELD-REPLY fn=Free depth=1 — this map reply WAITS for its rows
kf3: GSP rpc Free seq=426
kf3: act free: 0xc1d0002c:0x5c00002c: engine object host 0xcafe00e6 freed (429 us, off the GSP lock)
kayfabe: HELD-REPLY-POSTED n=1 — their rows are on the host now
kayfabe: HELD-REPLY fn=Free depth=1 — this map reply WAITS for its rows
kf3: GSP rpc Free seq=427
kf3: DOORBELL-LEDGER tok=0x0000000b route=passthrough rung=1 emulated=0 forwarded=1 host=0x22 trap=1 fast=0
kf3: act free: 0xc1d0002c:0x5c00002b: passthrough 0xc1d0002c:0x5c00002b token 0xb host 0x22 objects=0 ctx=CtxBind { initialized: 0, va_bound: 0, bound: false, promotes: 1, evicts: 1 } freed (773 us, off the GSP lock)
kayfabe: HELD-REPLY-POSTED n=1 — their rows are on the host now
kayfabe: HELD-REPLY fn=Free depth=1 — this map reply WAITS for its rows
kf3: GSP rpc Free seq=428
kf3: act free: 0xc1d0002c:0x5c000029: engine object host 0xcafe00e2 freed (390 us, off the GSP lock)
kayfabe: HELD-REPLY-POSTED n=1 — their rows are on the host now
kayfabe: HELD-REPLY fn=Free depth=1 — this map reply WAITS for its rows
kf3: GSP rpc Free seq=429
kf3: act free: 0xc1d0002c:0x5c000028: engine object host 0xcafe00e1 freed (432 us, off the GSP lock)
kayfabe: HELD-REPLY-POSTED n=1 — their rows are on the host now
kayfabe: HELD-REPLY fn=Free depth=1 — this map reply WAITS for its rows
kf3: GSP rpc Free seq=430
kf3: DOORBELL-LEDGER tok=0x0000000a route=passthrough rung=1 emulated=0 forwarded=1 host=0x21 trap=1 fast=0
kf3: act free: 0xc1d0002c:0x5c000027: passthrough 0xc1d0002c:0x5c000027 token 0xa host 0x21 objects=0 ctx=CtxBind { initialized: 0, va_bound: 0, bound: false, promotes: 1, evicts: 1 } freed (738 us, off the GSP lock)
kayfabe: HELD-REPLY-POSTED n=1 — their rows are on the host now
kayfabe: HELD-REPLY fn=Free depth=1 — this map reply WAITS for its rows
kf3: GSP rpc Free seq=431
kf3: act free: 0xc1d0002c:0x5c000025: engine object host 0xcafe00dd freed (387 us, off the GSP lock)
kayfabe: HELD-REPLY-POSTED n=1 — their rows are on the host now
kayfabe: HELD-REPLY fn=Free depth=1 — this map reply WAITS for its rows
kf3: GSP rpc Free seq=432
kf3: act free: 0xc1d0002c:0x5c000024: engine object host 0xcafe00dc freed (419 us, off the GSP lock)
kayfabe: HELD-REPLY-POSTED n=1 — their rows are on the host now
kayfabe: HELD-REPLY fn=Free depth=1 — this map reply WAITS for its rows
kf3: GSP rpc Free seq=433
kf3: DOORBELL-LEDGER tok=0x00000009 route=passthrough rung=1 emulated=0 forwarded=1 host=0x20 trap=1 fast=0
kf3: act free: 0xc1d0002c:0x5c000023: passthrough 0xc1d0002c:0x5c000023 token 0x9 host 0x20 objects=0 ctx=CtxBind { initialized: 0, va_bound: 0, bound: false, promotes: 1, evicts: 1 } freed (753 us, off the GSP lock)
kayfabe: HELD-REPLY-POSTED n=1 — their rows are on the host now
kayfabe: HELD-REPLY fn=Free depth=1 — this map reply WAITS for its rows
kf3: GSP rpc Free seq=434
kf3: act free: 0xc1d0002c:0x5c000021: engine object host 0xcafe00d8 freed (387 us, off the GSP lock)
kayfabe: HELD-REPLY-POSTED n=1 — their rows are on the host now
kayfabe: HELD-REPLY fn=Free depth=1 — this map reply WAITS for its rows
kf3: GSP rpc Free seq=435
kf3: act free: 0xc1d0002c:0x5c000020: engine object host 0xcafe00d7 freed (459 us, off the GSP lock)
kayfabe: HELD-REPLY-POSTED n=1 — their rows are on the host now
kayfabe: HELD-REPLY fn=Free depth=1 — this map reply WAITS for its rows
kf3: GSP rpc Free seq=436
kf3: DOORBELL-LEDGER tok=0x00000008 route=passthrough rung=1 emulated=0 forwarded=1 host=0x1f trap=1 fast=0
kf3: act free: 0xc1d0002c:0x5c00001f: passthrough 0xc1d0002c:0x5c00001f token 0x8 host 0x1f objects=0 ctx=CtxBind { initialized: 0, va_bound: 0, bound: false, promotes: 1, evicts: 1 } freed (727 us, off the GSP lock)
kayfabe: HELD-REPLY-POSTED n=1 — their rows are on the host now
kayfabe: HELD-REPLY fn=Free depth=1 — this map reply WAITS for its rows
kf3: GSP rpc Free seq=437
kf3: act free: 0xc1d0002c:0x5c00001b: engine object host 0xcafe00d2 freed (383 us, off the GSP lock)
kayfabe: HELD-REPLY-POSTED n=1 — their rows are on the host now
kf3: GSP rpc Free seq=438
kf3: GSP rpc Free seq=439
kf3: GSP rpc Free seq=440
kf3: GSP rpc Free seq=441
kf3: GSP rpc Free seq=442
kf3: GSP rpc Free seq=443
kf3: GSP rpc Free seq=444
kayfabe: HELD-REPLY fn=Free depth=1 — this map reply WAITS for its rows
kf3: GSP rpc Free seq=445
kf3: act free: 0xc1d0002c:0x5c00001a: debugger session host 0xcafe0122 freed; engine object host 0xcafe00d1 freed (1744 us, off the GSP lock)
kayfabe: HELD-REPLY-POSTED n=1 — their rows are on the host now
kayfabe: HELD-REPLY fn=Free depth=1 — this map reply WAITS for its rows
kf3: GSP rpc Free seq=446
kf3: DOORBELL-LEDGER tok=0x00000007 route=passthrough rung=115 emulated=0 forwarded=115 host=0x1e trap=115 fast=0
kf3: act free: 0xc1d0002c:0x5c000019: passthrough 0xc1d0002c:0x5c000019 token 0x7 host 0x1e objects=0 ctx=CtxBind { initialized: 3591, va_bound: 0, bound: false, promotes: 2, evicts: 1 } freed (1992 us, off the GSP lock)
kayfabe: HELD-REPLY-POSTED n=1 — their rows are on the host now
kf3: GSP rpc Free seq=447
kf3: GSP rpc Free seq=448
kayfabe: HELD-REPLY fn=Free depth=1 — this map reply WAITS for its rows
kf3: GSP rpc Free seq=449
kf3: act free: 0xc1d0002c:0x5c000047: engine object host 0xcafe0107 freed (525 us, off the GSP lock)
kayfabe: HELD-REPLY-POSTED n=1 — their rows are on the host now
kayfabe: HELD-REPLY fn=Free depth=1 — this map reply WAITS for its rows
kf3: GSP rpc Free seq=450
kf3: DOORBELL-LEDGER tok=0x00000812 route=passthrough rung=1 emulated=0 forwarded=1 host=0x10029 trap=1 fast=0
kf3: act free: 0xc1d0002c:0x5c000046: passthrough 0xc1d0002c:0x5c000046 token 0x812 host 0x10029 objects=0 ctx=CtxBind { initialized: 0, va_bound: 0, bound: false, promotes: 0, evicts: 0 } freed (795 us, off the GSP lock)
kayfabe: HELD-REPLY-POSTED n=1 — their rows are on the host now
kayfabe: HELD-REPLY fn=Free depth=1 — this map reply WAITS for its rows
kf3: GSP rpc Free seq=451
kf3: act free: 0xc1d0002c:0x5c000044: engine object host 0xcafe0103 freed (375 us, off the GSP lock)
kayfabe: HELD-REPLY-POSTED n=1 — their rows are on the host now
kayfabe: HELD-REPLY fn=Free depth=1 — this map reply WAITS for its rows
kf3: GSP rpc Free seq=452
kf3: DOORBELL-LEDGER tok=0x00000811 route=passthrough rung=1 emulated=0 forwarded=1 host=0x10028 trap=1 fast=0
kf3: act free: 0xc1d0002c:0x5c000043: passthrough 0xc1d0002c:0x5c000043 token 0x811 host 0x10028 objects=0 ctx=CtxBind { initialized: 0, va_bound: 0, bound: false, promotes: 0, evicts: 0 } freed (692 us, off the GSP lock)
kayfabe: HELD-REPLY-POSTED n=1 — their rows are on the host now
kayfabe: HELD-REPLY fn=Free depth=1 — this map reply WAITS for its rows
kf3: GSP rpc Free seq=453
kf3: act free: 0xc1d0002c:0x5c000041: engine object host 0xcafe00ff freed (445 us, off the GSP lock)
kayfabe: HELD-REPLY-POSTED n=1 — their rows are on the host now
kayfabe: HELD-REPLY fn=Free depth=1 — this map reply WAITS for its rows
kf3: GSP rpc Free seq=454
kf3: DOORBELL-LEDGER tok=0x00000810 route=passthrough rung=1 emulated=0 forwarded=1 host=0x10027 trap=1 fast=0
kf3: act free: 0xc1d0002c:0x5c000040: passthrough 0xc1d0002c:0x5c000040 token 0x810 host 0x10027 objects=0 ctx=CtxBind { initialized: 0, va_bound: 0, bound: false, promotes: 0, evicts: 0 } freed (668 us, off the GSP lock)
kayfabe: HELD-REPLY-POSTED n=1 — their rows are on the host now
kayfabe: HELD-REPLY fn=Free depth=1 — this map reply WAITS for its rows
kf3: GSP rpc Free seq=455
kf3: act free: 0xc1d0002c:0x5c00003e: engine object host 0xcafe00fb freed (366 us, off the GSP lock)
kayfabe: HELD-REPLY-POSTED n=1 — their rows are on the host now
kayfabe: HELD-REPLY fn=Free depth=1 — this map reply WAITS for its rows
kf3: GSP rpc Free seq=456
kf3: DOORBELL-LEDGER tok=0x0000080f route=passthrough rung=98 emulated=0 forwarded=98 host=0x10026 trap=98 fast=0
kf3: act free: 0xc1d0002c:0x5c00003d: passthrough 0xc1d0002c:0x5c00003d token 0x80f host 0x10026 objects=0 ctx=CtxBind { initialized: 0, va_bound: 0, bound: false, promotes: 0, evicts: 0 } freed (1410 us, off the GSP lock)
kayfabe: HELD-REPLY-POSTED n=1 — their rows are on the host now
kf3: GSP rpc Free seq=457
kayfabe: HELD-REPLY fn=Free depth=1 — this map reply WAITS for its rows
kf3: GSP rpc Free seq=458
kf3: act free: 0xc1d0002c:0x5c000055: engine object host 0xcafe0118 freed (422 us, off the GSP lock)
kayfabe: HELD-REPLY-POSTED n=1 — their rows are on the host now
kayfabe: HELD-REPLY fn=Free depth=1 — this map reply WAITS for its rows
kf3: GSP rpc Free seq=459
kf3: DOORBELL-LEDGER tok=0x00001016 route=passthrough rung=1 emulated=0 forwarded=1 host=0x2002d trap=1 fast=0
kf3: act free: 0xc1d0002c:0x5c000054: passthrough 0xc1d0002c:0x5c000054 token 0x1016 host 0x2002d objects=0 ctx=CtxBind { initialized: 0, va_bound: 0, bound: false, promotes: 0, evicts: 0 } freed (793 us, off the GSP lock)
kayfabe: HELD-REPLY-POSTED n=1 — their rows are on the host now
kayfabe: HELD-REPLY fn=Free depth=1 — this map reply WAITS for its rows
kf3: GSP rpc Free seq=460
kf3: act free: 0xc1d0002c:0x5c000052: engine object host 0xcafe0114 freed (374 us, off the GSP lock)
kayfabe: HELD-REPLY-POSTED n=1 — their rows are on the host now
kayfabe: HELD-REPLY fn=Free depth=1 — this map reply WAITS for its rows
kf3: GSP rpc Free seq=461
kf3: DOORBELL-LEDGER tok=0x00001015 route=passthrough rung=1 emulated=0 forwarded=1 host=0x2002c trap=1 fast=0
kf3: act free: 0xc1d0002c:0x5c000051: passthrough 0xc1d0002c:0x5c000051 token 0x1015 host 0x2002c objects=0 ctx=CtxBind { initialized: 0, va_bound: 0, bound: false, promotes: 0, evicts: 0 } freed (681 us, off the GSP lock)
kayfabe: HELD-REPLY-POSTED n=1 — their rows are on the host now
kayfabe: HELD-REPLY fn=Free depth=1 — this map reply WAITS for its rows
kf3: GSP rpc Free seq=462
kf3: act free: 0xc1d0002c:0x5c00004f: engine object host 0xcafe0110 freed (382 us, off the GSP lock)
kayfabe: HELD-REPLY-POSTED n=1 — their rows are on the host now
kayfabe: HELD-REPLY fn=Free depth=1 — this map reply WAITS for its rows
kf3: GSP rpc Free seq=463
kf3: DOORBELL-LEDGER tok=0x00001014 route=passthrough rung=1 emulated=0 forwarded=1 host=0x2002b trap=1 fast=0
kf3: act free: 0xc1d0002c:0x5c00004e: passthrough 0xc1d0002c:0x5c00004e token 0x1014 host 0x2002b objects=0 ctx=CtxBind { initialized: 0, va_bound: 0, bound: false, promotes: 0, evicts: 0 } freed (663 us, off the GSP lock)
kayfabe: HELD-REPLY-POSTED n=1 — their rows are on the host now
kayfabe: HELD-REPLY fn=Free depth=1 — this map reply WAITS for its rows
kf3: GSP rpc Free seq=464
kf3: act free: 0xc1d0002c:0x5c00004c: engine object host 0xcafe010c freed (369 us, off the GSP lock)
kayfabe: HELD-REPLY-POSTED n=1 — their rows are on the host now
kayfabe: HELD-REPLY fn=Free depth=1 — this map reply WAITS for its rows
kf3: GSP rpc Free seq=465
kf3: DOORBELL-LEDGER tok=0x00001013 route=passthrough rung=2 emulated=0 forwarded=2 host=0x2002a trap=2 fast=0
kf3: act free: 0xc1d0002c:0x5c00004b: passthrough 0xc1d0002c:0x5c00004b token 0x1013 host 0x2002a objects=0 ctx=CtxBind { initialized: 0, va_bound: 0, bound: false, promotes: 0, evicts: 0 } freed (1354 us, off the GSP lock)
kayfabe: HELD-REPLY-POSTED n=1 — their rows are on the host now
kf3: GSP rpc Free seq=466
kf3: GSP rpc Free seq=467
kf3: GSP rpc Free seq=468
kf3: GSP rpc Free seq=469
kf3: GSP rpc Free seq=470
kf3: GSP rpc Free seq=471
kf3: GSP rpc Free seq=472
kf3: GSP rpc Free seq=473
kf3: GSP rpc Free seq=474
kayfabe: HELD-REPLY fn=RmControl depth=1 — this map reply WAITS for its rows
kf3: GSP rpc RmControl seq=475
kayfabe: HELD-REPLY-POSTED n=1 — their rows are on the host now
kayfabe: HELD-REPLY fn=RmControl depth=1 — this map reply WAITS for its rows
kf3: GSP rpc RmControl seq=476
kayfabe: HELD-REPLY-POSTED n=1 — their rows are on the host now
kayfabe: HELD-REPLY fn=Free depth=1 — this map reply WAITS for its rows
kf3: GSP rpc Free seq=477
kf3: act free: 0xc1d0002c:0x5c000002: host CUDA limit off (ok) (310 us, off the GSP lock)
kayfabe: HELD-REPLY-POSTED n=1 — their rows are on the host now
kf3: GSP rpc Free seq=478
kf3: GSP rpc Free seq=479
kayfabe: HELD-REPLY fn=Free depth=1 — this map reply WAITS for its rows
kf3: GSP rpc Free seq=480
kf3: DOORBELL-LEDGER tok=0x00000802 route=translated emulated=0 forwarded=2 host=0x10019 fast=0
kf3: chan token 0x802 (host 0x10019) RETIRED, forwarded=2 submissions=2 splits=0/0 serves=5 last_put=Some(2) gp_get=Some(2) store_views=0 privilege=Some(ChannelPrivilege { level: 2, uvm_owned: false }) dead=None
kf3: act free: 0xc1e00031:0x2: translated host 0x10019 (2802 us, off the GSP lock)
kayfabe: HELD-REPLY-POSTED n=1 — their rows are on the host now
kf3: GSP rpc Free seq=481
kf3: GSP rpc Free seq=482
kf3: GSP rpc Free seq=483
kf3: GSP rpc Free seq=484
kf3: GSP rpc Free seq=485
kf3: GSP rpc Free seq=486
kayfabe: HELD-REPLY fn=Free depth=1 — this map reply WAITS for its rows
kf3: GSP rpc Free seq=487
kf3: DOORBELL-LEDGER tok=0x00000801 route=translated emulated=0 forwarded=49 host=0x10018 fast=0
kf3: chan token 0x801 (host 0x10018) RETIRED, forwarded=49 submissions=49 splits=0/0 serves=78 last_put=Some(49) gp_get=Some(49) store_views=0 privilege=Some(ChannelPrivilege { level: 2, uvm_owned: false }) dead=None
kf3: act free: 0xc1e00030:0x2: translated host 0x10018 (2935 us, off the GSP lock)
kayfabe: HELD-REPLY-POSTED n=1 — their rows are on the host now
kf3: GSP rpc Free seq=488
kf3: GSP rpc Free seq=489
kf3: GSP rpc Free seq=490
kf3: GSP rpc Free seq=491
kayfabe: HELD-REPLY fn=RmControl depth=1 — this map reply WAITS for its rows
kf3: GSP rpc RmControl seq=492
kayfabe: HELD-REPLY-POSTED n=1 — their rows are on the host now
kf3: GSP rpc RmControl seq=493
kf3: mem t=126.499s the guest wrote NV_PBUS_BAR1_BLOCK = 0x0 (MODE PHYSICAL) at GSP phase Running
kf3: GSP rpc Free seq=494
kf3: GSP rpc Free seq=495
kf3: GSP rpc Free seq=496
kf3: GSP rpc Free seq=497
kf3: GSP rpc Free seq=498
kf3: GSP rpc Free seq=499
kf3: GSP rpc RmControl seq=500
kf3: GSP rpc UNSERVICED Unserviced { code: 76, sequence: 500 }
kayfabe: HELD-REPLY fn=UpdateBarPde depth=1 — this map reply WAITS for its rows
kf3: GSP rpc UpdateBarPde seq=501
kayfabe: HELD-REPLY-POSTED n=1 — their rows are on the host now
kf3: GSP rpc Free seq=502
kf3: GSP rpc Free seq=503
kf3: GSP rpc Free seq=504
kf3: GSP rpc Free seq=505
kf3: GSP rpc RmControl seq=506
kf3: GSP rpc UNSERVICED Unserviced { code: 76, sequence: 506 }
kf3: GSP rpc UnloadingGuestDriver seq=507
kf3: GSP fn 47 UNLOADING_GUEST_DRIVER seq=507: bInPMTransition=false bGc6Entering=false newLevel=0 — the guest's RM gives BAR1 up
kf3: GSP phase Running -> Suspending
kf3: GSP phase Suspending -> Halted
kf3: family=Ampere phase=Halted trapped=22814 applied=6513 refused=10 serviced=1563 ram_refused=0 unshadowed_writes=2 read_exits=0 last_off=0x110100 mem[inval=760 walks=981/981 cleared=760 superseded=0 named_missed=13 unreconciled=0 mapped=3870 unmapped=907 clipped=0x0 held=0 vmm_overlaps=0 priv_withheld=0 priv_withheld_bytes=0x0 priv_mirrored=30 sked=2/0held fn70=10 roots=28 root_moves=2 stmts=85/85 refused=0 pramin_repoints=102 pramin_miss=0 last_miss=0x0 pramin_worst_us=759 (map 509 mmap 246) pramin_maps=102 pramin_mmaps=102 pramin_kept=0 pramin_kept_now=0 window_advice_refused=0 inline_opens=0 reaped=101 cache_ops=4 sysmembars=17 root_unsets=4] mirrors=2 reused=24 prewarmed=3 mirror_avg_us=537125 mirror_max_us=552795 vat[invals=158 arrive->clear_avg_us=2841 max_us=214626 walks=264 walk_avg_us=313 gpu_avg_us=124 plan_avg_us=0 apply_avg_us=1794 leaves=81 host_calls=434] chan[births=18 pt_births=32 acts=278/0refused worst_act_us=5232 nsi=[GR0:985/230raised CE2:656/449raised] served=1494 parks=8341 host_rings=881 contended=0 poisoned=0 tokens=[]] views[armed=531 released=529 refused=0 held=2] rc[armed=32 unarmed=0 wakes=0 seen=0 posted=0] irq[writes=13062 raised=671 held=14 oor=0] dbfast[off regs=0 placed=0/0 sites=0 doorbells=0 wakes=0 rang=0 handed=0 absorbed=0 refused(budget=0 kvm=0 enospc=0 eexist=0 fd=0) deassign_failed=0 ack_timeouts=0 double=0 stale=0 empty=0 polls=0/0 max_batch=0 wake_to_deliver[n=0 p50=0.0us p99=0.0us max=0.0us] ack_wait[n=0 p50=0.0us p99=0.0us max=0.0us]] unserviced=[0x20800a87,0x20800a4b,0x20800afe,0x20800aff,0x20800a80,0x20802a0f,0x2080017e,0x20800a30,0x20800a2e,0x20800b03,0x20800b05,0x20800a3f,0x2080012b,0x2080013f,0x00800294,0x20810108,0x20810110,0x2080014b,0x20800157,0x20801357,0x2080852e,0x20808513,0x20802068,0x2080a618,0x2080a612,0x2080a097,0x20800a38,0x2080012f,0x20802a12,0x20800ab8,0x20800a9a,0x20800a9e,0x20800a9c,0x20800a1e] gsp_refusals[total=174 distinct=37 [fn76/0x20800a87=0x56x5 fn76/0x20800a4b=0x56x5 fn76/0x20800afe=0x56x10 fn76/0x20800aff=0x56x9 fn76/0x20800a80=0x56x10 fn76/0x20802a0f=0x56x5 fn76/0x2080017e=0x56x5 fn76/0x20800a30=0x56x5 fn76/0x20800a2e=0x56x5 fn76/0x20800b03=0x56x5 fn76/0x20800b05=0x56x5 fn76/0x20800a3f=0x56x5 fn76/0x2080012b=0x56x5 fn76/0x2080013f=0x56x5 fn103/0x0000c36f=0x56x5 fn103/0x0000402c=0x56x5 fn76/0x00800294=0x56x2 fn76/0x20810108=0x56x4 fn76/0x20810110=0x56x4 fn76/0x2080014b=0x56x10 fn76/0x20800157=0x56x2 fn76/0x20801357=0x56x2 fn76/0x2080852e=0x56x2 fn76/0x20808513=0x56x2 fn76/0x20802068=0x56x2 fn76/0x2080a618=0x56x2 fn76/0x2080a612=0x56x2 fn76/0x2080a097=0x56x2 fn103/0x0000208f=0x56x2 fn76/0x20800a38=0x56x5 fn76/0x2080012f=0x56x4 fn76/0x20802a12=0x56x24 fn76/0x20800ab8=0x56x1 fn76/0x20800a9a=0x56x2 fn76/0x20800a9e=0x56x2 fn76/0x20800a9c=0x56x2 fn76/0x20800a1e=0x56x2]]
