[  112.563028] nvidia-modeset: Loading NVIDIA UNIX Open Kernel Mode Setting Driver for x86_64  580.159.04  Release Build  (dvs-builder@U22-I3-AF04-09-6)  Wed Apr 29 17:04:37 UTC 2026
[  112.583056] nvidia-modeset: WARNING: GPU:0: Failed to register display hotplug handler: 0x56

[  112.584435] nvidia-modeset: WARNING: GPU:0: Failed to register DisplayPort interrupt handler: 0x56

[  112.585822] nvidia-modeset: WARNING: GPU:0: Failed to enable HDMI FRL retrain notifications (subdevice: 0) (error: 0x56)
[  112.760940] NVRM: nvAssertFailedNoLog: Assertion failed: (status == NV_OK) || (status == NV_ERR_GPU_IN_FULLCHIP_RESET) @ gpu_user_shared_data.c:373
[  112.760950] NVRM: nvAssertOkFailedNoLog: Assertion failed: Call not supported [NV_ERR_NOT_SUPPORTED] (0x00000056) returned from _gpushareddataRequestDataPoll(pData, pAllocParams->polledDataMask) @ gpu_user_shared_data.c:95
[  113.378547] NVRM: dispswConstruct_IMPL: RPC error, can't get the displaymask and number of heads
[  115.924851] NVRM: dispswConstruct_IMPL: RPC error, can't get the displaymask and number of heads
[  115.925195] NVRM: dispswConstruct_IMPL: RPC error, can't get the displaymask and number of heads
[  115.925496] NVRM: dispswConstruct_IMPL: RPC error, can't get the displaymask and number of heads
[  115.925800] NVRM: dispswConstruct_IMPL: RPC error, can't get the displaymask and number of heads
[  116.040502] NVRM: dispswConstruct_IMPL: RPC error, can't get the displaymask and number of heads
[  116.040809] NVRM: dispswConstruct_IMPL: RPC error, can't get the displaymask and number of heads
[  116.041088] NVRM: dispswConstruct_IMPL: RPC error, can't get the displaymask and number of heads
[  116.041451] NVRM: dispswConstruct_IMPL: RPC error, can't get the displaymask and number of heads
[  118.550037] show_signal_msg: 111 callbacks suppressed
[  118.550571] cinnamon[3974]: segfault at 0 ip 0000769dc2357f19 sp 00007ffeb6dccfc0 error 6 in libnvidia-glcore.so.580.159.04[769dc1c00000+c00000] likely on CPU 4 (core 4, socket 0)
[  118.550773] Code: e8 0c ee f8 ff 41 89 c0 48 8b 83 40 12 00 00 f6 40 0c 01 74 09 45 85 ff 0f 85 e3 00 00 00 45 31 c9 48 8b 83 80 00 00 00 89 ea <c7> 00 04 c0 04 20 49 03 55 00 48 c1 ea 20 89 50 04 41 03 6d 00 89
[  129.139688] nvidia-modeset: WARNING: GPU:0: Failed to disable HDMI FRL retrain notifications (subdevice: 0) (error: 0x1)
[  129.253895] NVRM: nvAssertFailedNoLog: Assertion failed: (status == NV_OK) || (status == NV_ERR_GPU_IN_FULLCHIP_RESET) @ fecs_event_list.c:1623
[  129.280040] NVRM: nvCheckOkFailedNoLog: Check failed: Call not supported [NV_ERR_NOT_SUPPORTED] (0x00000056) returned from pRmApi->Control(pRmApi, pGpu->hInternalClient, pGpu->hInternalSubdevice, NV2080_CTRL_CMD_INTERNAL_INIT_USER_SHARED_DATA, &params, sizeof(params)) @ gpu_user_shared_data.c:213
[  145.059673] [drm] [nvidia-drm] [GPU ID 0x00000002] Loading driver
[  145.244267] NVRM: nvAssertOkFailedNoLog: Assertion failed: Call not supported [NV_ERR_NOT_SUPPORTED] (0x00000056) returned from pRmApi->Control(pRmApi, pGpu->hInternalClient, pGpu->hInternalSubdevice, NV2080_CTRL_CMD_INTERNAL_INIT_USER_SHARED_DATA, &params, sizeof(params)) @ gpu_user_shared_data.c:233
[  145.244333] NVRM: nvAssertOkFailedNoLog: Assertion failed: Call not supported [NV_ERR_NOT_SUPPORTED] (0x00000056) returned from pRmApi->Control(pRmApi, pGpu->hInternalClient, pGpu->hInternalSubdevice, NV2080_CTRL_CMD_INTERNAL_USER_SHARED_DATA_SET_DATA_POLL, &params, sizeof(params)) @ gpu_user_shared_data.c:268
[  145.261862] NVRM: kperfGpuBoostSyncStateInit_IMPL: Failed to read Sync Gpu Boost init state, status=0x56
[  145.263902] NVRM: kperfGpuBoostSyncStateInit_IMPL: Failed to read Sync Gpu Boost init state, status=0x56
[  145.264593] NVRM: nvAssertOkFailedNoLog: Assertion failed: Call not supported [NV_ERR_NOT_SUPPORTED] (0x00000056) returned from pRmApi->Control(pRmApi, pGpu->hInternalClient, pGpu->hInternalSubdevice, NV2080_CTRL_CMD_INTERNAL_CE_GET_PCE_CONFIG_FOR_LCE_TYPE, &pceConfigParams, sizeof(pceConfigParams)) @ kernel_ce.c:1020
[  145.264602] NVRM: nvAssertOkFailedNoLog: Assertion failed: Call not supported [NV_ERR_NOT_SUPPORTED] (0x00000056) returned from kceGetPceConfigForLceType(pGpu, pKCe, NV2080_CTRL_CE_LCE_TYPE_DECOMP, &numPcesPerLce, &numLces, &supportedPceMask, &supportedLceMask, &pcesPerHshub) @ kernel_ce_gp100.c:62
[  145.587476] NVRM: nvCheckOkFailedNoLog: Check failed: Call not supported [NV_ERR_NOT_SUPPORTED] (0x00000056) returned from kgrobjPromoteContext(pGpu, pKernelGraphicsObject, pKernelGraphics) @ kernel_graphics_object.c:224
[  145.588015] NVRM: nvAssertOkFailedNoLog: Assertion failed: Call not supported [NV_ERR_NOT_SUPPORTED] (0x00000056) returned from pRmApi->AllocWithHandle(pRmApi, hClientId, hChannelId, hObj3D, classNum, NULL, 0) @ kernel_graphics.c:2519
[  145.589868] NVRM: vaListDestroy: non-zero mapCount(pVaList): 0x1
[  145.589877] NVRM: vaListDestroy: non-zero mapCount(pVaList): 0x1
[  145.589884] NVRM: vaListDestroy: non-zero mapCount(pVaList): 0x1
[  145.589889] NVRM: vaListDestroy: non-zero mapCount(pVaList): 0x1
[  145.593356] NVRM: nvCheckOkFailedNoLog: Check failed: Call not supported [NV_ERR_NOT_SUPPORTED] (0x00000056) returned from kgraphicsCreateGoldenImageChannel(pGpu, pKernelGraphics) @ kernel_graphics.c:508
[  145.593368] NVRM: nvAssertFailedNoLog: Assertion failed: 0 @ kernel_fifo.c:3129
[  145.604339] NVRM: rpcRmApiAlloc_GSP: GspRmAlloc failed: hClient=0xc1d00041; hParent=0x31415903; hObject=0x31415900; hClass=0x0000c36f; paramsSize=0x00000170; paramsStatus=0x00000056; status=0x00000056
[  145.604351] NVRM: nvAssertOkFailedNoLog: Assertion failed: Call not supported [NV_ERR_NOT_SUPPORTED] (0x00000056) returned from status @ kernel_channel.c:2827
[  145.604364] NVRM: nvAssertOkFailedNoLog: Assertion failed: Call not supported [NV_ERR_NOT_SUPPORTED] (0x00000056) returned from _kchannelSendChannelAllocRpc(pKernelChannel, pChannelGpfifoParams, pKernelChannelGroup, bFullSriov) @ kernel_channel.c:940
[  145.606463] NVRM: nvAssertFailedNoLog: Assertion failed: status == NV_OK @ kernel_rc_watchdog.c:1198
[  145.609912] NVRM: rpcRmApiAlloc_GSP: GspRmAlloc failed: hClient=0xc1d00042; hParent=0xcaf00001; hObject=0xcaf00002; hClass=0x0000402c; paramsSize=0x00000000; paramsStatus=0x00000056; status=0x00000056
[  145.632493] nvidia-modeset: WARNING: GPU:0: Failed to register display hotplug handler: 0x56

[  145.633061] nvidia-modeset: WARNING: GPU:0: Failed to register DisplayPort interrupt handler: 0x56

[  145.634190] nvidia-modeset: WARNING: GPU:0: Failed to enable HDMI FRL retrain notifications (subdevice: 0) (error: 0x56)
[  145.811741] [drm] Initialized nvidia-drm 0.0.0 20160202 for 0000:00:02.0 on minor 1
[  145.816041] Console: switching to colour dummy device 80x25
[  145.824071] nvidia 0000:00:02.0: vgaarb: deactivate vga console
[  145.846326] fbcon: nvidia-drmdrmfb (fb0) is primary device
[  145.854479] Console: switching to colour frame buffer device 240x67
[  145.873419] nvidia 0000:00:02.0: [drm] fb0: nvidia-drmdrmfb frame buffer device
[  156.806426] Console: switching to colour dummy device 80x25
[  159.903331] [drm:nv_drm_atomic_commit [nvidia_drm]] *ERROR* [nvidia-drm] [GPU ID 0x00000002] Flip event timeout on head 0
[  159.922722] [drm] [nvidia-drm] [GPU ID 0x00000002] Unloading driver
[  160.213037] nvidia-modeset: WARNING: GPU:0: Failed to disable HDMI FRL retrain notifications (subdevice: 0) (error: 0x1)
[  160.329850] NVRM: nvAssertFailedNoLog: Assertion failed: (status == NV_OK) || (status == NV_ERR_GPU_IN_FULLCHIP_RESET) @ fecs_event_list.c:1623
[  160.348921] NVRM: nvCheckOkFailedNoLog: Check failed: Call not supported [NV_ERR_NOT_SUPPORTED] (0x00000056) returned from pRmApi->Control(pRmApi, pGpu->hInternalClient, pGpu->hInternalSubdevice, NV2080_CTRL_CMD_INTERNAL_INIT_USER_SHARED_DATA, &params, sizeof(params)) @ gpu_user_shared_data.c:213
