[   111.297] 
X.Org X Server 1.21.1.11
X Protocol Version 11, Revision 0
[   111.297] Current Operating System: Linux ubuntu 6.8.0-142-generic #142-Ubuntu SMP PREEMPT_DYNAMIC Wed Sep  2 14:24:27 UTC 2026 x86_64
[   111.297] Kernel command line: BOOT_IMAGE=/vmlinuz-6.8.0-142-generic root=LABEL=cloudimg-rootfs ro console=tty1 console=ttyS0
[   111.297] xorg-server 2:21.1.12-1ubuntu1.8 (For technical support please see http://www.ubuntu.com/support) 
[   111.297] Current version of pixman: 0.42.2
[   111.297] 	Before reporting problems, check http://wiki.x.org
	to make sure that you have the latest version.
[   111.297] Markers: (--) probed, (**) from config file, (==) default setting,
	(++) from command line, (!!) notice, (II) informational,
	(WW) warning, (EE) error, (NI) not implemented, (??) unknown.
[   111.297] (==) Log file: "/var/log/Xorg.0.log", Time: Sat Oct  3 18:00:45 2026
[   111.300] (==) Using config directory: "/etc/X11/xorg.conf.d"
[   111.300] (==) Using system config directory "/usr/share/X11/xorg.conf.d"
[   111.301] (==) No Layout section.  Using the first Screen section.
[   111.301] (==) No screen section available. Using defaults.
[   111.301] (**) |-->Screen "Default Screen Section" (0)
[   111.301] (**) |   |-->Monitor "<default monitor>"
[   111.302] (==) No device specified for screen "Default Screen Section".
	Using the first device section listed.
[   111.302] (**) |   |-->Device "kf3-b5"
[   111.302] (==) No monitor specified for screen "Default Screen Section".
	Using a default monitor configuration.
[   111.302] (**) Allowing byte-swapped clients
[   111.302] (==) Automatically adding devices
[   111.302] (==) Automatically enabling devices
[   111.302] (==) Automatically adding GPU devices
[   111.302] (==) Automatically binding GPU devices
[   111.302] (==) Max clients allowed: 256, resource mask: 0x1fffff
[   111.302] (WW) The directory "/usr/share/fonts/X11/cyrillic" does not exist.
[   111.302] 	Entry deleted from font path.
[   111.302] (WW) The directory "/usr/share/fonts/X11/100dpi/" does not exist.
[   111.302] 	Entry deleted from font path.
[   111.302] (WW) The directory "/usr/share/fonts/X11/75dpi/" does not exist.
[   111.302] 	Entry deleted from font path.
[   111.302] (WW) The directory "/usr/share/fonts/X11/Type1" does not exist.
[   111.302] 	Entry deleted from font path.
[   111.302] (WW) The directory "/usr/share/fonts/X11/100dpi" does not exist.
[   111.302] 	Entry deleted from font path.
[   111.302] (WW) The directory "/usr/share/fonts/X11/75dpi" does not exist.
[   111.302] 	Entry deleted from font path.
[   111.302] (==) FontPath set to:
	/usr/share/fonts/X11/misc,
	built-ins
[   111.302] (==) ModulePath set to "/usr/lib/xorg/modules"
[   111.302] (II) The server relies on udev to provide the list of input devices.
	If no devices become available, reconfigure udev or disable AutoAddDevices.
[   111.302] (II) Loader magic: 0x5c149a9b6020
[   111.302] (II) Module ABI versions:
[   111.302] 	X.Org ANSI C Emulation: 0.4
[   111.302] 	X.Org Video Driver: 25.2
[   111.302] 	X.Org XInput driver : 24.4
[   111.302] 	X.Org Server Extension : 10.0
[   111.304] (++) using VT number 7

[   111.304] (II) systemd-logind: logind integration requires -keeptty and -keeptty was not provided, disabling logind integration
[   111.305] (II) xfree86: Adding drm device (/dev/dri/card0)
[   111.305] (II) Platform probe for /sys/devices/pci0000:00/0000:00:02.0/simple-framebuffer.0/drm/card0
[   111.316] (--) PCI:*(0@0:2:0) 10de:2504:3842:3656 rev 161, Mem @ 0xc0000000/16777216, 0x800000000/134217728, 0x808000000/33554432, 0xc1040000/16384, BIOS @ 0x????????/131072
[   111.317] (II) LoadModule: "glx"
[   111.318] (II) Loading /usr/lib/xorg/modules/extensions/libglx.so
[   111.321] (II) Module glx: vendor="X.Org Foundation"
[   111.321] 	compiled for 1.21.1.11, module version = 1.0.0
[   111.321] 	ABI class: X.Org Server Extension, version 10.0
[   111.321] (II) LoadModule: "nvidia"
[   111.321] (II) Loading /usr/lib/xorg/modules/drivers/nvidia_drv.so
[   111.327] (II) Module nvidia: vendor="NVIDIA Corporation"
[   111.327] 	compiled for 1.6.99.901, module version = 1.0.0
[   111.327] 	Module class: X.Org Video Driver
[   111.328] (II) NVIDIA dlloader X Driver  580.159.04  Wed Apr 29 17:01:30 UTC 2026
[   111.328] (II) NVIDIA Unified Driver for all Supported NVIDIA GPUs
[   111.332] (II) Loading sub module "fb"
[   111.332] (II) LoadModule: "fb"
[   111.332] (II) Module "fb" already built-in
[   111.332] (II) Loading sub module "wfb"
[   111.332] (II) LoadModule: "wfb"
[   111.332] (II) Loading /usr/lib/xorg/modules/libwfb.so
[   111.334] (II) Module wfb: vendor="X.Org Foundation"
[   111.334] 	compiled for 1.21.1.11, module version = 1.0.0
[   111.334] 	ABI class: X.Org ANSI C Emulation, version 0.4
[   111.336] (II) NVIDIA(0): Creating default Display subsection in Screen section
	"Default Screen Section" for depth/fbbpp 24/32
[   111.336] (==) NVIDIA(0): Depth 24, (==) framebuffer bpp 32
[   111.336] (==) NVIDIA(0): RGB weight 888
[   111.336] (==) NVIDIA(0): Default visual is TrueColor
[   111.336] (==) NVIDIA(0): Using gamma correction (1.0, 1.0, 1.0)
[   111.337] (**) NVIDIA(0): Enabling 2D acceleration
[   111.337] (II) Loading sub module "glxserver_nvidia"
[   111.337] (II) LoadModule: "glxserver_nvidia"
[   111.337] (II) Loading /usr/lib/xorg/modules/extensions/libglxserver_nvidia.so
[   111.406] (II) Module glxserver_nvidia: vendor="NVIDIA Corporation"
[   111.407] 	compiled for 1.6.99.901, module version = 1.0.0
[   111.407] 	Module class: X.Org Server Extension
[   111.407] (II) NVIDIA GLX Module  580.159.04  Wed Apr 29 17:07:05 UTC 2026
[   111.407] (II) NVIDIA: The X server supports PRIME Render Offload.
[   112.043] (EE) NVIDIA(GPU-0): Failed to get virtual display support info.
[   112.283] (--) NVIDIA(0): Valid display device(s) on GPU-0 at PCI:0:2:0
[   112.283] (--) NVIDIA(0):     DFP-0
[   112.294] (WW) NVIDIA: No path to DRM device: No direct render devices found.
[   112.617] (II) NVIDIA(0): NVIDIA GPU NVIDIA GeForce RTX 3060 (GA106-A) at PCI:0:2:0
[   112.617] (II) NVIDIA(0):     (GPU-0)
[   112.617] (--) NVIDIA(0): Memory: 8388608 kBytes
[   112.617] (--) NVIDIA(0): VideoBIOS: 94.06.25.00.63
[   112.617] (II) NVIDIA(0): Detected PCI Express Link width: 16X
[   112.620] (--) NVIDIA(GPU-0): KFB kayfabe (DFP-0): connected
[   112.620] (--) NVIDIA(GPU-0): KFB kayfabe (DFP-0): Internal TMDS
[   112.620] (--) NVIDIA(GPU-0): KFB kayfabe (DFP-0): 165.0 MHz maximum pixel clock
[   112.620] (--) NVIDIA(GPU-0): 
[   112.626] (==) NVIDIA(0): 
[   112.626] (==) NVIDIA(0): No modes were requested; the default mode "nvidia-auto-select"
[   112.626] (==) NVIDIA(0):     will be used as the requested mode.
[   112.626] (==) NVIDIA(0): 
[   112.630] (II) NVIDIA(0): Validated MetaModes:
[   112.630] (II) NVIDIA(0):     "DFP-0:nvidia-auto-select"
[   112.630] (II) NVIDIA(0): Virtual screen size determined to be 1920 x 1080
[   112.703] (--) NVIDIA(0): DPI set to (195, 109); computed from "UseEdidDpi" X config
[   112.703] (--) NVIDIA(0):     option
[   112.704] (II) NVIDIA: Reserving 24576.00 MB of virtual memory for indirect memory
[   112.704] (II) NVIDIA:     access.
[   112.745] (II) NVIDIA(0): ACPI: failed to connect to the ACPI event daemon; the daemon
[   112.745] (II) NVIDIA(0):     may not be running or the "AcpidSocketPath" X
[   112.745] (II) NVIDIA(0):     configuration option may not be set correctly.  When the
[   112.745] (II) NVIDIA(0):     ACPI event daemon is available, the NVIDIA X driver will
[   112.745] (II) NVIDIA(0):     try to use it to receive ACPI event notifications.  For
[   112.745] (II) NVIDIA(0):     details, please see the "ConnectToAcpid" and
[   112.745] (II) NVIDIA(0):     "AcpidSocketPath" X configuration options in Appendix B: X
[   112.745] (II) NVIDIA(0):     Config Options in the README.
[   112.917] (II) NVIDIA(0): Setting mode "DFP-0:nvidia-auto-select"
[   112.918] (EE) NVIDIA(0): Failed to allocate display software resources.
[   112.987] (==) NVIDIA(0): Disabling shared memory pixmaps
[   112.987] (==) NVIDIA(0): Backing store enabled
[   112.987] (==) NVIDIA(0): Silken mouse enabled
[   112.988] (==) NVIDIA(0): DPMS enabled
[   112.988] (II) Loading sub module "dri2"
[   112.988] (II) LoadModule: "dri2"
[   112.988] (II) Module "dri2" already built-in
[   112.988] (II) NVIDIA(0): [DRI2] Setup complete
[   112.988] (II) NVIDIA(0): [DRI2]   VDPAU driver: nvidia
[   112.989] (II) Initializing extension Generic Event Extension
[   112.989] (II) Initializing extension SHAPE
[   112.989] (II) Initializing extension MIT-SHM
[   112.989] (II) Initializing extension XInputExtension
[   112.989] (II) Initializing extension XTEST
[   112.989] (II) Initializing extension BIG-REQUESTS
[   112.989] (II) Initializing extension SYNC
[   112.990] (II) Initializing extension XKEYBOARD
[   112.990] (II) Initializing extension XC-MISC
[   112.990] (II) Initializing extension SECURITY
[   112.990] (II) Initializing extension XFIXES
[   112.990] (II) Initializing extension RENDER
[   112.990] (II) Initializing extension RANDR
[   112.990] (II) Initializing extension COMPOSITE
[   112.990] (II) Initializing extension DAMAGE
[   112.990] (II) Initializing extension MIT-SCREEN-SAVER
[   112.990] (II) Initializing extension DOUBLE-BUFFER
[   112.991] (II) Initializing extension RECORD
[   112.991] (II) Initializing extension DPMS
[   112.991] (II) Initializing extension Present
[   112.991] (II) Initializing extension DRI3
[   112.991] (II) Initializing extension X-Resource
[   112.991] (II) Initializing extension XVideo
[   112.991] (II) Initializing extension XVideo-MotionCompensation
[   112.991] (II) Initializing extension SELinux
[   112.991] (II) SELinux: Disabled on system
[   112.991] (II) Initializing extension GLX
[   112.991] (II) Initializing extension GLX
[   112.991] (II) Indirect GLX disabled.
[   112.991] (II) GLX: Another vendor is already registered for screen 0
[   112.991] (II) Initializing extension XFree86-VidModeExtension
[   112.991] (II) Initializing extension XFree86-DGA
[   112.991] (II) Initializing extension XFree86-DRI
[   112.991] (II) Initializing extension DRI2
[   112.991] (II) Initializing extension NV-GLX
[   112.991] (II) Initializing extension NV-CONTROL
[   112.992] (II) Initializing extension XINERAMA
[   113.430] (II) config/udev: Adding input device Power Button (/dev/input/event0)
[   113.430] (**) Power Button: Applying InputClass "libinput keyboard catchall"
[   113.430] (II) LoadModule: "libinput"
[   113.430] (II) Loading /usr/lib/xorg/modules/input/libinput_drv.so
[   113.432] (II) Module libinput: vendor="X.Org Foundation"
[   113.432] 	compiled for 1.21.1.11, module version = 1.4.0
[   113.432] 	Module class: X.Org XInput Driver
[   113.432] 	ABI class: X.Org XInput driver, version 24.4
[   113.432] (II) Using input driver 'libinput' for 'Power Button'
[   113.432] (**) Power Button: always reports core events
[   113.432] (**) Option "Device" "/dev/input/event0"
[   113.435] (II) event0  - Power Button: is tagged by udev as: Keyboard
[   113.435] (II) event0  - Power Button: device is a keyboard
[   113.435] (II) event0  - Power Button: device removed
[   113.444] (**) Option "config_info" "udev:/sys/devices/LNXSYSTM:00/LNXPWRBN:00/input/input0/event0"
[   113.444] (II) XINPUT: Adding extended input device "Power Button" (type: KEYBOARD, id 6)
[   113.444] (**) Option "xkb_model" "pc105"
[   113.444] (**) Option "xkb_layout" "us"
[   113.445] (II) event0  - Power Button: is tagged by udev as: Keyboard
[   113.445] (II) event0  - Power Button: device is a keyboard
[   113.446] (II) config/udev: Adding input device AT Translated Set 2 keyboard (/dev/input/event1)
[   113.446] (**) AT Translated Set 2 keyboard: Applying InputClass "libinput keyboard catchall"
[   113.446] (II) Using input driver 'libinput' for 'AT Translated Set 2 keyboard'
[   113.446] (**) AT Translated Set 2 keyboard: always reports core events
[   113.446] (**) Option "Device" "/dev/input/event1"
[   113.447] (II) event1  - AT Translated Set 2 keyboard: is tagged by udev as: Keyboard
[   113.447] (II) event1  - AT Translated Set 2 keyboard: device is a keyboard
[   113.447] (II) event1  - AT Translated Set 2 keyboard: device removed
[   113.456] (**) Option "config_info" "udev:/sys/devices/platform/i8042/serio0/input/input1/event1"
[   113.456] (II) XINPUT: Adding extended input device "AT Translated Set 2 keyboard" (type: KEYBOARD, id 7)
[   113.456] (**) Option "xkb_model" "pc105"
[   113.456] (**) Option "xkb_layout" "us"
[   113.457] (II) event1  - AT Translated Set 2 keyboard: is tagged by udev as: Keyboard
[   113.457] (II) event1  - AT Translated Set 2 keyboard: device is a keyboard
[   113.458] (II) config/udev: Adding input device VirtualPS/2 VMware VMMouse (/dev/input/event3)
[   113.458] (**) VirtualPS/2 VMware VMMouse: Applying InputClass "libinput pointer catchall"
[   113.458] (II) Using input driver 'libinput' for 'VirtualPS/2 VMware VMMouse'
[   113.458] (**) VirtualPS/2 VMware VMMouse: always reports core events
[   113.458] (**) Option "Device" "/dev/input/event3"
[   113.459] (II) event3  - VirtualPS/2 VMware VMMouse: is tagged by udev as: Mouse
[   113.459] (II) event3  - VirtualPS/2 VMware VMMouse: device is a pointer
[   113.459] (II) event3  - VirtualPS/2 VMware VMMouse: device removed
[   113.476] (II) libinput: VirtualPS/2 VMware VMMouse: Step value 0 was provided, libinput Fallback acceleration function is used.
[   113.476] (II) libinput: VirtualPS/2 VMware VMMouse: Step value 0 was provided, libinput Fallback acceleration function is used.
[   113.476] (II) libinput: VirtualPS/2 VMware VMMouse: Step value 0 was provided, libinput Fallback acceleration function is used.
[   113.476] (**) Option "config_info" "udev:/sys/devices/platform/i8042/serio1/input/input3/event3"
[   113.476] (II) XINPUT: Adding extended input device "VirtualPS/2 VMware VMMouse" (type: MOUSE, id 8)
[   113.476] (**) Option "AccelerationScheme" "none"
[   113.476] (**) VirtualPS/2 VMware VMMouse: (accel) selected scheme none/0
[   113.476] (**) VirtualPS/2 VMware VMMouse: (accel) acceleration factor: 2.000
[   113.476] (**) VirtualPS/2 VMware VMMouse: (accel) acceleration threshold: 4
[   113.477] (II) event3  - VirtualPS/2 VMware VMMouse: is tagged by udev as: Mouse
[   113.477] (II) event3  - VirtualPS/2 VMware VMMouse: device is a pointer
[   113.478] (II) config/udev: Adding input device VirtualPS/2 VMware VMMouse (/dev/input/mouse1)
[   113.478] (II) No input driver specified, ignoring this device.
[   113.478] (II) This device may have been added with another device file.
[   113.478] (II) config/udev: Adding input device VirtualPS/2 VMware VMMouse (/dev/input/event2)
[   113.478] (**) VirtualPS/2 VMware VMMouse: Applying InputClass "libinput pointer catchall"
[   113.478] (II) Using input driver 'libinput' for 'VirtualPS/2 VMware VMMouse'
[   113.478] (**) VirtualPS/2 VMware VMMouse: always reports core events
[   113.478] (**) Option "Device" "/dev/input/event2"
[   113.479] (II) event2  - VirtualPS/2 VMware VMMouse: is tagged by udev as: Mouse
[   113.479] (II) event2  - VirtualPS/2 VMware VMMouse: device is a pointer
[   113.480] (II) event2  - VirtualPS/2 VMware VMMouse: device removed
[   113.496] (**) Option "config_info" "udev:/sys/devices/platform/i8042/serio1/input/input4/event2"
[   113.496] (II) XINPUT: Adding extended input device "VirtualPS/2 VMware VMMouse" (type: MOUSE, id 9)
[   113.496] (**) Option "AccelerationScheme" "none"
[   113.496] (**) VirtualPS/2 VMware VMMouse: (accel) selected scheme none/0
[   113.496] (**) VirtualPS/2 VMware VMMouse: (accel) acceleration factor: 2.000
[   113.496] (**) VirtualPS/2 VMware VMMouse: (accel) acceleration threshold: 4
[   113.497] (II) event2  - VirtualPS/2 VMware VMMouse: is tagged by udev as: Mouse
[   113.497] (II) event2  - VirtualPS/2 VMware VMMouse: device is a pointer
[   113.498] (II) config/udev: Adding input device VirtualPS/2 VMware VMMouse (/dev/input/mouse0)
[   113.498] (II) No input driver specified, ignoring this device.
[   113.498] (II) This device may have been added with another device file.
[   114.148] (--) NVIDIA(GPU-0): KFB kayfabe (DFP-0): connected
[   114.148] (--) NVIDIA(GPU-0): KFB kayfabe (DFP-0): Internal TMDS
[   114.148] (--) NVIDIA(GPU-0): KFB kayfabe (DFP-0): 165.0 MHz maximum pixel clock
[   114.148] (--) NVIDIA(GPU-0): 
[   114.165] (--) NVIDIA(GPU-0): KFB kayfabe (DFP-0): connected
[   114.165] (--) NVIDIA(GPU-0): KFB kayfabe (DFP-0): Internal TMDS
[   114.165] (--) NVIDIA(GPU-0): KFB kayfabe (DFP-0): 165.0 MHz maximum pixel clock
[   114.165] (--) NVIDIA(GPU-0): 
[   114.947] (--) NVIDIA(GPU-0): KFB kayfabe (DFP-0): connected
[   114.947] (--) NVIDIA(GPU-0): KFB kayfabe (DFP-0): Internal TMDS
[   114.947] (--) NVIDIA(GPU-0): KFB kayfabe (DFP-0): 165.0 MHz maximum pixel clock
[   114.947] (--) NVIDIA(GPU-0): 
[   128.435] (II) event0  - Power Button: device removed
[   128.443] (II) event1  - AT Translated Set 2 keyboard: device removed
[   128.451] (II) event3  - VirtualPS/2 VMware VMMouse: device removed
[   128.469] (II) event2  - VirtualPS/2 VMware VMMouse: device removed
[   128.494] (II) UnloadModule: "libinput"
[   128.494] (II) UnloadModule: "libinput"
[   128.495] (II) UnloadModule: "libinput"
[   128.495] (II) UnloadModule: "libinput"
[   128.856] (II) NVIDIA(GPU-0): Deleting GPU-0
[   129.002] (II) Server terminated successfully (0). Closing log file.
