DISPLAY_LANE_START tag=b5f rev=4a4b95f7 2026-10-03T18:05:24+00:00
[boot_capture:b5f] BINARY kf3-bin-rev:4a4b95f7  (/workspace/bench/kf3-bins/4a4b95f7/qemu-system-x86_64)  ⇒ every claim from this boot cites THIS revision
[boot_capture:b5f] host dmesg watermark: 772 lines
[boot_capture:b5f] booting (extra args: -vga none -vnc 127.0.0.1:0)
== kf3 binary: /workspace/bench/kf3-bins/4a4b95f7/qemu-system-x86_64 (rev 4a4b95f7)  device: kf3-gpu,fb-mb=8192,bar1-size=134217728,bar2-size=33554432,id=kf0,display=on,gop=on
== firmware: OVMF /usr/share/OVMF/OVMF_CODE_4M.fd (vars copy /workspace/bench/run_b5f_ovmf_vars.fd)
[boot_capture:b5f] guest is up after 44s
[boot_capture:b5f] module unloaded and ring buffer cleared; loading cold
[boot_capture:b5f] opening the device (this is what runs RmInitAdapter)
[boot_capture:b5f] captured 28 dmesg lines, 25 NVRM, 0 adapter → /workspace/bench/run_b5f_dmesg.log
[boot_capture:b5f] --- the verdict lines ---
[boot_capture:b5f] running POST_CAPTURE_HOOK: /root/kayfabe/scripts/bench/display/unload_hook.sh
[boot_capture:b5f] hook finished: rc=0
[boot_capture:b5f] guest dmesg after workload: 150 lines (120 NVRM), delta 122 → /workspace/bench/run_b5f_dmesg_after.log
[boot_capture:b5f] host dmesg delta: 0 lines, 0
0 NVRM, 0
0 Xid → /workspace/bench/run_b5f_hostdmesg.log
[boot_capture:b5f] pre-poweroff guest command: sudo sync; echo s | sudo tee /proc/sysrq-trigger >/dev/null; sleep 1; echo u | sudo tee /proc/sysrq-trigger >/dev/null; sleep 1
[boot_capture:b5f] pre-poweroff rc=0
[boot_capture:b5f] powering down (the emulated GSP's WPR2 only resets on a full QEMU restart)
[boot_capture:b5f] census present (kf3):
    kf3: family=Ampere phase=Halted trapped=47357 applied=6992 refused=10 serviced=2052 ram_refused=0 unshadowed_writes=2 read_exits=0 last_off=0x110100 mem[inval=1089 walks=1110/1110 cleared=1089 superseded=0 named_missed=15 unreconciled=0 mapped=3202 unmapped=3202 clipped=0x0 held=0 vmm_overlaps=0 pri
    DOORBELL-LEDGER tok=0x00000802 route=translated emulated=0 forwarded=2 host=0x10029 fast=0
    DOORBELL-LEDGER tok=0x00000801 route=translated emulated=0 forwarded=0 host=0x10028 fast=0
    DOORBELL-LEDGER tok=0x00000802 route=translated emulated=0 forwarded=2 host=0x10029 fast=0
    DOORBELL-LEDGER tok=0x00000801 route=translated emulated=0 forwarded=0 host=0x10028 fast=0
    DOORBELL-LEDGER tok=0x00000802 route=translated emulated=0 forwarded=2 host=0x10029 fast=0
    DOORBELL-LEDGER tok=0x00000801 route=translated emulated=0 forwarded=1 host=0x10028 fast=0
    DOORBELL-LEDGER tok=0x00000806 route=passthrough rung=0 emulated=0 forwarded=0 host=0x1002d trap=0 fast=0
    DOORBELL-LEDGER tok=0x00001007 route=passthrough rung=0 emulated=0 forwarded=0 host=0x2002e trap=0 fast=0
    DOORBELL-LEDGER tok=0x00000005 route=passthrough rung=0 emulated=0 forwarded=0 host=0x2c trap=0 fast=0
    DOORBELL-LEDGER tok=0x00000806 route=passthrough rung=0 emulated=0 forwarded=0 host=0x1002d trap=0 fast=0
    DOORBELL-LEDGER tok=0x00001007 route=passthrough rung=0 emulated=0 forwarded=0 host=0x2002e trap=0 fast=0
    DOORBELL-LEDGER tok=0x00000005 route=passthrough rung=0 emulated=0 forwarded=0 host=0x2c trap=0 fast=0
    DOORBELL-LEDGER tok=0x00000004 route=passthrough rung=8 emulated=0 forwarded=8 host=0x2b trap=8 fast=0
    DOORBELL-LEDGER tok=0x00000003 route=passthrough rung=949 emulated=0 forwarded=949 host=0x2a trap=949 fast=0
    DOORBELL-LEDGER tok=0x00000802 route=translated emulated=0 forwarded=2 host=0x10029 fast=0
    DOORBELL-LEDGER tok=0x00000801 route=translated emulated=0 forwarded=75 host=0x10028 fast=0
    DOORBELL-LEDGER tok=0x00000802 route=translated emulated=0 forwarded=2 host=0x10029 fast=0
    DOORBELL-LEDGER tok=0x00000801 route=translated emulated=0 forwarded=16 host=0x10028 fast=0
[boot_capture:b5f] evidence carried into the repo: /root/kayfabe/traces/guest_boots/run_b5f_{qemu,dmesg,probe,hostdmesg}.log
[boot_capture:b5f] ★ NOW COMMIT THEM. `git commit -- <path>` does NOT add untracked files;
[boot_capture:b5f]   run scripts/bench/assert_boot_evidence.sh before claiming BOOTED.
[boot_capture:b5f] done. serial=/workspace/bench/run_b5f_serial.log qemu=/workspace/bench/run_b5f_qemu.log dmesg=/workspace/bench/run_b5f_dmesg.log dmesg_after=/workspace/bench/run_b5f_dmesg_after.log probe=/workspace/bench/run_b5f_probe.log hostdmesg=/workspace/bench/run_b5f_hostdmesg.log
DISPLAY_GPU_PROGRESS_ERRORS_AFTER=0
DISPLAY_FLIP_EVENT_TIMEOUTS_AFTER=1
DISPLAY_DRM_WARNS_AFTER=0
DISPLAY_HOST_XID=0 
DISPLAY_B5_CONSOLE=yes
DISPLAY_B5C_MODULES nvidia_uvm nvidia  fb=[0 simpledrmdrmfb ]
DISPLAY_B5C_CUDA_ONLY_CONSOLE up=32.59 before=[1920x1080 nonblack=0/1000 md5=1b47adcd5357] after=[1920x1080 nonblack=4/1000 md5=0ab35ac8903c] changed=yes (expected: changed=yes)
DISPLAY_B5C2_RM_HELD up=48.57 holder=1784 before=[1920x1080 nonblack=4/1000 md5=0ab35ac8903c] after=[1920x1080 nonblack=7/1000 md5=f46182a99e64] changed=yes (expected: changed=yes)
DISPLAY_B5C3_AFTER_SECOND_TEARDOWN up=62.75 before=[1920x1080 nonblack=7/1000 md5=f46182a99e64] after=[1920x1080 nonblack=7/1000 md5=f6991ddd8037] changed=yes (expected: changed=yes)
DISPLAY_B5A_SESSIONS wayland=[cinnamon-wayland] x11=[cinnamon] drm_modeset=not-loaded xorg_conf=[ls: cannot access '/etc/X11/xorg.conf': No such file or directory /etc/X11/xorg.conf.d/: ]
DISPLAY_B5A_SESSION up=yes start_up=73.18 rc=0  shot=[1920x1080 nonblack=37/1000 md5=70d5f0e0cef7] xorg=[] x_driver=[(II) NVIDIA(0): Creating default Display subsection in Screen section|(II) NVIDIA(0): NVIDIA GPU NVIDIA GeForce RTX 3060 (GA106-A) at PCI:0:2:0|(II) NVIDIA(0):     (GPU-0)|] modules=[nvidia_uvm nvidia ]
DISPLAY_B5A_AFTER_SESSION stop_up=94.68 rc=0  shot=[1920x1080 nonblack=7/1000 md5=f6991ddd8037] changed_from_session=yes (expected: yes — the text console)
DISPLAY_B5A_CONSOLE_AFTER_SESSION up=102.05 before=[1920x1080 nonblack=7/1000 md5=f6991ddd8037] after=[1920x1080 nonblack=7/1000 md5=0ebecee9d1d6] changed=yes (expected: changed=yes)
DISPLAY_B5A2_SESSION up=yes start_up=110.48 rc=0  shot=[1920x1080 nonblack=86/1000 md5=689cf0f998cd] xorg=[3737 /usr/lib/xorg/Xorg -core :0 -seat seat0 -auth /var/run/lightdm/root/:0 -nolisten tcp vt7 -novtswitch] x_driver=[(II) NVIDIA(0): Creating default Display subsection in Screen section|(II) NVIDIA(0): NVIDIA GPU NVIDIA GeForce RTX 3060 (GA106-A) at PCI:0:2:0|(II) NVIDIA(0):     (GPU-0)|] modules=[nvidia_modeset nvidia_uvm nvidia ]
DISPLAY_B5A2_AFTER_SESSION stop_up=127.82 rc=0  shot=[1920x1080 nonblack=7/1000 md5=1c28da9edaa7] changed_from_session=yes (expected: yes — the text console)
DISPLAY_B5A2_CONSOLE_AFTER_SESSION up=135.64 before=[1920x1080 nonblack=7/1000 md5=1c28da9edaa7] after=[1920x1080 nonblack=8/1000 md5=b0513af6270d] changed=yes (expected: changed=yes)
DISPLAY_B5B_FBCON up=154.83 rc=0  fb=[0 nvidia-drmdrmfb ] shot=[1920x1080 nonblack=3/1000 md5=176c8a943c0f]
DISPLAY_B5B_AFTER_RMMOD up=155.78 unbound 156.24 792.35 rc=0 0  shot=[1920x1080 nonblack=0/1000 md5=311265f5f5d9] modules=[nvidia_modeset nvidia_uvm nvidia ] (expected: nonblack=0 — black, as bare metal)
DISPLAY_B5_DEVICE_LINES 128
DISPLAY_B5_HOOK_DONE
DISPLAY_LANE_EXIT rc=0 2026-10-03T18:08:47+00:00
