kf-host: HOST-ABI REFUSED control 0x20809064: host control 0x20809064 has no public header (kf_abi::gssreplay ROWS (measured on 580.159.04 hosts)); its layout at host driver 595.91.07 was never measured
kf-host: HOST-ABI REFUSED control 0x2080a028: host control 0x2080a028 has no public header (kf_abi::gssreplay ROWS (measured on 580.159.04 hosts)); its layout at host driver 595.91.07 was never measured
kf-host: HOST-ABI REFUSED control 0x2080a028: host control 0x2080a028 has no public header (kf_abi::gssreplay ROWS (measured on 580.159.04 hosts)); its layout at host driver 595.91.07 was never measured
kf-host: HOST-ABI REFUSED control 0x2080a084: host control 0x2080a084 has no public header (kf_abi::gssreplay ROWS (measured on 580.159.04 hosts)); its layout at host driver 595.91.07 was never measured
kf-host: HOST-ABI REFUSED control 0x2080a026: host control 0x2080a026 has no public header (kf_abi::gssreplay ROWS (measured on 580.159.04 hosts)); its layout at host driver 595.91.07 was never measured
qemu-system-x86_64: -device kf3-gpu,fb-mb=4096,bar1-size=134217728,bar2-size=33554432,display=on,guest-driver=580.65.06,bus=pci.0,addr=0x6,id=kf0: info: kf3: family=Ada phase=Cold trapped=0 applied=0 refused=0 serviced=0 ram_refused=0 unshadowed_writes=2 read_exits=0 last_off=0x0 mem[inval=0 walks=0/0 cleared=0 superseded=0 named_missed=0 unreconciled=0 mapped=0 unmapped=0 clipped=0x0 held=0 vmm_overlaps=0 priv_withheld=0 priv_withheld_bytes=0x0 priv_mirrored=0 sked=0/0held carve_gpu=0 carve_kernel=0 carve_cpu=0 fn70=0 roots=0 root_moves=0 stmts=0/0 refused=0 pramin_repoints=0 pramin_miss=0 la
kf3: family=Ada phase=Cold trapped=0 applied=0 refused=0 serviced=0 ram_refused=0 unshadowed_writes=2 read_exits=0 last_off=0x0 mem[inval=0 walks=0/0 cleared=0 superseded=0 named_missed=0 unreconciled=0 mapped=0 unmapped=0 clipped=0x0 held=0 vmm_overlaps=0 priv_withheld=0 priv_withheld_bytes=0x0 priv_mirrored=0 sked=0/0held carve_gpu=0 carve_kernel=0 carve_cpu=0 fn70=0 roots=0 root_moves=0 stmts=0/0 refused=0 pramin_repoints=0 pramin_miss=0 last_miss=0x0 pramin_worst_us=0 (map 0 mmap 0) pramin_maps=0 pramin_mmaps=0 pramin_kept=0 pramin_kept_now=0 window_advice_refused=0 inline_opens=0 reaped=0
kf3: family=Ada phase=Cold trapped=0 applied=0 refused=0 serviced=0 ram_refused=0 unshadowed_writes=2 read_exits=0 last_off=0x0 mem[inval=0 walks=0/0 cleared=0 superseded=0 named_missed=0 unreconciled=0 mapped=0 unmapped=0 clipped=0x0 held=0 vmm_overlaps=0 priv_withheld=0 priv_withheld_bytes=0x0 priv_mirrored=0 sked=0/0held carve_gpu=0 carve_kernel=0 carve_cpu=0 fn70=0 roots=0 root_moves=0 stmts=0/0 refused=0 pramin_repoints=0 pramin_miss=0 last_miss=0x0 pramin_worst_us=0 (map 0 mmap 0) pramin_maps=0 pramin_mmaps=0 pramin_kept=0 pramin_kept_now=0 window_advice_refused=0 inline_opens=0 reaped=0
kf3: family=Ada phase=Cold trapped=0 applied=0 refused=0 serviced=0 ram_refused=0 unshadowed_writes=2 read_exits=0 last_off=0x0 mem[inval=0 walks=0/0 cleared=0 superseded=0 named_missed=0 unreconciled=0 mapped=0 unmapped=0 clipped=0x0 held=0 vmm_overlaps=0 priv_withheld=0 priv_withheld_bytes=0x0 priv_mirrored=0 sked=0/0held carve_gpu=0 carve_kernel=0 carve_cpu=0 fn70=0 roots=0 root_moves=0 stmts=0/0 refused=0 pramin_repoints=0 pramin_miss=0 last_miss=0x0 pramin_worst_us=0 (map 0 mmap 0) pramin_maps=0 pramin_mmaps=0 pramin_kept=0 pramin_kept_now=0 window_advice_refused=0 inline_opens=0 reaped=0
kf3: family=Ada phase=Cold trapped=0 applied=0 refused=0 serviced=0 ram_refused=0 unshadowed_writes=2 read_exits=0 last_off=0x0 mem[inval=0 walks=0/0 cleared=0 superseded=0 named_missed=0 unreconciled=0 mapped=0 unmapped=0 clipped=0x0 held=0 vmm_overlaps=0 priv_withheld=0 priv_withheld_bytes=0x0 priv_mirrored=0 sked=0/0held carve_gpu=0 carve_kernel=0 carve_cpu=0 fn70=0 roots=0 root_moves=0 stmts=0/0 refused=0 pramin_repoints=0 pramin_miss=0 last_miss=0x0 pramin_worst_us=0 (map 0 mmap 0) pramin_maps=0 pramin_mmaps=0 pramin_kept=0 pramin_kept_now=0 window_advice_refused=0 inline_opens=0 reaped=0
kf3: GSP REFUSED fn76/0x20800a87=0x56 (GSP_RM_CONTROL) first_seq=0 — the guest read a non-OK status
kf3: GSP REFUSED fn76/0x20800afe=0x56 (GSP_RM_CONTROL) first_seq=0 — the guest read a non-OK status
kf3: GSP REFUSED fn76/0x20800aff=0x56 (GSP_RM_CONTROL) first_seq=0 — the guest read a non-OK status
kf3: GSP REFUSED fn76/0x20800aaf=0x56 (GSP_RM_CONTROL) first_seq=0 — the guest read a non-OK status
kf3: GSP REFUSED fn76/0x00800292=0x56 (GSP_RM_CONTROL) first_seq=0 — the guest read a non-OK status
kf3: GSP REFUSED fn76/0x20800a80=0x56 (GSP_RM_CONTROL) first_seq=0 — the guest read a non-OK status
kf3: GSP REFUSED fn76/0x20802a0f=0x56 (GSP_RM_CONTROL) first_seq=0 — the guest read a non-OK status
kf3: GSP REFUSED fn76/0x2080017e=0x56 (GSP_RM_CONTROL) first_seq=0 — the guest read a non-OK status
kf3: GSP REFUSED fn76/0x20800a30=0x56 (GSP_RM_CONTROL) first_seq=0 — the guest read a non-OK status
kf3: GSP REFUSED fn76/0x20800a2e=0x56 (GSP_RM_CONTROL) first_seq=0 — the guest read a non-OK status
kf3: GSP REFUSED fn76/0x20800b03=0x56 (GSP_RM_CONTROL) first_seq=0 — the guest read a non-OK status
kf3: GSP REFUSED fn76/0x20800b05=0x56 (GSP_RM_CONTROL) first_seq=0 — the guest read a non-OK status
kf3: GSP REFUSED fn76/0x20800a3f=0x56 (GSP_RM_CONTROL) first_seq=0 — the guest read a non-OK status
kf3: act birth translated: chan 0xc1e00007:0xbaba0045 BORN Translated: token 0x1 -> host 0x2e in VasKey(13970166077300801602) gpfifo=0x0x32 userd=Some(Framebuffer { base: 4020568064, size: 512 }) engine=0x1 tsg=None kernel_by=PRIVILEGE=KERNEL rm-internal ring_va=0xff00000000 userd_at_birth(GP_PUT,GP_GET)=(Some(0), Some(0)) zeroed=512B gr_tier=true gp_get_by_engine=true sw_subch_inert=true fast=off (5589 us, off the GSP lock)
kf3: act birth translated: chan 0xc1e00008:0x2 BORN Translated: token 0x801 -> host 0x1002e in VasKey(13970166078463016970) gpfifo=0x220064000x4096 userd=Some(Framebuffer { base: 4019388416, size: 512 }) engine=0xb tsg=None kernel_by=PRIVILEGE=KERNEL rm-internal ring_va=0xff00000000 userd_at_birth(GP_PUT,GP_GET)=(Some(0), Some(0)) zeroed=512B gr_tier=false gp_get_by_engine=false sw_subch_inert=true fast=off (2434 us, off the GSP lock)
kf3: GSP REFUSED fn76/0x2080013f=0x56 (GSP_RM_CONTROL) first_seq=0 — the guest read a non-OK status
kf3: GSP REFUSED fn76/0x20809004=0x56 (GSP_RM_CONTROL) first_seq=0 — the guest read a non-OK status
kf3: GSP REFUSED fn76/0x20801303=0x56 (GSP_RM_CONTROL) first_seq=0 — the guest read a non-OK status
kf3: GSP REFUSED fn76/0x00801306=0x56 (GSP_RM_CONTROL) first_seq=0 — the guest read a non-OK status
kf3: GSP REFUSED fn76/0x20810108=0x56 (GSP_RM_CONTROL) first_seq=0 — the guest read a non-OK status
kf3: GSP REFUSED fn76/0x20801823=0x56 (GSP_RM_CONTROL) first_seq=0 — the guest read a non-OK status
kf3: GSP REFUSED fn76/0x20800ab8=0x56 (GSP_RM_CONTROL) first_seq=0 — the guest read a non-OK status
kf3: GSP REFUSED fn76/0x20800173=0x56 (GSP_RM_CONTROL) first_seq=0 — the guest read a non-OK status
kf3: GSP REFUSED fn76/0x20802a12=0x56 (GSP_RM_CONTROL) first_seq=0 — the guest read a non-OK status
kf3: GSP REFUSED fn76/0x20800160=0x56 (GSP_RM_CONTROL) first_seq=0 — the guest read a non-OK status
kf3: GSP REFUSED fn76/0x20802801=0x56 (GSP_RM_CONTROL) first_seq=0 — the guest read a non-OK status
kf3: GSP REFUSED fn76/0x2080012f=0x56 (GSP_RM_CONTROL) first_seq=0 — the guest read a non-OK status
kf3: GSP REFUSED fn76/0x20802806=0x56 (GSP_RM_CONTROL) first_seq=0 — the guest read a non-OK status
kf3: GSP REFUSED fn76/0x0073013d=0x56 (GSP_RM_CONTROL) first_seq=0 — the guest read a non-OK status
kf3: GSP REFUSED fn76/0x2080205b=0x56 (GSP_RM_CONTROL) first_seq=0 — the guest read a non-OK status
kf3: GSP REFUSED fn76/0x2080a060=0x56 (GSP_RM_CONTROL) first_seq=0 — the guest read a non-OK status
kf3: GSP REFUSED fn76/0x20802068=0x56 (GSP_RM_CONTROL) first_seq=0 — the guest read a non-OK status
kf3: GSP REFUSED fn76/0x00800106=0x56 (GSP_RM_CONTROL) first_seq=0 — the guest read a non-OK status
kf3: GSP REFUSED fn76/0x2080a70a=0x56 (GSP_RM_CONTROL) first_seq=0 — the guest read a non-OK status
kf3: GSP REFUSED fn76/0x2080a801=0x56 (GSP_RM_CONTROL) first_seq=0 — the guest read a non-OK status
kf3: GSP REFUSED fn76/0x2080a02f=0x56 (GSP_RM_CONTROL) first_seq=0 — the guest read a non-OK status
kf3: GSP REFUSED fn76/0x208081ea=0x56 (GSP_RM_CONTROL) first_seq=0 — the guest read a non-OK status
kf3: GSP REFUSED fn76/0x20808524=0x56 (GSP_RM_CONTROL) first_seq=0 — the guest read a non-OK status
kf3: GSP REFUSED fn76/0x00731369=0x56 (GSP_RM_CONTROL) first_seq=0 — the guest read a non-OK status
kf3: GSP REFUSED fn76/0x0073014b=0x56 (GSP_RM_CONTROL) first_seq=0 — the guest read a non-OK status
kf3: GSP REFUSED fn76/0x00730285=0x56 (GSP_RM_CONTROL) first_seq=0 — the guest read a non-OK status
kf3: GSP REFUSED fn76/0x0073011d=0x56 (GSP_RM_CONTROL) first_seq=0 — the guest read a non-OK status
kf3: GSP REFUSED fn76/0x0073012c=0x56 (GSP_RM_CONTROL) first_seq=0 — the guest read a non-OK status
kf3: GSP REFUSED fn76/0x00730109=0x56 (GSP_RM_CONTROL) first_seq=0 — the guest read a non-OK status
kf-rm: FECS-TRACE GET_FECS_TRACE_HW_ENABLE 0x20800a38: NV_OK bEnable=NV_FALSE (no guest ctxsw trace; the SETs stay unserviced) #1
kf3: GSP REFUSED fn76/0x20800a3a=0x56 (GSP_RM_CONTROL) first_seq=0 — the guest read a non-OK status
kf3: GSP REFUSED fn76/0x20801110=0x56 (GSP_RM_CONTROL) first_seq=0 — the guest read a non-OK status
kf3: GSP REFUSED fn76/0x2080080b=0x56 (GSP_RM_CONTROL) first_seq=0 — the guest read a non-OK status
kf3: GSP REFUSED fn76/0x00730288=0x56 (GSP_RM_CONTROL) first_seq=0 — the guest read a non-OK status
kf3: GSP REFUSED fn76/0x20801220=0x56 (GSP_RM_CONTROL) first_seq=0 — the guest read a non-OK status
kf3: GSP REFUSED fn76/0x20801222=0x56 (GSP_RM_CONTROL) first_seq=0 — the guest read a non-OK status
kf3: act birth translated: chan 0xc1d00013:0xff040000 BORN Translated: token 0x802 -> host 0x1002f in VasKey(13965662457344034928) gpfifo=0x12024b000x16384 userd=Some(Sysmem { base: 9555046400, size: 512 }) engine=0xb tsg=Some(ff0e0000) kernel_by=PRIVILEGE=KERNEL ring_va=0xff00100000 userd_at_birth(GP_PUT,GP_GET)=(Some(0), Some(0)) zeroed=512B gr_tier=false gp_get_by_engine=false sw_subch_inert=true fast=off (2453 us, off the GSP lock)
kf3: act birth translated: chan 0xc1d00015:0xff040001 BORN Translated: token 0x3 -> host 0x30 in VasKey(13965662457344034928) gpfifo=0x120276000x8192 userd=Some(Sysmem { base: 9555046912, size: 512 }) engine=0x1 tsg=Some(ff0e0000) kernel_by=PRIVILEGE=KERNEL ring_va=0xff00200000 userd_at_birth(GP_PUT,GP_GET)=(Some(0), Some(0)) zeroed=512B gr_tier=true gp_get_by_engine=true sw_subch_inert=true fast=off (4931 us, off the GSP lock)
kf-rm: FECS-TRACE GET_FECS_TRACE_HW_ENABLE 0x20800a38: NV_OK bEnable=NV_FALSE (no guest ctxsw trace; the SETs stay unserviced) #2
kf-rm: FECS-TRACE GET_FECS_TRACE_HW_ENABLE 0x20800a38: NV_OK bEnable=NV_FALSE (no guest ctxsw trace; the SETs stay unserviced) #3
kf-rm: FECS-TRACE GET_FECS_TRACE_HW_ENABLE 0x20800a38: NV_OK bEnable=NV_FALSE (no guest ctxsw trace; the SETs stay unserviced) #4
kf-rm: FECS-TRACE GET_FECS_TRACE_HW_ENABLE 0x20800a38: NV_OK bEnable=NV_FALSE (no guest ctxsw trace; the SETs stay unserviced) #5
kf3: GSP REFUSED fn76/0x20801111=0x56 (GSP_RM_CONTROL) first_seq=0 — the guest read a non-OK status
kf3: act birth translated: chan 0xc1d00016:0xff040002 BORN Translated: token 0x804 -> host 0x10031 in VasKey(13965662457344034928) gpfifo=0x1204f0000x16384 userd=Some(Sysmem { base: 9555047424, size: 512 }) engine=0xb tsg=None kernel_by=PRIVILEGE=KERNEL ring_va=0xff00300000 userd_at_birth(GP_PUT,GP_GET)=(Some(0), Some(0)) zeroed=512B gr_tier=false gp_get_by_engine=false sw_subch_inert=true fast=off (2245 us, off the GSP lock)
kf3: act birth translated: chan 0xc1d00018:0xff040003 BORN Translated: token 0x1805 -> host 0x30032 in VasKey(13965662457344034928) gpfifo=0x1203c6000x2048 userd=Some(Sysmem { base: 9555047936, size: 512 }) engine=0x13 tsg=None kernel_by=PRIVILEGE=KERNEL ring_va=0xff00400000 userd_at_birth(GP_PUT,GP_GET)=(Some(0), Some(0)) zeroed=512B gr_tier=false gp_get_by_engine=false sw_subch_inert=true fast=off (2368 us, off the GSP lock)
kf3: act birth translated: chan 0xc1d00019:0xff040004 BORN Translated: token 0x806 -> host 0x10033 in VasKey(13965662457344034928) gpfifo=0x12051b000x2048 userd=Some(Sysmem { base: 9555048448, size: 512 }) engine=0xb tsg=Some(ff0e0000) kernel_by=PRIVILEGE=KERNEL ring_va=0xff00500000 userd_at_birth(GP_PUT,GP_GET)=(Some(0), Some(0)) zeroed=512B gr_tier=false gp_get_by_engine=false sw_subch_inert=true fast=off (2189 us, off the GSP lock)
kf3: act birth translated: chan 0xc1d0001a:0xff040005 BORN Translated: token 0x2007 -> host 0xc0034 in VasKey(13965662457344034928) gpfifo=0x120522000x2048 userd=Some(Sysmem { base: 9555048960, size: 512 }) engine=0x1c tsg=None kernel_by=PRIVILEGE=KERNEL ring_va=0xff00600000 userd_at_birth(GP_PUT,GP_GET)=(Some(0), Some(0)) zeroed=512B gr_tier=false gp_get_by_engine=false sw_subch_inert=true fast=off (2468 us, off the GSP lock)
kf3: act birth translated: chan 0xc1d0001b:0xff040006 BORN Translated: token 0x2008 -> host 0xc0035 in VasKey(13965662457344034928) gpfifo=0x120529000x2048 userd=Some(Sysmem { base: 9555049472, size: 512 }) engine=0x1c tsg=None kernel_by=PRIVILEGE=KERNEL ring_va=0xff00700000 userd_at_birth(GP_PUT,GP_GET)=(Some(0), Some(0)) zeroed=512B gr_tier=false gp_get_by_engine=false sw_subch_inert=true fast=off (2378 us, off the GSP lock)
kf3: act birth translated: chan 0xc1d0001c:0xff040007 BORN Translated: token 0x2809 -> host 0x50036 in VasKey(13965662457344034928) gpfifo=0x120530000x2048 userd=Some(Sysmem { base: 9555049984, size: 512 }) engine=0x33 tsg=None kernel_by=PRIVILEGE=KERNEL ring_va=0xff00800000 userd_at_birth(GP_PUT,GP_GET)=(Some(0), Some(0)) zeroed=512B gr_tier=false gp_get_by_engine=false sw_subch_inert=true fast=off (2635 us, off the GSP lock)
kf3: act birth translated: chan 0xc1d0001d:0xff040008 BORN Translated: token 0x200a -> host 0xc0037 in VasKey(13965662457344034928) gpfifo=0x120538000x2048 userd=Some(Sysmem { base: 9554296832, size: 512 }) engine=0x1c tsg=None kernel_by=PRIVILEGE=KERNEL ring_va=0xff00900000 userd_at_birth(GP_PUT,GP_GET)=(Some(0), Some(0)) zeroed=512B gr_tier=false gp_get_by_engine=false sw_subch_inert=true fast=off (2511 us, off the GSP lock)
kf3: GSP REFUSED fn76/0x007302a3=0x56 (GSP_RM_CONTROL) first_seq=0 — the guest read a non-OK status
kf3: GSP REFUSED fn76/0x00730128=0x56 (GSP_RM_CONTROL) first_seq=0 — the guest read a non-OK status
kf-rm: HOST-STUB 0x2081010d (FINN_NV2081_BINAPI_INTERFACE_ID msg 0xd, retail flags 0x10208) client=0xc1d00002: NV_OK, 0 params byte(s) zeroed — host-owned stub, §S assumed #1
kf3: GSP REFUSED fn76/0x2080a630=0x56 (GSP_RM_CONTROL) first_seq=0 — the guest read a non-OK status
kf3: act birth translated: chan 0xc1d00020:0xff040009 BORN Translated: token 0x80b -> host 0x10038 in VasKey(13965662577603119184) gpfifo=0x1200c4000x4096 userd=Some(Sysmem { base: 9554206720, size: 512 }) engine=0xb tsg=None kernel_by=PRIVILEGE=KERNEL ring_va=0xff00a00000 userd_at_birth(GP_PUT,GP_GET)=(Some(0), Some(0)) zeroed=512B gr_tier=false gp_get_by_engine=false sw_subch_inert=true fast=off (2250 us, off the GSP lock)
kf3: GSP REFUSED fn76/0x2080852e=0x56 (GSP_RM_CONTROL) first_seq=0 — the guest read a non-OK status
kf3: GSP REFUSED fn76/0x2080852a=0x56 (GSP_RM_CONTROL) first_seq=0 — the guest read a non-OK status
kf3: act birth translated: chan 0xc1d00023:0xff04000a BORN Translated: token 0x80c -> host 0x10039 in VasKey(13965662590488021072) gpfifo=0x200c4000x16384 userd=Some(Sysmem { base: 9553879040, size: 512 }) engine=0xb tsg=Some(ff0e0000) kernel_by=PRIVILEGE=KERNEL ring_va=0xff00b00000 userd_at_birth(GP_PUT,GP_GET)=(Some(0), Some(0)) zeroed=512B gr_tier=false gp_get_by_engine=false sw_subch_inert=true fast=off (2203 us, off the GSP lock)
kf3: act birth translated: chan 0xc1d00024:0xff04000b BORN Translated: token 0xd -> host 0x3a in VasKey(13965662590488021072) gpfifo=0x200ef000x16384 userd=Some(Sysmem { base: 9553879552, size: 512 }) engine=0x1 tsg=Some(ff0e0000) kernel_by=PRIVILEGE=KERNEL ring_va=0xff00c00000 userd_at_birth(GP_PUT,GP_GET)=(Some(0), Some(0)) zeroed=512B gr_tier=true gp_get_by_engine=true sw_subch_inert=true fast=off (5128 us, off the GSP lock)
kf-rm: FECS-TRACE GET_FECS_TRACE_HW_ENABLE 0x20800a38: NV_OK bEnable=NV_FALSE (no guest ctxsw trace; the SETs stay unserviced) #6
kf-rm: FECS-TRACE GET_FECS_TRACE_HW_ENABLE 0x20800a38: NV_OK bEnable=NV_FALSE (no guest ctxsw trace; the SETs stay unserviced) #7
kf-rm: FECS-TRACE GET_FECS_TRACE_HW_ENABLE 0x20800a38: NV_OK bEnable=NV_FALSE (no guest ctxsw trace; the SETs stay unserviced) #8
kf-rm: server-context-only PDE copy client=0xc1d00021 vaspace=0xff000850 page_size=0x1000 levels=[shift29 phys=0x0 size=0x1000 ap=1] (inert)
kf-rm: server-context-only PDE copy client=0xc1d00021 vaspace=0xff000850 page_size=0x1000 levels=[shift29 phys=0x0 size=0x1000 ap=1] (inert)
kf3: family=Ada phase=Running trapped=42911 applied=1455 refused=0 serviced=628 ram_refused=0 unshadowed_writes=2 read_exits=48 last_off=0x110c00 mem[inval=2195 walks=2203/2203 cleared=2195 superseded=0 named_missed=0 unreconciled=0 mapped=434 unmapped=105 clipped=0x0 held=0 vmm_overlaps=0 priv_withheld=0 priv_withheld_bytes=0x0 priv_mirrored=23 sked=0/0held carve_gpu=0 carve_kernel=2 carve_cpu=1 fn70=1 roots=7 root_moves=0 stmts=13/13 refused=0 pramin_repoints=18 pramin_miss=0 last_miss=0x0 pramin_worst_us=67 (map 37 mmap 31) pramin_maps=18 pramin_mmaps=18 pramin_kept=0 pramin_kept_now=0 wind
kf3: act birth translated: chan 0xc1d00027:0xff04000c BORN Translated: token 0xe -> host 0x3b in VasKey(13965662607667890256) gpfifo=0x1200c4000x32768 userd=Some(Sysmem { base: 9553309696, size: 512 }) engine=0x1 tsg=Some(ff0e0000) kernel_by=PRIVILEGE=KERNEL ring_va=0xff00d00000 userd_at_birth(GP_PUT,GP_GET)=(Some(0), Some(0)) zeroed=512B gr_tier=true gp_get_by_engine=true sw_subch_inert=true fast=off (5520 us, off the GSP lock)
kf3: GSP REFUSED fn76/0x2080b201=0x56 (GSP_RM_CONTROL) first_seq=0 — the guest read a non-OK status
kf3: GSP REFUSED fn76/0x2080852f=0x56 (GSP_RM_CONTROL) first_seq=0 — the guest read a non-OK status
kf3: GSP REFUSED fn76/0x2080a618=0x56 (GSP_RM_CONTROL) first_seq=0 — the guest read a non-OK status
kf3: GSP REFUSED fn76/0x2080a619=0x56 (GSP_RM_CONTROL) first_seq=0 — the guest read a non-OK status
kf3: GSP REFUSED fn76/0x2080853a=0x56 (GSP_RM_CONTROL) first_seq=0 — the guest read a non-OK status
kf3: GSP REFUSED fn76/0x2080853b=0x56 (GSP_RM_CONTROL) first_seq=0 — the guest read a non-OK status
kf3: act birth translated: chan 0xc1d0002a:0xff04000c BORN Translated: token 0xe -> host 0x3b in VasKey(13965662620552792144) gpfifo=0x4000000x8192 userd=Some(Sysmem { base: 9553657856, size: 512 }) engine=0x1 tsg=Some(ff0e0000) kernel_by=PRIVILEGE=KERNEL ring_va=0xff00d00000 userd_at_birth(GP_PUT,GP_GET)=(Some(0), Some(0)) zeroed=512B gr_tier=true gp_get_by_engine=true sw_subch_inert=true fast=off (5762 us, off the GSP lock)
kf3: GSP REFUSED fn76/0x50800101=0x56 (GSP_RM_CONTROL) first_seq=0 — the guest read a non-OK status
kf3: ring REFUSED segment gp 1 va 0x120286138 (39 words) GrMethod { class: 51607, subch: 0, method: 6912, name: "not in the 3D/compute allowlist" }; first words: 20050017 2023b2e0 00000001 00000002 00000000 00001000 20014000 0000a140 200406c0 00000001 20286060 00000001 1000f010 20050017 20286060 00000001 00000001 00000000 00000000 2001a080 40000002 200406c0 00000001 20286060 00000002 1000f010 20050017 20286060 00000001 00000002 00000000 00000000 2001a080 40000003 200406c0 00000001 2023b300 00000003 1000f010
kf3: chan token 0x3 (VasKey(13965662457344034928)) DEAD: ring: Rewrite { gp: 1, why: GrMethod { class: 51607, subch: 0, method: 6912, name: "not in the 3D/compute allowlist" } }
kf3: chan token 0x3 death mirror: own space=0xcafe0019 rows=51 log_epoch=51 last row commits (epoch, lo, hi, ms ago)=[(2c, 12052f000, 120530000, ad0), (2d, 1203cf000, 1203d0000, acb), (2e, 120530000, 120537000, ac3), (2f, 120537000, 120538000, abe), (30, 120538000, 12053c000, ab7), (31, 12053c000, 12053e000, ab7), (32, 12053e000, 12053f000, ab7), (33, 12053f000, 120540000, ab2)]; plane's mirror for the key now (same rows, space, rows): Some(Some((true, 3405643801, 51)))
kf-rm: RPC-REFUSED #1 AllocClassNotPermitted { class: 16428, denial: Refused { name: "NV40_I2C", why: NoPhysicalBoardBus } } ⇒ answered NV_ERR_NOT_SUPPORTED (0x56). ⊘ The guest sees only the status; this line is the only place the REASON exists. (printing the first 24; the total rides the refusal census)
kf3: GSP REFUSED fn103/0x0000402c=0x56 (GSP_RM_ALLOC) first_seq=0 — the guest read a non-OK status
kf-rm: RPC-REFUSED #2 AllocClassNotPermitted { class: 16428, denial: Refused { name: "NV40_I2C", why: NoPhysicalBoardBus } } ⇒ answered NV_ERR_NOT_SUPPORTED (0x56). ⊘ The guest sees only the status; this line is the only place the REASON exists. (printing the first 24; the total rides the refusal census)
kf-rm: RPC-REFUSED #3 AllocClassNotPermitted { class: 16428, denial: Refused { name: "NV40_I2C", why: NoPhysicalBoardBus } } ⇒ answered NV_ERR_NOT_SUPPORTED (0x56). ⊘ The guest sees only the status; this line is the only place the REASON exists. (printing the first 24; the total rides the refusal census)
kf-rm: RPC-REFUSED #4 AllocClassNotPermitted { class: 16428, denial: Refused { name: "NV40_I2C", why: NoPhysicalBoardBus } } ⇒ answered NV_ERR_NOT_SUPPORTED (0x56). ⊘ The guest sees only the status; this line is the only place the REASON exists. (printing the first 24; the total rides the refusal census)
kf3: family=Ada phase=Running trapped=45634 applied=1647 refused=0 serviced=820 ram_refused=0 unshadowed_writes=2 read_exits=345 last_off=0xb81608 mem[inval=2307 walks=2329/2329 cleared=2307 superseded=0 named_missed=0 unreconciled=0 mapped=573 unmapped=143 clipped=0x0 held=0 vmm_overlaps=0 priv_withheld=0 priv_withheld_bytes=0x0 priv_mirrored=34 sked=1/0held carve_gpu=0 carve_kernel=2 carve_cpu=1 fn70=1 roots=9 root_moves=0 stmts=16/16 refused=0 pramin_repoints=18 pramin_miss=0 last_miss=0x0 pramin_worst_us=67 (map 37 mmap 31) pramin_maps=18 pramin_mmaps=18 pramin_kept=0 pramin_kept_now=0 win
kf-rm: RPC-REFUSED #5 AllocClassNotPermitted { class: 16428, denial: Refused { name: "NV40_I2C", why: NoPhysicalBoardBus } } ⇒ answered NV_ERR_NOT_SUPPORTED (0x56). ⊘ The guest sees only the status; this line is the only place the REASON exists. (printing the first 24; the total rides the refusal census)
kf-rm: RPC-REFUSED #6 AllocClassNotPermitted { class: 16428, denial: Refused { name: "NV40_I2C", why: NoPhysicalBoardBus } } ⇒ answered NV_ERR_NOT_SUPPORTED (0x56). ⊘ The guest sees only the status; this line is the only place the REASON exists. (printing the first 24; the total rides the refusal census)
kf3: GSP REFUSED fn76/0x2080a088=0x56 (GSP_RM_CONTROL) first_seq=0 — the guest read a non-OK status
kf3: GSP REFUSED fn76/0x00730280=0x56 (GSP_RM_CONTROL) first_seq=0 — the guest read a non-OK status
kf3: family=Ada phase=Running trapped=46179 applied=1699 refused=0 serviced=872 ram_refused=0 unshadowed_writes=2 read_exits=345 last_off=0xb81608 mem[inval=2320 walks=2343/2343 cleared=2320 superseded=0 named_missed=0 unreconciled=0 mapped=586 unmapped=143 clipped=0x0 held=0 vmm_overlaps=0 priv_withheld=0 priv_withheld_bytes=0x0 priv_mirrored=34 sked=1/0held carve_gpu=0 carve_kernel=2 carve_cpu=1 fn70=1 roots=10 root_moves=0 stmts=17/17 refused=0 pramin_repoints=18 pramin_miss=0 last_miss=0x0 pramin_worst_us=67 (map 37 mmap 31) pramin_maps=18 pramin_mmaps=18 pramin_kept=0 pramin_kept_now=0 wi
kf3: GSP REFUSED fn76/0x20801211=0x56 (GSP_RM_CONTROL) first_seq=0 — the guest read a non-OK status
kf3: family=Ada phase=Running trapped=51389 applied=1991 refused=0 serviced=1164 ram_refused=0 unshadowed_writes=2 read_exits=345 last_off=0x110c00 mem[inval=2400 walks=2413/2413 cleared=2400 superseded=0 named_missed=10 unreconciled=0 mapped=588 unmapped=283 clipped=0x0 held=0 vmm_overlaps=0 priv_withheld=0 priv_withheld_bytes=0x0 priv_mirrored=35 sked=1/0held carve_gpu=0 carve_kernel=2 carve_cpu=1 fn70=1 roots=10 root_moves=0 stmts=22/22 refused=0 pramin_repoints=18 pramin_miss=0 last_miss=0x0 pramin_worst_us=67 (map 37 mmap 31) pramin_maps=18 pramin_mmaps=18 pramin_kept=0 pramin_kept_now=0 
kf3: GSP command service REFUSED: QueueNotBound
kf3: GSP command service REFUSED: QueueNotBound
kf3: act birth translated: chan 0xc1e00037:0xbaba0045 BORN Translated: token 0x1 -> host 0x2e in VasKey(13970166283459231810) gpfifo=0x0x32 userd=Some(Framebuffer { base: 4020568064, size: 512 }) engine=0x1 tsg=None kernel_by=PRIVILEGE=KERNEL rm-internal ring_va=0xff00000000 userd_at_birth(GP_PUT,GP_GET)=(Some(0), Some(0)) zeroed=512B gr_tier=true gp_get_by_engine=true sw_subch_inert=true fast=off (5010 us, off the GSP lock)
kf3: act birth translated: chan 0xc1e00038:0x2 BORN Translated: token 0x801 -> host 0x1002e in VasKey(13970166284621447178) gpfifo=0x220064000x4096 userd=Some(Framebuffer { base: 4019388416, size: 512 }) engine=0xb tsg=None kernel_by=PRIVILEGE=KERNEL rm-internal ring_va=0xff00000000 userd_at_birth(GP_PUT,GP_GET)=(Some(2), Some(2)) zeroed=512B gr_tier=false gp_get_by_engine=false sw_subch_inert=true fast=off (2192 us, off the GSP lock)
kf3: act birth translated: chan 0xc1d00041:0xff040000 BORN Translated: token 0x802 -> host 0x1002f in VasKey(13965662663502465136) gpfifo=0x12024b000x16384 userd=Some(Sysmem { base: 9555042304, size: 512 }) engine=0xb tsg=Some(ff0e0000) kernel_by=PRIVILEGE=KERNEL ring_va=0xff00200000 userd_at_birth(GP_PUT,GP_GET)=(Some(0), Some(0)) zeroed=512B gr_tier=false gp_get_by_engine=false sw_subch_inert=true fast=off (2240 us, off the GSP lock)
kf3: act birth translated: chan 0xc1d00043:0xff040001 BORN Translated: token 0x3 -> host 0x30 in VasKey(13965662663502465136) gpfifo=0x120276000x8192 userd=Some(Sysmem { base: 9555042816, size: 512 }) engine=0x1 tsg=Some(ff0e0000) kernel_by=PRIVILEGE=KERNEL ring_va=0xff00100000 userd_at_birth(GP_PUT,GP_GET)=(Some(0), Some(0)) zeroed=512B gr_tier=true gp_get_by_engine=true sw_subch_inert=true fast=off (4752 us, off the GSP lock)
kf3: act birth translated: chan 0xc1d00044:0xff040002 BORN Translated: token 0x804 -> host 0x10031 in VasKey(13965662663502465136) gpfifo=0x1204f0000x16384 userd=Some(Sysmem { base: 9555043328, size: 512 }) engine=0xb tsg=None kernel_by=PRIVILEGE=KERNEL ring_va=0xff00b00000 userd_at_birth(GP_PUT,GP_GET)=(Some(0), Some(0)) zeroed=512B gr_tier=false gp_get_by_engine=false sw_subch_inert=true fast=off (2193 us, off the GSP lock)
kf3: act birth translated: chan 0xc1d00046:0xff040003 BORN Translated: token 0x1805 -> host 0x30032 in VasKey(13965662663502465136) gpfifo=0x1203c6000x2048 userd=Some(Sysmem { base: 9555043840, size: 512 }) engine=0x13 tsg=None kernel_by=PRIVILEGE=KERNEL ring_va=0xff00300000 userd_at_birth(GP_PUT,GP_GET)=(Some(0), Some(0)) zeroed=512B gr_tier=false gp_get_by_engine=false sw_subch_inert=true fast=off (2456 us, off the GSP lock)
kf3: act birth translated: chan 0xc1d00047:0xff040004 BORN Translated: token 0x806 -> host 0x10033 in VasKey(13965662663502465136) gpfifo=0x12051b000x2048 userd=Some(Sysmem { base: 9555044352, size: 512 }) engine=0xb tsg=Some(ff0e0000) kernel_by=PRIVILEGE=KERNEL ring_va=0xff00900000 userd_at_birth(GP_PUT,GP_GET)=(Some(0), Some(0)) zeroed=512B gr_tier=false gp_get_by_engine=false sw_subch_inert=true fast=off (2141 us, off the GSP lock)
kf3: act birth translated: chan 0xc1d00048:0xff040005 BORN Translated: token 0x2007 -> host 0xc0034 in VasKey(13965662663502465136) gpfifo=0x120522000x2048 userd=Some(Sysmem { base: 9555044864, size: 512 }) engine=0x1c tsg=None kernel_by=PRIVILEGE=KERNEL ring_va=0xff00800000 userd_at_birth(GP_PUT,GP_GET)=(Some(0), Some(0)) zeroed=512B gr_tier=false gp_get_by_engine=false sw_subch_inert=true fast=off (2439 us, off the GSP lock)
kf3: act birth translated: chan 0xc1d00049:0xff040006 BORN Translated: token 0x2008 -> host 0xc0035 in VasKey(13965662663502465136) gpfifo=0x120529000x2048 userd=Some(Sysmem { base: 9555045376, size: 512 }) engine=0x1c tsg=None kernel_by=PRIVILEGE=KERNEL ring_va=0xff00700000 userd_at_birth(GP_PUT,GP_GET)=(Some(0), Some(0)) zeroed=512B gr_tier=false gp_get_by_engine=false sw_subch_inert=true fast=off (2481 us, off the GSP lock)
kf3: act birth translated: chan 0xc1d0004a:0xff040007 BORN Translated: token 0x2809 -> host 0x50036 in VasKey(13965662663502465136) gpfifo=0x120530000x2048 userd=Some(Sysmem { base: 9555045888, size: 512 }) engine=0x33 tsg=None kernel_by=PRIVILEGE=KERNEL ring_va=0xff00600000 userd_at_birth(GP_PUT,GP_GET)=(Some(0), Some(0)) zeroed=512B gr_tier=false gp_get_by_engine=false sw_subch_inert=true fast=off (2782 us, off the GSP lock)
kf3: act birth translated: chan 0xc1d0004b:0xff040008 BORN Translated: token 0x200a -> host 0xc0037 in VasKey(13965662663502465136) gpfifo=0x120538000x2048 userd=Some(Sysmem { base: 9554292736, size: 512 }) engine=0x1c tsg=None kernel_by=PRIVILEGE=KERNEL ring_va=0xff00500000 userd_at_birth(GP_PUT,GP_GET)=(Some(0), Some(0)) zeroed=512B gr_tier=false gp_get_by_engine=false sw_subch_inert=true fast=off (2609 us, off the GSP lock)
kf3: act birth translated: chan 0xc1d0004c:0xff040009 BORN Translated: token 0x80b -> host 0x10038 in VasKey(13965662590488021072) gpfifo=0x200c4000x16384 userd=Some(Sysmem { base: 9554030592, size: 512 }) engine=0xb tsg=Some(ff0e0000) kernel_by=PRIVILEGE=KERNEL ring_va=0xff00400000 userd_at_birth(GP_PUT,GP_GET)=(Some(0), Some(0)) zeroed=512B gr_tier=false gp_get_by_engine=false sw_subch_inert=true fast=off (2270 us, off the GSP lock)
kf3: act birth translated: chan 0xc1d0004d:0xff04000a BORN Translated: token 0xc -> host 0x39 in VasKey(13965662590488021072) gpfifo=0x200ef000x16384 userd=Some(Sysmem { base: 9554031104, size: 512 }) engine=0x1 tsg=Some(ff0e0000) kernel_by=PRIVILEGE=KERNEL ring_va=0xff00c00000 userd_at_birth(GP_PUT,GP_GET)=(Some(0), Some(0)) zeroed=512B gr_tier=true gp_get_by_engine=true sw_subch_inert=true fast=off (4816 us, off the GSP lock)
kf3: act birth translated: chan 0xc1d00051:0xff04000b BORN Translated: token 0x80d -> host 0x1003a in VasKey(13965662788056516688) gpfifo=0x1200c4000x4096 userd=Some(Sysmem { base: 9553764352, size: 512 }) engine=0xb tsg=None kernel_by=PRIVILEGE=KERNEL ring_va=0xff00a00000 userd_at_birth(GP_PUT,GP_GET)=(Some(0), Some(0)) zeroed=512B gr_tier=false gp_get_by_engine=false sw_subch_inert=true fast=off (2414 us, off the GSP lock)
kf-rm: server-context-only PDE copy client=0xc1d00021 vaspace=0xff000850 page_size=0x1000 levels=[shift29 phys=0x0 size=0x1000 ap=1] (inert)
kf-rm: server-context-only PDE copy client=0xc1d00021 vaspace=0xff000850 page_size=0x1000 levels=[shift29 phys=0x0 size=0x1000 ap=1] (inert)
kf-rm: RPC-REFUSED #7 AllocClassNotPermitted { class: 16428, denial: Refused { name: "NV40_I2C", why: NoPhysicalBoardBus } } ⇒ answered NV_ERR_NOT_SUPPORTED (0x56). ⊘ The guest sees only the status; this line is the only place the REASON exists. (printing the first 24; the total rides the refusal census)
kf-rm: RPC-REFUSED #8 AllocClassNotPermitted { class: 16428, denial: Refused { name: "NV40_I2C", why: NoPhysicalBoardBus } } ⇒ answered NV_ERR_NOT_SUPPORTED (0x56). ⊘ The guest sees only the status; this line is the only place the REASON exists. (printing the first 24; the total rides the refusal census)
kf3: family=Ada phase=Running trapped=95124 applied=3609 refused=0 serviced=1839 ram_refused=0 unshadowed_writes=2 read_exits=48101 last_off=0xb81608 mem[inval=4648 walks=4664/4664 cleared=4648 superseded=0 named_missed=20 unreconciled=0 mapped=1133 unmapped=585 clipped=0x0 held=0 vmm_overlaps=0 priv_withheld=0 priv_withheld_bytes=0x0 priv_mirrored=58 sked=1/0held carve_gpu=0 carve_kernel=4 carve_cpu=2 fn70=3 roots=19 root_moves=0 stmts=40/40 refused=0 pramin_repoints=38 pramin_miss=0 last_miss=0x0 pramin_worst_us=89 (map 37 mmap 46) pramin_maps=38 pramin_mmaps=38 pramin_kept=0 pramin_kept_now
kf3: act birth translated: chan 0xc1d00058:0xff04000c BORN Translated: token 0xe -> host 0x3b in VasKey(13965662813826320464) gpfifo=0x1200c4000x32768 userd=Some(Sysmem { base: 9553281024, size: 512 }) engine=0x1 tsg=Some(ff0e0000) kernel_by=PRIVILEGE=KERNEL ring_va=0xff00d00000 userd_at_birth(GP_PUT,GP_GET)=(Some(0), Some(0)) zeroed=512B gr_tier=true gp_get_by_engine=true sw_subch_inert=true fast=off (5515 us, off the GSP lock)
kf3: act birth translated: chan 0xc1d00059:0xff04000d BORN Translated: token 0xe -> host 0x3b in VasKey(13965662650617563216) gpfifo=0x4000000x8192 userd=Some(Sysmem { base: 9553276928, size: 512 }) engine=0x1 tsg=Some(ff0e0000) kernel_by=PRIVILEGE=KERNEL ring_va=0xff00d00000 userd_at_birth(GP_PUT,GP_GET)=(Some(0), Some(0)) zeroed=512B gr_tier=true gp_get_by_engine=true sw_subch_inert=true fast=off (4950 us, off the GSP lock)
kf3: ring REFUSED segment gp 1 va 0x120286138 (39 words) GrMethod { class: 51607, subch: 0, method: 6912, name: "not in the 3D/compute allowlist" }; first words: 20050017 2023b2e0 00000001 00000002 00000000 00001000 20014000 0000a140 200406c0 00000001 20286060 00000003 1000f010 20050017 20286060 00000001 00000003 00000000 00000000 2001a080 40000005 200406c0 00000001 20286060 00000004 1000f010 20050017 20286060 00000001 00000004 00000000 00000000 2001a080 40000006 200406c0 00000001 2023b300 00000003 1000f010
kf3: chan token 0x3 (VasKey(13965662663502465136)) DEAD: ring: Rewrite { gp: 1, why: GrMethod { class: 51607, subch: 0, method: 6912, name: "not in the 3D/compute allowlist" } }
kf3: chan token 0x3 death mirror: own space=0xcafe0019 rows=53 log_epoch=53 last row commits (epoch, lo, hi, ms ago)=[(2e, 1203cf000, 1203d0000, 6f0), (2f, 120530000, 120536000, 6e6), (30, 120536000, 120537000, 6e6), (31, 120537000, 120538000, 6e0), (32, 120538000, 12053b000, 6d5), (33, 12053b000, 12053c000, 6d5), (34, 12053c000, 12053f000, 6d5), (35, 12053f000, 120540000, 6cf)]; plane's mirror for the key now (same rows, space, rows): Some(Some((true, 3405643801, 53)))
kf3: family=Ada phase=Running trapped=97353 applied=3748 refused=0 serviced=1978 ram_refused=0 unshadowed_writes=2 read_exits=48101 last_off=0xb81608 mem[inval=4765 walks=4795/4795 cleared=4765 superseded=0 named_missed=20 unreconciled=0 mapped=1239 unmapped=619 clipped=0x0 held=0 vmm_overlaps=0 priv_withheld=0 priv_withheld_bytes=0x0 priv_mirrored=69 sked=2/0held carve_gpu=0 carve_kernel=4 carve_cpu=2 fn70=3 roots=21 root_moves=0 stmts=44/44 refused=0 pramin_repoints=38 pramin_miss=0 last_miss=0x0 pramin_worst_us=89 (map 37 mmap 46) pramin_maps=38 pramin_mmaps=38 pramin_kept=0 pramin_kept_now
kf3: family=Ada phase=Running trapped=97379 applied=3749 refused=0 serviced=1979 ram_refused=0 unshadowed_writes=2 read_exits=48101 last_off=0xb81608 mem[inval=4765 walks=4795/4795 cleared=4765 superseded=0 named_missed=20 unreconciled=0 mapped=1239 unmapped=619 clipped=0x0 held=0 vmm_overlaps=0 priv_withheld=0 priv_withheld_bytes=0x0 priv_mirrored=69 sked=2/0held carve_gpu=0 carve_kernel=4 carve_cpu=2 fn70=3 roots=21 root_moves=0 stmts=44/44 refused=0 pramin_repoints=38 pramin_miss=0 last_miss=0x0 pramin_worst_us=89 (map 37 mmap 46) pramin_maps=38 pramin_mmaps=38 pramin_kept=0 pramin_kept_now
kf3: family=Ada phase=Running trapped=97391 applied=3749 refused=0 serviced=1979 ram_refused=0 unshadowed_writes=2 read_exits=48101 last_off=0xb81608 mem[inval=4765 walks=4795/4795 cleared=4765 superseded=0 named_missed=20 unreconciled=0 mapped=1239 unmapped=619 clipped=0x0 held=0 vmm_overlaps=0 priv_withheld=0 priv_withheld_bytes=0x0 priv_mirrored=69 sked=2/0held carve_gpu=0 carve_kernel=4 carve_cpu=2 fn70=3 roots=21 root_moves=0 stmts=44/44 refused=0 pramin_repoints=38 pramin_miss=0 last_miss=0x0 pramin_worst_us=89 (map 37 mmap 46) pramin_maps=38 pramin_mmaps=38 pramin_kept=0 pramin_kept_now
kf3: family=Ada phase=Running trapped=97403 applied=3749 refused=0 serviced=1979 ram_refused=0 unshadowed_writes=2 read_exits=48101 last_off=0xb81608 mem[inval=4765 walks=4795/4795 cleared=4765 superseded=0 named_missed=20 unreconciled=0 mapped=1239 unmapped=619 clipped=0x0 held=0 vmm_overlaps=0 priv_withheld=0 priv_withheld_bytes=0x0 priv_mirrored=69 sked=2/0held carve_gpu=0 carve_kernel=4 carve_cpu=2 fn70=3 roots=21 root_moves=0 stmts=44/44 refused=0 pramin_repoints=38 pramin_miss=0 last_miss=0x0 pramin_worst_us=89 (map 37 mmap 46) pramin_maps=38 pramin_mmaps=38 pramin_kept=0 pramin_kept_now
kf3: family=Ada phase=Running trapped=97415 applied=3749 refused=0 serviced=1979 ram_refused=0 unshadowed_writes=2 read_exits=48101 last_off=0xb81608 mem[inval=4765 walks=4795/4795 cleared=4765 superseded=0 named_missed=20 unreconciled=0 mapped=1239 unmapped=619 clipped=0x0 held=0 vmm_overlaps=0 priv_withheld=0 priv_withheld_bytes=0x0 priv_mirrored=69 sked=2/0held carve_gpu=0 carve_kernel=4 carve_cpu=2 fn70=3 roots=21 root_moves=0 stmts=44/44 refused=0 pramin_repoints=38 pramin_miss=0 last_miss=0x0 pramin_worst_us=89 (map 37 mmap 46) pramin_maps=38 pramin_mmaps=38 pramin_kept=0 pramin_kept_now
kf3: family=Ada phase=Running trapped=97427 applied=3749 refused=0 serviced=1979 ram_refused=0 unshadowed_writes=2 read_exits=48101 last_off=0xb81608 mem[inval=4765 walks=4795/4795 cleared=4765 superseded=0 named_missed=20 unreconciled=0 mapped=1239 unmapped=619 clipped=0x0 held=0 vmm_overlaps=0 priv_withheld=0 priv_withheld_bytes=0x0 priv_mirrored=69 sked=2/0held carve_gpu=0 carve_kernel=4 carve_cpu=2 fn70=3 roots=21 root_moves=0 stmts=44/44 refused=0 pramin_repoints=38 pramin_miss=0 last_miss=0x0 pramin_worst_us=89 (map 37 mmap 46) pramin_maps=38 pramin_mmaps=38 pramin_kept=0 pramin_kept_now
kf3: family=Ada phase=Halted trapped=103987 applied=4266 refused=0 serviced=2377 ram_refused=0 unshadowed_writes=2 read_exits=48101 last_off=0x110100 mem[inval=4872 walks=4883/4883 cleared=4872 superseded=0 named_missed=40 unreconciled=0 mapped=1243 unmapped=1025 clipped=0x0 held=0 vmm_overlaps=0 priv_withheld=0 priv_withheld_bytes=0x0 priv_mirrored=70 sked=2/0held carve_gpu=0 carve_kernel=4 carve_cpu=2 fn70=4 roots=21 root_moves=0 stmts=52/52 refused=0 pramin_repoints=42 pramin_miss=0 last_miss=0x0 pramin_worst_us=89 (map 37 mmap 46) pramin_maps=42 pramin_mmaps=42 pramin_kept=0 pramin_kept_no
kf3: GSP command service REFUSED: QueueNotBound
kf3: GSP command service REFUSED: QueueNotBound
kf3: act birth translated: chan 0xc1e00060:0xbaba0045 BORN Translated: token 0x1 -> host 0x2e in VasKey(13970166459552890946) gpfifo=0x0x32 userd=Some(Framebuffer { base: 4020568064, size: 512 }) engine=0x1 tsg=None kernel_by=PRIVILEGE=KERNEL rm-internal ring_va=0xff00000000 userd_at_birth(GP_PUT,GP_GET)=(Some(0), Some(0)) zeroed=512B gr_tier=true gp_get_by_engine=true sw_subch_inert=true fast=off (4938 us, off the GSP lock)
kf3: act birth translated: chan 0xc1e00061:0x2 BORN Translated: token 0x801 -> host 0x1002e in VasKey(13970166460715106314) gpfifo=0x220064000x4096 userd=Some(Framebuffer { base: 4019388416, size: 512 }) engine=0xb tsg=None kernel_by=PRIVILEGE=KERNEL rm-internal ring_va=0xff00000000 userd_at_birth(GP_PUT,GP_GET)=(Some(2), Some(2)) zeroed=512B gr_tier=false gp_get_by_engine=false sw_subch_inert=true fast=off (2033 us, off the GSP lock)
kf3: act birth translated: chan 0xc1d0006a:0xff040000 BORN Translated: token 0x802 -> host 0x1002f in VasKey(13965662839596124272) gpfifo=0x12024b000x16384 userd=Some(Sysmem { base: 9556054016, size: 512 }) engine=0xb tsg=Some(ff0e0000) kernel_by=PRIVILEGE=KERNEL ring_va=0xff00100000 userd_at_birth(GP_PUT,GP_GET)=(Some(0), Some(0)) zeroed=512B gr_tier=false gp_get_by_engine=false sw_subch_inert=true fast=off (2082 us, off the GSP lock)
kf3: act birth translated: chan 0xc1d0006c:0xff040001 BORN Translated: token 0x3 -> host 0x30 in VasKey(13965662839596124272) gpfifo=0x120276000x8192 userd=Some(Sysmem { base: 9556054528, size: 512 }) engine=0x1 tsg=Some(ff0e0000) kernel_by=PRIVILEGE=KERNEL ring_va=0xff00200000 userd_at_birth(GP_PUT,GP_GET)=(Some(0), Some(0)) zeroed=512B gr_tier=true gp_get_by_engine=true sw_subch_inert=true fast=off (4965 us, off the GSP lock)
kf3: act birth translated: chan 0xc1d0006d:0xff040002 BORN Translated: token 0x804 -> host 0x10031 in VasKey(13965662839596124272) gpfifo=0x1204f0000x16384 userd=Some(Sysmem { base: 9556055040, size: 512 }) engine=0xb tsg=None kernel_by=PRIVILEGE=KERNEL ring_va=0xff00b00000 userd_at_birth(GP_PUT,GP_GET)=(Some(0), Some(0)) zeroed=512B gr_tier=false gp_get_by_engine=false sw_subch_inert=true fast=off (2107 us, off the GSP lock)
kf3: act birth translated: chan 0xc1d0006f:0xff040003 BORN Translated: token 0x1805 -> host 0x30032 in VasKey(13965662839596124272) gpfifo=0x1203c6000x2048 userd=Some(Sysmem { base: 9556055552, size: 512 }) engine=0x13 tsg=None kernel_by=PRIVILEGE=KERNEL ring_va=0xff00400000 userd_at_birth(GP_PUT,GP_GET)=(Some(0), Some(0)) zeroed=512B gr_tier=false gp_get_by_engine=false sw_subch_inert=true fast=off (2217 us, off the GSP lock)
kf3: act birth translated: chan 0xc1d00070:0xff040004 BORN Translated: token 0x806 -> host 0x10033 in VasKey(13965662839596124272) gpfifo=0x12051b000x2048 userd=Some(Sysmem { base: 9556056064, size: 512 }) engine=0xb tsg=Some(ff0e0000) kernel_by=PRIVILEGE=KERNEL ring_va=0xff00500000 userd_at_birth(GP_PUT,GP_GET)=(Some(0), Some(0)) zeroed=512B gr_tier=false gp_get_by_engine=false sw_subch_inert=true fast=off (2027 us, off the GSP lock)
kf3: act birth translated: chan 0xc1d00071:0xff040005 BORN Translated: token 0x2007 -> host 0xc0034 in VasKey(13965662839596124272) gpfifo=0x120522000x2048 userd=Some(Sysmem { base: 9556056576, size: 512 }) engine=0x1c tsg=None kernel_by=PRIVILEGE=KERNEL ring_va=0xff00600000 userd_at_birth(GP_PUT,GP_GET)=(Some(0), Some(0)) zeroed=512B gr_tier=false gp_get_by_engine=false sw_subch_inert=true fast=off (2361 us, off the GSP lock)
kf3: act birth translated: chan 0xc1d00072:0xff040006 BORN Translated: token 0x2008 -> host 0xc0035 in VasKey(13965662839596124272) gpfifo=0x120529000x2048 userd=Some(Sysmem { base: 9556057088, size: 512 }) engine=0x1c tsg=None kernel_by=PRIVILEGE=KERNEL ring_va=0xff00700000 userd_at_birth(GP_PUT,GP_GET)=(Some(0), Some(0)) zeroed=512B gr_tier=false gp_get_by_engine=false sw_subch_inert=true fast=off (2208 us, off the GSP lock)
kf3: act birth translated: chan 0xc1d00073:0xff040007 BORN Translated: token 0x2809 -> host 0x50036 in VasKey(13965662839596124272) gpfifo=0x120530000x2048 userd=Some(Sysmem { base: 9556057600, size: 512 }) engine=0x33 tsg=None kernel_by=PRIVILEGE=KERNEL ring_va=0xff00800000 userd_at_birth(GP_PUT,GP_GET)=(Some(0), Some(0)) zeroed=512B gr_tier=false gp_get_by_engine=false sw_subch_inert=true fast=off (2294 us, off the GSP lock)
kf3: act birth translated: chan 0xc1d00074:0xff040008 BORN Translated: token 0x200a -> host 0xc0037 in VasKey(13965662839596124272) gpfifo=0x120538000x2048 userd=Some(Sysmem { base: 9554178048, size: 512 }) engine=0x1c tsg=None kernel_by=PRIVILEGE=KERNEL ring_va=0xff00900000 userd_at_birth(GP_PUT,GP_GET)=(Some(0), Some(0)) zeroed=512B gr_tier=false gp_get_by_engine=false sw_subch_inert=true fast=off (2411 us, off the GSP lock)
kf3: act birth translated: chan 0xc1d00075:0xff040009 BORN Translated: token 0x80b -> host 0x10038 in VasKey(13965662590488021072) gpfifo=0x200c4000x16384 userd=Some(Sysmem { base: 9553915904, size: 512 }) engine=0xb tsg=Some(ff0e0000) kernel_by=PRIVILEGE=KERNEL ring_va=0xff00300000 userd_at_birth(GP_PUT,GP_GET)=(Some(0), Some(0)) zeroed=512B gr_tier=false gp_get_by_engine=false sw_subch_inert=true fast=off (2099 us, off the GSP lock)
kf3: act birth translated: chan 0xc1d00076:0xff04000a BORN Translated: token 0xc -> host 0x39 in VasKey(13965662590488021072) gpfifo=0x200ef000x16384 userd=Some(Sysmem { base: 9553916416, size: 512 }) engine=0x1 tsg=Some(ff0e0000) kernel_by=PRIVILEGE=KERNEL ring_va=0xff00c00000 userd_at_birth(GP_PUT,GP_GET)=(Some(0), Some(0)) zeroed=512B gr_tier=true gp_get_by_engine=true sw_subch_inert=true fast=off (4783 us, off the GSP lock)
kf3: act birth translated: chan 0xc1d00079:0xff04000b BORN Translated: token 0x80d -> host 0x1003a in VasKey(13965662959855208528) gpfifo=0x1200c4000x4096 userd=Some(Sysmem { base: 9553649664, size: 512 }) engine=0xb tsg=None kernel_by=PRIVILEGE=KERNEL ring_va=0xff00a00000 userd_at_birth(GP_PUT,GP_GET)=(Some(0), Some(0)) zeroed=512B gr_tier=false gp_get_by_engine=false sw_subch_inert=true fast=off (2135 us, off the GSP lock)
kf-rm: server-context-only PDE copy client=0xc1d00021 vaspace=0xff000850 page_size=0x1000 levels=[shift29 phys=0x0 size=0x1000 ap=1] (inert)
kf-rm: server-context-only PDE copy client=0xc1d00021 vaspace=0xff000850 page_size=0x1000 levels=[shift29 phys=0x0 size=0x1000 ap=1] (inert)
kf-rm: RPC-REFUSED #9 AllocClassNotPermitted { class: 16428, denial: Refused { name: "NV40_I2C", why: NoPhysicalBoardBus } } ⇒ answered NV_ERR_NOT_SUPPORTED (0x56). ⊘ The guest sees only the status; this line is the only place the REASON exists. (printing the first 24; the total rides the refusal census)
kf-rm: RPC-REFUSED #10 AllocClassNotPermitted { class: 16428, denial: Refused { name: "NV40_I2C", why: NoPhysicalBoardBus } } ⇒ answered NV_ERR_NOT_SUPPORTED (0x56). ⊘ The guest sees only the status; this line is the only place the REASON exists. (printing the first 24; the total rides the refusal census)
kf3: act birth translated: chan 0xc1d0007c:0xff04000c BORN Translated: token 0xe -> host 0x3b in VasKey(13965662650617563216) gpfifo=0x4000000x8192 userd=Some(Sysmem { base: 9553539072, size: 512 }) engine=0x1 tsg=Some(ff0e0000) kernel_by=PRIVILEGE=KERNEL ring_va=0xff00d00000 userd_at_birth(GP_PUT,GP_GET)=(Some(0), Some(0)) zeroed=512B gr_tier=true gp_get_by_engine=true sw_subch_inert=true fast=off (5254 us, off the GSP lock)
kf3: ring REFUSED segment gp 1 va 0x120286138 (39 words) GrMethod { class: 51607, subch: 0, method: 6912, name: "not in the 3D/compute allowlist" }; first words: 20050017 2023b2e0 00000001 00000002 00000000 00001000 20014000 0000a140 200406c0 00000001 20286060 00000005 1000f010 20050017 20286060 00000001 00000005 00000000 00000000 2001a080 40000008 200406c0 00000001 20286060 00000006 1000f010 20050017 20286060 00000001 00000006 00000000 00000000 2001a080 40000009 200406c0 00000001 2023b300 00000003 1000f010
kf3: chan token 0x3 (VasKey(13965662839596124272)) DEAD: ring: Rewrite { gp: 1, why: GrMethod { class: 51607, subch: 0, method: 6912, name: "not in the 3D/compute allowlist" } }
kf3: chan token 0x3 death mirror: own space=0xcafe0019 rows=65 log_epoch=65 last row commits (epoch, lo, hi, ms ago)=[(3a, 1203cf000, 1203d0000, 40f), (3b, 120530000, 120536000, 40c), (3c, 120536000, 120537000, 40c), (3d, 120537000, 120538000, 408), (3e, 120538000, 12053b000, 406), (3f, 12053b000, 12053c000, 406), (40, 12053c000, 12053f000, 406), (41, 12053f000, 120540000, 401)]; plane's mirror for the key now (same rows, space, rows): Some(Some((true, 3405643801, 65)))
kf3: family=Ada phase=Running trapped=147497 applied=5727 refused=0 serviced=3014 ram_refused=0 unshadowed_writes=2 read_exits=48101 last_off=0xbb0090 mem[inval=7146 walks=7176/7176 cleared=7146 superseded=0 named_missed=40 unreconciled=0 mapped=1865 unmapped=1143 clipped=0x0 held=0 vmm_overlaps=0 priv_withheld=0 priv_withheld_bytes=0x0 priv_mirrored=98 sked=3/0held carve_gpu=0 carve_kernel=6 carve_cpu=3 fn70=5 roots=31 root_moves=0 stmts=69/69 refused=0 pramin_repoints=58 pramin_miss=0 last_miss=0x0 pramin_worst_us=89 (map 37 mmap 46) pramin_maps=58 pramin_mmaps=58 pramin_kept=0 pramin_kept_n
kf3: family=Ada phase=Halted trapped=154059 applied=6244 refused=0 serviced=3412 ram_refused=0 unshadowed_writes=2 read_exits=48101 last_off=0x100c10 mem[inval=7251 walks=7262/7262 cleared=7251 superseded=0 named_missed=60 unreconciled=0 mapped=1867 unmapped=1539 clipped=0x0 held=0 vmm_overlaps=0 priv_withheld=0 priv_withheld_bytes=0x0 priv_mirrored=99 sked=3/0held carve_gpu=0 carve_kernel=6 carve_cpu=3 fn70=6 roots=31 root_moves=0 stmts=77/77 refused=0 pramin_repoints=62 pramin_miss=0 last_miss=0x0 pramin_worst_us=89 (map 37 mmap 46) pramin_maps=62 pramin_mmaps=62 pramin_kept=0 pramin_kept_no
kf3: GSP command service REFUSED: QueueNotBound
kf3: GSP command service REFUSED: QueueNotBound
kf3: act birth translated: chan 0xc1e00085:0xbaba0045 BORN Translated: token 0x1 -> host 0x2e in VasKey(13970166618466680898) gpfifo=0x0x32 userd=Some(Framebuffer { base: 4020568064, size: 512 }) engine=0x1 tsg=None kernel_by=PRIVILEGE=KERNEL rm-internal ring_va=0xff00000000 userd_at_birth(GP_PUT,GP_GET)=(Some(0), Some(0)) zeroed=512B gr_tier=true gp_get_by_engine=true sw_subch_inert=true fast=off (5143 us, off the GSP lock)
kf3: act birth translated: chan 0xc1e00086:0x2 BORN Translated: token 0x801 -> host 0x1002e in VasKey(13970166619628896266) gpfifo=0x220064000x4096 userd=Some(Framebuffer { base: 4019388416, size: 512 }) engine=0xb tsg=None kernel_by=PRIVILEGE=KERNEL rm-internal ring_va=0xff00000000 userd_at_birth(GP_PUT,GP_GET)=(Some(2), Some(2)) zeroed=512B gr_tier=false gp_get_by_engine=false sw_subch_inert=true fast=off (2188 us, off the GSP lock)
kf3: act birth translated: chan 0xc1d0008f:0xff040000 BORN Translated: token 0x802 -> host 0x1002f in VasKey(13965662998509914224) gpfifo=0x12024b000x16384 userd=Some(Sysmem { base: 9555034112, size: 512 }) engine=0xb tsg=Some(ff0e0000) kernel_by=PRIVILEGE=KERNEL ring_va=0xff00200000 userd_at_birth(GP_PUT,GP_GET)=(Some(0), Some(0)) zeroed=512B gr_tier=false gp_get_by_engine=false sw_subch_inert=true fast=off (2236 us, off the GSP lock)
kf3: act birth translated: chan 0xc1d00091:0xff040001 BORN Translated: token 0x3 -> host 0x30 in VasKey(13965662998509914224) gpfifo=0x120276000x8192 userd=Some(Sysmem { base: 9555034624, size: 512 }) engine=0x1 tsg=Some(ff0e0000) kernel_by=PRIVILEGE=KERNEL ring_va=0xff00100000 userd_at_birth(GP_PUT,GP_GET)=(Some(0), Some(0)) zeroed=512B gr_tier=true gp_get_by_engine=true sw_subch_inert=true fast=off (4912 us, off the GSP lock)
kf3: act birth translated: chan 0xc1d00092:0xff040002 BORN Translated: token 0x804 -> host 0x10031 in VasKey(13965662998509914224) gpfifo=0x1204f0000x16384 userd=Some(Sysmem { base: 9555035136, size: 512 }) engine=0xb tsg=None kernel_by=PRIVILEGE=KERNEL ring_va=0xff00b00000 userd_at_birth(GP_PUT,GP_GET)=(Some(0), Some(0)) zeroed=512B gr_tier=false gp_get_by_engine=false sw_subch_inert=true fast=off (2017 us, off the GSP lock)
kf3: act birth translated: chan 0xc1d00094:0xff040003 BORN Translated: token 0x1805 -> host 0x30032 in VasKey(13965662998509914224) gpfifo=0x1203c6000x2048 userd=Some(Sysmem { base: 9555035648, size: 512 }) engine=0x13 tsg=None kernel_by=PRIVILEGE=KERNEL ring_va=0xff00300000 userd_at_birth(GP_PUT,GP_GET)=(Some(0), Some(0)) zeroed=512B gr_tier=false gp_get_by_engine=false sw_subch_inert=true fast=off (2231 us, off the GSP lock)
kf3: act birth translated: chan 0xc1d00095:0xff040004 BORN Translated: token 0x806 -> host 0x10033 in VasKey(13965662998509914224) gpfifo=0x12051b000x2048 userd=Some(Sysmem { base: 9555036160, size: 512 }) engine=0xb tsg=Some(ff0e0000) kernel_by=PRIVILEGE=KERNEL ring_va=0xff00900000 userd_at_birth(GP_PUT,GP_GET)=(Some(0), Some(0)) zeroed=512B gr_tier=false gp_get_by_engine=false sw_subch_inert=true fast=off (2071 us, off the GSP lock)
kf3: act birth translated: chan 0xc1d00096:0xff040005 BORN Translated: token 0x2007 -> host 0xc0034 in VasKey(13965662998509914224) gpfifo=0x120522000x2048 userd=Some(Sysmem { base: 9555036672, size: 512 }) engine=0x1c tsg=None kernel_by=PRIVILEGE=KERNEL ring_va=0xff00800000 userd_at_birth(GP_PUT,GP_GET)=(Some(0), Some(0)) zeroed=512B gr_tier=false gp_get_by_engine=false sw_subch_inert=true fast=off (2255 us, off the GSP lock)
kf3: act birth translated: chan 0xc1d00097:0xff040006 BORN Translated: token 0x2008 -> host 0xc0035 in VasKey(13965662998509914224) gpfifo=0x120529000x2048 userd=Some(Sysmem { base: 9555037184, size: 512 }) engine=0x1c tsg=None kernel_by=PRIVILEGE=KERNEL ring_va=0xff00700000 userd_at_birth(GP_PUT,GP_GET)=(Some(0), Some(0)) zeroed=512B gr_tier=false gp_get_by_engine=false sw_subch_inert=true fast=off (2218 us, off the GSP lock)
kf3: act birth translated: chan 0xc1d00098:0xff040007 BORN Translated: token 0x2809 -> host 0x50036 in VasKey(13965662998509914224) gpfifo=0x120530000x2048 userd=Some(Sysmem { base: 9555037696, size: 512 }) engine=0x33 tsg=None kernel_by=PRIVILEGE=KERNEL ring_va=0xff00600000 userd_at_birth(GP_PUT,GP_GET)=(Some(0), Some(0)) zeroed=512B gr_tier=false gp_get_by_engine=false sw_subch_inert=true fast=off (2396 us, off the GSP lock)
kf3: act birth translated: chan 0xc1d00099:0xff040008 BORN Translated: token 0x200a -> host 0xc0037 in VasKey(13965662998509914224) gpfifo=0x120538000x2048 userd=Some(Sysmem { base: 9554284544, size: 512 }) engine=0x1c tsg=None kernel_by=PRIVILEGE=KERNEL ring_va=0xff00500000 userd_at_birth(GP_PUT,GP_GET)=(Some(0), Some(0)) zeroed=512B gr_tier=false gp_get_by_engine=false sw_subch_inert=true fast=off (2436 us, off the GSP lock)
kf3: act birth translated: chan 0xc1d0009a:0xff040009 BORN Translated: token 0x80b -> host 0x10038 in VasKey(13965662590488021072) gpfifo=0x200c4000x16384 userd=Some(Sysmem { base: 9554022400, size: 512 }) engine=0xb tsg=Some(ff0e0000) kernel_by=PRIVILEGE=KERNEL ring_va=0xff00400000 userd_at_birth(GP_PUT,GP_GET)=(Some(0), Some(0)) zeroed=512B gr_tier=false gp_get_by_engine=false sw_subch_inert=true fast=off (2067 us, off the GSP lock)
kf3: act birth translated: chan 0xc1d0009b:0xff04000a BORN Translated: token 0xc -> host 0x39 in VasKey(13965662590488021072) gpfifo=0x200ef000x16384 userd=Some(Sysmem { base: 9554022912, size: 512 }) engine=0x1 tsg=Some(ff0e0000) kernel_by=PRIVILEGE=KERNEL ring_va=0xff00c00000 userd_at_birth(GP_PUT,GP_GET)=(Some(0), Some(0)) zeroed=512B gr_tier=true gp_get_by_engine=true sw_subch_inert=true fast=off (5039 us, off the GSP lock)
kf3: act birth translated: chan 0xc1d0009f:0xff04000b BORN Translated: token 0x80d -> host 0x1003a in VasKey(13965663123063965776) gpfifo=0x1200c4000x4096 userd=Some(Sysmem { base: 9553756160, size: 512 }) engine=0xb tsg=None kernel_by=PRIVILEGE=KERNEL ring_va=0xff00a00000 userd_at_birth(GP_PUT,GP_GET)=(Some(0), Some(0)) zeroed=512B gr_tier=false gp_get_by_engine=false sw_subch_inert=true fast=off (2149 us, off the GSP lock)
kf-rm: server-context-only PDE copy client=0xc1d00021 vaspace=0xff000850 page_size=0x1000 levels=[shift29 phys=0x0 size=0x1000 ap=1] (inert)
kf-rm: server-context-only PDE copy client=0xc1d00021 vaspace=0xff000850 page_size=0x1000 levels=[shift29 phys=0x0 size=0x1000 ap=1] (inert)
kf-rm: RPC-REFUSED #11 AllocClassNotPermitted { class: 16428, denial: Refused { name: "NV40_I2C", why: NoPhysicalBoardBus } } ⇒ answered NV_ERR_NOT_SUPPORTED (0x56). ⊘ The guest sees only the status; this line is the only place the REASON exists. (printing the first 24; the total rides the refusal census)
kf-rm: RPC-REFUSED #12 AllocClassNotPermitted { class: 16428, denial: Refused { name: "NV40_I2C", why: NoPhysicalBoardBus } } ⇒ answered NV_ERR_NOT_SUPPORTED (0x56). ⊘ The guest sees only the status; this line is the only place the REASON exists. (printing the first 24; the total rides the refusal census)
kf3: act birth translated: chan 0xc1d000a3:0xff04000c BORN Translated: token 0xe -> host 0x3b in VasKey(13965663140243834960) gpfifo=0x1200c4000x32768 userd=Some(Sysmem { base: 9555984384, size: 512 }) engine=0x1 tsg=Some(ff0e0000) kernel_by=PRIVILEGE=KERNEL ring_va=0xff00d00000 userd_at_birth(GP_PUT,GP_GET)=(Some(0), Some(0)) zeroed=512B gr_tier=true gp_get_by_engine=true sw_subch_inert=true fast=off (4904 us, off the GSP lock)
kf3: act birth translated: chan 0xc1d000a4:0xff04000c BORN Translated: token 0xe -> host 0x3b in VasKey(13965662650617563216) gpfifo=0x4000000x8192 userd=Some(Sysmem { base: 9555984384, size: 512 }) engine=0x1 tsg=Some(ff0e0000) kernel_by=PRIVILEGE=KERNEL ring_va=0xff00d00000 userd_at_birth(GP_PUT,GP_GET)=(Some(0), Some(0)) zeroed=512B gr_tier=true gp_get_by_engine=true sw_subch_inert=true fast=off (4619 us, off the GSP lock)
kf3: ring REFUSED segment gp 1 va 0x120286138 (39 words) GrMethod { class: 51607, subch: 0, method: 6912, name: "not in the 3D/compute allowlist" }; first words: 20050017 2023b2e0 00000001 00000002 00000000 00001000 20014000 0000a140 200406c0 00000001 20286060 00000007 1000f010 20050017 20286060 00000001 00000007 00000000 00000000 2001a080 4000000b 200406c0 00000001 20286060 00000008 1000f010 20050017 20286060 00000001 00000008 00000000 00000000 2001a080 4000000c 200406c0 00000001 2023b300 00000003 1000f010
kf3: chan token 0x3 (VasKey(13965662998509914224)) DEAD: ring: Rewrite { gp: 1, why: GrMethod { class: 51607, subch: 0, method: 6912, name: "not in the 3D/compute allowlist" } }
kf3: chan token 0x3 death mirror: own space=0xcafe0019 rows=54 log_epoch=54 last row commits (epoch, lo, hi, ms ago)=[(2f, 120530000, 120534000, 460), (30, 120534000, 120536000, 460), (31, 120536000, 120537000, 460), (32, 120537000, 120538000, 45c), (33, 120538000, 120539000, 45a), (34, 120539000, 12053e000, 45a), (35, 12053e000, 12053f000, 45a), (36, 12053f000, 120540000, 455)]; plane's mirror for the key now (same rows, space, rows): Some(Some((true, 3405643801, 54)))
kf3: family=Ada phase=Running trapped=198278 applied=7735 refused=0 serviced=4079 ram_refused=0 unshadowed_writes=2 read_exits=48101 last_off=0xb81608 mem[inval=9577 walks=9613/9613 cleared=9577 superseded=0 named_missed=60 unreconciled=0 mapped=2481 unmapped=1663 clipped=0x0 held=0 vmm_overlaps=0 priv_withheld=0 priv_withheld_bytes=0x0 priv_mirrored=133 sked=4/0held carve_gpu=0 carve_kernel=8 carve_cpu=4 fn70=7 roots=41 root_moves=0 stmts=94/94 refused=0 pramin_repoints=78 pramin_miss=0 last_miss=0x0 pramin_worst_us=90 (map 37 mmap 46) pramin_maps=78 pramin_mmaps=78 pramin_kept=0 pramin_kept_
kf3: family=Ada phase=Running trapped=198290 applied=7735 refused=0 serviced=4079 ram_refused=0 unshadowed_writes=2 read_exits=48101 last_off=0xb81608 mem[inval=9577 walks=9613/9613 cleared=9577 superseded=0 named_missed=60 unreconciled=0 mapped=2481 unmapped=1663 clipped=0x0 held=0 vmm_overlaps=0 priv_withheld=0 priv_withheld_bytes=0x0 priv_mirrored=133 sked=4/0held carve_gpu=0 carve_kernel=8 carve_cpu=4 fn70=7 roots=41 root_moves=0 stmts=94/94 refused=0 pramin_repoints=78 pramin_miss=0 last_miss=0x0 pramin_worst_us=90 (map 37 mmap 46) pramin_maps=78 pramin_mmaps=78 pramin_kept=0 pramin_kept_
kf3: family=Ada phase=Running trapped=198316 applied=7736 refused=0 serviced=4080 ram_refused=0 unshadowed_writes=2 read_exits=48101 last_off=0xb81608 mem[inval=9577 walks=9613/9613 cleared=9577 superseded=0 named_missed=60 unreconciled=0 mapped=2481 unmapped=1663 clipped=0x0 held=0 vmm_overlaps=0 priv_withheld=0 priv_withheld_bytes=0x0 priv_mirrored=133 sked=4/0held carve_gpu=0 carve_kernel=8 carve_cpu=4 fn70=7 roots=41 root_moves=0 stmts=94/94 refused=0 pramin_repoints=78 pramin_miss=0 last_miss=0x0 pramin_worst_us=90 (map 37 mmap 46) pramin_maps=78 pramin_mmaps=78 pramin_kept=0 pramin_kept_
kf3: family=Ada phase=Running trapped=198328 applied=7736 refused=0 serviced=4080 ram_refused=0 unshadowed_writes=2 read_exits=48101 last_off=0xb81608 mem[inval=9577 walks=9613/9613 cleared=9577 superseded=0 named_missed=60 unreconciled=0 mapped=2481 unmapped=1663 clipped=0x0 held=0 vmm_overlaps=0 priv_withheld=0 priv_withheld_bytes=0x0 priv_mirrored=133 sked=4/0held carve_gpu=0 carve_kernel=8 carve_cpu=4 fn70=7 roots=41 root_moves=0 stmts=94/94 refused=0 pramin_repoints=78 pramin_miss=0 last_miss=0x0 pramin_worst_us=90 (map 37 mmap 46) pramin_maps=78 pramin_mmaps=78 pramin_kept=0 pramin_kept_
kf3: family=Ada phase=Running trapped=198340 applied=7736 refused=0 serviced=4080 ram_refused=0 unshadowed_writes=2 read_exits=48101 last_off=0xb81608 mem[inval=9577 walks=9613/9613 cleared=9577 superseded=0 named_missed=60 unreconciled=0 mapped=2481 unmapped=1663 clipped=0x0 held=0 vmm_overlaps=0 priv_withheld=0 priv_withheld_bytes=0x0 priv_mirrored=133 sked=4/0held carve_gpu=0 carve_kernel=8 carve_cpu=4 fn70=7 roots=41 root_moves=0 stmts=94/94 refused=0 pramin_repoints=78 pramin_miss=0 last_miss=0x0 pramin_worst_us=90 (map 37 mmap 46) pramin_maps=78 pramin_mmaps=78 pramin_kept=0 pramin_kept_
kf3: family=Ada phase=Running trapped=198352 applied=7736 refused=0 serviced=4080 ram_refused=0 unshadowed_writes=2 read_exits=48101 last_off=0xb81608 mem[inval=9577 walks=9613/9613 cleared=9577 superseded=0 named_missed=60 unreconciled=0 mapped=2481 unmapped=1663 clipped=0x0 held=0 vmm_overlaps=0 priv_withheld=0 priv_withheld_bytes=0x0 priv_mirrored=133 sked=4/0held carve_gpu=0 carve_kernel=8 carve_cpu=4 fn70=7 roots=41 root_moves=0 stmts=94/94 refused=0 pramin_repoints=78 pramin_miss=0 last_miss=0x0 pramin_worst_us=90 (map 37 mmap 46) pramin_maps=78 pramin_mmaps=78 pramin_kept=0 pramin_kept_
kf3: family=Ada phase=Running trapped=198364 applied=7736 refused=0 serviced=4080 ram_refused=0 unshadowed_writes=2 read_exits=48101 last_off=0xb81608 mem[inval=9577 walks=9613/9613 cleared=9577 superseded=0 named_missed=60 unreconciled=0 mapped=2481 unmapped=1663 clipped=0x0 held=0 vmm_overlaps=0 priv_withheld=0 priv_withheld_bytes=0x0 priv_mirrored=133 sked=4/0held carve_gpu=0 carve_kernel=8 carve_cpu=4 fn70=7 roots=41 root_moves=0 stmts=94/94 refused=0 pramin_repoints=78 pramin_miss=0 last_miss=0x0 pramin_worst_us=90 (map 37 mmap 46) pramin_maps=78 pramin_mmaps=78 pramin_kept=0 pramin_kept_
kf3: GSP command service REFUSED: QueueNotBound
kf3: GSP command service REFUSED: QueueNotBound
kf3: act birth translated: chan 0xc1e000ab:0xbaba0045 BORN Translated: token 0x1 -> host 0x2e in VasKey(13970166781675438146) gpfifo=0x0x32 userd=Some(Framebuffer { base: 4020568064, size: 512 }) engine=0x1 tsg=None kernel_by=PRIVILEGE=KERNEL rm-internal ring_va=0xff00000000 userd_at_birth(GP_PUT,GP_GET)=(Some(0), Some(0)) zeroed=512B gr_tier=true gp_get_by_engine=true sw_subch_inert=true fast=off (4962 us, off the GSP lock)
kf3: act birth translated: chan 0xc1e000ac:0x2 BORN Translated: token 0x801 -> host 0x1002e in VasKey(13970166782837653514) gpfifo=0x220064000x4096 userd=Some(Framebuffer { base: 4019388416, size: 512 }) engine=0xb tsg=None kernel_by=PRIVILEGE=KERNEL rm-internal ring_va=0xff00000000 userd_at_birth(GP_PUT,GP_GET)=(Some(2), Some(2)) zeroed=512B gr_tier=false gp_get_by_engine=false sw_subch_inert=true fast=off (2121 us, off the GSP lock)
kf3: act birth translated: chan 0xc1d000b5:0xff040000 BORN Translated: token 0x802 -> host 0x1002f in VasKey(13965663161718671472) gpfifo=0x12024b000x16384 userd=Some(Sysmem { base: 9554984960, size: 512 }) engine=0xb tsg=Some(ff0e0000) kernel_by=PRIVILEGE=KERNEL ring_va=0xff00100000 userd_at_birth(GP_PUT,GP_GET)=(Some(0), Some(0)) zeroed=512B gr_tier=false gp_get_by_engine=false sw_subch_inert=true fast=off (2089 us, off the GSP lock)
kf3: act birth translated: chan 0xc1d000b7:0xff040001 BORN Translated: token 0x3 -> host 0x30 in VasKey(13965663161718671472) gpfifo=0x120276000x8192 userd=Some(Sysmem { base: 9554985472, size: 512 }) engine=0x1 tsg=Some(ff0e0000) kernel_by=PRIVILEGE=KERNEL ring_va=0xff00200000 userd_at_birth(GP_PUT,GP_GET)=(Some(0), Some(0)) zeroed=512B gr_tier=true gp_get_by_engine=true sw_subch_inert=true fast=off (4593 us, off the GSP lock)
kf3: act birth translated: chan 0xc1d000b8:0xff040002 BORN Translated: token 0x804 -> host 0x10031 in VasKey(13965663161718671472) gpfifo=0x1204f0000x16384 userd=Some(Sysmem { base: 9554985984, size: 512 }) engine=0xb tsg=None kernel_by=PRIVILEGE=KERNEL ring_va=0xff00b00000 userd_at_birth(GP_PUT,GP_GET)=(Some(0), Some(0)) zeroed=512B gr_tier=false gp_get_by_engine=false sw_subch_inert=true fast=off (2116 us, off the GSP lock)
kf3: act birth translated: chan 0xc1d000ba:0xff040003 BORN Translated: token 0x1805 -> host 0x30032 in VasKey(13965663161718671472) gpfifo=0x1203c6000x2048 userd=Some(Sysmem { base: 9554986496, size: 512 }) engine=0x13 tsg=None kernel_by=PRIVILEGE=KERNEL ring_va=0xff00400000 userd_at_birth(GP_PUT,GP_GET)=(Some(0), Some(0)) zeroed=512B gr_tier=false gp_get_by_engine=false sw_subch_inert=true fast=off (2257 us, off the GSP lock)
kf3: act birth translated: chan 0xc1d000bb:0xff040004 BORN Translated: token 0x806 -> host 0x10033 in VasKey(13965663161718671472) gpfifo=0x12051b000x2048 userd=Some(Sysmem { base: 9554987008, size: 512 }) engine=0xb tsg=Some(ff0e0000) kernel_by=PRIVILEGE=KERNEL ring_va=0xff00500000 userd_at_birth(GP_PUT,GP_GET)=(Some(0), Some(0)) zeroed=512B gr_tier=false gp_get_by_engine=false sw_subch_inert=true fast=off (2033 us, off the GSP lock)
kf3: act birth translated: chan 0xc1d000bc:0xff040005 BORN Translated: token 0x2007 -> host 0xc0034 in VasKey(13965663161718671472) gpfifo=0x120522000x2048 userd=Some(Sysmem { base: 9554987520, size: 512 }) engine=0x1c tsg=None kernel_by=PRIVILEGE=KERNEL ring_va=0xff00600000 userd_at_birth(GP_PUT,GP_GET)=(Some(0), Some(0)) zeroed=512B gr_tier=false gp_get_by_engine=false sw_subch_inert=true fast=off (2401 us, off the GSP lock)
kf3: act birth translated: chan 0xc1d000bd:0xff040006 BORN Translated: token 0x2008 -> host 0xc0035 in VasKey(13965663161718671472) gpfifo=0x120529000x2048 userd=Some(Sysmem { base: 9554988032, size: 512 }) engine=0x1c tsg=None kernel_by=PRIVILEGE=KERNEL ring_va=0xff00700000 userd_at_birth(GP_PUT,GP_GET)=(Some(0), Some(0)) zeroed=512B gr_tier=false gp_get_by_engine=false sw_subch_inert=true fast=off (2253 us, off the GSP lock)
kf3: act birth translated: chan 0xc1d000be:0xff040007 BORN Translated: token 0x2809 -> host 0x50036 in VasKey(13965663161718671472) gpfifo=0x120530000x2048 userd=Some(Sysmem { base: 9554988544, size: 512 }) engine=0x33 tsg=None kernel_by=PRIVILEGE=KERNEL ring_va=0xff00800000 userd_at_birth(GP_PUT,GP_GET)=(Some(0), Some(0)) zeroed=512B gr_tier=false gp_get_by_engine=false sw_subch_inert=true fast=off (2264 us, off the GSP lock)
kf3: act birth translated: chan 0xc1d000bf:0xff040008 BORN Translated: token 0x200a -> host 0xc0037 in VasKey(13965663161718671472) gpfifo=0x120538000x2048 userd=Some(Sysmem { base: 9554190336, size: 512 }) engine=0x1c tsg=None kernel_by=PRIVILEGE=KERNEL ring_va=0xff00900000 userd_at_birth(GP_PUT,GP_GET)=(Some(0), Some(0)) zeroed=512B gr_tier=false gp_get_by_engine=false sw_subch_inert=true fast=off (2244 us, off the GSP lock)
kf3: act birth translated: chan 0xc1d000c0:0xff040009 BORN Translated: token 0x80b -> host 0x10038 in VasKey(13965662590488021072) gpfifo=0x200c4000x16384 userd=Some(Sysmem { base: 9553928192, size: 512 }) engine=0xb tsg=Some(ff0e0000) kernel_by=PRIVILEGE=KERNEL ring_va=0xff00300000 userd_at_birth(GP_PUT,GP_GET)=(Some(0), Some(0)) zeroed=512B gr_tier=false gp_get_by_engine=false sw_subch_inert=true fast=off (2078 us, off the GSP lock)
kf3: act birth translated: chan 0xc1d000c1:0xff04000a BORN Translated: token 0xc -> host 0x39 in VasKey(13965662590488021072) gpfifo=0x200ef000x16384 userd=Some(Sysmem { base: 9553928704, size: 512 }) engine=0x1 tsg=Some(ff0e0000) kernel_by=PRIVILEGE=KERNEL ring_va=0xff00c00000 userd_at_birth(GP_PUT,GP_GET)=(Some(0), Some(0)) zeroed=512B gr_tier=true gp_get_by_engine=true sw_subch_inert=true fast=off (4496 us, off the GSP lock)
kf3: act birth translated: chan 0xc1d000c5:0xff04000b BORN Translated: token 0x80d -> host 0x1003a in VasKey(13965663286272723024) gpfifo=0x1200c4000x4096 userd=Some(Sysmem { base: 9553661952, size: 512 }) engine=0xb tsg=None kernel_by=PRIVILEGE=KERNEL ring_va=0xff00a00000 userd_at_birth(GP_PUT,GP_GET)=(Some(0), Some(0)) zeroed=512B gr_tier=false gp_get_by_engine=false sw_subch_inert=true fast=off (2122 us, off the GSP lock)
kf3: family=Ada phase=Running trapped=237493 applied=9629 refused=0 serviced=5030 ram_refused=0 unshadowed_writes=2 read_exits=48101 last_off=0xb830b0 mem[inval=11335 walks=11361/11362 cleared=11334 superseded=0 named_missed=80 unreconciled=0 mapped=2887 unmapped=2145 clipped=0x0 held=0 vmm_overlaps=0 priv_withheld=0 priv_withheld_bytes=0x0 priv_mirrored=152 sked=4/0held carve_gpu=0 carve_kernel=10 carve_cpu=5 fn70=9 roots=50 root_moves=0 stmts=117/117 refused=0 pramin_repoints=98 pramin_miss=0 last_miss=0x0 pramin_worst_us=90 (map 37 mmap 46) pramin_maps=98 pramin_mmaps=98 pramin_kept=0 prami
kf-rm: server-context-only PDE copy client=0xc1d00021 vaspace=0xff000850 page_size=0x1000 levels=[shift29 phys=0x0 size=0x1000 ap=1] (inert)
kf-rm: server-context-only PDE copy client=0xc1d00021 vaspace=0xff000850 page_size=0x1000 levels=[shift29 phys=0x0 size=0x1000 ap=1] (inert)
kf-rm: RPC-REFUSED #13 AllocClassNotPermitted { class: 16428, denial: Refused { name: "NV40_I2C", why: NoPhysicalBoardBus } } ⇒ answered NV_ERR_NOT_SUPPORTED (0x56). ⊘ The guest sees only the status; this line is the only place the REASON exists. (printing the first 24; the total rides the refusal census)
kf-rm: RPC-REFUSED #14 AllocClassNotPermitted { class: 16428, denial: Refused { name: "NV40_I2C", why: NoPhysicalBoardBus } } ⇒ answered NV_ERR_NOT_SUPPORTED (0x56). ⊘ The guest sees only the status; this line is the only place the REASON exists. (printing the first 24; the total rides the refusal census)
kf3: act birth translated: chan 0xc1d000c7:0xff04000c BORN Translated: token 0xe -> host 0x3b in VasKey(13965662650617563216) gpfifo=0x4000000x8192 userd=Some(Sysmem { base: 9553551360, size: 512 }) engine=0x1 tsg=Some(ff0e0000) kernel_by=PRIVILEGE=KERNEL ring_va=0xff00d00000 userd_at_birth(GP_PUT,GP_GET)=(Some(0), Some(0)) zeroed=512B gr_tier=true gp_get_by_engine=true sw_subch_inert=true fast=off (5363 us, off the GSP lock)
kf3: ring REFUSED segment gp 1 va 0x120286138 (39 words) GrMethod { class: 51607, subch: 0, method: 6912, name: "not in the 3D/compute allowlist" }; first words: 20050017 2023b2e0 00000001 00000002 00000000 00001000 20014000 0000a140 200406c0 00000001 20286060 00000009 1000f010 20050017 20286060 00000001 00000009 00000000 00000000 2001a080 4000000e 200406c0 00000001 20286060 0000000a 1000f010 20050017 20286060 00000001 0000000a 00000000 00000000 2001a080 4000000f 200406c0 00000001 2023b300 00000003 1000f010
kf3: chan token 0x3 (VasKey(13965663161718671472)) DEAD: ring: Rewrite { gp: 1, why: GrMethod { class: 51607, subch: 0, method: 6912, name: "not in the 3D/compute allowlist" } }
kf3: chan token 0x3 death mirror: own space=0xcafe0019 rows=58 log_epoch=58 last row commits (epoch, lo, hi, ms ago)=[(33, 1203cf000, 1203d0000, 427), (34, 120530000, 120532000, 425), (35, 120532000, 120535000, 425), (36, 120535000, 120537000, 425), (37, 120537000, 120538000, 421), (38, 120538000, 12053e000, 41e), (39, 12053e000, 12053f000, 41e), (3a, 12053f000, 120540000, 41a)]; plane's mirror for the key now (same rows, space, rows): Some(Some((true, 3405643801, 58)))
kf-rm: RPC-REFUSED #15 AllocClassNotPermitted { class: 16428, denial: Refused { name: "NV40_I2C", why: NoPhysicalBoardBus } } ⇒ answered NV_ERR_NOT_SUPPORTED (0x56). ⊘ The guest sees only the status; this line is the only place the REASON exists. (printing the first 24; the total rides the refusal census)
kf-rm: RPC-REFUSED #16 AllocClassNotPermitted { class: 16428, denial: Refused { name: "NV40_I2C", why: NoPhysicalBoardBus } } ⇒ answered NV_ERR_NOT_SUPPORTED (0x56). ⊘ The guest sees only the status; this line is the only place the REASON exists. (printing the first 24; the total rides the refusal census)
kf3: family=Ada phase=Running trapped=248876 applied=9752 refused=0 serviced=5153 ram_refused=0 unshadowed_writes=2 read_exits=48101 last_off=0xb81608 mem[inval=11958 walks=11994/11994 cleared=11958 superseded=0 named_missed=80 unreconciled=0 mapped=3064 unmapped=2165 clipped=0x0 held=0 vmm_overlaps=0 priv_withheld=0 priv_withheld_bytes=0x0 priv_mirrored=162 sked=5/0held carve_gpu=0 carve_kernel=10 carve_cpu=5 fn70=9 roots=51 root_moves=0 stmts=119/119 refused=0 pramin_repoints=98 pramin_miss=0 last_miss=0x0 pramin_worst_us=90 (map 37 mmap 46) pramin_maps=98 pramin_mmaps=98 pramin_kept=0 prami
kf3: GSP command service REFUSED: QueueNotBound
kf3: GSP command service REFUSED: QueueNotBound
kf3: act birth translated: chan 0xc1e000d4:0xbaba0045 BORN Translated: token 0x1 -> host 0x2e in VasKey(13970166957769097282) gpfifo=0x0x32 userd=Some(Framebuffer { base: 4020568064, size: 512 }) engine=0x1 tsg=None kernel_by=PRIVILEGE=KERNEL rm-internal ring_va=0xff00000000 userd_at_birth(GP_PUT,GP_GET)=(Some(0), Some(0)) zeroed=512B gr_tier=true gp_get_by_engine=true sw_subch_inert=true fast=off (5418 us, off the GSP lock)
kf3: act birth translated: chan 0xc1e000d5:0x2 BORN Translated: token 0x801 -> host 0x1002e in VasKey(13970166958931312650) gpfifo=0x220064000x4096 userd=Some(Framebuffer { base: 4019388416, size: 512 }) engine=0xb tsg=None kernel_by=PRIVILEGE=KERNEL rm-internal ring_va=0xff00000000 userd_at_birth(GP_PUT,GP_GET)=(Some(2), Some(2)) zeroed=512B gr_tier=false gp_get_by_engine=false sw_subch_inert=true fast=off (2120 us, off the GSP lock)
kf3: act birth translated: chan 0xc1d000de:0xff040000 BORN Translated: token 0x802 -> host 0x1002f in VasKey(13965663337812330608) gpfifo=0x12024b000x16384 userd=Some(Sysmem { base: 9555587072, size: 512 }) engine=0xb tsg=Some(ff0e0000) kernel_by=PRIVILEGE=KERNEL ring_va=0xff00200000 userd_at_birth(GP_PUT,GP_GET)=(Some(0), Some(0)) zeroed=512B gr_tier=false gp_get_by_engine=false sw_subch_inert=true fast=off (2038 us, off the GSP lock)
kf3: act birth translated: chan 0xc1d000e0:0xff040001 BORN Translated: token 0x3 -> host 0x30 in VasKey(13965663337812330608) gpfifo=0x120276000x8192 userd=Some(Sysmem { base: 9555587584, size: 512 }) engine=0x1 tsg=Some(ff0e0000) kernel_by=PRIVILEGE=KERNEL ring_va=0xff00100000 userd_at_birth(GP_PUT,GP_GET)=(Some(0), Some(0)) zeroed=512B gr_tier=true gp_get_by_engine=true sw_subch_inert=true fast=off (4470 us, off the GSP lock)
kf3: act birth translated: chan 0xc1d000e1:0xff040002 BORN Translated: token 0x804 -> host 0x10031 in VasKey(13965663337812330608) gpfifo=0x1204f0000x16384 userd=Some(Sysmem { base: 9555588096, size: 512 }) engine=0xb tsg=None kernel_by=PRIVILEGE=KERNEL ring_va=0xff00b00000 userd_at_birth(GP_PUT,GP_GET)=(Some(0), Some(0)) zeroed=512B gr_tier=false gp_get_by_engine=false sw_subch_inert=true fast=off (2068 us, off the GSP lock)
kf3: act birth translated: chan 0xc1d000e3:0xff040003 BORN Translated: token 0x1805 -> host 0x30032 in VasKey(13965663337812330608) gpfifo=0x1203c6000x2048 userd=Some(Sysmem { base: 9555588608, size: 512 }) engine=0x13 tsg=None kernel_by=PRIVILEGE=KERNEL ring_va=0xff00300000 userd_at_birth(GP_PUT,GP_GET)=(Some(0), Some(0)) zeroed=512B gr_tier=false gp_get_by_engine=false sw_subch_inert=true fast=off (2198 us, off the GSP lock)
kf3: act birth translated: chan 0xc1d000e4:0xff040004 BORN Translated: token 0x806 -> host 0x10033 in VasKey(13965663337812330608) gpfifo=0x12051b000x2048 userd=Some(Sysmem { base: 9555589120, size: 512 }) engine=0xb tsg=Some(ff0e0000) kernel_by=PRIVILEGE=KERNEL ring_va=0xff00900000 userd_at_birth(GP_PUT,GP_GET)=(Some(0), Some(0)) zeroed=512B gr_tier=false gp_get_by_engine=false sw_subch_inert=true fast=off (1968 us, off the GSP lock)
kf3: act birth translated: chan 0xc1d000e5:0xff040005 BORN Translated: token 0x2007 -> host 0xc0034 in VasKey(13965663337812330608) gpfifo=0x120522000x2048 userd=Some(Sysmem { base: 9555589632, size: 512 }) engine=0x1c tsg=None kernel_by=PRIVILEGE=KERNEL ring_va=0xff00800000 userd_at_birth(GP_PUT,GP_GET)=(Some(0), Some(0)) zeroed=512B gr_tier=false gp_get_by_engine=false sw_subch_inert=true fast=off (2206 us, off the GSP lock)
kf3: act birth translated: chan 0xc1d000e6:0xff040006 BORN Translated: token 0x2008 -> host 0xc0035 in VasKey(13965663337812330608) gpfifo=0x120529000x2048 userd=Some(Sysmem { base: 9555590144, size: 512 }) engine=0x1c tsg=None kernel_by=PRIVILEGE=KERNEL ring_va=0xff00700000 userd_at_birth(GP_PUT,GP_GET)=(Some(0), Some(0)) zeroed=512B gr_tier=false gp_get_by_engine=false sw_subch_inert=true fast=off (2215 us, off the GSP lock)
kf3: act birth translated: chan 0xc1d000e7:0xff040007 BORN Translated: token 0x2809 -> host 0x50036 in VasKey(13965663337812330608) gpfifo=0x120530000x2048 userd=Some(Sysmem { base: 9555590656, size: 512 }) engine=0x33 tsg=None kernel_by=PRIVILEGE=KERNEL ring_va=0xff00600000 userd_at_birth(GP_PUT,GP_GET)=(Some(0), Some(0)) zeroed=512B gr_tier=false gp_get_by_engine=false sw_subch_inert=true fast=off (2196 us, off the GSP lock)
kf3: act birth translated: chan 0xc1d000e8:0xff040008 BORN Translated: token 0x200a -> host 0xc0037 in VasKey(13965663337812330608) gpfifo=0x120538000x2048 userd=Some(Sysmem { base: 9554239488, size: 512 }) engine=0x1c tsg=None kernel_by=PRIVILEGE=KERNEL ring_va=0xff00500000 userd_at_birth(GP_PUT,GP_GET)=(Some(0), Some(0)) zeroed=512B gr_tier=false gp_get_by_engine=false sw_subch_inert=true fast=off (2185 us, off the GSP lock)
kf3: act birth translated: chan 0xc1d000e9:0xff040009 BORN Translated: token 0x80b -> host 0x10038 in VasKey(13965662590488021072) gpfifo=0x200c4000x16384 userd=Some(Sysmem { base: 9553977344, size: 512 }) engine=0xb tsg=Some(ff0e0000) kernel_by=PRIVILEGE=KERNEL ring_va=0xff00400000 userd_at_birth(GP_PUT,GP_GET)=(Some(0), Some(0)) zeroed=512B gr_tier=false gp_get_by_engine=false sw_subch_inert=true fast=off (2066 us, off the GSP lock)
kf3: act birth translated: chan 0xc1d000ea:0xff04000a BORN Translated: token 0xc -> host 0x39 in VasKey(13965662590488021072) gpfifo=0x200ef000x16384 userd=Some(Sysmem { base: 9553977856, size: 512 }) engine=0x1 tsg=Some(ff0e0000) kernel_by=PRIVILEGE=KERNEL ring_va=0xff00c00000 userd_at_birth(GP_PUT,GP_GET)=(Some(0), Some(0)) zeroed=512B gr_tier=true gp_get_by_engine=true sw_subch_inert=true fast=off (4551 us, off the GSP lock)
kf3: family=Ada phase=Running trapped=264303 applied=11602 refused=0 serviced=6060 ram_refused=0 unshadowed_writes=2 read_exits=48101 last_off=0x110c00 mem[inval=12303 walks=12328/12328 cleared=12303 superseded=0 named_missed=100 unreconciled=0 mapped=3335 unmapped=2559 clipped=0x0 held=0 vmm_overlaps=0 priv_withheld=0 priv_withheld_bytes=0x0 priv_mirrored=175 sked=5/0held carve_gpu=0 carve_kernel=12 carve_cpu=6 fn70=11 roots=58 root_moves=0 stmts=141/141 refused=0 pramin_repoints=118 pramin_miss=0 last_miss=0x0 pramin_worst_us=90 (map 37 mmap 46) pramin_maps=118 pramin_mmaps=118 pramin_kept=0
kf3: act birth translated: chan 0xc1d000ee:0xff04000b BORN Translated: token 0x80d -> host 0x1003a in VasKey(13965663462366382160) gpfifo=0x1200c4000x4096 userd=Some(Sysmem { base: 9553711104, size: 512 }) engine=0xb tsg=None kernel_by=PRIVILEGE=KERNEL ring_va=0xff00a00000 userd_at_birth(GP_PUT,GP_GET)=(Some(0), Some(0)) zeroed=512B gr_tier=false gp_get_by_engine=false sw_subch_inert=true fast=off (2101 us, off the GSP lock)
kf-rm: server-context-only PDE copy client=0xc1d00021 vaspace=0xff000850 page_size=0x1000 levels=[shift29 phys=0x0 size=0x1000 ap=1] (inert)
kf-rm: server-context-only PDE copy client=0xc1d00021 vaspace=0xff000850 page_size=0x1000 levels=[shift29 phys=0x0 size=0x1000 ap=1] (inert)
kf-rm: RPC-REFUSED #17 AllocClassNotPermitted { class: 16428, denial: Refused { name: "NV40_I2C", why: NoPhysicalBoardBus } } ⇒ answered NV_ERR_NOT_SUPPORTED (0x56). ⊘ The guest sees only the status; this line is the only place the REASON exists. (printing the first 24; the total rides the refusal census)
kf-rm: RPC-REFUSED #18 AllocClassNotPermitted { class: 16428, denial: Refused { name: "NV40_I2C", why: NoPhysicalBoardBus } } ⇒ answered NV_ERR_NOT_SUPPORTED (0x56). ⊘ The guest sees only the status; this line is the only place the REASON exists. (printing the first 24; the total rides the refusal census)
kf3: act birth translated: chan 0xc1d000f2:0xff04000c BORN Translated: token 0xe -> host 0x3b in VasKey(13965663479546251344) gpfifo=0x1200c4000x32768 userd=Some(Sysmem { base: 9556574208, size: 512 }) engine=0x1 tsg=Some(ff0e0000) kernel_by=PRIVILEGE=KERNEL ring_va=0xff00d00000 userd_at_birth(GP_PUT,GP_GET)=(Some(0), Some(0)) zeroed=512B gr_tier=true gp_get_by_engine=true sw_subch_inert=true fast=off (5224 us, off the GSP lock)
kf3: act birth translated: chan 0xc1d000f3:0xff04000c BORN Translated: token 0xe -> host 0x3b in VasKey(13965662650617563216) gpfifo=0x4000000x8192 userd=Some(Sysmem { base: 9556574208, size: 512 }) engine=0x1 tsg=Some(ff0e0000) kernel_by=PRIVILEGE=KERNEL ring_va=0xff00d00000 userd_at_birth(GP_PUT,GP_GET)=(Some(0), Some(0)) zeroed=512B gr_tier=true gp_get_by_engine=true sw_subch_inert=true fast=off (5378 us, off the GSP lock)
kf3: ring REFUSED segment gp 1 va 0x120286138 (39 words) GrMethod { class: 51607, subch: 0, method: 6912, name: "not in the 3D/compute allowlist" }; first words: 20050017 2023b2e0 00000001 00000002 00000000 00001000 20014000 0000a140 200406c0 00000001 20286060 0000000b 1000f010 20050017 20286060 00000001 0000000b 00000000 00000000 2001a080 40000011 200406c0 00000001 20286060 0000000c 1000f010 20050017 20286060 00000001 0000000c 00000000 00000000 2001a080 40000012 200406c0 00000001 2023b300 00000003 1000f010
kf3: chan token 0x3 (VasKey(13965663337812330608)) DEAD: ring: Rewrite { gp: 1, why: GrMethod { class: 51607, subch: 0, method: 6912, name: "not in the 3D/compute allowlist" } }
kf3: chan token 0x3 death mirror: own space=0xcafe0019 rows=61 log_epoch=61 last row commits (epoch, lo, hi, ms ago)=[(36, 120531000, 120533000, 4a1), (37, 120533000, 120535000, 4a1), (38, 120535000, 120537000, 4a1), (39, 120537000, 120538000, 49d), (3a, 120538000, 12053c000, 49b), (3b, 12053c000, 12053e000, 49b), (3c, 12053e000, 12053f000, 49b), (3d, 12053f000, 120540000, 496)]; plane's mirror for the key now (same rows, space, rows): Some(Some((true, 3405643801, 61)))
kf3: family=Ada phase=Running trapped=300179 applied=11799 refused=0 serviced=6257 ram_refused=0 unshadowed_writes=2 read_exits=48101 last_off=0xb81608 mem[inval=14403 walks=14446/14446 cleared=14403 superseded=0 named_missed=100 unreconciled=0 mapped=3742 unmapped=2676 clipped=0x0 held=0 vmm_overlaps=0 priv_withheld=0 priv_withheld_bytes=0x0 priv_mirrored=197 sked=6/0held carve_gpu=0 carve_kernel=12 carve_cpu=6 fn70=11 roots=62 root_moves=0 stmts=146/146 refused=0 pramin_repoints=118 pramin_miss=0 last_miss=0x0 pramin_worst_us=90 (map 37 mmap 46) pramin_maps=118 pramin_mmaps=118 pramin_kept=0
kf3: family=Ada phase=Running trapped=300205 applied=11800 refused=0 serviced=6258 ram_refused=0 unshadowed_writes=2 read_exits=48101 last_off=0xb81608 mem[inval=14403 walks=14446/14446 cleared=14403 superseded=0 named_missed=100 unreconciled=0 mapped=3742 unmapped=2676 clipped=0x0 held=0 vmm_overlaps=0 priv_withheld=0 priv_withheld_bytes=0x0 priv_mirrored=197 sked=6/0held carve_gpu=0 carve_kernel=12 carve_cpu=6 fn70=11 roots=62 root_moves=0 stmts=146/146 refused=0 pramin_repoints=118 pramin_miss=0 last_miss=0x0 pramin_worst_us=90 (map 37 mmap 46) pramin_maps=118 pramin_mmaps=118 pramin_kept=0
kf3: family=Ada phase=Running trapped=300205 applied=11800 refused=0 serviced=6258 ram_refused=0 unshadowed_writes=2 read_exits=48101 last_off=0xb81608 mem[inval=14403 walks=14446/14446 cleared=14403 superseded=0 named_missed=100 unreconciled=0 mapped=3742 unmapped=2676 clipped=0x0 held=0 vmm_overlaps=0 priv_withheld=0 priv_withheld_bytes=0x0 priv_mirrored=197 sked=6/0held carve_gpu=0 carve_kernel=12 carve_cpu=6 fn70=11 roots=62 root_moves=0 stmts=146/146 refused=0 pramin_repoints=118 pramin_miss=0 last_miss=0x0 pramin_worst_us=90 (map 37 mmap 46) pramin_maps=118 pramin_mmaps=118 pramin_kept=0
kf3: family=Ada phase=Running trapped=300205 applied=11800 refused=0 serviced=6258 ram_refused=0 unshadowed_writes=2 read_exits=48101 last_off=0xb81608 mem[inval=14403 walks=14446/14446 cleared=14403 superseded=0 named_missed=100 unreconciled=0 mapped=3742 unmapped=2676 clipped=0x0 held=0 vmm_overlaps=0 priv_withheld=0 priv_withheld_bytes=0x0 priv_mirrored=197 sked=6/0held carve_gpu=0 carve_kernel=12 carve_cpu=6 fn70=11 roots=62 root_moves=0 stmts=146/146 refused=0 pramin_repoints=118 pramin_miss=0 last_miss=0x0 pramin_worst_us=90 (map 37 mmap 46) pramin_maps=118 pramin_mmaps=118 pramin_kept=0
kf3: family=Ada phase=Running trapped=300205 applied=11800 refused=0 serviced=6258 ram_refused=0 unshadowed_writes=2 read_exits=48101 last_off=0xb81608 mem[inval=14403 walks=14446/14446 cleared=14403 superseded=0 named_missed=100 unreconciled=0 mapped=3742 unmapped=2676 clipped=0x0 held=0 vmm_overlaps=0 priv_withheld=0 priv_withheld_bytes=0x0 priv_mirrored=197 sked=6/0held carve_gpu=0 carve_kernel=12 carve_cpu=6 fn70=11 roots=62 root_moves=0 stmts=146/146 refused=0 pramin_repoints=118 pramin_miss=0 last_miss=0x0 pramin_worst_us=90 (map 37 mmap 46) pramin_maps=118 pramin_mmaps=118 pramin_kept=0
kf3: family=Ada phase=Running trapped=300205 applied=11800 refused=0 serviced=6258 ram_refused=0 unshadowed_writes=2 read_exits=48101 last_off=0xb81608 mem[inval=14403 walks=14446/14446 cleared=14403 superseded=0 named_missed=100 unreconciled=0 mapped=3742 unmapped=2676 clipped=0x0 held=0 vmm_overlaps=0 priv_withheld=0 priv_withheld_bytes=0x0 priv_mirrored=197 sked=6/0held carve_gpu=0 carve_kernel=12 carve_cpu=6 fn70=11 roots=62 root_moves=0 stmts=146/146 refused=0 pramin_repoints=118 pramin_miss=0 last_miss=0x0 pramin_worst_us=90 (map 37 mmap 46) pramin_maps=118 pramin_mmaps=118 pramin_kept=0
kf3: family=Ada phase=Running trapped=300205 applied=11800 refused=0 serviced=6258 ram_refused=0 unshadowed_writes=2 read_exits=48101 last_off=0xb81608 mem[inval=14403 walks=14446/14446 cleared=14403 superseded=0 named_missed=100 unreconciled=0 mapped=3742 unmapped=2676 clipped=0x0 held=0 vmm_overlaps=0 priv_withheld=0 priv_withheld_bytes=0x0 priv_mirrored=197 sked=6/0held carve_gpu=0 carve_kernel=12 carve_cpu=6 fn70=11 roots=62 root_moves=0 stmts=146/146 refused=0 pramin_repoints=118 pramin_miss=0 last_miss=0x0 pramin_worst_us=90 (map 37 mmap 46) pramin_maps=118 pramin_mmaps=118 pramin_kept=0
