kf-host: HOST-ABI REFUSED control 0x20809064: host control 0x20809064 has no public header (kf_abi::gssreplay ROWS (measured on 580.159.04 hosts)); its layout at host driver 595.91.07 was never measured
kf-host: HOST-ABI REFUSED control 0x2080a028: host control 0x2080a028 has no public header (kf_abi::gssreplay ROWS (measured on 580.159.04 hosts)); its layout at host driver 595.91.07 was never measured
kf-host: HOST-ABI REFUSED control 0x2080a028: host control 0x2080a028 has no public header (kf_abi::gssreplay ROWS (measured on 580.159.04 hosts)); its layout at host driver 595.91.07 was never measured
kf-host: HOST-ABI REFUSED control 0x2080a084: host control 0x2080a084 has no public header (kf_abi::gssreplay ROWS (measured on 580.159.04 hosts)); its layout at host driver 595.91.07 was never measured
kf-host: HOST-ABI REFUSED control 0x2080a026: host control 0x2080a026 has no public header (kf_abi::gssreplay ROWS (measured on 580.159.04 hosts)); its layout at host driver 595.91.07 was never measured
qemu-system-x86_64: -device kf3-gpu,fb-mb=4096,bar1-size=134217728,bar2-size=33554432,display=on,guest-driver=580.65.06,bus=pci.0,addr=0x6,id=kf0: info: kf3: family=Ada phase=Cold trapped=0 applied=0 refused=0 serviced=0 ram_refused=0 unshadowed_writes=2 read_exits=0 last_off=0x0 mem[inval=0 walks=0/0 cleared=0 superseded=0 named_missed=0 unreconciled=0 mapped=0 unmapped=0 clipped=0x0 held=0 vmm_overlaps=0 priv_withheld=0 priv_withheld_bytes=0x0 priv_mirrored=0 sked=0/0held carve_gpu=0 carve_kernel=0 carve_cpu=0 fn70=0 roots=0 root_moves=0 stmts=0/0 refused=0 pramin_repoints=0 pramin_miss=0 la
kf3: family=Ada phase=Cold trapped=0 applied=0 refused=0 serviced=0 ram_refused=0 unshadowed_writes=2 read_exits=0 last_off=0x0 mem[inval=0 walks=0/0 cleared=0 superseded=0 named_missed=0 unreconciled=0 mapped=0 unmapped=0 clipped=0x0 held=0 vmm_overlaps=0 priv_withheld=0 priv_withheld_bytes=0x0 priv_mirrored=0 sked=0/0held carve_gpu=0 carve_kernel=0 carve_cpu=0 fn70=0 roots=0 root_moves=0 stmts=0/0 refused=0 pramin_repoints=0 pramin_miss=0 last_miss=0x0 pramin_worst_us=0 (map 0 mmap 0) pramin_maps=0 pramin_mmaps=0 pramin_kept=0 pramin_kept_now=0 window_advice_refused=0 inline_opens=0 reaped=0
kf3: family=Ada phase=Cold trapped=0 applied=0 refused=0 serviced=0 ram_refused=0 unshadowed_writes=2 read_exits=0 last_off=0x0 mem[inval=0 walks=0/0 cleared=0 superseded=0 named_missed=0 unreconciled=0 mapped=0 unmapped=0 clipped=0x0 held=0 vmm_overlaps=0 priv_withheld=0 priv_withheld_bytes=0x0 priv_mirrored=0 sked=0/0held carve_gpu=0 carve_kernel=0 carve_cpu=0 fn70=0 roots=0 root_moves=0 stmts=0/0 refused=0 pramin_repoints=0 pramin_miss=0 last_miss=0x0 pramin_worst_us=0 (map 0 mmap 0) pramin_maps=0 pramin_mmaps=0 pramin_kept=0 pramin_kept_now=0 window_advice_refused=0 inline_opens=0 reaped=0
kf3: family=Ada phase=Cold trapped=0 applied=0 refused=0 serviced=0 ram_refused=0 unshadowed_writes=2 read_exits=0 last_off=0x0 mem[inval=0 walks=0/0 cleared=0 superseded=0 named_missed=0 unreconciled=0 mapped=0 unmapped=0 clipped=0x0 held=0 vmm_overlaps=0 priv_withheld=0 priv_withheld_bytes=0x0 priv_mirrored=0 sked=0/0held carve_gpu=0 carve_kernel=0 carve_cpu=0 fn70=0 roots=0 root_moves=0 stmts=0/0 refused=0 pramin_repoints=0 pramin_miss=0 last_miss=0x0 pramin_worst_us=0 (map 0 mmap 0) pramin_maps=0 pramin_mmaps=0 pramin_kept=0 pramin_kept_now=0 window_advice_refused=0 inline_opens=0 reaped=0
kf3: family=Ada phase=Cold trapped=5 applied=4 refused=0 serviced=0 ram_refused=0 unshadowed_writes=2 read_exits=0 last_off=0x110c00 mem[inval=0 walks=0/0 cleared=0 superseded=0 named_missed=0 unreconciled=0 mapped=0 unmapped=0 clipped=0x0 held=0 vmm_overlaps=0 priv_withheld=0 priv_withheld_bytes=0x0 priv_mirrored=0 sked=0/0held carve_gpu=0 carve_kernel=0 carve_cpu=0 fn70=0 roots=0 root_moves=0 stmts=0/0 refused=0 pramin_repoints=0 pramin_miss=0 last_miss=0x0 pramin_worst_us=0 (map 0 mmap 0) pramin_maps=0 pramin_mmaps=0 pramin_kept=0 pramin_kept_now=0 window_advice_refused=0 inline_opens=0 rea
kf3: GSP REFUSED fn76/0x20800a87=0x56 (GSP_RM_CONTROL) first_seq=0 — the guest read a non-OK status
kf3: GSP REFUSED fn76/0x20800afe=0x56 (GSP_RM_CONTROL) first_seq=0 — the guest read a non-OK status
kf3: GSP REFUSED fn76/0x20800aff=0x56 (GSP_RM_CONTROL) first_seq=0 — the guest read a non-OK status
kf3: GSP REFUSED fn76/0x20800aaf=0x56 (GSP_RM_CONTROL) first_seq=0 — the guest read a non-OK status
kf3: GSP REFUSED fn76/0x00800292=0x56 (GSP_RM_CONTROL) first_seq=0 — the guest read a non-OK status
kf3: GSP REFUSED fn76/0x20800a80=0x56 (GSP_RM_CONTROL) first_seq=0 — the guest read a non-OK status
kf3: GSP REFUSED fn76/0x20802a0f=0x56 (GSP_RM_CONTROL) first_seq=0 — the guest read a non-OK status
kf3: GSP REFUSED fn76/0x2080017e=0x56 (GSP_RM_CONTROL) first_seq=0 — the guest read a non-OK status
kf3: GSP REFUSED fn76/0x20800a30=0x56 (GSP_RM_CONTROL) first_seq=0 — the guest read a non-OK status
kf3: GSP REFUSED fn76/0x20800a2e=0x56 (GSP_RM_CONTROL) first_seq=0 — the guest read a non-OK status
kf3: GSP REFUSED fn76/0x20800b03=0x56 (GSP_RM_CONTROL) first_seq=0 — the guest read a non-OK status
kf3: GSP REFUSED fn76/0x20800b05=0x56 (GSP_RM_CONTROL) first_seq=0 — the guest read a non-OK status
kf3: GSP REFUSED fn76/0x20800a3f=0x56 (GSP_RM_CONTROL) first_seq=0 — the guest read a non-OK status
kf3: act birth translated: chan 0xc1e00007:0xbaba0045 BORN Translated: token 0x1 -> host 0x2e in VasKey(13970166077300801602) gpfifo=0x0x32 userd=Some(Framebuffer { base: 4020568064, size: 512 }) engine=0x1 tsg=None kernel_by=PRIVILEGE=KERNEL rm-internal ring_va=0xff00000000 userd_at_birth(GP_PUT,GP_GET)=(Some(0), Some(0)) zeroed=512B gr_tier=true gp_get_by_engine=true sw_subch_inert=true scheduled_at_birth=true fast=off (5295 us, off the GSP lock)
kf3: act birth translated: chan 0xc1e00008:0x2 BORN Translated: token 0x801 -> host 0x1002e in VasKey(13970166078463016970) gpfifo=0x220064000x4096 userd=Some(Framebuffer { base: 4019388416, size: 512 }) engine=0xb tsg=None kernel_by=PRIVILEGE=KERNEL rm-internal ring_va=0xff00000000 userd_at_birth(GP_PUT,GP_GET)=(Some(0), Some(0)) zeroed=512B gr_tier=false gp_get_by_engine=false sw_subch_inert=true scheduled_at_birth=true fast=off (2414 us, off the GSP lock)
kf3: GSP REFUSED fn76/0x2080013f=0x56 (GSP_RM_CONTROL) first_seq=0 — the guest read a non-OK status
kf3: GSP REFUSED fn76/0x20809004=0x56 (GSP_RM_CONTROL) first_seq=0 — the guest read a non-OK status
kf3: GSP REFUSED fn76/0x20801303=0x56 (GSP_RM_CONTROL) first_seq=0 — the guest read a non-OK status
kf3: GSP REFUSED fn76/0x00801306=0x56 (GSP_RM_CONTROL) first_seq=0 — the guest read a non-OK status
kf3: GSP REFUSED fn76/0x20810108=0x56 (GSP_RM_CONTROL) first_seq=0 — the guest read a non-OK status
kf3: GSP REFUSED fn76/0x20801823=0x56 (GSP_RM_CONTROL) first_seq=0 — the guest read a non-OK status
kf3: GSP REFUSED fn76/0x20800ab8=0x56 (GSP_RM_CONTROL) first_seq=0 — the guest read a non-OK status
kf3: GSP REFUSED fn76/0x20800173=0x56 (GSP_RM_CONTROL) first_seq=0 — the guest read a non-OK status
kf3: GSP REFUSED fn76/0x20802a12=0x56 (GSP_RM_CONTROL) first_seq=0 — the guest read a non-OK status
kf3: GSP REFUSED fn76/0x20800160=0x56 (GSP_RM_CONTROL) first_seq=0 — the guest read a non-OK status
kf3: GSP REFUSED fn76/0x20802801=0x56 (GSP_RM_CONTROL) first_seq=0 — the guest read a non-OK status
kf3: GSP REFUSED fn76/0x2080012f=0x56 (GSP_RM_CONTROL) first_seq=0 — the guest read a non-OK status
kf3: GSP REFUSED fn76/0x20802806=0x56 (GSP_RM_CONTROL) first_seq=0 — the guest read a non-OK status
kf3: GSP REFUSED fn76/0x0073013d=0x56 (GSP_RM_CONTROL) first_seq=0 — the guest read a non-OK status
kf3: GSP REFUSED fn76/0x2080205b=0x56 (GSP_RM_CONTROL) first_seq=0 — the guest read a non-OK status
kf3: GSP REFUSED fn76/0x2080a060=0x56 (GSP_RM_CONTROL) first_seq=0 — the guest read a non-OK status
kf3: GSP REFUSED fn76/0x20802068=0x56 (GSP_RM_CONTROL) first_seq=0 — the guest read a non-OK status
kf3: GSP REFUSED fn76/0x00800106=0x56 (GSP_RM_CONTROL) first_seq=0 — the guest read a non-OK status
kf3: GSP REFUSED fn76/0x2080a70a=0x56 (GSP_RM_CONTROL) first_seq=0 — the guest read a non-OK status
kf3: GSP REFUSED fn76/0x2080a801=0x56 (GSP_RM_CONTROL) first_seq=0 — the guest read a non-OK status
kf3: GSP REFUSED fn76/0x2080a02f=0x56 (GSP_RM_CONTROL) first_seq=0 — the guest read a non-OK status
kf3: GSP REFUSED fn76/0x208081ea=0x56 (GSP_RM_CONTROL) first_seq=0 — the guest read a non-OK status
kf3: GSP REFUSED fn76/0x20808524=0x56 (GSP_RM_CONTROL) first_seq=0 — the guest read a non-OK status
kf3: GSP REFUSED fn76/0x00731369=0x56 (GSP_RM_CONTROL) first_seq=0 — the guest read a non-OK status
kf3: GSP REFUSED fn76/0x0073014b=0x56 (GSP_RM_CONTROL) first_seq=0 — the guest read a non-OK status
kf3: GSP REFUSED fn76/0x00730285=0x56 (GSP_RM_CONTROL) first_seq=0 — the guest read a non-OK status
kf3: GSP REFUSED fn76/0x0073011d=0x56 (GSP_RM_CONTROL) first_seq=0 — the guest read a non-OK status
kf3: GSP REFUSED fn76/0x0073012c=0x56 (GSP_RM_CONTROL) first_seq=0 — the guest read a non-OK status
kf3: GSP REFUSED fn76/0x00730109=0x56 (GSP_RM_CONTROL) first_seq=0 — the guest read a non-OK status
kf-rm: FECS-TRACE GET_FECS_TRACE_HW_ENABLE 0x20800a38: NV_OK bEnable=NV_FALSE (no guest ctxsw trace; the SETs stay unserviced) #1
kf3: GSP REFUSED fn76/0x20800a3a=0x56 (GSP_RM_CONTROL) first_seq=0 — the guest read a non-OK status
kf3: GSP REFUSED fn76/0x20801110=0x56 (GSP_RM_CONTROL) first_seq=0 — the guest read a non-OK status
kf3: GSP REFUSED fn76/0x2080080b=0x56 (GSP_RM_CONTROL) first_seq=0 — the guest read a non-OK status
kf3: GSP REFUSED fn76/0x00730288=0x56 (GSP_RM_CONTROL) first_seq=0 — the guest read a non-OK status
kf3: GSP REFUSED fn76/0x20801220=0x56 (GSP_RM_CONTROL) first_seq=0 — the guest read a non-OK status
kf3: GSP REFUSED fn76/0x20801222=0x56 (GSP_RM_CONTROL) first_seq=0 — the guest read a non-OK status
kf3: act birth translated: chan 0xc1d00013:0xff040000 BORN Translated: token 0x802 -> host 0x1002f in VasKey(13965662457344034928) gpfifo=0x12024b000x16384 userd=Some(Sysmem { base: 9555046400, size: 512 }) engine=0xb tsg=Some(ff0e0000) kernel_by=PRIVILEGE=KERNEL ring_va=0xff00100000 userd_at_birth(GP_PUT,GP_GET)=(Some(0), Some(0)) zeroed=512B gr_tier=false gp_get_by_engine=false sw_subch_inert=true scheduled_at_birth=true fast=off (2390 us, off the GSP lock)
kf3: act birth translated: chan 0xc1d00015:0xff040001 BORN Translated: token 0x3 -> host 0x30 in VasKey(13965662457344034928) gpfifo=0x120276000x8192 userd=Some(Sysmem { base: 9555046912, size: 512 }) engine=0x1 tsg=Some(ff0e0000) kernel_by=PRIVILEGE=KERNEL ring_va=0xff00200000 userd_at_birth(GP_PUT,GP_GET)=(Some(0), Some(0)) zeroed=512B gr_tier=true gp_get_by_engine=true sw_subch_inert=true scheduled_at_birth=true fast=off (4866 us, off the GSP lock)
kf-rm: FECS-TRACE GET_FECS_TRACE_HW_ENABLE 0x20800a38: NV_OK bEnable=NV_FALSE (no guest ctxsw trace; the SETs stay unserviced) #2
kf-rm: FECS-TRACE GET_FECS_TRACE_HW_ENABLE 0x20800a38: NV_OK bEnable=NV_FALSE (no guest ctxsw trace; the SETs stay unserviced) #3
kf-rm: FECS-TRACE GET_FECS_TRACE_HW_ENABLE 0x20800a38: NV_OK bEnable=NV_FALSE (no guest ctxsw trace; the SETs stay unserviced) #4
kf-rm: FECS-TRACE GET_FECS_TRACE_HW_ENABLE 0x20800a38: NV_OK bEnable=NV_FALSE (no guest ctxsw trace; the SETs stay unserviced) #5
kf-rm: SW-RUNLIST HOST-OWNED 0x20801111 client=0xc1d00002 object=0xff030000: NV_OK, request echoed, contents ignored (kernel channels are scheduled at birth) — AWAITING OWNER CONFIRMATION #1
kf3: act birth translated: chan 0xc1d00016:0xff040002 BORN Translated: token 0x804 -> host 0x10031 in VasKey(13965662457344034928) gpfifo=0x1204f0000x16384 userd=Some(Sysmem { base: 9555047424, size: 512 }) engine=0xb tsg=None kernel_by=PRIVILEGE=KERNEL ring_va=0xff00300000 userd_at_birth(GP_PUT,GP_GET)=(Some(0), Some(0)) zeroed=512B gr_tier=false gp_get_by_engine=false sw_subch_inert=true scheduled_at_birth=true fast=off (2196 us, off the GSP lock)
kf3: act birth translated: chan 0xc1d00018:0xff040003 BORN Translated: token 0x1805 -> host 0x30032 in VasKey(13965662457344034928) gpfifo=0x1203c6000x2048 userd=Some(Sysmem { base: 9555047936, size: 512 }) engine=0x13 tsg=None kernel_by=PRIVILEGE=KERNEL ring_va=0xff00400000 userd_at_birth(GP_PUT,GP_GET)=(Some(0), Some(0)) zeroed=512B gr_tier=false gp_get_by_engine=false sw_subch_inert=true scheduled_at_birth=true fast=off (2471 us, off the GSP lock)
kf3: act birth translated: chan 0xc1d00019:0xff040004 BORN Translated: token 0x806 -> host 0x10033 in VasKey(13965662457344034928) gpfifo=0x12051b000x2048 userd=Some(Sysmem { base: 9555048448, size: 512 }) engine=0xb tsg=Some(ff0e0000) kernel_by=PRIVILEGE=KERNEL ring_va=0xff00500000 userd_at_birth(GP_PUT,GP_GET)=(Some(0), Some(0)) zeroed=512B gr_tier=false gp_get_by_engine=false sw_subch_inert=true scheduled_at_birth=true fast=off (2238 us, off the GSP lock)
kf3: act birth translated: chan 0xc1d0001a:0xff040005 BORN Translated: token 0x2007 -> host 0xc0034 in VasKey(13965662457344034928) gpfifo=0x120522000x2048 userd=Some(Sysmem { base: 9555048960, size: 512 }) engine=0x1c tsg=None kernel_by=PRIVILEGE=KERNEL ring_va=0xff00600000 userd_at_birth(GP_PUT,GP_GET)=(Some(0), Some(0)) zeroed=512B gr_tier=false gp_get_by_engine=false sw_subch_inert=true scheduled_at_birth=true fast=off (2501 us, off the GSP lock)
kf3: act birth translated: chan 0xc1d0001b:0xff040006 BORN Translated: token 0x2008 -> host 0xc0035 in VasKey(13965662457344034928) gpfifo=0x120529000x2048 userd=Some(Sysmem { base: 9555049472, size: 512 }) engine=0x1c tsg=None kernel_by=PRIVILEGE=KERNEL ring_va=0xff00700000 userd_at_birth(GP_PUT,GP_GET)=(Some(0), Some(0)) zeroed=512B gr_tier=false gp_get_by_engine=false sw_subch_inert=true scheduled_at_birth=true fast=off (2442 us, off the GSP lock)
kf3: act birth translated: chan 0xc1d0001c:0xff040007 BORN Translated: token 0x2809 -> host 0x50036 in VasKey(13965662457344034928) gpfifo=0x120530000x2048 userd=Some(Sysmem { base: 9555049984, size: 512 }) engine=0x33 tsg=None kernel_by=PRIVILEGE=KERNEL ring_va=0xff00800000 userd_at_birth(GP_PUT,GP_GET)=(Some(0), Some(0)) zeroed=512B gr_tier=false gp_get_by_engine=false sw_subch_inert=true scheduled_at_birth=true fast=off (2578 us, off the GSP lock)
kf3: act birth translated: chan 0xc1d0001d:0xff040008 BORN Translated: token 0x200a -> host 0xc0037 in VasKey(13965662457344034928) gpfifo=0x120538000x2048 userd=Some(Sysmem { base: 9554296832, size: 512 }) engine=0x1c tsg=None kernel_by=PRIVILEGE=KERNEL ring_va=0xff00900000 userd_at_birth(GP_PUT,GP_GET)=(Some(0), Some(0)) zeroed=512B gr_tier=false gp_get_by_engine=false sw_subch_inert=true scheduled_at_birth=true fast=off (2304 us, off the GSP lock)
kf3: GSP REFUSED fn76/0x007302a3=0x56 (GSP_RM_CONTROL) first_seq=0 — the guest read a non-OK status
kf3: GSP REFUSED fn76/0x00730128=0x56 (GSP_RM_CONTROL) first_seq=0 — the guest read a non-OK status
kf-rm: HOST-STUB 0x2081010d (FINN_NV2081_BINAPI_INTERFACE_ID msg 0xd, retail flags 0x10208) client=0xc1d00002: NV_OK, 0 params byte(s) zeroed — host-owned stub, §S assumed #1
kf3: GSP REFUSED fn76/0x2080a630=0x56 (GSP_RM_CONTROL) first_seq=0 — the guest read a non-OK status
kf3: act birth translated: chan 0xc1d00020:0xff040009 BORN Translated: token 0x80b -> host 0x10038 in VasKey(13965662577603119184) gpfifo=0x1200c4000x4096 userd=Some(Sysmem { base: 9554206720, size: 512 }) engine=0xb tsg=None kernel_by=PRIVILEGE=KERNEL ring_va=0xff00a00000 userd_at_birth(GP_PUT,GP_GET)=(Some(0), Some(0)) zeroed=512B gr_tier=false gp_get_by_engine=false sw_subch_inert=true scheduled_at_birth=true fast=off (2241 us, off the GSP lock)
kf3: GSP REFUSED fn76/0x2080852e=0x56 (GSP_RM_CONTROL) first_seq=0 — the guest read a non-OK status
kf3: GSP REFUSED fn76/0x2080852a=0x56 (GSP_RM_CONTROL) first_seq=0 — the guest read a non-OK status
kf3: act birth translated: chan 0xc1d00023:0xff04000a BORN Translated: token 0x80c -> host 0x10039 in VasKey(13965662590488021072) gpfifo=0x200c4000x16384 userd=Some(Sysmem { base: 9553879040, size: 512 }) engine=0xb tsg=Some(ff0e0000) kernel_by=PRIVILEGE=KERNEL ring_va=0xff00b00000 userd_at_birth(GP_PUT,GP_GET)=(Some(0), Some(0)) zeroed=512B gr_tier=false gp_get_by_engine=false sw_subch_inert=true scheduled_at_birth=true fast=off (2165 us, off the GSP lock)
kf3: act birth translated: chan 0xc1d00024:0xff04000b BORN Translated: token 0xd -> host 0x3a in VasKey(13965662590488021072) gpfifo=0x200ef000x16384 userd=Some(Sysmem { base: 9553879552, size: 512 }) engine=0x1 tsg=Some(ff0e0000) kernel_by=PRIVILEGE=KERNEL ring_va=0xff00c00000 userd_at_birth(GP_PUT,GP_GET)=(Some(0), Some(0)) zeroed=512B gr_tier=true gp_get_by_engine=true sw_subch_inert=true scheduled_at_birth=true fast=off (5367 us, off the GSP lock)
kf-rm: FECS-TRACE GET_FECS_TRACE_HW_ENABLE 0x20800a38: NV_OK bEnable=NV_FALSE (no guest ctxsw trace; the SETs stay unserviced) #6
kf-rm: FECS-TRACE GET_FECS_TRACE_HW_ENABLE 0x20800a38: NV_OK bEnable=NV_FALSE (no guest ctxsw trace; the SETs stay unserviced) #7
kf-rm: FECS-TRACE GET_FECS_TRACE_HW_ENABLE 0x20800a38: NV_OK bEnable=NV_FALSE (no guest ctxsw trace; the SETs stay unserviced) #8
kf-rm: SW-RUNLIST HOST-OWNED 0x20801111 client=0xc1d00002 object=0xff030000: NV_OK, request echoed, contents ignored (kernel channels are scheduled at birth) — AWAITING OWNER CONFIRMATION #2
kf-rm: server-context-only PDE copy client=0xc1d00021 vaspace=0xff000850 page_size=0x1000 levels=[shift29 phys=0x0 size=0x1000 ap=1] (inert)
kf-rm: server-context-only PDE copy client=0xc1d00021 vaspace=0xff000850 page_size=0x1000 levels=[shift29 phys=0x0 size=0x1000 ap=1] (inert)
kf3: act birth translated: chan 0xc1d00027:0xff04000c BORN Translated: token 0xe -> host 0x3b in VasKey(13965662607667890256) gpfifo=0x1200c4000x32768 userd=Some(Sysmem { base: 9553309696, size: 512 }) engine=0x1 tsg=Some(ff0e0000) kernel_by=PRIVILEGE=KERNEL ring_va=0xff00d00000 userd_at_birth(GP_PUT,GP_GET)=(Some(0), Some(0)) zeroed=512B gr_tier=true gp_get_by_engine=true sw_subch_inert=true scheduled_at_birth=true fast=off (5065 us, off the GSP lock)
kf-rm: SW-RUNLIST HOST-OWNED 0x20801111 client=0xc1d00002 object=0xff030000: NV_OK, request echoed, contents ignored (kernel channels are scheduled at birth) — AWAITING OWNER CONFIRMATION #3
kf3: GSP REFUSED fn76/0x00730280=0x56 (GSP_RM_CONTROL) first_seq=0 — the guest read a non-OK status
kf3: GSP REFUSED fn76/0x00730122=0x56 (GSP_RM_CONTROL) first_seq=0 — the guest read a non-OK status
kf3: GSP REFUSED fn76/0x00730282=0x56 (GSP_RM_CONTROL) first_seq=0 — the guest read a non-OK status
kf3: mem t=9.587s REFUSED VasKey(13965662607667890256) root 0xefa26000: 3 run(s) not applied: map 0x10000+0x3000: Other(31)
kf3: family=Ada phase=Running trapped=43945 applied=1504 refused=0 serviced=677 ram_refused=0 unshadowed_writes=2 read_exits=71 last_off=0xb81410 mem[inval=2248 walks=2265/2265 cleared=2247 superseded=0 named_missed=0 unreconciled=1 mapped=567 unmapped=108 clipped=0x0 held=0 vmm_overlaps=0 priv_withheld=0 priv_withheld_bytes=0x0 priv_mirrored=34 sked=0/0held carve_gpu=0 carve_kernel=2 carve_cpu=1 fn70=1 roots=8 root_moves=0 stmts=14/14 refused=1 pramin_repoints=18 pramin_miss=0 last_miss=0x0 pramin_worst_us=87 (map 47 mmap 36) pramin_maps=18 pramin_mmaps=18 pramin_kept=0 pramin_kept_now=0 wind
kf-rm: server-context-only PDE copy client=0xc1d00025 vaspace=0xff000850 page_size=0x1000 levels=[shift29 phys=0xea41c000 size=0x1000 ap=1] (inert)
kf-rm: server-context-only PDE copy client=0xc1d00025 vaspace=0xff000850 page_size=0x1000 levels=[shift29 phys=0xea41c000 size=0x1000 ap=1] (inert)
kf3: family=Ada phase=Running trapped=44003 applied=1509 refused=0 serviced=682 ram_refused=0 unshadowed_writes=2 read_exits=71 last_off=0xb81410 mem[inval=2248 walks=2265/2265 cleared=2247 superseded=0 named_missed=0 unreconciled=1 mapped=567 unmapped=108 clipped=0x0 held=0 vmm_overlaps=0 priv_withheld=0 priv_withheld_bytes=0x0 priv_mirrored=34 sked=0/0held carve_gpu=0 carve_kernel=2 carve_cpu=1 fn70=1 roots=8 root_moves=0 stmts=14/14 refused=1 pramin_repoints=18 pramin_miss=0 last_miss=0x0 pramin_worst_us=87 (map 47 mmap 36) pramin_maps=18 pramin_mmaps=18 pramin_kept=0 pramin_kept_now=0 wind
kf3: GSP REFUSED fn76/0x2080b201=0x56 (GSP_RM_CONTROL) first_seq=0 — the guest read a non-OK status
kf3: family=Ada phase=Running trapped=44037 applied=1511 refused=0 serviced=684 ram_refused=0 unshadowed_writes=2 read_exits=71 last_off=0xb81410 mem[inval=2248 walks=2265/2265 cleared=2247 superseded=0 named_missed=0 unreconciled=1 mapped=567 unmapped=108 clipped=0x0 held=0 vmm_overlaps=0 priv_withheld=0 priv_withheld_bytes=0x0 priv_mirrored=34 sked=0/0held carve_gpu=0 carve_kernel=2 carve_cpu=1 fn70=1 roots=8 root_moves=0 stmts=14/14 refused=1 pramin_repoints=18 pramin_miss=0 last_miss=0x0 pramin_worst_us=87 (map 47 mmap 36) pramin_maps=18 pramin_mmaps=18 pramin_kept=0 pramin_kept_now=0 wind
kf3: family=Ada phase=Running trapped=44071 applied=1513 refused=0 serviced=686 ram_refused=0 unshadowed_writes=2 read_exits=71 last_off=0xb81410 mem[inval=2248 walks=2265/2265 cleared=2247 superseded=0 named_missed=0 unreconciled=1 mapped=567 unmapped=108 clipped=0x0 held=0 vmm_overlaps=0 priv_withheld=0 priv_withheld_bytes=0x0 priv_mirrored=34 sked=0/0held carve_gpu=0 carve_kernel=2 carve_cpu=1 fn70=1 roots=8 root_moves=0 stmts=14/14 refused=1 pramin_repoints=18 pramin_miss=0 last_miss=0x0 pramin_worst_us=87 (map 47 mmap 36) pramin_maps=18 pramin_mmaps=18 pramin_kept=0 pramin_kept_now=0 wind
kf3: ring REFUSED segment gp 0 va 0x120104080 (10 words) NoCeObject { subch: 0, method: 6912 }; first words: 200406c0 00000001 20244000 00000001 10000004 200406c0 00000001 20244010 00000001 00000004
kf3: chan token 0xe (VasKey(13965662607667890256)) DEAD: ring: Rewrite { gp: 0, why: NoCeObject { subch: 0, method: 6912 } }
kf3: chan token 0xe death mirror: own space=0xcafe0079 rows=65 log_epoch=65 last row commits (epoch, lo, hi, ms ago)=[(3a, 1012010f000, 1012011f000, 1c8a), (3b, 1012011f000, 1012023c000, 1c8a), (3c, 1012023c000, 10120241000, 1c8a), (3d, 10120241000, 10120244000, 1c8a), (3e, 10120244000, 10120245000, 1c8a), (3f, 10120250000, 101202d0000, 1c8a), (40, 101202d0000, 10120370000, 1c8a), (41, 10124000000, 101265f0000, 1c8a)]; plane's mirror for the key now (same rows, space, rows): Some(Some((true, 3405643897, 65)))
kf3: kernel channel host 0x3b REFUSED-AND-POISONED (§7)
kf3: GSP REFUSED fn76/0x2080852f=0x56 (GSP_RM_CONTROL) first_seq=0 — the guest read a non-OK status
kf3: GSP REFUSED fn76/0x2080a618=0x56 (GSP_RM_CONTROL) first_seq=0 — the guest read a non-OK status
kf3: GSP REFUSED fn76/0x2080a619=0x56 (GSP_RM_CONTROL) first_seq=0 — the guest read a non-OK status
kf3: GSP REFUSED fn76/0x2080853a=0x56 (GSP_RM_CONTROL) first_seq=0 — the guest read a non-OK status
kf3: GSP REFUSED fn76/0x2080853b=0x56 (GSP_RM_CONTROL) first_seq=0 — the guest read a non-OK status
kf3: family=Ada phase=Running trapped=45015 applied=1544 refused=1 serviced=717 ram_refused=0 unshadowed_writes=2 read_exits=71 last_off=0xb81608 mem[inval=2248 walks=2265/2265 cleared=2247 superseded=0 named_missed=0 unreconciled=1 mapped=567 unmapped=108 clipped=0x0 held=0 vmm_overlaps=0 priv_withheld=0 priv_withheld_bytes=0x0 priv_mirrored=34 sked=0/0held carve_gpu=0 carve_kernel=2 carve_cpu=1 fn70=1 roots=8 root_moves=0 stmts=14/14 refused=1 pramin_repoints=18 pramin_miss=0 last_miss=0x0 pramin_worst_us=87 (map 47 mmap 36) pramin_maps=18 pramin_mmaps=18 pramin_kept=0 pramin_kept_now=0 wind
kf3: GSP REFUSED fn76/0x007302a5=0x56 (GSP_RM_CONTROL) first_seq=0 — the guest read a non-OK status
kf3: family=Ada phase=Running trapped=46066 applied=1546 refused=1 serviced=719 ram_refused=0 unshadowed_writes=2 read_exits=71 last_off=0xb81608 mem[inval=2248 walks=2265/2265 cleared=2247 superseded=0 named_missed=0 unreconciled=1 mapped=567 unmapped=108 clipped=0x0 held=0 vmm_overlaps=0 priv_withheld=0 priv_withheld_bytes=0x0 priv_mirrored=34 sked=0/0held carve_gpu=0 carve_kernel=2 carve_cpu=1 fn70=1 roots=8 root_moves=0 stmts=14/14 refused=1 pramin_repoints=18 pramin_miss=0 last_miss=0x0 pramin_worst_us=87 (map 47 mmap 36) pramin_maps=18 pramin_mmaps=18 pramin_kept=0 pramin_kept_now=0 wind
kf-rm: SW-RUNLIST HOST-OWNED 0x20801111 client=0xc1d00002 object=0xff030000: NV_OK, request echoed, contents ignored (kernel channels are scheduled at birth) — AWAITING OWNER CONFIRMATION #4
kf3: GSP REFUSED fn76/0x906f0102=0x56 (GSP_RM_CONTROL) first_seq=0 — the guest read a non-OK status
kf-rm: SW-RUNLIST HOST-OWNED 0x20801111 client=0xc1d00002 object=0xff030000: NV_OK, request echoed, contents ignored (kernel channels are scheduled at birth) — AWAITING OWNER CONFIRMATION #5
kf3: family=Ada phase=Running trapped=46739 applied=1563 refused=1 serviced=736 ram_refused=0 unshadowed_writes=2 read_exits=71 last_off=0xb81210 mem[inval=2248 walks=2265/2265 cleared=2247 superseded=0 named_missed=0 unreconciled=1 mapped=567 unmapped=108 clipped=0x0 held=0 vmm_overlaps=0 priv_withheld=0 priv_withheld_bytes=0x0 priv_mirrored=34 sked=0/0held carve_gpu=0 carve_kernel=2 carve_cpu=1 fn70=1 roots=8 root_moves=0 stmts=14/14 refused=1 pramin_repoints=18 pramin_miss=0 last_miss=0x0 pramin_worst_us=87 (map 47 mmap 36) pramin_maps=18 pramin_mmaps=18 pramin_kept=0 pramin_kept_now=0 wind
kf3: family=Ada phase=Running trapped=46890 applied=1581 refused=1 serviced=754 ram_refused=0 unshadowed_writes=2 read_exits=71 last_off=0x110c00 mem[inval=2248 walks=2265/2265 cleared=2247 superseded=0 named_missed=0 unreconciled=1 mapped=567 unmapped=108 clipped=0x0 held=0 vmm_overlaps=0 priv_withheld=0 priv_withheld_bytes=0x0 priv_mirrored=34 sked=0/0held carve_gpu=0 carve_kernel=2 carve_cpu=1 fn70=1 roots=8 root_moves=0 stmts=15/15 refused=1 pramin_repoints=18 pramin_miss=0 last_miss=0x0 pramin_worst_us=87 (map 47 mmap 36) pramin_maps=18 pramin_mmaps=18 pramin_kept=0 pramin_kept_now=0 wind
kf3: family=Ada phase=Running trapped=47051 applied=1588 refused=1 serviced=761 ram_refused=0 unshadowed_writes=2 read_exits=71 last_off=0xb81210 mem[inval=2248 walks=2265/2265 cleared=2247 superseded=0 named_missed=0 unreconciled=1 mapped=567 unmapped=108 clipped=0x0 held=0 vmm_overlaps=0 priv_withheld=0 priv_withheld_bytes=0x0 priv_mirrored=34 sked=0/0held carve_gpu=0 carve_kernel=2 carve_cpu=1 fn70=1 roots=8 root_moves=0 stmts=15/15 refused=1 pramin_repoints=18 pramin_miss=0 last_miss=0x0 pramin_worst_us=87 (map 47 mmap 36) pramin_maps=18 pramin_mmaps=18 pramin_kept=0 pramin_kept_now=0 wind
kf3: family=Ada phase=Running trapped=47340 applied=1617 refused=1 serviced=790 ram_refused=0 unshadowed_writes=2 read_exits=71 last_off=0x110c00 mem[inval=2248 walks=2265/2265 cleared=2247 superseded=0 named_missed=0 unreconciled=1 mapped=567 unmapped=108 clipped=0x0 held=0 vmm_overlaps=0 priv_withheld=0 priv_withheld_bytes=0x0 priv_mirrored=34 sked=0/0held carve_gpu=0 carve_kernel=2 carve_cpu=1 fn70=1 roots=8 root_moves=0 stmts=17/17 refused=1 pramin_repoints=18 pramin_miss=0 last_miss=0x0 pramin_worst_us=87 (map 47 mmap 36) pramin_maps=18 pramin_mmaps=18 pramin_kept=0 pramin_kept_now=0 wind
kf3: family=Ada phase=Running trapped=47836 applied=1666 refused=1 serviced=839 ram_refused=0 unshadowed_writes=2 read_exits=71 last_off=0xb81210 mem[inval=2248 walks=2265/2265 cleared=2247 superseded=0 named_missed=0 unreconciled=1 mapped=567 unmapped=108 clipped=0x0 held=0 vmm_overlaps=0 priv_withheld=0 priv_withheld_bytes=0x0 priv_mirrored=34 sked=0/0held carve_gpu=0 carve_kernel=2 carve_cpu=1 fn70=1 roots=8 root_moves=0 stmts=17/17 refused=1 pramin_repoints=18 pramin_miss=0 last_miss=0x0 pramin_worst_us=87 (map 47 mmap 36) pramin_maps=18 pramin_mmaps=18 pramin_kept=0 pramin_kept_now=0 wind
kf3: family=Ada phase=Running trapped=48160 applied=1696 refused=1 serviced=869 ram_refused=0 unshadowed_writes=2 read_exits=71 last_off=0xb81210 mem[inval=2248 walks=2265/2265 cleared=2247 superseded=0 named_missed=0 unreconciled=1 mapped=567 unmapped=108 clipped=0x0 held=0 vmm_overlaps=0 priv_withheld=0 priv_withheld_bytes=0x0 priv_mirrored=34 sked=0/0held carve_gpu=0 carve_kernel=2 carve_cpu=1 fn70=1 roots=8 root_moves=0 stmts=17/17 refused=1 pramin_repoints=18 pramin_miss=0 last_miss=0x0 pramin_worst_us=87 (map 47 mmap 36) pramin_maps=18 pramin_mmaps=18 pramin_kept=0 pramin_kept_now=0 wind
kf3: family=Ada phase=Running trapped=48306 applied=1709 refused=1 serviced=882 ram_refused=0 unshadowed_writes=2 read_exits=71 last_off=0xb81210 mem[inval=2248 walks=2265/2265 cleared=2247 superseded=0 named_missed=0 unreconciled=1 mapped=567 unmapped=108 clipped=0x0 held=0 vmm_overlaps=0 priv_withheld=0 priv_withheld_bytes=0x0 priv_mirrored=34 sked=0/0held carve_gpu=0 carve_kernel=2 carve_cpu=1 fn70=1 roots=8 root_moves=0 stmts=17/17 refused=1 pramin_repoints=18 pramin_miss=0 last_miss=0x0 pramin_worst_us=87 (map 47 mmap 36) pramin_maps=18 pramin_mmaps=18 pramin_kept=0 pramin_kept_now=0 wind
kf3: family=Ada phase=Running trapped=48445 applied=1715 refused=1 serviced=888 ram_refused=0 unshadowed_writes=2 read_exits=71 last_off=0xb81210 mem[inval=2248 walks=2265/2265 cleared=2247 superseded=0 named_missed=0 unreconciled=1 mapped=567 unmapped=108 clipped=0x0 held=0 vmm_overlaps=0 priv_withheld=0 priv_withheld_bytes=0x0 priv_mirrored=34 sked=0/0held carve_gpu=0 carve_kernel=2 carve_cpu=1 fn70=1 roots=8 root_moves=0 stmts=18/18 refused=1 pramin_repoints=18 pramin_miss=0 last_miss=0x0 pramin_worst_us=87 (map 47 mmap 36) pramin_maps=18 pramin_mmaps=18 pramin_kept=0 pramin_kept_now=0 wind
kf3: family=Ada phase=Running trapped=51793 applied=1857 refused=1 serviced=1030 ram_refused=0 unshadowed_writes=2 read_exits=71 last_off=0xb81210 mem[inval=2248 walks=2265/2265 cleared=2247 superseded=0 named_missed=0 unreconciled=1 mapped=567 unmapped=108 clipped=0x0 held=0 vmm_overlaps=0 priv_withheld=0 priv_withheld_bytes=0x0 priv_mirrored=34 sked=0/0held carve_gpu=0 carve_kernel=2 carve_cpu=1 fn70=1 roots=8 root_moves=0 stmts=18/18 refused=1 pramin_repoints=18 pramin_miss=0 last_miss=0x0 pramin_worst_us=87 (map 47 mmap 36) pramin_maps=18 pramin_mmaps=18 pramin_kept=0 pramin_kept_now=0 win
kf3: family=Ada phase=Running trapped=52233 applied=1877 refused=1 serviced=1050 ram_refused=0 unshadowed_writes=2 read_exits=71 last_off=0xb81210 mem[inval=2248 walks=2265/2265 cleared=2247 superseded=0 named_missed=0 unreconciled=1 mapped=567 unmapped=108 clipped=0x0 held=0 vmm_overlaps=0 priv_withheld=0 priv_withheld_bytes=0x0 priv_mirrored=34 sked=0/0held carve_gpu=0 carve_kernel=2 carve_cpu=1 fn70=1 roots=8 root_moves=0 stmts=18/18 refused=1 pramin_repoints=18 pramin_miss=0 last_miss=0x0 pramin_worst_us=87 (map 47 mmap 36) pramin_maps=18 pramin_mmaps=18 pramin_kept=0 pramin_kept_now=0 win
kf-rm: SW-RUNLIST HOST-OWNED 0x20801111 client=0xc1d00002 object=0xff030000: NV_OK, request echoed, contents ignored (kernel channels are scheduled at birth) — AWAITING OWNER CONFIRMATION #6
kf3: family=Ada phase=Running trapped=52462 applied=1896 refused=1 serviced=1069 ram_refused=0 unshadowed_writes=2 read_exits=71 last_off=0x110c00 mem[inval=2248 walks=2265/2265 cleared=2247 superseded=0 named_missed=0 unreconciled=1 mapped=567 unmapped=108 clipped=0x0 held=0 vmm_overlaps=0 priv_withheld=0 priv_withheld_bytes=0x0 priv_mirrored=34 sked=0/0held carve_gpu=0 carve_kernel=2 carve_cpu=1 fn70=1 roots=8 root_moves=0 stmts=18/18 refused=1 pramin_repoints=18 pramin_miss=0 last_miss=0x0 pramin_worst_us=87 (map 47 mmap 36) pramin_maps=18 pramin_mmaps=18 pramin_kept=0 pramin_kept_now=0 win
kf3: GSP command service REFUSED: QueueNotBound
kf3: GSP command service REFUSED: QueueNotBound
kf3: family=Ada phase=Running trapped=53474 applied=2899 refused=1 serviced=1139 ram_refused=0 unshadowed_writes=2 read_exits=71 last_off=0x110c00 mem[inval=2248 walks=2267/2267 cleared=2247 superseded=0 named_missed=0 unreconciled=1 mapped=567 unmapped=264 clipped=0x0 held=0 vmm_overlaps=0 priv_withheld=0 priv_withheld_bytes=0x0 priv_mirrored=34 sked=0/0held carve_gpu=0 carve_kernel=2 carve_cpu=1 fn70=3 roots=8 root_moves=0 stmts=23/23 refused=1 pramin_repoints=30 pramin_miss=0 last_miss=0x0 pramin_worst_us=87 (map 47 mmap 43) pramin_maps=30 pramin_mmaps=30 pramin_kept=0 pramin_kept_now=0 win
kf3: family=Ada phase=Running trapped=53475 applied=2900 refused=1 serviced=1140 ram_refused=0 unshadowed_writes=2 read_exits=71 last_off=0x110c00 mem[inval=2248 walks=2267/2267 cleared=2247 superseded=0 named_missed=0 unreconciled=1 mapped=567 unmapped=264 clipped=0x0 held=0 vmm_overlaps=0 priv_withheld=0 priv_withheld_bytes=0x0 priv_mirrored=34 sked=0/0held carve_gpu=0 carve_kernel=2 carve_cpu=1 fn70=3 roots=8 root_moves=0 stmts=24/24 refused=1 pramin_repoints=30 pramin_miss=0 last_miss=0x0 pramin_worst_us=87 (map 47 mmap 43) pramin_maps=30 pramin_mmaps=30 pramin_kept=0 pramin_kept_now=0 win
kf3: family=Ada phase=Running trapped=53475 applied=2900 refused=1 serviced=1140 ram_refused=0 unshadowed_writes=2 read_exits=71 last_off=0x110c00 mem[inval=2248 walks=2267/2267 cleared=2247 superseded=0 named_missed=0 unreconciled=1 mapped=567 unmapped=264 clipped=0x0 held=0 vmm_overlaps=0 priv_withheld=0 priv_withheld_bytes=0x0 priv_mirrored=34 sked=0/0held carve_gpu=0 carve_kernel=2 carve_cpu=1 fn70=3 roots=8 root_moves=0 stmts=24/24 refused=1 pramin_repoints=30 pramin_miss=0 last_miss=0x0 pramin_worst_us=87 (map 47 mmap 43) pramin_maps=30 pramin_mmaps=30 pramin_kept=0 pramin_kept_now=0 win
kf3: family=Ada phase=Running trapped=53483 applied=2908 refused=1 serviced=1142 ram_refused=0 unshadowed_writes=2 read_exits=71 last_off=0x1700 mem[inval=2248 walks=2267/2267 cleared=2247 superseded=0 named_missed=0 unreconciled=1 mapped=567 unmapped=264 clipped=0x0 held=0 vmm_overlaps=0 priv_withheld=0 priv_withheld_bytes=0x0 priv_mirrored=34 sked=0/0held carve_gpu=0 carve_kernel=2 carve_cpu=1 fn70=3 roots=8 root_moves=0 stmts=24/24 refused=1 pramin_repoints=36 pramin_miss=0 last_miss=0x0 pramin_worst_us=378 (map 47 mmap 344) pramin_maps=36 pramin_mmaps=36 pramin_kept=0 pramin_kept_now=0 win
kf3: family=Ada phase=Running trapped=53483 applied=2908 refused=1 serviced=1142 ram_refused=0 unshadowed_writes=2 read_exits=71 last_off=0x1700 mem[inval=2248 walks=2267/2267 cleared=2247 superseded=0 named_missed=0 unreconciled=1 mapped=567 unmapped=264 clipped=0x0 held=0 vmm_overlaps=0 priv_withheld=0 priv_withheld_bytes=0x0 priv_mirrored=34 sked=0/0held carve_gpu=0 carve_kernel=2 carve_cpu=1 fn70=3 roots=8 root_moves=0 stmts=24/24 refused=1 pramin_repoints=36 pramin_miss=0 last_miss=0x0 pramin_worst_us=378 (map 47 mmap 344) pramin_maps=36 pramin_mmaps=36 pramin_kept=0 pramin_kept_now=0 win
kf3: family=Ada phase=Running trapped=53483 applied=2908 refused=1 serviced=1142 ram_refused=0 unshadowed_writes=2 read_exits=71 last_off=0x1700 mem[inval=2248 walks=2267/2267 cleared=2247 superseded=0 named_missed=0 unreconciled=1 mapped=567 unmapped=264 clipped=0x0 held=0 vmm_overlaps=0 priv_withheld=0 priv_withheld_bytes=0x0 priv_mirrored=34 sked=0/0held carve_gpu=0 carve_kernel=2 carve_cpu=1 fn70=3 roots=8 root_moves=0 stmts=24/24 refused=1 pramin_repoints=36 pramin_miss=0 last_miss=0x0 pramin_worst_us=378 (map 47 mmap 344) pramin_maps=36 pramin_mmaps=36 pramin_kept=0 pramin_kept_now=0 win
kf3: family=Ada phase=Running trapped=53483 applied=2908 refused=1 serviced=1142 ram_refused=0 unshadowed_writes=2 read_exits=71 last_off=0x1700 mem[inval=2248 walks=2267/2267 cleared=2247 superseded=0 named_missed=0 unreconciled=1 mapped=567 unmapped=264 clipped=0x0 held=0 vmm_overlaps=0 priv_withheld=0 priv_withheld_bytes=0x0 priv_mirrored=34 sked=0/0held carve_gpu=0 carve_kernel=2 carve_cpu=1 fn70=3 roots=8 root_moves=0 stmts=24/24 refused=1 pramin_repoints=36 pramin_miss=0 last_miss=0x0 pramin_worst_us=378 (map 47 mmap 344) pramin_maps=36 pramin_mmaps=36 pramin_kept=0 pramin_kept_now=0 win
kf3: family=Ada phase=Running trapped=53483 applied=2908 refused=1 serviced=1142 ram_refused=0 unshadowed_writes=2 read_exits=71 last_off=0x1700 mem[inval=2248 walks=2267/2267 cleared=2247 superseded=0 named_missed=0 unreconciled=1 mapped=567 unmapped=264 clipped=0x0 held=0 vmm_overlaps=0 priv_withheld=0 priv_withheld_bytes=0x0 priv_mirrored=34 sked=0/0held carve_gpu=0 carve_kernel=2 carve_cpu=1 fn70=3 roots=8 root_moves=0 stmts=24/24 refused=1 pramin_repoints=36 pramin_miss=0 last_miss=0x0 pramin_worst_us=378 (map 47 mmap 344) pramin_maps=36 pramin_mmaps=36 pramin_kept=0 pramin_kept_now=0 win
