kf-host: HOST-ABI REFUSED control 0x20809064: host control 0x20809064 has no public header (kf_abi::gssreplay ROWS (measured on 580.159.04 hosts)); its layout at host driver 595.91.07 was never measured
kf-host: HOST-ABI REFUSED control 0x2080a028: host control 0x2080a028 has no public header (kf_abi::gssreplay ROWS (measured on 580.159.04 hosts)); its layout at host driver 595.91.07 was never measured
kf-host: HOST-ABI REFUSED control 0x2080a028: host control 0x2080a028 has no public header (kf_abi::gssreplay ROWS (measured on 580.159.04 hosts)); its layout at host driver 595.91.07 was never measured
kf-host: HOST-ABI REFUSED control 0x2080a084: host control 0x2080a084 has no public header (kf_abi::gssreplay ROWS (measured on 580.159.04 hosts)); its layout at host driver 595.91.07 was never measured
kf-host: HOST-ABI REFUSED control 0x2080a026: host control 0x2080a026 has no public header (kf_abi::gssreplay ROWS (measured on 580.159.04 hosts)); its layout at host driver 595.91.07 was never measured
kf3: GSP REFUSED fn76/0x20800a87=0x56 (GSP_RM_CONTROL) first_seq=0 — the guest read a non-OK status
kf3: GSP REFUSED fn76/0x20800afe=0x56 (GSP_RM_CONTROL) first_seq=0 — the guest read a non-OK status
kf3: GSP REFUSED fn76/0x20800aff=0x56 (GSP_RM_CONTROL) first_seq=0 — the guest read a non-OK status
kf3: GSP REFUSED fn76/0x20800aaf=0x56 (GSP_RM_CONTROL) first_seq=0 — the guest read a non-OK status
kf3: GSP REFUSED fn76/0x00800292=0x56 (GSP_RM_CONTROL) first_seq=0 — the guest read a non-OK status
kf3: GSP REFUSED fn76/0x20800a80=0x56 (GSP_RM_CONTROL) first_seq=0 — the guest read a non-OK status
kf3: GSP REFUSED fn76/0x20802a0f=0x56 (GSP_RM_CONTROL) first_seq=0 — the guest read a non-OK status
kf3: GSP REFUSED fn76/0x2080017e=0x56 (GSP_RM_CONTROL) first_seq=0 — the guest read a non-OK status
kf3: GSP REFUSED fn76/0x20800a30=0x56 (GSP_RM_CONTROL) first_seq=0 — the guest read a non-OK status
kf3: GSP REFUSED fn76/0x20800a2e=0x56 (GSP_RM_CONTROL) first_seq=0 — the guest read a non-OK status
kf3: GSP REFUSED fn76/0x20800b03=0x56 (GSP_RM_CONTROL) first_seq=0 — the guest read a non-OK status
kf3: GSP REFUSED fn76/0x20800b05=0x56 (GSP_RM_CONTROL) first_seq=0 — the guest read a non-OK status
kf3: GSP REFUSED fn76/0x20800a3f=0x56 (GSP_RM_CONTROL) first_seq=0 — the guest read a non-OK status
kf3: act birth translated: chan 0xc1e00007:0xbaba0045 BORN Translated: token 0x1 -> host 0x2e in VasKey(13970166077300801602) gpfifo=0x0x32 userd=Some(Framebuffer { base: 4020568064, size: 512 }) engine=0x1 tsg=None kernel_by=PRIVILEGE=KERNEL rm-internal ring_va=0xff00000000 userd_at_birth(GP_PUT,GP_GET)=(Some(0), Some(0)) zeroed=512B gr_tier=true gp_get_by_engine=true sw_subch_inert=true fast=off (5263 us, off the GSP lock)
kf3: TSPACE-RETIRE tok=0x1 host=0x2e key=VasKey(13970166077300801602) ring_va=0xff00000000 released=true stale_binds=0/0 late=0 indeterminate=0 unresolved[walk=0 acquire=0 refused=0]
kf3: act birth translated: chan 0xc1e00008:0x2 BORN Translated: token 0x801 -> host 0x1002e in VasKey(13970166078463016970) gpfifo=0x220064000x4096 userd=Some(Framebuffer { base: 4019388416, size: 512 }) engine=0xb tsg=None kernel_by=PRIVILEGE=KERNEL rm-internal ring_va=0xff00000000 userd_at_birth(GP_PUT,GP_GET)=(Some(0), Some(0)) zeroed=512B gr_tier=false gp_get_by_engine=false sw_subch_inert=true fast=off (2459 us, off the GSP lock)
kf3: chan 0xc1e00008:0x2 GPFIFO_SCHEDULE enable=true (token 0x801, host 0x1002e)
kf3: NSI RELAY host non-stall (FIFO_EVENT_MTHD) -> guest CE2 vector 1: a Translated copy-engine ring retired work after its host fence (relay #1)
kf3: NSI RELAY host non-stall (FIFO_EVENT_MTHD) -> guest CE2 vector 1: a Translated copy-engine ring retired work after its host fence (relay #2)
kf3: GSP REFUSED fn76/0x2080013f=0x56 (GSP_RM_CONTROL) first_seq=0 — the guest read a non-OK status
kf3: GSP REFUSED fn76/0x20809004=0x56 (GSP_RM_CONTROL) first_seq=0 — the guest read a non-OK status
kf3: GSP REFUSED fn76/0x20801303=0x56 (GSP_RM_CONTROL) first_seq=0 — the guest read a non-OK status
kf3: GSP REFUSED fn76/0x00801306=0x56 (GSP_RM_CONTROL) first_seq=0 — the guest read a non-OK status
kf3: GSP REFUSED fn76/0x20810108=0x56 (GSP_RM_CONTROL) first_seq=0 — the guest read a non-OK status
kf3: GSP REFUSED fn76/0x20801823=0x56 (GSP_RM_CONTROL) first_seq=0 — the guest read a non-OK status
kf3: GSP REFUSED fn76/0x20800ab8=0x56 (GSP_RM_CONTROL) first_seq=0 — the guest read a non-OK status
kf3: GSP REFUSED fn76/0x20800173=0x56 (GSP_RM_CONTROL) first_seq=0 — the guest read a non-OK status
kf3: GSP REFUSED fn76/0x20802a12=0x56 (GSP_RM_CONTROL) first_seq=0 — the guest read a non-OK status
kf3: GSP REFUSED fn76/0x20800160=0x56 (GSP_RM_CONTROL) first_seq=0 — the guest read a non-OK status
kf3: GSP REFUSED fn76/0x20802801=0x56 (GSP_RM_CONTROL) first_seq=0 — the guest read a non-OK status
kf3: GSP REFUSED fn76/0x2080012f=0x56 (GSP_RM_CONTROL) first_seq=0 — the guest read a non-OK status
kf3: GSP REFUSED fn76/0x20802806=0x56 (GSP_RM_CONTROL) first_seq=0 — the guest read a non-OK status
kf3: GSP REFUSED fn76/0x0073013d=0x56 (GSP_RM_CONTROL) first_seq=0 — the guest read a non-OK status
kf3: GSP REFUSED fn76/0x2080205b=0x56 (GSP_RM_CONTROL) first_seq=0 — the guest read a non-OK status
kf3: GSP REFUSED fn76/0x2080a060=0x56 (GSP_RM_CONTROL) first_seq=0 — the guest read a non-OK status
kf3: GSP REFUSED fn76/0x20802068=0x56 (GSP_RM_CONTROL) first_seq=0 — the guest read a non-OK status
kf3: GSP REFUSED fn76/0x00800106=0x56 (GSP_RM_CONTROL) first_seq=0 — the guest read a non-OK status
kf3: GSP REFUSED fn76/0x2080a70a=0x56 (GSP_RM_CONTROL) first_seq=0 — the guest read a non-OK status
kf3: GSP REFUSED fn76/0x2080a801=0x56 (GSP_RM_CONTROL) first_seq=0 — the guest read a non-OK status
kf3: GSP REFUSED fn76/0x2080a02f=0x56 (GSP_RM_CONTROL) first_seq=0 — the guest read a non-OK status
kf3: GSP REFUSED fn76/0x208081ea=0x56 (GSP_RM_CONTROL) first_seq=0 — the guest read a non-OK status
kf3: GSP REFUSED fn76/0x20808524=0x56 (GSP_RM_CONTROL) first_seq=0 — the guest read a non-OK status
kf3: GSP REFUSED fn76/0x00731369=0x56 (GSP_RM_CONTROL) first_seq=0 — the guest read a non-OK status
kf3: GSP REFUSED fn76/0x0073014b=0x56 (GSP_RM_CONTROL) first_seq=0 — the guest read a non-OK status
kf3: GSP REFUSED fn76/0x00730285=0x56 (GSP_RM_CONTROL) first_seq=0 — the guest read a non-OK status
kf3: GSP REFUSED fn76/0x0073011d=0x56 (GSP_RM_CONTROL) first_seq=0 — the guest read a non-OK status
kf3: GSP REFUSED fn76/0x0073012c=0x56 (GSP_RM_CONTROL) first_seq=0 — the guest read a non-OK status
kf3: GSP REFUSED fn76/0x00730109=0x56 (GSP_RM_CONTROL) first_seq=0 — the guest read a non-OK status
kf-rm: FECS-TRACE GET_FECS_TRACE_HW_ENABLE 0x20800a38: NV_OK bEnable=NV_FALSE (no guest ctxsw trace; the SETs stay unserviced) #1
kf3: GSP REFUSED fn76/0x20800a3a=0x56 (GSP_RM_CONTROL) first_seq=0 — the guest read a non-OK status
kf3: GSP REFUSED fn76/0x20801110=0x56 (GSP_RM_CONTROL) first_seq=0 — the guest read a non-OK status
kf3: GSP REFUSED fn76/0x2080080b=0x56 (GSP_RM_CONTROL) first_seq=0 — the guest read a non-OK status
kf3: GSP REFUSED fn76/0x00730288=0x56 (GSP_RM_CONTROL) first_seq=0 — the guest read a non-OK status
kf3: GSP REFUSED fn76/0x20801220=0x56 (GSP_RM_CONTROL) first_seq=0 — the guest read a non-OK status
kf3: GSP REFUSED fn76/0x20801222=0x56 (GSP_RM_CONTROL) first_seq=0 — the guest read a non-OK status
kf3: act birth translated: chan 0xc1d00013:0xff040000 BORN Translated: token 0x802 -> host 0x1002f in VasKey(13965662457344034928) gpfifo=0x12024b000x16384 userd=Some(Sysmem { base: 9555345408, size: 512 }) engine=0xb tsg=Some(ff0e0000) kernel_by=PRIVILEGE=KERNEL ring_va=0xff00100000 userd_at_birth(GP_PUT,GP_GET)=(Some(0), Some(0)) zeroed=512B gr_tier=false gp_get_by_engine=false sw_subch_inert=true fast=off (2459 us, off the GSP lock)
kf3: chan 0xc1d00013:0xff0e0000 GPFIFO_SCHEDULE enable=true (token 0x802, host 0x1002f)
kf3: act birth translated: chan 0xc1d00015:0xff040001 BORN Translated: token 0x3 -> host 0x30 in VasKey(13965662457344034928) gpfifo=0x120276000x8192 userd=Some(Sysmem { base: 9555345920, size: 512 }) engine=0x1 tsg=Some(ff0e0000) kernel_by=PRIVILEGE=KERNEL ring_va=0xff00200000 userd_at_birth(GP_PUT,GP_GET)=(Some(0), Some(0)) zeroed=512B gr_tier=true gp_get_by_engine=true sw_subch_inert=true fast=off (4892 us, off the GSP lock)
kf-rm: FECS-TRACE GET_FECS_TRACE_HW_ENABLE 0x20800a38: NV_OK bEnable=NV_FALSE (no guest ctxsw trace; the SETs stay unserviced) #2
kf-rm: FECS-TRACE GET_FECS_TRACE_HW_ENABLE 0x20800a38: NV_OK bEnable=NV_FALSE (no guest ctxsw trace; the SETs stay unserviced) #3
kf-rm: FECS-TRACE GET_FECS_TRACE_HW_ENABLE 0x20800a38: NV_OK bEnable=NV_FALSE (no guest ctxsw trace; the SETs stay unserviced) #4
kf-rm: FECS-TRACE GET_FECS_TRACE_HW_ENABLE 0x20800a38: NV_OK bEnable=NV_FALSE (no guest ctxsw trace; the SETs stay unserviced) #5
kf3: chan 0xc1d00015:0xff0e0000 GPFIFO_SCHEDULE enable=true (token 0x3, host 0x30)
kf-rm: EXPERIMENT software-runlist diagnostic control=0x20801111 params_bytes=40 raw_u32_le=[ff008250,00000000,ff000100,00000001,00006000,00000001,00000001,00000000,00000000,00000000]; observation only
kf3: GSP REFUSED fn76/0x20801111=0x56 (GSP_RM_CONTROL) first_seq=0 — the guest read a non-OK status
kf3: act birth translated: chan 0xc1d00016:0xff040002 BORN Translated: token 0x804 -> host 0x10031 in VasKey(13965662457344034928) gpfifo=0x1204f0000x16384 userd=Some(Sysmem { base: 9555346432, size: 512 }) engine=0xb tsg=None kernel_by=PRIVILEGE=KERNEL ring_va=0xff00300000 userd_at_birth(GP_PUT,GP_GET)=(Some(0), Some(0)) zeroed=512B gr_tier=false gp_get_by_engine=false sw_subch_inert=true fast=off (2207 us, off the GSP lock)
kf3: chan 0xc1d00016:0xff040002 GPFIFO_SCHEDULE enable=true (token 0x804, host 0x10031)
kf3: act birth translated: chan 0xc1d00018:0xff040003 BORN Translated: token 0x1805 -> host 0x30032 in VasKey(13965662457344034928) gpfifo=0x1203c6000x2048 userd=Some(Sysmem { base: 9555346944, size: 512 }) engine=0x13 tsg=None kernel_by=PRIVILEGE=KERNEL ring_va=0xff00400000 userd_at_birth(GP_PUT,GP_GET)=(Some(0), Some(0)) zeroed=512B gr_tier=false gp_get_by_engine=false sw_subch_inert=true fast=off (2568 us, off the GSP lock)
kf3: chan 0xc1d00018:0xff040003 GPFIFO_SCHEDULE enable=true (token 0x1805, host 0x30032)
kf3: act birth translated: chan 0xc1d00019:0xff040004 BORN Translated: token 0x806 -> host 0x10033 in VasKey(13965662457344034928) gpfifo=0x12051b000x2048 userd=Some(Sysmem { base: 9555347456, size: 512 }) engine=0xb tsg=Some(ff0e0000) kernel_by=PRIVILEGE=KERNEL ring_va=0xff00500000 userd_at_birth(GP_PUT,GP_GET)=(Some(0), Some(0)) zeroed=512B gr_tier=false gp_get_by_engine=false sw_subch_inert=true fast=off (2189 us, off the GSP lock)
kf3: chan 0xc1d00019:0xff0e0000 GPFIFO_SCHEDULE enable=true (token 0x806, host 0x10033)
kf3: act birth translated: chan 0xc1d0001a:0xff040005 BORN Translated: token 0x2007 -> host 0xc0034 in VasKey(13965662457344034928) gpfifo=0x120522000x2048 userd=Some(Sysmem { base: 9555347968, size: 512 }) engine=0x1c tsg=None kernel_by=PRIVILEGE=KERNEL ring_va=0xff00600000 userd_at_birth(GP_PUT,GP_GET)=(Some(0), Some(0)) zeroed=512B gr_tier=false gp_get_by_engine=false sw_subch_inert=true fast=off (2533 us, off the GSP lock)
kf3: chan 0xc1d0001a:0xff040005 GPFIFO_SCHEDULE enable=true (token 0x2007, host 0xc0034)
kf3: act birth translated: chan 0xc1d0001b:0xff040006 BORN Translated: token 0x2008 -> host 0xc0035 in VasKey(13965662457344034928) gpfifo=0x120529000x2048 userd=Some(Sysmem { base: 9555348480, size: 512 }) engine=0x1c tsg=None kernel_by=PRIVILEGE=KERNEL ring_va=0xff00700000 userd_at_birth(GP_PUT,GP_GET)=(Some(0), Some(0)) zeroed=512B gr_tier=false gp_get_by_engine=false sw_subch_inert=true fast=off (2340 us, off the GSP lock)
kf3: chan 0xc1d0001b:0xff040006 GPFIFO_SCHEDULE enable=true (token 0x2008, host 0xc0035)
kf3: act birth translated: chan 0xc1d0001c:0xff040007 BORN Translated: token 0x2809 -> host 0x50036 in VasKey(13965662457344034928) gpfifo=0x120530000x2048 userd=Some(Sysmem { base: 9555348992, size: 512 }) engine=0x33 tsg=None kernel_by=PRIVILEGE=KERNEL ring_va=0xff00800000 userd_at_birth(GP_PUT,GP_GET)=(Some(0), Some(0)) zeroed=512B gr_tier=false gp_get_by_engine=false sw_subch_inert=true fast=off (2352 us, off the GSP lock)
kf3: chan 0xc1d0001c:0xff040007 GPFIFO_SCHEDULE enable=true (token 0x2809, host 0x50036)
kf3: act birth translated: chan 0xc1d0001d:0xff040008 BORN Translated: token 0x200a -> host 0xc0037 in VasKey(13965662457344034928) gpfifo=0x120538000x2048 userd=Some(Sysmem { base: 9554296832, size: 512 }) engine=0x1c tsg=None kernel_by=PRIVILEGE=KERNEL ring_va=0xff00900000 userd_at_birth(GP_PUT,GP_GET)=(Some(0), Some(0)) zeroed=512B gr_tier=false gp_get_by_engine=false sw_subch_inert=true fast=off (2473 us, off the GSP lock)
kf3: chan 0xc1d0001d:0xff040008 GPFIFO_SCHEDULE enable=true (token 0x200a, host 0xc0037)
kf3: NSI RELAY host non-stall (FIFO_EVENT_MTHD) -> guest CE2 vector 1: a Translated copy-engine ring retired work after its host fence (relay #3)
kf3: NSI RELAY host non-stall (FIFO_EVENT_MTHD) -> guest GR0 vector 0: a Translated GR-tier ring retired engine-written work (rings=1, relay #1)
kf3: GSP REFUSED fn76/0x007302a3=0x56 (GSP_RM_CONTROL) first_seq=0 — the guest read a non-OK status
kf3: GSP REFUSED fn76/0x00730128=0x56 (GSP_RM_CONTROL) first_seq=0 — the guest read a non-OK status
kf-rm: HOST-STUB 0x2081010d (FINN_NV2081_BINAPI_INTERFACE_ID msg 0xd, retail flags 0x10208) client=0xc1d00002: NV_OK, 0 params byte(s) zeroed — host-owned stub, §S assumed #1
kf3: GSP REFUSED fn76/0x2080a630=0x56 (GSP_RM_CONTROL) first_seq=0 — the guest read a non-OK status
kf3: act birth translated: chan 0xc1d00020:0xff040009 BORN Translated: token 0x80b -> host 0x10038 in VasKey(13965662577603119184) gpfifo=0x1200c4000x4096 userd=Some(Sysmem { base: 9554206720, size: 512 }) engine=0xb tsg=None kernel_by=PRIVILEGE=KERNEL ring_va=0xff00a00000 userd_at_birth(GP_PUT,GP_GET)=(Some(0), Some(0)) zeroed=512B gr_tier=false gp_get_by_engine=false sw_subch_inert=true fast=off (2334 us, off the GSP lock)
kf3: chan 0xc1d00020:0xff040009 GPFIFO_SCHEDULE enable=true (token 0x80b, host 0x10038)
kf3: GSP REFUSED fn76/0x2080852e=0x56 (GSP_RM_CONTROL) first_seq=0 — the guest read a non-OK status
kf3: GSP REFUSED fn76/0x2080852a=0x56 (GSP_RM_CONTROL) first_seq=0 — the guest read a non-OK status
kf3: act birth translated: chan 0xc1d00023:0xff04000a BORN Translated: token 0x80c -> host 0x10039 in VasKey(13965662590488021072) gpfifo=0x200c4000x16384 userd=Some(Sysmem { base: 9553879040, size: 512 }) engine=0xb tsg=Some(ff0e0000) kernel_by=PRIVILEGE=KERNEL ring_va=0xff00b00000 userd_at_birth(GP_PUT,GP_GET)=(Some(0), Some(0)) zeroed=512B gr_tier=false gp_get_by_engine=false sw_subch_inert=true fast=off (2172 us, off the GSP lock)
kf3: chan 0xc1d00023:0xff0e0000 GPFIFO_SCHEDULE enable=true (token 0x80c, host 0x10039)
kf3: NSI RELAY host non-stall (FIFO_EVENT_MTHD) -> guest CE2 vector 1: a Translated copy-engine ring retired work after its host fence (relay #4)
kf3: act birth translated: chan 0xc1d00024:0xff04000b BORN Translated: token 0xd -> host 0x3a in VasKey(13965662590488021072) gpfifo=0x200ef000x16384 userd=Some(Sysmem { base: 9553879552, size: 512 }) engine=0x1 tsg=Some(ff0e0000) kernel_by=PRIVILEGE=KERNEL ring_va=0xff00c00000 userd_at_birth(GP_PUT,GP_GET)=(Some(0), Some(0)) zeroed=512B gr_tier=true gp_get_by_engine=true sw_subch_inert=true fast=off (5433 us, off the GSP lock)
kf-rm: FECS-TRACE GET_FECS_TRACE_HW_ENABLE 0x20800a38: NV_OK bEnable=NV_FALSE (no guest ctxsw trace; the SETs stay unserviced) #6
kf-rm: FECS-TRACE GET_FECS_TRACE_HW_ENABLE 0x20800a38: NV_OK bEnable=NV_FALSE (no guest ctxsw trace; the SETs stay unserviced) #7
kf-rm: FECS-TRACE GET_FECS_TRACE_HW_ENABLE 0x20800a38: NV_OK bEnable=NV_FALSE (no guest ctxsw trace; the SETs stay unserviced) #8
kf-rm: EXPERIMENT software-runlist diagnostic control=0x20801111 params_bytes=40 raw_u32_le=[ff008250,00000000,ff000100,00000002,00006000,00000002,00000001,00000000,00000000,00000000]; observation only
kf3: NSI RELAY host non-stall (FIFO_EVENT_MTHD) -> guest CE2 vector 1: a Translated copy-engine ring retired work after its host fence (relay #5)
kf3: chan token 0x80c (VasKey(13965662590488021072)) DEAD: ring: Read { gp: 2, va: 537673744, why: "0x200c4010+0x8: 0x200c4010 not placed by us (rows=0 below=none above=none)" }
kf3: chan token 0x80c death mirror: own space=0xcafe0063 rows=0 log_epoch=26 last row commits (epoch, lo, hi, ms ago)=[(13, 202f0000, 20370000, 37b), (14, 3fdf0000, 3fdf1000, 377), (15, 3fdf1000, 3ffd6000, 377), (16, 3ffd6000, 3fff1000, 377), (17, 20002000, 2024f000, 39), (18, 20250000, 20370000, 39), (19, 24000000, 265f0000, 39), (1a, 3fdf0000, 3fff1000, 39)]; plane's mirror for the key now (same rows, space, rows): Some(Some((true, 3405643875, 0)))
kf3: kernel channel host 0x10039 REFUSED-AND-POISONED (§7)
kf3: family=Ada phase=Running trapped=42997 applied=1460 refused=1 serviced=633 ram_refused=0 unshadowed_writes=2 read_exits=37 last_off=0xbb0090 mem[inval=2204 walks=2213/2213 cleared=2204 superseded=0 named_missed=0 unreconciled=0 mapped=387 unmapped=127 clipped=0x0 held=0 vmm_overlaps=0 priv_withheld=0 priv_withheld_bytes=0x0 priv_mirrored=18 sked=0/0held carve_gpu=0 carve_kernel=2 carve_cpu=1 fn70=1 roots=8 root_moves=0 stmts=14/14 refused=0 pramin_repoints=18 pramin_miss=0 last_miss=0x0 pramin_worst_us=69 (map 39 mmap 28) pramin_maps=18 pramin_mmaps=18 pramin_kept=0 pramin_kept_now=0 window_advice_refused=0 inline_opens=0 reaped=17 cache_ops=0 sysmembars=2 root_unsets=0] mirrors=2 reuse
kf3: GSP REFUSED fn76/0x2080b201=0x56 (GSP_RM_CONTROL) first_seq=0 — the guest read a non-OK status
kf3: GSP REFUSED fn76/0x2080852f=0x56 (GSP_RM_CONTROL) first_seq=0 — the guest read a non-OK status
kf3: GSP REFUSED fn76/0x2080a618=0x56 (GSP_RM_CONTROL) first_seq=0 — the guest read a non-OK status
kf3: GSP REFUSED fn76/0x2080a619=0x56 (GSP_RM_CONTROL) first_seq=0 — the guest read a non-OK status
kf3: GSP REFUSED fn76/0x2080853a=0x56 (GSP_RM_CONTROL) first_seq=0 — the guest read a non-OK status
kf3: GSP REFUSED fn76/0x2080853b=0x56 (GSP_RM_CONTROL) first_seq=0 — the guest read a non-OK status
kf3: family=Ada phase=Running trapped=43099 applied=1473 refused=1 serviced=646 ram_refused=0 unshadowed_writes=2 read_exits=37 last_off=0xb81608 mem[inval=2204 walks=2213/2213 cleared=2204 superseded=0 named_missed=0 unreconciled=0 mapped=387 unmapped=127 clipped=0x0 held=0 vmm_overlaps=0 priv_withheld=0 priv_withheld_bytes=0x0 priv_mirrored=18 sked=0/0held carve_gpu=0 carve_kernel=2 carve_cpu=1 fn70=1 roots=8 root_moves=0 stmts=14/14 refused=0 pramin_repoints=18 pramin_miss=0 last_miss=0x0 pramin_worst_us=69 (map 39 mmap 28) pramin_maps=18 pramin_mmaps=18 pramin_kept=0 pramin_kept_now=0 window_advice_refused=0 inline_opens=0 reaped=17 cache_ops=0 sysmembars=2 root_unsets=0] mirrors=2 reuse
kf-rm: EXPERIMENT software-runlist diagnostic control=0x20801111 params_bytes=40 raw_u32_le=[ff008250,00000000,ff000100,00000000,00006000,00000000,00000001,00000000,00000000,00000000]; observation only
kf-rm: EXPERIMENT software-runlist diagnostic control=0x20801111 params_bytes=40 raw_u32_le=[ff008254,00000000,ff000104,00000000,00006000,00000000,00000001,00000000,00000000,00000000]; observation only
kf3: TSPACE-RETIRE tok=0x80b host=0x10038 key=VasKey(13965662577603119184) ring_va=0xff00a00000 released=true stale_binds=0/0 late=0 indeterminate=0 unresolved[walk=0 acquire=0 refused=0]
kf3: TSPACE-RETIRE tok=0xd host=0x3a key=VasKey(13965662590488021072) ring_va=0xff00c00000 released=true stale_binds=0/0 late=0 indeterminate=0 unresolved[walk=0 acquire=0 refused=0]
kf3: TSPACE-RETIRE tok=0x1805 host=0x30032 key=VasKey(13965662457344034928) ring_va=0xff00400000 released=true stale_binds=0/0 late=0 indeterminate=0 unresolved[walk=0 acquire=0 refused=0]
kf3: TSPACE-RETIRE tok=0x806 host=0x10033 key=VasKey(13965662457344034928) ring_va=0xff00500000 released=true stale_binds=0/0 late=0 indeterminate=0 unresolved[walk=0 acquire=0 refused=0]
kf3: TSPACE-RETIRE tok=0x2007 host=0xc0034 key=VasKey(13965662457344034928) ring_va=0xff00600000 released=true stale_binds=0/0 late=0 indeterminate=0 unresolved[walk=0 acquire=0 refused=0]
kf3: TSPACE-RETIRE tok=0x2008 host=0xc0035 key=VasKey(13965662457344034928) ring_va=0xff00700000 released=true stale_binds=0/0 late=0 indeterminate=0 unresolved[walk=0 acquire=0 refused=0]
kf3: TSPACE-RETIRE tok=0x2809 host=0x50036 key=VasKey(13965662457344034928) ring_va=0xff00800000 released=true stale_binds=0/0 late=0 indeterminate=0 unresolved[walk=0 acquire=0 refused=0]
kf3: TSPACE-RETIRE tok=0x200a host=0xc0037 key=VasKey(13965662457344034928) ring_va=0xff00900000 released=true stale_binds=0/0 late=0 indeterminate=0 unresolved[walk=0 acquire=0 refused=0]
kf3: TSPACE-RETIRE tok=0x804 host=0x10031 key=VasKey(13965662457344034928) ring_va=0xff00300000 released=true stale_binds=0/0 late=0 indeterminate=0 unresolved[walk=0 acquire=0 refused=0]
kf3: TSPACE-RETIRE tok=0x80c host=0x10039 key=VasKey(13965662590488021072) ring_va=0xff00b00000 released=true stale_binds=0/0 late=0 indeterminate=0 unresolved[walk=0 acquire=0 refused=0]
kf3: TSPACE-RETIRE tok=0x802 host=0x1002f key=VasKey(13965662457344034928) ring_va=0xff00100000 released=true stale_binds=0/0 late=0 indeterminate=0 unresolved[walk=0 acquire=0 refused=0]
kf3: TSPACE-RETIRE tok=0x3 host=0x30 key=VasKey(13965662457344034928) ring_va=0xff00200000 released=true stale_binds=0/2 late=0 indeterminate=0 unresolved[walk=0 acquire=0 refused=0]
kf-rm: EXPERIMENT software-runlist diagnostic control=0x20801111 params_bytes=40 raw_u32_le=[ff008250,00000000,ff000100,00000000,00006000,00000000,00000001,00000000,00000000,00000000]; observation only
kf-rm: EXPERIMENT software-runlist diagnostic control=0x20801111 params_bytes=40 raw_u32_le=[ff008254,00000000,ff000104,00000000,00006000,00000000,00000001,00000000,00000000,00000000]; observation only
kf3: TSPACE-RETIRE tok=0x801 host=0x1002e key=VasKey(13970166078463016970) ring_va=0xff00000000 released=true stale_binds=0/6 late=0 indeterminate=0 unresolved[walk=0 acquire=0 refused=0]
kf3: GSP command service REFUSED: QueueNotBound
kf3: GSP command service REFUSED: QueueNotBound
kf3: act birth translated: chan 0xc1e0002d:0xbaba0045 BORN Translated: token 0x1 -> host 0x2e in VasKey(13970166240509558850) gpfifo=0x0x32 userd=Some(Framebuffer { base: 4020568064, size: 512 }) engine=0x1 tsg=None kernel_by=PRIVILEGE=KERNEL rm-internal ring_va=0xff00000000 userd_at_birth(GP_PUT,GP_GET)=(Some(0), Some(0)) zeroed=512B gr_tier=true gp_get_by_engine=true sw_subch_inert=true fast=off (5066 us, off the GSP lock)
kf3: TSPACE-RETIRE tok=0x1 host=0x2e key=VasKey(13970166240509558850) ring_va=0xff00000000 released=true stale_binds=0/0 late=0 indeterminate=0 unresolved[walk=0 acquire=0 refused=0]
kf3: act birth translated: chan 0xc1e0002e:0x2 BORN Translated: token 0x801 -> host 0x1002e in VasKey(13970166241671774218) gpfifo=0x220064000x4096 userd=Some(Framebuffer { base: 4019388416, size: 512 }) engine=0xb tsg=None kernel_by=PRIVILEGE=KERNEL rm-internal ring_va=0xff00000000 userd_at_birth(GP_PUT,GP_GET)=(Some(2), Some(2)) zeroed=512B gr_tier=false gp_get_by_engine=false sw_subch_inert=true fast=off (2206 us, off the GSP lock)
kf3: chan 0xc1e0002e:0x2 GPFIFO_SCHEDULE enable=true (token 0x801, host 0x1002e)
kf3: NSI RELAY host non-stall (FIFO_EVENT_MTHD) -> guest CE2 vector 1: a Translated copy-engine ring retired work after its host fence (relay #6)
kf3: NSI RELAY host non-stall (FIFO_EVENT_MTHD) -> guest CE2 vector 1: a Translated copy-engine ring retired work after its host fence (relay #7)
kf3: act birth translated: chan 0xc1d00037:0xff040000 BORN Translated: token 0x802 -> host 0x1002f in VasKey(13965662620552792176) gpfifo=0x12024b000x16384 userd=Some(Sysmem { base: 9555042304, size: 512 }) engine=0xb tsg=Some(ff0e0000) kernel_by=PRIVILEGE=KERNEL ring_va=0xff00200000 userd_at_birth(GP_PUT,GP_GET)=(Some(0), Some(0)) zeroed=512B gr_tier=false gp_get_by_engine=false sw_subch_inert=true fast=off (2201 us, off the GSP lock)
kf3: chan 0xc1d00037:0xff0e0000 GPFIFO_SCHEDULE enable=true (token 0x802, host 0x1002f)
kf3: act birth translated: chan 0xc1d00039:0xff040001 BORN Translated: token 0x3 -> host 0x30 in VasKey(13965662620552792176) gpfifo=0x120276000x8192 userd=Some(Sysmem { base: 9555042816, size: 512 }) engine=0x1 tsg=Some(ff0e0000) kernel_by=PRIVILEGE=KERNEL ring_va=0xff00100000 userd_at_birth(GP_PUT,GP_GET)=(Some(0), Some(0)) zeroed=512B gr_tier=true gp_get_by_engine=true sw_subch_inert=true fast=off (4951 us, off the GSP lock)
kf3: chan 0xc1d00039:0xff0e0000 GPFIFO_SCHEDULE enable=true (token 0x3, host 0x30)
kf-rm: EXPERIMENT software-runlist diagnostic control=0x20801111 params_bytes=40 raw_u32_le=[ff008250,00000000,ff000100,00000001,00006000,00000001,00000001,00000000,00000000,00000000]; observation only
kf3: act birth translated: chan 0xc1d0003a:0xff040002 BORN Translated: token 0x804 -> host 0x10031 in VasKey(13965662620552792176) gpfifo=0x1204f0000x16384 userd=Some(Sysmem { base: 9555043328, size: 512 }) engine=0xb tsg=None kernel_by=PRIVILEGE=KERNEL ring_va=0xff00b00000 userd_at_birth(GP_PUT,GP_GET)=(Some(0), Some(0)) zeroed=512B gr_tier=false gp_get_by_engine=false sw_subch_inert=true fast=off (2165 us, off the GSP lock)
kf3: chan 0xc1d0003a:0xff040002 GPFIFO_SCHEDULE enable=true (token 0x804, host 0x10031)
kf3: act birth translated: chan 0xc1d0003c:0xff040003 BORN Translated: token 0x1805 -> host 0x30032 in VasKey(13965662620552792176) gpfifo=0x1203c6000x2048 userd=Some(Sysmem { base: 9555043840, size: 512 }) engine=0x13 tsg=None kernel_by=PRIVILEGE=KERNEL ring_va=0xff00300000 userd_at_birth(GP_PUT,GP_GET)=(Some(0), Some(0)) zeroed=512B gr_tier=false gp_get_by_engine=false sw_subch_inert=true fast=off (2313 us, off the GSP lock)
kf3: chan 0xc1d0003c:0xff040003 GPFIFO_SCHEDULE enable=true (token 0x1805, host 0x30032)
kf3: act birth translated: chan 0xc1d0003d:0xff040004 BORN Translated: token 0x806 -> host 0x10033 in VasKey(13965662620552792176) gpfifo=0x12051b000x2048 userd=Some(Sysmem { base: 9555044352, size: 512 }) engine=0xb tsg=Some(ff0e0000) kernel_by=PRIVILEGE=KERNEL ring_va=0xff00900000 userd_at_birth(GP_PUT,GP_GET)=(Some(0), Some(0)) zeroed=512B gr_tier=false gp_get_by_engine=false sw_subch_inert=true fast=off (2120 us, off the GSP lock)
kf3: chan 0xc1d0003d:0xff0e0000 GPFIFO_SCHEDULE enable=true (token 0x806, host 0x10033)
kf3: act birth translated: chan 0xc1d0003e:0xff040005 BORN Translated: token 0x2007 -> host 0xc0034 in VasKey(13965662620552792176) gpfifo=0x120522000x2048 userd=Some(Sysmem { base: 9555044864, size: 512 }) engine=0x1c tsg=None kernel_by=PRIVILEGE=KERNEL ring_va=0xff00800000 userd_at_birth(GP_PUT,GP_GET)=(Some(0), Some(0)) zeroed=512B gr_tier=false gp_get_by_engine=false sw_subch_inert=true fast=off (2548 us, off the GSP lock)
kf3: chan 0xc1d0003e:0xff040005 GPFIFO_SCHEDULE enable=true (token 0x2007, host 0xc0034)
kf3: act birth translated: chan 0xc1d0003f:0xff040006 BORN Translated: token 0x2008 -> host 0xc0035 in VasKey(13965662620552792176) gpfifo=0x120529000x2048 userd=Some(Sysmem { base: 9555045376, size: 512 }) engine=0x1c tsg=None kernel_by=PRIVILEGE=KERNEL ring_va=0xff00700000 userd_at_birth(GP_PUT,GP_GET)=(Some(0), Some(0)) zeroed=512B gr_tier=false gp_get_by_engine=false sw_subch_inert=true fast=off (2469 us, off the GSP lock)
kf3: chan 0xc1d0003f:0xff040006 GPFIFO_SCHEDULE enable=true (token 0x2008, host 0xc0035)
kf3: act birth translated: chan 0xc1d00040:0xff040007 BORN Translated: token 0x2809 -> host 0x50036 in VasKey(13965662620552792176) gpfifo=0x120530000x2048 userd=Some(Sysmem { base: 9555045888, size: 512 }) engine=0x33 tsg=None kernel_by=PRIVILEGE=KERNEL ring_va=0xff00600000 userd_at_birth(GP_PUT,GP_GET)=(Some(0), Some(0)) zeroed=512B gr_tier=false gp_get_by_engine=false sw_subch_inert=true fast=off (2280 us, off the GSP lock)
kf3: chan 0xc1d00040:0xff040007 GPFIFO_SCHEDULE enable=true (token 0x2809, host 0x50036)
kf3: act birth translated: chan 0xc1d00041:0xff040008 BORN Translated: token 0x200a -> host 0xc0037 in VasKey(13965662620552792176) gpfifo=0x120538000x2048 userd=Some(Sysmem { base: 9554292736, size: 512 }) engine=0x1c tsg=None kernel_by=PRIVILEGE=KERNEL ring_va=0xff00500000 userd_at_birth(GP_PUT,GP_GET)=(Some(0), Some(0)) zeroed=512B gr_tier=false gp_get_by_engine=false sw_subch_inert=true fast=off (2286 us, off the GSP lock)
kf3: chan 0xc1d00041:0xff040008 GPFIFO_SCHEDULE enable=true (token 0x200a, host 0xc0037)
kf3: NSI RELAY host non-stall (FIFO_EVENT_MTHD) -> guest CE2 vector 1: a Translated copy-engine ring retired work after its host fence (relay #8)
kf3: NSI RELAY host non-stall (FIFO_EVENT_MTHD) -> guest GR0 vector 0: a Translated GR-tier ring retired engine-written work (rings=1, relay #2)
kf3: act birth translated: chan 0xc1d00042:0xff040009 BORN Translated: token 0x80b -> host 0x10038 in VasKey(13965662590488021072) gpfifo=0x200c4000x16384 userd=Some(Sysmem { base: 9554030592, size: 512 }) engine=0xb tsg=Some(ff0e0000) kernel_by=PRIVILEGE=KERNEL ring_va=0xff00400000 userd_at_birth(GP_PUT,GP_GET)=(Some(0), Some(0)) zeroed=512B gr_tier=false gp_get_by_engine=false sw_subch_inert=true fast=off (2161 us, off the GSP lock)
kf3: chan 0xc1d00042:0xff0e0000 GPFIFO_SCHEDULE enable=true (token 0x80b, host 0x10038)
kf3: NSI RELAY host non-stall (FIFO_EVENT_MTHD) -> guest CE2 vector 1: a Translated copy-engine ring retired work after its host fence (relay #9)
kf3: act birth translated: chan 0xc1d00043:0xff04000a BORN Translated: token 0xc -> host 0x39 in VasKey(13965662590488021072) gpfifo=0x200ef000x16384 userd=Some(Sysmem { base: 9554031104, size: 512 }) engine=0x1 tsg=Some(ff0e0000) kernel_by=PRIVILEGE=KERNEL ring_va=0xff00c00000 userd_at_birth(GP_PUT,GP_GET)=(Some(0), Some(0)) zeroed=512B gr_tier=true gp_get_by_engine=true sw_subch_inert=true fast=off (4813 us, off the GSP lock)
kf-rm: EXPERIMENT software-runlist diagnostic control=0x20801111 params_bytes=40 raw_u32_le=[ff008250,00000000,ff000100,00000002,00006000,00000002,00000001,00000000,00000000,00000000]; observation only
kf3: act birth translated: chan 0xc1d00046:0xff04000b BORN Translated: token 0x80d -> host 0x1003a in VasKey(13965662740811876432) gpfifo=0x1200c4000x4096 userd=Some(Sysmem { base: 9553764352, size: 512 }) engine=0xb tsg=None kernel_by=PRIVILEGE=KERNEL ring_va=0xff00a00000 userd_at_birth(GP_PUT,GP_GET)=(Some(0), Some(0)) zeroed=512B gr_tier=false gp_get_by_engine=false sw_subch_inert=true fast=off (2229 us, off the GSP lock)
kf3: chan 0xc1d00046:0xff04000b GPFIFO_SCHEDULE enable=true (token 0x80d, host 0x1003a)
kf-rm: RPC-REFUSED #1 AllocClassNotPermitted { class: 16428, denial: Refused { name: "NV40_I2C", why: NoPhysicalBoardBus } } ⇒ answered NV_ERR_NOT_SUPPORTED (0x56). ⊘ The guest sees only the status; this line is the only place the REASON exists. (printing the first 24; the total rides the refusal census)
kf3: GSP REFUSED fn103/0x0000402c=0x56 (GSP_RM_ALLOC) first_seq=0 — the guest read a non-OK status
kf-rm: RPC-REFUSED #2 AllocClassNotPermitted { class: 16428, denial: Refused { name: "NV40_I2C", why: NoPhysicalBoardBus } } ⇒ answered NV_ERR_NOT_SUPPORTED (0x56). ⊘ The guest sees only the status; this line is the only place the REASON exists. (printing the first 24; the total rides the refusal census)
kf-rm: RPC-REFUSED #3 AllocClassNotPermitted { class: 16428, denial: Refused { name: "NV40_I2C", why: NoPhysicalBoardBus } } ⇒ answered NV_ERR_NOT_SUPPORTED (0x56). ⊘ The guest sees only the status; this line is the only place the REASON exists. (printing the first 24; the total rides the refusal census)
kf-rm: RPC-REFUSED #4 AllocClassNotPermitted { class: 16428, denial: Refused { name: "NV40_I2C", why: NoPhysicalBoardBus } } ⇒ answered NV_ERR_NOT_SUPPORTED (0x56). ⊘ The guest sees only the status; this line is the only place the REASON exists. (printing the first 24; the total rides the refusal census)
kf3: chan token 0x80b (VasKey(13965662590488021072)) DEAD: ring: Read { gp: 1, va: 537673736, why: "0x200c4008+0x8: 0x200c4008 not placed by us (rows=0 below=none above=none)" }
kf3: chan token 0x80b death mirror: own space=0xcafe0015 rows=0 log_epoch=28 last row commits (epoch, lo, hi, ms ago)=[(15, 3fe09000, 3ff2a000, 7ce), (16, 3ff2a000, 3ff2b000, 7ce), (17, 3ff2b000, 3ff9a000, 7ce), (18, 3ff9a000, 3fff1000, 7ce), (19, 20002000, 2024f000, 40e), (1a, 20250000, 20370000, 40e), (1b, 24000000, 265f0000, 40e), (1c, 3fdf0000, 3fff1000, 40e)]; plane's mirror for the key now (same rows, space, rows): Some(Some((true, 3405643797, 0)))
kf3: kernel channel host 0x10038 REFUSED-AND-POISONED (§7)
kf-rm: RPC-REFUSED #5 AllocClassNotPermitted { class: 16428, denial: Refused { name: "NV40_I2C", why: NoPhysicalBoardBus } } ⇒ answered NV_ERR_NOT_SUPPORTED (0x56). ⊘ The guest sees only the status; this line is the only place the REASON exists. (printing the first 24; the total rides the refusal census)
kf-rm: RPC-REFUSED #6 AllocClassNotPermitted { class: 16428, denial: Refused { name: "NV40_I2C", why: NoPhysicalBoardBus } } ⇒ answered NV_ERR_NOT_SUPPORTED (0x56). ⊘ The guest sees only the status; this line is the only place the REASON exists. (printing the first 24; the total rides the refusal census)
kf3: GSP REFUSED fn76/0x2080a088=0x56 (GSP_RM_CONTROL) first_seq=0 — the guest read a non-OK status
kf3: GSP REFUSED fn76/0x00730280=0x56 (GSP_RM_CONTROL) first_seq=0 — the guest read a non-OK status
kf3: family=Ada phase=Running trapped=92262 applied=3432 refused=2 serviced=1662 ram_refused=0 unshadowed_writes=2 read_exits=44811 last_off=0xb81608 mem[inval=4495 walks=4494/4494 cleared=4495 superseded=0 named_missed=20 unreconciled=0 mapped=777 unmapped=502 clipped=0x0 held=0 vmm_overlaps=0 priv_withheld=0 priv_withheld_bytes=0x0 priv_mirrored=36 sked=0/0held carve_gpu=0 carve_kernel=4 carve_cpu=2 fn70=3 roots=16 root_moves=0 stmts=35/35 refused=0 pramin_repoints=38 pramin_miss=0 last_miss=0x0 pramin_worst_us=83 (map 43 mmap 42) pramin_maps=38 pramin_mmaps=38 pramin_kept=0 pramin_kept_now=0 window_advice_refused=0 inline_opens=0 reaped=37 cache_ops=0 sysmembars=5 root_unsets=0] mirrors=3
kf3: kernel channel host 0x10038 REFUSED-AND-POISONED (§7)
kf3: kernel channel host 0x10038 REFUSED-AND-POISONED (§7)
kf-rm: EXPERIMENT software-runlist diagnostic control=0x20801111 params_bytes=40 raw_u32_le=[ff008250,00000000,ff000100,00000000,00006000,00000000,00000001,00000000,00000000,00000000]; observation only
kf-rm: EXPERIMENT software-runlist diagnostic control=0x20801111 params_bytes=40 raw_u32_le=[ff008254,00000000,ff000104,00000000,00006000,00000000,00000001,00000000,00000000,00000000]; observation only
kf3: TSPACE-RETIRE tok=0x80d host=0x1003a key=VasKey(13965662740811876432) ring_va=0xff00a00000 released=true stale_binds=0/0 late=0 indeterminate=0 unresolved[walk=0 acquire=0 refused=0]
kf3: TSPACE-RETIRE tok=0xc host=0x39 key=VasKey(13965662590488021072) ring_va=0xff00c00000 released=true stale_binds=0/0 late=0 indeterminate=0 unresolved[walk=0 acquire=0 refused=0]
kf3: TSPACE-RETIRE tok=0x1805 host=0x30032 key=VasKey(13965662620552792176) ring_va=0xff00300000 released=true stale_binds=0/0 late=0 indeterminate=0 unresolved[walk=0 acquire=0 refused=0]
kf3: TSPACE-RETIRE tok=0x806 host=0x10033 key=VasKey(13965662620552792176) ring_va=0xff00900000 released=true stale_binds=0/0 late=0 indeterminate=0 unresolved[walk=0 acquire=0 refused=0]
kf3: TSPACE-RETIRE tok=0x2007 host=0xc0034 key=VasKey(13965662620552792176) ring_va=0xff00800000 released=true stale_binds=0/0 late=0 indeterminate=0 unresolved[walk=0 acquire=0 refused=0]
kf3: TSPACE-RETIRE tok=0x2008 host=0xc0035 key=VasKey(13965662620552792176) ring_va=0xff00700000 released=true stale_binds=0/0 late=0 indeterminate=0 unresolved[walk=0 acquire=0 refused=0]
kf3: TSPACE-RETIRE tok=0x2809 host=0x50036 key=VasKey(13965662620552792176) ring_va=0xff00600000 released=true stale_binds=0/0 late=0 indeterminate=0 unresolved[walk=0 acquire=0 refused=0]
kf3: TSPACE-RETIRE tok=0x200a host=0xc0037 key=VasKey(13965662620552792176) ring_va=0xff00500000 released=true stale_binds=0/0 late=0 indeterminate=0 unresolved[walk=0 acquire=0 refused=0]
kf3: TSPACE-RETIRE tok=0x80b host=0x10038 key=VasKey(13965662590488021072) ring_va=0xff00400000 released=true stale_binds=0/0 late=0 indeterminate=0 unresolved[walk=0 acquire=0 refused=0]
kf3: TSPACE-RETIRE tok=0x804 host=0x10031 key=VasKey(13965662620552792176) ring_va=0xff00b00000 released=true stale_binds=0/0 late=0 indeterminate=0 unresolved[walk=0 acquire=0 refused=0]
kf3: TSPACE-RETIRE tok=0x802 host=0x1002f key=VasKey(13965662620552792176) ring_va=0xff00200000 released=true stale_binds=0/0 late=0 indeterminate=0 unresolved[walk=0 acquire=0 refused=0]
kf3: TSPACE-RETIRE tok=0x3 host=0x30 key=VasKey(13965662620552792176) ring_va=0xff00100000 released=true stale_binds=0/2 late=0 indeterminate=0 unresolved[walk=0 acquire=0 refused=0]
kf-rm: EXPERIMENT software-runlist diagnostic control=0x20801111 params_bytes=40 raw_u32_le=[ff008250,00000000,ff000100,00000000,00006000,00000000,00000001,00000000,00000000,00000000]; observation only
kf3: TSPACE-RETIRE tok=0x801 host=0x1002e key=VasKey(13970166241671774218) ring_va=0xff00000000 released=true stale_binds=0/6 late=0 indeterminate=0 unresolved[walk=0 acquire=0 refused=0]
kf3: GSP command service REFUSED: QueueNotBound
kf3: GSP command service REFUSED: QueueNotBound
kf3: act birth translated: chan 0xc1e00055:0xbaba0045 BORN Translated: token 0x1 -> host 0x2e in VasKey(13970166412308250690) gpfifo=0x0x32 userd=Some(Framebuffer { base: 4020568064, size: 512 }) engine=0x1 tsg=None kernel_by=PRIVILEGE=KERNEL rm-internal ring_va=0xff00000000 userd_at_birth(GP_PUT,GP_GET)=(Some(0), Some(0)) zeroed=512B gr_tier=true gp_get_by_engine=true sw_subch_inert=true fast=off (5000 us, off the GSP lock)
kf3: TSPACE-RETIRE tok=0x1 host=0x2e key=VasKey(13970166412308250690) ring_va=0xff00000000 released=true stale_binds=0/0 late=0 indeterminate=0 unresolved[walk=0 acquire=0 refused=0]
kf3: act birth translated: chan 0xc1e00056:0x2 BORN Translated: token 0x801 -> host 0x1002e in VasKey(13970166413470466058) gpfifo=0x220064000x4096 userd=Some(Framebuffer { base: 4019388416, size: 512 }) engine=0xb tsg=None kernel_by=PRIVILEGE=KERNEL rm-internal ring_va=0xff00000000 userd_at_birth(GP_PUT,GP_GET)=(Some(2), Some(2)) zeroed=512B gr_tier=false gp_get_by_engine=false sw_subch_inert=true fast=off (2326 us, off the GSP lock)
kf3: chan 0xc1e00056:0x2 GPFIFO_SCHEDULE enable=true (token 0x801, host 0x1002e)
kf3: NSI RELAY host non-stall (FIFO_EVENT_MTHD) -> guest CE2 vector 1: a Translated copy-engine ring retired work after its host fence (relay #10)
kf3: NSI RELAY host non-stall (FIFO_EVENT_MTHD) -> guest CE2 vector 1: a Translated copy-engine ring retired work after its host fence (relay #11)
kf3: act birth translated: chan 0xc1d0005f:0xff040000 BORN Translated: token 0x802 -> host 0x1002f in VasKey(13965662792351484016) gpfifo=0x12024b000x16384 userd=Some(Sysmem { base: 9555587072, size: 512 }) engine=0xb tsg=Some(ff0e0000) kernel_by=PRIVILEGE=KERNEL ring_va=0xff00100000 userd_at_birth(GP_PUT,GP_GET)=(Some(0), Some(0)) zeroed=512B gr_tier=false gp_get_by_engine=false sw_subch_inert=true fast=off (2176 us, off the GSP lock)
kf3: chan 0xc1d0005f:0xff0e0000 GPFIFO_SCHEDULE enable=true (token 0x802, host 0x1002f)
kf3: act birth translated: chan 0xc1d00061:0xff040001 BORN Translated: token 0x3 -> host 0x30 in VasKey(13965662792351484016) gpfifo=0x120276000x8192 userd=Some(Sysmem { base: 9555587584, size: 512 }) engine=0x1 tsg=Some(ff0e0000) kernel_by=PRIVILEGE=KERNEL ring_va=0xff00200000 userd_at_birth(GP_PUT,GP_GET)=(Some(0), Some(0)) zeroed=512B gr_tier=true gp_get_by_engine=true sw_subch_inert=true fast=off (4777 us, off the GSP lock)
kf3: chan 0xc1d00061:0xff0e0000 GPFIFO_SCHEDULE enable=true (token 0x3, host 0x30)
kf3: act birth translated: chan 0xc1d00062:0xff040002 BORN Translated: token 0x804 -> host 0x10031 in VasKey(13965662792351484016) gpfifo=0x1204f0000x16384 userd=Some(Sysmem { base: 9555588096, size: 512 }) engine=0xb tsg=None kernel_by=PRIVILEGE=KERNEL ring_va=0xff00b00000 userd_at_birth(GP_PUT,GP_GET)=(Some(0), Some(0)) zeroed=512B gr_tier=false gp_get_by_engine=false sw_subch_inert=true fast=off (2198 us, off the GSP lock)
kf3: chan 0xc1d00062:0xff040002 GPFIFO_SCHEDULE enable=true (token 0x804, host 0x10031)
kf3: act birth translated: chan 0xc1d00064:0xff040003 BORN Translated: token 0x1805 -> host 0x30032 in VasKey(13965662792351484016) gpfifo=0x1203c6000x2048 userd=Some(Sysmem { base: 9555588608, size: 512 }) engine=0x13 tsg=None kernel_by=PRIVILEGE=KERNEL ring_va=0xff00400000 userd_at_birth(GP_PUT,GP_GET)=(Some(0), Some(0)) zeroed=512B gr_tier=false gp_get_by_engine=false sw_subch_inert=true fast=off (2335 us, off the GSP lock)
kf3: chan 0xc1d00064:0xff040003 GPFIFO_SCHEDULE enable=true (token 0x1805, host 0x30032)
kf3: act birth translated: chan 0xc1d00065:0xff040004 BORN Translated: token 0x806 -> host 0x10033 in VasKey(13965662792351484016) gpfifo=0x12051b000x2048 userd=Some(Sysmem { base: 9555589120, size: 512 }) engine=0xb tsg=Some(ff0e0000) kernel_by=PRIVILEGE=KERNEL ring_va=0xff00500000 userd_at_birth(GP_PUT,GP_GET)=(Some(0), Some(0)) zeroed=512B gr_tier=false gp_get_by_engine=false sw_subch_inert=true fast=off (2047 us, off the GSP lock)
kf3: chan 0xc1d00065:0xff0e0000 GPFIFO_SCHEDULE enable=true (token 0x806, host 0x10033)
kf3: act birth translated: chan 0xc1d00066:0xff040005 BORN Translated: token 0x2007 -> host 0xc0034 in VasKey(13965662792351484016) gpfifo=0x120522000x2048 userd=Some(Sysmem { base: 9555589632, size: 512 }) engine=0x1c tsg=None kernel_by=PRIVILEGE=KERNEL ring_va=0xff00600000 userd_at_birth(GP_PUT,GP_GET)=(Some(0), Some(0)) zeroed=512B gr_tier=false gp_get_by_engine=false sw_subch_inert=true fast=off (2449 us, off the GSP lock)
kf3: chan 0xc1d00066:0xff040005 GPFIFO_SCHEDULE enable=true (token 0x2007, host 0xc0034)
kf3: act birth translated: chan 0xc1d00067:0xff040006 BORN Translated: token 0x2008 -> host 0xc0035 in VasKey(13965662792351484016) gpfifo=0x120529000x2048 userd=Some(Sysmem { base: 9555590144, size: 512 }) engine=0x1c tsg=None kernel_by=PRIVILEGE=KERNEL ring_va=0xff00700000 userd_at_birth(GP_PUT,GP_GET)=(Some(0), Some(0)) zeroed=512B gr_tier=false gp_get_by_engine=false sw_subch_inert=true fast=off (2399 us, off the GSP lock)
kf3: chan 0xc1d00067:0xff040006 GPFIFO_SCHEDULE enable=true (token 0x2008, host 0xc0035)
kf3: act birth translated: chan 0xc1d00068:0xff040007 BORN Translated: token 0x2809 -> host 0x50036 in VasKey(13965662792351484016) gpfifo=0x120530000x2048 userd=Some(Sysmem { base: 9555590656, size: 512 }) engine=0x33 tsg=None kernel_by=PRIVILEGE=KERNEL ring_va=0xff00800000 userd_at_birth(GP_PUT,GP_GET)=(Some(0), Some(0)) zeroed=512B gr_tier=false gp_get_by_engine=false sw_subch_inert=true fast=off (2281 us, off the GSP lock)
kf3: chan 0xc1d00068:0xff040007 GPFIFO_SCHEDULE enable=true (token 0x2809, host 0x50036)
kf3: act birth translated: chan 0xc1d00069:0xff040008 BORN Translated: token 0x200a -> host 0xc0037 in VasKey(13965662792351484016) gpfifo=0x120538000x2048 userd=Some(Sysmem { base: 9554272256, size: 512 }) engine=0x1c tsg=None kernel_by=PRIVILEGE=KERNEL ring_va=0xff00900000 userd_at_birth(GP_PUT,GP_GET)=(Some(0), Some(0)) zeroed=512B gr_tier=false gp_get_by_engine=false sw_subch_inert=true fast=off (2280 us, off the GSP lock)
kf3: chan 0xc1d00069:0xff040008 GPFIFO_SCHEDULE enable=true (token 0x200a, host 0xc0037)
kf3: NSI RELAY host non-stall (FIFO_EVENT_MTHD) -> guest CE2 vector 1: a Translated copy-engine ring retired work after its host fence (relay #12)
kf3: NSI RELAY host non-stall (FIFO_EVENT_MTHD) -> guest GR0 vector 0: a Translated GR-tier ring retired engine-written work (rings=1, relay #3)
kf3: act birth translated: chan 0xc1d0006a:0xff040009 BORN Translated: token 0x80b -> host 0x10038 in VasKey(13965662590488021072) gpfifo=0x200c4000x16384 userd=Some(Sysmem { base: 9554010112, size: 512 }) engine=0xb tsg=Some(ff0e0000) kernel_by=PRIVILEGE=KERNEL ring_va=0xff00300000 userd_at_birth(GP_PUT,GP_GET)=(Some(0), Some(0)) zeroed=512B gr_tier=false gp_get_by_engine=false sw_subch_inert=true fast=off (2143 us, off the GSP lock)
kf3: chan 0xc1d0006a:0xff0e0000 GPFIFO_SCHEDULE enable=true (token 0x80b, host 0x10038)
kf3: NSI RELAY host non-stall (FIFO_EVENT_MTHD) -> guest CE2 vector 1: a Translated copy-engine ring retired work after its host fence (relay #13)
kf3: act birth translated: chan 0xc1d0006b:0xff04000a BORN Translated: token 0xc -> host 0x39 in VasKey(13965662590488021072) gpfifo=0x200ef000x16384 userd=Some(Sysmem { base: 9554010624, size: 512 }) engine=0x1 tsg=Some(ff0e0000) kernel_by=PRIVILEGE=KERNEL ring_va=0xff00c00000 userd_at_birth(GP_PUT,GP_GET)=(Some(0), Some(0)) zeroed=512B gr_tier=true gp_get_by_engine=true sw_subch_inert=true fast=off (4750 us, off the GSP lock)
kf3: act birth translated: chan 0xc1d0006f:0xff04000b BORN Translated: token 0x80d -> host 0x1003a in VasKey(13965662916905535568) gpfifo=0x1200c4000x4096 userd=Some(Sysmem { base: 9553743872, size: 512 }) engine=0xb tsg=None kernel_by=PRIVILEGE=KERNEL ring_va=0xff00a00000 userd_at_birth(GP_PUT,GP_GET)=(Some(0), Some(0)) zeroed=512B gr_tier=false gp_get_by_engine=false sw_subch_inert=true fast=off (2236 us, off the GSP lock)
kf3: chan 0xc1d0006f:0xff04000b GPFIFO_SCHEDULE enable=true (token 0x80d, host 0x1003a)
kf3: chan token 0x80b (VasKey(13965662590488021072)) DEAD: ring: Read { gp: 1, va: 537673736, why: "0x200c4008+0x8: 0x200c4008 not placed by us (rows=0 below=none above=none)" }
kf3: chan token 0x80b death mirror: own space=0xcafe00d0 rows=0 log_epoch=27 last row commits (epoch, lo, hi, ms ago)=[(14, 3fdf0000, 3fdf1000, 34c), (15, 3fdf1000, 3feeb000, 34b), (16, 3feeb000, 3feec000, 34b), (17, 3feec000, 3fff1000, 34b), (18, 20002000, 2024f000, 3), (19, 20250000, 20370000, 2), (1a, 24000000, 265f0000, 2), (1b, 3fdf0000, 3fff1000, 2)]; plane's mirror for the key now (same rows, space, rows): Some(Some((true, 3405643984, 0)))
kf3: kernel channel host 0x10038 REFUSED-AND-POISONED (§7)
kf3: kernel channel host 0x10038 REFUSED-AND-POISONED (§7)
kf3: kernel channel host 0x10038 REFUSED-AND-POISONED (§7)
kf3: family=Ada phase=Running trapped=140914 applied=5329 refused=7 serviced=2616 ram_refused=0 unshadowed_writes=2 read_exits=44811 last_off=0xb81608 mem[inval=6813 walks=6804/6804 cleared=6813 superseded=0 named_missed=40 unreconciled=0 mapped=1191 unmapped=890 clipped=0x0 held=0 vmm_overlaps=0 priv_withheld=0 priv_withheld_bytes=0x0 priv_mirrored=54 sked=0/0held carve_gpu=0 carve_kernel=6 carve_cpu=3 fn70=5 roots=26 root_moves=0 stmts=59/59 refused=0 pramin_repoints=58 pramin_miss=0 last_miss=0x0 pramin_worst_us=85 (map 43 mmap 42) pramin_maps=58 pramin_mmaps=58 pramin_kept=0 pramin_kept_now=0 window_advice_refused=0 inline_opens=0 reaped=57 cache_ops=0 sysmembars=8 root_unsets=0] mirrors
kf3: family=Ada phase=Running trapped=140940 applied=5330 refused=7 serviced=2617 ram_refused=0 unshadowed_writes=2 read_exits=44811 last_off=0xb81608 mem[inval=6813 walks=6804/6804 cleared=6813 superseded=0 named_missed=40 unreconciled=0 mapped=1191 unmapped=890 clipped=0x0 held=0 vmm_overlaps=0 priv_withheld=0 priv_withheld_bytes=0x0 priv_mirrored=54 sked=0/0held carve_gpu=0 carve_kernel=6 carve_cpu=3 fn70=5 roots=26 root_moves=0 stmts=59/59 refused=0 pramin_repoints=58 pramin_miss=0 last_miss=0x0 pramin_worst_us=85 (map 43 mmap 42) pramin_maps=58 pramin_mmaps=58 pramin_kept=0 pramin_kept_now=0 window_advice_refused=0 inline_opens=0 reaped=57 cache_ops=0 sysmembars=8 root_unsets=0] mirrors
kf3: family=Ada phase=Running trapped=140952 applied=5330 refused=7 serviced=2617 ram_refused=0 unshadowed_writes=2 read_exits=44811 last_off=0xb81608 mem[inval=6813 walks=6804/6804 cleared=6813 superseded=0 named_missed=40 unreconciled=0 mapped=1191 unmapped=890 clipped=0x0 held=0 vmm_overlaps=0 priv_withheld=0 priv_withheld_bytes=0x0 priv_mirrored=54 sked=0/0held carve_gpu=0 carve_kernel=6 carve_cpu=3 fn70=5 roots=26 root_moves=0 stmts=59/59 refused=0 pramin_repoints=58 pramin_miss=0 last_miss=0x0 pramin_worst_us=85 (map 43 mmap 42) pramin_maps=58 pramin_mmaps=58 pramin_kept=0 pramin_kept_now=0 window_advice_refused=0 inline_opens=0 reaped=57 cache_ops=0 sysmembars=8 root_unsets=0] mirrors
kf3: family=Ada phase=Running trapped=140978 applied=5331 refused=7 serviced=2618 ram_refused=0 unshadowed_writes=2 read_exits=44811 last_off=0xb81608 mem[inval=6813 walks=6804/6804 cleared=6813 superseded=0 named_missed=40 unreconciled=0 mapped=1191 unmapped=890 clipped=0x0 held=0 vmm_overlaps=0 priv_withheld=0 priv_withheld_bytes=0x0 priv_mirrored=54 sked=0/0held carve_gpu=0 carve_kernel=6 carve_cpu=3 fn70=5 roots=26 root_moves=0 stmts=59/59 refused=0 pramin_repoints=58 pramin_miss=0 last_miss=0x0 pramin_worst_us=85 (map 43 mmap 42) pramin_maps=58 pramin_mmaps=58 pramin_kept=0 pramin_kept_now=0 window_advice_refused=0 inline_opens=0 reaped=57 cache_ops=0 sysmembars=8 root_unsets=0] mirrors
kf3: family=Ada phase=Running trapped=141004 applied=5332 refused=7 serviced=2619 ram_refused=0 unshadowed_writes=2 read_exits=44811 last_off=0xb81608 mem[inval=6813 walks=6804/6804 cleared=6813 superseded=0 named_missed=40 unreconciled=0 mapped=1191 unmapped=890 clipped=0x0 held=0 vmm_overlaps=0 priv_withheld=0 priv_withheld_bytes=0x0 priv_mirrored=54 sked=0/0held carve_gpu=0 carve_kernel=6 carve_cpu=3 fn70=5 roots=26 root_moves=0 stmts=59/59 refused=0 pramin_repoints=58 pramin_miss=0 last_miss=0x0 pramin_worst_us=85 (map 43 mmap 42) pramin_maps=58 pramin_mmaps=58 pramin_kept=0 pramin_kept_now=0 window_advice_refused=0 inline_opens=0 reaped=57 cache_ops=0 sysmembars=8 root_unsets=0] mirrors
kf3: family=Ada phase=Running trapped=141016 applied=5332 refused=7 serviced=2619 ram_refused=0 unshadowed_writes=2 read_exits=44811 last_off=0xb81608 mem[inval=6813 walks=6804/6804 cleared=6813 superseded=0 named_missed=40 unreconciled=0 mapped=1191 unmapped=890 clipped=0x0 held=0 vmm_overlaps=0 priv_withheld=0 priv_withheld_bytes=0x0 priv_mirrored=54 sked=0/0held carve_gpu=0 carve_kernel=6 carve_cpu=3 fn70=5 roots=26 root_moves=0 stmts=59/59 refused=0 pramin_repoints=58 pramin_miss=0 last_miss=0x0 pramin_worst_us=85 (map 43 mmap 42) pramin_maps=58 pramin_mmaps=58 pramin_kept=0 pramin_kept_now=0 window_advice_refused=0 inline_opens=0 reaped=57 cache_ops=0 sysmembars=8 root_unsets=0] mirrors
kf3: family=Ada phase=Running trapped=141028 applied=5332 refused=7 serviced=2619 ram_refused=0 unshadowed_writes=2 read_exits=44811 last_off=0xb81608 mem[inval=6813 walks=6804/6804 cleared=6813 superseded=0 named_missed=40 unreconciled=0 mapped=1191 unmapped=890 clipped=0x0 held=0 vmm_overlaps=0 priv_withheld=0 priv_withheld_bytes=0x0 priv_mirrored=54 sked=0/0held carve_gpu=0 carve_kernel=6 carve_cpu=3 fn70=5 roots=26 root_moves=0 stmts=59/59 refused=0 pramin_repoints=58 pramin_miss=0 last_miss=0x0 pramin_worst_us=85 (map 43 mmap 42) pramin_maps=58 pramin_mmaps=58 pramin_kept=0 pramin_kept_now=0 window_advice_refused=0 inline_opens=0 reaped=57 cache_ops=0 sysmembars=8 root_unsets=0] mirrors
kf3: family=Ada phase=Running trapped=141040 applied=5332 refused=7 serviced=2619 ram_refused=0 unshadowed_writes=2 read_exits=44811 last_off=0xb81608 mem[inval=6813 walks=6804/6804 cleared=6813 superseded=0 named_missed=40 unreconciled=0 mapped=1191 unmapped=890 clipped=0x0 held=0 vmm_overlaps=0 priv_withheld=0 priv_withheld_bytes=0x0 priv_mirrored=54 sked=0/0held carve_gpu=0 carve_kernel=6 carve_cpu=3 fn70=5 roots=26 root_moves=0 stmts=59/59 refused=0 pramin_repoints=58 pramin_miss=0 last_miss=0x0 pramin_worst_us=85 (map 43 mmap 42) pramin_maps=58 pramin_mmaps=58 pramin_kept=0 pramin_kept_now=0 window_advice_refused=0 inline_opens=0 reaped=57 cache_ops=0 sysmembars=8 root_unsets=0] mirrors
kf3: family=Ada phase=Running trapped=141052 applied=5332 refused=7 serviced=2619 ram_refused=0 unshadowed_writes=2 read_exits=44811 last_off=0xb81608 mem[inval=6813 walks=6804/6804 cleared=6813 superseded=0 named_missed=40 unreconciled=0 mapped=1191 unmapped=890 clipped=0x0 held=0 vmm_overlaps=0 priv_withheld=0 priv_withheld_bytes=0x0 priv_mirrored=54 sked=0/0held carve_gpu=0 carve_kernel=6 carve_cpu=3 fn70=5 roots=26 root_moves=0 stmts=59/59 refused=0 pramin_repoints=58 pramin_miss=0 last_miss=0x0 pramin_worst_us=85 (map 43 mmap 42) pramin_maps=58 pramin_mmaps=58 pramin_kept=0 pramin_kept_now=0 window_advice_refused=0 inline_opens=0 reaped=57 cache_ops=0 sysmembars=8 root_unsets=0] mirrors
kf3: family=Ada phase=Running trapped=141064 applied=5332 refused=7 serviced=2619 ram_refused=0 unshadowed_writes=2 read_exits=44811 last_off=0xb81608 mem[inval=6813 walks=6804/6804 cleared=6813 superseded=0 named_missed=40 unreconciled=0 mapped=1191 unmapped=890 clipped=0x0 held=0 vmm_overlaps=0 priv_withheld=0 priv_withheld_bytes=0x0 priv_mirrored=54 sked=0/0held carve_gpu=0 carve_kernel=6 carve_cpu=3 fn70=5 roots=26 root_moves=0 stmts=59/59 refused=0 pramin_repoints=58 pramin_miss=0 last_miss=0x0 pramin_worst_us=85 (map 43 mmap 42) pramin_maps=58 pramin_mmaps=58 pramin_kept=0 pramin_kept_now=0 window_advice_refused=0 inline_opens=0 reaped=57 cache_ops=0 sysmembars=8 root_unsets=0] mirrors
kf3: family=Ada phase=Running trapped=141076 applied=5332 refused=7 serviced=2619 ram_refused=0 unshadowed_writes=2 read_exits=44811 last_off=0xb81608 mem[inval=6813 walks=6804/6804 cleared=6813 superseded=0 named_missed=40 unreconciled=0 mapped=1191 unmapped=890 clipped=0x0 held=0 vmm_overlaps=0 priv_withheld=0 priv_withheld_bytes=0x0 priv_mirrored=54 sked=0/0held carve_gpu=0 carve_kernel=6 carve_cpu=3 fn70=5 roots=26 root_moves=0 stmts=59/59 refused=0 pramin_repoints=58 pramin_miss=0 last_miss=0x0 pramin_worst_us=85 (map 43 mmap 42) pramin_maps=58 pramin_mmaps=58 pramin_kept=0 pramin_kept_now=0 window_advice_refused=0 inline_opens=0 reaped=57 cache_ops=0 sysmembars=8 root_unsets=0] mirrors
kf3: family=Ada phase=Running trapped=141088 applied=5332 refused=7 serviced=2619 ram_refused=0 unshadowed_writes=2 read_exits=44811 last_off=0xb81608 mem[inval=6813 walks=6804/6804 cleared=6813 superseded=0 named_missed=40 unreconciled=0 mapped=1191 unmapped=890 clipped=0x0 held=0 vmm_overlaps=0 priv_withheld=0 priv_withheld_bytes=0x0 priv_mirrored=54 sked=0/0held carve_gpu=0 carve_kernel=6 carve_cpu=3 fn70=5 roots=26 root_moves=0 stmts=59/59 refused=0 pramin_repoints=58 pramin_miss=0 last_miss=0x0 pramin_worst_us=85 (map 43 mmap 42) pramin_maps=58 pramin_mmaps=58 pramin_kept=0 pramin_kept_now=0 window_advice_refused=0 inline_opens=0 reaped=57 cache_ops=0 sysmembars=8 root_unsets=0] mirrors
kf3: family=Ada phase=Running trapped=141100 applied=5332 refused=7 serviced=2619 ram_refused=0 unshadowed_writes=2 read_exits=44811 last_off=0xb81608 mem[inval=6813 walks=6804/6804 cleared=6813 superseded=0 named_missed=40 unreconciled=0 mapped=1191 unmapped=890 clipped=0x0 held=0 vmm_overlaps=0 priv_withheld=0 priv_withheld_bytes=0x0 priv_mirrored=54 sked=0/0held carve_gpu=0 carve_kernel=6 carve_cpu=3 fn70=5 roots=26 root_moves=0 stmts=59/59 refused=0 pramin_repoints=58 pramin_miss=0 last_miss=0x0 pramin_worst_us=85 (map 43 mmap 42) pramin_maps=58 pramin_mmaps=58 pramin_kept=0 pramin_kept_now=0 window_advice_refused=0 inline_opens=0 reaped=57 cache_ops=0 sysmembars=8 root_unsets=0] mirrors
kf3: family=Ada phase=Running trapped=141126 applied=5333 refused=7 serviced=2620 ram_refused=0 unshadowed_writes=2 read_exits=44811 last_off=0xb81608 mem[inval=6813 walks=6804/6804 cleared=6813 superseded=0 named_missed=40 unreconciled=0 mapped=1191 unmapped=890 clipped=0x0 held=0 vmm_overlaps=0 priv_withheld=0 priv_withheld_bytes=0x0 priv_mirrored=54 sked=0/0held carve_gpu=0 carve_kernel=6 carve_cpu=3 fn70=5 roots=26 root_moves=0 stmts=59/59 refused=0 pramin_repoints=58 pramin_miss=0 last_miss=0x0 pramin_worst_us=85 (map 43 mmap 42) pramin_maps=58 pramin_mmaps=58 pramin_kept=0 pramin_kept_now=0 window_advice_refused=0 inline_opens=0 reaped=57 cache_ops=0 sysmembars=8 root_unsets=0] mirrors
kf3: family=Ada phase=Running trapped=141138 applied=5333 refused=7 serviced=2620 ram_refused=0 unshadowed_writes=2 read_exits=44811 last_off=0xb81608 mem[inval=6813 walks=6804/6804 cleared=6813 superseded=0 named_missed=40 unreconciled=0 mapped=1191 unmapped=890 clipped=0x0 held=0 vmm_overlaps=0 priv_withheld=0 priv_withheld_bytes=0x0 priv_mirrored=54 sked=0/0held carve_gpu=0 carve_kernel=6 carve_cpu=3 fn70=5 roots=26 root_moves=0 stmts=59/59 refused=0 pramin_repoints=58 pramin_miss=0 last_miss=0x0 pramin_worst_us=85 (map 43 mmap 42) pramin_maps=58 pramin_mmaps=58 pramin_kept=0 pramin_kept_now=0 window_advice_refused=0 inline_opens=0 reaped=57 cache_ops=0 sysmembars=8 root_unsets=0] mirrors
kf3: family=Ada phase=Running trapped=141164 applied=5334 refused=7 serviced=2621 ram_refused=0 unshadowed_writes=2 read_exits=44811 last_off=0xb81608 mem[inval=6813 walks=6804/6804 cleared=6813 superseded=0 named_missed=40 unreconciled=0 mapped=1191 unmapped=890 clipped=0x0 held=0 vmm_overlaps=0 priv_withheld=0 priv_withheld_bytes=0x0 priv_mirrored=54 sked=0/0held carve_gpu=0 carve_kernel=6 carve_cpu=3 fn70=5 roots=26 root_moves=0 stmts=59/59 refused=0 pramin_repoints=58 pramin_miss=0 last_miss=0x0 pramin_worst_us=85 (map 43 mmap 42) pramin_maps=58 pramin_mmaps=58 pramin_kept=0 pramin_kept_now=0 window_advice_refused=0 inline_opens=0 reaped=57 cache_ops=0 sysmembars=8 root_unsets=0] mirrors
kf3: family=Ada phase=Running trapped=141176 applied=5334 refused=7 serviced=2621 ram_refused=0 unshadowed_writes=2 read_exits=44811 last_off=0xb81608 mem[inval=6813 walks=6804/6804 cleared=6813 superseded=0 named_missed=40 unreconciled=0 mapped=1191 unmapped=890 clipped=0x0 held=0 vmm_overlaps=0 priv_withheld=0 priv_withheld_bytes=0x0 priv_mirrored=54 sked=0/0held carve_gpu=0 carve_kernel=6 carve_cpu=3 fn70=5 roots=26 root_moves=0 stmts=59/59 refused=0 pramin_repoints=58 pramin_miss=0 last_miss=0x0 pramin_worst_us=85 (map 43 mmap 42) pramin_maps=58 pramin_mmaps=58 pramin_kept=0 pramin_kept_now=0 window_advice_refused=0 inline_opens=0 reaped=57 cache_ops=0 sysmembars=8 root_unsets=0] mirrors
kf3: family=Ada phase=Running trapped=141202 applied=5335 refused=7 serviced=2622 ram_refused=0 unshadowed_writes=2 read_exits=44811 last_off=0xb81608 mem[inval=6813 walks=6804/6804 cleared=6813 superseded=0 named_missed=40 unreconciled=0 mapped=1191 unmapped=890 clipped=0x0 held=0 vmm_overlaps=0 priv_withheld=0 priv_withheld_bytes=0x0 priv_mirrored=54 sked=0/0held carve_gpu=0 carve_kernel=6 carve_cpu=3 fn70=5 roots=26 root_moves=0 stmts=59/59 refused=0 pramin_repoints=58 pramin_miss=0 last_miss=0x0 pramin_worst_us=85 (map 43 mmap 42) pramin_maps=58 pramin_mmaps=58 pramin_kept=0 pramin_kept_now=0 window_advice_refused=0 inline_opens=0 reaped=57 cache_ops=0 sysmembars=8 root_unsets=0] mirrors
kf3: family=Ada phase=Running trapped=141228 applied=5336 refused=7 serviced=2623 ram_refused=0 unshadowed_writes=2 read_exits=44811 last_off=0xb81608 mem[inval=6813 walks=6804/6804 cleared=6813 superseded=0 named_missed=40 unreconciled=0 mapped=1191 unmapped=890 clipped=0x0 held=0 vmm_overlaps=0 priv_withheld=0 priv_withheld_bytes=0x0 priv_mirrored=54 sked=0/0held carve_gpu=0 carve_kernel=6 carve_cpu=3 fn70=5 roots=26 root_moves=0 stmts=59/59 refused=0 pramin_repoints=58 pramin_miss=0 last_miss=0x0 pramin_worst_us=85 (map 43 mmap 42) pramin_maps=58 pramin_mmaps=58 pramin_kept=0 pramin_kept_now=0 window_advice_refused=0 inline_opens=0 reaped=57 cache_ops=0 sysmembars=8 root_unsets=0] mirrors
kf3: family=Ada phase=Running trapped=141240 applied=5336 refused=7 serviced=2623 ram_refused=0 unshadowed_writes=2 read_exits=44811 last_off=0xb81608 mem[inval=6813 walks=6804/6804 cleared=6813 superseded=0 named_missed=40 unreconciled=0 mapped=1191 unmapped=890 clipped=0x0 held=0 vmm_overlaps=0 priv_withheld=0 priv_withheld_bytes=0x0 priv_mirrored=54 sked=0/0held carve_gpu=0 carve_kernel=6 carve_cpu=3 fn70=5 roots=26 root_moves=0 stmts=59/59 refused=0 pramin_repoints=58 pramin_miss=0 last_miss=0x0 pramin_worst_us=85 (map 43 mmap 42) pramin_maps=58 pramin_mmaps=58 pramin_kept=0 pramin_kept_now=0 window_advice_refused=0 inline_opens=0 reaped=57 cache_ops=0 sysmembars=8 root_unsets=0] mirrors
kf3: family=Ada phase=Running trapped=141266 applied=5337 refused=7 serviced=2624 ram_refused=0 unshadowed_writes=2 read_exits=44811 last_off=0xb81608 mem[inval=6813 walks=6804/6804 cleared=6813 superseded=0 named_missed=40 unreconciled=0 mapped=1191 unmapped=890 clipped=0x0 held=0 vmm_overlaps=0 priv_withheld=0 priv_withheld_bytes=0x0 priv_mirrored=54 sked=0/0held carve_gpu=0 carve_kernel=6 carve_cpu=3 fn70=5 roots=26 root_moves=0 stmts=59/59 refused=0 pramin_repoints=58 pramin_miss=0 last_miss=0x0 pramin_worst_us=85 (map 43 mmap 42) pramin_maps=58 pramin_mmaps=58 pramin_kept=0 pramin_kept_now=0 window_advice_refused=0 inline_opens=0 reaped=57 cache_ops=0 sysmembars=8 root_unsets=0] mirrors
kf3: family=Ada phase=Running trapped=141292 applied=5338 refused=7 serviced=2625 ram_refused=0 unshadowed_writes=2 read_exits=44811 last_off=0xb81608 mem[inval=6813 walks=6804/6804 cleared=6813 superseded=0 named_missed=40 unreconciled=0 mapped=1191 unmapped=890 clipped=0x0 held=0 vmm_overlaps=0 priv_withheld=0 priv_withheld_bytes=0x0 priv_mirrored=54 sked=0/0held carve_gpu=0 carve_kernel=6 carve_cpu=3 fn70=5 roots=26 root_moves=0 stmts=59/59 refused=0 pramin_repoints=58 pramin_miss=0 last_miss=0x0 pramin_worst_us=85 (map 43 mmap 42) pramin_maps=58 pramin_mmaps=58 pramin_kept=0 pramin_kept_now=0 window_advice_refused=0 inline_opens=0 reaped=57 cache_ops=0 sysmembars=8 root_unsets=0] mirrors
kf3: family=Ada phase=Running trapped=141304 applied=5338 refused=7 serviced=2625 ram_refused=0 unshadowed_writes=2 read_exits=44811 last_off=0xb81608 mem[inval=6813 walks=6804/6804 cleared=6813 superseded=0 named_missed=40 unreconciled=0 mapped=1191 unmapped=890 clipped=0x0 held=0 vmm_overlaps=0 priv_withheld=0 priv_withheld_bytes=0x0 priv_mirrored=54 sked=0/0held carve_gpu=0 carve_kernel=6 carve_cpu=3 fn70=5 roots=26 root_moves=0 stmts=59/59 refused=0 pramin_repoints=58 pramin_miss=0 last_miss=0x0 pramin_worst_us=85 (map 43 mmap 42) pramin_maps=58 pramin_mmaps=58 pramin_kept=0 pramin_kept_now=0 window_advice_refused=0 inline_opens=0 reaped=57 cache_ops=0 sysmembars=8 root_unsets=0] mirrors
kf3: family=Ada phase=Running trapped=141330 applied=5339 refused=7 serviced=2626 ram_refused=0 unshadowed_writes=2 read_exits=44811 last_off=0xb81608 mem[inval=6813 walks=6804/6804 cleared=6813 superseded=0 named_missed=40 unreconciled=0 mapped=1191 unmapped=890 clipped=0x0 held=0 vmm_overlaps=0 priv_withheld=0 priv_withheld_bytes=0x0 priv_mirrored=54 sked=0/0held carve_gpu=0 carve_kernel=6 carve_cpu=3 fn70=5 roots=26 root_moves=0 stmts=59/59 refused=0 pramin_repoints=58 pramin_miss=0 last_miss=0x0 pramin_worst_us=85 (map 43 mmap 42) pramin_maps=58 pramin_mmaps=58 pramin_kept=0 pramin_kept_now=0 window_advice_refused=0 inline_opens=0 reaped=57 cache_ops=0 sysmembars=8 root_unsets=0] mirrors
kf3: family=Ada phase=Running trapped=141356 applied=5340 refused=7 serviced=2627 ram_refused=0 unshadowed_writes=2 read_exits=44811 last_off=0xb81608 mem[inval=6813 walks=6804/6804 cleared=6813 superseded=0 named_missed=40 unreconciled=0 mapped=1191 unmapped=890 clipped=0x0 held=0 vmm_overlaps=0 priv_withheld=0 priv_withheld_bytes=0x0 priv_mirrored=54 sked=0/0held carve_gpu=0 carve_kernel=6 carve_cpu=3 fn70=5 roots=26 root_moves=0 stmts=59/59 refused=0 pramin_repoints=58 pramin_miss=0 last_miss=0x0 pramin_worst_us=85 (map 43 mmap 42) pramin_maps=58 pramin_mmaps=58 pramin_kept=0 pramin_kept_now=0 window_advice_refused=0 inline_opens=0 reaped=57 cache_ops=0 sysmembars=8 root_unsets=0] mirrors
kf3: family=Ada phase=Running trapped=141368 applied=5340 refused=7 serviced=2627 ram_refused=0 unshadowed_writes=2 read_exits=44811 last_off=0xb81608 mem[inval=6813 walks=6804/6804 cleared=6813 superseded=0 named_missed=40 unreconciled=0 mapped=1191 unmapped=890 clipped=0x0 held=0 vmm_overlaps=0 priv_withheld=0 priv_withheld_bytes=0x0 priv_mirrored=54 sked=0/0held carve_gpu=0 carve_kernel=6 carve_cpu=3 fn70=5 roots=26 root_moves=0 stmts=59/59 refused=0 pramin_repoints=58 pramin_miss=0 last_miss=0x0 pramin_worst_us=85 (map 43 mmap 42) pramin_maps=58 pramin_mmaps=58 pramin_kept=0 pramin_kept_now=0 window_advice_refused=0 inline_opens=0 reaped=57 cache_ops=0 sysmembars=8 root_unsets=0] mirrors
kf3: family=Ada phase=Running trapped=141394 applied=5341 refused=7 serviced=2628 ram_refused=0 unshadowed_writes=2 read_exits=44811 last_off=0xb81608 mem[inval=6813 walks=6804/6804 cleared=6813 superseded=0 named_missed=40 unreconciled=0 mapped=1191 unmapped=890 clipped=0x0 held=0 vmm_overlaps=0 priv_withheld=0 priv_withheld_bytes=0x0 priv_mirrored=54 sked=0/0held carve_gpu=0 carve_kernel=6 carve_cpu=3 fn70=5 roots=26 root_moves=0 stmts=59/59 refused=0 pramin_repoints=58 pramin_miss=0 last_miss=0x0 pramin_worst_us=85 (map 43 mmap 42) pramin_maps=58 pramin_mmaps=58 pramin_kept=0 pramin_kept_now=0 window_advice_refused=0 inline_opens=0 reaped=57 cache_ops=0 sysmembars=8 root_unsets=0] mirrors
kf3: family=Ada phase=Running trapped=141420 applied=5342 refused=7 serviced=2629 ram_refused=0 unshadowed_writes=2 read_exits=44811 last_off=0xb81608 mem[inval=6813 walks=6804/6804 cleared=6813 superseded=0 named_missed=40 unreconciled=0 mapped=1191 unmapped=890 clipped=0x0 held=0 vmm_overlaps=0 priv_withheld=0 priv_withheld_bytes=0x0 priv_mirrored=54 sked=0/0held carve_gpu=0 carve_kernel=6 carve_cpu=3 fn70=5 roots=26 root_moves=0 stmts=59/59 refused=0 pramin_repoints=58 pramin_miss=0 last_miss=0x0 pramin_worst_us=85 (map 43 mmap 42) pramin_maps=58 pramin_mmaps=58 pramin_kept=0 pramin_kept_now=0 window_advice_refused=0 inline_opens=0 reaped=57 cache_ops=0 sysmembars=8 root_unsets=0] mirrors
kf3: family=Ada phase=Running trapped=141432 applied=5342 refused=7 serviced=2629 ram_refused=0 unshadowed_writes=2 read_exits=44811 last_off=0xb81608 mem[inval=6813 walks=6804/6804 cleared=6813 superseded=0 named_missed=40 unreconciled=0 mapped=1191 unmapped=890 clipped=0x0 held=0 vmm_overlaps=0 priv_withheld=0 priv_withheld_bytes=0x0 priv_mirrored=54 sked=0/0held carve_gpu=0 carve_kernel=6 carve_cpu=3 fn70=5 roots=26 root_moves=0 stmts=59/59 refused=0 pramin_repoints=58 pramin_miss=0 last_miss=0x0 pramin_worst_us=85 (map 43 mmap 42) pramin_maps=58 pramin_mmaps=58 pramin_kept=0 pramin_kept_now=0 window_advice_refused=0 inline_opens=0 reaped=57 cache_ops=0 sysmembars=8 root_unsets=0] mirrors
kf3: family=Ada phase=Running trapped=141458 applied=5343 refused=7 serviced=2630 ram_refused=0 unshadowed_writes=2 read_exits=44811 last_off=0xb81608 mem[inval=6813 walks=6804/6804 cleared=6813 superseded=0 named_missed=40 unreconciled=0 mapped=1191 unmapped=890 clipped=0x0 held=0 vmm_overlaps=0 priv_withheld=0 priv_withheld_bytes=0x0 priv_mirrored=54 sked=0/0held carve_gpu=0 carve_kernel=6 carve_cpu=3 fn70=5 roots=26 root_moves=0 stmts=59/59 refused=0 pramin_repoints=58 pramin_miss=0 last_miss=0x0 pramin_worst_us=85 (map 43 mmap 42) pramin_maps=58 pramin_mmaps=58 pramin_kept=0 pramin_kept_now=0 window_advice_refused=0 inline_opens=0 reaped=57 cache_ops=0 sysmembars=8 root_unsets=0] mirrors
kf3: family=Ada phase=Running trapped=141484 applied=5344 refused=7 serviced=2631 ram_refused=0 unshadowed_writes=2 read_exits=44811 last_off=0xb81608 mem[inval=6813 walks=6804/6804 cleared=6813 superseded=0 named_missed=40 unreconciled=0 mapped=1191 unmapped=890 clipped=0x0 held=0 vmm_overlaps=0 priv_withheld=0 priv_withheld_bytes=0x0 priv_mirrored=54 sked=0/0held carve_gpu=0 carve_kernel=6 carve_cpu=3 fn70=5 roots=26 root_moves=0 stmts=59/59 refused=0 pramin_repoints=58 pramin_miss=0 last_miss=0x0 pramin_worst_us=85 (map 43 mmap 42) pramin_maps=58 pramin_mmaps=58 pramin_kept=0 pramin_kept_now=0 window_advice_refused=0 inline_opens=0 reaped=57 cache_ops=0 sysmembars=8 root_unsets=0] mirrors
kf3: family=Ada phase=Running trapped=141496 applied=5344 refused=7 serviced=2631 ram_refused=0 unshadowed_writes=2 read_exits=44811 last_off=0xb81608 mem[inval=6813 walks=6804/6804 cleared=6813 superseded=0 named_missed=40 unreconciled=0 mapped=1191 unmapped=890 clipped=0x0 held=0 vmm_overlaps=0 priv_withheld=0 priv_withheld_bytes=0x0 priv_mirrored=54 sked=0/0held carve_gpu=0 carve_kernel=6 carve_cpu=3 fn70=5 roots=26 root_moves=0 stmts=59/59 refused=0 pramin_repoints=58 pramin_miss=0 last_miss=0x0 pramin_worst_us=85 (map 43 mmap 42) pramin_maps=58 pramin_mmaps=58 pramin_kept=0 pramin_kept_now=0 window_advice_refused=0 inline_opens=0 reaped=57 cache_ops=0 sysmembars=8 root_unsets=0] mirrors
kf3: family=Ada phase=Running trapped=141522 applied=5345 refused=7 serviced=2632 ram_refused=0 unshadowed_writes=2 read_exits=44811 last_off=0xb81608 mem[inval=6813 walks=6804/6804 cleared=6813 superseded=0 named_missed=40 unreconciled=0 mapped=1191 unmapped=890 clipped=0x0 held=0 vmm_overlaps=0 priv_withheld=0 priv_withheld_bytes=0x0 priv_mirrored=54 sked=0/0held carve_gpu=0 carve_kernel=6 carve_cpu=3 fn70=5 roots=26 root_moves=0 stmts=59/59 refused=0 pramin_repoints=58 pramin_miss=0 last_miss=0x0 pramin_worst_us=85 (map 43 mmap 42) pramin_maps=58 pramin_mmaps=58 pramin_kept=0 pramin_kept_now=0 window_advice_refused=0 inline_opens=0 reaped=57 cache_ops=0 sysmembars=8 root_unsets=0] mirrors
kf3: family=Ada phase=Running trapped=141534 applied=5345 refused=7 serviced=2632 ram_refused=0 unshadowed_writes=2 read_exits=44811 last_off=0xb81608 mem[inval=6813 walks=6804/6804 cleared=6813 superseded=0 named_missed=40 unreconciled=0 mapped=1191 unmapped=890 clipped=0x0 held=0 vmm_overlaps=0 priv_withheld=0 priv_withheld_bytes=0x0 priv_mirrored=54 sked=0/0held carve_gpu=0 carve_kernel=6 carve_cpu=3 fn70=5 roots=26 root_moves=0 stmts=59/59 refused=0 pramin_repoints=58 pramin_miss=0 last_miss=0x0 pramin_worst_us=85 (map 43 mmap 42) pramin_maps=58 pramin_mmaps=58 pramin_kept=0 pramin_kept_now=0 window_advice_refused=0 inline_opens=0 reaped=57 cache_ops=0 sysmembars=8 root_unsets=0] mirrors
kf3: family=Ada phase=Running trapped=141560 applied=5346 refused=7 serviced=2633 ram_refused=0 unshadowed_writes=2 read_exits=44811 last_off=0xb81608 mem[inval=6813 walks=6804/6804 cleared=6813 superseded=0 named_missed=40 unreconciled=0 mapped=1191 unmapped=890 clipped=0x0 held=0 vmm_overlaps=0 priv_withheld=0 priv_withheld_bytes=0x0 priv_mirrored=54 sked=0/0held carve_gpu=0 carve_kernel=6 carve_cpu=3 fn70=5 roots=26 root_moves=0 stmts=59/59 refused=0 pramin_repoints=58 pramin_miss=0 last_miss=0x0 pramin_worst_us=85 (map 43 mmap 42) pramin_maps=58 pramin_mmaps=58 pramin_kept=0 pramin_kept_now=0 window_advice_refused=0 inline_opens=0 reaped=57 cache_ops=0 sysmembars=8 root_unsets=0] mirrors
kf3: family=Ada phase=Running trapped=141572 applied=5346 refused=7 serviced=2633 ram_refused=0 unshadowed_writes=2 read_exits=44811 last_off=0xb81608 mem[inval=6813 walks=6804/6804 cleared=6813 superseded=0 named_missed=40 unreconciled=0 mapped=1191 unmapped=890 clipped=0x0 held=0 vmm_overlaps=0 priv_withheld=0 priv_withheld_bytes=0x0 priv_mirrored=54 sked=0/0held carve_gpu=0 carve_kernel=6 carve_cpu=3 fn70=5 roots=26 root_moves=0 stmts=59/59 refused=0 pramin_repoints=58 pramin_miss=0 last_miss=0x0 pramin_worst_us=85 (map 43 mmap 42) pramin_maps=58 pramin_mmaps=58 pramin_kept=0 pramin_kept_now=0 window_advice_refused=0 inline_opens=0 reaped=57 cache_ops=0 sysmembars=8 root_unsets=0] mirrors
kf3: family=Ada phase=Running trapped=141584 applied=5346 refused=7 serviced=2633 ram_refused=0 unshadowed_writes=2 read_exits=44811 last_off=0xb81608 mem[inval=6813 walks=6804/6804 cleared=6813 superseded=0 named_missed=40 unreconciled=0 mapped=1191 unmapped=890 clipped=0x0 held=0 vmm_overlaps=0 priv_withheld=0 priv_withheld_bytes=0x0 priv_mirrored=54 sked=0/0held carve_gpu=0 carve_kernel=6 carve_cpu=3 fn70=5 roots=26 root_moves=0 stmts=59/59 refused=0 pramin_repoints=58 pramin_miss=0 last_miss=0x0 pramin_worst_us=85 (map 43 mmap 42) pramin_maps=58 pramin_mmaps=58 pramin_kept=0 pramin_kept_now=0 window_advice_refused=0 inline_opens=0 reaped=57 cache_ops=0 sysmembars=8 root_unsets=0] mirrors
kf3: family=Ada phase=Running trapped=141596 applied=5346 refused=7 serviced=2633 ram_refused=0 unshadowed_writes=2 read_exits=44811 last_off=0xb81608 mem[inval=6813 walks=6804/6804 cleared=6813 superseded=0 named_missed=40 unreconciled=0 mapped=1191 unmapped=890 clipped=0x0 held=0 vmm_overlaps=0 priv_withheld=0 priv_withheld_bytes=0x0 priv_mirrored=54 sked=0/0held carve_gpu=0 carve_kernel=6 carve_cpu=3 fn70=5 roots=26 root_moves=0 stmts=59/59 refused=0 pramin_repoints=58 pramin_miss=0 last_miss=0x0 pramin_worst_us=85 (map 43 mmap 42) pramin_maps=58 pramin_mmaps=58 pramin_kept=0 pramin_kept_now=0 window_advice_refused=0 inline_opens=0 reaped=57 cache_ops=0 sysmembars=8 root_unsets=0] mirrors
kf3: family=Ada phase=Running trapped=141608 applied=5346 refused=7 serviced=2633 ram_refused=0 unshadowed_writes=2 read_exits=44811 last_off=0xb81608 mem[inval=6813 walks=6804/6804 cleared=6813 superseded=0 named_missed=40 unreconciled=0 mapped=1191 unmapped=890 clipped=0x0 held=0 vmm_overlaps=0 priv_withheld=0 priv_withheld_bytes=0x0 priv_mirrored=54 sked=0/0held carve_gpu=0 carve_kernel=6 carve_cpu=3 fn70=5 roots=26 root_moves=0 stmts=59/59 refused=0 pramin_repoints=58 pramin_miss=0 last_miss=0x0 pramin_worst_us=85 (map 43 mmap 42) pramin_maps=58 pramin_mmaps=58 pramin_kept=0 pramin_kept_now=0 window_advice_refused=0 inline_opens=0 reaped=57 cache_ops=0 sysmembars=8 root_unsets=0] mirrors
kf3: family=Ada phase=Running trapped=141620 applied=5346 refused=7 serviced=2633 ram_refused=0 unshadowed_writes=2 read_exits=44811 last_off=0xb81608 mem[inval=6813 walks=6804/6804 cleared=6813 superseded=0 named_missed=40 unreconciled=0 mapped=1191 unmapped=890 clipped=0x0 held=0 vmm_overlaps=0 priv_withheld=0 priv_withheld_bytes=0x0 priv_mirrored=54 sked=0/0held carve_gpu=0 carve_kernel=6 carve_cpu=3 fn70=5 roots=26 root_moves=0 stmts=59/59 refused=0 pramin_repoints=58 pramin_miss=0 last_miss=0x0 pramin_worst_us=85 (map 43 mmap 42) pramin_maps=58 pramin_mmaps=58 pramin_kept=0 pramin_kept_now=0 window_advice_refused=0 inline_opens=0 reaped=57 cache_ops=0 sysmembars=8 root_unsets=0] mirrors
kf3: family=Ada phase=Running trapped=141632 applied=5346 refused=7 serviced=2633 ram_refused=0 unshadowed_writes=2 read_exits=44811 last_off=0xb81608 mem[inval=6813 walks=6804/6804 cleared=6813 superseded=0 named_missed=40 unreconciled=0 mapped=1191 unmapped=890 clipped=0x0 held=0 vmm_overlaps=0 priv_withheld=0 priv_withheld_bytes=0x0 priv_mirrored=54 sked=0/0held carve_gpu=0 carve_kernel=6 carve_cpu=3 fn70=5 roots=26 root_moves=0 stmts=59/59 refused=0 pramin_repoints=58 pramin_miss=0 last_miss=0x0 pramin_worst_us=85 (map 43 mmap 42) pramin_maps=58 pramin_mmaps=58 pramin_kept=0 pramin_kept_now=0 window_advice_refused=0 inline_opens=0 reaped=57 cache_ops=0 sysmembars=8 root_unsets=0] mirrors
kf3: family=Ada phase=Running trapped=141644 applied=5346 refused=7 serviced=2633 ram_refused=0 unshadowed_writes=2 read_exits=44811 last_off=0xb81608 mem[inval=6813 walks=6804/6804 cleared=6813 superseded=0 named_missed=40 unreconciled=0 mapped=1191 unmapped=890 clipped=0x0 held=0 vmm_overlaps=0 priv_withheld=0 priv_withheld_bytes=0x0 priv_mirrored=54 sked=0/0held carve_gpu=0 carve_kernel=6 carve_cpu=3 fn70=5 roots=26 root_moves=0 stmts=59/59 refused=0 pramin_repoints=58 pramin_miss=0 last_miss=0x0 pramin_worst_us=85 (map 43 mmap 42) pramin_maps=58 pramin_mmaps=58 pramin_kept=0 pramin_kept_now=0 window_advice_refused=0 inline_opens=0 reaped=57 cache_ops=0 sysmembars=8 root_unsets=0] mirrors
kf3: family=Ada phase=Running trapped=141656 applied=5346 refused=7 serviced=2633 ram_refused=0 unshadowed_writes=2 read_exits=44811 last_off=0xb81608 mem[inval=6813 walks=6804/6804 cleared=6813 superseded=0 named_missed=40 unreconciled=0 mapped=1191 unmapped=890 clipped=0x0 held=0 vmm_overlaps=0 priv_withheld=0 priv_withheld_bytes=0x0 priv_mirrored=54 sked=0/0held carve_gpu=0 carve_kernel=6 carve_cpu=3 fn70=5 roots=26 root_moves=0 stmts=59/59 refused=0 pramin_repoints=58 pramin_miss=0 last_miss=0x0 pramin_worst_us=85 (map 43 mmap 42) pramin_maps=58 pramin_mmaps=58 pramin_kept=0 pramin_kept_now=0 window_advice_refused=0 inline_opens=0 reaped=57 cache_ops=0 sysmembars=8 root_unsets=0] mirrors
kf3: family=Ada phase=Running trapped=141682 applied=5347 refused=7 serviced=2634 ram_refused=0 unshadowed_writes=2 read_exits=44811 last_off=0xb81608 mem[inval=6813 walks=6804/6804 cleared=6813 superseded=0 named_missed=40 unreconciled=0 mapped=1191 unmapped=890 clipped=0x0 held=0 vmm_overlaps=0 priv_withheld=0 priv_withheld_bytes=0x0 priv_mirrored=54 sked=0/0held carve_gpu=0 carve_kernel=6 carve_cpu=3 fn70=5 roots=26 root_moves=0 stmts=59/59 refused=0 pramin_repoints=58 pramin_miss=0 last_miss=0x0 pramin_worst_us=85 (map 43 mmap 42) pramin_maps=58 pramin_mmaps=58 pramin_kept=0 pramin_kept_now=0 window_advice_refused=0 inline_opens=0 reaped=57 cache_ops=0 sysmembars=8 root_unsets=0] mirrors
kf3: family=Ada phase=Running trapped=141708 applied=5348 refused=7 serviced=2635 ram_refused=0 unshadowed_writes=2 read_exits=44811 last_off=0xb81608 mem[inval=6813 walks=6804/6804 cleared=6813 superseded=0 named_missed=40 unreconciled=0 mapped=1191 unmapped=890 clipped=0x0 held=0 vmm_overlaps=0 priv_withheld=0 priv_withheld_bytes=0x0 priv_mirrored=54 sked=0/0held carve_gpu=0 carve_kernel=6 carve_cpu=3 fn70=5 roots=26 root_moves=0 stmts=59/59 refused=0 pramin_repoints=58 pramin_miss=0 last_miss=0x0 pramin_worst_us=85 (map 43 mmap 42) pramin_maps=58 pramin_mmaps=58 pramin_kept=0 pramin_kept_now=0 window_advice_refused=0 inline_opens=0 reaped=57 cache_ops=0 sysmembars=8 root_unsets=0] mirrors
kf3: family=Ada phase=Running trapped=141720 applied=5348 refused=7 serviced=2635 ram_refused=0 unshadowed_writes=2 read_exits=44811 last_off=0xb81608 mem[inval=6813 walks=6804/6804 cleared=6813 superseded=0 named_missed=40 unreconciled=0 mapped=1191 unmapped=890 clipped=0x0 held=0 vmm_overlaps=0 priv_withheld=0 priv_withheld_bytes=0x0 priv_mirrored=54 sked=0/0held carve_gpu=0 carve_kernel=6 carve_cpu=3 fn70=5 roots=26 root_moves=0 stmts=59/59 refused=0 pramin_repoints=58 pramin_miss=0 last_miss=0x0 pramin_worst_us=85 (map 43 mmap 42) pramin_maps=58 pramin_mmaps=58 pramin_kept=0 pramin_kept_now=0 window_advice_refused=0 inline_opens=0 reaped=57 cache_ops=0 sysmembars=8 root_unsets=0] mirrors
kf3: family=Ada phase=Running trapped=141746 applied=5349 refused=7 serviced=2636 ram_refused=0 unshadowed_writes=2 read_exits=44811 last_off=0xb81608 mem[inval=6813 walks=6804/6804 cleared=6813 superseded=0 named_missed=40 unreconciled=0 mapped=1191 unmapped=890 clipped=0x0 held=0 vmm_overlaps=0 priv_withheld=0 priv_withheld_bytes=0x0 priv_mirrored=54 sked=0/0held carve_gpu=0 carve_kernel=6 carve_cpu=3 fn70=5 roots=26 root_moves=0 stmts=59/59 refused=0 pramin_repoints=58 pramin_miss=0 last_miss=0x0 pramin_worst_us=85 (map 43 mmap 42) pramin_maps=58 pramin_mmaps=58 pramin_kept=0 pramin_kept_now=0 window_advice_refused=0 inline_opens=0 reaped=57 cache_ops=0 sysmembars=8 root_unsets=0] mirrors
kf3: family=Ada phase=Running trapped=141772 applied=5350 refused=7 serviced=2637 ram_refused=0 unshadowed_writes=2 read_exits=44811 last_off=0xb81608 mem[inval=6813 walks=6804/6804 cleared=6813 superseded=0 named_missed=40 unreconciled=0 mapped=1191 unmapped=890 clipped=0x0 held=0 vmm_overlaps=0 priv_withheld=0 priv_withheld_bytes=0x0 priv_mirrored=54 sked=0/0held carve_gpu=0 carve_kernel=6 carve_cpu=3 fn70=5 roots=26 root_moves=0 stmts=59/59 refused=0 pramin_repoints=58 pramin_miss=0 last_miss=0x0 pramin_worst_us=85 (map 43 mmap 42) pramin_maps=58 pramin_mmaps=58 pramin_kept=0 pramin_kept_now=0 window_advice_refused=0 inline_opens=0 reaped=57 cache_ops=0 sysmembars=8 root_unsets=0] mirrors
kf3: family=Ada phase=Running trapped=141784 applied=5350 refused=7 serviced=2637 ram_refused=0 unshadowed_writes=2 read_exits=44811 last_off=0xb81608 mem[inval=6813 walks=6804/6804 cleared=6813 superseded=0 named_missed=40 unreconciled=0 mapped=1191 unmapped=890 clipped=0x0 held=0 vmm_overlaps=0 priv_withheld=0 priv_withheld_bytes=0x0 priv_mirrored=54 sked=0/0held carve_gpu=0 carve_kernel=6 carve_cpu=3 fn70=5 roots=26 root_moves=0 stmts=59/59 refused=0 pramin_repoints=58 pramin_miss=0 last_miss=0x0 pramin_worst_us=85 (map 43 mmap 42) pramin_maps=58 pramin_mmaps=58 pramin_kept=0 pramin_kept_now=0 window_advice_refused=0 inline_opens=0 reaped=57 cache_ops=0 sysmembars=8 root_unsets=0] mirrors
kf3: family=Ada phase=Running trapped=141810 applied=5351 refused=7 serviced=2638 ram_refused=0 unshadowed_writes=2 read_exits=44811 last_off=0xb81608 mem[inval=6813 walks=6804/6804 cleared=6813 superseded=0 named_missed=40 unreconciled=0 mapped=1191 unmapped=890 clipped=0x0 held=0 vmm_overlaps=0 priv_withheld=0 priv_withheld_bytes=0x0 priv_mirrored=54 sked=0/0held carve_gpu=0 carve_kernel=6 carve_cpu=3 fn70=5 roots=26 root_moves=0 stmts=59/59 refused=0 pramin_repoints=58 pramin_miss=0 last_miss=0x0 pramin_worst_us=85 (map 43 mmap 42) pramin_maps=58 pramin_mmaps=58 pramin_kept=0 pramin_kept_now=0 window_advice_refused=0 inline_opens=0 reaped=57 cache_ops=0 sysmembars=8 root_unsets=0] mirrors
kf3: family=Ada phase=Running trapped=141822 applied=5351 refused=7 serviced=2638 ram_refused=0 unshadowed_writes=2 read_exits=44811 last_off=0xb81608 mem[inval=6813 walks=6804/6804 cleared=6813 superseded=0 named_missed=40 unreconciled=0 mapped=1191 unmapped=890 clipped=0x0 held=0 vmm_overlaps=0 priv_withheld=0 priv_withheld_bytes=0x0 priv_mirrored=54 sked=0/0held carve_gpu=0 carve_kernel=6 carve_cpu=3 fn70=5 roots=26 root_moves=0 stmts=59/59 refused=0 pramin_repoints=58 pramin_miss=0 last_miss=0x0 pramin_worst_us=85 (map 43 mmap 42) pramin_maps=58 pramin_mmaps=58 pramin_kept=0 pramin_kept_now=0 window_advice_refused=0 inline_opens=0 reaped=57 cache_ops=0 sysmembars=8 root_unsets=0] mirrors
kf3: family=Ada phase=Running trapped=141848 applied=5352 refused=7 serviced=2639 ram_refused=0 unshadowed_writes=2 read_exits=44811 last_off=0xb81608 mem[inval=6813 walks=6804/6804 cleared=6813 superseded=0 named_missed=40 unreconciled=0 mapped=1191 unmapped=890 clipped=0x0 held=0 vmm_overlaps=0 priv_withheld=0 priv_withheld_bytes=0x0 priv_mirrored=54 sked=0/0held carve_gpu=0 carve_kernel=6 carve_cpu=3 fn70=5 roots=26 root_moves=0 stmts=59/59 refused=0 pramin_repoints=58 pramin_miss=0 last_miss=0x0 pramin_worst_us=85 (map 43 mmap 42) pramin_maps=58 pramin_mmaps=58 pramin_kept=0 pramin_kept_now=0 window_advice_refused=0 inline_opens=0 reaped=57 cache_ops=0 sysmembars=8 root_unsets=0] mirrors
kf3: family=Ada phase=Running trapped=141874 applied=5353 refused=7 serviced=2640 ram_refused=0 unshadowed_writes=2 read_exits=44811 last_off=0xb81608 mem[inval=6813 walks=6804/6804 cleared=6813 superseded=0 named_missed=40 unreconciled=0 mapped=1191 unmapped=890 clipped=0x0 held=0 vmm_overlaps=0 priv_withheld=0 priv_withheld_bytes=0x0 priv_mirrored=54 sked=0/0held carve_gpu=0 carve_kernel=6 carve_cpu=3 fn70=5 roots=26 root_moves=0 stmts=59/59 refused=0 pramin_repoints=58 pramin_miss=0 last_miss=0x0 pramin_worst_us=85 (map 43 mmap 42) pramin_maps=58 pramin_mmaps=58 pramin_kept=0 pramin_kept_now=0 window_advice_refused=0 inline_opens=0 reaped=57 cache_ops=0 sysmembars=8 root_unsets=0] mirrors
kf3: family=Ada phase=Running trapped=141886 applied=5353 refused=7 serviced=2640 ram_refused=0 unshadowed_writes=2 read_exits=44811 last_off=0xb81608 mem[inval=6813 walks=6804/6804 cleared=6813 superseded=0 named_missed=40 unreconciled=0 mapped=1191 unmapped=890 clipped=0x0 held=0 vmm_overlaps=0 priv_withheld=0 priv_withheld_bytes=0x0 priv_mirrored=54 sked=0/0held carve_gpu=0 carve_kernel=6 carve_cpu=3 fn70=5 roots=26 root_moves=0 stmts=59/59 refused=0 pramin_repoints=58 pramin_miss=0 last_miss=0x0 pramin_worst_us=85 (map 43 mmap 42) pramin_maps=58 pramin_mmaps=58 pramin_kept=0 pramin_kept_now=0 window_advice_refused=0 inline_opens=0 reaped=57 cache_ops=0 sysmembars=8 root_unsets=0] mirrors
kf3: family=Ada phase=Running trapped=141912 applied=5354 refused=7 serviced=2641 ram_refused=0 unshadowed_writes=2 read_exits=44811 last_off=0xb81608 mem[inval=6813 walks=6804/6804 cleared=6813 superseded=0 named_missed=40 unreconciled=0 mapped=1191 unmapped=890 clipped=0x0 held=0 vmm_overlaps=0 priv_withheld=0 priv_withheld_bytes=0x0 priv_mirrored=54 sked=0/0held carve_gpu=0 carve_kernel=6 carve_cpu=3 fn70=5 roots=26 root_moves=0 stmts=59/59 refused=0 pramin_repoints=58 pramin_miss=0 last_miss=0x0 pramin_worst_us=85 (map 43 mmap 42) pramin_maps=58 pramin_mmaps=58 pramin_kept=0 pramin_kept_now=0 window_advice_refused=0 inline_opens=0 reaped=57 cache_ops=0 sysmembars=8 root_unsets=0] mirrors
kf3: family=Ada phase=Running trapped=141938 applied=5355 refused=7 serviced=2642 ram_refused=0 unshadowed_writes=2 read_exits=44811 last_off=0xb81608 mem[inval=6813 walks=6804/6804 cleared=6813 superseded=0 named_missed=40 unreconciled=0 mapped=1191 unmapped=890 clipped=0x0 held=0 vmm_overlaps=0 priv_withheld=0 priv_withheld_bytes=0x0 priv_mirrored=54 sked=0/0held carve_gpu=0 carve_kernel=6 carve_cpu=3 fn70=5 roots=26 root_moves=0 stmts=59/59 refused=0 pramin_repoints=58 pramin_miss=0 last_miss=0x0 pramin_worst_us=85 (map 43 mmap 42) pramin_maps=58 pramin_mmaps=58 pramin_kept=0 pramin_kept_now=0 window_advice_refused=0 inline_opens=0 reaped=57 cache_ops=0 sysmembars=8 root_unsets=0] mirrors
kf3: family=Ada phase=Running trapped=141950 applied=5355 refused=7 serviced=2642 ram_refused=0 unshadowed_writes=2 read_exits=44811 last_off=0xb81608 mem[inval=6813 walks=6804/6804 cleared=6813 superseded=0 named_missed=40 unreconciled=0 mapped=1191 unmapped=890 clipped=0x0 held=0 vmm_overlaps=0 priv_withheld=0 priv_withheld_bytes=0x0 priv_mirrored=54 sked=0/0held carve_gpu=0 carve_kernel=6 carve_cpu=3 fn70=5 roots=26 root_moves=0 stmts=59/59 refused=0 pramin_repoints=58 pramin_miss=0 last_miss=0x0 pramin_worst_us=85 (map 43 mmap 42) pramin_maps=58 pramin_mmaps=58 pramin_kept=0 pramin_kept_now=0 window_advice_refused=0 inline_opens=0 reaped=57 cache_ops=0 sysmembars=8 root_unsets=0] mirrors
kf3: family=Ada phase=Running trapped=141976 applied=5356 refused=7 serviced=2643 ram_refused=0 unshadowed_writes=2 read_exits=44811 last_off=0xb81608 mem[inval=6813 walks=6804/6804 cleared=6813 superseded=0 named_missed=40 unreconciled=0 mapped=1191 unmapped=890 clipped=0x0 held=0 vmm_overlaps=0 priv_withheld=0 priv_withheld_bytes=0x0 priv_mirrored=54 sked=0/0held carve_gpu=0 carve_kernel=6 carve_cpu=3 fn70=5 roots=26 root_moves=0 stmts=59/59 refused=0 pramin_repoints=58 pramin_miss=0 last_miss=0x0 pramin_worst_us=85 (map 43 mmap 42) pramin_maps=58 pramin_mmaps=58 pramin_kept=0 pramin_kept_now=0 window_advice_refused=0 inline_opens=0 reaped=57 cache_ops=0 sysmembars=8 root_unsets=0] mirrors
kf3: family=Ada phase=Running trapped=142008 applied=5357 refused=7 serviced=2644 ram_refused=0 unshadowed_writes=2 read_exits=44811 last_off=0xb81608 mem[inval=6813 walks=6804/6804 cleared=6813 superseded=0 named_missed=40 unreconciled=0 mapped=1191 unmapped=890 clipped=0x0 held=0 vmm_overlaps=0 priv_withheld=0 priv_withheld_bytes=0x0 priv_mirrored=54 sked=0/0held carve_gpu=0 carve_kernel=6 carve_cpu=3 fn70=5 roots=26 root_moves=0 stmts=59/59 refused=0 pramin_repoints=58 pramin_miss=0 last_miss=0x0 pramin_worst_us=85 (map 43 mmap 42) pramin_maps=58 pramin_mmaps=58 pramin_kept=0 pramin_kept_now=0 window_advice_refused=0 inline_opens=0 reaped=57 cache_ops=0 sysmembars=8 root_unsets=0] mirrors
kf3: family=Ada phase=Running trapped=142020 applied=5357 refused=7 serviced=2644 ram_refused=0 unshadowed_writes=2 read_exits=44811 last_off=0xb81608 mem[inval=6813 walks=6804/6804 cleared=6813 superseded=0 named_missed=40 unreconciled=0 mapped=1191 unmapped=890 clipped=0x0 held=0 vmm_overlaps=0 priv_withheld=0 priv_withheld_bytes=0x0 priv_mirrored=54 sked=0/0held carve_gpu=0 carve_kernel=6 carve_cpu=3 fn70=5 roots=26 root_moves=0 stmts=59/59 refused=0 pramin_repoints=58 pramin_miss=0 last_miss=0x0 pramin_worst_us=85 (map 43 mmap 42) pramin_maps=58 pramin_mmaps=58 pramin_kept=0 pramin_kept_now=0 window_advice_refused=0 inline_opens=0 reaped=57 cache_ops=0 sysmembars=8 root_unsets=0] mirrors
kf3: family=Ada phase=Running trapped=142046 applied=5358 refused=7 serviced=2645 ram_refused=0 unshadowed_writes=2 read_exits=44811 last_off=0xb81608 mem[inval=6813 walks=6804/6804 cleared=6813 superseded=0 named_missed=40 unreconciled=0 mapped=1191 unmapped=890 clipped=0x0 held=0 vmm_overlaps=0 priv_withheld=0 priv_withheld_bytes=0x0 priv_mirrored=54 sked=0/0held carve_gpu=0 carve_kernel=6 carve_cpu=3 fn70=5 roots=26 root_moves=0 stmts=59/59 refused=0 pramin_repoints=58 pramin_miss=0 last_miss=0x0 pramin_worst_us=85 (map 43 mmap 42) pramin_maps=58 pramin_mmaps=58 pramin_kept=0 pramin_kept_now=0 window_advice_refused=0 inline_opens=0 reaped=57 cache_ops=0 sysmembars=8 root_unsets=0] mirrors
kf3: family=Ada phase=Running trapped=142072 applied=5359 refused=7 serviced=2646 ram_refused=0 unshadowed_writes=2 read_exits=44811 last_off=0xb81608 mem[inval=6813 walks=6804/6804 cleared=6813 superseded=0 named_missed=40 unreconciled=0 mapped=1191 unmapped=890 clipped=0x0 held=0 vmm_overlaps=0 priv_withheld=0 priv_withheld_bytes=0x0 priv_mirrored=54 sked=0/0held carve_gpu=0 carve_kernel=6 carve_cpu=3 fn70=5 roots=26 root_moves=0 stmts=59/59 refused=0 pramin_repoints=58 pramin_miss=0 last_miss=0x0 pramin_worst_us=85 (map 43 mmap 42) pramin_maps=58 pramin_mmaps=58 pramin_kept=0 pramin_kept_now=0 window_advice_refused=0 inline_opens=0 reaped=57 cache_ops=0 sysmembars=8 root_unsets=0] mirrors
kf3: family=Ada phase=Running trapped=142084 applied=5359 refused=7 serviced=2646 ram_refused=0 unshadowed_writes=2 read_exits=44811 last_off=0xb81608 mem[inval=6813 walks=6804/6804 cleared=6813 superseded=0 named_missed=40 unreconciled=0 mapped=1191 unmapped=890 clipped=0x0 held=0 vmm_overlaps=0 priv_withheld=0 priv_withheld_bytes=0x0 priv_mirrored=54 sked=0/0held carve_gpu=0 carve_kernel=6 carve_cpu=3 fn70=5 roots=26 root_moves=0 stmts=59/59 refused=0 pramin_repoints=58 pramin_miss=0 last_miss=0x0 pramin_worst_us=85 (map 43 mmap 42) pramin_maps=58 pramin_mmaps=58 pramin_kept=0 pramin_kept_now=0 window_advice_refused=0 inline_opens=0 reaped=57 cache_ops=0 sysmembars=8 root_unsets=0] mirrors
kf3: family=Ada phase=Running trapped=142110 applied=5360 refused=7 serviced=2647 ram_refused=0 unshadowed_writes=2 read_exits=44811 last_off=0xb81608 mem[inval=6813 walks=6804/6804 cleared=6813 superseded=0 named_missed=40 unreconciled=0 mapped=1191 unmapped=890 clipped=0x0 held=0 vmm_overlaps=0 priv_withheld=0 priv_withheld_bytes=0x0 priv_mirrored=54 sked=0/0held carve_gpu=0 carve_kernel=6 carve_cpu=3 fn70=5 roots=26 root_moves=0 stmts=59/59 refused=0 pramin_repoints=58 pramin_miss=0 last_miss=0x0 pramin_worst_us=85 (map 43 mmap 42) pramin_maps=58 pramin_mmaps=58 pramin_kept=0 pramin_kept_now=0 window_advice_refused=0 inline_opens=0 reaped=57 cache_ops=0 sysmembars=8 root_unsets=0] mirrors
kf3: family=Ada phase=Running trapped=142122 applied=5360 refused=7 serviced=2647 ram_refused=0 unshadowed_writes=2 read_exits=44811 last_off=0xb81608 mem[inval=6813 walks=6804/6804 cleared=6813 superseded=0 named_missed=40 unreconciled=0 mapped=1191 unmapped=890 clipped=0x0 held=0 vmm_overlaps=0 priv_withheld=0 priv_withheld_bytes=0x0 priv_mirrored=54 sked=0/0held carve_gpu=0 carve_kernel=6 carve_cpu=3 fn70=5 roots=26 root_moves=0 stmts=59/59 refused=0 pramin_repoints=58 pramin_miss=0 last_miss=0x0 pramin_worst_us=85 (map 43 mmap 42) pramin_maps=58 pramin_mmaps=58 pramin_kept=0 pramin_kept_now=0 window_advice_refused=0 inline_opens=0 reaped=57 cache_ops=0 sysmembars=8 root_unsets=0] mirrors
kf3: family=Ada phase=Running trapped=142134 applied=5360 refused=7 serviced=2647 ram_refused=0 unshadowed_writes=2 read_exits=44811 last_off=0xb81608 mem[inval=6813 walks=6804/6804 cleared=6813 superseded=0 named_missed=40 unreconciled=0 mapped=1191 unmapped=890 clipped=0x0 held=0 vmm_overlaps=0 priv_withheld=0 priv_withheld_bytes=0x0 priv_mirrored=54 sked=0/0held carve_gpu=0 carve_kernel=6 carve_cpu=3 fn70=5 roots=26 root_moves=0 stmts=59/59 refused=0 pramin_repoints=58 pramin_miss=0 last_miss=0x0 pramin_worst_us=85 (map 43 mmap 42) pramin_maps=58 pramin_mmaps=58 pramin_kept=0 pramin_kept_now=0 window_advice_refused=0 inline_opens=0 reaped=57 cache_ops=0 sysmembars=8 root_unsets=0] mirrors
kf3: family=Ada phase=Running trapped=142146 applied=5360 refused=7 serviced=2647 ram_refused=0 unshadowed_writes=2 read_exits=44811 last_off=0xb81608 mem[inval=6813 walks=6804/6804 cleared=6813 superseded=0 named_missed=40 unreconciled=0 mapped=1191 unmapped=890 clipped=0x0 held=0 vmm_overlaps=0 priv_withheld=0 priv_withheld_bytes=0x0 priv_mirrored=54 sked=0/0held carve_gpu=0 carve_kernel=6 carve_cpu=3 fn70=5 roots=26 root_moves=0 stmts=59/59 refused=0 pramin_repoints=58 pramin_miss=0 last_miss=0x0 pramin_worst_us=85 (map 43 mmap 42) pramin_maps=58 pramin_mmaps=58 pramin_kept=0 pramin_kept_now=0 window_advice_refused=0 inline_opens=0 reaped=57 cache_ops=0 sysmembars=8 root_unsets=0] mirrors
kf3: family=Ada phase=Running trapped=142158 applied=5360 refused=7 serviced=2647 ram_refused=0 unshadowed_writes=2 read_exits=44811 last_off=0xb81608 mem[inval=6813 walks=6804/6804 cleared=6813 superseded=0 named_missed=40 unreconciled=0 mapped=1191 unmapped=890 clipped=0x0 held=0 vmm_overlaps=0 priv_withheld=0 priv_withheld_bytes=0x0 priv_mirrored=54 sked=0/0held carve_gpu=0 carve_kernel=6 carve_cpu=3 fn70=5 roots=26 root_moves=0 stmts=59/59 refused=0 pramin_repoints=58 pramin_miss=0 last_miss=0x0 pramin_worst_us=85 (map 43 mmap 42) pramin_maps=58 pramin_mmaps=58 pramin_kept=0 pramin_kept_now=0 window_advice_refused=0 inline_opens=0 reaped=57 cache_ops=0 sysmembars=8 root_unsets=0] mirrors
kf3: family=Ada phase=Running trapped=142170 applied=5360 refused=7 serviced=2647 ram_refused=0 unshadowed_writes=2 read_exits=44811 last_off=0xb81608 mem[inval=6813 walks=6804/6804 cleared=6813 superseded=0 named_missed=40 unreconciled=0 mapped=1191 unmapped=890 clipped=0x0 held=0 vmm_overlaps=0 priv_withheld=0 priv_withheld_bytes=0x0 priv_mirrored=54 sked=0/0held carve_gpu=0 carve_kernel=6 carve_cpu=3 fn70=5 roots=26 root_moves=0 stmts=59/59 refused=0 pramin_repoints=58 pramin_miss=0 last_miss=0x0 pramin_worst_us=85 (map 43 mmap 42) pramin_maps=58 pramin_mmaps=58 pramin_kept=0 pramin_kept_now=0 window_advice_refused=0 inline_opens=0 reaped=57 cache_ops=0 sysmembars=8 root_unsets=0] mirrors
kf3: family=Ada phase=Running trapped=142182 applied=5360 refused=7 serviced=2647 ram_refused=0 unshadowed_writes=2 read_exits=44811 last_off=0xb81608 mem[inval=6813 walks=6804/6804 cleared=6813 superseded=0 named_missed=40 unreconciled=0 mapped=1191 unmapped=890 clipped=0x0 held=0 vmm_overlaps=0 priv_withheld=0 priv_withheld_bytes=0x0 priv_mirrored=54 sked=0/0held carve_gpu=0 carve_kernel=6 carve_cpu=3 fn70=5 roots=26 root_moves=0 stmts=59/59 refused=0 pramin_repoints=58 pramin_miss=0 last_miss=0x0 pramin_worst_us=85 (map 43 mmap 42) pramin_maps=58 pramin_mmaps=58 pramin_kept=0 pramin_kept_now=0 window_advice_refused=0 inline_opens=0 reaped=57 cache_ops=0 sysmembars=8 root_unsets=0] mirrors
kf3: family=Ada phase=Running trapped=142194 applied=5360 refused=7 serviced=2647 ram_refused=0 unshadowed_writes=2 read_exits=44811 last_off=0xb81608 mem[inval=6813 walks=6804/6804 cleared=6813 superseded=0 named_missed=40 unreconciled=0 mapped=1191 unmapped=890 clipped=0x0 held=0 vmm_overlaps=0 priv_withheld=0 priv_withheld_bytes=0x0 priv_mirrored=54 sked=0/0held carve_gpu=0 carve_kernel=6 carve_cpu=3 fn70=5 roots=26 root_moves=0 stmts=59/59 refused=0 pramin_repoints=58 pramin_miss=0 last_miss=0x0 pramin_worst_us=85 (map 43 mmap 42) pramin_maps=58 pramin_mmaps=58 pramin_kept=0 pramin_kept_now=0 window_advice_refused=0 inline_opens=0 reaped=57 cache_ops=0 sysmembars=8 root_unsets=0] mirrors
kf3: family=Ada phase=Running trapped=142206 applied=5360 refused=7 serviced=2647 ram_refused=0 unshadowed_writes=2 read_exits=44811 last_off=0xb81608 mem[inval=6813 walks=6804/6804 cleared=6813 superseded=0 named_missed=40 unreconciled=0 mapped=1191 unmapped=890 clipped=0x0 held=0 vmm_overlaps=0 priv_withheld=0 priv_withheld_bytes=0x0 priv_mirrored=54 sked=0/0held carve_gpu=0 carve_kernel=6 carve_cpu=3 fn70=5 roots=26 root_moves=0 stmts=59/59 refused=0 pramin_repoints=58 pramin_miss=0 last_miss=0x0 pramin_worst_us=85 (map 43 mmap 42) pramin_maps=58 pramin_mmaps=58 pramin_kept=0 pramin_kept_now=0 window_advice_refused=0 inline_opens=0 reaped=57 cache_ops=0 sysmembars=8 root_unsets=0] mirrors
kf3: family=Ada phase=Running trapped=142232 applied=5361 refused=7 serviced=2648 ram_refused=0 unshadowed_writes=2 read_exits=44811 last_off=0xb81608 mem[inval=6813 walks=6804/6804 cleared=6813 superseded=0 named_missed=40 unreconciled=0 mapped=1191 unmapped=890 clipped=0x0 held=0 vmm_overlaps=0 priv_withheld=0 priv_withheld_bytes=0x0 priv_mirrored=54 sked=0/0held carve_gpu=0 carve_kernel=6 carve_cpu=3 fn70=5 roots=26 root_moves=0 stmts=59/59 refused=0 pramin_repoints=58 pramin_miss=0 last_miss=0x0 pramin_worst_us=85 (map 43 mmap 42) pramin_maps=58 pramin_mmaps=58 pramin_kept=0 pramin_kept_now=0 window_advice_refused=0 inline_opens=0 reaped=57 cache_ops=0 sysmembars=8 root_unsets=0] mirrors
