=== W328 ARM START tree=/workspace/kayfabe_w328 prefix=w328ge n=3 2026-08-14T22:31:05+00:00
=== REV=[e4bf27321bed30519cdd4c6231d7107754275bcf w328-scope-the-publication 2026-08-14T23:30:35+02:00]
=== ARM ENV (intent — the boot's own lines are the record of EXECUTION):
===   KAYFABE_DIRTY_GATE_PUBLISH=on
===   KAYFABE_PUBLISH_SCOPE=doorbelled
===   KAYFABE_DRAIN_BATCH=coalesce
===   KAYFABE_PUBLISH_SCOPE=[doorbelled]
===   KAYFABE_DRAIN_BATCH=[coalesce]
--- boot 1/3 tag=w328ge1 2026-08-14T22:31:09+00:00
    BOOT 1: [⊘ABSENT-UNMEASURED] [⊘NO-TERMINATOR] [CUP8_BAD=0 CUP8_MAXERR=0 ]
            r33_arm1=[⊘ NO arm-1 LINE — the measurement did not happen, ⊘ NOT a fail]
            ★★★★★ FIRST  W328SCOPE[arm=doorbelled scoped=true target=proc=2 pdb=0x201000 scoped_out=3 target_us=276273 target_published=28 other_vases=0 other_us=0 other_published=0 other_refused=0 breadth_share=0%]
            ★★★★★ LAST   W328SCOPE[arm=doorbelled scoped=true target=proc=2 pdb=0x201000 scoped_out=3 target_us=0 target_published=0 other_vases=0 other_us=0 other_published=0 other_refused=0 breadth_share=⊘UNMEASURED (this pass spent no time in any VAS)]   passes=[275]
            ★★★★★ W328PIN[arm=doorbelled scoped=true scoped_out=1 other_vases=0 other_us=0 other_pinned=0 drain_ms=627]
            ★★★★★ TRAPWITNESS off_trap_claims=0 inline_exceptions=4324 worst_trap=957020us (target: inline_exceptions=0)
            ★★★ DRAIN=[DRAIN[visited=true asked=13313 pinned=13313 refused=0 DRAIN_MS=627 W319KNOB[budget_ms=3000 row_limit=65536] complete=true ] last_pinned_va=0x2047ff000
            ★★★ ATTRIBUTOR rc=2 VERDICT=2 UNMEASURED — no host Xid, and no CUP3_VAL to say whether that is a
            ⊘KFTIME-SEG vas_publish ABSENT — UNMEASURED
            ⊘host_rows UNMEASURED  unserviced_distinct=[40]
            Xid_lines=[0] 
            guest NVRM_lines=[31] stall_lines=[0]
--- boot 2/3 tag=w328ge2 2026-08-14T22:34:52+00:00
    BOOT 2: [⊘ABSENT-UNMEASURED] [⊘NO-TERMINATOR] [CUP8_BAD=0 CUP8_MAXERR=0 ]
            r33_arm1=[⊘ NO arm-1 LINE — the measurement did not happen, ⊘ NOT a fail]
            ★★★★★ FIRST  W328SCOPE[arm=doorbelled scoped=true target=proc=2 pdb=0x201000 scoped_out=3 target_us=51585 target_published=28 other_vases=0 other_us=0 other_published=0 other_refused=0 breadth_share=0%]
            ★★★★★ LAST   W328SCOPE[arm=doorbelled scoped=true target=proc=2 pdb=0x201000 scoped_out=3 target_us=0 target_published=0 other_vases=0 other_us=0 other_published=0 other_refused=0 breadth_share=⊘UNMEASURED (this pass spent no time in any VAS)]   passes=[275]
            ★★★★★ W328PIN[arm=doorbelled scoped=true scoped_out=1 other_vases=0 other_us=0 other_pinned=0 drain_ms=94]
            ★★★★★ TRAPWITNESS off_trap_claims=0 inline_exceptions=1685 worst_trap=230481us (target: inline_exceptions=0)
            ★★★ DRAIN=[DRAIN[visited=true asked=13313 pinned=13313 refused=0 DRAIN_MS=94 W319KNOB[budget_ms=3000 row_limit=65536] complete=true ] last_pinned_va=0x2047ff000
            ★★★ ATTRIBUTOR rc=2 VERDICT=2 UNMEASURED — no host Xid, and no CUP3_VAL to say whether that is a
            ⊘KFTIME-SEG vas_publish ABSENT — UNMEASURED
            ⊘host_rows UNMEASURED  unserviced_distinct=[40]
            Xid_lines=[0] 
            guest NVRM_lines=[31] stall_lines=[0]
--- boot 3/3 tag=w328ge3 2026-08-14T22:37:25+00:00
    BOOT 3: [⊘ABSENT-UNMEASURED] [⊘NO-TERMINATOR] [CUP8_BAD=0 CUP8_MAXERR=0 ]
            r33_arm1=[⊘ NO arm-1 LINE — the measurement did not happen, ⊘ NOT a fail]
            ★★★★★ FIRST  W328SCOPE[arm=doorbelled scoped=true target=proc=2 pdb=0x201000 scoped_out=3 target_us=33190 target_published=25 other_vases=0 other_us=0 other_published=0 other_refused=0 breadth_share=0%]
            ★★★★★ LAST   W328SCOPE[arm=doorbelled scoped=true target=proc=2 pdb=0x201000 scoped_out=3 target_us=0 target_published=0 other_vases=0 other_us=0 other_published=0 other_refused=0 breadth_share=⊘UNMEASURED (this pass spent no time in any VAS)]   passes=[275]
            ★★★★★ W328PIN[arm=doorbelled scoped=true scoped_out=1 other_vases=0 other_us=0 other_pinned=0 drain_ms=106]
            ★★★★★ TRAPWITNESS off_trap_claims=0 inline_exceptions=958 worst_trap=210114us (target: inline_exceptions=0)
            ★★★ DRAIN=[DRAIN[visited=true asked=13313 pinned=13313 refused=0 DRAIN_MS=106 W319KNOB[budget_ms=3000 row_limit=65536] complete=true ] last_pinned_va=0x2047ff000
            ★★★ ATTRIBUTOR rc=2 VERDICT=2 UNMEASURED — no host Xid, and no CUP3_VAL to say whether that is a
            ⊘KFTIME-SEG vas_publish ABSENT — UNMEASURED
            ⊘host_rows UNMEASURED  unserviced_distinct=[40]
            Xid_lines=[0] 
            guest NVRM_lines=[31] stall_lines=[0]
=== W328 ARM EXIT status=0 2026-08-14T22:39:55+00:00
=== W328 ARM TERMINATOR w328ge rc=0 2026-08-14T22:39:55+00:00
