COLOR_READER uid=1000 driver=nvidia-drm master=1
COLOR_CRTC id=60 active=1 gamma_size=1024
COLOR_PROPERTY object=60 type=3435973836 name=NV_CRTC_REGAMMA_TF value=0
COLOR_PROPERTY object=60 type=3435973836 name=NV_CRTC_REGAMMA_LUT value=0
COLOR_PROPERTY object=60 type=3435973836 name=NV_CRTC_REGAMMA_LUT_SIZE value=1024
COLOR_PROPERTY object=60 type=3435973836 name=DEGAMMA_LUT value=0
COLOR_PROPERTY object=60 type=3435973836 name=DEGAMMA_LUT_SIZE value=1024
COLOR_PROPERTY object=60 type=3435973836 name=CTM value=0
COLOR_PROPERTY object=60 type=3435973836 name=GAMMA_LUT value=0
COLOR_PROPERTY object=60 type=3435973836 name=GAMMA_LUT_SIZE value=1024
COLOR_CRTC id=79 active=0 gamma_size=1024
COLOR_PROPERTY object=79 type=3435973836 name=NV_CRTC_REGAMMA_TF value=0
COLOR_PROPERTY object=79 type=3435973836 name=NV_CRTC_REGAMMA_LUT value=0
COLOR_PROPERTY object=79 type=3435973836 name=NV_CRTC_REGAMMA_LUT_SIZE value=1024
COLOR_PROPERTY object=79 type=3435973836 name=DEGAMMA_LUT value=0
COLOR_PROPERTY object=79 type=3435973836 name=DEGAMMA_LUT_SIZE value=1024
COLOR_PROPERTY object=79 type=3435973836 name=CTM value=0
COLOR_PROPERTY object=79 type=3435973836 name=GAMMA_LUT value=0
COLOR_PROPERTY object=79 type=3435973836 name=GAMMA_LUT_SIZE value=1024
COLOR_CRTC id=98 active=0 gamma_size=1024
COLOR_PROPERTY object=98 type=3435973836 name=NV_CRTC_REGAMMA_TF value=0
COLOR_PROPERTY object=98 type=3435973836 name=NV_CRTC_REGAMMA_LUT value=0
COLOR_PROPERTY object=98 type=3435973836 name=NV_CRTC_REGAMMA_LUT_SIZE value=1024
COLOR_PROPERTY object=98 type=3435973836 name=DEGAMMA_LUT value=0
COLOR_PROPERTY object=98 type=3435973836 name=DEGAMMA_LUT_SIZE value=1024
COLOR_PROPERTY object=98 type=3435973836 name=CTM value=0
COLOR_PROPERTY object=98 type=3435973836 name=GAMMA_LUT value=0
COLOR_PROPERTY object=98 type=3435973836 name=GAMMA_LUT_SIZE value=1024
COLOR_CRTC id=117 active=0 gamma_size=1024
COLOR_PROPERTY object=117 type=3435973836 name=NV_CRTC_REGAMMA_TF value=0
COLOR_PROPERTY object=117 type=3435973836 name=NV_CRTC_REGAMMA_LUT value=0
COLOR_PROPERTY object=117 type=3435973836 name=NV_CRTC_REGAMMA_LUT_SIZE value=1024
COLOR_PROPERTY object=117 type=3435973836 name=DEGAMMA_LUT value=0
COLOR_PROPERTY object=117 type=3435973836 name=DEGAMMA_LUT_SIZE value=1024
COLOR_PROPERTY object=117 type=3435973836 name=CTM value=0
COLOR_PROPERTY object=117 type=3435973836 name=GAMMA_LUT value=0
COLOR_PROPERTY object=117 type=3435973836 name=GAMMA_LUT_SIZE value=1024
COLOR_PROPERTY object=49 type=4008636142 name=NV_PLANE_BLEND_CTM value=0
COLOR_PROPERTY object=49 type=4008636142 name=NV_PLANE_DEGAMMA_TF value=0
COLOR_PROPERTY object=49 type=4008636142 name=NV_PLANE_DEGAMMA_MULTIPLIER value=4294967296
COLOR_PROPERTY object=49 type=4008636142 name=NV_PLANE_DEGAMMA_LUT value=0
COLOR_PROPERTY object=49 type=4008636142 name=NV_PLANE_DEGAMMA_LUT_SIZE value=1024
COLOR_PROPERTY object=61 type=4008636142 name=NV_PLANE_BLEND_CTM value=0
COLOR_PROPERTY object=61 type=4008636142 name=NV_PLANE_DEGAMMA_TF value=0
COLOR_PROPERTY object=61 type=4008636142 name=NV_PLANE_DEGAMMA_MULTIPLIER value=4294967296
COLOR_PROPERTY object=61 type=4008636142 name=NV_PLANE_DEGAMMA_LUT value=0
COLOR_PROPERTY object=61 type=4008636142 name=NV_PLANE_DEGAMMA_LUT_SIZE value=1024
COLOR_PROPERTY object=68 type=4008636142 name=NV_PLANE_BLEND_CTM value=0
COLOR_PROPERTY object=68 type=4008636142 name=NV_PLANE_DEGAMMA_TF value=0
COLOR_PROPERTY object=68 type=4008636142 name=NV_PLANE_DEGAMMA_MULTIPLIER value=4294967296
COLOR_PROPERTY object=68 type=4008636142 name=NV_PLANE_DEGAMMA_LUT value=0
COLOR_PROPERTY object=68 type=4008636142 name=NV_PLANE_DEGAMMA_LUT_SIZE value=1024
COLOR_PROPERTY object=80 type=4008636142 name=NV_PLANE_BLEND_CTM value=0
COLOR_PROPERTY object=80 type=4008636142 name=NV_PLANE_DEGAMMA_TF value=0
COLOR_PROPERTY object=80 type=4008636142 name=NV_PLANE_DEGAMMA_MULTIPLIER value=4294967296
COLOR_PROPERTY object=80 type=4008636142 name=NV_PLANE_DEGAMMA_LUT value=0
COLOR_PROPERTY object=80 type=4008636142 name=NV_PLANE_DEGAMMA_LUT_SIZE value=1024
COLOR_PROPERTY object=87 type=4008636142 name=NV_PLANE_BLEND_CTM value=0
COLOR_PROPERTY object=87 type=4008636142 name=NV_PLANE_DEGAMMA_TF value=0
COLOR_PROPERTY object=87 type=4008636142 name=NV_PLANE_DEGAMMA_MULTIPLIER value=4294967296
COLOR_PROPERTY object=87 type=4008636142 name=NV_PLANE_DEGAMMA_LUT value=0
COLOR_PROPERTY object=87 type=4008636142 name=NV_PLANE_DEGAMMA_LUT_SIZE value=1024
COLOR_PROPERTY object=99 type=4008636142 name=NV_PLANE_BLEND_CTM value=0
COLOR_PROPERTY object=99 type=4008636142 name=NV_PLANE_DEGAMMA_TF value=0
COLOR_PROPERTY object=99 type=4008636142 name=NV_PLANE_DEGAMMA_MULTIPLIER value=4294967296
COLOR_PROPERTY object=99 type=4008636142 name=NV_PLANE_DEGAMMA_LUT value=0
COLOR_PROPERTY object=99 type=4008636142 name=NV_PLANE_DEGAMMA_LUT_SIZE value=1024
COLOR_PROPERTY object=106 type=4008636142 name=NV_PLANE_BLEND_CTM value=0
COLOR_PROPERTY object=106 type=4008636142 name=NV_PLANE_DEGAMMA_TF value=0
COLOR_PROPERTY object=106 type=4008636142 name=NV_PLANE_DEGAMMA_MULTIPLIER value=4294967296
COLOR_PROPERTY object=106 type=4008636142 name=NV_PLANE_DEGAMMA_LUT value=0
COLOR_PROPERTY object=106 type=4008636142 name=NV_PLANE_DEGAMMA_LUT_SIZE value=1024
COLOR_PROPERTY object=118 type=4008636142 name=NV_PLANE_BLEND_CTM value=0
COLOR_PROPERTY object=118 type=4008636142 name=NV_PLANE_DEGAMMA_TF value=0
COLOR_PROPERTY object=118 type=4008636142 name=NV_PLANE_DEGAMMA_MULTIPLIER value=4294967296
COLOR_PROPERTY object=118 type=4008636142 name=NV_PLANE_DEGAMMA_LUT value=0
COLOR_PROPERTY object=118 type=4008636142 name=NV_PLANE_DEGAMMA_LUT_SIZE value=1024
