FAST_SUITE_STARTED=2026-09-26T23:24:56+00:00 arms=30 budget=180s
rev=1f3e4fc4
ARM                          VERDICT   secs  why
--timer                      PASS      17s   17s
FAST_CELL_ARM arm=timer verdict=PASS secs=17 client_ms=1929
--engines                    PASS      20s   20s
FAST_CELL_ARM arm=engines verdict=PASS secs=20 client_ms=3750
--doorbell-census            PASS      22s   22s
FAST_CELL_ARM arm=doorbell-census verdict=PASS secs=22 client_ms=6990
--gpu-info-sweep             PASS      17s   17s
FAST_CELL_ARM arm=gpu-info-sweep verdict=PASS secs=17 client_ms=2560
--bus-info-sweep             PASS      22s   22s
FAST_CELL_ARM arm=bus-info-sweep verdict=PASS secs=22 client_ms=6060
--concurrency                PASS      44s   44s
FAST_CELL_ARM arm=concurrency verdict=PASS secs=44 client_ms=28100
--defer-liveness             PASS      30s   30s
FAST_CELL_ARM arm=defer-liveness verdict=PASS secs=30 client_ms=15220
--blockage-coverage          PASS      18s   18s
FAST_CELL_ARM arm=blockage-coverage verdict=PASS secs=18 client_ms=2360
--alias-two-vas              PASS      17s   17s
FAST_CELL_ARM arm=alias-two-vas verdict=PASS secs=17 client_ms=2340
--alias-unmap-observe        PASS      18s   18s
FAST_CELL_ARM arm=alias-unmap-observe verdict=PASS secs=18 client_ms=1929
--map-propagation            PASS      16s   16s
FAST_CELL_ARM arm=map-propagation verdict=PASS secs=16 client_ms=1990
--late-map-race              PASS      18s   18s
FAST_CELL_ARM arm=late-map-race verdict=PASS secs=18 client_ms=2739
--missing-page-fault         PASS      21s   21s
FAST_CELL_ARM arm=missing-page-fault verdict=PASS secs=21 client_ms=5529
--uvm-invalidate             PASS      19s   19s
FAST_CELL_ARM arm=uvm-invalidate verdict=PASS secs=19 client_ms=3250
--uvm-mean                   PASS      20s   20s
FAST_CELL_ARM arm=uvm-mean verdict=PASS secs=20 client_ms=5120
--executor-vas               PASS      17s   17s
FAST_CELL_ARM arm=executor-vas verdict=PASS secs=17 client_ms=2150
--guest-ring-channel         PASS      17s   17s
FAST_CELL_ARM arm=guest-ring-channel verdict=PASS secs=17 client_ms=1920
--dictated-ring              PASS      18s   18s
FAST_CELL_ARM arm=dictated-ring verdict=PASS secs=18 client_ms=2160
--dictated-ring-negative     PASS      18s   18s
FAST_CELL_ARM arm=dictated-ring-negative verdict=PASS secs=18 client_ms=2139
--ce-client                  PASS      18s   18s
FAST_CELL_ARM arm=ce-client verdict=PASS secs=18 client_ms=2160
--ce-client-guest-ram        PASS      137s  137s
FAST_CELL_ARM arm=ce-client-guest-ram verdict=PASS secs=137 client_ms=121879
--guest-ram-pin              PASS      18s   18s
FAST_CELL_ARM arm=guest-ram-pin verdict=PASS secs=18 client_ms=2549
--bar1-crossing              PASS      18s   18s
FAST_CELL_ARM arm=bar1-crossing verdict=PASS secs=18 client_ms=2140
--atomics-probe              PASS      18s   18s
FAST_CELL_ARM arm=atomics-probe verdict=PASS secs=18 client_ms=2300
