=== cup8_ladder start=2026-10-10T07:15:48.6504657-07:00 host=DESKTOP-397P3NI session=0 boot=2026-10-10T13:30:47.5000000Z timeout=180
ok   cuInit(0)
ok   cuDeviceGetCount(&nd)
ok   cuDeviceGet(&d,0)
ok   cuCtxCreate(&ctx,0,d)
CTX OK
PTX_TARGET=sm_86 (device cc 8.9)
ok   cuModuleLoadData(&mod,PTX)
MODULE OK
ok   cuModuleGetFunction(&fn,mod,"mm")
FUNC OK
CUP8 matmul N=2048  per-matrix=16 MiB  device=48 MiB
ok   cuMemAlloc(&dA,sz)
ok   cuMemAlloc(&dB,sz)
ok   cuMemAlloc(&dC,sz)
MEMALLOC A=0x1006600000 B=0x1007600000 C=0x1008600000
ok   cuMemcpyHtoD(dA,hA,sz)
ok   cuMemcpyHtoD(dB,hB,sz)
ok   cuMemsetD32(dC,0,(size_t)N*N)
LAUNCH grid=(128,128) block=(16,16)
ok   cuLaunchKernel(fn, g,g,1, 16,16,1, 0,0, args,0)
LAUNCH OK
ok   cuCtxSynchronize()
SYNC OK
ok   cuMemcpyDtoH(hC,dC,sz)
CUP8 RESULT N=2048 bad=0 maxerr=0 C[0]=2048(exp 2048) -> PASS
CUP8 VERDICT: PASS (host GR matmul byte-exact at scale)
DONE
=== end rc=0 secs=4 2026-10-10T07:15:53.0576236-07:00
