[    76.595] 
X.Org X Server 1.21.1.11
X Protocol Version 11, Revision 0
[    76.595] Current Operating System: Linux ubuntu 6.8.0-142-generic #142-Ubuntu SMP PREEMPT_DYNAMIC Wed Sep  2 14:24:27 UTC 2026 x86_64
[    76.596] Kernel command line: BOOT_IMAGE=/vmlinuz-6.8.0-142-generic root=LABEL=cloudimg-rootfs ro console=tty1 console=ttyS0
[    76.596] xorg-server 2:21.1.12-1ubuntu1.8 (For technical support please see http://www.ubuntu.com/support) 
[    76.596] Current version of pixman: 0.42.2
[    76.596] 	Before reporting problems, check http://wiki.x.org
	to make sure that you have the latest version.
[    76.596] Markers: (--) probed, (**) from config file, (==) default setting,
	(++) from command line, (!!) notice, (II) informational,
	(WW) warning, (EE) error, (NI) not implemented, (??) unknown.
[    76.596] (==) Log file: "/var/log/Xorg.0.log", Time: Sat Oct  3 18:38:52 2026
[    76.601] (==) Using system config directory "/usr/share/X11/xorg.conf.d"
[    76.602] (==) No Layout section.  Using the first Screen section.
[    76.602] (==) No screen section available. Using defaults.
[    76.602] (**) |-->Screen "Default Screen Section" (0)
[    76.602] (**) |   |-->Monitor "<default monitor>"
[    76.604] (==) No monitor specified for screen "Default Screen Section".
	Using a default monitor configuration.
[    76.604] (**) Allowing byte-swapped clients
[    76.604] (==) Automatically adding devices
[    76.604] (==) Automatically enabling devices
[    76.604] (==) Automatically adding GPU devices
[    76.604] (==) Automatically binding GPU devices
[    76.604] (==) Max clients allowed: 256, resource mask: 0x1fffff
[    76.607] (WW) The directory "/usr/share/fonts/X11/cyrillic" does not exist.
[    76.607] 	Entry deleted from font path.
[    76.607] (WW) The directory "/usr/share/fonts/X11/100dpi/" does not exist.
[    76.607] 	Entry deleted from font path.
[    76.607] (WW) The directory "/usr/share/fonts/X11/75dpi/" does not exist.
[    76.607] 	Entry deleted from font path.
[    76.607] (WW) The directory "/usr/share/fonts/X11/Type1" does not exist.
[    76.607] 	Entry deleted from font path.
[    76.607] (WW) The directory "/usr/share/fonts/X11/100dpi" does not exist.
[    76.607] 	Entry deleted from font path.
[    76.607] (WW) The directory "/usr/share/fonts/X11/75dpi" does not exist.
[    76.607] 	Entry deleted from font path.
[    76.607] (==) FontPath set to:
	/usr/share/fonts/X11/misc,
	built-ins
[    76.607] (==) ModulePath set to "/usr/lib/xorg/modules"
[    76.607] (II) The server relies on udev to provide the list of input devices.
	If no devices become available, reconfigure udev or disable AutoAddDevices.
[    76.607] (II) Loader magic: 0x572c77456020
[    76.607] (II) Module ABI versions:
[    76.607] 	X.Org ANSI C Emulation: 0.4
[    76.607] 	X.Org Video Driver: 25.2
[    76.607] 	X.Org XInput driver : 24.4
[    76.607] 	X.Org Server Extension : 10.0
[    76.610] (++) using VT number 7

[    76.610] (II) systemd-logind: logind integration requires -keeptty and -keeptty was not provided, disabling logind integration
[    76.613] (II) xfree86: Adding drm device (/dev/dri/card0)
[    76.613] (II) Platform probe for /sys/devices/pci0000:00/0000:00:02.0/drm/card0
[    76.661] (--) PCI:*(0@0:2:0) 10de:2504:3842:3656 rev 161, Mem @ 0xfd000000/16777216, 0xe0000000000/134217728, 0xe0008000000/33554432, 0xfe040000/16384, BIOS @ 0x????????/131072
[    76.662] (II) LoadModule: "glx"
[    76.664] (II) Loading /usr/lib/xorg/modules/extensions/libglx.so
[    76.678] (II) Module glx: vendor="X.Org Foundation"
[    76.678] 	compiled for 1.21.1.11, module version = 1.0.0
[    76.678] 	ABI class: X.Org Server Extension, version 10.0
[    76.678] (II) Applying OutputClass "nvidia" to /dev/dri/card0
[    76.678] 	loading driver: nvidia
[    78.653] (==) Matched nvidia as autoconfigured driver 0
[    78.654] (==) Matched nouveau as autoconfigured driver 1
[    78.654] (==) Matched modesetting as autoconfigured driver 2
[    78.654] (==) Matched fbdev as autoconfigured driver 3
[    78.654] (==) Matched vesa as autoconfigured driver 4
[    78.654] (==) Assigned the driver to the xf86ConfigLayout
[    78.654] (II) LoadModule: "nvidia"
[    78.656] (II) Loading /usr/lib/xorg/modules/drivers/nvidia_drv.so
[    78.665] (II) Module nvidia: vendor="NVIDIA Corporation"
[    78.665] 	compiled for 1.6.99.901, module version = 1.0.0
[    78.665] 	Module class: X.Org Video Driver
[    78.666] (II) LoadModule: "nouveau"
[    78.666] (WW) Warning, couldn't open module nouveau
[    78.667] (EE) Failed to load module "nouveau" (module does not exist, 0)
[    78.667] (II) LoadModule: "modesetting"
[    78.667] (II) Loading /usr/lib/xorg/modules/drivers/modesetting_drv.so
[    78.669] (II) Module modesetting: vendor="X.Org Foundation"
[    78.669] 	compiled for 1.21.1.11, module version = 1.21.1
[    78.669] 	Module class: X.Org Video Driver
[    78.669] 	ABI class: X.Org Video Driver, version 25.2
[    78.669] (II) LoadModule: "fbdev"
[    78.669] (WW) Warning, couldn't open module fbdev
[    78.669] (EE) Failed to load module "fbdev" (module does not exist, 0)
[    78.669] (II) LoadModule: "vesa"
[    78.670] (WW) Warning, couldn't open module vesa
[    78.670] (EE) Failed to load module "vesa" (module does not exist, 0)
[    78.670] (II) Applying OutputClass "nvidia" to /dev/dri/card0
[    78.670] 	loading driver: nvidia
[    80.528] (==) Matched nvidia as autoconfigured driver 0
[    80.528] (==) Matched nouveau as autoconfigured driver 1
[    80.528] (==) Matched modesetting as autoconfigured driver 2
[    80.528] (==) Matched fbdev as autoconfigured driver 3
[    80.528] (==) Matched vesa as autoconfigured driver 4
[    80.528] (==) Assigned the driver to the xf86ConfigLayout
[    80.528] (II) LoadModule: "nvidia"
[    80.528] (II) Loading /usr/lib/xorg/modules/drivers/nvidia_drv.so
[    80.528] (II) Module nvidia: vendor="NVIDIA Corporation"
[    80.528] 	compiled for 1.6.99.901, module version = 1.0.0
[    80.528] 	Module class: X.Org Video Driver
[    80.528] (II) UnloadModule: "nvidia"
[    80.528] (II) Unloading nvidia
[    80.528] (II) Failed to load module "nvidia" (already loaded, 0)
[    80.528] (II) LoadModule: "nouveau"
[    80.529] (WW) Warning, couldn't open module nouveau
[    80.529] (EE) Failed to load module "nouveau" (module does not exist, 0)
[    80.529] (II) LoadModule: "modesetting"
[    80.529] (II) Loading /usr/lib/xorg/modules/drivers/modesetting_drv.so
[    80.529] (II) Module modesetting: vendor="X.Org Foundation"
[    80.529] 	compiled for 1.21.1.11, module version = 1.21.1
[    80.529] 	Module class: X.Org Video Driver
[    80.529] 	ABI class: X.Org Video Driver, version 25.2
[    80.529] (II) UnloadModule: "modesetting"
[    80.529] (II) Unloading modesetting
[    80.529] (II) Failed to load module "modesetting" (already loaded, 0)
[    80.529] (II) LoadModule: "fbdev"
[    80.529] (WW) Warning, couldn't open module fbdev
[    80.529] (EE) Failed to load module "fbdev" (module does not exist, 0)
[    80.529] (II) LoadModule: "vesa"
[    80.529] (WW) Warning, couldn't open module vesa
[    80.529] (EE) Failed to load module "vesa" (module does not exist, 0)
[    80.529] (II) NVIDIA dlloader X Driver  580.159.04  Wed Apr 29 17:01:30 UTC 2026
[    80.529] (II) NVIDIA Unified Driver for all Supported NVIDIA GPUs
[    80.530] (II) modesetting: Driver for Modesetting Kernel Drivers: kms
[    80.549] (II) Loading sub module "fb"
[    80.549] (II) LoadModule: "fb"
[    80.549] (II) Module "fb" already built-in
[    80.549] (II) Loading sub module "wfb"
[    80.549] (II) LoadModule: "wfb"
[    80.549] (II) Loading /usr/lib/xorg/modules/libwfb.so
[    80.551] (II) Module wfb: vendor="X.Org Foundation"
[    80.551] 	compiled for 1.21.1.11, module version = 1.0.0
[    80.551] 	ABI class: X.Org ANSI C Emulation, version 0.4
[    80.555] (WW) Falling back to old probe method for modesetting
[    80.562] (II) NVIDIA(0): Creating default Display subsection in Screen section
	"Default Screen Section" for depth/fbbpp 24/32
[    80.562] (==) NVIDIA(0): Depth 24, (==) framebuffer bpp 32
[    80.562] (==) NVIDIA(0): RGB weight 888
[    80.562] (==) NVIDIA(0): Default visual is TrueColor
[    80.562] (==) NVIDIA(0): Using gamma correction (1.0, 1.0, 1.0)
[    80.563] (**) NVIDIA(0): Enabling 2D acceleration
[    80.563] (II) Loading sub module "glxserver_nvidia"
[    80.563] (II) LoadModule: "glxserver_nvidia"
[    80.563] (II) Loading /usr/lib/xorg/modules/extensions/libglxserver_nvidia.so
[    81.209] (II) Module glxserver_nvidia: vendor="NVIDIA Corporation"
[    81.209] 	compiled for 1.6.99.901, module version = 1.0.0
[    81.209] 	Module class: X.Org Server Extension
[    81.209] (II) NVIDIA GLX Module  580.159.04  Wed Apr 29 17:07:05 UTC 2026
[    81.210] (II) NVIDIA: The X server supports PRIME Render Offload.
[    81.224] (EE) NVIDIA(GPU-0): Failed to get virtual display support info.
[    81.225] (--) NVIDIA(0): Valid display device(s) on GPU-0 at PCI:0:2:0
[    81.225] (--) NVIDIA(0):     DFP-0
[    81.562] (II) NVIDIA(0): NVIDIA GPU NVIDIA GeForce RTX 3060 (GA106-A) at PCI:0:2:0
[    81.562] (II) NVIDIA(0):     (GPU-0)
[    81.562] (--) NVIDIA(0): Memory: 8388608 kBytes
[    81.563] (--) NVIDIA(0): VideoBIOS: 94.06.25.00.63
[    81.563] (II) NVIDIA(0): Detected PCI Express Link width: 16X
[    84.665] (--) NVIDIA(GPU-0): KFB kayfabe (DFP-0): connected
[    84.665] (--) NVIDIA(GPU-0): KFB kayfabe (DFP-0): Internal TMDS
[    84.665] (--) NVIDIA(GPU-0): KFB kayfabe (DFP-0): 165.0 MHz maximum pixel clock
[    84.665] (--) NVIDIA(GPU-0): 
[    84.688] (==) NVIDIA(0): 
[    84.688] (==) NVIDIA(0): No modes were requested; the default mode "nvidia-auto-select"
[    84.688] (==) NVIDIA(0):     will be used as the requested mode.
[    84.688] (==) NVIDIA(0): 
[    84.694] (II) NVIDIA(0): Validated MetaModes:
[    84.694] (II) NVIDIA(0):     "DFP-0:nvidia-auto-select"
[    84.695] (II) NVIDIA(0): Virtual screen size determined to be 1920 x 1080
[    84.780] (--) NVIDIA(0): DPI set to (195, 109); computed from "UseEdidDpi" X config
[    84.780] (--) NVIDIA(0):     option
[    84.780] (II) UnloadModule: "modesetting"
[    84.780] (II) Unloading modesetting
[    84.783] (II) NVIDIA: Reserving 24576.00 MB of virtual memory for indirect memory
[    84.783] (II) NVIDIA:     access.
[    84.865] (II) NVIDIA(0): ACPI: failed to connect to the ACPI event daemon; the daemon
[    84.865] (II) NVIDIA(0):     may not be running or the "AcpidSocketPath" X
[    84.865] (II) NVIDIA(0):     configuration option may not be set correctly.  When the
[    84.865] (II) NVIDIA(0):     ACPI event daemon is available, the NVIDIA X driver will
[    84.865] (II) NVIDIA(0):     try to use it to receive ACPI event notifications.  For
[    84.865] (II) NVIDIA(0):     details, please see the "ConnectToAcpid" and
[    84.865] (II) NVIDIA(0):     "AcpidSocketPath" X configuration options in Appendix B: X
[    84.865] (II) NVIDIA(0):     Config Options in the README.
[    85.114] (II) NVIDIA(0): Setting mode "DFP-0:nvidia-auto-select"
[    85.277] (==) NVIDIA(0): Disabling shared memory pixmaps
[    85.277] (==) NVIDIA(0): Backing store enabled
[    85.277] (==) NVIDIA(0): Silken mouse enabled
[    85.279] (==) NVIDIA(0): DPMS enabled
[    85.281] (II) Loading sub module "dri2"
[    85.281] (II) LoadModule: "dri2"
[    85.281] (II) Module "dri2" already built-in
[    85.283] (II) NVIDIA(0): [DRI2] Setup complete
[    85.283] (II) NVIDIA(0): [DRI2]   VDPAU driver: nvidia
[    85.283] (II) Initializing extension Generic Event Extension
[    85.284] (II) Initializing extension SHAPE
[    85.284] (II) Initializing extension MIT-SHM
[    85.284] (II) Initializing extension XInputExtension
[    85.286] (II) Initializing extension XTEST
[    85.287] (II) Initializing extension BIG-REQUESTS
[    85.287] (II) Initializing extension SYNC
[    85.287] (II) Initializing extension XKEYBOARD
[    85.288] (II) Initializing extension XC-MISC
[    85.288] (II) Initializing extension SECURITY
[    85.288] (II) Initializing extension XFIXES
[    85.288] (II) Initializing extension RENDER
[    85.288] (II) Initializing extension RANDR
[    85.288] (II) Initializing extension COMPOSITE
[    85.289] (II) Initializing extension DAMAGE
[    85.289] (II) Initializing extension MIT-SCREEN-SAVER
[    85.289] (II) Initializing extension DOUBLE-BUFFER
[    85.289] (II) Initializing extension RECORD
[    85.289] (II) Initializing extension DPMS
[    85.289] (II) Initializing extension Present
[    85.290] (II) Initializing extension DRI3
[    85.290] (II) Initializing extension X-Resource
[    85.290] (II) Initializing extension XVideo
[    85.290] (II) Initializing extension XVideo-MotionCompensation
[    85.290] (II) Initializing extension SELinux
[    85.290] (II) SELinux: Disabled on system
[    85.290] (II) Initializing extension GLX
[    85.290] (II) Initializing extension GLX
[    85.290] (II) Indirect GLX disabled.
[    85.290] (II) GLX: Another vendor is already registered for screen 0
[    85.290] (II) Initializing extension XFree86-VidModeExtension
[    85.291] (II) Initializing extension XFree86-DGA
[    85.291] (II) Initializing extension XFree86-DRI
[    85.291] (II) Initializing extension DRI2
[    85.291] (II) Initializing extension NV-GLX
[    85.291] (II) Initializing extension NV-CONTROL
[    85.291] (II) Initializing extension XINERAMA
[    86.043] (II) config/udev: Adding input device Power Button (/dev/input/event0)
[    86.044] (**) Power Button: Applying InputClass "libinput keyboard catchall"
[    86.044] (II) LoadModule: "libinput"
[    86.044] (II) Loading /usr/lib/xorg/modules/input/libinput_drv.so
[    86.059] (II) Module libinput: vendor="X.Org Foundation"
[    86.059] 	compiled for 1.21.1.11, module version = 1.4.0
[    86.059] 	Module class: X.Org XInput Driver
[    86.059] 	ABI class: X.Org XInput driver, version 24.4
[    86.059] (II) Using input driver 'libinput' for 'Power Button'
[    86.059] (**) Power Button: always reports core events
[    86.059] (**) Option "Device" "/dev/input/event0"
[    86.090] (II) event0  - Power Button: is tagged by udev as: Keyboard
[    86.090] (II) event0  - Power Button: device is a keyboard
[    86.091] (II) event0  - Power Button: device removed
[    86.101] (**) Option "config_info" "udev:/sys/devices/LNXSYSTM:00/LNXPWRBN:00/input/input0/event0"
[    86.101] (II) XINPUT: Adding extended input device "Power Button" (type: KEYBOARD, id 6)
[    86.101] (**) Option "xkb_model" "pc105"
[    86.101] (**) Option "xkb_layout" "us"
[    86.103] (II) event0  - Power Button: is tagged by udev as: Keyboard
[    86.103] (II) event0  - Power Button: device is a keyboard
[    86.105] (II) config/udev: Adding input device AT Translated Set 2 keyboard (/dev/input/event1)
[    86.105] (**) AT Translated Set 2 keyboard: Applying InputClass "libinput keyboard catchall"
[    86.105] (II) Using input driver 'libinput' for 'AT Translated Set 2 keyboard'
[    86.105] (**) AT Translated Set 2 keyboard: always reports core events
[    86.105] (**) Option "Device" "/dev/input/event1"
[    86.107] (II) event1  - AT Translated Set 2 keyboard: is tagged by udev as: Keyboard
[    86.107] (II) event1  - AT Translated Set 2 keyboard: device is a keyboard
[    86.107] (II) event1  - AT Translated Set 2 keyboard: device removed
[    86.115] (**) Option "config_info" "udev:/sys/devices/platform/i8042/serio0/input/input1/event1"
[    86.115] (II) XINPUT: Adding extended input device "AT Translated Set 2 keyboard" (type: KEYBOARD, id 7)
[    86.115] (**) Option "xkb_model" "pc105"
[    86.115] (**) Option "xkb_layout" "us"
[    86.117] (II) event1  - AT Translated Set 2 keyboard: is tagged by udev as: Keyboard
[    86.117] (II) event1  - AT Translated Set 2 keyboard: device is a keyboard
[    86.119] (II) config/udev: Adding input device VirtualPS/2 VMware VMMouse (/dev/input/event3)
[    86.119] (**) VirtualPS/2 VMware VMMouse: Applying InputClass "libinput pointer catchall"
[    86.119] (II) Using input driver 'libinput' for 'VirtualPS/2 VMware VMMouse'
[    86.119] (**) VirtualPS/2 VMware VMMouse: always reports core events
[    86.119] (**) Option "Device" "/dev/input/event3"
[    86.121] (II) event3  - VirtualPS/2 VMware VMMouse: is tagged by udev as: Mouse
[    86.121] (II) event3  - VirtualPS/2 VMware VMMouse: device is a pointer
[    86.121] (II) event3  - VirtualPS/2 VMware VMMouse: device removed
[    86.141] (II) libinput: VirtualPS/2 VMware VMMouse: Step value 0 was provided, libinput Fallback acceleration function is used.
[    86.141] (II) libinput: VirtualPS/2 VMware VMMouse: Step value 0 was provided, libinput Fallback acceleration function is used.
[    86.141] (II) libinput: VirtualPS/2 VMware VMMouse: Step value 0 was provided, libinput Fallback acceleration function is used.
[    86.141] (**) Option "config_info" "udev:/sys/devices/platform/i8042/serio1/input/input3/event3"
[    86.141] (II) XINPUT: Adding extended input device "VirtualPS/2 VMware VMMouse" (type: MOUSE, id 8)
[    86.141] (**) Option "AccelerationScheme" "none"
[    86.141] (**) VirtualPS/2 VMware VMMouse: (accel) selected scheme none/0
[    86.141] (**) VirtualPS/2 VMware VMMouse: (accel) acceleration factor: 2.000
[    86.141] (**) VirtualPS/2 VMware VMMouse: (accel) acceleration threshold: 4
[    86.143] (II) event3  - VirtualPS/2 VMware VMMouse: is tagged by udev as: Mouse
[    86.143] (II) event3  - VirtualPS/2 VMware VMMouse: device is a pointer
[    86.145] (II) config/udev: Adding input device VirtualPS/2 VMware VMMouse (/dev/input/mouse1)
[    86.145] (II) No input driver specified, ignoring this device.
[    86.145] (II) This device may have been added with another device file.
[    86.145] (II) config/udev: Adding input device VirtualPS/2 VMware VMMouse (/dev/input/event2)
[    86.145] (**) VirtualPS/2 VMware VMMouse: Applying InputClass "libinput pointer catchall"
[    86.145] (II) Using input driver 'libinput' for 'VirtualPS/2 VMware VMMouse'
[    86.146] (**) VirtualPS/2 VMware VMMouse: always reports core events
[    86.146] (**) Option "Device" "/dev/input/event2"
[    86.147] (II) event2  - VirtualPS/2 VMware VMMouse: is tagged by udev as: Mouse
[    86.148] (II) event2  - VirtualPS/2 VMware VMMouse: device is a pointer
[    86.148] (II) event2  - VirtualPS/2 VMware VMMouse: device removed
[    86.167] (**) Option "config_info" "udev:/sys/devices/platform/i8042/serio1/input/input4/event2"
[    86.167] (II) XINPUT: Adding extended input device "VirtualPS/2 VMware VMMouse" (type: MOUSE, id 9)
[    86.167] (**) Option "AccelerationScheme" "none"
[    86.167] (**) VirtualPS/2 VMware VMMouse: (accel) selected scheme none/0
[    86.167] (**) VirtualPS/2 VMware VMMouse: (accel) acceleration factor: 2.000
[    86.167] (**) VirtualPS/2 VMware VMMouse: (accel) acceleration threshold: 4
[    86.169] (II) event2  - VirtualPS/2 VMware VMMouse: is tagged by udev as: Mouse
[    86.169] (II) event2  - VirtualPS/2 VMware VMMouse: device is a pointer
[    86.171] (II) config/udev: Adding input device VirtualPS/2 VMware VMMouse (/dev/input/mouse0)
[    86.171] (II) No input driver specified, ignoring this device.
[    86.171] (II) This device may have been added with another device file.
[    86.188] (II) event0  - Power Button: device removed
[    86.198] (II) event1  - AT Translated Set 2 keyboard: device removed
[    86.206] (II) event3  - VirtualPS/2 VMware VMMouse: device removed
[    86.226] (II) event2  - VirtualPS/2 VMware VMMouse: device removed
[    86.356] (II) UnloadModule: "libinput"
[    86.356] (II) UnloadModule: "libinput"
[    86.356] (II) UnloadModule: "libinput"
[    86.356] (II) UnloadModule: "libinput"
[    86.645] (II) NVIDIA(0): ACPI: failed to connect to the ACPI event daemon; the daemon
[    86.645] (II) NVIDIA(0):     may not be running or the "AcpidSocketPath" X
[    86.645] (II) NVIDIA(0):     configuration option may not be set correctly.  When the
[    86.645] (II) NVIDIA(0):     ACPI event daemon is available, the NVIDIA X driver will
[    86.645] (II) NVIDIA(0):     try to use it to receive ACPI event notifications.  For
[    86.645] (II) NVIDIA(0):     details, please see the "ConnectToAcpid" and
[    86.645] (II) NVIDIA(0):     "AcpidSocketPath" X configuration options in Appendix B: X
[    86.645] (II) NVIDIA(0):     Config Options in the README.
[    86.651] (--) NVIDIA(GPU-0): KFB kayfabe (DFP-0): connected
[    86.651] (--) NVIDIA(GPU-0): KFB kayfabe (DFP-0): Internal TMDS
[    86.651] (--) NVIDIA(GPU-0): KFB kayfabe (DFP-0): 165.0 MHz maximum pixel clock
[    86.651] (--) NVIDIA(GPU-0): 
[    86.924] (II) NVIDIA(0): Setting mode "DFP-0:nvidia-auto-select"
[    87.119] (==) NVIDIA(0): Disabling shared memory pixmaps
[    87.120] (==) NVIDIA(0): DPMS enabled
[    87.131] (II) Loading sub module "dri2"
[    87.131] (II) LoadModule: "dri2"
[    87.131] (II) Module "dri2" already built-in
[    87.131] (II) NVIDIA(0): [DRI2] Setup complete
[    87.131] (II) NVIDIA(0): [DRI2]   VDPAU driver: nvidia
[    87.131] (II) Initializing extension Generic Event Extension
[    87.131] (II) Initializing extension SHAPE
[    87.131] (II) Initializing extension MIT-SHM
[    87.132] (II) Initializing extension XInputExtension
[    87.132] (II) Initializing extension XTEST
[    87.136] (II) Initializing extension BIG-REQUESTS
[    87.136] (II) Initializing extension SYNC
[    87.136] (II) Initializing extension XKEYBOARD
[    87.136] (II) Initializing extension XC-MISC
[    87.136] (II) Initializing extension SECURITY
[    87.136] (II) Initializing extension XFIXES
[    87.137] (II) Initializing extension RENDER
[    87.137] (II) Initializing extension RANDR
[    87.137] (II) Initializing extension COMPOSITE
[    87.137] (II) Initializing extension DAMAGE
[    87.137] (II) Initializing extension MIT-SCREEN-SAVER
[    87.137] (II) Initializing extension DOUBLE-BUFFER
[    87.138] (II) Initializing extension RECORD
[    87.138] (II) Initializing extension DPMS
[    87.138] (II) Initializing extension Present
[    87.138] (II) Initializing extension DRI3
[    87.138] (II) Initializing extension X-Resource
[    87.138] (II) Initializing extension XVideo
[    87.138] (II) Initializing extension XVideo-MotionCompensation
[    87.138] (II) Initializing extension SELinux
[    87.138] (II) SELinux: Disabled on system
[    87.138] (II) Initializing extension GLX
[    87.139] (II) Initializing extension GLX
[    87.139] (II) Indirect GLX disabled.
[    87.139] (II) GLX: Another vendor is already registered for screen 0
[    87.139] (II) Initializing extension XFree86-VidModeExtension
[    87.139] (II) Initializing extension XFree86-DGA
[    87.139] (II) Initializing extension XFree86-DRI
[    87.139] (II) Initializing extension DRI2
[    87.139] (II) Initializing extension NV-GLX
[    87.139] (II) Initializing extension NV-CONTROL
[    87.139] (II) Initializing extension XINERAMA
[    87.312] (II) config/udev: Adding input device Power Button (/dev/input/event0)
[    87.312] (**) Power Button: Applying InputClass "libinput keyboard catchall"
[    87.312] (II) Using input driver 'libinput' for 'Power Button'
[    87.312] (**) Power Button: always reports core events
[    87.312] (**) Option "Device" "/dev/input/event0"
[    87.315] (II) event0  - Power Button: is tagged by udev as: Keyboard
[    87.315] (II) event0  - Power Button: device is a keyboard
[    87.315] (II) event0  - Power Button: device removed
[    87.321] (**) Option "config_info" "udev:/sys/devices/LNXSYSTM:00/LNXPWRBN:00/input/input0/event0"
[    87.321] (**) Option "xkb_model" "pc105"
[    87.321] (**) Option "xkb_layout" "us"
[    87.322] (II) event0  - Power Button: is tagged by udev as: Keyboard
[    87.322] (II) event0  - Power Button: device is a keyboard
[    87.324] (II) config/udev: Adding input device AT Translated Set 2 keyboard (/dev/input/event1)
[    87.324] (**) AT Translated Set 2 keyboard: Applying InputClass "libinput keyboard catchall"
[    87.324] (II) Using input driver 'libinput' for 'AT Translated Set 2 keyboard'
[    87.324] (**) AT Translated Set 2 keyboard: always reports core events
[    87.324] (**) Option "Device" "/dev/input/event1"
[    87.325] (II) event1  - AT Translated Set 2 keyboard: is tagged by udev as: Keyboard
[    87.325] (II) event1  - AT Translated Set 2 keyboard: device is a keyboard
[    87.326] (II) event1  - AT Translated Set 2 keyboard: device removed
[    87.335] (**) Option "config_info" "udev:/sys/devices/platform/i8042/serio0/input/input1/event1"
[    87.335] (**) Option "xkb_model" "pc105"
[    87.335] (**) Option "xkb_layout" "us"
[    87.336] (II) event1  - AT Translated Set 2 keyboard: is tagged by udev as: Keyboard
[    87.336] (II) event1  - AT Translated Set 2 keyboard: device is a keyboard
[    87.338] (II) config/udev: Adding input device VirtualPS/2 VMware VMMouse (/dev/input/event3)
[    87.338] (**) VirtualPS/2 VMware VMMouse: Applying InputClass "libinput pointer catchall"
[    87.338] (II) Using input driver 'libinput' for 'VirtualPS/2 VMware VMMouse'
[    87.338] (**) VirtualPS/2 VMware VMMouse: always reports core events
[    87.338] (**) Option "Device" "/dev/input/event3"
[    87.339] (II) event3  - VirtualPS/2 VMware VMMouse: is tagged by udev as: Mouse
[    87.339] (II) event3  - VirtualPS/2 VMware VMMouse: device is a pointer
[    87.340] (II) event3  - VirtualPS/2 VMware VMMouse: device removed
[    87.356] (II) libinput: VirtualPS/2 VMware VMMouse: Step value 0 was provided, libinput Fallback acceleration function is used.
[    87.356] (II) libinput: VirtualPS/2 VMware VMMouse: Step value 0 was provided, libinput Fallback acceleration function is used.
[    87.356] (II) libinput: VirtualPS/2 VMware VMMouse: Step value 0 was provided, libinput Fallback acceleration function is used.
[    87.356] (**) Option "config_info" "udev:/sys/devices/platform/i8042/serio1/input/input3/event3"
[    87.356] (**) Option "AccelerationScheme" "none"
[    87.356] (**) VirtualPS/2 VMware VMMouse: (accel) selected scheme none/0
[    87.356] (**) VirtualPS/2 VMware VMMouse: (accel) acceleration factor: 2.000
[    87.356] (**) VirtualPS/2 VMware VMMouse: (accel) acceleration threshold: 4
[    87.357] (II) event3  - VirtualPS/2 VMware VMMouse: is tagged by udev as: Mouse
[    87.357] (II) event3  - VirtualPS/2 VMware VMMouse: device is a pointer
[    87.358] (II) config/udev: Adding input device VirtualPS/2 VMware VMMouse (/dev/input/mouse1)
[    87.359] (II) No input driver specified, ignoring this device.
[    87.359] (II) This device may have been added with another device file.
[    87.359] (II) config/udev: Adding input device VirtualPS/2 VMware VMMouse (/dev/input/event2)
[    87.359] (**) VirtualPS/2 VMware VMMouse: Applying InputClass "libinput pointer catchall"
[    87.359] (II) Using input driver 'libinput' for 'VirtualPS/2 VMware VMMouse'
[    87.359] (**) VirtualPS/2 VMware VMMouse: always reports core events
[    87.359] (**) Option "Device" "/dev/input/event2"
[    87.361] (II) event2  - VirtualPS/2 VMware VMMouse: is tagged by udev as: Mouse
[    87.361] (II) event2  - VirtualPS/2 VMware VMMouse: device is a pointer
[    87.361] (II) event2  - VirtualPS/2 VMware VMMouse: device removed
[    87.377] (**) Option "config_info" "udev:/sys/devices/platform/i8042/serio1/input/input4/event2"
[    87.377] (**) Option "AccelerationScheme" "none"
[    87.377] (**) VirtualPS/2 VMware VMMouse: (accel) selected scheme none/0
[    87.377] (**) VirtualPS/2 VMware VMMouse: (accel) acceleration factor: 2.000
[    87.377] (**) VirtualPS/2 VMware VMMouse: (accel) acceleration threshold: 4
[    87.378] (II) event2  - VirtualPS/2 VMware VMMouse: is tagged by udev as: Mouse
[    87.379] (II) event2  - VirtualPS/2 VMware VMMouse: device is a pointer
[    87.380] (II) config/udev: Adding input device VirtualPS/2 VMware VMMouse (/dev/input/mouse0)
[    87.380] (II) No input driver specified, ignoring this device.
[    87.380] (II) This device may have been added with another device file.
[    88.962] (--) NVIDIA(GPU-0): KFB kayfabe (DFP-0): connected
[    88.962] (--) NVIDIA(GPU-0): KFB kayfabe (DFP-0): Internal TMDS
[    88.962] (--) NVIDIA(GPU-0): KFB kayfabe (DFP-0): 165.0 MHz maximum pixel clock
[    88.962] (--) NVIDIA(GPU-0): 
[    89.028] (--) NVIDIA(GPU-0): KFB kayfabe (DFP-0): connected
[    89.028] (--) NVIDIA(GPU-0): KFB kayfabe (DFP-0): Internal TMDS
[    89.028] (--) NVIDIA(GPU-0): KFB kayfabe (DFP-0): 165.0 MHz maximum pixel clock
[    89.028] (--) NVIDIA(GPU-0): 
[    91.370] (--) NVIDIA(GPU-0): KFB kayfabe (DFP-0): connected
[    91.371] (--) NVIDIA(GPU-0): KFB kayfabe (DFP-0): Internal TMDS
[    91.371] (--) NVIDIA(GPU-0): KFB kayfabe (DFP-0): 165.0 MHz maximum pixel clock
[    91.371] (--) NVIDIA(GPU-0): 
