ORCH5_START 2026-10-10T23:29:27+02:00
LANE_START validate_c66 2026-10-10T23:38:06+02:00 xid_before=28 uptime=100766.04
LANE_END validate_c66 rc=0 2026-10-10T23:38:28+02:00 uptime=100787.37 new_xid=1
LANE_START gates_pb 2026-10-10T23:38:28+02:00 xid_before=29 uptime=100787.39
V3_GATES_START 2026-10-10T23:38:28+02:00
HEAD=89721ca4 dirty=0
GPU=NVIDIA GeForce RTX 4070, 595.91.07
warning: variable does not need to be mutable
   --> crates/kf-harness/src/bin/kf-gate4.rs:492:9
    |
492 |     let mut plane = Plane::for_family(
    |         ----^^^^^
    |         |
    |         help: remove this `mut`
    |
    = note: `#[warn(unused_mut)]` (part of `#[warn(unused)]`) on by default

warning: variable does not need to be mutable
   --> crates/kf-harness/src/bin/kf-gate9.rs:643:9
    |
643 |     let mut gpu_at = |n: u64, v: &mut Vec<u64>, us: u64| {
    |         ----^^^^^^
    |         |
    |         help: remove this `mut`
    |
    = note: `#[warn(unused_mut)]` (part of `#[warn(unused)]`) on by default

=== kf-gate1
kf-host: host tier: stock
MEASURE session driver 595.91.07
kf-host: channel birth h=0xcafe000b engine=0x9 reply_flags=0x00000080 PRIVILEGED_CHANNEL=0 privilege=USER cap_sys_admin=cleared-for-call
MEASURE channel tsg=0xcafe000a chan=0xcafe000b token=0x4
MEASURE ce_notifiers_armed CE0:true CE1:true CE2:true CE3:true CE4:true CE5:true CE6:true CE7:true CE8:true CE9:true
MEASURE quiet wakes=0 in 300 ms with nothing submitted
CHECK none_arm_work_completes PASS Submitted { wakes: 0, early_wakes: 0, seen_at_wake: false, event_us: 300345, ce_released: true, fence_landed: true }
MEASURE none_arm_wakes wakes=0 (an edge with no trigger of ours = someone else's)
CHECK ce_intr_arm_work_completes PASS Submitted { wakes: 1, early_wakes: 0, seen_at_wake: true, event_us: 28, ce_released: true, fence_landed: true }
MEASURE ce_intr_arm_edge seen_at_wake=true wakes=1 after_us=28
CHECK bytes_copied_by_engine PASS 20 copies x 1024 words, 0 wrong
CHECK nsi_completion_seen_at_wake PASS 20/20 fences read AT a wake; early_wakes=0; us p50=19 p90=22 max=30
GATE1_VERDICT=PASS
=== kf-gate2
kf-host: host tier: stock
kf-cuda: cuda thread posture thread=main cap_sys_admin=cleared-for-thread-life (libcuda's channels from this thread, and from threads it starts, are created without CAP_SYS_ADMIN)
MEASURE store store 0xcafe0004 256 MiB contiguous_aligned=true imported into the walker
MEASURE publish_first diff_runs=2 mapped=2 unmapped=0 refused=0 invalidated=true gpu_us=95 us=342
CHECK first_publish_maps_the_guest_ranges PASS 2 runs mapped (want 2 coalesced)
kf-host: channel birth h=0xcafe000b engine=0x9 reply_flags=0x00000080 PRIVILEGED_CHANNEL=0 privilege=USER cap_sys_admin=not-held
CHECK copy1_completes_by_event PASS Submitted { wakes: 1, early_wakes: 0, seen_at_wake: true, event_us: 28, ce_released: true, fence_landed: true }
CHECK copy1_lands_where_the_guest_mapped_it PASS DATA_B == DATA_A pattern
MEASURE publish_unchanged diff_runs=0 mapped=0 unmapped=0 refused=0 invalidated=false gpu_us=85 us=151
CHECK unchanged_tables_change_nothing PASS diff_runs=0 mapped=0 unmapped=0
MEASURE publish_remap diff_runs=2 mapped=1 unmapped=1 refused=0 invalidated=true gpu_us=94 us=210
CHECK remap_reconciles PASS mapped=1 unmapped=1
CHECK copy2_completes_by_event PASS Submitted { wakes: 2, early_wakes: 1, seen_at_wake: true, event_us: 19, ce_released: true, fence_landed: true }
CHECK copy2_follows_the_remap PASS DATA_C == DATA_A pattern
CHECK old_target_untouched PASS DATA_B still zero
GATE2_VERDICT=PASS
=== kf-gate3
kf-host: host tier: stock
kf-cuda: cuda thread posture thread=main cap_sys_admin=cleared-for-thread-life (libcuda's channels from this thread, and from threads it starts, are created without CAP_SYS_ADMIN)
MEASURE identity_window base=0x1fffff0000000 bytes=0x10000000 us=44 (GROWS_DOWN, read back)
MEASURE ram_window base=0x1ffffec000000 bytes=0x4000000 us=29235
CHECK windows_distinct PASS fb=0x1fffff0000000 ram=0x1ffffec000000
MEASURE publish_boot diff_runs=1 mapped=1 unmapped=0 refused=0 us=333
CHECK kernel_vas_published PASS 1 runs
kf-host: channel birth h=0xcafe000d engine=0x9 reply_flags=0x00000080 PRIVILEGED_CHANNEL=0 privilege=USER cap_sys_admin=not-held
MEASURE publish_at_split diff_runs=1 mapped=1 unmapped=0 refused=0 us=270
MEASURE translated fetched=3 submissions=3 splits=1 wakes=3 pumps=4 us=405
CHECK forwarded_per_token PASS fetched=3 submissions=3
CHECK fill_zeroed_by_engine PASS FILL all zero (was 0xAB)
CHECK phys_copy_by_engine PASS DST == SRC pattern
CHECK split_walked_the_named_root PASS walks=[Some(1000000)] root=0x1000000
CHECK virtual_copy_after_split PASS DST2 == NEW pattern (read through VA_NEW)
CHECK sysmem_to_fb_by_engine PASS DST3 == guest-RAM R_SRC pattern
CHECK fb_to_sysmem_by_engine PASS guest-RAM R_DST == SRC pattern
CHECK guest_semaphore_written_natively PASS sem=0x5c0b0003 want=0x5c0b0003
CHECK gp_get_authored_on_completion PASS guest GP_GET=3
kf3: ring REFUSED segment gp 3 va 0x2000004000 (4 words) PeerOperand; first words: 20018099 00000003 200180c0 00002182
CHECK hostile_entry_refused_by_name PASS Err(Ring(Rewrite { gp: 3, why: PeerOperand }))
CHECK hostile_entry_not_retired PASS guest GP_GET=3
GATE3_VERDICT=PASS
=== kf-gate4
kf-host: host tier: stock
kf-cuda: cuda thread posture thread=main cap_sys_admin=cleared-for-thread-life (libcuda's channels from this thread, and from threads it starts, are created without CAP_SYS_ADMIN)
MEASURE windows fb=0x1fffff0000000 ram=0x1ffffec000000
kf-host: map_scattered 192 pieces 0xc0000 bytes: stitch 530 us, descriptor 179 us, hand view to reaper 3 us, map 58 us
CHECK kernel_vas_published_as_sysmem PASS 192 runs (sysmem rows), want 192
CHECK scattered_sysmem_rows_placed_as_one_batch PASS batches=1 batched_runs=192 map_verbs=1 fallbacks=0 None
kf-host: channel birth h=0xcafe000e engine=0x9 reply_flags=0x00000080 PRIVILEGED_CHANNEL=0 privilege=USER cap_sys_admin=not-held
kf-host: channel birth h=0xcafe0012 engine=0x9 reply_flags=0x00000080 PRIVILEGED_CHANNEL=0 privilege=USER cap_sys_admin=not-held
kf-host: channel birth h=0xcafe0016 engine=0x9 reply_flags=0x00000080 PRIVILEGED_CHANNEL=0 privilege=USER cap_sys_admin=not-held
kf-cuda: cuda thread posture thread=ThreadId(3) cap_sys_admin=not-held (libcuda's channels from this thread, and from threads it starts, are created without CAP_SYS_ADMIN)
MEASURE plane us=55372 served=147 parks=214 host_rings=75 vcpu_wakes=71 per_channel=[ch0:(24, 24, 1) ch1:(24, 24, 0) ch2:(24, 24, 0)]
CHECK no_channel_died PASS 
CHECK translated_never_forged PASS forged=0 poisoned=0 (§8: the GPU writes a Translated completion)
CHECK pump_never_contended PASS 0 contended serves
CHECK hostile_rings_produce_no_action PASS 0 of 200000
CHECK every_copy_landed PASS 0 of 72 wrong []
CHECK channel_retired_and_released PASS ch0: GP_GET=24 sem=24 (in guest RAM at the SCATTERED page, written by the engine through the batch)
CHECK channel_retired_and_released PASS ch1: GP_GET=24 sem=24 (in guest RAM at the SCATTERED page, written by the engine through the batch)
CHECK channel_retired_and_released PASS ch2: GP_GET=24 sem=24 (in guest RAM at the SCATTERED page, written by the engine through the batch)
CHECK split_walked_once_on_a_worker PASS walks=[Some(1000000)]
CHECK a_piece_of_a_batch_unmaps_alone PASS unmapped=1 unmap_verbs=1 booked=1 frees=0
CHECK teardown_is_ranges_and_frees_the_batch PASS unmapped=191 ranges=2 unmap_verbs=2 booked=0 frees=1 rows_left=0
GATE4_VERDICT=PASS
=== kf-gate5
kf-host: host tier: stock
kf-cuda: cuda thread posture thread=main cap_sys_admin=cleared-for-thread-life (libcuda's channels from this thread, and from threads it starts, are created without CAP_SYS_ADMIN)
CHECK process_vas_mirrored PASS diff_runs=3 mapped=3 refused=0
kf-host: channel birth h=0xcafe000a engine=0x9 reply_flags=0x00000080 PRIVILEGED_CHANNEL=0 privilege=USER cap_sys_admin=not-held
MEASURE birth token=0x18 us=2055
CHECK rm_adopted_the_guest_userd PASS the poisoned block is zeroed ⇒ it IS the twin's USERD
CHECK every_ring_was_inline PASS 0 of 32 took another arm
CHECK engine_ran_the_guest_ring_unparsed PASS 32 virtual copies through the mirrored process VAS
CHECK hardware_advanced_the_guest_gp_get PASS guest USERD GP_GET=32 (written by the engine, not by us)
CHECK no_worker_ever_saw_the_token PASS bits=[] wake_seq=0
MEASURE ring_to_semaphore_us p50=4 p90=4 max=17 (includes the harness's DtoH poll)
CHECK stop_verbs_unprivileged PASS DISABLE_CHANNELS(disable) + GPFIFO_SCHEDULE(false) on our own twin: Ok(()) (371 us)
CHECK stopped_twin_runs_no_new_work PASS work queued + rung after the stop: sem=0x20 (want 0x20 = untouched)
CHECK restart_verbs_unprivileged PASS DISABLE_CHANNELS(enable) + GPFIFO_SCHEDULE(true): Ok(()) (380 us)
MEASURE restart_picks_up_pending_work_without_a_doorbell true
CHECK restarted_twin_runs_again PASS sem=0x21 (want 0x21)
CHECK preempt_verb_unprivileged PASS NVA06C PREEMPT(bWait=1) on our own group: Ok(()) (199 us)
CHECK preempted_twin_still_schedulable PASS sem=0x22 (want 0x22)
CHECK preempt_of_a_stopped_group PASS Ok(())
GATE5_VERDICT=PASS
=== kf-gate6
kf-host: host tier: stock
kf-cuda: cuda thread posture thread=main cap_sys_admin=cleared-for-thread-life (libcuda's channels from this thread, and from threads it starts, are created without CAP_SYS_ADMIN)
CHECK process_vas_mirrored PASS diff_runs=3 mapped=3 refused=0
kf-host: channel birth h=0xcafe000a engine=0x1 reply_flags=0x00000080 PRIVILEGED_CHANNEL=0 privilege=USER cap_sys_admin=not-held
MEASURE birth token=0x18 us=2768
CHECK rm_adopted_the_guest_userd PASS the poisoned block is zeroed ⇒ it IS the twin's USERD
CHECK every_ring_was_inline PASS 0 of 32 took another arm
CHECK gr_ran_the_guest_ring_unparsed PASS 32 I2M literal writes through the mirrored process VAS
CHECK hardware_advanced_the_guest_gp_get PASS guest USERD GP_GET=32 (written by the engine, not by us)
CHECK no_worker_ever_saw_the_token PASS bits=[] wake_seq=0
MEASURE ring_to_semaphore_us p50=63 p90=64 max=96 (includes the harness's DtoH poll)
GATE6_VERDICT=PASS
=== kf-gate7
kf-host: host tier: stock
kf-cuda: cuda thread posture thread=main cap_sys_admin=cleared-for-thread-life (libcuda's channels from this thread, and from threads it starts, are created without CAP_SYS_ADMIN)
MEASURE store store 0xcafe0004 256 MiB contiguous_aligned=true imported into the walker
MEASURE publish_first diff_runs=2 mapped=2 unmapped=0 refused=0 invalidated=true gpu_us=101 us=272
CHECK first_publish_maps_the_guest_ranges PASS 2 runs mapped (want 2 coalesced)
kf-host: channel birth h=0xcafe000b engine=0x9 reply_flags=0x00000080 PRIVILEGED_CHANNEL=0 privilege=USER cap_sys_admin=not-held
CHECK copy1_completes_by_event PASS Submitted { wakes: 1, early_wakes: 0, seen_at_wake: true, event_us: 38, ce_released: true, fence_landed: true }
CHECK copy1_lands_where_the_guest_mapped_it PASS DATA_B == DATA_A pattern
MEASURE publish_unchanged diff_runs=0 mapped=0 unmapped=0 refused=0 invalidated=false gpu_us=94 us=152
CHECK unchanged_tables_change_nothing PASS diff_runs=0 mapped=0 unmapped=0
MEASURE publish_remap diff_runs=2 mapped=1 unmapped=1 refused=0 invalidated=true gpu_us=104 us=218
CHECK remap_reconciles PASS mapped=1 unmapped=1
CHECK copy2_completes_by_event PASS Submitted { wakes: 2, early_wakes: 1, seen_at_wake: true, event_us: 19, ce_released: true, fence_landed: true }
CHECK copy2_follows_the_remap PASS DATA_C == DATA_A pattern
CHECK old_target_untouched PASS DATA_B still zero
GATE7_VERDICT=PASS
=== kf-gate8
kf-host: host tier: stock
MEASURE store store 0xcafe0004 256 MiB contiguous_aligned=true
kf-cuda: cuda thread posture thread=main cap_sys_admin=cleared-for-thread-life (libcuda's channels from this thread, and from threads it starts, are created without CAP_SYS_ADMIN)
MEASURE ver2_round1 Round { saw: VcpuSaw { trap_ns: [5300], published: 1, cleared: true, spin_us: 274 }, walk_wakes: 1, collected: 1, applied: [(VasKey(1), 2, 0)], superseded: 0, cleared: 1 }
CHECK ver2_first_invalidate_maps_the_guest_ranges PASS mapped=2 (want 2 coalesced) cleared=1 stats=VaStats { walks_submitted: 1, walks_reconciled: 1, walks_refused: 0, spaces_reconciled: 1, mapped: 2, unmapped: 0, batches: 0, batched_runs: 0, range_unmaps: 0, batch_fallbacks: 0, remade_unchanged_pages: 0, linked_failed: 0, host_invalidates: 1, cleared: 1, superseded: 0, already_idle: 0, named_missed: 0, cleared_over_absent: 0, unreconciled: 0, refusals: [], submit_ns_max: 24079, clipped_bytes: 0, timing: VaTiming { invals: 1, inval_ns: 269457, inval_ns_max: 269457, walks: 1, walk_ns: 147929, gpu_us: 86, plan_ns: 0, apply_ns: 93149, leaves_last: 2, host_calls: 3 }, splits: 0, split_missed: 0, held: 0, vmm_overlaps: 0, deferred_clears: 0, usermode_trapped: 0, usermode_unmirrored: 0, partial: 0, no_slot: 0, walk_refused_spaces: 0, budget_refused_runs: 0, splits_unsettled: 0, priv_withheld: 0, priv_withheld_bytes: 0, priv_mirrored: 0, sked_placed: 0, carve_gpu: 0, carve_kernel: 0, carve_cpu: 0, carve_clipped_bytes: 0, sked_held: 0 }
CHECK ver2_vcpu_saw_the_clear PASS spin 274 us, published 1
CHECK ver2_completion_arrived_as_an_fd_wake PASS walk wakes=1 collected=1
kf-host: channel birth h=0xcafe000f engine=0x9 reply_flags=0x00000080 PRIVILEGED_CHANNEL=0 privilege=USER cap_sys_admin=not-held
CHECK ver2_copy1_completes_by_event PASS Submitted { wakes: 1, early_wakes: 0, seen_at_wake: true, event_us: 30, ce_released: true, fence_landed: true }
CHECK ver2_copy1_lands_where_the_guest_mapped_it PASS DATA_B == DATA_A pattern
MEASURE ver2_round2 Round { saw: VcpuSaw { trap_ns: [2880], published: 1, cleared: true, spin_us: 229 }, walk_wakes: 1, collected: 1, applied: [(VasKey(1), 1, 1)], superseded: 0, cleared: 1 }
CHECK ver2_remap_reconciles_before_the_clear PASS mapped=1 unmapped=1 cleared=1
CHECK ver2_copy2_completes_by_event PASS Submitted { wakes: 2, early_wakes: 1, seen_at_wake: true, event_us: 30, ce_released: true, fence_landed: true }
CHECK ver2_copy2_follows_the_remap PASS DATA_C == DATA_A pattern, DATA_B still zero
MEASURE ver2_round3 Round { saw: VcpuSaw { trap_ns: [7190, 880], published: 2, cleared: true, spin_us: 240 }, walk_wakes: 2, collected: 2, applied: [(VasKey(1), 0, 0), (VasKey(1), 0, 0)], superseded: 1, cleared: 1 }
CHECK ver2_a_rearmed_trigger_is_superseded_not_cleared PASS published=2 superseded=1 cleared=1
CHECK ver2_named_missed_is_counted_and_cleared_without_a_walk PASS named_missed 0->1 walks 4->4
MEASURE ver2_round5 Round { saw: VcpuSaw { trap_ns: [2800], published: 1, cleared: true, spin_us: 396 }, walk_wakes: 1, collected: 1, applied: [(VasKey(1), 0, 0), (VasKey(2), 1, 0)], superseded: 0, cleared: 1 }
CHECK ver2_all_pdb_reconciles_every_rooted_space PASS applied=[(VasKey(1), 0, 0), (VasKey(2), 1, 0)] second_resolves=Some((false, 33554432))
MEASURE trigger_trap ver2 worst=7us ceiling=1000us
CHECK ver2_trigger_trap_is_under_the_ceiling PASS worst trigger trap 7 us
MEASURE walk_submit ver2 walks=5 submit_us p50=16 max=32 budget=50 (met) gpu_us=[86, 93, 83, 78, 87] graph=true param_updates=2 submit_ns=[22509, 13850, 16029, 9839, 32010]
CHECK ver2_the_walk_never_blocked_its_submitter PASS cuCtxSynchronize calls=0; walks still on the GPU when submit returned: 5/5 (submit_ns=[22509, 13850, 16029, 9839, 32010] gpu_us=[86, 93, 83, 78, 87])
CHECK ver2_every_host_op_ran_while_the_guest_saw_busy PASS stats=VaStats { walks_submitted: 5, walks_reconciled: 5, walks_refused: 0, spaces_reconciled: 6, mapped: 4, unmapped: 1, batches: 0, batched_runs: 0, range_unmaps: 0, batch_fallbacks: 0, remade_unchanged_pages: 0, linked_failed: 0, host_invalidates: 3, cleared: 5, superseded: 1, already_idle: 0, named_missed: 1, cleared_over_absent: 0, unreconciled: 0, refusals: [], submit_ns_max: 33640, clipped_bytes: 0, timing: VaTiming { invals: 5, inval_ns: 1229760, inval_ns_max: 388627, walks: 5, walk_ns: 791525, gpu_us: 427, plan_ns: 0, apply_ns: 218018, leaves_last: 1, host_calls: 8 }, splits: 0, split_missed: 0, held: 0, vmm_overlaps: 0, deferred_clears: 0, usermode_trapped: 0, usermode_unmirrored: 0, partial: 0, no_slot: 0, walk_refused_spaces: 0, budget_refused_runs: 0, splits_unsettled: 0, priv_withheld: 0, priv_withheld_bytes: 0, priv_mirrored: 0, sked_placed: 0, carve_gpu: 0, carve_kernel: 0, carve_cpu: 0, carve_clipped_bytes: 0, sked_held: 0 }
CHECK ver2_nothing_refused PASS refusals=[]
MEASURE ver3_round1 Round { saw: VcpuSaw { trap_ns: [3839], published: 1, cleared: true, spin_us: 282 }, walk_wakes: 1, collected: 1, applied: [(VasKey(1), 2, 0)], superseded: 0, cleared: 1 }
CHECK ver3_first_invalidate_maps_the_guest_ranges PASS mapped=2 (want 2 coalesced) cleared=1 stats=VaStats { walks_submitted: 1, walks_reconciled: 1, walks_refused: 0, spaces_reconciled: 1, mapped: 2, unmapped: 0, batches: 0, batched_runs: 0, range_unmaps: 0, batch_fallbacks: 0, remade_unchanged_pages: 0, linked_failed: 0, host_invalidates: 1, cleared: 1, superseded: 0, already_idle: 0, named_missed: 0, cleared_over_absent: 0, unreconciled: 0, refusals: [], submit_ns_max: 29710, clipped_bytes: 0, timing: VaTiming { invals: 1, inval_ns: 277478, inval_ns_max: 277478, walks: 1, walk_ns: 150269, gpu_us: 96, plan_ns: 0, apply_ns: 93999, leaves_last: 2, host_calls: 3 }, splits: 0, split_missed: 0, held: 0, vmm_overlaps: 0, deferred_clears: 0, usermode_trapped: 0, usermode_unmirrored: 0, partial: 0, no_slot: 0, walk_refused_spaces: 0, budget_refused_runs: 0, splits_unsettled: 0, priv_withheld: 0, priv_withheld_bytes: 0, priv_mirrored: 0, sked_placed: 0, carve_gpu: 0, carve_kernel: 0, carve_cpu: 0, carve_clipped_bytes: 0, sked_held: 0 }
CHECK ver3_vcpu_saw_the_clear PASS spin 282 us, published 1
CHECK ver3_completion_arrived_as_an_fd_wake PASS walk wakes=1 collected=1
kf-host: channel birth h=0xcafe001c engine=0x9 reply_flags=0x00000080 PRIVILEGED_CHANNEL=0 privilege=USER cap_sys_admin=not-held
CHECK ver3_copy1_completes_by_event PASS Submitted { wakes: 1, early_wakes: 0, seen_at_wake: true, event_us: 20, ce_released: true, fence_landed: true }
CHECK ver3_copy1_lands_where_the_guest_mapped_it PASS DATA_B == DATA_A pattern
MEASURE ver3_round2 Round { saw: VcpuSaw { trap_ns: [2940], published: 1, cleared: true, spin_us: 235 }, walk_wakes: 1, collected: 1, applied: [(VasKey(1), 1, 1)], superseded: 0, cleared: 1 }
CHECK ver3_remap_reconciles_before_the_clear PASS mapped=1 unmapped=1 cleared=1
CHECK ver3_copy2_completes_by_event PASS Submitted { wakes: 2, early_wakes: 1, seen_at_wake: true, event_us: 30, ce_released: true, fence_landed: true }
CHECK ver3_copy2_follows_the_remap PASS DATA_C == DATA_A pattern, DATA_B still zero
MEASURE ver3_round3 Round { saw: VcpuSaw { trap_ns: [2750, 560], published: 2, cleared: true, spin_us: 254 }, walk_wakes: 2, collected: 2, applied: [(VasKey(1), 0, 0), (VasKey(1), 0, 0)], superseded: 1, cleared: 1 }
CHECK ver3_a_rearmed_trigger_is_superseded_not_cleared PASS published=2 superseded=1 cleared=1
CHECK ver3_named_missed_is_counted_and_cleared_without_a_walk PASS named_missed 0->1 walks 4->4
MEASURE ver3_round5 Round { saw: VcpuSaw { trap_ns: [3660], published: 1, cleared: true, spin_us: 428 }, walk_wakes: 1, collected: 1, applied: [(VasKey(1), 0, 0), (VasKey(2), 1, 0)], superseded: 0, cleared: 1 }
CHECK ver3_all_pdb_reconciles_every_rooted_space PASS applied=[(VasKey(1), 0, 0), (VasKey(2), 1, 0)] second_resolves=Some((false, 33554432))
MEASURE trigger_trap ver3 worst=3us ceiling=1000us
CHECK ver3_trigger_trap_is_under_the_ceiling PASS worst trigger trap 3 us
MEASURE walk_submit ver3 walks=5 submit_us p50=15 max=33 budget=50 (met) gpu_us=[96, 104, 92, 88, 95] graph=true param_updates=2 submit_ns=[28270, 13540, 15970, 9630, 33070]
CHECK ver3_the_walk_never_blocked_its_submitter PASS cuCtxSynchronize calls=0; walks still on the GPU when submit returned: 5/5 (submit_ns=[28270, 13540, 15970, 9630, 33070] gpu_us=[96, 104, 92, 88, 95])
CHECK ver3_every_host_op_ran_while_the_guest_saw_busy PASS stats=VaStats { walks_submitted: 5, walks_reconciled: 5, walks_refused: 0, spaces_reconciled: 6, mapped: 4, unmapped: 1, batches: 0, batched_runs: 0, range_unmaps: 0, batch_fallbacks: 0, remade_unchanged_pages: 0, linked_failed: 0, host_invalidates: 3, cleared: 5, superseded: 1, already_idle: 0, named_missed: 1, cleared_over_absent: 0, unreconciled: 0, refusals: [], submit_ns_max: 34660, clipped_bytes: 0, timing: VaTiming { invals: 5, inval_ns: 1291910, inval_ns_max: 419957, walks: 5, walk_ns: 839523, gpu_us: 475, plan_ns: 0, apply_ns: 222418, leaves_last: 1, host_calls: 8 }, splits: 0, split_missed: 0, held: 0, vmm_overlaps: 0, deferred_clears: 0, usermode_trapped: 0, usermode_unmirrored: 0, partial: 0, no_slot: 0, walk_refused_spaces: 0, budget_refused_runs: 0, splits_unsettled: 0, priv_withheld: 0, priv_withheld_bytes: 0, priv_mirrored: 0, sked_placed: 0, carve_gpu: 0, carve_kernel: 0, carve_cpu: 0, carve_clipped_bytes: 0, sked_held: 0 }
CHECK ver3_nothing_refused PASS refusals=[]
GATE8_VERDICT=PASS
=== kf-gate9
kf-cuda: cuda thread posture thread=main cap_sys_admin=cleared-for-thread-life (libcuda's channels from this thread, and from threads it starts, are created without CAP_SYS_ADMIN)
CHECK ver2_gpu_diff_is_the_model_diff PASS 160 walks, 3377 runs compared, 0 mismatching entries, verdicts failed=829 held=73 permission edits=430
CHECK ver2_settled_slots_are_quiet_and_closed PASS quiet=true closed=true
CHECK ver3_gpu_diff_is_the_model_diff PASS 160 walks, 3395 runs compared, 0 mismatching entries, verdicts failed=817 held=91 permission edits=444
CHECK ver3_settled_slots_are_quiet_and_closed PASS quiet=true closed=true
CHECK ver2_keyall_gpu_diff_is_the_model_diff PASS 160 walks, 3558 runs compared, 0 mismatching entries, verdicts failed=843 held=76 permission edits=448
CHECK ver2_keyall_settled_slots_are_quiet_and_closed PASS quiet=true closed=true
CHECK ver2_growth_gpu_diff_is_the_model_diff PASS 160 walks, 3377 runs compared, 0 mismatching entries, verdicts failed=829 held=73 permission edits=430
CHECK ver2_growth_settled_slots_are_quiet_and_closed PASS quiet=true closed=true
CHECK ver2_growth_slots_actually_grew PASS walk pool 1048576 runs, slot pool 2097152 runs (2096128 free), max per space 1048576, slots held 2, grows 4, retries 4, ceilings 0, largest slot 512, largest walk 512
CHECK ver2_level_move_to_fb0_is_quiet PASS first walk 7 MAP runs (model 7, all MAP true); settled quiet true; after the move 0 runs (0 UNMAP), refusals=0 mask=0x0
CHECK ver2_level_move_known_positive_empty_level_unmaps_all PASS 7 UNMAP of 7 placements (7 runs)
CHECK ver3_level_move_to_fb0_is_quiet PASS first walk 7 MAP runs (model 7, all MAP true); settled quiet true; after the move 0 runs (0 UNMAP), refusals=0 mask=0x0
CHECK ver3_level_move_known_positive_empty_level_unmaps_all PASS 7 UNMAP of 7 placements (7 runs)
MEASURE throughput rows=13000 one_run_reports=13000 gpu_us_p50@1000=104 gpu_us_p50@13000=290 wall_us_p50@13000=329 total_s=3.0
CHECK every_added_page_is_a_one_run_diff PASS 13000 of 13000
CHECK the_diff_does_not_grow_with_the_space PASS gpu p50 104 us @1000 rows -> 290 us @13000 rows
GATE9_VERDICT=PASS
=== kf-micro-reserve-probe reserve (gate 10)
MICRO_RESERVE_START arm=reserve pid=2478529
kf-host: host tier: stock
MEASURE session driver 595.91.07
MEASURE space_start GuestFloor
MEASURE reserve_census 4 MiB, 8 pages 0x400000+0x8000: ACCEPTED
MEASURE reserve_census run-243 VA, 8 pages 0x4030000+0x8000: ACCEPTED
MEASURE reserve_census 0x14530000, 64 KiB 0x14530000+0x10000: ACCEPTED
MEASURE reserve_census 2 GiB, 2 MiB 0x80000000+0x200000: ACCEPTED
MEASURE reserve_census just below 4 GiB, 2 MiB 0xffe00000+0x200000: ACCEPTED
MEASURE reserve_census LARGE [1 MiB, 4 GiB) (the gfx8 refusal) 0x100000+0xfff00000: Refused NoMemory
CHECK reserve_small_accepted PASS 5/6 accepted, small ones [Accepted, Accepted, Accepted, Accepted, Accepted] ⇒ Expected (Expected = ≥ 4 of 5 accepted; AllRefused = all 5 refused with a host-RM refusal status; anything else, a transport error included, FAILS)
MEASURE reserve_flat_fb_alias 0x120000000+0x1efc00000 (7.9 GiB): refused NoMemory — the per-2-MiB-leaf fallback applies
kf-host: channel birth h=0xcafe0014 engine=0x9 reply_flags=0x00000080 PRIVILEGED_CHANNEL=0 privilege=USER cap_sys_admin=cleared-for-call
CHECK whole_read_before PASS page 7 via the reservation
CHECK remnant_left_reads PASS page 0 after unmapping page 3
CHECK remnant_right_reads PASS page 7 after unmapping page 3
CHECK hole_remapped_reads PASS page 3 re-mapped
CHECK va_free_after PASS NV01 map at the freed VA: Ok(67305472)
MEASURE reserve_rounding_pad_after_8_pages NV01 map one page past the request: Err(Other(19305)) (an error = host RM rounded the block up)
MEASURE reserve_rounding_below_unaligned_start NV01 map one page below the request: Err(Other(19305)) (an error = the start was rounded down)
CHECK reserve_aligned_holds_exactly PASS NV01 map one page past an aligned 64 KiB reservation: Ok(67371008)
CHECK reserve_aligned_maps_whole PASS 64 KiB mapped through the aligned reservation: Ok(67305472)
MICRO_RESERVE_VERDICT arm=reserve PASS
GATE10_VERDICT=PASS
V3_GATES_SUMMARY pass=9 fail=0 gate10=PASS
V3_GATES_BIRTHS births=12 user=12 refused=0 ok=1
V3_GATES_EXIT pass=9 fail=0 births_ok=1 gate10=PASS 2026-10-10T23:38:36+02:00
LANE_END gates_pb rc=0 2026-10-10T23:38:36+02:00 uptime=100795.52 new_xid=0
LANE_START fast_pb 2026-10-10T23:38:36+02:00 xid_before=29 uptime=100795.54
FAST_SUITE_STARTED=2026-10-10T23:38:36+02:00 arms=30 budget=180s
rev=89721ca4
ARM                          VERDICT   secs  why
--timer                      PASS      4s    4s
FAST_CELL_ARM arm=timer verdict=PASS secs=4 client_ms=410
--engines                    PASS      4s    4s
FAST_CELL_ARM arm=engines verdict=PASS secs=4 client_ms=560
--doorbell-census            PASS      4s    4s
FAST_CELL_ARM arm=doorbell-census verdict=PASS secs=4 client_ms=679
--gpu-info-sweep             PASS      4s    4s
FAST_CELL_ARM arm=gpu-info-sweep verdict=PASS secs=4 client_ms=399
--bus-info-sweep             PASS      7s    7s
FAST_CELL_ARM arm=bus-info-sweep verdict=PASS secs=7 client_ms=3610
--concurrency                PASS      7s    7s
FAST_CELL_ARM arm=concurrency verdict=PASS secs=7 client_ms=3410
--defer-liveness             PASS      17s   17s
FAST_CELL_ARM arm=defer-liveness verdict=PASS secs=17 client_ms=12530
--blockage-coverage          PASS      4s    4s
FAST_CELL_ARM arm=blockage-coverage verdict=PASS secs=4 client_ms=810
--alias-two-vas              PASS      4s    4s
FAST_CELL_ARM arm=alias-two-vas verdict=PASS secs=4 client_ms=409
--alias-unmap-observe        PASS      4s    4s
FAST_CELL_ARM arm=alias-unmap-observe verdict=PASS secs=4 client_ms=399
--map-propagation            PASS      4s    4s
FAST_CELL_ARM arm=map-propagation verdict=PASS secs=4 client_ms=399
--late-map-race              PASS      5s    5s
FAST_CELL_ARM arm=late-map-race verdict=PASS secs=5 client_ms=819
--missing-page-fault         PASS      8s    8s
FAST_CELL_ARM arm=missing-page-fault verdict=PASS secs=8 client_ms=3459
--uvm-invalidate             PASS      5s    5s
FAST_CELL_ARM arm=uvm-invalidate verdict=PASS secs=5 client_ms=520
--uvm-mean                   PASS      5s    5s
FAST_CELL_ARM arm=uvm-mean verdict=PASS secs=5 client_ms=639
--executor-vas               PASS      4s    4s
FAST_CELL_ARM arm=executor-vas verdict=PASS secs=4 client_ms=410
--guest-ring-channel         PASS      5s    5s
FAST_CELL_ARM arm=guest-ring-channel verdict=PASS secs=5 client_ms=409
--dictated-ring              PASS      4s    4s
FAST_CELL_ARM arm=dictated-ring verdict=PASS secs=4 client_ms=419
--dictated-ring-negative     PASS      5s    5s
FAST_CELL_ARM arm=dictated-ring-negative verdict=PASS secs=5 client_ms=390
--ce-client                  PASS      4s    4s
FAST_CELL_ARM arm=ce-client verdict=PASS secs=4 client_ms=419
--ce-client-guest-ram        PASS      24s   24s
FAST_CELL_ARM arm=ce-client-guest-ram verdict=PASS secs=24 client_ms=20560
--guest-ram-pin              PASS      3s    3s
FAST_CELL_ARM arm=guest-ram-pin verdict=PASS secs=3 client_ms=390
--bar1-crossing              PASS      3s    3s
FAST_CELL_ARM arm=bar1-crossing verdict=PASS secs=3 client_ms=390
--atomics-probe              PASS      3s    3s
FAST_CELL_ARM arm=atomics-probe verdict=PASS secs=3 client_ms=390
--pce-mask-probe             PASS      4s    4s
FAST_CELL_ARM arm=pce-mask-probe verdict=PASS secs=4 client_ms=399
--gpga-reserve-probe         PASS      13s   13s
FAST_CELL_ARM arm=gpga-reserve-probe verdict=PASS secs=13 client_ms=9640
--map-stress                 PASS      4s    4s
FAST_CELL_ARM arm=map-stress verdict=PASS secs=4 client_ms=659
--concurrent-fuzz            PASS      4s    4s
FAST_CELL_ARM arm=concurrent-fuzz verdict=PASS secs=4 client_ms=1450
--cross-client-leak          PASS      3s    3s
FAST_CELL_ARM arm=cross-client-leak verdict=PASS secs=3 client_ms=430
--rpc-mixed-allocs           PASS      4s    4s
FAST_CELL_ARM arm=rpc-mixed-allocs verdict=PASS secs=4 client_ms=1259

FAST_SUITE_PASS=30 FAST_SUITE_FAIL=0 FAST_SUITE_CRASH=0 NOTRUN=0 ARMS=30
FAST_SUITE_RC=0
LANE_END fast_pb rc=0 2026-10-10T23:42:06+02:00 uptime=101005.99 new_xid=5
LANE_START desktop_pb 2026-10-10T23:56:17+02:00 xid_before=30 uptime=101856.23
PROOF_START tag=pb1 checkout=89721ca4 broker=badf2d707da4 2026-10-10T23:56:17+02:00
PROOF_BROKER_CONNECTED +2s nvkvm-broker: accepted uid 0 gid 0 pid 2591771
PROOF_GRUB_MENU +7s serial=1 countdown=[]
PROOF_GRUB_KEY PASS broker e -> editor_on_serial=1 countdown_left=automatically in 8s
PROOF_DESKTOP cinnamon_up
  dimensions:    1920x1080 pixels (250x252 millimeters)
PROOF_ABS PASS window=1920x1080 inject=100,100 want=100,100 got=99,99 screen=1920x1080
PROOF_ABS PASS window=1920x1080 inject=1000,600 want=1000,600 got=999,599 screen=1920x1080
PROOF_ABS PASS window=1920x1080 inject=640,360 want=640,360 got=639,359 screen=1920x1080
PROOF_ABS PASS window=1920x1080 inject=1919,1079 want=1919,1079 got=1918,1078 screen=1920x1080
PROOF_GRAB_ON broker=[nvkvm-broker: grab capabilities: keyboard=1 abs=1 rel=1 lock=1 shortcuts-inhibited=1 focus-events=1 fullscreen=1|nvkvm-broker: grab: CTRL+ALT+G toggles, CTRL+AL] kf3=[pointing device -> #5 QEMU Virtio Mouse (relative)]
PROOF_REL_X11 PASS inject_sum=70,30 pointer=639,299->709,329 delta=70,30 (flat profile)
PROOF_ABS_UNDER_GRAB PASS_DROPPED pointer=709,329->709,329
PROOF_GRAB_OFF kf3=[pointing device -> #4 QEMU Virtio Tablet (absolute)]
PROOF_ABS PASS window=1920x1080 inject=200,150 want=200,150 got=199,149 screen=1920x1080
PROOF_BROKER2 nvkvm-broker: accepted uid 0 gid 0 pid 2591771 relay=[connected to /run/user/1000/nvkvm/display.sock, capabilities 0xfff|re-sent geometry 1920x1080 and the last frame to the new broker|]
PROOF_ABS PASS window=1920x1080 inject=400,300 want=400,300 got=399,299 screen=1920x1080
PROOF_ABS PASS window=1920x1080 inject=1500,900 want=1500,900 got=1499,899 screen=1920x1080
PROOF_ABS PASS window=1920x1080 inject=0,0 want=0,0 got=0,0 screen=1920x1080
PROOF_EVDEV_MOUSE rel_x_sum=70 rel_y_sum=30 btn=[BTN_RIGHT=1 BTN_RIGHT=0 ] wheel=[1]
PROOF_EVDEV_TABLET abs_events=18 btn=[BTN_LEFT=1 BTN_LEFT=0 ] wheel=3
PROOF_EVDEV_KEYBOARD edges=[KEY_LEFTSHIFT=1 KEY_A=1 KEY_A=0 KEY_LEFTSHIFT=0 KEY_LEFTCTRL=1 KEY_L=1 KEY_L=0 KEY_LEFTCTRL=0 KEY_A=1 KEY_A=0 KEY_LEFTCTRL=1 KEY_LEFTALT=1 KEY_LEFTCTRL=0 KEY_LEFTALT=0 KEY_ESC=1 KEY_ESC=0 KEY_LEFTCTRL=1 KEY_LEFTALT=1 KEY_LEFTCTRL=0 KEY_LEFTALT=0 ]
PROOF_KEYS PASS want=[KEY_LEFTSHIFT=1 KEY_A=1 KEY_A=0 KEY_LEFTSHIFT=0 KEY_LEFTCTRL=1 KEY_L=1 KEY_L=0 KEY_LEFTCTRL=0 KEY_A=1 KEY_A=0 ] got=[KEY_LEFTSHIFT=1 KEY_A=1 KEY_A=0 KEY_LEFTSHIFT=0 KEY_LEFTCTRL=1 KEY_L=1 KEY_L=0 KEY_LEFTCTRL=0 KEY_A=1 KEY_A=0 KEY_LEFTCTRL=1 KEY_LEFTALT=1 KEY_LEFTCTRL=0 KEY_LEFTALT=0 KEY_LEFTCTRL=1 KEY_LEFTALT=1 KEY_LEFTCTRL=0 KEY_LEFTALT=0 ]
PROOF_STATUS broker[up=1 sent=266 gpucopy=0 gpucopy_backoffs=0 dmabuf_trips=0 carrier_refused=0 carrier_unchecked=0 formats_unasked=0 dropped=0 uncommitted=0 recovered=0 releases=266 unknown_releases=0 reclaims=0 blocked=0 backstops=0 reconnects=1 failed_attempts=2 peer_refused=0 cursor=hover cursor_sets=3 cursor_hides=0 cursor_shows=0 cursor_refused=0]
PROOF_EXIT 2026-10-10T23:59:07+02:00 qemu_left=0
LANE_END desktop_pb rc=0 2026-10-10T23:59:07+02:00 uptime=102026.40 new_xid=0
PROOF_START tag=pb1 checkout=89721ca4 broker=badf2d707da4 2026-10-10T23:56:17+02:00
PROOF_BROKER_CONNECTED +2s nvkvm-broker: accepted uid 0 gid 0 pid 2591771
PROOF_GRUB_MENU +7s serial=1 countdown=[]
PROOF_GRUB_KEY PASS broker e -> editor_on_serial=1 countdown_left=automatically in 8s
PROOF_DESKTOP cinnamon_up
PROOF_ABS PASS window=1920x1080 inject=100,100 want=100,100 got=99,99 screen=1920x1080
PROOF_ABS PASS window=1920x1080 inject=1000,600 want=1000,600 got=999,599 screen=1920x1080
PROOF_ABS PASS window=1920x1080 inject=640,360 want=640,360 got=639,359 screen=1920x1080
PROOF_ABS PASS window=1920x1080 inject=1919,1079 want=1919,1079 got=1918,1078 screen=1920x1080
PROOF_GRAB_ON broker=[nvkvm-broker: grab capabilities: keyboard=1 abs=1 rel=1 lock=1 shortcuts-inhibited=1 focus-events=1 fullscreen=1|nvkvm-broker: grab: CTRL+ALT+G toggles, CTRL+AL] kf3=[pointing device -> #5 QEMU Virtio Mouse (
PROOF_REL_X11 PASS inject_sum=70,30 pointer=639,299->709,329 delta=70,30 (flat profile)
PROOF_ABS_UNDER_GRAB PASS_DROPPED pointer=709,329->709,329
PROOF_GRAB_OFF kf3=[pointing device -> #4 QEMU Virtio Tablet (absolute)]
PROOF_ABS PASS window=1920x1080 inject=200,150 want=200,150 got=199,149 screen=1920x1080
PROOF_BROKER2 nvkvm-broker: accepted uid 0 gid 0 pid 2591771 relay=[connected to /run/user/1000/nvkvm/display.sock, capabilities 0xfff|re-sent geometry 1920x1080 and the last frame to the new broker|]
PROOF_ABS PASS window=1920x1080 inject=400,300 want=400,300 got=399,299 screen=1920x1080
PROOF_ABS PASS window=1920x1080 inject=1500,900 want=1500,900 got=1499,899 screen=1920x1080
PROOF_ABS PASS window=1920x1080 inject=0,0 want=0,0 got=0,0 screen=1920x1080
PROOF_EVDEV_MOUSE rel_x_sum=70 rel_y_sum=30 btn=[BTN_RIGHT=1 BTN_RIGHT=0 ] wheel=[1]
PROOF_EVDEV_TABLET abs_events=18 btn=[BTN_LEFT=1 BTN_LEFT=0 ] wheel=3
PROOF_EVDEV_KEYBOARD edges=[KEY_LEFTSHIFT=1 KEY_A=1 KEY_A=0 KEY_LEFTSHIFT=0 KEY_LEFTCTRL=1 KEY_L=1 KEY_L=0 KEY_LEFTCTRL=0 KEY_A=1 KEY_A=0 KEY_LEFTCTRL=1 KEY_LEFTALT=1 KEY_LEFTCTRL=0 KEY_LEFTALT=0 KEY_ESC=1 KEY_ESC=0 KEY_LEFTCTRL=1
PROOF_KEYS PASS want=[KEY_LEFTSHIFT=1 KEY_A=1 KEY_A=0 KEY_LEFTSHIFT=0 KEY_LEFTCTRL=1 KEY_L=1 KEY_L=0 KEY_LEFTCTRL=0 KEY_A=1 KEY_A=0 ] got=[KEY_LEFTSHIFT=1 KEY_A=1 KEY_A=0 KEY_LEFTSHIFT=0 KEY_LEFTCTRL=1 KEY_L=1 KEY_L=0 KEY_LEFTCTRL
PROOF_STATUS broker[up=1 sent=266 gpucopy=0 gpucopy_backoffs=0 dmabuf_trips=0 carrier_refused=0 carrier_unchecked=0 formats_unasked=0 dropped=0 uncommitted=0 recovered=0 releases=266 unknown_releases=0 reclaims=0 blocked=0 backsto
PROOF_EXIT 2026-10-10T23:59:07+02:00 qemu_left=0
ORCH5_DONE 2026-10-10T23:59:07+02:00
