[    0.386027] amd_pstate: The CPPC feature is supported but currently disabled by the BIOS.
[    0.386027] Please enable it if your BIOS has the CPPC option.
[    0.386248] amd_pstate: the _CPC object is not present in SBIOS or ACPI disabled
[    0.389008] Key type dns_resolver registered
[    0.396096] Loading compiled-in X.509 certificates
[    0.396549] Loaded X.509 cert 'Build time autogenerated kernel key: 01b4e64ff4f6339fc0a8988bffba455bf880659a'
[    0.397016] Loaded X.509 cert 'Canonical Ltd. Live Patch Signing 2025 Kmod: d541cef61dc7e793b7eb7e899970a2eef0b5dc8c'
[    0.397438] Loaded X.509 cert 'Canonical Ltd. Live Patch Signing: 14df34d1a87cf37625abec039ef2bf521249b969'
[    0.397831] Loaded X.509 cert 'Canonical Ltd. Kernel Module Signing 2025 Kmod: 4627603d2357a2a3f81006370894c221175893e9'
[    0.398185] Loaded X.509 cert 'Canonical Ltd. Kernel Module Signing: 88f752e560a1e0737e31163a466ad7b70a850c19'
[    0.398290] blacklist: Loading compiled-in revocation X.509 certificates
[    0.398377] Loaded X.509 cert 'Canonical Ltd. Secure Boot Signing: 61482aa2830d0ab2ad5af10b7250da9033ddcef0'
[    0.398488] Loaded X.509 cert 'Canonical Ltd. Secure Boot Signing (2017): 242ade75ac4a15e50d50c84b0d45ff3eae707a03'
[    0.398618] Loaded X.509 cert 'Canonical Ltd. Secure Boot Signing (ESM 2018): 365188c1d374d6b07c3c8f240f8ef722433d6a8b'
[    0.398729] Loaded X.509 cert 'Canonical Ltd. Secure Boot Signing (2019): c0746fd6c5da3ae827864651ad66ae47fe24b3e8'
[    0.398838] Loaded X.509 cert 'Canonical Ltd. Secure Boot Signing (2021 v1): a8d54bbb3825cfb94fa13c9f8a594a195c107b8d'
[    0.398988] Loaded X.509 cert 'Canonical Ltd. Secure Boot Signing (2021 v2): 4cf046892d6fd3c9a5b03f98d845f90851dc6a8c'
[    0.399108] Loaded X.509 cert 'Canonical Ltd. Secure Boot Signing (2021 v3): 100437bb6de6e469b581e61cd66bce3ef4ed53af'
[    0.399221] Loaded X.509 cert 'Canonical Ltd. Secure Boot Signing (Ubuntu Core 2019): c1d57b8f6b743f23ee41f4f7ee292f06eecadfb9'
[    0.406919] Key type .fscrypt registered
[    0.406967] Key type fscrypt-provisioning registered
[    0.407101] Key type big_key registered
[    1.507242] Key type encrypted registered
[    1.507369] Loading compiled-in module X.509 certificates
[    1.507982] Loaded X.509 cert 'Build time autogenerated kernel key: 01b4e64ff4f6339fc0a8988bffba455bf880659a'
FASTGUEST: up 1.53s
FASTGUEST: switch_root prepared in 0.3s
FASTGUEST: up 1.89s
FASTGUEST: root is a real mount (switch_root done) — the isolate sandbox can pivot_root
[    1.959361] nvidia: loading out-of-tree module taints kernel.
[    1.959456] nvidia: module verification failed: signature and/or required key missing - tainting kernel
[    2.002782] 
[    2.005852] NVRM: loading NVIDIA UNIX Open Kernel Module for x86_64  595.91.07  Release Build  (dvs-builder@U22-I3-B08-02-2)  Wed Jul 29 03:01:16 UTC 2026
FASTGUEST: insmod nvidia.ko ok
FASTGUEST: insmod nvidia-uvm.ko ok
FASTGUEST: insmod wmi.ko ok
FASTGUEST: insmod video.ko ok
FASTGUEST: insmod nvidia-modeset.ko ok
FASTGUEST: nodes /dev/nvidia-caps/nvidia-cap1 /dev/nvidia-uvm /dev/nvidia-uvm-tools /dev/nvidia0 /dev/nvidiactl  /dev/nvidia-caps: nvidia-cap1 
FASTGUEST: ready 2.02s
FASTGUEST: arms --doorbell-census --probe-launch-dma  deadline 175s (budget 180s, 2s already spent booting)
info  RMLADDER DEADLINE = armed (KF_SELF_DEADLINE_MS)
info  RMLADDER ARGV     = [--gpu 0 --doorbell-census --probe-launch-dma]
[    2.136843] NVRM: GPU0 nvAssertOkFailedNoLog: Assertion failed: Call not supported [NV_ERR_NOT_SUPPORTED] (0x00000056) returned from pRmApi->Control(pRmApi, pGpu->hInternalClient, pGpu->hInternalSubdevice, NV2080_CTRL_CMD_INTERNAL_INIT_USER_SHARED_DATA, &params, sizeof(params)) @ gpu_user_shared_data.c:297
[    2.137084] NVRM: GPU0 nvAssertOkFailedNoLog: Assertion failed: Call not supported [NV_ERR_NOT_SUPPORTED] (0x00000056) returned from pRmApi->Control(pRmApi, pGpu->hInternalClient, pGpu->hInternalSubdevice, NV2080_CTRL_CMD_INTERNAL_USER_SHARED_DATA_SET_DATA_POLL, &params, sizeof(params)) @ gpu_user_shared_data.c:362
[    2.151986] NVRM: GPU0 kperfGpuBoostSyncStateInit_IMPL: Failed to read Sync Gpu Boost init state, status=0x56
[    2.152872] NVRM: GPU0 kperfGpuBoostSyncStateInit_IMPL: Failed to read Sync Gpu Boost init state, status=0x56
[    2.153104] NVRM: GPU0 nvAssertOkFailedNoLog: Assertion failed: Call not supported [NV_ERR_NOT_SUPPORTED] (0x00000056) returned from pRmApi->Control(pRmApi, pGpu->hInternalClient, pGpu->hInternalSubdevice, NV2080_CTRL_CMD_INTERNAL_CE_GET_PCE_CONFIG_FOR_LCE_TYPE, &pceConfigParams, sizeof(pceConfigParams)) @ kernel_ce.c:1086
[    2.153544] NVRM: GPU0 nvAssertOkFailedNoLog: Assertion failed: Call not supported [NV_ERR_NOT_SUPPORTED] (0x00000056) returned from kceGetPceConfigForLceType(pGpu, pKCe, NV2080_CTRL_CE_LCE_TYPE_DECOMP, &numPcesPerLce, &numLces, &supportedPceMask, &supportedLceMask, &pcesPerHshub) @ kernel_ce_gp100.c:62
[    2.376509] NVRM: GPU0 nvCheckOkFailedNoLog: Check failed: Call not supported [NV_ERR_NOT_SUPPORTED] (0x00000056) returned from kgrobjPromoteContext(pGpu, pKernelGraphicsObject, pKernelGraphics) @ kernel_graphics_object.c:224
[    2.376872] NVRM: GPU0 nvAssertOkFailedNoLog: Assertion failed: Call not supported [NV_ERR_NOT_SUPPORTED] (0x00000056) returned from pRmApi->AllocWithHandle(pRmApi, hClientId, KGRAPHICS_CHANNEL_HANDLE_CHANNELID, KGRAPHICS_CHANNEL_HANDLE_3DOBJ, classNum, NULL, 0) @ kernel_graphics.c:2549
[    2.377771] NVRM: GPU0 vaListDestroy: non-zero mapCount(pVaList): 0x1
[    2.377835] NVRM: GPU0 vaListDestroy: non-zero mapCount(pVaList): 0x1
[    2.377935] NVRM: GPU0 vaListDestroy: non-zero mapCount(pVaList): 0x1
[    2.378006] NVRM: GPU0 vaListDestroy: non-zero mapCount(pVaList): 0x1
[    2.380630] NVRM: GPU0 nvCheckOkFailedNoLog: Check failed: Call not supported [NV_ERR_NOT_SUPPORTED] (0x00000056) returned from kgraphicsCreateGoldenImageChannel(pGpu, pKernelGraphics) @ kernel_graphics.c:513
[    2.380873] NVRM: GPU0 nvAssertFailedNoLog: Assertion failed: 0 @ kernel_fifo.c:3110
[    2.387543] NVRM: GPU0 rpcRmApiAlloc_GSP: GspRmAlloc failed: hClient=0xc1e00009; hParent=0x31415903; hObject=0x31415900; hClass=0x0000c36f; paramsSize=0x00000170; paramsStatus=0x00000056; status=0x00000056
[    2.387721] NVRM: GPU0 nvAssertOkFailedNoLog: Assertion failed: Call not supported [NV_ERR_NOT_SUPPORTED] (0x00000056) returned from status @ kernel_channel.c:2769
[    2.387860] NVRM: GPU0 nvAssertOkFailedNoLog: Assertion failed: Call not supported [NV_ERR_NOT_SUPPORTED] (0x00000056) returned from _kchannelSendChannelAllocRpc(pKernelChannel, pChannelGpfifoParams, pKernelChannelGroup, bFullSriov) @ kernel_channel.c:964
[    2.389009] NVRM: GPU0 rpcRmApiAlloc_GSP: GspRmAlloc failed: hClient=0xc1e0000a; hParent=0xcaf00001; hObject=0xcaf00002; hClass=0x0000402c; paramsSize=0x00000000; paramsStatus=0x00000056; status=0x00000056
ok    R2 version         = "595.91.07"
ok    R4 hClient         = 0xc1d0000b
ok    R6 hSubdevice      = 0xcafe0002
REV_UNDER_TEST=6692e621
info  R13c census        = RM's own chid manager vs the work-submit token, GPU 0
FACT per_runlist_channel_ram=0
FACT chid_namespaces=[0] of 0..24
FACT device_info_table=Err(InsufficientPermissions)
SAMPLE engine_type=0x1 token=0x00000003 chid=3 chid_namespace=0
SAMPLE engine_type=0x9 token=0x00000004 chid=4 chid_namespace=0
SAMPLE engine_type=0xa token=0x00000005 chid=5 chid_namespace=0
SAMPLE engine_type=0xb token=0x00010006 chid=6 chid_namespace=0
SAMPLE engine_type=0xc token=0x00020007 chid=7 chid_namespace=0
[    2.620054] NVRM: GPU0 nvAssertOkFailedNoLog: Assertion failed: Requested object not found [NV_ERR_OBJECT_NOT_FOUND] (0x00000057) returned from kfifoEngineInfoXlate_HAL(pGpu, pKernelFifo, ENGINE_INFO_TYPE_RM_ENGINE_TYPE, (NvU32)rmEngineType, ENGINE_INFO_TYPE_ENG_DESC, &engDesc) @ kernel_fifo_gm107.c:362
[    2.620518] NVRM: GPU0 nvAssertOkFailedNoLog: Assertion failed: Requested object not found [NV_ERR_OBJECT_NOT_FOUND] (0x00000057) returned from kfifoEngineInfoXlate_HAL(pGpu, pKernelFifo, ENGINE_INFO_TYPE_RM_ENGINE_TYPE, (NvU32)rmEngineType, ENGINE_INFO_TYPE_ENG_DESC, &engDesc) @ kernel_fifo_gm107.c:362
[    2.623050] NVRM: GPU0 nvAssertOkFailedNoLog: Assertion failed: Requested object not found [NV_ERR_OBJECT_NOT_FOUND] (0x00000057) returned from kfifoEngineInfoXlate_HAL(pGpu, GPU_GET_KERNEL_FIFO(pGpu), ENGINE_INFO_TYPE_ENG_DESC, engineDesc, ENGINE_INFO_TYPE_RUNLIST, &pKernelChannelGroupApi->pKernelChannelGroup->runlistId) @ kernel_channel_group_api.c:1252
[    2.623390] NVRM: GPU0 nvAssertOkFailedNoLog: Assertion failed: Requested object not found [NV_ERR_OBJECT_NOT_FOUND] (0x00000057) returned from kfifoEngineInfoXlate_HAL(pGpu, pKernelFifo, ENGINE_INFO_TYPE_ENG_DESC, engDesc, ENGINE_INFO_TYPE_RUNLIST, &runlistId) @ kernel_fifo_gm107.c:477
[    2.623648] NVRM: GPU0 kchannelBindToRunlist_IMPL: Failed to set RunlistID 0x793ceb04 for channel 0x00000008
[    2.623747] NVRM: GPU0 nvAssertOkFailedNoLog: Assertion failed: Requested object not found [NV_ERR_OBJECT_NOT_FOUND] (0x00000057) returned from kchannelBindToRunlist(pChanNode->pKernelChannel, localEngineType, engineDesc) @ kernel_channel_group_api.c:1264
SAMPLE-REFUSED engine_type=0xd reason=Other(87)
[    2.631018] NVRM: GPU0 nvAssertOkFailedNoLog: Assertion failed: Requested object not found [NV_ERR_OBJECT_NOT_FOUND] (0x00000057) returned from kfifoEngineInfoXlate_HAL(pGpu, pKernelFifo, ENGINE_INFO_TYPE_RM_ENGINE_TYPE, (NvU32)rmEngineType, ENGINE_INFO_TYPE_ENG_DESC, &engDesc) @ kernel_fifo_gm107.c:362
[    2.631474] NVRM: GPU0 nvAssertOkFailedNoLog: Assertion failed: Requested object not found [NV_ERR_OBJECT_NOT_FOUND] (0x00000057) returned from kfifoEngineInfoXlate_HAL(pGpu, pKernelFifo, ENGINE_INFO_TYPE_RM_ENGINE_TYPE, (NvU32)rmEngineType, ENGINE_INFO_TYPE_ENG_DESC, &engDesc) @ kernel_fifo_gm107.c:362
[    2.635330] NVRM: GPU0 rpcRmApiAlloc_GSP: GspRmAlloc failed: hClient=0xc1d0000b; hParent=0xcafe0025; hObject=0xcafe0026; hClass=0x0000c56f; paramsSize=0x00000170; paramsStatus=0x0000001a; status=0x0000001a
[    2.635535] NVRM: GPU0 nvAssertOkFailedNoLog: Assertion failed: Ran out of a critical resource, other than memory [NV_ERR_INSUFFICIENT_RESOURCES] (0x0000001A) returned from status @ kernel_channel.c:2769
[    2.635692] NVRM: GPU0 nvAssertOkFailedNoLog: Assertion failed: Ran out of a critical resource, other than memory [NV_ERR_INSUFFICIENT_RESOURCES] (0x0000001A) returned from _kchannelSendChannelAllocRpc(pKernelChannel, pChannelGpfifoParams, pKernelChannelGroup, bFullSriov) @ kernel_channel.c:964
SAMPLE-REFUSED engine_type=0xe reason=NoMemory
[    2.640419] NVRM: GPU0 nvAssertOkFailedNoLog: Assertion failed: Requested object not found [NV_ERR_OBJECT_NOT_FOUND] (0x00000057) returned from kfifoEngineInfoXlate_HAL(pGpu, pKernelFifo, ENGINE_INFO_TYPE_RM_ENGINE_TYPE, (NvU32)rmEngineType, ENGINE_INFO_TYPE_ENG_DESC, &engDesc) @ kernel_fifo_gm107.c:362
[    2.640916] NVRM: GPU0 nvAssertOkFailedNoLog: Assertion failed: Requested object not found [NV_ERR_OBJECT_NOT_FOUND] (0x00000057) returned from kfifoEngineInfoXlate_HAL(pGpu, pKernelFifo, ENGINE_INFO_TYPE_RM_ENGINE_TYPE, (NvU32)rmEngineType, ENGINE_INFO_TYPE_ENG_DESC, &engDesc) @ kernel_fifo_gm107.c:362
[    2.644483] NVRM: GPU0 rpcRmApiAlloc_GSP: GspRmAlloc failed: hClient=0xc1d0000b; hParent=0xcafe002a; hObject=0xcafe002b; hClass=0x0000c56f; paramsSize=0x00000170; paramsStatus=0x0000001a; status=0x0000001a
[    2.644680] NVRM: GPU0 nvAssertOkFailedNoLog: Assertion failed: Ran out of a critical resource, other than memory [NV_ERR_INSUFFICIENT_RESOURCES] (0x0000001A) returned from status @ kernel_channel.c:2769
[    2.644847] NVRM: GPU0 nvAssertOkFailedNoLog: Assertion failed: Ran out of a critical resource, other than memory [NV_ERR_INSUFFICIENT_RESOURCES] (0x0000001A) returned from _kchannelSendChannelAllocRpc(pKernelChannel, pChannelGpfifoParams, pKernelChannelGroup, bFullSriov) @ kernel_channel.c:964
SAMPLE-REFUSED engine_type=0xf reason=NoMemory
[    2.649542] NVRM: GPU0 nvAssertOkFailedNoLog: Assertion failed: Requested object not found [NV_ERR_OBJECT_NOT_FOUND] (0x00000057) returned from kfifoEngineInfoXlate_HAL(pGpu, pKernelFifo, ENGINE_INFO_TYPE_RM_ENGINE_TYPE, (NvU32)rmEngineType, ENGINE_INFO_TYPE_ENG_DESC, &engDesc) @ kernel_fifo_gm107.c:362
[    2.650087] NVRM: GPU0 nvAssertOkFailedNoLog: Assertion failed: Requested object not found [NV_ERR_OBJECT_NOT_FOUND] (0x00000057) returned from kfifoEngineInfoXlate_HAL(pGpu, pKernelFifo, ENGINE_INFO_TYPE_RM_ENGINE_TYPE, (NvU32)rmEngineType, ENGINE_INFO_TYPE_ENG_DESC, &engDesc) @ kernel_fifo_gm107.c:362
[    2.653715] NVRM: GPU0 rpcRmApiAlloc_GSP: GspRmAlloc failed: hClient=0xc1d0000b; hParent=0xcafe002f; hObject=0xcafe0030; hClass=0x0000c56f; paramsSize=0x00000170; paramsStatus=0x0000001a; status=0x0000001a
[    2.653975] NVRM: GPU0 nvAssertOkFailedNoLog: Assertion failed: Ran out of a critical resource, other than memory [NV_ERR_INSUFFICIENT_RESOURCES] (0x0000001A) returned from status @ kernel_channel.c:2769
[    2.654140] NVRM: GPU0 nvAssertOkFailedNoLog: Assertion failed: Ran out of a critical resource, other than memory [NV_ERR_INSUFFICIENT_RESOURCES] (0x0000001A) returned from _kchannelSendChannelAllocRpc(pKernelChannel, pChannelGpfifoParams, pKernelChannelGroup, bFullSriov) @ kernel_channel.c:964
SAMPLE-REFUSED engine_type=0x10 reason=NoMemory
[    2.668055] NVRM: GPU0 nvAssertOkFailedNoLog: Assertion failed: Requested object not found [NV_ERR_OBJECT_NOT_FOUND] (0x00000057) returned from kfifoEngineInfoXlate_HAL(pGpu, pKernelFifo, ENGINE_INFO_TYPE_RM_ENGINE_TYPE, gpuGetRmEngineType(pFifoInfoParams->engineType), ENGINE_INFO_TYPE_RUNLIST, &runlistId) @ kernel_fifo_ctrl.c:329
[    2.668451] NVRM: GPU0 nvAssertOkFailedNoLog: Assertion failed: Requested object not found [NV_ERR_OBJECT_NOT_FOUND] (0x00000057) returned from kfifoEngineInfoXlate_HAL(pGpu, pKernelFifo, ENGINE_INFO_TYPE_RM_ENGINE_TYPE, gpuGetRmEngineType(pFifoInfoParams->engineType), ENGINE_INFO_TYPE_RUNLIST, &runlistId) @ kernel_fifo_ctrl.c:329
[    2.668832] NVRM: GPU0 nvAssertOkFailedNoLog: Assertion failed: Requested object not found [NV_ERR_OBJECT_NOT_FOUND] (0x00000057) returned from kfifoEngineInfoXlate_HAL(pGpu, pKernelFifo, ENGINE_INFO_TYPE_RM_ENGINE_TYPE, gpuGetRmEngineType(pFifoInfoParams->engineType), ENGINE_INFO_TYPE_RUNLIST, &runlistId) @ kernel_fifo_ctrl.c:329
[    2.669220] NVRM: GPU0 nvAssertOkFailedNoLog: Assertion failed: Requested object not found [NV_ERR_OBJECT_NOT_FOUND] (0x00000057) returned from kfifoEngineInfoXlate_HAL(pGpu, pKernelFifo, ENGINE_INFO_TYPE_RM_ENGINE_TYPE, gpuGetRmEngineType(pFifoInfoParams->engineType), ENGINE_INFO_TYPE_RUNLIST, &runlistId) @ kernel_fifo_ctrl.c:329
[    2.673593] NVRM: GPU0 nvAssertOkFailedNoLog: Assertion failed: Requested object not found [NV_ERR_OBJECT_NOT_FOUND] (0x00000057) returned from kfifoEngineInfoXlate_HAL(pGpu, pKernelFifo, ENGINE_INFO_TYPE_RM_ENGINE_TYPE, gpuGetRmEngineType(pFifoInfoParams->engineType), ENGINE_INFO_TYPE_RUNLIST, &runlistId) @ kernel_fifo_ctrl.c:329
[    2.674000] NVRM: GPU0 nvAssertOkFailedNoLog: Assertion failed: Requested object not found [NV_ERR_OBJECT_NOT_FOUND] (0x00000057) returned from kfifoEngineInfoXlate_HAL(pGpu, pKernelFifo, ENGINE_INFO_TYPE_RM_ENGINE_TYPE, gpuGetRmEngineType(pFifoInfoParams->engineType), ENGINE_INFO_TYPE_RUNLIST, &runlistId) @ kernel_fifo_ctrl.c:329
[    2.674435] NVRM: GPU0 nvAssertOkFailedNoLog: Assertion failed: Requested object not found [NV_ERR_OBJECT_NOT_FOUND] (0x00000057) returned from kfifoEngineInfoXlate_HAL(pGpu, pKernelFifo, ENGINE_INFO_TYPE_RM_ENGINE_TYPE, gpuGetRmEngineType(pFifoInfoParams->engineType), ENGINE_INFO_TYPE_RUNLIST, &runlistId) @ kernel_fifo_ctrl.c:329
[    2.674854] NVRM: GPU0 nvAssertOkFailedNoLog: Assertion failed: Requested object not found [NV_ERR_OBJECT_NOT_FOUND] (0x00000057) returned from kfifoEngineInfoXlate_HAL(pGpu, pKernelFifo, ENGINE_INFO_TYPE_RM_ENGINE_TYPE, gpuGetRmEngineType(pFifoInfoParams->engineType), ENGINE_INFO_TYPE_RUNLIST, &runlistId) @ kernel_fifo_ctrl.c:329
PARTITION engine_type=0x1 token=0x00000003 members=[0x1,0x9,0xa,0xb,0xc]
[    2.678864] NVRM: GPU0 nvAssertOkFailedNoLog: Assertion failed: Requested object not found [NV_ERR_OBJECT_NOT_FOUND] (0x00000057) returned from kfifoEngineInfoXlate_HAL(pGpu, pKernelFifo, ENGINE_INFO_TYPE_RM_ENGINE_TYPE, gpuGetRmEngineType(pFifoInfoParams->engineType), ENGINE_INFO_TYPE_RUNLIST, &runlistId) @ kernel_fifo_ctrl.c:329
[    2.679266] NVRM: GPU0 nvAssertOkFailedNoLog: Assertion failed: Requested object not found [NV_ERR_OBJECT_NOT_FOUND] (0x00000057) returned from kfifoEngineInfoXlate_HAL(pGpu, pKernelFifo, ENGINE_INFO_TYPE_RM_ENGINE_TYPE, gpuGetRmEngineType(pFifoInfoParams->engineType), ENGINE_INFO_TYPE_RUNLIST, &runlistId) @ kernel_fifo_ctrl.c:329
[    2.679595] NVRM: GPU0 nvAssertOkFailedNoLog: Assertion failed: Requested object not found [NV_ERR_OBJECT_NOT_FOUND] (0x00000057) returned from kfifoEngineInfoXlate_HAL(pGpu, pKernelFifo, ENGINE_INFO_TYPE_RM_ENGINE_TYPE, gpuGetRmEngineType(pFifoInfoParams->engineType), ENGINE_INFO_TYPE_RUNLIST, &runlistId) @ kernel_fifo_ctrl.c:329
[    2.679945] NVRM: GPU0 nvAssertOkFailedNoLog: Assertion failed: Requested object not found [NV_ERR_OBJECT_NOT_FOUND] (0x00000057) returned from kfifoEngineInfoXlate_HAL(pGpu, pKernelFifo, ENGINE_INFO_TYPE_RM_ENGINE_TYPE, gpuGetRmEngineType(pFifoInfoParams->engineType), ENGINE_INFO_TYPE_RUNLIST, &runlistId) @ kernel_fifo_ctrl.c:329
[    2.684451] NVRM: GPU0 nvAssertOkFailedNoLog: Assertion failed: Requested object not found [NV_ERR_OBJECT_NOT_FOUND] (0x00000057) returned from kfifoEngineInfoXlate_HAL(pGpu, pKernelFifo, ENGINE_INFO_TYPE_RM_ENGINE_TYPE, gpuGetRmEngineType(pFifoInfoParams->engineType), ENGINE_INFO_TYPE_RUNLIST, &runlistId) @ kernel_fifo_ctrl.c:329
[    2.684854] NVRM: GPU0 nvAssertOkFailedNoLog: Assertion failed: Requested object not found [NV_ERR_OBJECT_NOT_FOUND] (0x00000057) returned from kfifoEngineInfoXlate_HAL(pGpu, pKernelFifo, ENGINE_INFO_TYPE_RM_ENGINE_TYPE, gpuGetRmEngineType(pFifoInfoParams->engineType), ENGINE_INFO_TYPE_RUNLIST, &runlistId) @ kernel_fifo_ctrl.c:329
[    2.685227] NVRM: GPU0 nvAssertOkFailedNoLog: Assertion failed: Requested object not found [NV_ERR_OBJECT_NOT_FOUND] (0x00000057) returned from kfifoEngineInfoXlate_HAL(pGpu, pKernelFifo, ENGINE_INFO_TYPE_RM_ENGINE_TYPE, gpuGetRmEngineType(pFifoInfoParams->engineType), ENGINE_INFO_TYPE_RUNLIST, &runlistId) @ kernel_fifo_ctrl.c:329
[    2.685583] NVRM: GPU0 nvAssertOkFailedNoLog: Assertion failed: Requested object not found [NV_ERR_OBJECT_NOT_FOUND] (0x00000057) returned from kfifoEngineInfoXlate_HAL(pGpu, pKernelFifo, ENGINE_INFO_TYPE_RM_ENGINE_TYPE, gpuGetRmEngineType(pFifoInfoParams->engineType), ENGINE_INFO_TYPE_RUNLIST, &runlistId) @ kernel_fifo_ctrl.c:329
PARTITION engine_type=0x9 token=0x00000003 members=[0x1,0x9,0xa,0xb,0xc]
[    2.689465] NVRM: GPU0 nvAssertOkFailedNoLog: Assertion failed: Requested object not found [NV_ERR_OBJECT_NOT_FOUND] (0x00000057) returned from kfifoEngineInfoXlate_HAL(pGpu, pKernelFifo, ENGINE_INFO_TYPE_RM_ENGINE_TYPE, gpuGetRmEngineType(pFifoInfoParams->engineType), ENGINE_INFO_TYPE_RUNLIST, &runlistId) @ kernel_fifo_ctrl.c:329
[    2.689830] NVRM: GPU0 nvAssertOkFailedNoLog: Assertion failed: Requested object not found [NV_ERR_OBJECT_NOT_FOUND] (0x00000057) returned from kfifoEngineInfoXlate_HAL(pGpu, pKernelFifo, ENGINE_INFO_TYPE_RM_ENGINE_TYPE, gpuGetRmEngineType(pFifoInfoParams->engineType), ENGINE_INFO_TYPE_RUNLIST, &runlistId) @ kernel_fifo_ctrl.c:329
[    2.690184] NVRM: GPU0 nvAssertOkFailedNoLog: Assertion failed: Requested object not found [NV_ERR_OBJECT_NOT_FOUND] (0x00000057) returned from kfifoEngineInfoXlate_HAL(pGpu, pKernelFifo, ENGINE_INFO_TYPE_RM_ENGINE_TYPE, gpuGetRmEngineType(pFifoInfoParams->engineType), ENGINE_INFO_TYPE_RUNLIST, &runlistId) @ kernel_fifo_ctrl.c:329
[    2.690544] NVRM: GPU0 nvAssertOkFailedNoLog: Assertion failed: Requested object not found [NV_ERR_OBJECT_NOT_FOUND] (0x00000057) returned from kfifoEngineInfoXlate_HAL(pGpu, pKernelFifo, ENGINE_INFO_TYPE_RM_ENGINE_TYPE, gpuGetRmEngineType(pFifoInfoParams->engineType), ENGINE_INFO_TYPE_RUNLIST, &runlistId) @ kernel_fifo_ctrl.c:329
[    2.694559] NVRM: GPU0 nvAssertOkFailedNoLog: Assertion failed: Requested object not found [NV_ERR_OBJECT_NOT_FOUND] (0x00000057) returned from kfifoEngineInfoXlate_HAL(pGpu, pKernelFifo, ENGINE_INFO_TYPE_RM_ENGINE_TYPE, gpuGetRmEngineType(pFifoInfoParams->engineType), ENGINE_INFO_TYPE_RUNLIST, &runlistId) @ kernel_fifo_ctrl.c:329
[    2.694969] NVRM: GPU0 nvAssertOkFailedNoLog: Assertion failed: Requested object not found [NV_ERR_OBJECT_NOT_FOUND] (0x00000057) returned from kfifoEngineInfoXlate_HAL(pGpu, pKernelFifo, ENGINE_INFO_TYPE_RM_ENGINE_TYPE, gpuGetRmEngineType(pFifoInfoParams->engineType), ENGINE_INFO_TYPE_RUNLIST, &runlistId) @ kernel_fifo_ctrl.c:329
[    2.695333] NVRM: GPU0 nvAssertOkFailedNoLog: Assertion failed: Requested object not found [NV_ERR_OBJECT_NOT_FOUND] (0x00000057) returned from kfifoEngineInfoXlate_HAL(pGpu, pKernelFifo, ENGINE_INFO_TYPE_RM_ENGINE_TYPE, gpuGetRmEngineType(pFifoInfoParams->engineType), ENGINE_INFO_TYPE_RUNLIST, &runlistId) @ kernel_fifo_ctrl.c:329
[    2.695678] NVRM: GPU0 nvAssertOkFailedNoLog: Assertion failed: Requested object not found [NV_ERR_OBJECT_NOT_FOUND] (0x00000057) returned from kfifoEngineInfoXlate_HAL(pGpu, pKernelFifo, ENGINE_INFO_TYPE_RM_ENGINE_TYPE, gpuGetRmEngineType(pFifoInfoParams->engineType), ENGINE_INFO_TYPE_RUNLIST, &runlistId) @ kernel_fifo_ctrl.c:329
PARTITION engine_type=0xa token=0x00000003 members=[0x1,0x9,0xa,0xb,0xc]
[    2.699452] NVRM: GPU0 nvAssertOkFailedNoLog: Assertion failed: Requested object not found [NV_ERR_OBJECT_NOT_FOUND] (0x00000057) returned from kfifoEngineInfoXlate_HAL(pGpu, pKernelFifo, ENGINE_INFO_TYPE_RM_ENGINE_TYPE, gpuGetRmEngineType(pFifoInfoParams->engineType), ENGINE_INFO_TYPE_RUNLIST, &runlistId) @ kernel_fifo_ctrl.c:329
[    2.699824] NVRM: GPU0 nvAssertOkFailedNoLog: Assertion failed: Requested object not found [NV_ERR_OBJECT_NOT_FOUND] (0x00000057) returned from kfifoEngineInfoXlate_HAL(pGpu, pKernelFifo, ENGINE_INFO_TYPE_RM_ENGINE_TYPE, gpuGetRmEngineType(pFifoInfoParams->engineType), ENGINE_INFO_TYPE_RUNLIST, &runlistId) @ kernel_fifo_ctrl.c:329
[    2.700192] NVRM: GPU0 nvAssertOkFailedNoLog: Assertion failed: Requested object not found [NV_ERR_OBJECT_NOT_FOUND] (0x00000057) returned from kfifoEngineInfoXlate_HAL(pGpu, pKernelFifo, ENGINE_INFO_TYPE_RM_ENGINE_TYPE, gpuGetRmEngineType(pFifoInfoParams->engineType), ENGINE_INFO_TYPE_RUNLIST, &runlistId) @ kernel_fifo_ctrl.c:329
[    2.700536] NVRM: GPU0 nvAssertOkFailedNoLog: Assertion failed: Requested object not found [NV_ERR_OBJECT_NOT_FOUND] (0x00000057) returned from kfifoEngineInfoXlate_HAL(pGpu, pKernelFifo, ENGINE_INFO_TYPE_RM_ENGINE_TYPE, gpuGetRmEngineType(pFifoInfoParams->engineType), ENGINE_INFO_TYPE_RUNLIST, &runlistId) @ kernel_fifo_ctrl.c:329
[    2.704575] NVRM: GPU0 nvAssertOkFailedNoLog: Assertion failed: Requested object not found [NV_ERR_OBJECT_NOT_FOUND] (0x00000057) returned from kfifoEngineInfoXlate_HAL(pGpu, pKernelFifo, ENGINE_INFO_TYPE_RM_ENGINE_TYPE, gpuGetRmEngineType(pFifoInfoParams->engineType), ENGINE_INFO_TYPE_RUNLIST, &runlistId) @ kernel_fifo_ctrl.c:329
[    2.704961] NVRM: GPU0 nvAssertOkFailedNoLog: Assertion failed: Requested object not found [NV_ERR_OBJECT_NOT_FOUND] (0x00000057) returned from kfifoEngineInfoXlate_HAL(pGpu, pKernelFifo, ENGINE_INFO_TYPE_RM_ENGINE_TYPE, gpuGetRmEngineType(pFifoInfoParams->engineType), ENGINE_INFO_TYPE_RUNLIST, &runlistId) @ kernel_fifo_ctrl.c:329
[    2.705330] NVRM: GPU0 nvAssertOkFailedNoLog: Assertion failed: Requested object not found [NV_ERR_OBJECT_NOT_FOUND] (0x00000057) returned from kfifoEngineInfoXlate_HAL(pGpu, pKernelFifo, ENGINE_INFO_TYPE_RM_ENGINE_TYPE, gpuGetRmEngineType(pFifoInfoParams->engineType), ENGINE_INFO_TYPE_RUNLIST, &runlistId) @ kernel_fifo_ctrl.c:329
[    2.705695] NVRM: GPU0 nvAssertOkFailedNoLog: Assertion failed: Requested object not found [NV_ERR_OBJECT_NOT_FOUND] (0x00000057) returned from kfifoEngineInfoXlate_HAL(pGpu, pKernelFifo, ENGINE_INFO_TYPE_RM_ENGINE_TYPE, gpuGetRmEngineType(pFifoInfoParams->engineType), ENGINE_INFO_TYPE_RUNLIST, &runlistId) @ kernel_fifo_ctrl.c:329
PARTITION engine_type=0xb token=0x00010003 members=[0x1,0x9,0xa,0xb,0xc]
[    2.709473] NVRM: GPU0 nvAssertOkFailedNoLog: Assertion failed: Requested object not found [NV_ERR_OBJECT_NOT_FOUND] (0x00000057) returned from kfifoEngineInfoXlate_HAL(pGpu, pKernelFifo, ENGINE_INFO_TYPE_RM_ENGINE_TYPE, gpuGetRmEngineType(pFifoInfoParams->engineType), ENGINE_INFO_TYPE_RUNLIST, &runlistId) @ kernel_fifo_ctrl.c:329
[    2.709820] NVRM: GPU0 nvAssertOkFailedNoLog: Assertion failed: Requested object not found [NV_ERR_OBJECT_NOT_FOUND] (0x00000057) returned from kfifoEngineInfoXlate_HAL(pGpu, pKernelFifo, ENGINE_INFO_TYPE_RM_ENGINE_TYPE, gpuGetRmEngineType(pFifoInfoParams->engineType), ENGINE_INFO_TYPE_RUNLIST, &runlistId) @ kernel_fifo_ctrl.c:329
[    2.710190] NVRM: GPU0 nvAssertOkFailedNoLog: Assertion failed: Requested object not found [NV_ERR_OBJECT_NOT_FOUND] (0x00000057) returned from kfifoEngineInfoXlate_HAL(pGpu, pKernelFifo, ENGINE_INFO_TYPE_RM_ENGINE_TYPE, gpuGetRmEngineType(pFifoInfoParams->engineType), ENGINE_INFO_TYPE_RUNLIST, &runlistId) @ kernel_fifo_ctrl.c:329
[    2.710510] NVRM: GPU0 nvAssertOkFailedNoLog: Assertion failed: Requested object not found [NV_ERR_OBJECT_NOT_FOUND] (0x00000057) returned from kfifoEngineInfoXlate_HAL(pGpu, pKernelFifo, ENGINE_INFO_TYPE_RM_ENGINE_TYPE, gpuGetRmEngineType(pFifoInfoParams->engineType), ENGINE_INFO_TYPE_RUNLIST, &runlistId) @ kernel_fifo_ctrl.c:329
[    2.714587] NVRM: GPU0 nvAssertOkFailedNoLog: Assertion failed: Requested object not found [NV_ERR_OBJECT_NOT_FOUND] (0x00000057) returned from kfifoEngineInfoXlate_HAL(pGpu, pKernelFifo, ENGINE_INFO_TYPE_RM_ENGINE_TYPE, gpuGetRmEngineType(pFifoInfoParams->engineType), ENGINE_INFO_TYPE_RUNLIST, &runlistId) @ kernel_fifo_ctrl.c:329
[    2.714917] NVRM: GPU0 nvAssertOkFailedNoLog: Assertion failed: Requested object not found [NV_ERR_OBJECT_NOT_FOUND] (0x00000057) returned from kfifoEngineInfoXlate_HAL(pGpu, pKernelFifo, ENGINE_INFO_TYPE_RM_ENGINE_TYPE, gpuGetRmEngineType(pFifoInfoParams->engineType), ENGINE_INFO_TYPE_RUNLIST, &runlistId) @ kernel_fifo_ctrl.c:329
[    2.715252] NVRM: GPU0 nvAssertOkFailedNoLog: Assertion failed: Requested object not found [NV_ERR_OBJECT_NOT_FOUND] (0x00000057) returned from kfifoEngineInfoXlate_HAL(pGpu, pKernelFifo, ENGINE_INFO_TYPE_RM_ENGINE_TYPE, gpuGetRmEngineType(pFifoInfoParams->engineType), ENGINE_INFO_TYPE_RUNLIST, &runlistId) @ kernel_fifo_ctrl.c:329
[    2.715558] NVRM: GPU0 nvAssertOkFailedNoLog: Assertion failed: Requested object not found [NV_ERR_OBJECT_NOT_FOUND] (0x00000057) returned from kfifoEngineInfoXlate_HAL(pGpu, pKernelFifo, ENGINE_INFO_TYPE_RM_ENGINE_TYPE, gpuGetRmEngineType(pFifoInfoParams->engineType), ENGINE_INFO_TYPE_RUNLIST, &runlistId) @ kernel_fifo_ctrl.c:329
PARTITION engine_type=0xc token=0x00020003 members=[0x1,0x9,0xa,0xb,0xc]
[    2.719355] NVRM: GPU0 nvAssertOkFailedNoLog: Assertion failed: Requested object not found [NV_ERR_OBJECT_NOT_FOUND] (0x00000057) returned from kfifoEngineInfoXlate_HAL(pGpu, pKernelFifo, ENGINE_INFO_TYPE_RM_ENGINE_TYPE, gpuGetRmEngineType(pFifoInfoParams->engineType), ENGINE_INFO_TYPE_RUNLIST, &runlistId) @ kernel_fifo_ctrl.c:329
[    2.719666] NVRM: GPU0 nvAssertOkFailedNoLog: Assertion failed: Requested object not found [NV_ERR_OBJECT_NOT_FOUND] (0x00000057) returned from kfifoEngineInfoXlate_HAL(pGpu, pKernelFifo, ENGINE_INFO_TYPE_RM_ENGINE_TYPE, gpuGetRmEngineType(pFifoInfoParams->engineType), ENGINE_INFO_TYPE_RUNLIST, &runlistId) @ kernel_fifo_ctrl.c:329
[    2.719948] NVRM: GPU0 nvAssertOkFailedNoLog: Assertion failed: Requested object not found [NV_ERR_OBJECT_NOT_FOUND] (0x00000057) returned from kfifoEngineInfoXlate_HAL(pGpu, pKernelFifo, ENGINE_INFO_TYPE_RM_ENGINE_TYPE, gpuGetRmEngineType(pFifoInfoParams->engineType), ENGINE_INFO_TYPE_RUNLIST, &runlistId) @ kernel_fifo_ctrl.c:329
[    2.720225] NVRM: GPU0 nvAssertOkFailedNoLog: Assertion failed: Requested object not found [NV_ERR_OBJECT_NOT_FOUND] (0x00000057) returned from kfifoEngineInfoXlate_HAL(pGpu, pKernelFifo, ENGINE_INFO_TYPE_RM_ENGINE_TYPE, gpuGetRmEngineType(pFifoInfoParams->engineType), ENGINE_INFO_TYPE_RUNLIST, &runlistId) @ kernel_fifo_ctrl.c:329
[    2.721158] NVRM: GPU0 nvAssertOkFailedNoLog: Assertion failed: Requested object not found [NV_ERR_OBJECT_NOT_FOUND] (0x00000057) returned from kfifoEngineInfoXlate_HAL(pGpu, pKernelFifo, ENGINE_INFO_TYPE_RM_ENGINE_TYPE, (NvU32)rmEngineType, ENGINE_INFO_TYPE_ENG_DESC, &engDesc) @ kernel_fifo_gm107.c:362
[    2.721657] NVRM: GPU0 nvAssertOkFailedNoLog: Assertion failed: Requested object not found [NV_ERR_OBJECT_NOT_FOUND] (0x00000057) returned from kfifoEngineInfoXlate_HAL(pGpu, pKernelFifo, ENGINE_INFO_TYPE_RM_ENGINE_TYPE, (NvU32)rmEngineType, ENGINE_INFO_TYPE_ENG_DESC, &engDesc) @ kernel_fifo_gm107.c:362
[    2.723783] NVRM: GPU0 nvAssertOkFailedNoLog: Assertion failed: Requested object not found [NV_ERR_OBJECT_NOT_FOUND] (0x00000057) returned from kfifoEngineInfoXlate_HAL(pGpu, GPU_GET_KERNEL_FIFO(pGpu), ENGINE_INFO_TYPE_ENG_DESC, engineDesc, ENGINE_INFO_TYPE_RUNLIST, &pKernelChannelGroupApi->pKernelChannelGroup->runlistId) @ kernel_channel_group_api.c:1252
[    2.724175] NVRM: GPU0 nvAssertOkFailedNoLog: Assertion failed: Requested object not found [NV_ERR_OBJECT_NOT_FOUND] (0x00000057) returned from kfifoEngineInfoXlate_HAL(pGpu, pKernelFifo, ENGINE_INFO_TYPE_ENG_DESC, engDesc, ENGINE_INFO_TYPE_RUNLIST, &runlistId) @ kernel_fifo_gm107.c:477
[    2.724430] NVRM: GPU0 kchannelBindToRunlist_IMPL: Failed to set RunlistID 0x793ceb04 for channel 0x00000003
[    2.724534] NVRM: GPU0 nvAssertOkFailedNoLog: Assertion failed: Requested object not found [NV_ERR_OBJECT_NOT_FOUND] (0x00000057) returned from kchannelBindToRunlist(pChanNode->pKernelChannel, localEngineType, engineDesc) @ kernel_channel_group_api.c:1264
PARTITION-REFUSED engine_type=0xd reason=Other(87)
[    2.727989] NVRM: GPU0 nvAssertOkFailedNoLog: Assertion failed: Requested object not found [NV_ERR_OBJECT_NOT_FOUND] (0x00000057) returned from kfifoEngineInfoXlate_HAL(pGpu, pKernelFifo, ENGINE_INFO_TYPE_RM_ENGINE_TYPE, gpuGetRmEngineType(pFifoInfoParams->engineType), ENGINE_INFO_TYPE_RUNLIST, &runlistId) @ kernel_fifo_ctrl.c:329
[    2.728378] NVRM: GPU0 nvAssertOkFailedNoLog: Assertion failed: Requested object not found [NV_ERR_OBJECT_NOT_FOUND] (0x00000057) returned from kfifoEngineInfoXlate_HAL(pGpu, pKernelFifo, ENGINE_INFO_TYPE_RM_ENGINE_TYPE, gpuGetRmEngineType(pFifoInfoParams->engineType), ENGINE_INFO_TYPE_RUNLIST, &runlistId) @ kernel_fifo_ctrl.c:329
[    2.728733] NVRM: GPU0 nvAssertOkFailedNoLog: Assertion failed: Requested object not found [NV_ERR_OBJECT_NOT_FOUND] (0x00000057) returned from kfifoEngineInfoXlate_HAL(pGpu, pKernelFifo, ENGINE_INFO_TYPE_RM_ENGINE_TYPE, gpuGetRmEngineType(pFifoInfoParams->engineType), ENGINE_INFO_TYPE_RUNLIST, &runlistId) @ kernel_fifo_ctrl.c:329
[    2.729081] NVRM: GPU0 nvAssertOkFailedNoLog: Assertion failed: Requested object not found [NV_ERR_OBJECT_NOT_FOUND] (0x00000057) returned from kfifoEngineInfoXlate_HAL(pGpu, pKernelFifo, ENGINE_INFO_TYPE_RM_ENGINE_TYPE, gpuGetRmEngineType(pFifoInfoParams->engineType), ENGINE_INFO_TYPE_RUNLIST, &runlistId) @ kernel_fifo_ctrl.c:329
[    2.730060] NVRM: GPU0 nvAssertOkFailedNoLog: Assertion failed: Requested object not found [NV_ERR_OBJECT_NOT_FOUND] (0x00000057) returned from kfifoEngineInfoXlate_HAL(pGpu, pKernelFifo, ENGINE_INFO_TYPE_RM_ENGINE_TYPE, (NvU32)rmEngineType, ENGINE_INFO_TYPE_ENG_DESC, &engDesc) @ kernel_fifo_gm107.c:362
[    2.733634] NVRM: GPU0 nvAssertOkFailedNoLog: Assertion failed: Requested object not found [NV_ERR_OBJECT_NOT_FOUND] (0x00000057) returned from kfifoEngineInfoXlate_HAL(pGpu, pKernelFifo, ENGINE_INFO_TYPE_RM_ENGINE_TYPE, (NvU32)rmEngineType, ENGINE_INFO_TYPE_ENG_DESC, &engDesc) @ kernel_fifo_gm107.c:362
[    2.737182] NVRM: GPU0 rpcRmApiAlloc_GSP: GspRmAlloc failed: hClient=0xc1d0000b; hParent=0xcafe0052; hObject=0xcafe0053; hClass=0x0000c56f; paramsSize=0x00000170; paramsStatus=0x0000001a; status=0x0000001a
[    2.737344] NVRM: GPU0 nvAssertOkFailedNoLog: Assertion failed: Ran out of a critical resource, other than memory [NV_ERR_INSUFFICIENT_RESOURCES] (0x0000001A) returned from status @ kernel_channel.c:2769
[    2.737479] NVRM: GPU0 nvAssertOkFailedNoLog: Assertion failed: Ran out of a critical resource, other than memory [NV_ERR_INSUFFICIENT_RESOURCES] (0x0000001A) returned from _kchannelSendChannelAllocRpc(pKernelChannel, pChannelGpfifoParams, pKernelChannelGroup, bFullSriov) @ kernel_channel.c:964
PARTITION-REFUSED engine_type=0xe reason=NoMemory
[    2.739973] NVRM: GPU0 nvAssertOkFailedNoLog: Assertion failed: Requested object not found [NV_ERR_OBJECT_NOT_FOUND] (0x00000057) returned from kfifoEngineInfoXlate_HAL(pGpu, pKernelFifo, ENGINE_INFO_TYPE_RM_ENGINE_TYPE, gpuGetRmEngineType(pFifoInfoParams->engineType), ENGINE_INFO_TYPE_RUNLIST, &runlistId) @ kernel_fifo_ctrl.c:329
[    2.740269] NVRM: GPU0 nvAssertOkFailedNoLog: Assertion failed: Requested object not found [NV_ERR_OBJECT_NOT_FOUND] (0x00000057) returned from kfifoEngineInfoXlate_HAL(pGpu, pKernelFifo, ENGINE_INFO_TYPE_RM_ENGINE_TYPE, gpuGetRmEngineType(pFifoInfoParams->engineType), ENGINE_INFO_TYPE_RUNLIST, &runlistId) @ kernel_fifo_ctrl.c:329
[    2.740568] NVRM: GPU0 nvAssertOkFailedNoLog: Assertion failed: Requested object not found [NV_ERR_OBJECT_NOT_FOUND] (0x00000057) returned from kfifoEngineInfoXlate_HAL(pGpu, pKernelFifo, ENGINE_INFO_TYPE_RM_ENGINE_TYPE, gpuGetRmEngineType(pFifoInfoParams->engineType), ENGINE_INFO_TYPE_RUNLIST, &runlistId) @ kernel_fifo_ctrl.c:329
[    2.740879] NVRM: GPU0 nvAssertOkFailedNoLog: Assertion failed: Requested object not found [NV_ERR_OBJECT_NOT_FOUND] (0x00000057) returned from kfifoEngineInfoXlate_HAL(pGpu, pKernelFifo, ENGINE_INFO_TYPE_RM_ENGINE_TYPE, gpuGetRmEngineType(pFifoInfoParams->engineType), ENGINE_INFO_TYPE_RUNLIST, &runlistId) @ kernel_fifo_ctrl.c:329
[    2.741901] NVRM: GPU0 nvAssertOkFailedNoLog: Assertion failed: Requested object not found [NV_ERR_OBJECT_NOT_FOUND] (0x00000057) returned from kfifoEngineInfoXlate_HAL(pGpu, pKernelFifo, ENGINE_INFO_TYPE_RM_ENGINE_TYPE, (NvU32)rmEngineType, ENGINE_INFO_TYPE_ENG_DESC, &engDesc) @ kernel_fifo_gm107.c:362
[    2.742305] NVRM: GPU0 nvAssertOkFailedNoLog: Assertion failed: Requested object not found [NV_ERR_OBJECT_NOT_FOUND] (0x00000057) returned from kfifoEngineInfoXlate_HAL(pGpu, pKernelFifo, ENGINE_INFO_TYPE_RM_ENGINE_TYPE, (NvU32)rmEngineType, ENGINE_INFO_TYPE_ENG_DESC, &engDesc) @ kernel_fifo_gm107.c:362
[    2.745703] NVRM: GPU0 rpcRmApiAlloc_GSP: GspRmAlloc failed: hClient=0xc1d0000b; hParent=0xcafe0057; hObject=0xcafe0058; hClass=0x0000c56f; paramsSize=0x00000170; paramsStatus=0x0000001a; status=0x0000001a
[    2.745910] NVRM: GPU0 nvAssertOkFailedNoLog: Assertion failed: Ran out of a critical resource, other than memory [NV_ERR_INSUFFICIENT_RESOURCES] (0x0000001A) returned from status @ kernel_channel.c:2769
[    2.746078] NVRM: GPU0 nvAssertOkFailedNoLog: Assertion failed: Ran out of a critical resource, other than memory [NV_ERR_INSUFFICIENT_RESOURCES] (0x0000001A) returned from _kchannelSendChannelAllocRpc(pKernelChannel, pChannelGpfifoParams, pKernelChannelGroup, bFullSriov) @ kernel_channel.c:964
PARTITION-REFUSED engine_type=0xf reason=NoMemory
[    2.748590] NVRM: GPU0 nvAssertOkFailedNoLog: Assertion failed: Requested object not found [NV_ERR_OBJECT_NOT_FOUND] (0x00000057) returned from kfifoEngineInfoXlate_HAL(pGpu, pKernelFifo, ENGINE_INFO_TYPE_RM_ENGINE_TYPE, gpuGetRmEngineType(pFifoInfoParams->engineType), ENGINE_INFO_TYPE_RUNLIST, &runlistId) @ kernel_fifo_ctrl.c:329
[    2.748965] NVRM: GPU0 nvAssertOkFailedNoLog: Assertion failed: Requested object not found [NV_ERR_OBJECT_NOT_FOUND] (0x00000057) returned from kfifoEngineInfoXlate_HAL(pGpu, pKernelFifo, ENGINE_INFO_TYPE_RM_ENGINE_TYPE, gpuGetRmEngineType(pFifoInfoParams->engineType), ENGINE_INFO_TYPE_RUNLIST, &runlistId) @ kernel_fifo_ctrl.c:329
[    2.749321] NVRM: GPU0 nvAssertOkFailedNoLog: Assertion failed: Requested object not found [NV_ERR_OBJECT_NOT_FOUND] (0x00000057) returned from kfifoEngineInfoXlate_HAL(pGpu, pKernelFifo, ENGINE_INFO_TYPE_RM_ENGINE_TYPE, gpuGetRmEngineType(pFifoInfoParams->engineType), ENGINE_INFO_TYPE_RUNLIST, &runlistId) @ kernel_fifo_ctrl.c:329
[    2.749672] NVRM: GPU0 nvAssertOkFailedNoLog: Assertion failed: Requested object not found [NV_ERR_OBJECT_NOT_FOUND] (0x00000057) returned from kfifoEngineInfoXlate_HAL(pGpu, pKernelFifo, ENGINE_INFO_TYPE_RM_ENGINE_TYPE, gpuGetRmEngineType(pFifoInfoParams->engineType), ENGINE_INFO_TYPE_RUNLIST, &runlistId) @ kernel_fifo_ctrl.c:329
[    2.750697] NVRM: GPU0 nvAssertOkFailedNoLog: Assertion failed: Requested object not found [NV_ERR_OBJECT_NOT_FOUND] (0x00000057) returned from kfifoEngineInfoXlate_HAL(pGpu, pKernelFifo, ENGINE_INFO_TYPE_RM_ENGINE_TYPE, (NvU32)rmEngineType, ENGINE_INFO_TYPE_ENG_DESC, &engDesc) @ kernel_fifo_gm107.c:362
[    2.751084] NVRM: GPU0 nvAssertOkFailedNoLog: Assertion failed: Requested object not found [NV_ERR_OBJECT_NOT_FOUND] (0x00000057) returned from kfifoEngineInfoXlate_HAL(pGpu, pKernelFifo, ENGINE_INFO_TYPE_RM_ENGINE_TYPE, (NvU32)rmEngineType, ENGINE_INFO_TYPE_ENG_DESC, &engDesc) @ kernel_fifo_gm107.c:362
[    2.754599] NVRM: GPU0 rpcRmApiAlloc_GSP: GspRmAlloc failed: hClient=0xc1d0000b; hParent=0xcafe005c; hObject=0xcafe005d; hClass=0x0000c56f; paramsSize=0x00000170; paramsStatus=0x0000001a; status=0x0000001a
[    2.754834] NVRM: GPU0 nvAssertOkFailedNoLog: Assertion failed: Ran out of a critical resource, other than memory [NV_ERR_INSUFFICIENT_RESOURCES] (0x0000001A) returned from status @ kernel_channel.c:2769
[    2.755014] NVRM: GPU0 nvAssertOkFailedNoLog: Assertion failed: Ran out of a critical resource, other than memory [NV_ERR_INSUFFICIENT_RESOURCES] (0x0000001A) returned from _kchannelSendChannelAllocRpc(pKernelChannel, pChannelGpfifoParams, pKernelChannelGroup, bFullSriov) @ kernel_channel.c:964
PARTITION-REFUSED engine_type=0x10 reason=NoMemory
FACT partition_is_vacuous=1
info  R13c census        = done
done — doorbell census only
[    2.831932] NVRM: nvCheckOkFailedNoLog: Check failed: Call not supported [NV_ERR_NOT_SUPPORTED] (0x00000056) returned from pRmApi->Control(pRmApi, pGpu->hInternalClient, pGpu->hInternalSubdevice, NV2080_CTRL_CMD_INTERNAL_INIT_USER_SHARED_DATA, &params, sizeof(params)) @ gpu_user_shared_data.c:248
FASTGUEST: client rc=0 at 2.85s
FASTGUEST: DONE
