=== W321 ARM START tree=/workspace/kayfabe_w321 prefix=w321s n=1 2026-08-14T18:35:03+00:00
=== HEAD=e8ed422c8ab8acb569787dd24cbdaba58fa56bba
=== DIRT=[]
=== ARM ENV (intent — the boot's own KNOB lines are the record of EXECUTION):
===   KAYFABE_DRAIN_BATCH=coalesce
===   KAYFABE_VAS_DRAIN_BUDGET_MS=[⊘unset ⇒ 3000 default]
===   KAYFABE_VAS_DRAIN_ROW_LIMIT=[⊘unset ⇒ 65536 default]
===   KAYFABE_DRAIN_BATCH=[coalesce]
--- boot 1/1 tag=w321s1 2026-08-14T18:35:07+00:00
    BOOT 1: [CUP3_VAL=43] [CUP3_RC=0] [⊘no-cup8] [⊘no-r33]
            r33_arm1=[⊘ NO arm-1 LINE — the measurement did not happen, ⊘ NOT a fail]
            ★ KNOB=[W319KNOB[budget_ms=3000 row_limit=65536]]
            ★★★ DRAIN=[DRAIN[visited=true asked=13313 pinned=13313 refused=0 DRAIN_MS=887 W319KNOB[budget_ms=3000 row_limit=65536] complete=true ]
            last_pinned_va=0x2047ff000  budget_hit_lines=[0] row_cap_hit_lines=[0]
            ★★★★★ W321IPC[ipc_calls=12072 (3 /chain) ipc_us=859396 (213 us/chain, 64 us/row) drain_us=887000 ours_us=27604 ipc_share=96%]
            ★★★★★ W321BATCH[arm=coalesce chunks=4024 chains=4024 rows_pinned=13313 rows_refused=0 fallback_chunks=0 fallback_chains=0 rows_per_chain=3.30]
            ★★★★★ W321CENSUS[rows=13313 bytes=0x3410000 len_4k=13312 len_lt64k=0 len_lt2m=1 len_ge2m=0 va_runs=3 pair_runs=4022 coalesce_ceiling=3.31x break_va_only=0 break_gpa_only=4019 break_both=2 runsz_4k=3946 runsz_lt64k=2 runsz_lt2m=72 runsz_ge2m=2 max_run=0x371000 ⇒ a coalescing fix can reduce 13313 host chains to 4022; a BATCHED-TRANSPORT fix is bounded by neither of these numbers]
            ★★★★★ child_lines=[37] LAST=[W321CHILD worker=0 served=37000 — CHILD-SIDE SERVICE TIME (`serve_one` only; the frame read/write and the socket are OUTSIDE it, so parent_ipc_us MINUS these is the transport): map_guest_ram[n=5930 tot=59415us mean=10us] describe_guest_ram[n=5930 tot=249873us mean=42us] map_gpu_va[n=5914 tot=439168us mean=74us] other[n=19226 tot=2523671us mean=131us]]
            hostdmesg_bytes=[0] Xid_lines=[0] 
            guest NVRM_lines=[31] stall_lines=[0]
=== W321 ARM EXIT status=0 2026-08-14T18:39:28+00:00
=== W321 ARM TERMINATOR w321s rc=0 2026-08-14T18:39:28+00:00
