[   18.135380] nvidia-nvlink: Nvlink Core is being initialized, major device number 239

[   18.144868] nvidia 0000:00:03.0: vgaarb: VGA decodes changed: olddecodes=none,decodes=none:owns=io+mem
[   18.148429] NVRM: loading NVIDIA UNIX Open Kernel Module for x86_64  580.159.04  Release Build  (dvs-builder@U22-I3-AF04-09-6)  Wed Apr 29 17:15:53 UTC 2026
[   19.884638] NVRM: nvAssertOkFailedNoLog: Assertion failed: Call not supported [NV_ERR_NOT_SUPPORTED] (0x00000056) returned from pRmApi->Control(pRmApi, pGpu->hInternalClient, pGpu->hInternalSubdevice, NV2080_CTRL_CMD_INTERNAL_INIT_USER_SHARED_DATA, &params, sizeof(params)) @ gpu_user_shared_data.c:233
[   19.884694] NVRM: nvAssertOkFailedNoLog: Assertion failed: Call not supported [NV_ERR_NOT_SUPPORTED] (0x00000056) returned from pRmApi->Control(pRmApi, pGpu->hInternalClient, pGpu->hInternalSubdevice, NV2080_CTRL_CMD_INTERNAL_USER_SHARED_DATA_SET_DATA_POLL, &params, sizeof(params)) @ gpu_user_shared_data.c:268
[   19.908476] NVRM: kperfGpuBoostSyncStateInit_IMPL: Failed to read Sync Gpu Boost init state, status=0x56
[   19.911311] NVRM: kperfGpuBoostSyncStateInit_IMPL: Failed to read Sync Gpu Boost init state, status=0x56
[   19.911367] NVRM: nvAssertOkFailedNoLog: Assertion failed: Call not supported [NV_ERR_NOT_SUPPORTED] (0x00000056) returned from pRmApi->Control(pRmApi, pGpu->hInternalClient, pGpu->hInternalSubdevice, NV2080_CTRL_CMD_INTERNAL_CE_GET_PCE_CONFIG_FOR_LCE_TYPE, &pceConfigParams, sizeof(pceConfigParams)) @ kernel_ce.c:1020
[   19.911375] NVRM: nvAssertOkFailedNoLog: Assertion failed: Call not supported [NV_ERR_NOT_SUPPORTED] (0x00000056) returned from kceGetPceConfigForLceType(pGpu, pKCe, NV2080_CTRL_CE_LCE_TYPE_DECOMP, &numPcesPerLce, &numLces, &supportedPceMask, &supportedLceMask, &pcesPerHshub) @ kernel_ce_gp100.c:62
[   20.128650] NVRM: nvCheckOkFailedNoLog: Check failed: Call not supported [NV_ERR_NOT_SUPPORTED] (0x00000056) returned from kgrobjPromoteContext(pGpu, pKernelGraphicsObject, pKernelGraphics) @ kernel_graphics_object.c:224
[   20.129216] NVRM: nvAssertOkFailedNoLog: Assertion failed: Call not supported [NV_ERR_NOT_SUPPORTED] (0x00000056) returned from pRmApi->AllocWithHandle(pRmApi, hClientId, hChannelId, hObj3D, classNum, NULL, 0) @ kernel_graphics.c:2519
[   20.131029] NVRM: vaListDestroy: non-zero mapCount(pVaList): 0x1
[   20.131033] NVRM: vaListDestroy: non-zero mapCount(pVaList): 0x1
[   20.131035] NVRM: vaListDestroy: non-zero mapCount(pVaList): 0x1
[   20.131036] NVRM: vaListDestroy: non-zero mapCount(pVaList): 0x1
[   20.134597] NVRM: nvCheckOkFailedNoLog: Check failed: Call not supported [NV_ERR_NOT_SUPPORTED] (0x00000056) returned from kgraphicsCreateGoldenImageChannel(pGpu, pKernelGraphics) @ kernel_graphics.c:508
[   20.134603] NVRM: nvAssertFailedNoLog: Assertion failed: 0 @ kernel_fifo.c:3129
[   20.142838] NVRM: rpcRmApiAlloc_GSP: GspRmAlloc failed: hClient=0xc1d00008; hParent=0x31415903; hObject=0x31415900; hClass=0x0000c36f; paramsSize=0x00000170; paramsStatus=0x00000056; status=0x00000056
[   20.142850] NVRM: nvAssertOkFailedNoLog: Assertion failed: Call not supported [NV_ERR_NOT_SUPPORTED] (0x00000056) returned from status @ kernel_channel.c:2827
[   20.142860] NVRM: nvAssertOkFailedNoLog: Assertion failed: Call not supported [NV_ERR_NOT_SUPPORTED] (0x00000056) returned from _kchannelSendChannelAllocRpc(pKernelChannel, pChannelGpfifoParams, pKernelChannelGroup, bFullSriov) @ kernel_channel.c:940
[   20.144411] NVRM: nvAssertFailedNoLog: Assertion failed: status == NV_OK @ kernel_rc_watchdog.c:1198
[   20.147364] NVRM: rpcRmApiAlloc_GSP: GspRmAlloc failed: hClient=0xc1d00009; hParent=0xcaf00001; hObject=0xcaf00002; hClass=0x0000402c; paramsSize=0x00000000; paramsStatus=0x00000056; status=0x00000056
[   20.708826] NVRM: nvAssertFailedNoLog: Assertion failed: (status == NV_OK) || (status == NV_ERR_GPU_IN_FULLCHIP_RESET) @ gpu_user_shared_data.c:373
[   20.709934] NVRM: nvAssertFailedNoLog: Assertion failed: (status == NV_OK) || (status == NV_ERR_GPU_IN_FULLCHIP_RESET) @ gpu_user_shared_data.c:373
[   20.726210] NVRM: rpcRmApiAlloc_GSP: GspRmAlloc failed: hClient=0xc1d00001; hParent=0xa55a0030; hObject=0xa55a0070; hClass=0x0000208f; paramsSize=0x00000000; paramsStatus=0x00000056; status=0x00000056
[   20.813255] NVRM: nvAssertFailedNoLog: Assertion failed: (status == NV_OK) || (status == NV_ERR_GPU_IN_FULLCHIP_RESET) @ fecs_event_list.c:1623
[   20.824579] NVRM: nvCheckOkFailedNoLog: Check failed: Call not supported [NV_ERR_NOT_SUPPORTED] (0x00000056) returned from pRmApi->Control(pRmApi, pGpu->hInternalClient, pGpu->hInternalSubdevice, NV2080_CTRL_CMD_INTERNAL_INIT_USER_SHARED_DATA, &params, sizeof(params)) @ gpu_user_shared_data.c:213
[   23.394032] NVRM: nvAssertOkFailedNoLog: Assertion failed: Call not supported [NV_ERR_NOT_SUPPORTED] (0x00000056) returned from pRmApi->Control(pRmApi, pGpu->hInternalClient, pGpu->hInternalSubdevice, NV2080_CTRL_CMD_INTERNAL_INIT_USER_SHARED_DATA, &params, sizeof(params)) @ gpu_user_shared_data.c:233
[   23.394096] NVRM: nvAssertOkFailedNoLog: Assertion failed: Call not supported [NV_ERR_NOT_SUPPORTED] (0x00000056) returned from pRmApi->Control(pRmApi, pGpu->hInternalClient, pGpu->hInternalSubdevice, NV2080_CTRL_CMD_INTERNAL_USER_SHARED_DATA_SET_DATA_POLL, &params, sizeof(params)) @ gpu_user_shared_data.c:268
[   23.404188] NVRM: kperfGpuBoostSyncStateInit_IMPL: Failed to read Sync Gpu Boost init state, status=0x56
[   23.407398] NVRM: kperfGpuBoostSyncStateInit_IMPL: Failed to read Sync Gpu Boost init state, status=0x56
[   23.407467] NVRM: nvAssertOkFailedNoLog: Assertion failed: Call not supported [NV_ERR_NOT_SUPPORTED] (0x00000056) returned from pRmApi->Control(pRmApi, pGpu->hInternalClient, pGpu->hInternalSubdevice, NV2080_CTRL_CMD_INTERNAL_CE_GET_PCE_CONFIG_FOR_LCE_TYPE, &pceConfigParams, sizeof(pceConfigParams)) @ kernel_ce.c:1020
[   23.407474] NVRM: nvAssertOkFailedNoLog: Assertion failed: Call not supported [NV_ERR_NOT_SUPPORTED] (0x00000056) returned from kceGetPceConfigForLceType(pGpu, pKCe, NV2080_CTRL_CE_LCE_TYPE_DECOMP, &numPcesPerLce, &numLces, &supportedPceMask, &supportedLceMask, &pcesPerHshub) @ kernel_ce_gp100.c:62
[   23.625496] NVRM: nvCheckOkFailedNoLog: Check failed: Call not supported [NV_ERR_NOT_SUPPORTED] (0x00000056) returned from kgrobjPromoteContext(pGpu, pKernelGraphicsObject, pKernelGraphics) @ kernel_graphics_object.c:224
[   23.626189] NVRM: nvAssertOkFailedNoLog: Assertion failed: Call not supported [NV_ERR_NOT_SUPPORTED] (0x00000056) returned from pRmApi->AllocWithHandle(pRmApi, hClientId, hChannelId, hObj3D, classNum, NULL, 0) @ kernel_graphics.c:2519
[   23.627958] NVRM: vaListDestroy: non-zero mapCount(pVaList): 0x1
[   23.627963] NVRM: vaListDestroy: non-zero mapCount(pVaList): 0x1
[   23.627965] NVRM: vaListDestroy: non-zero mapCount(pVaList): 0x1
[   23.627967] NVRM: vaListDestroy: non-zero mapCount(pVaList): 0x1
[   23.631071] NVRM: nvCheckOkFailedNoLog: Check failed: Call not supported [NV_ERR_NOT_SUPPORTED] (0x00000056) returned from kgraphicsCreateGoldenImageChannel(pGpu, pKernelGraphics) @ kernel_graphics.c:508
[   23.631077] NVRM: nvAssertFailedNoLog: Assertion failed: 0 @ kernel_fifo.c:3129
[   23.640354] NVRM: rpcRmApiAlloc_GSP: GspRmAlloc failed: hClient=0xc1d00012; hParent=0x31415903; hObject=0x31415900; hClass=0x0000c36f; paramsSize=0x00000170; paramsStatus=0x00000056; status=0x00000056
[   23.640364] NVRM: nvAssertOkFailedNoLog: Assertion failed: Call not supported [NV_ERR_NOT_SUPPORTED] (0x00000056) returned from status @ kernel_channel.c:2827
[   23.640400] NVRM: nvAssertOkFailedNoLog: Assertion failed: Call not supported [NV_ERR_NOT_SUPPORTED] (0x00000056) returned from _kchannelSendChannelAllocRpc(pKernelChannel, pChannelGpfifoParams, pKernelChannelGroup, bFullSriov) @ kernel_channel.c:940
[   23.642577] NVRM: nvAssertFailedNoLog: Assertion failed: status == NV_OK @ kernel_rc_watchdog.c:1198
[   23.645687] NVRM: rpcRmApiAlloc_GSP: GspRmAlloc failed: hClient=0xc1d00013; hParent=0xcaf00001; hObject=0xcaf00002; hClass=0x0000402c; paramsSize=0x00000000; paramsStatus=0x00000056; status=0x00000056
[   23.733884] NVRM: nvAssertFailedNoLog: Assertion failed: (status == NV_OK) || (status == NV_ERR_GPU_IN_FULLCHIP_RESET) @ fecs_event_list.c:1623
[   23.744805] NVRM: nvCheckOkFailedNoLog: Check failed: Call not supported [NV_ERR_NOT_SUPPORTED] (0x00000056) returned from pRmApi->Control(pRmApi, pGpu->hInternalClient, pGpu->hInternalSubdevice, NV2080_CTRL_CMD_INTERNAL_INIT_USER_SHARED_DATA, &params, sizeof(params)) @ gpu_user_shared_data.c:213
[   24.138558] nvidia-modeset: Loading NVIDIA UNIX Open Kernel Mode Setting Driver for x86_64  580.159.04  Release Build  (dvs-builder@U22-I3-AF04-09-6)  Wed Apr 29 17:04:37 UTC 2026
[   24.144234] [drm] [nvidia-drm] [GPU ID 0x00000003] Loading driver
[   24.616590] NVRM: nvAssertOkFailedNoLog: Assertion failed: Call not supported [NV_ERR_NOT_SUPPORTED] (0x00000056) returned from pRmApi->Control(pRmApi, pGpu->hInternalClient, pGpu->hInternalSubdevice, NV2080_CTRL_CMD_INTERNAL_INIT_USER_SHARED_DATA, &params, sizeof(params)) @ gpu_user_shared_data.c:233
[   24.616669] NVRM: nvAssertOkFailedNoLog: Assertion failed: Call not supported [NV_ERR_NOT_SUPPORTED] (0x00000056) returned from pRmApi->Control(pRmApi, pGpu->hInternalClient, pGpu->hInternalSubdevice, NV2080_CTRL_CMD_INTERNAL_USER_SHARED_DATA_SET_DATA_POLL, &params, sizeof(params)) @ gpu_user_shared_data.c:268
[   24.629082] NVRM: kperfGpuBoostSyncStateInit_IMPL: Failed to read Sync Gpu Boost init state, status=0x56
[   24.632735] NVRM: kperfGpuBoostSyncStateInit_IMPL: Failed to read Sync Gpu Boost init state, status=0x56
[   24.632816] NVRM: nvAssertOkFailedNoLog: Assertion failed: Call not supported [NV_ERR_NOT_SUPPORTED] (0x00000056) returned from pRmApi->Control(pRmApi, pGpu->hInternalClient, pGpu->hInternalSubdevice, NV2080_CTRL_CMD_INTERNAL_CE_GET_PCE_CONFIG_FOR_LCE_TYPE, &pceConfigParams, sizeof(pceConfigParams)) @ kernel_ce.c:1020
[   24.632825] NVRM: nvAssertOkFailedNoLog: Assertion failed: Call not supported [NV_ERR_NOT_SUPPORTED] (0x00000056) returned from kceGetPceConfigForLceType(pGpu, pKCe, NV2080_CTRL_CE_LCE_TYPE_DECOMP, &numPcesPerLce, &numLces, &supportedPceMask, &supportedLceMask, &pcesPerHshub) @ kernel_ce_gp100.c:62
[   24.806225] NVRM: nvCheckOkFailedNoLog: Check failed: Call not supported [NV_ERR_NOT_SUPPORTED] (0x00000056) returned from kgrobjPromoteContext(pGpu, pKernelGraphicsObject, pKernelGraphics) @ kernel_graphics_object.c:224
[   24.806925] NVRM: nvAssertOkFailedNoLog: Assertion failed: Call not supported [NV_ERR_NOT_SUPPORTED] (0x00000056) returned from pRmApi->AllocWithHandle(pRmApi, hClientId, hChannelId, hObj3D, classNum, NULL, 0) @ kernel_graphics.c:2519
[   24.808550] NVRM: vaListDestroy: non-zero mapCount(pVaList): 0x1
[   24.808555] NVRM: vaListDestroy: non-zero mapCount(pVaList): 0x1
[   24.808557] NVRM: vaListDestroy: non-zero mapCount(pVaList): 0x1
[   24.808559] NVRM: vaListDestroy: non-zero mapCount(pVaList): 0x1
[   24.811479] NVRM: nvCheckOkFailedNoLog: Check failed: Call not supported [NV_ERR_NOT_SUPPORTED] (0x00000056) returned from kgraphicsCreateGoldenImageChannel(pGpu, pKernelGraphics) @ kernel_graphics.c:508
[   24.811485] NVRM: nvAssertFailedNoLog: Assertion failed: 0 @ kernel_fifo.c:3129
[   24.820984] NVRM: rpcRmApiAlloc_GSP: GspRmAlloc failed: hClient=0xc1d0001c; hParent=0x31415903; hObject=0x31415900; hClass=0x0000c36f; paramsSize=0x00000170; paramsStatus=0x00000056; status=0x00000056
[   24.820994] NVRM: nvAssertOkFailedNoLog: Assertion failed: Call not supported [NV_ERR_NOT_SUPPORTED] (0x00000056) returned from status @ kernel_channel.c:2827
[   24.821001] NVRM: nvAssertOkFailedNoLog: Assertion failed: Call not supported [NV_ERR_NOT_SUPPORTED] (0x00000056) returned from _kchannelSendChannelAllocRpc(pKernelChannel, pChannelGpfifoParams, pKernelChannelGroup, bFullSriov) @ kernel_channel.c:940
[   24.823204] NVRM: nvAssertFailedNoLog: Assertion failed: status == NV_OK @ kernel_rc_watchdog.c:1198
[   24.826335] NVRM: rpcRmApiAlloc_GSP: GspRmAlloc failed: hClient=0xc1d0001d; hParent=0xcaf00001; hObject=0xcaf00002; hClass=0x0000402c; paramsSize=0x00000000; paramsStatus=0x00000056; status=0x00000056
[   24.844292] [drm] Initialized nvidia-drm 0.0.0 20160202 for 0000:00:03.0 on minor 0
[   24.844600] nvidia 0000:00:03.0: [drm] No compatible format found
[   24.844651] nvidia 0000:00:03.0: [drm] Cannot find any crtc or sizes
[   36.203548] hrtimer: interrupt took 5391066 ns
[   42.708006] NVRM: kgmmuClientShadowFaultBufferUnregister_IMPL: Unregistering non-replayable fault buffer failed (status=0x00000056), proceeding...
[   42.709461] NVRM: kgmmuFaultBufferReplayableDestroy_IMPL: Unregistering Replayable Fault buffer failed (status=0x00000056), proceeding...
[   42.710763] NVRM: uvmTerminateAccessCntrBuffer_IMPL: Unloading UVM Access counters failed (status=0x00000056), proceeding...
[  584.640940] show_signal_msg: 109 callbacks suppressed
[  584.640994] es2gears_waylan[8508]: segfault at 18 ip 000076b051978c8b sp 00007fff19574ed0 error 4 in libwayland-client.so.0.22.0[76b051976000+6000] likely on CPU 3 (core 3, socket 0)
[  584.641043] Code: 90 00 00 00 85 f6 75 d5 e9 1b ff ff ff 48 c7 45 a8 00 00 00 00 e9 c9 fe ff ff e8 30 d7 ff ff f3 0f 1e fa 55 48 89 e5 41 54 53 <48> 8b 47 18 48 89 fb 4c 8d a0 18 01 00 00 4c 89 e7 e8 bf d8 ff ff
[ 1286.193250] NVRM: kgmmuClientShadowFaultBufferUnregister_IMPL: Unregistering non-replayable fault buffer failed (status=0x00000056), proceeding...
[ 1286.194426] NVRM: kgmmuFaultBufferReplayableDestroy_IMPL: Unregistering Replayable Fault buffer failed (status=0x00000056), proceeding...
[ 1286.195444] NVRM: uvmTerminateAccessCntrBuffer_IMPL: Unloading UVM Access counters failed (status=0x00000056), proceeding...
[ 1287.852059] NVRM: kgmmuClientShadowFaultBufferUnregister_IMPL: Unregistering non-replayable fault buffer failed (status=0x00000056), proceeding...
[ 1287.853131] NVRM: kgmmuFaultBufferReplayableDestroy_IMPL: Unregistering Replayable Fault buffer failed (status=0x00000056), proceeding...
[ 1287.854160] NVRM: uvmTerminateAccessCntrBuffer_IMPL: Unloading UVM Access counters failed (status=0x00000056), proceeding...
[ 1293.444562] NVRM: kgmmuClientShadowFaultBufferUnregister_IMPL: Unregistering non-replayable fault buffer failed (status=0x00000056), proceeding...
[ 1293.445600] NVRM: kgmmuFaultBufferReplayableDestroy_IMPL: Unregistering Replayable Fault buffer failed (status=0x00000056), proceeding...
[ 1293.446631] NVRM: uvmTerminateAccessCntrBuffer_IMPL: Unloading UVM Access counters failed (status=0x00000056), proceeding...
[ 1296.286552] NVRM: kgmmuClientShadowFaultBufferUnregister_IMPL: Unregistering non-replayable fault buffer failed (status=0x00000056), proceeding...
[ 1296.287427] NVRM: kgmmuFaultBufferReplayableDestroy_IMPL: Unregistering Replayable Fault buffer failed (status=0x00000056), proceeding...
[ 1296.288401] NVRM: uvmTerminateAccessCntrBuffer_IMPL: Unloading UVM Access counters failed (status=0x00000056), proceeding...
[ 1302.834558] NVRM: kgmmuClientShadowFaultBufferUnregister_IMPL: Unregistering non-replayable fault buffer failed (status=0x00000056), proceeding...
[ 1302.835298] NVRM: kgmmuFaultBufferReplayableDestroy_IMPL: Unregistering Replayable Fault buffer failed (status=0x00000056), proceeding...
[ 1302.836090] NVRM: uvmTerminateAccessCntrBuffer_IMPL: Unloading UVM Access counters failed (status=0x00000056), proceeding...
[ 1305.112864] NVRM: kgmmuClientShadowFaultBufferUnregister_IMPL: Unregistering non-replayable fault buffer failed (status=0x00000056), proceeding...
[ 1305.114255] NVRM: kgmmuFaultBufferReplayableDestroy_IMPL: Unregistering Replayable Fault buffer failed (status=0x00000056), proceeding...
[ 1305.115822] NVRM: uvmTerminateAccessCntrBuffer_IMPL: Unloading UVM Access counters failed (status=0x00000056), proceeding...
[ 1307.583975] NVRM: kgmmuClientShadowFaultBufferUnregister_IMPL: Unregistering non-replayable fault buffer failed (status=0x00000056), proceeding...
[ 1307.584913] NVRM: kgmmuFaultBufferReplayableDestroy_IMPL: Unregistering Replayable Fault buffer failed (status=0x00000056), proceeding...
[ 1307.585734] NVRM: uvmTerminateAccessCntrBuffer_IMPL: Unloading UVM Access counters failed (status=0x00000056), proceeding...
[ 1310.324146] NVRM: kgmmuClientShadowFaultBufferUnregister_IMPL: Unregistering non-replayable fault buffer failed (status=0x00000056), proceeding...
[ 1310.325170] NVRM: kgmmuFaultBufferReplayableDestroy_IMPL: Unregistering Replayable Fault buffer failed (status=0x00000056), proceeding...
[ 1310.326116] NVRM: uvmTerminateAccessCntrBuffer_IMPL: Unloading UVM Access counters failed (status=0x00000056), proceeding...
[ 1312.776293] NVRM: kgmmuClientShadowFaultBufferUnregister_IMPL: Unregistering non-replayable fault buffer failed (status=0x00000056), proceeding...
[ 1312.777015] NVRM: kgmmuFaultBufferReplayableDestroy_IMPL: Unregistering Replayable Fault buffer failed (status=0x00000056), proceeding...
[ 1312.777724] NVRM: uvmTerminateAccessCntrBuffer_IMPL: Unloading UVM Access counters failed (status=0x00000056), proceeding...
[ 1315.287276] NVRM: kgmmuClientShadowFaultBufferUnregister_IMPL: Unregistering non-replayable fault buffer failed (status=0x00000056), proceeding...
[ 1315.288289] NVRM: kgmmuFaultBufferReplayableDestroy_IMPL: Unregistering Replayable Fault buffer failed (status=0x00000056), proceeding...
[ 1315.289295] NVRM: uvmTerminateAccessCntrBuffer_IMPL: Unloading UVM Access counters failed (status=0x00000056), proceeding...
[ 1317.962457] NVRM: kgmmuClientShadowFaultBufferUnregister_IMPL: Unregistering non-replayable fault buffer failed (status=0x00000056), proceeding...
[ 1317.963346] NVRM: kgmmuFaultBufferReplayableDestroy_IMPL: Unregistering Replayable Fault buffer failed (status=0x00000056), proceeding...
[ 1317.964218] NVRM: uvmTerminateAccessCntrBuffer_IMPL: Unloading UVM Access counters failed (status=0x00000056), proceeding...
[ 1320.752969] process 'opt/gfxset/geekbench/geekbench_avx2' started with executable stack
[ 1552.877186] NVRM: kgmmuClientShadowFaultBufferUnregister_IMPL: Unregistering non-replayable fault buffer failed (status=0x00000056), proceeding...
[ 1552.878158] NVRM: kgmmuFaultBufferReplayableDestroy_IMPL: Unregistering Replayable Fault buffer failed (status=0x00000056), proceeding...
[ 1552.879135] NVRM: uvmTerminateAccessCntrBuffer_IMPL: Unloading UVM Access counters failed (status=0x00000056), proceeding...
[ 1591.704984] NVRM: kgmmuClientShadowFaultBufferUnregister_IMPL: Unregistering non-replayable fault buffer failed (status=0x00000056), proceeding...
[ 1591.705849] NVRM: kgmmuFaultBufferReplayableDestroy_IMPL: Unregistering Replayable Fault buffer failed (status=0x00000056), proceeding...
[ 1591.706595] NVRM: uvmTerminateAccessCntrBuffer_IMPL: Unloading UVM Access counters failed (status=0x00000056), proceeding...
[ 1632.591423] NVRM: kgmmuClientShadowFaultBufferUnregister_IMPL: Unregistering non-replayable fault buffer failed (status=0x00000056), proceeding...
[ 1632.592587] NVRM: kgmmuFaultBufferReplayableDestroy_IMPL: Unregistering Replayable Fault buffer failed (status=0x00000056), proceeding...
[ 1632.593599] NVRM: uvmTerminateAccessCntrBuffer_IMPL: Unloading UVM Access counters failed (status=0x00000056), proceeding...
[ 1687.793862] NVRM: kgmmuClientShadowFaultBufferUnregister_IMPL: Unregistering non-replayable fault buffer failed (status=0x00000056), proceeding...
[ 1687.794596] NVRM: kgmmuFaultBufferReplayableDestroy_IMPL: Unregistering Replayable Fault buffer failed (status=0x00000056), proceeding...
[ 1687.795374] NVRM: uvmTerminateAccessCntrBuffer_IMPL: Unloading UVM Access counters failed (status=0x00000056), proceeding...
[ 1691.834667] NVRM: kgmmuClientShadowFaultBufferUnregister_IMPL: Unregistering non-replayable fault buffer failed (status=0x00000056), proceeding...
[ 1691.835321] NVRM: kgmmuFaultBufferReplayableDestroy_IMPL: Unregistering Replayable Fault buffer failed (status=0x00000056), proceeding...
[ 1691.836106] NVRM: uvmTerminateAccessCntrBuffer_IMPL: Unloading UVM Access counters failed (status=0x00000056), proceeding...
[ 1727.602239] NVRM: kgmmuClientShadowFaultBufferUnregister_IMPL: Unregistering non-replayable fault buffer failed (status=0x00000056), proceeding...
[ 1727.603078] NVRM: kgmmuFaultBufferReplayableDestroy_IMPL: Unregistering Replayable Fault buffer failed (status=0x00000056), proceeding...
[ 1727.604052] NVRM: uvmTerminateAccessCntrBuffer_IMPL: Unloading UVM Access counters failed (status=0x00000056), proceeding...
[ 1753.153005] NVRM: kgmmuClientShadowFaultBufferUnregister_IMPL: Unregistering non-replayable fault buffer failed (status=0x00000056), proceeding...
[ 1753.153785] NVRM: kgmmuFaultBufferReplayableDestroy_IMPL: Unregistering Replayable Fault buffer failed (status=0x00000056), proceeding...
[ 1753.154493] NVRM: uvmTerminateAccessCntrBuffer_IMPL: Unloading UVM Access counters failed (status=0x00000056), proceeding...
[ 1755.134064] NVRM: kgmmuClientShadowFaultBufferUnregister_IMPL: Unregistering non-replayable fault buffer failed (status=0x00000056), proceeding...
[ 1755.134848] NVRM: kgmmuFaultBufferReplayableDestroy_IMPL: Unregistering Replayable Fault buffer failed (status=0x00000056), proceeding...
[ 1755.135688] NVRM: uvmTerminateAccessCntrBuffer_IMPL: Unloading UVM Access counters failed (status=0x00000056), proceeding...
[ 1757.514671] NVRM: kgmmuClientShadowFaultBufferUnregister_IMPL: Unregistering non-replayable fault buffer failed (status=0x00000056), proceeding...
[ 1757.515738] NVRM: kgmmuFaultBufferReplayableDestroy_IMPL: Unregistering Replayable Fault buffer failed (status=0x00000056), proceeding...
[ 1757.516927] NVRM: uvmTerminateAccessCntrBuffer_IMPL: Unloading UVM Access counters failed (status=0x00000056), proceeding...
[ 1759.439991] NVRM: kgmmuClientShadowFaultBufferUnregister_IMPL: Unregistering non-replayable fault buffer failed (status=0x00000056), proceeding...
[ 1759.440806] NVRM: kgmmuFaultBufferReplayableDestroy_IMPL: Unregistering Replayable Fault buffer failed (status=0x00000056), proceeding...
[ 1759.441603] NVRM: uvmTerminateAccessCntrBuffer_IMPL: Unloading UVM Access counters failed (status=0x00000056), proceeding...
[ 1761.991896] NVRM: kgmmuClientShadowFaultBufferUnregister_IMPL: Unregistering non-replayable fault buffer failed (status=0x00000056), proceeding...
[ 1761.993103] NVRM: kgmmuFaultBufferReplayableDestroy_IMPL: Unregistering Replayable Fault buffer failed (status=0x00000056), proceeding...
[ 1761.994150] NVRM: uvmTerminateAccessCntrBuffer_IMPL: Unloading UVM Access counters failed (status=0x00000056), proceeding...
[ 1765.171435] NVRM: kgmmuClientShadowFaultBufferUnregister_IMPL: Unregistering non-replayable fault buffer failed (status=0x00000056), proceeding...
[ 1765.172219] NVRM: kgmmuFaultBufferReplayableDestroy_IMPL: Unregistering Replayable Fault buffer failed (status=0x00000056), proceeding...
[ 1765.172970] NVRM: uvmTerminateAccessCntrBuffer_IMPL: Unloading UVM Access counters failed (status=0x00000056), proceeding...
[ 1813.592074] NVRM: kgmmuClientShadowFaultBufferUnregister_IMPL: Unregistering non-replayable fault buffer failed (status=0x00000056), proceeding...
[ 1813.593088] NVRM: kgmmuFaultBufferReplayableDestroy_IMPL: Unregistering Replayable Fault buffer failed (status=0x00000056), proceeding...
[ 1813.594096] NVRM: uvmTerminateAccessCntrBuffer_IMPL: Unloading UVM Access counters failed (status=0x00000056), proceeding...
[ 1814.548540] NVRM: kgmmuClientShadowFaultBufferUnregister_IMPL: Unregistering non-replayable fault buffer failed (status=0x00000056), proceeding...
[ 1814.549325] NVRM: kgmmuFaultBufferReplayableDestroy_IMPL: Unregistering Replayable Fault buffer failed (status=0x00000056), proceeding...
[ 1814.550183] NVRM: uvmTerminateAccessCntrBuffer_IMPL: Unloading UVM Access counters failed (status=0x00000056), proceeding...
[ 1815.490344] NVRM: kgmmuClientShadowFaultBufferUnregister_IMPL: Unregistering non-replayable fault buffer failed (status=0x00000056), proceeding...
[ 1815.491251] NVRM: kgmmuFaultBufferReplayableDestroy_IMPL: Unregistering Replayable Fault buffer failed (status=0x00000056), proceeding...
[ 1815.492166] NVRM: uvmTerminateAccessCntrBuffer_IMPL: Unloading UVM Access counters failed (status=0x00000056), proceeding...
[ 1816.637804] NVRM: kgmmuClientShadowFaultBufferUnregister_IMPL: Unregistering non-replayable fault buffer failed (status=0x00000056), proceeding...
[ 1816.638577] NVRM: kgmmuFaultBufferReplayableDestroy_IMPL: Unregistering Replayable Fault buffer failed (status=0x00000056), proceeding...
[ 1816.639384] NVRM: uvmTerminateAccessCntrBuffer_IMPL: Unloading UVM Access counters failed (status=0x00000056), proceeding...
[ 1817.632383] NVRM: kgmmuClientShadowFaultBufferUnregister_IMPL: Unregistering non-replayable fault buffer failed (status=0x00000056), proceeding...
[ 1817.633235] NVRM: kgmmuFaultBufferReplayableDestroy_IMPL: Unregistering Replayable Fault buffer failed (status=0x00000056), proceeding...
[ 1817.634120] NVRM: uvmTerminateAccessCntrBuffer_IMPL: Unloading UVM Access counters failed (status=0x00000056), proceeding...
[ 1820.905217] NVRM: kgmmuClientShadowFaultBufferUnregister_IMPL: Unregistering non-replayable fault buffer failed (status=0x00000056), proceeding...
[ 1820.906161] NVRM: kgmmuFaultBufferReplayableDestroy_IMPL: Unregistering Replayable Fault buffer failed (status=0x00000056), proceeding...
[ 1820.907108] NVRM: uvmTerminateAccessCntrBuffer_IMPL: Unloading UVM Access counters failed (status=0x00000056), proceeding...
[ 1821.832099] NVRM: kgmmuClientShadowFaultBufferUnregister_IMPL: Unregistering non-replayable fault buffer failed (status=0x00000056), proceeding...
[ 1821.832950] NVRM: kgmmuFaultBufferReplayableDestroy_IMPL: Unregistering Replayable Fault buffer failed (status=0x00000056), proceeding...
[ 1821.833776] NVRM: uvmTerminateAccessCntrBuffer_IMPL: Unloading UVM Access counters failed (status=0x00000056), proceeding...
[ 1822.854019] NVRM: kgmmuClientShadowFaultBufferUnregister_IMPL: Unregistering non-replayable fault buffer failed (status=0x00000056), proceeding...
[ 1822.855291] NVRM: kgmmuFaultBufferReplayableDestroy_IMPL: Unregistering Replayable Fault buffer failed (status=0x00000056), proceeding...
[ 1822.856412] NVRM: uvmTerminateAccessCntrBuffer_IMPL: Unloading UVM Access counters failed (status=0x00000056), proceeding...
[ 1838.554277] NVRM: kgmmuClientShadowFaultBufferUnregister_IMPL: Unregistering non-replayable fault buffer failed (status=0x00000056), proceeding...
[ 1838.555077] NVRM: kgmmuFaultBufferReplayableDestroy_IMPL: Unregistering Replayable Fault buffer failed (status=0x00000056), proceeding...
[ 1838.555851] NVRM: uvmTerminateAccessCntrBuffer_IMPL: Unloading UVM Access counters failed (status=0x00000056), proceeding...
[ 1843.729170] NVRM: kgmmuClientShadowFaultBufferUnregister_IMPL: Unregistering non-replayable fault buffer failed (status=0x00000056), proceeding...
[ 1843.730082] NVRM: kgmmuFaultBufferReplayableDestroy_IMPL: Unregistering Replayable Fault buffer failed (status=0x00000056), proceeding...
[ 1843.730847] NVRM: uvmTerminateAccessCntrBuffer_IMPL: Unloading UVM Access counters failed (status=0x00000056), proceeding...
[ 1863.800290] NVRM: kgmmuClientShadowFaultBufferUnregister_IMPL: Unregistering non-replayable fault buffer failed (status=0x00000056), proceeding...
[ 1863.801091] NVRM: kgmmuFaultBufferReplayableDestroy_IMPL: Unregistering Replayable Fault buffer failed (status=0x00000056), proceeding...
[ 1863.801876] NVRM: uvmTerminateAccessCntrBuffer_IMPL: Unloading UVM Access counters failed (status=0x00000056), proceeding...
