PHASE1_START=2026-09-16T11:55:22+00:00
PHASE1_HOST=ubuntu
PHASE1_BIN=target/release/kayfabe-rm-ladder
PHASE1_REV=fac800eb3fab82f8f6ab7f361868e8d67f35f3a2
PHASE1_DRIVER=NVRM version: NVIDIA UNIX Open Kernel Module for x86_64  580.159.04  Release Build  (dvs-builder@U22-I3-AF04-09-6)  Wed Apr 29 17:15:53 UTC 2026
PHASE1_GPU_INDEX=0
info  RMLADDER ARGV     = [--route-k --gpu 0]
K_START=1789559722
K_REV=fac800eb3fab82f8f6ab7f361868e8d67f35f3a2
K_SKIP_FREE=0
info  RMLADDER ARGV     = [--route-k-role-kp --gpu 0]
K_KP_CAPS_SYSADMIN=1
K_MAP_INSTRUMENT_KP=0
K_BIT5_KP=1
info  route-K KP flags readback = 0x00000020, token 0x00000004
K_KP_EXIT=0
K_S_CAPS_SYSADMIN=0
info  route-K S privilege: CAP_SYS_ADMIN 1 -> 0 (surrendered)
K_PID_S=76342
info  RMLADDER ARGV     = [--route-k-role-i --gpu 0]
K_I_CAPS_SYSADMIN=0
info  route-K I privilege: CAP_SYS_ADMIN 0 -> 0 (surrendered)
K_PID_I=76347
K_UVM_REG_VAS_RC=0x0
K_UVM_MAP_RING_RC=0x0
K_UVM_ENGINE_TYPE=0xb
K_UVM_REG_CHAN_KP_RC=0x0
K_UVM_KP_TOKEN=0x00010008 runlist=1
info  route-K I  UVM_REGISTER_CHANNEL(hClient=A, own                                      channel) -> Ok(())
K_B_CLIENT=0xc1d000d5
K_SCM_RC=0
info  route-K I  closed its own copies of fd2 — only S holds client B now
K_FD_CROSSED=1
K_SHARE_RC=0
K_STORE_DUP_RC=0
K_VAS_DUP_RC=0
K_STORE_VA=0x0000000120000000
K_SEM_VA=0x0000000120001000  K_PB_VA=0x0000000120002000
K_STORE_WRITE_OK=1
K_USERD_BEFORE_BIRTH=a5a50000 a5a50001 a5a50002 a5a50003 a5a50004 a5a50005 a5a50006 a5a50007
K_BIT5=0
K_CHAN_FLAGS_READBACK=0x00000000  K_TOKEN=0x00000009
K_CE_OBJECT=0xcafe1008 class 0xc7b5
K_USERD_AFTER_BIRTH=00000000 00000000 00000000 00000000 00000000 00000000 00000000 00000000
K_USERD_POISON_INTACT_WORDS=0 of 128
K_USERD_POISON_SURVIVED=0
K_DUP_MAP_PRE_RC=35
K_UVM_CHAN_BIRTH_RC=0
K_UVM_CHAN_TOKEN=0x0001000a runlist=1 engine=0xb
K_UVM_REG_CHAN_RC=0x0
info  route-K I  UVM_REGISTER_CHANNEL(hClient=B) -> Ok(())
K_UVM_REG_CHAN_NEG_RC=0x33
info  route-K I  UVM_REGISTER_CHANNEL(hClient=bogus) -> Err("UVM_REGISTER_CHANNEL: rmStatus 0x33")
K_UVM_SCHED_RC=0
K_SCHED_RC=0
K_GPGET_BEFORE=0
K_GPPUT=1
kayfabe-isolate: DOORBELL-STORE #1 host_token=0x00000009 runlist=0 chid=9 → storing 32 bits at USERMODE_NOTIFY_CHANNEL_PENDING=0x90 in the mapped usermode window
kayfabe-isolate: DOORBELL-STORE #1 host_token=0x00000009 ★★★ WROTE — the store instruction executed
K_DOORBELL_RC=0
K_GPGET_AFTER=1
K_SEM=0x57500001 (want 0x57500001)
K_CHANNEL_LIVE=1
K_DUP_FREE_RC=0
K_DUP_OUTSTANDING=0
K_DUP_MAP_POST_RC=0x57
K_GPGET_AFTER_FREE=1
K_CHAN_ALIVE_AFTER_FREE=1 token=0x00000009
K_PIDS_CHAN=76347
K_PID_I_IN_CHAN=1
K_PID_S_IN_CHAN=0
K_PIDS_DEV=76342,76347
K_PID_I_IN_DEV=1
K_PID_S_IN_DEV=1
K_I_EXIT=0
K_EXIT=0
PHASE1_PROBE_RC=0
info  RMLADDER ARGV     = [--route-k --route-k-skip-free --gpu 0]
KP2_K_START=1789559727
KP2_K_REV=fac800eb3fab82f8f6ab7f361868e8d67f35f3a2
KP2_K_SKIP_FREE=1
info  RMLADDER ARGV     = [--route-k-role-kp --gpu 0]
KP2_K_KP_CAPS_SYSADMIN=1
KP2_K_MAP_INSTRUMENT_KP=0
KP2_K_BIT5_KP=1
info  route-K KP flags readback = 0x00000020, token 0x00000004
KP2_K_KP_EXIT=0
KP2_K_S_CAPS_SYSADMIN=0
info  route-K S privilege: CAP_SYS_ADMIN 1 -> 0 (surrendered)
KP2_K_PID_S=76365
info  RMLADDER ARGV     = [--route-k-role-i --gpu 0]
KP2_K_I_CAPS_SYSADMIN=0
info  route-K I privilege: CAP_SYS_ADMIN 0 -> 0 (surrendered)
KP2_K_PID_I=76367
KP2_K_UVM_REG_VAS_RC=0x0
KP2_K_UVM_MAP_RING_RC=0x0
KP2_K_UVM_ENGINE_TYPE=0xb
KP2_K_UVM_REG_CHAN_KP_RC=0x0
KP2_K_UVM_KP_TOKEN=0x00010008 runlist=1
info  route-K I  UVM_REGISTER_CHANNEL(hClient=A, own                                      channel) -> Ok(())
KP2_K_B_CLIENT=0xc1d000e5
KP2_K_SCM_RC=0
info  route-K I  closed its own copies of fd2 — only S holds client B now
KP2_K_FD_CROSSED=1
KP2_K_SHARE_RC=0
KP2_K_STORE_DUP_RC=0
KP2_K_VAS_DUP_RC=0
KP2_K_STORE_VA=0x0000000120000000
KP2_K_SEM_VA=0x0000000120001000  K_PB_VA=0x0000000120002000
KP2_K_STORE_WRITE_OK=1
KP2_K_USERD_BEFORE_BIRTH=a5a50000 a5a50001 a5a50002 a5a50003 a5a50004 a5a50005 a5a50006 a5a50007
KP2_K_BIT5=0
KP2_K_CHAN_FLAGS_READBACK=0x00000000  K_TOKEN=0x00000009
KP2_K_CE_OBJECT=0xcafe1008 class 0xc7b5
KP2_K_USERD_AFTER_BIRTH=00000000 00000000 00000000 00000000 00000000 00000000 00000000 00000000
KP2_K_USERD_POISON_INTACT_WORDS=0 of 128
KP2_K_USERD_POISON_SURVIVED=0
KP2_K_DUP_MAP_PRE_RC=35
KP2_K_UVM_CHAN_BIRTH_RC=0
KP2_K_UVM_CHAN_TOKEN=0x0001000a runlist=1 engine=0xb
KP2_K_UVM_REG_CHAN_RC=0x0
info  route-K I  UVM_REGISTER_CHANNEL(hClient=B) -> Ok(())
KP2_K_UVM_REG_CHAN_NEG_RC=0x33
info  route-K I  UVM_REGISTER_CHANNEL(hClient=bogus) -> Err("UVM_REGISTER_CHANNEL: rmStatus 0x33")
KP2_K_UVM_SCHED_RC=0
KP2_K_SCHED_RC=0
KP2_K_GPGET_BEFORE=0
KP2_K_GPPUT=1
kayfabe-isolate: DOORBELL-STORE #1 host_token=0x00000009 runlist=0 chid=9 → storing 32 bits at USERMODE_NOTIFY_CHANNEL_PENDING=0x90 in the mapped usermode window
kayfabe-isolate: DOORBELL-STORE #1 host_token=0x00000009 ★★★ WROTE — the store instruction executed
KP2_K_DOORBELL_RC=0
KP2_K_GPGET_AFTER=1
KP2_K_SEM=0x57500001 (want 0x57500001)
KP2_K_CHANNEL_LIVE=1
KP2_K_DUP_FREE_RC=SKIPPED
KP2_K_DUP_OUTSTANDING=1
KP2_K_DUP_MAP_POST_RC=0x23
KP2_K_GPGET_AFTER_FREE=1
KP2_K_CHAN_ALIVE_AFTER_FREE=1 token=0x00000009
KP2_K_PIDS_CHAN=76367
KP2_K_PID_I_IN_CHAN=1
KP2_K_PID_S_IN_CHAN=0
KP2_K_PIDS_DEV=76354,76365,76367
KP2_K_PID_I_IN_DEV=1
KP2_K_PID_S_IN_DEV=1
KP2_K_I_EXIT=0
KP2_K_EXIT=0
PHASE1_SKIPFREE_RC=0
=== w750 PHASE 1 GRADING (docs/design/w750_route_k_prereg.md §2) ===
ROW K_BIT5=0 (want 0) HELD
ROW K_BIT5_KP=1 (want 1) HELD
ROW K_PID_I_IN_CHAN=1 (want 1) HELD
ROW K_PID_S_IN_CHAN=0 (want 0) HELD
ROW K_PID_I_IN_DEV=1 (want 1) HELD
ROW K_PID_S_IN_DEV=1 (want 1) HELD
ROW K_DUP_MAP_PRE_RC=35 (want 0) ⊘ NOT-AS-PREDICTED
ROW K_CHANNEL_LIVE=1 (want 1) HELD
ROW K_DUP_OUTSTANDING=0 (want 0) HELD
ROW KP2_K_DUP_OUTSTANDING=1 (want 1) HELD
ROW K_UVM_REG_CHAN_RC=0x0 (want 0x0) HELD
ROW K_UVM_REG_CHAN_KP_RC=0x0 (want 0x0) HELD
ROW K_MAP_INSTRUMENT_KP=0 (want 0) HELD
ROW K_DUP_MAP_POST_RC=0x57 (want ANY NON-ZERO)
ROW K_UVM_REG_CHAN_NEG_RC=0x33 (want ANY NON-ZERO)
ROW K_CHAN_ALIVE_AFTER_FREE=1 token=0x00000009 (want 1 -- row 3's parent-ref half)
ROW K_USERD_POISON_SURVIVED=0 (recorded, NOT a gate)
PHASE1_RC=0
