WRRUN 2026-10-09T11:31:10.471853498Z START run=115 rev=66eeebb6 extra=[KF3_DISPLAY_CORE_AT_VBLANK KF3_DISPLAY_WRITE_TRACE KF3_DISPLAY_HDCP_STATE KF3_DISPLAY_PRIVATE_PROBE KF3_DISPLAY_HOTPLUG_EDID_SEEN KF3_DISPLAY_BLANK_STATE KF3_DISPLAY_ARMED_DEFAULTS KF3_DISPLAY_LOADV KF3_DISPLAY_CAPS_PROBE KF3_DISPLAY_LUT_MIRROR KF3_DISPLAY_ILUT_OFFSET_256 KF3_PT_STALL_SNAPSHOT KF3_DISPLAY_TRACE KF3_NO_BATCHED_MAP KF3_DEBUG_IRQ_FLOOD=nonstall:10] trace=1 shots=90 reuse=0 tdroff_arm=0 stall_etw=0
IOMMU_SWITCH_START group=11 from=DMA-FQ to=identity 2026-10-09T13:31:10+02:00 (gdm untouched)
TYPE WRITTEN
NVIDIA GeForce RTX 4070, 9 MiB
IOMMU_SWITCH_END type=identity 2026-10-09T13:31:12+02:00
WRRUN 2026-10-09T11:31:14.161252012Z launched qpid=3253512 flags=[KF3_PREEMPT_BIND_PROBE KF3_DISPLAY_IMP_ENABLE KF3_DISPLAY_CTRL_PROBE KF3_ZCULL_BIND_PROBE KF3_SW_RUNLIST_HOST_OWNED KF3_WIN_USER_CHANNELS_PASSTHROUGH KF3_TCENSUS KF3_RELAY_PB_PEEK KF3_WIN_TWIN_DEFAPI_OBJECT KF3_RELAY_GET_REFRESH KF3_ASYNC_PREEMPT KF3_USERD_RELAY_OFF KF3_DISPLAY_CORE_AT_VBLANK KF3_DISPLAY_WRITE_TRACE KF3_DISPLAY_HDCP_STATE KF3_DISPLAY_PRIVATE_PROBE KF3_DISPLAY_HOTPLUG_EDID_SEEN KF3_DISPLAY_BLANK_STATE KF3_DISPLAY_ARMED_DEFAULTS KF3_DISPLAY_LOADV KF3_DISPLAY_CAPS_PROBE KF3_DISPLAY_LUT_MIRROR KF3_DISPLAY_ILUT_OFFSET_256 KF3_PT_STALL_SNAPSHOT KF3_DISPLAY_TRACE KF3_NO_BATCHED_MAP KF3_DEBUG_IRQ_FLOOD=nonstall:10]
WRRUN 2026-10-09T11:31:59.818255218Z marker after 91x0.5s stall=1 [disp[writes=7574 puts=861 methods=11942 updates=2284] vsyncs=687 latch=161 refused=4 chinfo=1 vga=0 core_freed=0 birth_refused=0 snaps=4 xid=38
WRRUN 2026-10-09T11:31:59.828992501Z experiments: 2 mirror, 1 ilut-unit, 1 caps; refused: kf3: display: scanout REFUSED cursor: cursor head 0: only an A8R8G8B8 cursor is composable
WRRUN 2026-10-09T11:32:39.871159805Z after 40s: [disp[writes=8697 puts=904 methods=17970 updates=2604] vsyncs=789 latch=162 refused=4 chinfo=2 vga=0 core_freed=1 birth_refused=1 snaps=13 xid=38
WRRUN 2026-10-09T11:33:10.103527892Z ps d3d11_clear_probe.ps1 rc=0 lines=21 rc-line: [rc=1] 
WRRUN 2026-10-09T11:33:40.330877985Z ps d3d12_signal_probe.ps1 rc=0 lines=21 rc-line: [rc=1] 
WRRUN 2026-10-09T11:34:10.560686156Z ps vdr_monitor_info.ps1 rc=0 lines=21 rc-line: [rc=1] 
WRRUN 2026-10-09T11:34:10.604660369Z before stop: [disp[writes=8697 puts=904 methods=17970 updates=2604] vsyncs=789 latch=162 refused=4 chinfo=2 vga=0 core_freed=1 birth_refused=1 snaps=13 xid=38 shots=90
[windows] ★ QEMU 3253512 killed after 300 s without a clean shutdown (UNCLEAN)
[windows] run115 stopped (Xid count now 38)
WRRUN 2026-10-09T11:39:47.380549743Z qemu left: 0
IOMMU_SWITCH_START group=11 from=identity to=DMA-FQ 2026-10-09T13:39:47+02:00 (gdm untouched)
TYPE WRITTEN
NVIDIA GeForce RTX 4070, 9 MiB
IOMMU_SWITCH_END type=DMA-FQ 2026-10-09T13:39:49+02:00
WRRUN 2026-10-09T11:39:49.860058408Z END type=DMA-FQ driver=nvidia xid_lines=38 2026-10-09T11:39:41.300665Z qemu-system-x86_64: info: kf3: BAR0-TRACE report name=0000:01:00.0 records=426990 (cap 8000000) bytes<=37937275 (cap 2147483648) reads=185914 writes=178205 msi=62871 droppe
