[    75.802] 
X.Org X Server 1.21.1.11
X Protocol Version 11, Revision 0
[    75.802] Current Operating System: Linux ubuntu 6.8.0-142-generic #142-Ubuntu SMP PREEMPT_DYNAMIC Wed Sep  2 14:24:27 UTC 2026 x86_64
[    75.802] Kernel command line: BOOT_IMAGE=/vmlinuz-6.8.0-142-generic root=LABEL=cloudimg-rootfs ro console=tty1 console=ttyS0
[    75.802] xorg-server 2:21.1.12-1ubuntu1.8 (For technical support please see http://www.ubuntu.com/support) 
[    75.802] Current version of pixman: 0.42.2
[    75.802] 	Before reporting problems, check http://wiki.x.org
	to make sure that you have the latest version.
[    75.802] Markers: (--) probed, (**) from config file, (==) default setting,
	(++) from command line, (!!) notice, (II) informational,
	(WW) warning, (EE) error, (NI) not implemented, (??) unknown.
[    75.802] (==) Log file: "/var/log/Xorg.0.log", Time: Sat Oct  3 20:12:18 2026
[    75.807] (==) Using system config directory "/usr/share/X11/xorg.conf.d"
[    75.809] (==) No Layout section.  Using the first Screen section.
[    75.809] (==) No screen section available. Using defaults.
[    75.809] (**) |-->Screen "Default Screen Section" (0)
[    75.809] (**) |   |-->Monitor "<default monitor>"
[    75.811] (==) No monitor specified for screen "Default Screen Section".
	Using a default monitor configuration.
[    75.811] (**) Allowing byte-swapped clients
[    75.811] (==) Automatically adding devices
[    75.811] (==) Automatically enabling devices
[    75.811] (==) Automatically adding GPU devices
[    75.811] (==) Automatically binding GPU devices
[    75.811] (==) Max clients allowed: 256, resource mask: 0x1fffff
[    75.814] (WW) The directory "/usr/share/fonts/X11/cyrillic" does not exist.
[    75.814] 	Entry deleted from font path.
[    75.814] (WW) The directory "/usr/share/fonts/X11/100dpi/" does not exist.
[    75.814] 	Entry deleted from font path.
[    75.814] (WW) The directory "/usr/share/fonts/X11/75dpi/" does not exist.
[    75.814] 	Entry deleted from font path.
[    75.814] (WW) The directory "/usr/share/fonts/X11/Type1" does not exist.
[    75.814] 	Entry deleted from font path.
[    75.814] (WW) The directory "/usr/share/fonts/X11/100dpi" does not exist.
[    75.814] 	Entry deleted from font path.
[    75.814] (WW) The directory "/usr/share/fonts/X11/75dpi" does not exist.
[    75.814] 	Entry deleted from font path.
[    75.814] (==) FontPath set to:
	/usr/share/fonts/X11/misc,
	built-ins
[    75.814] (==) ModulePath set to "/usr/lib/xorg/modules"
[    75.814] (II) The server relies on udev to provide the list of input devices.
	If no devices become available, reconfigure udev or disable AutoAddDevices.
[    75.814] (II) Loader magic: 0x60eb46c48020
[    75.814] (II) Module ABI versions:
[    75.814] 	X.Org ANSI C Emulation: 0.4
[    75.814] 	X.Org Video Driver: 25.2
[    75.814] 	X.Org XInput driver : 24.4
[    75.814] 	X.Org Server Extension : 10.0
[    75.817] (++) using VT number 7

[    75.817] (II) systemd-logind: logind integration requires -keeptty and -keeptty was not provided, disabling logind integration
[    75.819] (II) xfree86: Adding drm device (/dev/dri/card0)
[    75.819] (II) Platform probe for /sys/devices/pci0000:00/0000:00:02.0/drm/card0
[    75.862] (--) PCI:*(0@0:2:0) 10de:2504:3842:3656 rev 161, Mem @ 0xfd000000/16777216, 0xe0000000000/134217728, 0xe0008000000/33554432, 0xfe040000/16384, BIOS @ 0x????????/131072
[    75.863] (II) LoadModule: "glx"
[    75.866] (II) Loading /usr/lib/xorg/modules/extensions/libglx.so
[    75.879] (II) Module glx: vendor="X.Org Foundation"
[    75.879] 	compiled for 1.21.1.11, module version = 1.0.0
[    75.879] 	ABI class: X.Org Server Extension, version 10.0
[    75.879] (II) Applying OutputClass "nvidia" to /dev/dri/card0
[    75.879] 	loading driver: nvidia
[    77.625] (==) Matched nvidia as autoconfigured driver 0
[    77.625] (==) Matched nouveau as autoconfigured driver 1
[    77.625] (==) Matched modesetting as autoconfigured driver 2
[    77.625] (==) Matched fbdev as autoconfigured driver 3
[    77.625] (==) Matched vesa as autoconfigured driver 4
[    77.625] (==) Assigned the driver to the xf86ConfigLayout
[    77.625] (II) LoadModule: "nvidia"
[    77.626] (II) Loading /usr/lib/xorg/modules/drivers/nvidia_drv.so
[    77.632] (II) Module nvidia: vendor="NVIDIA Corporation"
[    77.632] 	compiled for 1.6.99.901, module version = 1.0.0
[    77.632] 	Module class: X.Org Video Driver
[    77.632] (II) LoadModule: "nouveau"
[    77.632] (WW) Warning, couldn't open module nouveau
[    77.632] (EE) Failed to load module "nouveau" (module does not exist, 0)
[    77.632] (II) LoadModule: "modesetting"
[    77.632] (II) Loading /usr/lib/xorg/modules/drivers/modesetting_drv.so
[    77.634] (II) Module modesetting: vendor="X.Org Foundation"
[    77.634] 	compiled for 1.21.1.11, module version = 1.21.1
[    77.634] 	Module class: X.Org Video Driver
[    77.634] 	ABI class: X.Org Video Driver, version 25.2
[    77.634] (II) LoadModule: "fbdev"
[    77.634] (WW) Warning, couldn't open module fbdev
[    77.634] (EE) Failed to load module "fbdev" (module does not exist, 0)
[    77.634] (II) LoadModule: "vesa"
[    77.634] (WW) Warning, couldn't open module vesa
[    77.634] (EE) Failed to load module "vesa" (module does not exist, 0)
[    77.634] (II) Applying OutputClass "nvidia" to /dev/dri/card0
[    77.634] 	loading driver: nvidia
[    79.214] (==) Matched nvidia as autoconfigured driver 0
[    79.214] (==) Matched nouveau as autoconfigured driver 1
[    79.214] (==) Matched modesetting as autoconfigured driver 2
[    79.214] (==) Matched fbdev as autoconfigured driver 3
[    79.214] (==) Matched vesa as autoconfigured driver 4
[    79.214] (==) Assigned the driver to the xf86ConfigLayout
[    79.214] (II) LoadModule: "nvidia"
[    79.214] (II) Loading /usr/lib/xorg/modules/drivers/nvidia_drv.so
[    79.214] (II) Module nvidia: vendor="NVIDIA Corporation"
[    79.214] 	compiled for 1.6.99.901, module version = 1.0.0
[    79.214] 	Module class: X.Org Video Driver
[    79.214] (II) UnloadModule: "nvidia"
[    79.214] (II) Unloading nvidia
[    79.214] (II) Failed to load module "nvidia" (already loaded, 0)
[    79.214] (II) LoadModule: "nouveau"
[    79.214] (WW) Warning, couldn't open module nouveau
[    79.214] (EE) Failed to load module "nouveau" (module does not exist, 0)
[    79.214] (II) LoadModule: "modesetting"
[    79.214] (II) Loading /usr/lib/xorg/modules/drivers/modesetting_drv.so
[    79.215] (II) Module modesetting: vendor="X.Org Foundation"
[    79.215] 	compiled for 1.21.1.11, module version = 1.21.1
[    79.215] 	Module class: X.Org Video Driver
[    79.215] 	ABI class: X.Org Video Driver, version 25.2
[    79.215] (II) UnloadModule: "modesetting"
[    79.215] (II) Unloading modesetting
[    79.215] (II) Failed to load module "modesetting" (already loaded, 0)
[    79.215] (II) LoadModule: "fbdev"
[    79.215] (WW) Warning, couldn't open module fbdev
[    79.215] (EE) Failed to load module "fbdev" (module does not exist, 0)
[    79.215] (II) LoadModule: "vesa"
[    79.215] (WW) Warning, couldn't open module vesa
[    79.215] (EE) Failed to load module "vesa" (module does not exist, 0)
[    79.215] (II) NVIDIA dlloader X Driver  580.159.04  Wed Apr 29 17:01:30 UTC 2026
[    79.215] (II) NVIDIA Unified Driver for all Supported NVIDIA GPUs
[    79.215] (II) modesetting: Driver for Modesetting Kernel Drivers: kms
[    79.232] (II) Loading sub module "fb"
[    79.232] (II) LoadModule: "fb"
[    79.232] (II) Module "fb" already built-in
[    79.232] (II) Loading sub module "wfb"
[    79.232] (II) LoadModule: "wfb"
[    79.232] (II) Loading /usr/lib/xorg/modules/libwfb.so
[    79.234] (II) Module wfb: vendor="X.Org Foundation"
[    79.234] 	compiled for 1.21.1.11, module version = 1.0.0
[    79.234] 	ABI class: X.Org ANSI C Emulation, version 0.4
[    79.238] (WW) Falling back to old probe method for modesetting
[    79.247] (II) NVIDIA(0): Creating default Display subsection in Screen section
	"Default Screen Section" for depth/fbbpp 24/32
[    79.247] (==) NVIDIA(0): Depth 24, (==) framebuffer bpp 32
[    79.247] (==) NVIDIA(0): RGB weight 888
[    79.247] (==) NVIDIA(0): Default visual is TrueColor
[    79.247] (==) NVIDIA(0): Using gamma correction (1.0, 1.0, 1.0)
[    79.247] (**) NVIDIA(0): Enabling 2D acceleration
[    79.247] (II) Loading sub module "glxserver_nvidia"
[    79.247] (II) LoadModule: "glxserver_nvidia"
[    79.247] (II) Loading /usr/lib/xorg/modules/extensions/libglxserver_nvidia.so
[    79.670] (II) Module glxserver_nvidia: vendor="NVIDIA Corporation"
[    79.670] 	compiled for 1.6.99.901, module version = 1.0.0
[    79.670] 	Module class: X.Org Server Extension
[    79.670] (II) NVIDIA GLX Module  580.159.04  Wed Apr 29 17:07:05 UTC 2026
[    79.671] (II) NVIDIA: The X server supports PRIME Render Offload.
[    79.682] (EE) NVIDIA(GPU-0): Failed to get virtual display support info.
[    79.683] (--) NVIDIA(0): Valid display device(s) on GPU-0 at PCI:0:2:0
[    79.683] (--) NVIDIA(0):     DFP-0
[    80.027] (II) NVIDIA(0): NVIDIA GPU NVIDIA GeForce RTX 3060 (GA106-A) at PCI:0:2:0
[    80.027] (II) NVIDIA(0):     (GPU-0)
[    80.027] (--) NVIDIA(0): Memory: 8388608 kBytes
[    80.028] (--) NVIDIA(0): VideoBIOS: 94.06.25.00.63
[    80.028] (II) NVIDIA(0): Detected PCI Express Link width: 16X
[    83.099] (--) NVIDIA(GPU-0): KFB kayfabe (DFP-0): connected
[    83.099] (--) NVIDIA(GPU-0): KFB kayfabe (DFP-0): Internal TMDS
[    83.099] (--) NVIDIA(GPU-0): KFB kayfabe (DFP-0): 165.0 MHz maximum pixel clock
[    83.099] (--) NVIDIA(GPU-0): 
[    83.124] (==) NVIDIA(0): 
[    83.124] (==) NVIDIA(0): No modes were requested; the default mode "nvidia-auto-select"
[    83.124] (==) NVIDIA(0):     will be used as the requested mode.
[    83.124] (==) NVIDIA(0): 
[    83.132] (II) NVIDIA(0): Validated MetaModes:
[    83.132] (II) NVIDIA(0):     "DFP-0:nvidia-auto-select"
[    83.132] (II) NVIDIA(0): Virtual screen size determined to be 1920 x 1080
[    83.224] (--) NVIDIA(0): DPI set to (195, 109); computed from "UseEdidDpi" X config
[    83.224] (--) NVIDIA(0):     option
[    83.224] (II) UnloadModule: "modesetting"
[    83.224] (II) Unloading modesetting
[    83.227] (II) NVIDIA: Reserving 24576.00 MB of virtual memory for indirect memory
[    83.227] (II) NVIDIA:     access.
[    83.313] (II) NVIDIA(0): ACPI: failed to connect to the ACPI event daemon; the daemon
[    83.313] (II) NVIDIA(0):     may not be running or the "AcpidSocketPath" X
[    83.313] (II) NVIDIA(0):     configuration option may not be set correctly.  When the
[    83.313] (II) NVIDIA(0):     ACPI event daemon is available, the NVIDIA X driver will
[    83.313] (II) NVIDIA(0):     try to use it to receive ACPI event notifications.  For
[    83.313] (II) NVIDIA(0):     details, please see the "ConnectToAcpid" and
[    83.313] (II) NVIDIA(0):     "AcpidSocketPath" X configuration options in Appendix B: X
[    83.313] (II) NVIDIA(0):     Config Options in the README.
[    83.567] (II) NVIDIA(0): Setting mode "DFP-0:nvidia-auto-select"
[    83.568] (EE) NVIDIA(0): Failed to allocate display software resources.
[    83.694] (==) NVIDIA(0): Disabling shared memory pixmaps
[    83.694] (==) NVIDIA(0): Backing store enabled
[    83.694] (==) NVIDIA(0): Silken mouse enabled
[    83.696] (==) NVIDIA(0): DPMS enabled
[    83.698] (II) Loading sub module "dri2"
[    83.698] (II) LoadModule: "dri2"
[    83.698] (II) Module "dri2" already built-in
[    83.699] (II) NVIDIA(0): [DRI2] Setup complete
[    83.699] (II) NVIDIA(0): [DRI2]   VDPAU driver: nvidia
[    83.700] (II) Initializing extension Generic Event Extension
[    83.700] (II) Initializing extension SHAPE
[    83.700] (II) Initializing extension MIT-SHM
[    83.700] (II) Initializing extension XInputExtension
[    83.701] (II) Initializing extension XTEST
[    83.702] (II) Initializing extension BIG-REQUESTS
[    83.702] (II) Initializing extension SYNC
[    83.702] (II) Initializing extension XKEYBOARD
[    83.703] (II) Initializing extension XC-MISC
[    83.703] (II) Initializing extension SECURITY
[    83.703] (II) Initializing extension XFIXES
[    83.703] (II) Initializing extension RENDER
[    83.703] (II) Initializing extension RANDR
[    83.703] (II) Initializing extension COMPOSITE
[    83.703] (II) Initializing extension DAMAGE
[    83.703] (II) Initializing extension MIT-SCREEN-SAVER
[    83.703] (II) Initializing extension DOUBLE-BUFFER
[    83.704] (II) Initializing extension RECORD
[    83.704] (II) Initializing extension DPMS
[    83.704] (II) Initializing extension Present
[    83.704] (II) Initializing extension DRI3
[    83.704] (II) Initializing extension X-Resource
[    83.704] (II) Initializing extension XVideo
[    83.704] (II) Initializing extension XVideo-MotionCompensation
[    83.704] (II) Initializing extension SELinux
[    83.704] (II) SELinux: Disabled on system
[    83.704] (II) Initializing extension GLX
[    83.704] (II) Initializing extension GLX
[    83.704] (II) Indirect GLX disabled.
[    83.704] (II) GLX: Another vendor is already registered for screen 0
[    83.704] (II) Initializing extension XFree86-VidModeExtension
[    83.704] (II) Initializing extension XFree86-DGA
[    83.705] (II) Initializing extension XFree86-DRI
[    83.705] (II) Initializing extension DRI2
[    83.705] (II) Initializing extension NV-GLX
[    83.705] (II) Initializing extension NV-CONTROL
[    83.705] (II) Initializing extension XINERAMA
[    84.479] (II) config/udev: Adding input device Power Button (/dev/input/event0)
[    84.479] (**) Power Button: Applying InputClass "libinput keyboard catchall"
[    84.479] (II) LoadModule: "libinput"
[    84.479] (II) Loading /usr/lib/xorg/modules/input/libinput_drv.so
[    84.494] (II) Module libinput: vendor="X.Org Foundation"
[    84.495] 	compiled for 1.21.1.11, module version = 1.4.0
[    84.495] 	Module class: X.Org XInput Driver
[    84.495] 	ABI class: X.Org XInput driver, version 24.4
[    84.495] (II) Using input driver 'libinput' for 'Power Button'
[    84.495] (**) Power Button: always reports core events
[    84.495] (**) Option "Device" "/dev/input/event0"
[    84.528] (II) event0  - Power Button: is tagged by udev as: Keyboard
[    84.528] (II) event0  - Power Button: device is a keyboard
[    84.528] (II) event0  - Power Button: device removed
[    84.534] (**) Option "config_info" "udev:/sys/devices/LNXSYSTM:00/LNXPWRBN:00/input/input0/event0"
[    84.534] (II) XINPUT: Adding extended input device "Power Button" (type: KEYBOARD, id 6)
[    84.534] (**) Option "xkb_model" "pc105"
[    84.534] (**) Option "xkb_layout" "us"
[    84.536] (II) event0  - Power Button: is tagged by udev as: Keyboard
[    84.536] (II) event0  - Power Button: device is a keyboard
[    84.538] (II) config/udev: Adding input device AT Translated Set 2 keyboard (/dev/input/event1)
[    84.538] (**) AT Translated Set 2 keyboard: Applying InputClass "libinput keyboard catchall"
[    84.538] (II) Using input driver 'libinput' for 'AT Translated Set 2 keyboard'
[    84.538] (**) AT Translated Set 2 keyboard: always reports core events
[    84.538] (**) Option "Device" "/dev/input/event1"
[    84.541] (II) event1  - AT Translated Set 2 keyboard: is tagged by udev as: Keyboard
[    84.541] (II) event1  - AT Translated Set 2 keyboard: device is a keyboard
[    84.541] (II) event1  - AT Translated Set 2 keyboard: device removed
[    84.552] (**) Option "config_info" "udev:/sys/devices/platform/i8042/serio0/input/input1/event1"
[    84.552] (II) XINPUT: Adding extended input device "AT Translated Set 2 keyboard" (type: KEYBOARD, id 7)
[    84.552] (**) Option "xkb_model" "pc105"
[    84.552] (**) Option "xkb_layout" "us"
[    84.554] (II) event1  - AT Translated Set 2 keyboard: is tagged by udev as: Keyboard
[    84.555] (II) event1  - AT Translated Set 2 keyboard: device is a keyboard
[    84.556] (II) config/udev: Adding input device VirtualPS/2 VMware VMMouse (/dev/input/event3)
[    84.556] (**) VirtualPS/2 VMware VMMouse: Applying InputClass "libinput pointer catchall"
[    84.556] (II) Using input driver 'libinput' for 'VirtualPS/2 VMware VMMouse'
[    84.556] (**) VirtualPS/2 VMware VMMouse: always reports core events
[    84.556] (**) Option "Device" "/dev/input/event3"
[    84.558] (II) event3  - VirtualPS/2 VMware VMMouse: is tagged by udev as: Mouse
[    84.559] (II) event3  - VirtualPS/2 VMware VMMouse: device is a pointer
[    84.559] (II) event3  - VirtualPS/2 VMware VMMouse: device removed
[    84.574] (II) libinput: VirtualPS/2 VMware VMMouse: Step value 0 was provided, libinput Fallback acceleration function is used.
[    84.574] (II) libinput: VirtualPS/2 VMware VMMouse: Step value 0 was provided, libinput Fallback acceleration function is used.
[    84.574] (II) libinput: VirtualPS/2 VMware VMMouse: Step value 0 was provided, libinput Fallback acceleration function is used.
[    84.574] (**) Option "config_info" "udev:/sys/devices/platform/i8042/serio1/input/input3/event3"
[    84.574] (II) XINPUT: Adding extended input device "VirtualPS/2 VMware VMMouse" (type: MOUSE, id 8)
[    84.574] (**) Option "AccelerationScheme" "none"
[    84.574] (**) VirtualPS/2 VMware VMMouse: (accel) selected scheme none/0
[    84.574] (**) VirtualPS/2 VMware VMMouse: (accel) acceleration factor: 2.000
[    84.574] (**) VirtualPS/2 VMware VMMouse: (accel) acceleration threshold: 4
[    84.576] (II) event3  - VirtualPS/2 VMware VMMouse: is tagged by udev as: Mouse
[    84.577] (II) event3  - VirtualPS/2 VMware VMMouse: device is a pointer
[    84.578] (II) config/udev: Adding input device VirtualPS/2 VMware VMMouse (/dev/input/mouse1)
[    84.578] (II) No input driver specified, ignoring this device.
[    84.578] (II) This device may have been added with another device file.
[    84.579] (II) config/udev: Adding input device VirtualPS/2 VMware VMMouse (/dev/input/event2)
[    84.579] (**) VirtualPS/2 VMware VMMouse: Applying InputClass "libinput pointer catchall"
[    84.579] (II) Using input driver 'libinput' for 'VirtualPS/2 VMware VMMouse'
[    84.579] (**) VirtualPS/2 VMware VMMouse: always reports core events
[    84.579] (**) Option "Device" "/dev/input/event2"
[    84.581] (II) event2  - VirtualPS/2 VMware VMMouse: is tagged by udev as: Mouse
[    84.582] (II) event2  - VirtualPS/2 VMware VMMouse: device is a pointer
[    84.582] (II) event2  - VirtualPS/2 VMware VMMouse: device removed
[    84.596] (**) Option "config_info" "udev:/sys/devices/platform/i8042/serio1/input/input4/event2"
[    84.596] (II) XINPUT: Adding extended input device "VirtualPS/2 VMware VMMouse" (type: MOUSE, id 9)
[    84.596] (**) Option "AccelerationScheme" "none"
[    84.596] (**) VirtualPS/2 VMware VMMouse: (accel) selected scheme none/0
[    84.596] (**) VirtualPS/2 VMware VMMouse: (accel) acceleration factor: 2.000
[    84.596] (**) VirtualPS/2 VMware VMMouse: (accel) acceleration threshold: 4
[    84.598] (II) event2  - VirtualPS/2 VMware VMMouse: is tagged by udev as: Mouse
[    84.599] (II) event2  - VirtualPS/2 VMware VMMouse: device is a pointer
[    84.600] (II) config/udev: Adding input device VirtualPS/2 VMware VMMouse (/dev/input/mouse0)
[    84.600] (II) No input driver specified, ignoring this device.
[    84.600] (II) This device may have been added with another device file.
[    86.125] (--) NVIDIA(GPU-0): KFB kayfabe (DFP-0): connected
[    86.125] (--) NVIDIA(GPU-0): KFB kayfabe (DFP-0): Internal TMDS
[    86.125] (--) NVIDIA(GPU-0): KFB kayfabe (DFP-0): 165.0 MHz maximum pixel clock
[    86.125] (--) NVIDIA(GPU-0): 
[    86.147] (--) NVIDIA(GPU-0): KFB kayfabe (DFP-0): connected
[    86.147] (--) NVIDIA(GPU-0): KFB kayfabe (DFP-0): Internal TMDS
[    86.147] (--) NVIDIA(GPU-0): KFB kayfabe (DFP-0): 165.0 MHz maximum pixel clock
[    86.147] (--) NVIDIA(GPU-0): 
[    88.539] (--) NVIDIA(GPU-0): KFB kayfabe (DFP-0): connected
[    88.539] (--) NVIDIA(GPU-0): KFB kayfabe (DFP-0): Internal TMDS
[    88.540] (--) NVIDIA(GPU-0): KFB kayfabe (DFP-0): 165.0 MHz maximum pixel clock
[    88.540] (--) NVIDIA(GPU-0): 
