[boot_capture:gs_gs1_i_ff_placebo] BINARY kf3-bin-rev:ce20926e  (/workspace/bench/kf3-bins/ce20926e/qemu-system-x86_64)  ⇒ every claim from this boot cites THIS revision
[boot_capture:gs_gs1_i_ff_placebo] host dmesg watermark: 936 lines
[boot_capture:gs_gs1_i_ff_placebo] booting (extra args: none)
== kf3 binary: /workspace/bench/kf3-bins/ce20926e/qemu-system-x86_64 (rev c179a845)  device: kf3-gpu,fb-mb=6144,bar1-size=134217728,bar2-size=33554432,id=kf0
[boot_capture:gs_gs1_i_ff_placebo] guest is up after 48s
[boot_capture:gs_gs1_i_ff_placebo] module unloaded and ring buffer cleared; loading cold
[boot_capture:gs_gs1_i_ff_placebo] opening the device (this is what runs RmInitAdapter)
[boot_capture:gs_gs1_i_ff_placebo] captured 28 dmesg lines, 25 NVRM, 0 adapter → /workspace/bench/run_gs_gs1_i_ff_placebo_dmesg.log
[boot_capture:gs_gs1_i_ff_placebo] --- the verdict lines ---
[boot_capture:gs_gs1_i_ff_placebo] running POST_CAPTURE_HOOK: /root/kayfabe/scripts/bench/gfxset/hook.sh
[boot_capture:gs_gs1_i_ff_placebo] hook finished: rc=0
[boot_capture:gs_gs1_i_ff_placebo] guest dmesg after workload: 75 lines (67 NVRM), delta 47 → /workspace/bench/run_gs_gs1_i_ff_placebo_dmesg_after.log
[boot_capture:gs_gs1_i_ff_placebo] host dmesg delta: 0 lines, 0
0 NVRM, 0
0 Xid → /workspace/bench/run_gs_gs1_i_ff_placebo_hostdmesg.log
[boot_capture:gs_gs1_i_ff_placebo] powering down (the emulated GSP's WPR2 only resets on a full QEMU restart)
[boot_capture:gs_gs1_i_ff_placebo] census present (kf3):
    kf3: family=Ampere phase=Running trapped=98025 applied=7272 refused=6 serviced=4176 ram_refused=0 unshadowed_writes=0 read_exits=0 last_off=0xb81608 mem[inval=2950 walks=2967/2967 cleared=2950 superseded=0 named_missed=3 unreconciled=0 mapped=13828 unmapped=13440 clipped=0x0 held=0 vmm_overlaps=0 fn
    DOORBELL-LEDGER tok=0x00000002 route=translated emulated=0 forwarded=2 host=0x10019
    DOORBELL-LEDGER tok=0x00000001 route=translated emulated=0 forwarded=0 host=0x10018
    DOORBELL-LEDGER tok=0x00000002 route=translated emulated=0 forwarded=4098 host=0x10019
    DOORBELL-LEDGER tok=0x00000001 route=translated emulated=0 forwarded=0 host=0x10018
    DOORBELL-LEDGER tok=0x00000009 route=passthrough rung=0 emulated=0 forwarded=0 host=0x20020
    DOORBELL-LEDGER tok=0x0000000c route=passthrough rung=0 emulated=0 forwarded=0 host=0x20023
    DOORBELL-LEDGER tok=0x0000000d route=passthrough rung=0 emulated=0 forwarded=0 host=0x10024
    DOORBELL-LEDGER tok=0x0000001e route=passthrough rung=0 emulated=0 forwarded=0 host=0x10035
    DOORBELL-LEDGER tok=0x0000001f route=passthrough rung=0 emulated=0 forwarded=0 host=0x30036
    DOORBELL-LEDGER tok=0x0000001e route=passthrough rung=0 emulated=0 forwarded=0 host=0x10035
    DOORBELL-LEDGER tok=0x00000009 route=passthrough rung=1 emulated=0 forwarded=1 host=0x10020
    DOORBELL-LEDGER tok=0x0000001d route=passthrough rung=2 emulated=0 forwarded=2 host=0x34
    DOORBELL-LEDGER tok=0x0000001c route=passthrough rung=3 emulated=0 forwarded=3 host=0x33
    DOORBELL-LEDGER tok=0x0000001b route=passthrough rung=2 emulated=0 forwarded=2 host=0x32
    DOORBELL-LEDGER tok=0x0000001a route=passthrough rung=3 emulated=0 forwarded=3 host=0x31
    DOORBELL-LEDGER tok=0x00000019 route=passthrough rung=2 emulated=0 forwarded=2 host=0x30
    DOORBELL-LEDGER tok=0x00000018 route=passthrough rung=3 emulated=0 forwarded=3 host=0x2f
    DOORBELL-LEDGER tok=0x00000017 route=passthrough rung=2 emulated=0 forwarded=2 host=0x2e
    DOORBELL-LEDGER tok=0x00000016 route=passthrough rung=3 emulated=0 forwarded=3 host=0x2d
    DOORBELL-LEDGER tok=0x00000015 route=passthrough rung=2 emulated=0 forwarded=2 host=0x2c
    DOORBELL-LEDGER tok=0x00000014 route=passthrough rung=3 emulated=0 forwarded=3 host=0x2b
    DOORBELL-LEDGER tok=0x00000013 route=passthrough rung=2 emulated=0 forwarded=2 host=0x2a
    DOORBELL-LEDGER tok=0x00000012 route=passthrough rung=3 emulated=0 forwarded=3 host=0x29
    DOORBELL-LEDGER tok=0x00000011 route=passthrough rung=2 emulated=0 forwarded=2 host=0x28
    DOORBELL-LEDGER tok=0x00000010 route=passthrough rung=3 emulated=0 forwarded=3 host=0x27
    DOORBELL-LEDGER tok=0x0000000f route=passthrough rung=2 emulated=0 forwarded=2 host=0x26
    DOORBELL-LEDGER tok=0x0000000e route=passthrough rung=3 emulated=0 forwarded=3 host=0x25
    DOORBELL-LEDGER tok=0x0000000d route=passthrough rung=1 emulated=0 forwarded=1 host=0x10024
    DOORBELL-LEDGER tok=0x0000000c route=passthrough rung=1 emulated=0 forwarded=1 host=0x10023
    DOORBELL-LEDGER tok=0x0000000b route=passthrough rung=1 emulated=0 forwarded=1 host=0x22
    DOORBELL-LEDGER tok=0x0000000a route=passthrough rung=3 emulated=0 forwarded=3 host=0x21
    DOORBELL-LEDGER tok=0x00000007 route=passthrough rung=12 emulated=0 forwarded=12 host=0x1001e
    DOORBELL-LEDGER tok=0x00000008 route=passthrough rung=0 emulated=0 forwarded=0 host=0x2001f
    DOORBELL-LEDGER tok=0x00000006 route=passthrough rung=3 emulated=0 forwarded=3 host=0x1d
    DOORBELL-LEDGER tok=0x00000004 route=passthrough rung=0 emulated=0 forwarded=0 host=0x1001b
    DOORBELL-LEDGER tok=0x00000005 route=passthrough rung=0 emulated=0 forwarded=0 host=0x2001c
    DOORBELL-LEDGER tok=0x00000003 route=passthrough rung=4 emulated=0 forwarded=4 host=0x1a
    DOORBELL-LEDGER tok=0x00000009 route=passthrough rung=0 emulated=0 forwarded=0 host=0x20020
    DOORBELL-LEDGER tok=0x0000000c route=passthrough rung=0 emulated=0 forwarded=0 host=0x20023
    DOORBELL-LEDGER tok=0x0000000d route=passthrough rung=0 emulated=0 forwarded=0 host=0x10024
    DOORBELL-LEDGER tok=0x0000001e route=passthrough rung=0 emulated=0 forwarded=0 host=0x10035
    DOORBELL-LEDGER tok=0x0000001f route=passthrough rung=0 emulated=0 forwarded=0 host=0x30036
    DOORBELL-LEDGER tok=0x0000001e route=passthrough rung=0 emulated=0 forwarded=0 host=0x10035
    DOORBELL-LEDGER tok=0x00000009 route=passthrough rung=1 emulated=0 forwarded=1 host=0x10020
    DOORBELL-LEDGER tok=0x0000001d route=passthrough rung=2 emulated=0 forwarded=2 host=0x34
    DOORBELL-LEDGER tok=0x0000001c route=passthrough rung=3 emulated=0 forwarded=3 host=0x33
    DOORBELL-LEDGER tok=0x0000001b route=passthrough rung=2 emulated=0 forwarded=2 host=0x32
    DOORBELL-LEDGER tok=0x0000001a route=passthrough rung=3 emulated=0 forwarded=3 host=0x31
    DOORBELL-LEDGER tok=0x00000019 route=passthrough rung=2 emulated=0 forwarded=2 host=0x30
    DOORBELL-LEDGER tok=0x00000018 route=passthrough rung=3 emulated=0 forwarded=3 host=0x2f
    DOORBELL-LEDGER tok=0x00000017 route=passthrough rung=2 emulated=0 forwarded=2 host=0x2e
    DOORBELL-LEDGER tok=0x00000016 route=passthrough rung=3 emulated=0 forwarded=3 host=0x2d
    DOORBELL-LEDGER tok=0x00000015 route=passthrough rung=2 emulated=0 forwarded=2 host=0x2c
    DOORBELL-LEDGER tok=0x00000014 route=passthrough rung=3 emulated=0 forwarded=3 host=0x2b
    DOORBELL-LEDGER tok=0x00000013 route=passthrough rung=2 emulated=0 forwarded=2 host=0x2a
    DOORBELL-LEDGER tok=0x00000012 route=passthrough rung=3 emulated=0 forwarded=3 host=0x29
    DOORBELL-LEDGER tok=0x00000011 route=passthrough rung=2 emulated=0 forwarded=2 host=0x28
    DOORBELL-LEDGER tok=0x00000010 route=passthrough rung=3 emulated=0 forwarded=3 host=0x27
    DOORBELL-LEDGER tok=0x0000000f route=passthrough rung=2 emulated=0 forwarded=2 host=0x26
    DOORBELL-LEDGER tok=0x0000000e route=passthrough rung=3 emulated=0 forwarded=3 host=0x25
    DOORBELL-LEDGER tok=0x0000000d route=passthrough rung=1 emulated=0 forwarded=1 host=0x10024
    DOORBELL-LEDGER tok=0x0000000c route=passthrough rung=1 emulated=0 forwarded=1 host=0x10023
    DOORBELL-LEDGER tok=0x0000000b route=passthrough rung=1 emulated=0 forwarded=1 host=0x22
    DOORBELL-LEDGER tok=0x0000000a route=passthrough rung=3 emulated=0 forwarded=3 host=0x21
    DOORBELL-LEDGER tok=0x00000007 route=passthrough rung=12 emulated=0 forwarded=12 host=0x1001e
    DOORBELL-LEDGER tok=0x00000008 route=passthrough rung=0 emulated=0 forwarded=0 host=0x2001f
    DOORBELL-LEDGER tok=0x00000006 route=passthrough rung=3 emulated=0 forwarded=3 host=0x1d
    DOORBELL-LEDGER tok=0x00000004 route=passthrough rung=0 emulated=0 forwarded=0 host=0x1001b
    DOORBELL-LEDGER tok=0x00000005 route=passthrough rung=0 emulated=0 forwarded=0 host=0x2001c
    DOORBELL-LEDGER tok=0x00000003 route=passthrough rung=4 emulated=0 forwarded=4 host=0x1a
    DOORBELL-LEDGER tok=0x00000009 route=passthrough rung=0 emulated=0 forwarded=0 host=0x20020
    DOORBELL-LEDGER tok=0x00000004 route=passthrough rung=0 emulated=0 forwarded=0 host=0x1001b
    DOORBELL-LEDGER tok=0x00000005 route=passthrough rung=0 emulated=0 forwarded=0 host=0x2001c
    DOORBELL-LEDGER tok=0x00000003 route=passthrough rung=4 emulated=0 forwarded=4 host=0x1a
    DOORBELL-LEDGER tok=0x00000007 route=passthrough rung=7 emulated=0 forwarded=7 host=0x1001e
    DOORBELL-LEDGER tok=0x00000008 route=passthrough rung=0 emulated=0 forwarded=0 host=0x2001f
    DOORBELL-LEDGER tok=0x00000009 route=passthrough rung=1 emulated=0 forwarded=1 host=0x10020
    DOORBELL-LEDGER tok=0x00000006 route=passthrough rung=3 emulated=0 forwarded=3 host=0x1d
    DOORBELL-LEDGER tok=0x0000000b route=passthrough rung=4 emulated=0 forwarded=4 host=0x22
    DOORBELL-LEDGER tok=0x0000000a route=passthrough rung=8 emulated=0 forwarded=8 host=0x21
    DOORBELL-LEDGER tok=0x00000002 route=translated emulated=0 forwarded=4098 host=0x10019
    DOORBELL-LEDGER tok=0x00000001 route=translated emulated=0 forwarded=390 host=0x10018
[boot_capture:gs_gs1_i_ff_placebo] evidence carried into the repo: /root/kayfabe/traces/guest_boots/run_gs_gs1_i_ff_placebo_{qemu,dmesg,probe,hostdmesg}.log
[boot_capture:gs_gs1_i_ff_placebo] ★ NOW COMMIT THEM. `git commit -- <path>` does NOT add untracked files;
[boot_capture:gs_gs1_i_ff_placebo]   run scripts/bench/assert_boot_evidence.sh before claiming BOOTED.
[boot_capture:gs_gs1_i_ff_placebo] done. serial=/workspace/bench/run_gs_gs1_i_ff_placebo_serial.log qemu=/workspace/bench/run_gs_gs1_i_ff_placebo_qemu.log dmesg=/workspace/bench/run_gs_gs1_i_ff_placebo_dmesg.log dmesg_after=/workspace/bench/run_gs_gs1_i_ff_placebo_dmesg_after.log probe=/workspace/bench/run_gs_gs1_i_ff_placebo_probe.log hostdmesg=/workspace/bench/run_gs_gs1_i_ff_placebo_hostdmesg.log
