2026-08-10T15:16:28.337370Z qemu-system-x86_64: -device nvkvm-gpu,bar1-size=268435456,bar2-size=33554432,id=kf0: info: nvkvm: presenting 10de:2504 class 030000 rev a1 subsys 1462:397d (8 interrupt vectors)
kayfabe: EXECUTORS isolate_plane=stillborn ce_executor=local ⇒ local_ce_is_the_only_executor=true
2026-08-10T15:16:28.488322Z qemu-system-x86_64: info: nvkvm: memory plane realized (bar0=0xfd000000 bar1=0xe0000000 bar2=0xf0000000, register plane has guest memory=yes)
2026-08-10T15:19:11.292458Z qemu-system-x86_64: terminating on signal 15 from pid 865743 ()
kayfabe: RING-ROSTER 0 row(s), 0 dropped past the cap (a non-zero drop count means this list is a PREFIX and its absences prove nothing)
kayfabe: UNCLAIMED-CENSUS 0 distinct (bar, offset) pair(s) answered with a DEFAULTED ZERO (⊘ bounded first-N sample — an absence here proves nothing; the totals are the `registers:` line's UNCLAIMED counts)
2026-08-10T15:19:11.298098Z qemu-system-x86_64: info: nvkvm: registers: 8 reads / 0 writes (chip-constant 8, rom 0, gsp 0r/0w, UNCLAIMED 0r/0w), faults 0, guest-RAM refusals 0, interrupt requests dropped 0
2026-08-10T15:19:11.298164Z qemu-system-x86_64: info: nvkvm: timer: 0 counter reads, 0 writes REFUSED (the guest reads the host GPU's counter and may not move it)
2026-08-10T15:19:11.298210Z qemu-system-x86_64: info: nvkvm: interrupts: 0 vectors delivered, 0 undeliverable (guest had not enabled the table), 0 status-queue requests dropped
2026-08-10T15:19:11.298244Z qemu-system-x86_64: info: nvkvm: interrupt tree: 0 register accesses, 0 guest LEAF_TRIGGER raises, 0 of them would be masked (⊘ if that equals the raises, the ENABLE BOOKKEEPING is blind and every "would be masked" number in this report is meaningless — the loopback self-test enables its leaf immediately before triggering)
2026-08-10T15:19:11.298302Z qemu-system-x86_64: info: nvkvm: completions: 0 announced (non-stall vector raised), 0 UNVECTORED (work done, nothing told the guest), 0 would be masked by the guest's own LEAF_EN
2026-08-10T15:19:11.298400Z qemu-system-x86_64: info: nvkvm: os-events: 0 registered / 0 retired / 0 live (0 malformed, 0 refused-full); 0 POST_EVENT posted in 0 batch(es); gate: 0 gated, 0 not-running, 0 failed, 0 IRQSCLR cleared
2026-08-10T15:19:11.298437Z qemu-system-x86_64: info: nvkvm: os-event announce: 0 GSP stall vector(s) raised, 0 UNVECTORED, 0 would be masked; 0 batch(es) WOKE WITH NOTHING (last join: 0 doorbells served, 0 of them forwarded, 0 new since the previous batch)
2026-08-10T15:19:11.298472Z qemu-system-x86_64: info: nvkvm: framebuffer: 0 reads / 0 writes served through the BAR0 moving window (0 window register reads / 0 writes), fb refusals 0, resident 0 bytes
2026-08-10T15:19:11.298507Z qemu-system-x86_64: info: nvkvm:   windows with no address model: 0r/0w — read it beside the BAR1 traffic that had to exist for this zero to say anything: 0 translated read(s) / 0 write(s), bar1PdeBase = 0x2f1cac000. ⊘ With 0 BAR1 accesses this line reports nothing about the guest.
2026-08-10T15:19:11.298542Z qemu-system-x86_64: info: nvkvm:   framebuffer residency: 0 pages — the store exists and the guest has written NOTHING to it.
2026-08-10T15:19:11.298575Z qemu-system-x86_64: info: nvkvm:   framebuffer FIRST-WRITER census: PRAMIN 0 / BAR1 0 / BAR2 0 / EXEC 0 / UNATTRIBUTED 0 page(s) — FIRST writer, not last, so this attributes CREATION and not traffic.
2026-08-10T15:19:11.298617Z qemu-system-x86_64: info: nvkvm:   GPFIFO forward search: swept 0 of 0 resident page(s), and NO page carries GPFIFO-entry-shaped bytes. ⊘ This says the ring's bytes are not in THIS store — it does not say the guest never wrote them.
2026-08-10T15:19:11.298653Z qemu-system-x86_64: info: nvkvm:   trap-status nvkvm-bar0-regs: base 0xfd000000 -> region 'nvkvm-bar0-regs' (OURS), IO — TRAPPED, every guest access reaches this device. ⇒ a never-written page behind this row IS a statement about the guest, because we would have seen the write.
2026-08-10T15:19:11.298701Z qemu-system-x86_64: info: nvkvm:   trap-status nvkvm-bar1-window: base 0xe0000000 -> region 'nvkvm-bar1-window' (OURS), IO — TRAPPED, every guest access reaches this device. ⇒ a never-written page behind this row IS a statement about the guest, because we would have seen the write.
2026-08-10T15:19:11.298757Z qemu-system-x86_64: info: nvkvm:   trap-status nvkvm-bar2-window: base 0xf0000000 -> region 'nvkvm-bar2-window' (OURS), IO — TRAPPED, every guest access reaches this device. ⇒ a never-written page behind this row IS a statement about the guest, because we would have seen the write.
2026-08-10T15:19:11.298781Z qemu-system-x86_64: info: nvkvm:   trap-status nvkvm-msix: base 0xfe052000 -> region 'msix-table' ⚠ (NOT OURS — it overlays this BAR), IO — TRAPPED, every guest access reaches this device. ⇒ a never-written page behind this row IS a statement about the guest, because we would have seen the write.
2026-08-10T15:19:11.298803Z qemu-system-x86_64: info: nvkvm: discarding reservations: none — every region this device presents either traps to the archive or is the interrupt table. ⊘ This is read off the region table, not off a counter, so it cannot go stale the way an unreachable counter did.
2026-08-10T15:19:11.298824Z qemu-system-x86_64: info: nvkvm:   BAR1 access log: EMPTY — no access reached the handler, so there is nothing to attribute. ⊘ Read this beside the trap-status row for this BAR: it means 'no access' only while that row says TRAPPED.
2026-08-10T15:19:11.298866Z qemu-system-x86_64: info: nvkvm: BAR2 (translated): 0 reads / 0 writes resolved through the GMMU, 0 REFUSED by name; roots published 0 (0 bodies refused), BAR2 root entry 0x0
2026-08-10T15:19:11.298888Z qemu-system-x86_64: info: nvkvm: SET_PAGE_DIRECTORY (0x00801813): NO RECORD LATCHED (0 accepted, 0 refused) — this is NOT "installed into VA space 0"; it is "nothing was installed". A boot that reaches cuInit with 0 accepted did not exercise the rung.
2026-08-10T15:19:11.298909Z qemu-system-x86_64: info: nvkvm: BAR1 (translated): 0 reads / 0 writes resolved through the GMMU, 0 REFUSED by name; bar1PdeBase = 0x2f1cac000 (the framebuffer address WE published and the walk starts from), root entry published by the guest: no, as ogkm-580's two UPDATE_BAR_PDE call sites predict
2026-08-10T15:19:11.298930Z qemu-system-x86_64: info: nvkvm: VA-space page-directory publications: 0 total, 0 distinct, 0 UNDECODABLE (counted from 0x90f10106 / 0x20800a9f ONLY; ⊘ 0x00801813 publishes a root too and is counted on its own line above, so these totals are NOT every root the guest published)
2026-08-10T15:19:11.298950Z qemu-system-x86_64: info: nvkvm:   of those, 0 reached the object model, 0 ACCEPTED (Vas::pdb populated from the guest's own publication), 0 not an event
2026-08-10T15:19:11.298970Z qemu-system-x86_64: info: nvkvm: commands: 0 decoded, 0 UNSERVICED (refused by name; the guest logs these quietly, which is why they are here), 0 distinct
2026-08-10T15:19:11.298991Z qemu-system-x86_64: info: nvkvm: bridge refusals: 0 total, 0 distinct (these ANSWER the command and so never reach the unserviced list)
2026-08-10T15:19:11.299011Z qemu-system-x86_64: info: nvkvm: promote-ctx: NO REFUSAL LATCHED — no GPU_PROMOTE_CTX was refused this boot. ⊘ Read this against the 0x2080012b rows in the control census below: absent there too means none arrived.
2026-08-10T15:19:11.299032Z qemu-system-x86_64: info: nvkvm: probe-arm set: EMPTY (shipping configuration: an arming is served only if the index is on SILENT_NOTIFIERS — the event cannot occur — or DELIVERED_NOTIFIERS — this device raises it; all others refused)
2026-08-10T15:19:11.299052Z qemu-system-x86_64: info: nvkvm: controls: 0 answered, 0 distinct cmd/result rows (result 0 = served; non-zero = served-but-REFUSED, which reaches no other list)
2026-08-10T15:19:11.299072Z qemu-system-x86_64: info: nvkvm: notifier armings (0x20800301): 0 total, 0 distinct (result 0xffffffff = nothing answered)
2026-08-10T15:19:11.299093Z qemu-system-x86_64: info: nvkvm: channel binds (0xa06f0104): 0 total, 0 distinct (result 0xffffffff = nothing answered)
2026-08-10T15:19:11.299113Z qemu-system-x86_64: info: nvkvm: isolates: 0 materialized, 0 live, 0 refusing (0 no-plane, 0 spawn-failed)
2026-08-10T15:19:11.299143Z qemu-system-x86_64: info: nvkvm: doorbells: 0 arrived, 0 served, 0 REFUSED by name; last token n/a 0x00000000 (0 logged)
2026-08-10T15:19:11.299166Z qemu-system-x86_64: info: nvkvm:   of the served: 0 local (CPU CE, end witnessed), 0 forwarded (host channel rung)
2026-08-10T15:19:11.299190Z qemu-system-x86_64: info: nvkvm:   by engine: GrCompute=0 GrGraphics=0 Ce=0 NvEnc=0 NvDec=0 Other=0 unrouted=0
2026-08-10T15:19:11.299211Z qemu-system-x86_64: info: nvkvm: gpfifo rings: 0 declared, 0 with a non-zero address; first n/a 0x0000000000000000 (0 entries) — GPU VIRTUAL, untranslated
