=== boot_capture tag=s27_c73d3ab_uvm at 2026-08-09T17:49:12+00:00 ===
=== source revision: c73d3ab ===
=== qemu binary: -rwxr-xr-x 1 root root 84863928 Aug  9 17:48 /workspace/bench/qemu-build/qemu-system-x86_64 ===
=== archive rev STAMPED IN THE BINARY: kayfabe-rev:c73d3abfea3314b0073d989fdabcae7ee94f5e23 
=== BUILD_REV.txt says (informational, NOT authoritative): 
=== helpers (KAYFABE_BENCH_HELPERS=repo) ===
    used: /workspace/bench/kayfabe/scripts/bench/boot_nvkvm.sh  sha256=92551d70f36ddbef
    used: /workspace/bench/kayfabe/scripts/bench/gssh_nv  sha256=1785ac20cc7af28d
WAS_LOADED
MODPROBE_RC=0
=== nvidia-smi (the device open) ===
Sun Aug  9 17:49:24 2026       
+-----------------------------------------------------------------------------------------+
| NVIDIA-SMI 580.159.04             Driver Version: 580.159.04     CUDA Version: 13.0     |
+-----------------------------------------+------------------------+----------------------+
| GPU  Name                 Persistence-M | Bus-Id          Disp.A | Volatile Uncorr. ECC |
| Fan  Temp   Perf          Pwr:Usage/Cap |           Memory-Usage | GPU-Util  Compute M. |
|                                         |                        |               MIG M. |
|=========================================+========================+======================|
|   0  ERR!                           Off |   00000000:00:03.0 Off |                  N/A |
| N/A   N/A  N/A             N/A  /  N/A  |       0MiB /  12288MiB |     N/A      Default |
|                                         |                        |                  N/A |
+-----------------------------------------+------------------------+----------------------+

+-----------------------------------------------------------------------------------------+
| Processes:                                                                              |
|  GPU   GI   CI              PID   Type   Process name                        GPU Memory |
|        ID   ID                                                               Usage      |
|=========================================================================================|
|  No running processes found                                                             |
+-----------------------------------------------------------------------------------------+
SMI_RC=0
=== /dev nodes (AFTER the open — they are created by it) ===
crw-rw-rw- 1 root root 237,   0 Aug  9 17:49 /dev/nvidia-uvm
crw-rw-rw- 1 root root 237,   1 Aug  9 17:49 /dev/nvidia-uvm-tools
crw-rw-rw- 1 root root 195,   0 Aug  9 17:49 /dev/nvidia0
crw-rw-rw- 1 root root 195, 255 Aug  9 17:49 /dev/nvidiactl

/dev/nvidia-caps:
total 0
drwxr-xr-x  2 root root     80 Aug  9 17:49 .
drwxr-xr-x 18 root root   4000 Aug  9 17:49 ..
cr--------  1 root root 240, 1 Aug  9 17:49 nvidia-cap1
cr--r--r--  1 root root 240, 2 Aug  9 17:49 nvidia-cap2
=== lsmod ===
nvidia_uvm           2166784  0
nvidia              14417920  1 nvidia_uvm
ecc                    45056  1 nvidia
=== POST_CAPTURE_HOOK /workspace/bench/kayfabe/scripts/bench/guest_cuinit_wall.sh at 2026-08-09T17:49:29+00:00 ===
=== sources that will run (md5, so a run cannot silently be the other copy) ===
    /workspace/bench/cup2.c                                       27 lines  md5 d9f82375ebd54de500aeb7f85ef71efc
    /workspace/bench/kayfabe/scripts/rpctrace/cuda_ioctl_trace.c   666 lines  md5 4445b1aa81d299eac3863d16862fd887
    /workspace/bench/kayfabe/scripts/bench/uvm_ioctl_trace.c     173 lines  md5 7be763eeecfbacc92dfa47dcd6e63e7a
=== push + build inside the guest ===
GCC_CUP2_RC=0
GCC_RM_RC=0
GCC_UVM_RC=0
=== clear dmesg, then run cup2 under BOTH interposers (detached, deadline 150s) ===
CLEARED
LAUNCHED pid=1814
FAIL cuInit(0) -> initialization error (3)
CUP2_RC=1
=== instrument liveness (⊘ an empty trace is evidence of NOTHING, not of no traffic) ===
OK   /tmp/rmtrace.txt  96 lines
OK   /tmp/uvm.txt  29 lines
--- cup2 stderr (where an interposer reports its own failure) ---
=== ★★★ THE UVM PLANE — rmStatus is the verdict; rc=0 only means DISPATCHED ===
UVM ioctl fd=12 cmd=0x30000001 nr=1 (UVM_INITIALIZE) arg=0x7fff45189c60
  ★ UVM_INITIALIZE rmStatus = 0x00000000 (NV_OK)
UVM ioctl fd=13 cmd=0x0000004b nr=75 (UNKNOWN — not in the table, size unknown) arg=0x7fff45189c60
UVM ioctl fd=12 cmd=0x00000027 nr=39 (UVM_PAGEABLE_MEM_ACCESS) arg=0x7fff45189c60
  ★ UVM_PAGEABLE_MEM_ACCESS rmStatus = 0x00000000 (NV_OK)
UVM ioctl fd=12 cmd=0x00000025 nr=37 (UVM_REGISTER_GPU) arg=0x7fff451897e0
  ★ UVM_REGISTER_GPU rmStatus = 0x00000056 <-- THE FAILURE, invisible to a return-code check
UVM ioctl fd=12 cmd=0x30000002 nr=2 (UVM_DEINITIALIZE) arg=(nil)
=== ★★★ THE UVM PLANE, in full (struct bytes IN and OUT) ===
UVM ioctl fd=12 cmd=0x30000001 nr=1 (UVM_INITIALIZE) arg=0x7fff45189c60
    IN 
      +00: 00 00 00 00 00 00 00 00 00 00 00 00 00 00 00 00
  -> rc=0 errno=0
    OUT
      +00: 00 00 00 00 00 00 00 00 00 00 00 00 00 00 00 00
  ★ UVM_INITIALIZE rmStatus = 0x00000000 (NV_OK)
UVM ioctl fd=13 cmd=0x0000004b nr=75 (UNKNOWN — not in the table, size unknown) arg=0x7fff45189c60
  -> rc=0 errno=0
UVM ioctl fd=12 cmd=0x00000027 nr=39 (UVM_PAGEABLE_MEM_ACCESS) arg=0x7fff45189c60
    IN 
      +00: 00 00 00 00 00 00 00 00
  -> rc=0 errno=0
    OUT
      +00: 01 00 00 00 00 00 00 00
  ★ UVM_PAGEABLE_MEM_ACCESS rmStatus = 0x00000000 (NV_OK)
UVM ioctl fd=12 cmd=0x00000025 nr=37 (UVM_REGISTER_GPU) arg=0x7fff451897e0
    IN 
      +00: 78 b3 52 c7 1c cd 7a 86 d2 82 49 48 4c 82 7f 27
      +16: 00 00 00 00 00 00 00 00 ff ff ff ff 00 00 00 00
      +32: 00 00 00 00 00 00 00 00
  -> rc=0 errno=0
    OUT
      +00: 78 b3 52 c7 1c cd 7a 86 d2 82 49 48 4c 82 7f 27
      +16: 00 00 00 00 00 00 00 00 ff ff ff ff 00 00 00 00
      +32: 00 00 00 00 56 00 00 00
  ★ UVM_REGISTER_GPU rmStatus = 0x00000056 <-- THE FAILURE, invisible to a return-code check
UVM ioctl fd=12 cmd=0x30000002 nr=2 (UVM_DEINITIALIZE) arg=(nil)
  -> rc=0 errno=0
=== ★★★ THE RM PLANE — every call carrying a NON-ZERO status, in order ===
39:CTRL cmd=0x20810108 hClient=0xc1d0000c hObject=0x5c000004 size=992 status=0x00000056 rc=0 in=0000000000000000000000000000000000000000000000000000000000000000000000000000000000000000000000000000000000000000000000000000000000000000000000000000000000000000000000000000000000000000000000000000000000000000000000000000000000000000000000000000000000000000000000000000000000000000000000000000000000000000
48:CTRL cmd=0x2080012f hClient=0xc1d0000c hObject=0x5c000003 size=1464 status=0x00000056 rc=0 in=000000000000000000000000000000000000000000000000000000000000000000000000000000000000000000000000000000000000000000000000000000000000000000000000000000000000000000000000000000000000000000000000000000000000000000000000000000000000000000000000000000000000000000000000000000000000000000000000000000000000000
=== the RM plane: LAST 25 calls before cuInit gave up ===
CTRL cmd=0x20803601 hClient=0xc1d0000c hObject=0x5c000003 size=72 status=0x00000000 rc=0 in=000000000000000000000000000000000000000000000000000000000000000000000000000000000000000000000000000000000000000000000000000000000000000000000000 out=0100000001013538302e3135392e30340000000000000000000000000000000000000000000000000000000000000000000000000000000000000000000000000000000000000000
ALLOC hClass=0x000090f1 hRoot=0xc1d0000c hParent=0x5c000002 hObject=0x5c000007 size=0 shape=NVOS64 status=0x00000000 rc=0 params=-
ALLOC hClass=0x000090f1 hRoot=0xc1d0000c hParent=0x5c000002 hObject=0x5c000008 size=0 shape=NVOS64 status=0x00000000 rc=0 params=-
CTRL cmd=0x20800111 hClient=0xc1d0000c hObject=0x5c000003 size=64 status=0x00000000 rc=0 in=00000000000000000000000000000000000000000000000000000000000000000000000000000000000000000000000000000000000000000000000000000000 out=00000000000000000000000000000000000000000000000000000000000000000000000000000000000000000000000000000000000000000000000000000000
CTRL cmd=0x20800110 hClient=0xc1d0000c hObject=0x5c000003 size=132 status=0x00000000 rc=0 in=000000000000000000000000000000000000000000000000000000000000000000000000000000000000000000000000000000000000000000000000000000000000000000000000000000000000000000000000000000000000000000000000000000000000000000000000000000000000000000000000000000000000000000000000 out=00000000000000000000000000000000000000
CTRL cmd=0x2080014a hClient=0xc1d0000c hObject=0x5c000003 size=268 status=0x00000000 rc=0 in=0000000002000000000000000000000000000000000000000000000000000000000000000000000000000000000000000000000000000000000000000000000000000000000000000000000000000000000000000000000000000000000000000000000000000000000000000000000000000000000000000000000000000000000000000000000000000000000000000000000000000000000
CTRL cmd=0x20800131 hClient=0xc1d0000c hObject=0x5c000003 size=4 status=0x00000000 rc=0 in=00000000 out=00000000
CTRL cmd=0x20808159 hClient=0xc1d0000c hObject=0x5c000003 size=332 status=0x00000000 rc=0 in=020000000c000000000000002500000000000000000000000000000000000000000000000000000000000000000000000000000000000000000000000000000000000000000000000000000000000000000000000000000000000000000000000000000000000000000000000000000000000000000000000000000000000000000000000000000000000000000000000000000000000000000
CTRL cmd=0x00000136 hClient=0xc1d0000c hObject=0xc1d0000c size=4 status=0x00000000 rc=0 in=01000000 out=01000000
CTRL cmd=0x2080220c hClient=0xc1d0000c hObject=0x5c000003 size=0 status=0x00000000 rc=0 in=- out=-
CTRL cmd=0x20802210 hClient=0xc1d0000c hObject=0x5c000003 size=0 status=0x00000000 rc=0 in=- out=-
CTRL cmd=0x0000013a hClient=0xc1d0000c hObject=0xc1d0000c size=1352 status=0x00000000 rc=0 in=010000000000000003000000000000000000000000000000000000000000000000000000000000000000000000000000000000000000000000000000000000000000000000000000000000000000000000000000000000000000000000000000000000000000000000000000000000000000000000000000000000000000000000000000000000000000000000000000000000000000000000
CTRL cmd=0x20808162 hClient=0xc1d0000c hObject=0x5c000003 size=1 status=0x00000000 rc=0 in=00 out=01
CTRL cmd=0x2080182b hClient=0xc1d0000c hObject=0x5c000003 size=28 status=0x00000000 rc=0 in=00000000000000000000000000000000000000000000000000000000 out=00000000000000000000000000000000000000000000000000000000
CTRL cmd=0x20803002 hClient=0xc1d0000c hObject=0x5c000003 size=13344 status=0x00000000 rc=0 in=00000000000000000000000000000000000000000000000000000000000000000000000000000000000000000000000000000000000000000000000000000000000000000000000000000000000000000000000000000000000000000000000000000000000000000000000000000000000000000000000000000000000000000000000000000000000000000000000000000000000000000
ESC nr=0x4f len=32 rc=0
FREE hRoot=0xc1d0000c hParent=0x5c000003 hObject=0x5c000006 status=0x00000000 rc=0
ESC nr=0x4f len=32 rc=0
FREE hRoot=0xc1d0000c hParent=0x5c000003 hObject=0x5c000005 status=0x00000000 rc=0
ESC nr=0xcf len=16 rc=0
FREE hRoot=0xc1d0000c hParent=0xc1d0000c hObject=0x5c000003 status=0x00000000 rc=0
FREE hRoot=0xc1d0000c hParent=0xc1d0000c hObject=0x5c000002 status=0x00000000 rc=0
CTRL cmd=0x00000216 hClient=0xc1d0000c hObject=0xc1d0000c size=128 status=0x00000000 rc=0 in=03000000ffffffff000000000000000000000000000000000000000000000000000000000000000000000000000000000000000000000000000000000000000000000000000000000000000000000000000000000000000000000000000000000000000000000000000000000000000000000000000000000000000000000000 out=03000000ffffffff000000000000000000000000000000
FREE hRoot=0xc1d0000c hParent=0xc1d0000c hObject=0x5c000001 status=0x00000000 rc=0
FREE hRoot=0xc1d0000c hParent=0xc1d0000c hObject=0xc1d0000c status=0x00000000 rc=0
=== RM plane line count + the MARK lines ===
96 /tmp/rmtrace.txt
(no MARK lines)
=== dmesg produced by cup2 ALONE (ring cleared immediately before it) ===
[   51.494734] NVRM: nvAssertOkFailedNoLog: Assertion failed: Call not supported [NV_ERR_NOT_SUPPORTED] (0x00000056) returned from pRmApi->Control(pRmApi, pGpu->hInternalClient, pGpu->hInternalSubdevice, NV2080_CTRL_CMD_INTERNAL_INIT_USER_SHARED_DATA, &params, sizeof(params)) @ gpu_user_shared_data.c:233
[   51.495170] NVRM: nvAssertOkFailedNoLog: Assertion failed: Call not supported [NV_ERR_NOT_SUPPORTED] (0x00000056) returned from pRmApi->Control(pRmApi, pGpu->hInternalClient, pGpu->hInternalSubdevice, NV2080_CTRL_CMD_INTERNAL_USER_SHARED_DATA_SET_DATA_POLL, &params, sizeof(params)) @ gpu_user_shared_data.c:268
[   52.741090] NVRM: kperfGpuBoostSyncStateInit_IMPL: Failed to read Sync Gpu Boost init state, status=0x56
[   52.806052] NVRM: kperfGpuBoostSyncStateInit_IMPL: Failed to read Sync Gpu Boost init state, status=0x56
[   52.806272] NVRM: nvAssertOkFailedNoLog: Assertion failed: Call not supported [NV_ERR_NOT_SUPPORTED] (0x00000056) returned from pRmApi->Control(pRmApi, pGpu->hInternalClient, pGpu->hInternalSubdevice, NV2080_CTRL_CMD_INTERNAL_CE_GET_PCE_CONFIG_FOR_LCE_TYPE, &pceConfigParams, sizeof(pceConfigParams)) @ kernel_ce.c:1020
[   52.806367] NVRM: nvAssertOkFailedNoLog: Assertion failed: Call not supported [NV_ERR_NOT_SUPPORTED] (0x00000056) returned from kceGetPceConfigForLceType(pGpu, pKCe, NV2080_CTRL_CE_LCE_TYPE_DECOMP, &numPcesPerLce, &numLces, &supportedPceMask, &supportedLceMask, &pcesPerHshub) @ kernel_ce_gp100.c:62
[   57.408742] NVRM: rpcRmApiAlloc_GSP: GspRmAlloc failed: hClient=0xc1d00013; hParent=0x31415903; hObject=0x3141590f; hClass=0x00000070; paramsSize=0x00000018; paramsStatus=0x00000000; status=0x00000056
[   57.754437] NVRM: rpcRmApiAlloc_GSP: GspRmAlloc failed: hClient=0xc1d00013; hParent=0x31415903; hObject=0x31415900; hClass=0x0000c36f; paramsSize=0x00000170; paramsStatus=0x00000000; status=0x00000056
[   57.837172] NVRM: nvCheckOkFailedNoLog: Check failed: Call not supported [NV_ERR_NOT_SUPPORTED] (0x00000056) returned from kgrobjPromoteContext(pGpu, pKernelGraphicsObject, pKernelGraphics) @ kernel_graphics_object.c:224
[   57.879556] NVRM: nvAssertFailedNoLog: Assertion failed: status == NV_OK @ kernel_rc_watchdog.c:1198
[   57.880166] NVRM: rpcRmApiFree_GSP: GspRmFree failed: hClient=0xc1d00013; hObject=0x31415900; paramsStatus=0x00000000; status=0x00000056
[   57.909329] NVRM: vaListDestroy: non-zero mapCount(pVaList): 0x1
[   57.909335] NVRM: vaListDestroy: non-zero mapCount(pVaList): 0x1
[   57.909337] NVRM: vaListDestroy: non-zero mapCount(pVaList): 0x1
[   57.909339] NVRM: vaListDestroy: non-zero mapCount(pVaList): 0x1
[   57.911894] NVRM: rpcRmApiFree_GSP: GspRmFree failed: hClient=0xc1d00013; hObject=0x3141590f; paramsStatus=0x00000000; status=0x00000056
[   57.911901] NVRM: nvAssertFailedNoLog: Assertion failed: (status == NV_OK) || (status == NV_ERR_GPU_IN_FULLCHIP_RESET) @ mem.c:180
[   57.924799] NVRM: rpcRmApiAlloc_GSP: GspRmAlloc failed: hClient=0xc1d00014; hParent=0xcaf00001; hObject=0xcaf00002; hClass=0x0000402c; paramsSize=0x00000000; paramsStatus=0x00000000; status=0x00000056
[   58.792267] NVRM: nvAssertFailedNoLog: Assertion failed: NULL != pGpuState->pRootInternal @ gpu_vaspace.c:3332
[   58.890735] NVRM: kgmmuClientShadowFaultBufferUnregister_IMPL: Unregistering non-replayable fault buffer failed (status=0x00000056), proceeding...
[   58.892047] NVRM: kgmmuFaultBufferReplayableDestroy_IMPL: Unregistering Replayable Fault buffer failed (status=0x00000056), proceeding...
[   58.893236] NVRM: uvmTerminateAccessCntrBuffer_IMPL: Unloading UVM Access counters failed (status=0x00000056), proceeding...
[   59.945513] NVRM: rpcRmApiFree_GSP: GspRmFree failed: hClient=0xc1d00014; hObject=0xcaf00002; paramsStatus=0x00000000; status=0x00000056
[   59.945522] NVRM: nvAssertFailedNoLog: Assertion failed: (status == NV_OK) || (status == NV_ERR_GPU_IN_FULLCHIP_RESET) @ rs_client.c:844
[   59.945592] NVRM: nvAssertFailedNoLog: Assertion failed: (status == NV_OK) || (status == NV_ERR_GPU_IN_FULLCHIP_RESET) @ rs_server.c:259
[   59.945672] NVRM: nvAssertFailedNoLog: Assertion failed: (status == NV_OK) || (status == NV_ERR_GPU_IN_FULLCHIP_RESET) @ rs_server.c:1375
[   59.947274] NVRM: nvAssertFailedNoLog: Assertion failed: (status == NV_OK) || (status == NV_ERR_GPU_IN_FULLCHIP_RESET) @ fecs_event_list.c:1623
[   60.869315] NVRM: nvCheckOkFailedNoLog: Check failed: Call not supported [NV_ERR_NOT_SUPPORTED] (0x00000056) returned from pRmApi->Control(pRmApi, pGpu->hInternalClient, pGpu->hInternalSubdevice, NV2080_CTRL_CMD_INTERNAL_INIT_USER_SHARED_DATA, &params, sizeof(params)) @ gpu_user_shared_data.c:213
=== ★★ is the CE wall ARMED or DORMANT? (one line decides it) ===
NEITHER LINE PRESENT at this loglevel
HOOK_RC=0
