=== boot_capture tag=s51_d502ac6_engroute at 2026-08-10T02:45:07+00:00 ===
=== source revision: d502ac658 ===
=== qemu binary: -rwxr-xr-x 1 root root 85130416 Aug 10 02:42 /workspace/bench/qemu-build/qemu-system-x86_64 ===
=== archive rev STAMPED IN THE BINARY: kayfabe-rev:d502ac658b7fa11c02190de74d587a869aa03c91 
=== BUILD_REV.txt says (informational, NOT authoritative): 
=== helpers (KAYFABE_BENCH_HELPERS=repo) ===
    used: /workspace/bench/kayfabe/scripts/bench/boot_nvkvm.sh  sha256=92551d70f36ddbef
    used: /workspace/bench/kayfabe/scripts/bench/gssh_nv  sha256=1785ac20cc7af28d
WAS_LOADED
MODPROBE_RC=0
=== nvidia-smi (the device open) ===
Mon Aug 10 02:45:19 2026       
+-----------------------------------------------------------------------------------------+
| NVIDIA-SMI 580.159.04             Driver Version: 580.159.04     CUDA Version: 13.0     |
+-----------------------------------------+------------------------+----------------------+
| GPU  Name                 Persistence-M | Bus-Id          Disp.A | Volatile Uncorr. ECC |
| Fan  Temp   Perf          Pwr:Usage/Cap |           Memory-Usage | GPU-Util  Compute M. |
|                                         |                        |               MIG M. |
|=========================================+========================+======================|
|   0  ERR!                           Off |   00000000:00:03.0 Off |                  N/A |
| N/A   N/A  N/A             N/A  /  N/A  |       0MiB /  12288MiB |     N/A      Default |
|                                         |                        |                  N/A |
+-----------------------------------------+------------------------+----------------------+

+-----------------------------------------------------------------------------------------+
| Processes:                                                                              |
|  GPU   GI   CI              PID   Type   Process name                        GPU Memory |
|        ID   ID                                                               Usage      |
|=========================================================================================|
|  No running processes found                                                             |
+-----------------------------------------------------------------------------------------+
SMI_RC=0
=== /dev nodes (AFTER the open — they are created by it) ===
crw-rw-rw- 1 root root 237,   0 Aug 10 02:45 /dev/nvidia-uvm
crw-rw-rw- 1 root root 237,   1 Aug 10 02:45 /dev/nvidia-uvm-tools
crw-rw-rw- 1 root root 195,   0 Aug 10 02:45 /dev/nvidia0
crw-rw-rw- 1 root root 195, 255 Aug 10 02:45 /dev/nvidiactl

/dev/nvidia-caps:
total 0
drwxr-xr-x  2 root root     80 Aug 10 02:45 .
drwxr-xr-x 18 root root   4000 Aug 10 02:45 ..
cr--------  1 root root 240, 1 Aug 10 02:45 nvidia-cap1
cr--r--r--  1 root root 240, 2 Aug 10 02:45 nvidia-cap2
=== lsmod ===
nvidia_uvm           2166784  0
nvidia              14417920  1 nvidia_uvm
ecc                    45056  1 nvidia
=== POST_CAPTURE_HOOK scripts/bench/cup2_hook_rmtrace.sh at 2026-08-10T02:45:24+00:00 ===
=== rmtrace: WHAT ACTUALLY RAN (hashes, because two copies of a helper is a silent no-op) ===
    /workspace/bench/kayfabe/scripts/rpctrace/cuda_ioctl_trace.c  sha256=bed4cc5792abce15
    /workspace/bench/kayfabe/scripts/bench/uvm_ioctl_trace.c  sha256=ed89a000aa113915
    /workspace/bench/cup2.c  sha256=5c29032d91ea6e00
    scripts/bench/cup2_hook_rmtrace.sh  sha256=e15477f655c859ab
=== rmtrace: ship + build the two interposers and cup2 IN THE GUEST ===
RM_SO_RC=0
UVM_SO_RC=0
GCC_RC=0
-rwxrwxr-x 1 ubuntu ubuntu 16576 Aug 10 02:45 /tmp/cup2
-rwxrwxr-x 1 ubuntu ubuntu 20736 Aug 10 02:45 /tmp/instr/cuda_ioctl_trace.so
-rwxrwxr-x 1 ubuntu ubuntu 16480 Aug 10 02:45 /tmp/instr/uvm_ioctl_trace.so
=== rmtrace: run cup2 under BOTH interposers (detached, deadline 180s, host clock) ===
LAUNCHED pid=1614
ok   cuInit(0)
ok   cuDeviceGetCount(&n)
devices=1
ok   cuDeviceGet(&d,0)
ok   cuDeviceGetName(nm,256,d)
name=
ok   cuDeviceGetAttribute(&maj,CU_DEVICE_ATTRIBUTE_COMPUTE_CAPABILITY_MAJOR,d)
ok   cuDeviceGetAttribute(&min,CU_DEVICE_ATTRIBUTE_COMPUTE_CAPABILITY_MINOR,d)
compute=8.6
ok   cuDeviceTotalMem(&tot,d)
totalMem=11959 MiB
FAIL cuCtxCreate(&ctx,0,d) -> operation not supported (801)
CUP2_RC=1
=== rmtrace: VERIFY (content, never existence) ===
/tmp/nvtrace.txt bytes=64629 lines=456
/tmp/uvmtrace.txt bytes=33633 lines=752
INJECT_LINES=0
0
TSG_ALLOC_SEEN=3
TSG_SCHED_SEEN=3
PROMOTE_CTX_SEEN=0
0
=== rmtrace: ★★★ EVERY RM RECORD WITH A NON-ZERO status, IN ORDER (this is the answer) ===
39:CTRL cmd=0x20810108 hClient=0xc1d0000c hObject=0x5c000004 size=992 status=0x00000056 rc=0 in=0000000000000000000000000000000000000000000000000000000000000000000000000000000000000000000000000000000000000000000000000000000000000000000000000000000000000000000000000000000000000000000000000000000000000000000000000000000000000000000000000000000000000000..TRUNC out=000000000000000000000000000000000000
48:CTRL cmd=0x2080012f hClient=0xc1d0000c hObject=0x5c000003 size=1464 status=0x00000056 rc=0 in=0000000000000000000000000000000000000000000000000000000000000000000000000000000000000000000000000000000000000000000000000000000000000000000000000000000000000000000000000000000000000000000000000000000000000000000000000000000000000000000000000000000000000000..TRUNC out=00000000000000000000000000000000000
90:CTRL cmd=0x2080200a hClient=0xc1d0000c hObject=0x5c000003 size=8 status=0x00000056 rc=0 in=12000000ffffffff out=12000000ffffffff
277:CTRL cmd=0x20801702 hClient=0xc1d0000c hObject=0x5c000003 size=4 status=0x00000056 rc=0 in=ffffffff out=ffffffff
284:CTRL cmd=0x20801702 hClient=0xc1d0000c hObject=0x5c000003 size=4 status=0x00000056 rc=0 in=ffffffff out=ffffffff
285:CTRL cmd=0x20801702 hClient=0xc1d0000c hObject=0x5c000003 size=4 status=0x00000056 rc=0 in=ffffffff out=ffffffff
286:CTRL cmd=0x20801702 hClient=0xc1d0000c hObject=0x5c000003 size=4 status=0x00000056 rc=0 in=ffffffff out=ffffffff
288:CTRL cmd=0x20801702 hClient=0xc1d0000c hObject=0x5c000003 size=4 status=0x00000056 rc=0 in=ffffffff out=ffffffff
293:CTRL cmd=0x20801702 hClient=0xc1d0000c hObject=0x5c000003 size=4 status=0x00000056 rc=0 in=ffffffff out=ffffffff
297:CTRL cmd=0x20801702 hClient=0xc1d0000c hObject=0x5c000003 size=4 status=0x00000056 rc=0 in=ffffffff out=ffffffff
298:CTRL cmd=0x20801702 hClient=0xc1d0000c hObject=0x5c000003 size=4 status=0x00000056 rc=0 in=ffffffff out=ffffffff
300:CTRL cmd=0x20801702 hClient=0xc1d0000c hObject=0x5c000003 size=4 status=0x00000056 rc=0 in=ffffffff out=ffffffff
301:CTRL cmd=0x20801702 hClient=0xc1d0000c hObject=0x5c000003 size=4 status=0x00000056 rc=0 in=ffffffff out=ffffffff
302:CTRL cmd=0x20801702 hClient=0xc1d0000c hObject=0x5c000003 size=4 status=0x00000056 rc=0 in=ffffffff out=ffffffff
303:CTRL cmd=0x20801702 hClient=0xc1d0000c hObject=0x5c000003 size=4 status=0x00000056 rc=0 in=ffffffff out=ffffffff
305:CTRL cmd=0x20801702 hClient=0xc1d0000c hObject=0x5c000003 size=4 status=0x00000056 rc=0 in=ffffffff out=ffffffff
306:CTRL cmd=0x20801702 hClient=0xc1d0000c hObject=0x5c000003 size=4 status=0x00000056 rc=0 in=ffffffff out=ffffffff
311:CTRL cmd=0x20801702 hClient=0xc1d0000c hObject=0x5c000003 size=4 status=0x00000056 rc=0 in=ffffffff out=ffffffff
314:CTRL cmd=0x20801702 hClient=0xc1d0000c hObject=0x5c000003 size=4 status=0x00000056 rc=0 in=ffffffff out=ffffffff
315:CTRL cmd=0x20801702 hClient=0xc1d0000c hObject=0x5c000003 size=4 status=0x00000056 rc=0 in=ffffffff out=ffffffff
328:CTRL cmd=0x20801702 hClient=0xc1d0000c hObject=0x5c000003 size=4 status=0x00000056 rc=0 in=ffffffff out=ffffffff
329:CTRL cmd=0x83de0309 hClient=0xc1d0000c hObject=0x5c000072 size=4 status=0x00000056 rc=0 in=3a000000 out=3a000000
330:CTRL cmd=0x20801702 hClient=0xc1d0000c hObject=0x5c000003 size=4 status=0x00000056 rc=0 in=ffffffff out=ffffffff
344:CTRL cmd=0xa06c0103 hClient=0xc1d0000c hObject=0x5c000012 size=8 status=0x00000056 rc=0 in=0008000000000000 out=0008000000000000
347:FREE hRoot=0xc1d0000c hParent=0xc1d0000c hObject=0x5c000072 status=0x00000056 rc=0
351:CTRL cmd=0x20801702 hClient=0xc1d0000c hObject=0x5c000003 size=4 status=0x00000056 rc=0 in=ffffffff out=ffffffff
352:CTRL cmd=0xa06c0105 hClient=0xc1d0000c hObject=0x5c000012 size=8 status=0x00000056 rc=0 in=0100000000000000 out=0100000000000000
=== rmtrace: ★★★ EVERY UVM RECORD WITH A NON-ZERO rmStatus, IN ORDER ===
--- and the UVM total, so an EMPTY list above is distinguishable from a MISSING one ---
uvm rmStatus rows total: 62
=== rmtrace: ★ THE COMPLETE RM STREAM, every record, in order ===
     1	ESC nr=0xd6 len=8 rc=0
     2	ESC nr=0xc8 len=2304 rc=0
     3	ALLOC hClass=0x00000000 hRoot=0x00000000 hParent=0x00000000 hObject=0xc1d0000b size=0 shape=NVOS64 status=0x00000000 rc=0 params=-
     4	CTRL cmd=0x00000101 hClient=0xc1d0000b hObject=0xc1d0000b size=40 status=0x00000000 rc=0 in=500000000000000040fde55cfc7f0000f0fce55cfc7f0000a0fce55cfc7f00000000000000000000 out=500000000000000040fde55cfc7f0000f0fce55cfc7f0000a0fce55cfc7f0000000000006f244202
     5	FREE hRoot=0xc1d0000b hParent=0xc1d0000b hObject=0xc1d0000b status=0x00000000 rc=0
     6	ESC nr=0xd6 len=8 rc=0
     7	ESC nr=0xc8 len=2304 rc=0
     8	ALLOC hClass=0x00000000 hRoot=0x00000000 hParent=0x00000000 hObject=0xc1d0000c size=0 shape=NVOS64 status=0x00000000 rc=0 params=-
     9	CTRL cmd=0x00000d04 hClient=0xc1d0000c hObject=0xc1d0000c size=12 status=0x00000000 rc=0 in=0c00d0c10100000004000000 out=0c00d0c10100000004000000
    10	CTRL cmd=0x00000d04 hClient=0xc1d0000c hObject=0xc1d0000c size=12 status=0x00000000 rc=0 in=0c00d0c10400000004000400 out=0c00d0c10400000004000400
    11	ALLOC hClass=0x0000cb33 hRoot=0xc1d0000c hParent=0xc1d0000c hObject=0x5c000001 size=0 shape=NVOS64 status=0x00000000 rc=0 params=-
    12	CTRL cmd=0x000001f0 hClient=0xc1d0000c hObject=0xc1d0000c size=4 status=0x00000000 rc=0 in=00000000 out=08000000
    13	CTRL cmd=0x00000214 hClient=0xc1d0000c hObject=0xc1d0000c size=384 status=0x00000000 rc=0 in=00000000000000000000000000000000000000000000000000000000000000000000000000000000000000000000000000000000000000000000000000000000000000000000000000000000000000000000000000000000000000000000000000000000
    14	CTRL cmd=0x00000a04 hClient=0xc1d0000c hObject=0xc1d0000c size=2244 status=0x00000000 rc=0 in=0000000000000000000000000000000000000000000000000000000000000000000000000000000000000000000000000000000000000000000000000000000000000000000000000000000000000000000000000000000000000000000000000000000
    15	CTRL cmd=0x00000215 hClient=0xc1d0000c hObject=0xc1d0000c size=132 status=0x00000000 rc=0 in=03000000ffffffff0000000000000000000000000000000000000000000000000000000000000000000000000000000000000000000000000000000000000000000000000000000000000000000000000000000000000000000000000000000000000000
    16	CTRL cmd=0xcb330101 hClient=0xc1d0000c hObject=0x5c000001 size=6 status=0x00000000 rc=0 in=000000000000 out=000000000000
    17	CTRL cmd=0x00000288 hClient=0xc1d0000c hObject=0xc1d0000c size=3076 status=0x00000000 rc=0 in=0000000000000000000000000000000000000000000000000000000000000000000000000000000000000000000000000000000000000000000000000000000000000000000000000000000000000000000000000000000000000000000000000000000
    18	CTRL cmd=0x00000205 hClient=0xc1d0000c hObject=0xc1d0000c size=32 status=0x00000000 rc=0 in=0300000000000000000000000000000000000000000000000000000000000000 out=03000000000000000000000000000000410000000300000000000000ffffffff
    19	FREE hRoot=0xc1d0000c hParent=0xc1d0000c hObject=0x5c000002 status=0x00000000 rc=0
    20	CTRL cmd=0x00000201 hClient=0xc1d0000c hObject=0xc1d0000c size=128 status=0x00000000 rc=0 in=00000000000000000000000000000000000000000000000000000000000000000000000000000000000000000000000000000000000000000000000000000000000000000000000000000000000000000000000000000000000000000000000000000000
    21	CTRL cmd=0x00000202 hClient=0xc1d0000c hObject=0xc1d0000c size=40 status=0x00000000 rc=0 in=03000000000000000000000000000000000000000000000000000000000000000000000000000000 out=030000000000000000000000000000000000000000000000410000000300000000000000ffffffff
    22	ESC nr=0xc9 len=4 rc=0
    23	ESC nr=0xd7 len=560 rc=0
    24	CTRL cmd=0x00000205 hClient=0xc1d0000c hObject=0xc1d0000c size=32 status=0x00000000 rc=0 in=0300000000000000000000000000000000000000000000000000000000000000 out=03000000000000000000000000000000410000000300000000000000ffffffff
    25	ALLOC hClass=0x00000080 hRoot=0xc1d0000c hParent=0xc1d0000c hObject=0x5c000002 size=0 shape=NVOS64 status=0x00000000 rc=0 params=-
    26	CTRL cmd=0x00801402 hClient=0xc1d0000c hObject=0x5c000002 size=3 status=0x00000000 rc=0 in=000000 out=000000
    27	CTRL cmd=0x00800292 hClient=0xc1d0000c hObject=0x5c000002 size=804 status=0x00000000 rc=0 in=00000000000000000000000000000000000000000000000000000000000000000000000000000000000000000000000000000000000000000000000000000000000000000000000000000000000000000000000000000000000000000000000000000000
    28	CTRL cmd=0x00800280 hClient=0xc1d0000c hObject=0x5c000002 size=4 status=0x00000000 rc=0 in=00000000 out=01000000
    29	CTRL cmd=0x00000202 hClient=0xc1d0000c hObject=0xc1d0000c size=40 status=0x00000000 rc=0 in=03000000000000000000000000000000000000000000000000000000000000000000000000000000 out=030000000100000000000000000000000000000000000000410000000300000000000000ffffffff
    30	CTRL cmd=0x00000201 hClient=0xc1d0000c hObject=0xc1d0000c size=128 status=0x00000000 rc=0 in=00000000000000000000000000000000000000000000000000000000000000000000000000000000000000000000000000000000000000000000000000000000000000000000000000000000000000000000000000000000000000000000000000000000
    31	CTRL cmd=0x00000202 hClient=0xc1d0000c hObject=0xc1d0000c size=40 status=0x00000000 rc=0 in=03000000000000000000000000000000000000000000000000000000000000000000000000000000 out=030000000100000000000000000000000000000000000000410000000300000000000000ffffffff
    32	ESC nr=0xc9 len=4 rc=0
    33	ALLOC hClass=0x00002080 hRoot=0xc1d0000c hParent=0x5c000002 hObject=0x5c000003 size=0 shape=NVOS64 status=0x00000000 rc=0 params=-
    34	ALLOC hClass=0x00002081 hRoot=0xc1d0000c hParent=0x5c000003 hObject=0x5c000004 size=0 shape=NVOS64 status=0x00000000 rc=0 params=-
    35	CTRL cmd=0x20801303 hClient=0xc1d0000c hObject=0x5c000003 size=1028 status=0x00000000 rc=0 in=0100000008000000000000000000000000000000000000000000000000000000000000000000000000000000000000000000000000000000000000000000000000000000000000000000000000000000000000000000000000000000000000000000000
    36	CTRL cmd=0x20801303 hClient=0xc1d0000c hObject=0x5c000003 size=1028 status=0x00000000 rc=0 in=010000003b000000000000000000000000000000000000000000000000000000000000000000000000000000000000000000000000000000000000000000000000000000000000000000000000000000000000000000000000000000000000000000000
    37	CTRL cmd=0x2080014a hClient=0xc1d0000c hObject=0x5c000003 size=268 status=0x00000000 rc=0 in=00000000020000000000000000000000000000000000000000000000000000000000000000000000000000000000000000000000000000000000000000000000000000000000000000000000000000000000000000000000000000000000000000000000
    38	CTRL cmd=0x00800289 hClient=0xc1d0000c hObject=0x5c000002 size=8 status=0x00000000 rc=0 in=0000000000000000 out=0100000000000000
    39	CTRL cmd=0x20810108 hClient=0xc1d0000c hObject=0x5c000004 size=992 status=0x00000056 rc=0 in=00000000000000000000000000000000000000000000000000000000000000000000000000000000000000000000000000000000000000000000000000000000000000000000000000000000000000000000000000000000000000000000000000000000
    40	CTRL cmd=0x20801303 hClient=0xc1d0000c hObject=0x5c000003 size=1028 status=0x00000000 rc=0 in=0300000016000000000000000900000000000000100000000000000000000000000000000000000000000000000000000000000000000000000000000000000000000000000000000000000000000000000000000000000000000000000000000000000
    41	CTRL cmd=0x20800102 hClient=0xc1d0000c hObject=0x5c000003 size=564 status=0x00000000 rc=0 in=0b0000001100000000000000220000000000000027000000000000002a0000000000000037000000000000003b000000000000003c000000000000003d000000000000002d000000000000003a0000000000000044000000000000000000000000000000
    42	CTRL cmd=0x20801701 hClient=0xc1d0000c hObject=0x5c000003 size=16 status=0x00000000 rc=0 in=00000000000000000000000000000000 out=7001000006000000a100000000000000
    43	CTRL cmd=0x20801823 hClient=0xc1d0000c hObject=0x5c000003 size=420 status=0x00000000 rc=0 in=03000000000000000000000002000000000000000b00000000000000000000000000000000000000000000000000000000000000000000000000000000000000000000000000000000000000000000000000000000000000000000000000000000000000
    44	CTRL cmd=0x20801801 hClient=0xc1d0000c hObject=0x5c000003 size=16 status=0x00000000 rc=0 in=00000000000000000000000000000000 out=de10042562147d39a100000004250000
    45	CTRL cmd=0x20801823 hClient=0xc1d0000c hObject=0x5c000003 size=420 status=0x00000000 rc=0 in=060000000f0000000300000010000000000000002c000000050000002d0000000000000003000000000000000600000000000000000000000000000000000000000000000000000000000000000000000000000000000000000000000000000000000000
    46	CTRL cmd=0x20801803 hClient=0xc1d0000c hObject=0x5c000003 size=200 status=0x00000000 rc=0 in=00000000000000000000000000000000000000000000000000000000000000000000000000000000000000000000000000000000000000000000000000000000000000000000000000000000000000000000000000000000000000000000000000000000
    47	CTRL cmd=0x2080182a hClient=0xc1d0000c hObject=0x5c000003 size=112 status=0x00000000 rc=0 in=00000000000000000000000000000000000000000000000000000000000000000000000000000000000000000000000000000000000000000000000000000000000000000000000000000000000000000000000000000000000000000000000000000000
    48	CTRL cmd=0x2080012f hClient=0xc1d0000c hObject=0x5c000003 size=1464 status=0x00000056 rc=0 in=0000000000000000000000000000000000000000000000000000000000000000000000000000000000000000000000000000000000000000000000000000000000000000000000000000000000000000000000000000000000000000000000000000000
    49	CTRL cmd=0x20801303 hClient=0xc1d0000c hObject=0x5c000003 size=1028 status=0x00000000 rc=0 in=070000000b0000000000000019000000000000001b0000000000000018000000000000000d00000000000000170000000000000008000000000000000000000000000000000000000000000000000000000000000000000000000000000000000000000
    50	CTRL cmd=0x20800170 hClient=0xc1d0000c hObject=0x5c000003 size=340 status=0x00000000 rc=0 in=54000000000000000000000000000000000000000000000000000000000000000000000000000000000000000000000000000000000000000000000000000000000000000000000000000000000000000000000000000000000000000000000000000000
    51	CTRL cmd=0x20800119 hClient=0xc1d0000c hObject=0x5c000003 size=4 status=0x00000000 rc=0 in=00000000 out=00000000
    52	CTRL cmd=0x0000027b hClient=0xc1d0000c hObject=0xc1d0000c size=4 status=0x00000000 rc=0 in=00000000 out=00000000
    53	ESC nr=0xc9 len=4 rc=0
    54	ESC nr=0xce len=16 rc=0
    55	CTRL cmd=0x20801201 hClient=0xc1d0000c hObject=0x5c000003 size=32 status=0x00000000 rc=0 in=3a0000000000000090e0e55cfc7f000000000000000000000000000000000000 out=3a0000000000000090e0e55cfc7f000000000000000000000000000000000000
    56	CTRL cmd=0x2080122a hClient=0xc1d0000c hObject=0x5c000003 size=24 status=0x00000000 rc=0 in=000000000000000000000000000000000000000000000000 out=000000000000000000000000000000000700000000000000
    57	CTRL cmd=0x2080122b hClient=0xc1d0000c hObject=0x5c000003 size=24 status=0x00000000 rc=0 in=000000000000000000000000000000000000000000000000 out=00000000000000000000000000000000000000001e000000
    58	CTRL cmd=0x2080122b hClient=0xc1d0000c hObject=0x5c000003 size=24 status=0x00000000 rc=0 in=000000000000000000000000000000000100000000000000 out=00000000000000000000000000000000010000001f000000
    59	CTRL cmd=0x2080122b hClient=0xc1d0000c hObject=0x5c000003 size=24 status=0x00000000 rc=0 in=000000000000000000000000000000000200000000000000 out=00000000000000000000000000000000020000001f000000
    60	CTRL cmd=0x20801227 hClient=0xc1d0000c hObject=0x5c000003 size=48 status=0x00000000 rc=0 in=000000000000000000000000000000000000000000000000000000000000000000000000000000000000000000000000 out=b06200000000000100000010010800101000000004c00500000000000000000000000000000000000100000000000000
    61	CTRL cmd=0x20802a0a hClient=0xc1d0000c hObject=0x5c000003 size=136 status=0x00000000 rc=0 in=00000000000000000000000000000000000000000000000000000000000000000000000000000000000000000000000000000000000000000000000000000000000000000000000000000000000000000000000000000000000000000000000000000000
    62	CTRL cmd=0x2080121b hClient=0xc1d0000c hObject=0x5c000003 size=9240 status=0x00000000 rc=0 in=0000000000000000000000000000000000000000000000000000000000000000000000000000000000000000000000000000000000000000000000000000000000000000000000000000000000000000000000000000000000000000000000000000000
    63	CTRL cmd=0x20803801 hClient=0xc1d0000c hObject=0x5c000003 size=1928 status=0x00000000 rc=0 in=0300000000000000020000000000000000000000000000000000000002000000000000000100000000000000000000000200000000000000020000000000000000000000000000000000000000000000000000000000000000000000000000000000000
    64	CTRL cmd=0x00801307 hClient=0xc1d0000c hObject=0x5c000002 size=3 status=0x00000000 rc=0 in=000000 out=0b8112
    65	CTRL cmd=0x20801303 hClient=0xc1d0000c hObject=0x5c000003 size=1028 status=0x00000000 rc=0 in=030000001a000000000000002200000000000000230000000000000000000000000000000000000000000000000000000000000000000000000000000000000000000000000000000000000000000000000000000000000000000000000000000000000
    66	ALLOC hClass=0x0000c461 hRoot=0xc1d0000c hParent=0x5c000003 hObject=0x5c000005 size=0 shape=NVOS64 status=0x00000000 rc=0 params=-
    67	CTRL cmd=0x00000d01 hClient=0xc1d0000c hObject=0xc1d0000c size=12 status=0x00000000 rc=0 in=0500005c0200080000000000 out=0500005c0200080003000000
    68	ESC nr=0x4e len=56 rc=0
    69	ALLOC hClass=0x000000de hRoot=0xc1d0000c hParent=0x5c000003 hObject=0x5c000006 size=0 shape=NVOS64 status=0x00000000 rc=0 params=-
    70	CTRL cmd=0x00000d01 hClient=0xc1d0000c hObject=0xc1d0000c size=12 status=0x00000000 rc=0 in=0600005c0100080000000000 out=0600005c0100080001000000
    71	ESC nr=0x4e len=56 rc=0
    72	CTRL cmd=0x20803601 hClient=0xc1d0000c hObject=0x5c000003 size=72 status=0x00000000 rc=0 in=000000000000000000000000000000000000000000000000000000000000000000000000000000000000000000000000000000000000000000000000000000000000000000000000 out=0100000001013538302e3135392e303400000000000000000000
    73	ALLOC hClass=0x000090f1 hRoot=0xc1d0000c hParent=0x5c000002 hObject=0x5c000007 size=0 shape=NVOS64 status=0x00000000 rc=0 params=-
    74	ALLOC hClass=0x000090f1 hRoot=0xc1d0000c hParent=0x5c000002 hObject=0x5c000008 size=0 shape=NVOS64 status=0x00000000 rc=0 params=-
    75	CTRL cmd=0x20800111 hClient=0xc1d0000c hObject=0x5c000003 size=64 status=0x00000000 rc=0 in=00000000000000000000000000000000000000000000000000000000000000000000000000000000000000000000000000000000000000000000000000000000 out=00000000000000000000000000000000000000000000000000000000000000000000
    76	CTRL cmd=0x20800110 hClient=0xc1d0000c hObject=0x5c000003 size=132 status=0x00000000 rc=0 in=00000000000000000000000000000000000000000000000000000000000000000000000000000000000000000000000000000000000000000000000000000000000000000000000000000000000000000000000000000000000000000000000000000000
    77	CTRL cmd=0x2080014a hClient=0xc1d0000c hObject=0x5c000003 size=268 status=0x00000000 rc=0 in=00000000020000000000000000000000000000000000000000000000000000000000000000000000000000000000000000000000000000000000000000000000000000000000000000000000000000000000000000000000000000000000000000000000
    78	CTRL cmd=0x20800131 hClient=0xc1d0000c hObject=0x5c000003 size=4 status=0x00000000 rc=0 in=00000000 out=00000000
    79	CTRL cmd=0x20808159 hClient=0xc1d0000c hObject=0x5c000003 size=332 status=0x00000000 rc=0 in=020000000c0000000000000025000000000000000000000000000000000000000000000000000000000000000000000000000000000000000000000000000000000000000000000000000000000000000000000000000000000000000000000000000000
    80	CTRL cmd=0x00000136 hClient=0xc1d0000c hObject=0xc1d0000c size=4 status=0x00000000 rc=0 in=01000000 out=01000000
    81	CTRL cmd=0x2080220c hClient=0xc1d0000c hObject=0x5c000003 size=0 status=0x00000000 rc=0 in=- out=-
    82	CTRL cmd=0x20802210 hClient=0xc1d0000c hObject=0x5c000003 size=0 status=0x00000000 rc=0 in=- out=-
    83	CTRL cmd=0x0000013a hClient=0xc1d0000c hObject=0xc1d0000c size=1352 status=0x00000000 rc=0 in=0100000000000000030000000000000000000000000000000000000000000000000000000000000000000000000000000000000000000000000000000000000000000000000000000000000000000000000000000000000000000000000000000000000
    84	CTRL cmd=0x20808162 hClient=0xc1d0000c hObject=0x5c000003 size=1 status=0x00000000 rc=0 in=00 out=01
    85	CTRL cmd=0x2080182b hClient=0xc1d0000c hObject=0x5c000003 size=28 status=0x00000000 rc=0 in=00000000000000000000000000000000000000000000000000000000 out=00000000000000000000000000000000000000000000000000000000
    86	CTRL cmd=0x20803002 hClient=0xc1d0000c hObject=0x5c000003 size=13344 status=0x00000000 rc=0 in=000000000000000000000000000000000000000000000000000000000000000000000000000000000000000000000000000000000000000000000000000000000000000000000000000000000000000000000000000000000000000000000000000000
    87	ALLOC hClass=0x000050a0 hRoot=0xc1d0000c hParent=0x5c000002 hObject=0x5c00000a size=0 shape=NVOS64 status=0x00000000 rc=0 params=-
    88	CTRL cmd=0x20800110 hClient=0xc1d0000c hObject=0x5c000003 size=132 status=0x00000000 rc=0 in=00000000000000000000000000000000000000000000000000000000000000000000000000000000000000000000000000000000000000000000000000000000000000000000000000000000000000000000000000000000000000000000000000000000
    89	CTRL cmd=0x20803601 hClient=0xc1d0000c hObject=0x5c000003 size=72 status=0x00000000 rc=0 in=000000000000000000000000000000000000000000000000000000000000000000000000000000000000000000000000000000000000000000000000000000000000000000000000 out=0100000001013538302e3135392e303400000000000000000000
    90	CTRL cmd=0x2080200a hClient=0xc1d0000c hObject=0x5c000003 size=8 status=0x00000056 rc=0 in=12000000ffffffff out=12000000ffffffff
    91	CTRL cmd=0x20800145 hClient=0xc1d0000c hObject=0x5c000003 size=0 status=0x00000000 rc=0 in=- out=-
    92	ALLOC hClass=0x00000040 hRoot=0xc1d0000c hParent=0x5c000002 hObject=0x5c00000b size=0 shape=NVOS64 status=0x00000000 rc=0 params=-
    93	ALLOC hClass=0x00000040 hRoot=0xc1d0000c hParent=0x5c000002 hObject=0x5c00000e size=0 shape=NVOS64 status=0x00000000 rc=0 params=-
    94	ALLOC hClass=0x00000040 hRoot=0xc1d0000c hParent=0x5c000002 hObject=0x5c00000f size=0 shape=NVOS64 status=0x00000000 rc=0 params=-
    95	ALLOC hClass=0x00000040 hRoot=0xc1d0000c hParent=0x5c000002 hObject=0x5c000010 size=0 shape=NVOS64 status=0x00000000 rc=0 params=-
    96	ALLOC hClass=0x0000a06c hRoot=0xc1d0000c hParent=0x5c000002 hObject=0x5c000012 size=0 shape=NVOS64 status=0x00000000 rc=0 params=-
    97	ALLOC hClass=0x00009067 hRoot=0xc1d0000c hParent=0x5c000012 hObject=0x5c000013 size=0 shape=NVOS64 status=0x00000000 rc=0 params=-
    98	ALLOC hClass=0x00000040 hRoot=0xc1d0000c hParent=0x5c000002 hObject=0x5c000014 size=0 shape=NVOS64 status=0x00000000 rc=0 params=-
    99	CTRL cmd=0x00000d01 hClient=0xc1d0000c hObject=0xc1d0000c size=12 status=0x00000000 rc=0 in=1400005c00000c0000000000 out=1400005c00000c0002000000
   100	ESC nr=0x4e len=56 rc=0
   101	ESC nr=0x5e len=40 rc=0
   102	ALLOC hClass=0x0000003e hRoot=0xc1d0000c hParent=0x5c000002 hObject=0x5c000016 size=0 shape=NVOS64 status=0x00000000 rc=0 params=-
   103	CTRL cmd=0x00000d01 hClient=0xc1d0000c hObject=0xc1d0000c size=12 status=0x00000000 rc=0 in=1600005c00000c0000000000 out=1600005c00000c0001000000
   104	ESC nr=0x4e len=56 rc=0
   105	ALLOC hClass=0x0000003e hRoot=0xc1d0000c hParent=0x5c000002 hObject=0x5c000018 size=0 shape=NVOS64 status=0x00000000 rc=0 params=-
   106	CTRL cmd=0x00000d01 hClient=0xc1d0000c hObject=0xc1d0000c size=12 status=0x00000000 rc=0 in=1800005c00000c0000000000 out=1800005c00000c0001000000
   107	ESC nr=0x4e len=56 rc=0
   108	ALLOC hClass=0x0000c56f hRoot=0xc1d0000c hParent=0x5c000012 hObject=0x5c000019 size=0 shape=NVOS64 status=0x00000000 rc=0 params=-
   109	CTRL cmd=0x0080170d hClient=0xc1d0000c hObject=0x5c000002 size=24 status=0x00000000 rc=0 in=0100000000000000bcf1e55cfc7f000098f09168c2730000 out=0100000000000000bcf1e55cfc7f000098f09168c2730000
   110	ALLOC hClass=0x0000c7c0 hRoot=0xc1d0000c hParent=0x5c000019 hObject=0x5c00001a size=0 shape=NVOS64 status=0x00000000 rc=0 params=-
   111	CTRL cmd=0x906f0101 hClient=0xc1d0000c hObject=0x5c000019 size=16 status=0x00000000 rc=0 in=1a00005c000000000000000000000000 out=1a00005cc0c70000c0c7000001000000
   112	ALLOC hClass=0x0000c7b5 hRoot=0xc1d0000c hParent=0x5c000019 hObject=0x5c00001b size=0 shape=NVOS64 status=0x00000000 rc=0 params=-
   113	CTRL cmd=0x906f0101 hClient=0xc1d0000c hObject=0x5c000019 size=16 status=0x00000000 rc=0 in=1b00005c000000000000000000000000 out=1b00005cb5c70000b5c700000a000000
   114	CTRL cmd=0xc36f0108 hClient=0xc1d0000c hObject=0x5c000019 size=4 status=0x00000000 rc=0 in=00000000 out=07000000
   115	CTRL cmd=0x20801218 hClient=0xc1d0000c hObject=0x5c000003 size=16 status=0x00000000 rc=0 in=1900005c000000000000000000000000 out=1900005c0000000000b0eb0000000000
   116	ALLOC hClass=0x0000003e hRoot=0xc1d0000c hParent=0x5c000002 hObject=0x5c00001c size=0 shape=NVOS64 status=0x00000000 rc=0 params=-
   117	CTRL cmd=0x00000d01 hClient=0xc1d0000c hObject=0xc1d0000c size=12 status=0x00000000 rc=0 in=1c00005c00800c0000000000 out=1c00005c00800c0001000000
   118	ESC nr=0x4e len=56 rc=0
   119	ALLOC hClass=0x0000003e hRoot=0xc1d0000c hParent=0x5c000002 hObject=0x5c00001e size=0 shape=NVOS64 status=0x00000000 rc=0 params=-
   120	CTRL cmd=0x00000d01 hClient=0xc1d0000c hObject=0xc1d0000c size=12 status=0x00000000 rc=0 in=1e00005c00000c0000000000 out=1e00005c00000c0001000000
   121	ESC nr=0x4e len=56 rc=0
   122	ALLOC hClass=0x0000c56f hRoot=0xc1d0000c hParent=0x5c000012 hObject=0x5c00001f size=0 shape=NVOS64 status=0x00000000 rc=0 params=-
   123	CTRL cmd=0x0080170d hClient=0xc1d0000c hObject=0x5c000002 size=24 status=0x00000000 rc=0 in=0100000000000000bcf1e55cfc7f0000b0869268c2730000 out=0100000000000000bcf1e55cfc7f0000b0869268c2730000
   124	ALLOC hClass=0x0000c7c0 hRoot=0xc1d0000c hParent=0x5c00001f hObject=0x5c000020 size=0 shape=NVOS64 status=0x00000000 rc=0 params=-
   125	CTRL cmd=0x906f0101 hClient=0xc1d0000c hObject=0x5c00001f size=16 status=0x00000000 rc=0 in=2000005c000000000000000000000000 out=2000005cc0c70000c0c7000001000000
   126	ALLOC hClass=0x0000c7b5 hRoot=0xc1d0000c hParent=0x5c00001f hObject=0x5c000021 size=0 shape=NVOS64 status=0x00000000 rc=0 params=-
   127	CTRL cmd=0x906f0101 hClient=0xc1d0000c hObject=0x5c00001f size=16 status=0x00000000 rc=0 in=2100005c000000000000000000000000 out=2100005cb5c70000b5c700000a000000
   128	CTRL cmd=0xc36f0108 hClient=0xc1d0000c hObject=0x5c00001f size=4 status=0x00000000 rc=0 in=00000000 out=08000000
   129	CTRL cmd=0x20801218 hClient=0xc1d0000c hObject=0x5c000003 size=16 status=0x00000000 rc=0 in=1f00005c000000000000000000000000 out=1f00005c0000000000b0eb0000000000
   130	ALLOC hClass=0x0000003e hRoot=0xc1d0000c hParent=0x5c000002 hObject=0x5c000022 size=0 shape=NVOS64 status=0x00000000 rc=0 params=-
   131	CTRL cmd=0x00000d01 hClient=0xc1d0000c hObject=0xc1d0000c size=12 status=0x00000000 rc=0 in=2200005c00000c0000000000 out=2200005c00000c0001000000
   132	ESC nr=0x4e len=56 rc=0
   133	ALLOC hClass=0x0000c56f hRoot=0xc1d0000c hParent=0x5c000012 hObject=0x5c000023 size=0 shape=NVOS64 status=0x00000000 rc=0 params=-
   134	CTRL cmd=0x0080170d hClient=0xc1d0000c hObject=0x5c000002 size=24 status=0x00000000 rc=0 in=0100000000000000bcf1e55cfc7f0000c81c9368c2730000 out=0100000000000000bcf1e55cfc7f0000c81c9368c2730000
   135	ALLOC hClass=0x0000c7c0 hRoot=0xc1d0000c hParent=0x5c000023 hObject=0x5c000024 size=0 shape=NVOS64 status=0x00000000 rc=0 params=-
   136	CTRL cmd=0x906f0101 hClient=0xc1d0000c hObject=0x5c000023 size=16 status=0x00000000 rc=0 in=2400005c000000000000000000000000 out=2400005cc0c70000c0c7000001000000
   137	ALLOC hClass=0x0000c7b5 hRoot=0xc1d0000c hParent=0x5c000023 hObject=0x5c000025 size=0 shape=NVOS64 status=0x00000000 rc=0 params=-
   138	CTRL cmd=0x906f0101 hClient=0xc1d0000c hObject=0x5c000023 size=16 status=0x00000000 rc=0 in=2500005c000000000000000000000000 out=2500005cb5c70000b5c700000a000000
   139	CTRL cmd=0xc36f0108 hClient=0xc1d0000c hObject=0x5c000023 size=4 status=0x00000000 rc=0 in=00000000 out=09000000
   140	CTRL cmd=0x20801218 hClient=0xc1d0000c hObject=0x5c000003 size=16 status=0x00000000 rc=0 in=2300005c000000000000000000000000 out=2300005c0000000000b0eb0000000000
   141	ALLOC hClass=0x0000003e hRoot=0xc1d0000c hParent=0x5c000002 hObject=0x5c000026 size=0 shape=NVOS64 status=0x00000000 rc=0 params=-
   142	CTRL cmd=0x00000d01 hClient=0xc1d0000c hObject=0xc1d0000c size=12 status=0x00000000 rc=0 in=2600005c00000c0000000000 out=2600005c00000c0001000000
   143	ESC nr=0x4e len=56 rc=0
   144	ALLOC hClass=0x0000c56f hRoot=0xc1d0000c hParent=0x5c000012 hObject=0x5c000027 size=0 shape=NVOS64 status=0x00000000 rc=0 params=-
   145	CTRL cmd=0x0080170d hClient=0xc1d0000c hObject=0x5c000002 size=24 status=0x00000000 rc=0 in=0100000000000000bcf1e55cfc7f0000e0b29368c2730000 out=0100000000000000bcf1e55cfc7f0000e0b29368c2730000
   146	ALLOC hClass=0x0000c7c0 hRoot=0xc1d0000c hParent=0x5c000027 hObject=0x5c000028 size=0 shape=NVOS64 status=0x00000000 rc=0 params=-
   147	CTRL cmd=0x906f0101 hClient=0xc1d0000c hObject=0x5c000027 size=16 status=0x00000000 rc=0 in=2800005c000000000000000000000000 out=2800005cc0c70000c0c7000001000000
   148	ALLOC hClass=0x0000c7b5 hRoot=0xc1d0000c hParent=0x5c000027 hObject=0x5c000029 size=0 shape=NVOS64 status=0x00000000 rc=0 params=-
   149	CTRL cmd=0x906f0101 hClient=0xc1d0000c hObject=0x5c000027 size=16 status=0x00000000 rc=0 in=2900005c000000000000000000000000 out=2900005cb5c70000b5c700000a000000
   150	CTRL cmd=0xc36f0108 hClient=0xc1d0000c hObject=0x5c000027 size=4 status=0x00000000 rc=0 in=00000000 out=0a000000
   151	CTRL cmd=0x20801218 hClient=0xc1d0000c hObject=0x5c000003 size=16 status=0x00000000 rc=0 in=2700005c000000000000000000000000 out=2700005c0000000000b0eb0000000000
   152	ALLOC hClass=0x0000003e hRoot=0xc1d0000c hParent=0x5c000002 hObject=0x5c00002a size=0 shape=NVOS64 status=0x00000000 rc=0 params=-
   153	CTRL cmd=0x00000d01 hClient=0xc1d0000c hObject=0xc1d0000c size=12 status=0x00000000 rc=0 in=2a00005c00000c0000000000 out=2a00005c00000c0001000000
   154	ESC nr=0x4e len=56 rc=0
   155	ALLOC hClass=0x0000c56f hRoot=0xc1d0000c hParent=0x5c000012 hObject=0x5c00002b size=0 shape=NVOS64 status=0x00000000 rc=0 params=-
   156	CTRL cmd=0x0080170d hClient=0xc1d0000c hObject=0x5c000002 size=24 status=0x00000000 rc=0 in=0100000000000000bcf1e55cfc7f0000f8489468c2730000 out=0100000000000000bcf1e55cfc7f0000f8489468c2730000
   157	ALLOC hClass=0x0000c7c0 hRoot=0xc1d0000c hParent=0x5c00002b hObject=0x5c00002c size=0 shape=NVOS64 status=0x00000000 rc=0 params=-
   158	CTRL cmd=0x906f0101 hClient=0xc1d0000c hObject=0x5c00002b size=16 status=0x00000000 rc=0 in=2c00005c000000000000000000000000 out=2c00005cc0c70000c0c7000001000000
   159	ALLOC hClass=0x0000c7b5 hRoot=0xc1d0000c hParent=0x5c00002b hObject=0x5c00002d size=0 shape=NVOS64 status=0x00000000 rc=0 params=-
   160	CTRL cmd=0x906f0101 hClient=0xc1d0000c hObject=0x5c00002b size=16 status=0x00000000 rc=0 in=2d00005c000000000000000000000000 out=2d00005cb5c70000b5c700000a000000
   161	CTRL cmd=0xc36f0108 hClient=0xc1d0000c hObject=0x5c00002b size=4 status=0x00000000 rc=0 in=00000000 out=0b000000
   162	CTRL cmd=0x20801218 hClient=0xc1d0000c hObject=0x5c000003 size=16 status=0x00000000 rc=0 in=2b00005c000000000000000000000000 out=2b00005c0000000000b0eb0000000000
   163	ALLOC hClass=0x0000003e hRoot=0xc1d0000c hParent=0x5c000002 hObject=0x5c00002e size=0 shape=NVOS64 status=0x00000000 rc=0 params=-
   164	CTRL cmd=0x00000d01 hClient=0xc1d0000c hObject=0xc1d0000c size=12 status=0x00000000 rc=0 in=2e00005c00000c0000000000 out=2e00005c00000c0001000000
   165	ESC nr=0x4e len=56 rc=0
   166	ALLOC hClass=0x0000c56f hRoot=0xc1d0000c hParent=0x5c000012 hObject=0x5c00002f size=0 shape=NVOS64 status=0x00000000 rc=0 params=-
   167	CTRL cmd=0x0080170d hClient=0xc1d0000c hObject=0x5c000002 size=24 status=0x00000000 rc=0 in=0100000000000000bcf1e55cfc7f000010df9468c2730000 out=0100000000000000bcf1e55cfc7f000010df9468c2730000
   168	ALLOC hClass=0x0000c7c0 hRoot=0xc1d0000c hParent=0x5c00002f hObject=0x5c000030 size=0 shape=NVOS64 status=0x00000000 rc=0 params=-
   169	CTRL cmd=0x906f0101 hClient=0xc1d0000c hObject=0x5c00002f size=16 status=0x00000000 rc=0 in=3000005c000000000000000000000000 out=3000005cc0c70000c0c7000001000000
   170	ALLOC hClass=0x0000c7b5 hRoot=0xc1d0000c hParent=0x5c00002f hObject=0x5c000031 size=0 shape=NVOS64 status=0x00000000 rc=0 params=-
   171	CTRL cmd=0x906f0101 hClient=0xc1d0000c hObject=0x5c00002f size=16 status=0x00000000 rc=0 in=3100005c000000000000000000000000 out=3100005cb5c70000b5c700000a000000
   172	CTRL cmd=0xc36f0108 hClient=0xc1d0000c hObject=0x5c00002f size=4 status=0x00000000 rc=0 in=00000000 out=0c000000
   173	CTRL cmd=0x20801218 hClient=0xc1d0000c hObject=0x5c000003 size=16 status=0x00000000 rc=0 in=2f00005c000000000000000000000000 out=2f00005c0000000000b0eb0000000000
   174	ALLOC hClass=0x0000003e hRoot=0xc1d0000c hParent=0x5c000002 hObject=0x5c000032 size=0 shape=NVOS64 status=0x00000000 rc=0 params=-
   175	CTRL cmd=0x00000d01 hClient=0xc1d0000c hObject=0xc1d0000c size=12 status=0x00000000 rc=0 in=3200005c00000c0000000000 out=3200005c00000c0001000000
   176	ESC nr=0x4e len=56 rc=0
   177	ALLOC hClass=0x0000c56f hRoot=0xc1d0000c hParent=0x5c000012 hObject=0x5c000033 size=0 shape=NVOS64 status=0x00000000 rc=0 params=-
   178	CTRL cmd=0x0080170d hClient=0xc1d0000c hObject=0x5c000002 size=24 status=0x00000000 rc=0 in=0100000000000000bcf1e55cfc7f000028759568c2730000 out=0100000000000000bcf1e55cfc7f000028759568c2730000
   179	ALLOC hClass=0x0000c7c0 hRoot=0xc1d0000c hParent=0x5c000033 hObject=0x5c000034 size=0 shape=NVOS64 status=0x00000000 rc=0 params=-
   180	CTRL cmd=0x906f0101 hClient=0xc1d0000c hObject=0x5c000033 size=16 status=0x00000000 rc=0 in=3400005c000000000000000000000000 out=3400005cc0c70000c0c7000001000000
   181	ALLOC hClass=0x0000c7b5 hRoot=0xc1d0000c hParent=0x5c000033 hObject=0x5c000035 size=0 shape=NVOS64 status=0x00000000 rc=0 params=-
   182	CTRL cmd=0x906f0101 hClient=0xc1d0000c hObject=0x5c000033 size=16 status=0x00000000 rc=0 in=3500005c000000000000000000000000 out=3500005cb5c70000b5c700000a000000
   183	CTRL cmd=0xc36f0108 hClient=0xc1d0000c hObject=0x5c000033 size=4 status=0x00000000 rc=0 in=00000000 out=0d000000
   184	CTRL cmd=0x20801218 hClient=0xc1d0000c hObject=0x5c000003 size=16 status=0x00000000 rc=0 in=3300005c000000000000000000000000 out=3300005c0000000000b0eb0000000000
   185	ALLOC hClass=0x0000003e hRoot=0xc1d0000c hParent=0x5c000002 hObject=0x5c000036 size=0 shape=NVOS64 status=0x00000000 rc=0 params=-
   186	CTRL cmd=0x00000d01 hClient=0xc1d0000c hObject=0xc1d0000c size=12 status=0x00000000 rc=0 in=3600005c00000c0000000000 out=3600005c00000c0001000000
   187	ESC nr=0x4e len=56 rc=0
   188	ALLOC hClass=0x0000c56f hRoot=0xc1d0000c hParent=0x5c000012 hObject=0x5c000037 size=0 shape=NVOS64 status=0x00000000 rc=0 params=-
   189	CTRL cmd=0x0080170d hClient=0xc1d0000c hObject=0x5c000002 size=24 status=0x00000000 rc=0 in=0100000000000000bcf1e55cfc7f0000400b9668c2730000 out=0100000000000000bcf1e55cfc7f0000400b9668c2730000
   190	ALLOC hClass=0x0000c7c0 hRoot=0xc1d0000c hParent=0x5c000037 hObject=0x5c000038 size=0 shape=NVOS64 status=0x00000000 rc=0 params=-
   191	CTRL cmd=0x906f0101 hClient=0xc1d0000c hObject=0x5c000037 size=16 status=0x00000000 rc=0 in=3800005c000000000000000000000000 out=3800005cc0c70000c0c7000001000000
   192	ALLOC hClass=0x0000c7b5 hRoot=0xc1d0000c hParent=0x5c000037 hObject=0x5c000039 size=0 shape=NVOS64 status=0x00000000 rc=0 params=-
   193	CTRL cmd=0x906f0101 hClient=0xc1d0000c hObject=0x5c000037 size=16 status=0x00000000 rc=0 in=3900005c000000000000000000000000 out=3900005cb5c70000b5c700000a000000
   194	CTRL cmd=0xc36f0108 hClient=0xc1d0000c hObject=0x5c000037 size=4 status=0x00000000 rc=0 in=00000000 out=0e000000
   195	CTRL cmd=0x20801218 hClient=0xc1d0000c hObject=0x5c000003 size=16 status=0x00000000 rc=0 in=3700005c000000000000000000000000 out=3700005c0000000000b0eb0000000000
   196	CTRL cmd=0xa06c0101 hClient=0xc1d0000c hObject=0x5c000012 size=3 status=0x00000000 rc=0 in=010000 out=010000
   197	ESC nr=0xc9 len=4 rc=0
   198	ESC nr=0xce len=16 rc=0
   199	ALLOC hClass=0x00000079 hRoot=0xc1d0000c hParent=0x5c000003 hObject=0x5c00003a size=0 shape=NVOS64 status=0x00000000 rc=0 params=-
   200	ALLOC hClass=0x0000a06c hRoot=0xc1d0000c hParent=0x5c000002 hObject=0x5c00003b size=0 shape=NVOS64 status=0x00000000 rc=0 params=-
   201	ALLOC hClass=0x0000003e hRoot=0xc1d0000c hParent=0x5c000002 hObject=0x5c00003c size=0 shape=NVOS64 status=0x00000000 rc=0 params=-
   202	CTRL cmd=0x00000d01 hClient=0xc1d0000c hObject=0xc1d0000c size=12 status=0x00000000 rc=0 in=3c00005c00000c0000000000 out=3c00005c00000c0001000000
   203	ESC nr=0x4e len=56 rc=0
   204	ALLOC hClass=0x0000c56f hRoot=0xc1d0000c hParent=0x5c00003b hObject=0x5c00003d size=0 shape=NVOS64 status=0x00000000 rc=0 params=-
   205	CTRL cmd=0x0080170d hClient=0xc1d0000c hObject=0x5c000002 size=24 status=0x00000000 rc=0 in=0100000000000000bcf1e55cfc7f000098908f68c2730000 out=0100000000000000bcf1e55cfc7f000098908f68c2730000
   206	ALLOC hClass=0x0000c7b5 hRoot=0xc1d0000c hParent=0x5c00003d hObject=0x5c00003e size=0 shape=NVOS64 status=0x00000000 rc=0 params=-
   207	CTRL cmd=0x906f0101 hClient=0xc1d0000c hObject=0x5c00003d size=16 status=0x00000000 rc=0 in=3e00005c000000000000000000000000 out=3e00005cb5c70000b5c700000b000000
   208	CTRL cmd=0xc36f0108 hClient=0xc1d0000c hObject=0x5c00003d size=4 status=0x00000000 rc=0 in=00000000 out=0f000100
   209	ALLOC hClass=0x0000003e hRoot=0xc1d0000c hParent=0x5c000002 hObject=0x5c00003f size=0 shape=NVOS64 status=0x00000000 rc=0 params=-
   210	CTRL cmd=0x00000d01 hClient=0xc1d0000c hObject=0xc1d0000c size=12 status=0x00000000 rc=0 in=3f00005c00000c0000000000 out=3f00005c00000c0001000000
   211	ESC nr=0x4e len=56 rc=0
   212	ALLOC hClass=0x0000c56f hRoot=0xc1d0000c hParent=0x5c00003b hObject=0x5c000040 size=0 shape=NVOS64 status=0x00000000 rc=0 params=-
   213	CTRL cmd=0x0080170d hClient=0xc1d0000c hObject=0x5c000002 size=24 status=0x00000000 rc=0 in=0100000000000000bcf1e55cfc7f0000b0269068c2730000 out=0100000000000000bcf1e55cfc7f0000b0269068c2730000
   214	ALLOC hClass=0x0000c7b5 hRoot=0xc1d0000c hParent=0x5c000040 hObject=0x5c000041 size=0 shape=NVOS64 status=0x00000000 rc=0 params=-
   215	CTRL cmd=0x906f0101 hClient=0xc1d0000c hObject=0x5c000040 size=16 status=0x00000000 rc=0 in=4100005c000000000000000000000000 out=4100005cb5c70000b5c700000b000000
   216	CTRL cmd=0xc36f0108 hClient=0xc1d0000c hObject=0x5c000040 size=4 status=0x00000000 rc=0 in=00000000 out=10000100
   217	ALLOC hClass=0x0000003e hRoot=0xc1d0000c hParent=0x5c000002 hObject=0x5c000042 size=0 shape=NVOS64 status=0x00000000 rc=0 params=-
   218	CTRL cmd=0x00000d01 hClient=0xc1d0000c hObject=0xc1d0000c size=12 status=0x00000000 rc=0 in=4200005c00000c0000000000 out=4200005c00000c0001000000
   219	ESC nr=0x4e len=56 rc=0
   220	ALLOC hClass=0x0000c56f hRoot=0xc1d0000c hParent=0x5c00003b hObject=0x5c000043 size=0 shape=NVOS64 status=0x00000000 rc=0 params=-
   221	CTRL cmd=0x0080170d hClient=0xc1d0000c hObject=0x5c000002 size=24 status=0x00000000 rc=0 in=0100000000000000bcf1e55cfc7f0000c8bc9068c2730000 out=0100000000000000bcf1e55cfc7f0000c8bc9068c2730000
   222	ALLOC hClass=0x0000c7b5 hRoot=0xc1d0000c hParent=0x5c000043 hObject=0x5c000044 size=0 shape=NVOS64 status=0x00000000 rc=0 params=-
   223	CTRL cmd=0x906f0101 hClient=0xc1d0000c hObject=0x5c000043 size=16 status=0x00000000 rc=0 in=4400005c000000000000000000000000 out=4400005cb5c70000b5c700000b000000
   224	CTRL cmd=0xc36f0108 hClient=0xc1d0000c hObject=0x5c000043 size=4 status=0x00000000 rc=0 in=00000000 out=11000100
   225	ALLOC hClass=0x0000003e hRoot=0xc1d0000c hParent=0x5c000002 hObject=0x5c000045 size=0 shape=NVOS64 status=0x00000000 rc=0 params=-
   226	CTRL cmd=0x00000d01 hClient=0xc1d0000c hObject=0xc1d0000c size=12 status=0x00000000 rc=0 in=4500005c00000c0000000000 out=4500005c00000c0001000000
   227	ESC nr=0x4e len=56 rc=0
   228	ALLOC hClass=0x0000c56f hRoot=0xc1d0000c hParent=0x5c00003b hObject=0x5c000046 size=0 shape=NVOS64 status=0x00000000 rc=0 params=-
   229	CTRL cmd=0x0080170d hClient=0xc1d0000c hObject=0x5c000002 size=24 status=0x00000000 rc=0 in=0100000000000000bcf1e55cfc7f0000e0529168c2730000 out=0100000000000000bcf1e55cfc7f0000e0529168c2730000
   230	ALLOC hClass=0x0000c7b5 hRoot=0xc1d0000c hParent=0x5c000046 hObject=0x5c000047 size=0 shape=NVOS64 status=0x00000000 rc=0 params=-
   231	CTRL cmd=0x906f0101 hClient=0xc1d0000c hObject=0x5c000046 size=16 status=0x00000000 rc=0 in=4700005c000000000000000000000000 out=4700005cb5c70000b5c700000b000000
   232	CTRL cmd=0xc36f0108 hClient=0xc1d0000c hObject=0x5c000046 size=4 status=0x00000000 rc=0 in=00000000 out=12000100
   233	CTRL cmd=0xa06c0101 hClient=0xc1d0000c hObject=0x5c00003b size=3 status=0x00000000 rc=0 in=010000 out=010000
   234	ESC nr=0xc9 len=4 rc=0
   235	ESC nr=0xce len=16 rc=0
   236	ALLOC hClass=0x00000079 hRoot=0xc1d0000c hParent=0x5c000003 hObject=0x5c000048 size=0 shape=NVOS64 status=0x00000000 rc=0 params=-
   237	ALLOC hClass=0x0000a06c hRoot=0xc1d0000c hParent=0x5c000002 hObject=0x5c000049 size=0 shape=NVOS64 status=0x00000000 rc=0 params=-
   238	ALLOC hClass=0x0000003e hRoot=0xc1d0000c hParent=0x5c000002 hObject=0x5c00004a size=0 shape=NVOS64 status=0x00000000 rc=0 params=-
   239	CTRL cmd=0x00000d01 hClient=0xc1d0000c hObject=0xc1d0000c size=12 status=0x00000000 rc=0 in=4a00005c00000c0000000000 out=4a00005c00000c0001000000
   240	ESC nr=0x4e len=56 rc=0
   241	ALLOC hClass=0x0000c56f hRoot=0xc1d0000c hParent=0x5c000049 hObject=0x5c00004b size=0 shape=NVOS64 status=0x00000000 rc=0 params=-
   242	CTRL cmd=0x0080170d hClient=0xc1d0000c hObject=0x5c000002 size=24 status=0x00000000 rc=0 in=0100000000000000bcf1e55cfc7f000098308d68c2730000 out=0100000000000000bcf1e55cfc7f000098308d68c2730000
   243	ALLOC hClass=0x0000c7b5 hRoot=0xc1d0000c hParent=0x5c00004b hObject=0x5c00004c size=0 shape=NVOS64 status=0x00000000 rc=0 params=-
   244	CTRL cmd=0x906f0101 hClient=0xc1d0000c hObject=0x5c00004b size=16 status=0x00000000 rc=0 in=4c00005c000000000000000000000000 out=4c00005cb5c70000b5c700000c000000
   245	CTRL cmd=0xc36f0108 hClient=0xc1d0000c hObject=0x5c00004b size=4 status=0x00000000 rc=0 in=00000000 out=13000200
   246	ALLOC hClass=0x0000003e hRoot=0xc1d0000c hParent=0x5c000002 hObject=0x5c00004d size=0 shape=NVOS64 status=0x00000000 rc=0 params=-
   247	CTRL cmd=0x00000d01 hClient=0xc1d0000c hObject=0xc1d0000c size=12 status=0x00000000 rc=0 in=4d00005c00000c0000000000 out=4d00005c00000c0001000000
   248	ESC nr=0x4e len=56 rc=0
   249	ALLOC hClass=0x0000c56f hRoot=0xc1d0000c hParent=0x5c000049 hObject=0x5c00004e size=0 shape=NVOS64 status=0x00000000 rc=0 params=-
   250	CTRL cmd=0x0080170d hClient=0xc1d0000c hObject=0x5c000002 size=24 status=0x00000000 rc=0 in=0100000000000000bcf1e55cfc7f0000b0c68d68c2730000 out=0100000000000000bcf1e55cfc7f0000b0c68d68c2730000
   251	ALLOC hClass=0x0000c7b5 hRoot=0xc1d0000c hParent=0x5c00004e hObject=0x5c00004f size=0 shape=NVOS64 status=0x00000000 rc=0 params=-
   252	CTRL cmd=0x906f0101 hClient=0xc1d0000c hObject=0x5c00004e size=16 status=0x00000000 rc=0 in=4f00005c000000000000000000000000 out=4f00005cb5c70000b5c700000c000000
   253	CTRL cmd=0xc36f0108 hClient=0xc1d0000c hObject=0x5c00004e size=4 status=0x00000000 rc=0 in=00000000 out=14000200
   254	ALLOC hClass=0x0000003e hRoot=0xc1d0000c hParent=0x5c000002 hObject=0x5c000050 size=0 shape=NVOS64 status=0x00000000 rc=0 params=-
   255	CTRL cmd=0x00000d01 hClient=0xc1d0000c hObject=0xc1d0000c size=12 status=0x00000000 rc=0 in=5000005c00000c0000000000 out=5000005c00000c0001000000
   256	ESC nr=0x4e len=56 rc=0
   257	ALLOC hClass=0x0000c56f hRoot=0xc1d0000c hParent=0x5c000049 hObject=0x5c000051 size=0 shape=NVOS64 status=0x00000000 rc=0 params=-
   258	CTRL cmd=0x0080170d hClient=0xc1d0000c hObject=0x5c000002 size=24 status=0x00000000 rc=0 in=0100000000000000bcf1e55cfc7f0000c85c8e68c2730000 out=0100000000000000bcf1e55cfc7f0000c85c8e68c2730000
   259	ALLOC hClass=0x0000c7b5 hRoot=0xc1d0000c hParent=0x5c000051 hObject=0x5c000052 size=0 shape=NVOS64 status=0x00000000 rc=0 params=-
   260	CTRL cmd=0x906f0101 hClient=0xc1d0000c hObject=0x5c000051 size=16 status=0x00000000 rc=0 in=5200005c000000000000000000000000 out=5200005cb5c70000b5c700000c000000
   261	CTRL cmd=0xc36f0108 hClient=0xc1d0000c hObject=0x5c000051 size=4 status=0x00000000 rc=0 in=00000000 out=15000200
   262	ALLOC hClass=0x0000003e hRoot=0xc1d0000c hParent=0x5c000002 hObject=0x5c000053 size=0 shape=NVOS64 status=0x00000000 rc=0 params=-
   263	CTRL cmd=0x00000d01 hClient=0xc1d0000c hObject=0xc1d0000c size=12 status=0x00000000 rc=0 in=5300005c00000c0000000000 out=5300005c00000c0001000000
   264	ESC nr=0x4e len=56 rc=0
   265	ALLOC hClass=0x0000c56f hRoot=0xc1d0000c hParent=0x5c000049 hObject=0x5c000054 size=0 shape=NVOS64 status=0x00000000 rc=0 params=-
   266	CTRL cmd=0x0080170d hClient=0xc1d0000c hObject=0x5c000002 size=24 status=0x00000000 rc=0 in=0100000000000000bcf1e55cfc7f0000e0f28e68c2730000 out=0100000000000000bcf1e55cfc7f0000e0f28e68c2730000
   267	ALLOC hClass=0x0000c7b5 hRoot=0xc1d0000c hParent=0x5c000054 hObject=0x5c000055 size=0 shape=NVOS64 status=0x00000000 rc=0 params=-
   268	CTRL cmd=0x906f0101 hClient=0xc1d0000c hObject=0x5c000054 size=16 status=0x00000000 rc=0 in=5500005c000000000000000000000000 out=5500005cb5c70000b5c700000c000000
   269	CTRL cmd=0xc36f0108 hClient=0xc1d0000c hObject=0x5c000054 size=4 status=0x00000000 rc=0 in=00000000 out=16000200
   270	CTRL cmd=0xa06c0101 hClient=0xc1d0000c hObject=0x5c000049 size=3 status=0x00000000 rc=0 in=010000 out=010000
   271	ESC nr=0xc9 len=4 rc=0
   272	ESC nr=0xce len=16 rc=0
   273	ALLOC hClass=0x00000079 hRoot=0xc1d0000c hParent=0x5c000003 hObject=0x5c000056 size=0 shape=NVOS64 status=0x00000000 rc=0 params=-
   274	ALLOC hClass=0x0000003e hRoot=0xc1d0000c hParent=0x5c000002 hObject=0x5c000057 size=0 shape=NVOS64 status=0x00000000 rc=0 params=-
   275	CTRL cmd=0x00000d01 hClient=0xc1d0000c hObject=0xc1d0000c size=12 status=0x00000000 rc=0 in=5700005c00000c0000000000 out=5700005c00000c0001000000
   276	ESC nr=0x4e len=56 rc=0
   277	CTRL cmd=0x20801702 hClient=0xc1d0000c hObject=0x5c000003 size=4 status=0x00000056 rc=0 in=ffffffff out=ffffffff
   278	ALLOC hClass=0x00000040 hRoot=0xc1d0000c hParent=0x5c000002 hObject=0x5c000059 size=0 shape=NVOS64 status=0x00000000 rc=0 params=-
   279	ALLOC hClass=0x0000003e hRoot=0xc1d0000c hParent=0x5c000002 hObject=0x5c00005b size=0 shape=NVOS64 status=0x00000000 rc=0 params=-
   280	CTRL cmd=0x00000d01 hClient=0xc1d0000c hObject=0xc1d0000c size=12 status=0x00000000 rc=0 in=5b00005c00000c0000000000 out=5b00005c00000c0001000000
   281	ESC nr=0x4e len=56 rc=0
   282	ESC nr=0x27 len=56 rc=0
   283	ALLOC hClass=0x00000040 hRoot=0xc1d0000c hParent=0x5c000002 hObject=0x5c00005f size=0 shape=NVOS64 status=0x00000000 rc=0 params=-
   284	CTRL cmd=0x20801702 hClient=0xc1d0000c hObject=0x5c000003 size=4 status=0x00000056 rc=0 in=ffffffff out=ffffffff
   285	CTRL cmd=0x20801702 hClient=0xc1d0000c hObject=0x5c000003 size=4 status=0x00000056 rc=0 in=ffffffff out=ffffffff
   286	CTRL cmd=0x20801702 hClient=0xc1d0000c hObject=0x5c000003 size=4 status=0x00000056 rc=0 in=ffffffff out=ffffffff
   287	ALLOC hClass=0x00000040 hRoot=0xc1d0000c hParent=0x5c000002 hObject=0x5c000061 size=0 shape=NVOS64 status=0x00000000 rc=0 params=-
   288	CTRL cmd=0x20801702 hClient=0xc1d0000c hObject=0x5c000003 size=4 status=0x00000056 rc=0 in=ffffffff out=ffffffff
   289	ESC nr=0x27 len=56 rc=0
   290	ALLOC hClass=0x00000040 hRoot=0xc1d0000c hParent=0x5c000002 hObject=0x5c000065 size=0 shape=NVOS64 status=0x00000000 rc=0 params=-
   291	ESC nr=0x27 len=56 rc=0
   292	ALLOC hClass=0x00000040 hRoot=0xc1d0000c hParent=0x5c000002 hObject=0x5c00006a size=0 shape=NVOS64 status=0x00000000 rc=0 params=-
   293	CTRL cmd=0x20801702 hClient=0xc1d0000c hObject=0x5c000003 size=4 status=0x00000056 rc=0 in=ffffffff out=ffffffff
   294	ALLOC hClass=0x0000003e hRoot=0xc1d0000c hParent=0x5c000002 hObject=0x5c00006c size=0 shape=NVOS64 status=0x00000000 rc=0 params=-
   295	CTRL cmd=0x00000d01 hClient=0xc1d0000c hObject=0xc1d0000c size=12 status=0x00000000 rc=0 in=6c00005c00000c0000000000 out=6c00005c00000c0001000000
   296	ESC nr=0x4e len=56 rc=0
   297	CTRL cmd=0x20801702 hClient=0xc1d0000c hObject=0x5c000003 size=4 status=0x00000056 rc=0 in=ffffffff out=ffffffff
   298	CTRL cmd=0x20801702 hClient=0xc1d0000c hObject=0x5c000003 size=4 status=0x00000056 rc=0 in=ffffffff out=ffffffff
   299	ALLOC hClass=0x00000040 hRoot=0xc1d0000c hParent=0x5c000002 hObject=0x5c00006e size=0 shape=NVOS64 status=0x00000000 rc=0 params=-
   300	CTRL cmd=0x20801702 hClient=0xc1d0000c hObject=0x5c000003 size=4 status=0x00000056 rc=0 in=ffffffff out=ffffffff
   301	CTRL cmd=0x20801702 hClient=0xc1d0000c hObject=0x5c000003 size=4 status=0x00000056 rc=0 in=ffffffff out=ffffffff
   302	CTRL cmd=0x20801702 hClient=0xc1d0000c hObject=0x5c000003 size=4 status=0x00000056 rc=0 in=ffffffff out=ffffffff
   303	CTRL cmd=0x20801702 hClient=0xc1d0000c hObject=0x5c000003 size=4 status=0x00000056 rc=0 in=ffffffff out=ffffffff
   304	ESC nr=0x27 len=56 rc=0
   305	CTRL cmd=0x20801702 hClient=0xc1d0000c hObject=0x5c000003 size=4 status=0x00000056 rc=0 in=ffffffff out=ffffffff
   306	CTRL cmd=0x20801702 hClient=0xc1d0000c hObject=0x5c000003 size=4 status=0x00000056 rc=0 in=ffffffff out=ffffffff
   307	ALLOC hClass=0x000083de hRoot=0xc1d0000c hParent=0x5c000002 hObject=0x5c000072 size=0 shape=NVOS64 status=0x00000000 rc=0 params=-
   308	ALLOC hClass=0x0000003e hRoot=0xc1d0000c hParent=0x5c000002 hObject=0x5c000073 size=0 shape=NVOS64 status=0x00000000 rc=0 params=-
   309	CTRL cmd=0x00000d01 hClient=0xc1d0000c hObject=0xc1d0000c size=12 status=0x00000000 rc=0 in=7300005c00000c0000000000 out=7300005c00000c0001000000
   310	ESC nr=0x4e len=56 rc=0
   311	CTRL cmd=0x20801702 hClient=0xc1d0000c hObject=0x5c000003 size=4 status=0x00000056 rc=0 in=ffffffff out=ffffffff
   312	ALLOC hClass=0x00000040 hRoot=0xc1d0000c hParent=0x5c000002 hObject=0x5c000075 size=0 shape=NVOS64 status=0x00000000 rc=0 params=-
   313	ALLOC hClass=0x00000040 hRoot=0xc1d0000c hParent=0x5c000002 hObject=0x5c000077 size=0 shape=NVOS64 status=0x00000000 rc=0 params=-
   314	CTRL cmd=0x20801702 hClient=0xc1d0000c hObject=0x5c000003 size=4 status=0x00000056 rc=0 in=ffffffff out=ffffffff
   315	CTRL cmd=0x20801702 hClient=0xc1d0000c hObject=0x5c000003 size=4 status=0x00000056 rc=0 in=ffffffff out=ffffffff
   316	ESC nr=0xc9 len=4 rc=0
   317	ESC nr=0xce len=16 rc=0
   318	ALLOC hClass=0x00000079 hRoot=0xc1d0000c hParent=0x5c00001a hObject=0x5c000079 size=0 shape=NVOS64 status=0x00000000 rc=0 params=-
   319	ESC nr=0xc9 len=4 rc=0
   320	ESC nr=0xce len=16 rc=0
   321	ALLOC hClass=0x00000079 hRoot=0xc1d0000c hParent=0x5c00001a hObject=0x5c00007a size=0 shape=NVOS64 status=0x00000000 rc=0 params=-
   322	ESC nr=0xc9 len=4 rc=0
   323	ESC nr=0xce len=16 rc=0
   324	ALLOC hClass=0x00000079 hRoot=0xc1d0000c hParent=0x5c00001a hObject=0x5c00007b size=0 shape=NVOS64 status=0x00000000 rc=0 params=-
   325	ESC nr=0xc9 len=4 rc=0
   326	ESC nr=0xce len=16 rc=0
   327	ALLOC hClass=0x00000079 hRoot=0xc1d0000c hParent=0x5c00001a hObject=0x5c00007c size=0 shape=NVOS64 status=0x00000000 rc=0 params=-
   328	CTRL cmd=0x20801702 hClient=0xc1d0000c hObject=0x5c000003 size=4 status=0x00000056 rc=0 in=ffffffff out=ffffffff
   329	CTRL cmd=0x83de0309 hClient=0xc1d0000c hObject=0x5c000072 size=4 status=0x00000056 rc=0 in=3a000000 out=3a000000
   330	CTRL cmd=0x20801702 hClient=0xc1d0000c hObject=0x5c000003 size=4 status=0x00000056 rc=0 in=ffffffff out=ffffffff
   331	CTRL cmd=0x20801210 hClient=0xc1d0000c hObject=0x5c000003 size=32 status=0x00000000 rc=0 in=010000001200005c000000000000000000000000000000000000000000000000 out=010000001200005c000000000000000000000000000000000000000000000000
   332	FREE hRoot=0xc1d0000c hParent=0x5c00001a hObject=0x5c00007a status=0x00000000 rc=0
   333	ESC nr=0xcf len=16 rc=0
   334	FREE hRoot=0xc1d0000c hParent=0x5c00001a hObject=0x5c00007b status=0x00000000 rc=0
   335	ESC nr=0xcf len=16 rc=0
   336	FREE hRoot=0xc1d0000c hParent=0x5c00001a hObject=0x5c000079 status=0x00000000 rc=0
   337	ESC nr=0xcf len=16 rc=0
   338	FREE hRoot=0xc1d0000c hParent=0x5c00001a hObject=0x5c00007c status=0x00000000 rc=0
   339	ESC nr=0xcf len=16 rc=0
   340	FREE hRoot=0xc1d0000c hParent=0x5c000002 hObject=0x5c000075 status=0x00000000 rc=0
   341	FREE hRoot=0xc1d0000c hParent=0x5c000002 hObject=0x5c000077 status=0x00000000 rc=0
   342	ESC nr=0x4f len=32 rc=0
   343	FREE hRoot=0xc1d0000c hParent=0x5c000002 hObject=0x5c000073 status=0x00000000 rc=0
   344	CTRL cmd=0xa06c0103 hClient=0xc1d0000c hObject=0x5c000012 size=8 status=0x00000056 rc=0 in=0008000000000000 out=0008000000000000
   345	FREE hRoot=0xc1d0000c hParent=0x5c000002 hObject=0x5c00000e status=0x00000000 rc=0
   346	FREE hRoot=0xc1d0000c hParent=0x5c000002 hObject=0x5c00000f status=0x00000000 rc=0
   347	FREE hRoot=0xc1d0000c hParent=0xc1d0000c hObject=0x5c000072 status=0x00000056 rc=0
   348	FREE hRoot=0xc1d0000c hParent=0x5c000002 hObject=0x5c000070 status=0x00000000 rc=0
   349	ESC nr=0x4f len=32 rc=0
   350	FREE hRoot=0xc1d0000c hParent=0x5c000002 hObject=0x5c00006c status=0x00000000 rc=0
   351	CTRL cmd=0x20801702 hClient=0xc1d0000c hObject=0x5c000003 size=4 status=0x00000056 rc=0 in=ffffffff out=ffffffff
   352	CTRL cmd=0xa06c0105 hClient=0xc1d0000c hObject=0x5c000012 size=8 status=0x00000056 rc=0 in=0100000000000000 out=0100000000000000
   353	FREE hRoot=0xc1d0000c hParent=0x5c000002 hObject=0x5c00006e status=0x00000000 rc=0
   354	FREE hRoot=0xc1d0000c hParent=0x5c000002 hObject=0x5c000068 status=0x00000000 rc=0
   355	FREE hRoot=0xc1d0000c hParent=0x5c000002 hObject=0x5c00005d status=0x00000000 rc=0
   356	ESC nr=0x4f len=32 rc=0
   357	FREE hRoot=0xc1d0000c hParent=0x5c000002 hObject=0x5c00005b status=0x00000000 rc=0
   358	FREE hRoot=0xc1d0000c hParent=0x5c000002 hObject=0x5c000059 status=0x00000000 rc=0
   359	FREE hRoot=0xc1d0000c hParent=0x5c000002 hObject=0x5c000010 status=0x00000000 rc=0
   360	FREE hRoot=0xc1d0000c hParent=0x5c000003 hObject=0x5c00003a status=0x00000000 rc=0
   361	ESC nr=0xcf len=16 rc=0
   362	FREE hRoot=0xc1d0000c hParent=0x5c000019 hObject=0x5c00001a status=0x00000000 rc=0
   363	FREE hRoot=0xc1d0000c hParent=0x5c000019 hObject=0x5c00001b status=0x00000000 rc=0
   364	FREE hRoot=0xc1d0000c hParent=0x5c000002 hObject=0x5c000019 status=0x00000000 rc=0
   365	ESC nr=0x4f len=32 rc=0
   366	FREE hRoot=0xc1d0000c hParent=0x5c000002 hObject=0x5c000018 status=0x00000000 rc=0
   367	FREE hRoot=0xc1d0000c hParent=0x5c00001f hObject=0x5c000020 status=0x00000000 rc=0
   368	FREE hRoot=0xc1d0000c hParent=0x5c00001f hObject=0x5c000021 status=0x00000000 rc=0
   369	FREE hRoot=0xc1d0000c hParent=0x5c000002 hObject=0x5c00001f status=0x00000000 rc=0
   370	ESC nr=0x4f len=32 rc=0
   371	FREE hRoot=0xc1d0000c hParent=0x5c000002 hObject=0x5c00001e status=0x00000000 rc=0
   372	FREE hRoot=0xc1d0000c hParent=0x5c000023 hObject=0x5c000024 status=0x00000000 rc=0
   373	FREE hRoot=0xc1d0000c hParent=0x5c000023 hObject=0x5c000025 status=0x00000000 rc=0
   374	FREE hRoot=0xc1d0000c hParent=0x5c000002 hObject=0x5c000023 status=0x00000000 rc=0
   375	ESC nr=0x4f len=32 rc=0
   376	FREE hRoot=0xc1d0000c hParent=0x5c000002 hObject=0x5c000022 status=0x00000000 rc=0
   377	FREE hRoot=0xc1d0000c hParent=0x5c000027 hObject=0x5c000028 status=0x00000000 rc=0
   378	FREE hRoot=0xc1d0000c hParent=0x5c000027 hObject=0x5c000029 status=0x00000000 rc=0
   379	FREE hRoot=0xc1d0000c hParent=0x5c000002 hObject=0x5c000027 status=0x00000000 rc=0
   380	ESC nr=0x4f len=32 rc=0
   381	FREE hRoot=0xc1d0000c hParent=0x5c000002 hObject=0x5c000026 status=0x00000000 rc=0
   382	FREE hRoot=0xc1d0000c hParent=0x5c00002b hObject=0x5c00002c status=0x00000000 rc=0
   383	FREE hRoot=0xc1d0000c hParent=0x5c00002b hObject=0x5c00002d status=0x00000000 rc=0
   384	FREE hRoot=0xc1d0000c hParent=0x5c000002 hObject=0x5c00002b status=0x00000000 rc=0
   385	ESC nr=0x4f len=32 rc=0
   386	FREE hRoot=0xc1d0000c hParent=0x5c000002 hObject=0x5c00002a status=0x00000000 rc=0
   387	FREE hRoot=0xc1d0000c hParent=0x5c00002f hObject=0x5c000030 status=0x00000000 rc=0
   388	FREE hRoot=0xc1d0000c hParent=0x5c00002f hObject=0x5c000031 status=0x00000000 rc=0
   389	FREE hRoot=0xc1d0000c hParent=0x5c000002 hObject=0x5c00002f status=0x00000000 rc=0
   390	ESC nr=0x4f len=32 rc=0
   391	FREE hRoot=0xc1d0000c hParent=0x5c000002 hObject=0x5c00002e status=0x00000000 rc=0
   392	FREE hRoot=0xc1d0000c hParent=0x5c000033 hObject=0x5c000034 status=0x00000000 rc=0
   393	FREE hRoot=0xc1d0000c hParent=0x5c000033 hObject=0x5c000035 status=0x00000000 rc=0
   394	FREE hRoot=0xc1d0000c hParent=0x5c000002 hObject=0x5c000033 status=0x00000000 rc=0
   395	ESC nr=0x4f len=32 rc=0
   396	FREE hRoot=0xc1d0000c hParent=0x5c000002 hObject=0x5c000032 status=0x00000000 rc=0
   397	FREE hRoot=0xc1d0000c hParent=0x5c000037 hObject=0x5c000038 status=0x00000000 rc=0
   398	FREE hRoot=0xc1d0000c hParent=0x5c000037 hObject=0x5c000039 status=0x00000000 rc=0
   399	FREE hRoot=0xc1d0000c hParent=0x5c000002 hObject=0x5c000037 status=0x00000000 rc=0
   400	ESC nr=0x4f len=32 rc=0
   401	FREE hRoot=0xc1d0000c hParent=0x5c000002 hObject=0x5c000036 status=0x00000000 rc=0
   402	FREE hRoot=0xc1d0000c hParent=0x5c000012 hObject=0x5c000013 status=0x00000000 rc=0
   403	FREE hRoot=0xc1d0000c hParent=0x5c000002 hObject=0x5c000012 status=0x00000000 rc=0
   404	FREE hRoot=0xc1d0000c hParent=0x5c000003 hObject=0x5c000048 status=0x00000000 rc=0
   405	ESC nr=0xcf len=16 rc=0
   406	FREE hRoot=0xc1d0000c hParent=0x5c00003d hObject=0x5c00003e status=0x00000000 rc=0
   407	FREE hRoot=0xc1d0000c hParent=0x5c000002 hObject=0x5c00003d status=0x00000000 rc=0
   408	ESC nr=0x4f len=32 rc=0
   409	FREE hRoot=0xc1d0000c hParent=0x5c000002 hObject=0x5c00003c status=0x00000000 rc=0
   410	FREE hRoot=0xc1d0000c hParent=0x5c000040 hObject=0x5c000041 status=0x00000000 rc=0
   411	FREE hRoot=0xc1d0000c hParent=0x5c000002 hObject=0x5c000040 status=0x00000000 rc=0
   412	ESC nr=0x4f len=32 rc=0
   413	FREE hRoot=0xc1d0000c hParent=0x5c000002 hObject=0x5c00003f status=0x00000000 rc=0
   414	FREE hRoot=0xc1d0000c hParent=0x5c000043 hObject=0x5c000044 status=0x00000000 rc=0
   415	FREE hRoot=0xc1d0000c hParent=0x5c000002 hObject=0x5c000043 status=0x00000000 rc=0
   416	ESC nr=0x4f len=32 rc=0
   417	FREE hRoot=0xc1d0000c hParent=0x5c000002 hObject=0x5c000042 status=0x00000000 rc=0
   418	FREE hRoot=0xc1d0000c hParent=0x5c000046 hObject=0x5c000047 status=0x00000000 rc=0
   419	FREE hRoot=0xc1d0000c hParent=0x5c000002 hObject=0x5c000046 status=0x00000000 rc=0
   420	ESC nr=0x4f len=32 rc=0
   421	FREE hRoot=0xc1d0000c hParent=0x5c000002 hObject=0x5c000045 status=0x00000000 rc=0
   422	FREE hRoot=0xc1d0000c hParent=0x5c000002 hObject=0x5c00003b status=0x00000000 rc=0
   423	FREE hRoot=0xc1d0000c hParent=0x5c000003 hObject=0x5c000056 status=0x00000000 rc=0
   424	ESC nr=0xcf len=16 rc=0
   425	FREE hRoot=0xc1d0000c hParent=0x5c00004b hObject=0x5c00004c status=0x00000000 rc=0
   426	FREE hRoot=0xc1d0000c hParent=0x5c000002 hObject=0x5c00004b status=0x00000000 rc=0
   427	ESC nr=0x4f len=32 rc=0
   428	FREE hRoot=0xc1d0000c hParent=0x5c000002 hObject=0x5c00004a status=0x00000000 rc=0
   429	FREE hRoot=0xc1d0000c hParent=0x5c00004e hObject=0x5c00004f status=0x00000000 rc=0
   430	FREE hRoot=0xc1d0000c hParent=0x5c000002 hObject=0x5c00004e status=0x00000000 rc=0
   431	ESC nr=0x4f len=32 rc=0
   432	FREE hRoot=0xc1d0000c hParent=0x5c000002 hObject=0x5c00004d status=0x00000000 rc=0
   433	FREE hRoot=0xc1d0000c hParent=0x5c000051 hObject=0x5c000052 status=0x00000000 rc=0
   434	FREE hRoot=0xc1d0000c hParent=0x5c000002 hObject=0x5c000051 status=0x00000000 rc=0
   435	ESC nr=0x4f len=32 rc=0
   436	FREE hRoot=0xc1d0000c hParent=0x5c000002 hObject=0x5c000050 status=0x00000000 rc=0
   437	FREE hRoot=0xc1d0000c hParent=0x5c000054 hObject=0x5c000055 status=0x00000000 rc=0
   438	FREE hRoot=0xc1d0000c hParent=0x5c000002 hObject=0x5c000054 status=0x00000000 rc=0
   439	ESC nr=0x4f len=32 rc=0
   440	FREE hRoot=0xc1d0000c hParent=0x5c000002 hObject=0x5c000053 status=0x00000000 rc=0
   441	ESC nr=0x4f len=32 rc=0
   442	FREE hRoot=0xc1d0000c hParent=0x5c000002 hObject=0x5c000016 status=0x00000000 rc=0
   443	ESC nr=0x4f len=32 rc=0
   444	FREE hRoot=0xc1d0000c hParent=0x5c000002 hObject=0x5c000014 status=0x00000000 rc=0
   445	FREE hRoot=0xc1d0000c hParent=0x5c000002 hObject=0x5c000049 status=0x00000000 rc=0
   446	FREE hRoot=0xc1d0000c hParent=0x5c000002 hObject=0x5c00000b status=0x00000000 rc=0
   447	FREE hRoot=0xc1d0000c hParent=0x5c000002 hObject=0x5c00005f status=0x00000000 rc=0
   448	FREE hRoot=0xc1d0000c hParent=0x5c000002 hObject=0x5c000061 status=0x00000000 rc=0
   449	ESC nr=0x4f len=32 rc=0
   450	FREE hRoot=0xc1d0000c hParent=0x5c000002 hObject=0x5c000057 status=0x00000000 rc=0
   451	ESC nr=0x4f len=32 rc=0
   452	FREE hRoot=0xc1d0000c hParent=0x5c000002 hObject=0x5c00001c status=0x00000000 rc=0
   453	FREE hRoot=0xc1d0000c hParent=0x5c000002 hObject=0x5c000065 status=0x00000000 rc=0
   454	FREE hRoot=0xc1d0000c hParent=0x5c000002 hObject=0x5c000063 status=0x00000000 rc=0
   455	FREE hRoot=0xc1d0000c hParent=0x5c000002 hObject=0x5c00006a status=0x00000000 rc=0
   456	CTRL cmd=0x20800146 hClient=0xc1d0000c hObject=0x5c000003 size=0 status=0x00000000 rc=0 in=- out=-
=== rmtrace: the LAST 80 RM records (the tail is cuCtxCreate + teardown) ===
FREE hRoot=0xc1d0000c hParent=0x5c000027 hObject=0x5c000028 status=0x00000000 rc=0
FREE hRoot=0xc1d0000c hParent=0x5c000027 hObject=0x5c000029 status=0x00000000 rc=0
FREE hRoot=0xc1d0000c hParent=0x5c000002 hObject=0x5c000027 status=0x00000000 rc=0
ESC nr=0x4f len=32 rc=0
FREE hRoot=0xc1d0000c hParent=0x5c000002 hObject=0x5c000026 status=0x00000000 rc=0
FREE hRoot=0xc1d0000c hParent=0x5c00002b hObject=0x5c00002c status=0x00000000 rc=0
FREE hRoot=0xc1d0000c hParent=0x5c00002b hObject=0x5c00002d status=0x00000000 rc=0
FREE hRoot=0xc1d0000c hParent=0x5c000002 hObject=0x5c00002b status=0x00000000 rc=0
ESC nr=0x4f len=32 rc=0
FREE hRoot=0xc1d0000c hParent=0x5c000002 hObject=0x5c00002a status=0x00000000 rc=0
FREE hRoot=0xc1d0000c hParent=0x5c00002f hObject=0x5c000030 status=0x00000000 rc=0
FREE hRoot=0xc1d0000c hParent=0x5c00002f hObject=0x5c000031 status=0x00000000 rc=0
FREE hRoot=0xc1d0000c hParent=0x5c000002 hObject=0x5c00002f status=0x00000000 rc=0
ESC nr=0x4f len=32 rc=0
FREE hRoot=0xc1d0000c hParent=0x5c000002 hObject=0x5c00002e status=0x00000000 rc=0
FREE hRoot=0xc1d0000c hParent=0x5c000033 hObject=0x5c000034 status=0x00000000 rc=0
FREE hRoot=0xc1d0000c hParent=0x5c000033 hObject=0x5c000035 status=0x00000000 rc=0
FREE hRoot=0xc1d0000c hParent=0x5c000002 hObject=0x5c000033 status=0x00000000 rc=0
ESC nr=0x4f len=32 rc=0
FREE hRoot=0xc1d0000c hParent=0x5c000002 hObject=0x5c000032 status=0x00000000 rc=0
FREE hRoot=0xc1d0000c hParent=0x5c000037 hObject=0x5c000038 status=0x00000000 rc=0
FREE hRoot=0xc1d0000c hParent=0x5c000037 hObject=0x5c000039 status=0x00000000 rc=0
FREE hRoot=0xc1d0000c hParent=0x5c000002 hObject=0x5c000037 status=0x00000000 rc=0
ESC nr=0x4f len=32 rc=0
FREE hRoot=0xc1d0000c hParent=0x5c000002 hObject=0x5c000036 status=0x00000000 rc=0
FREE hRoot=0xc1d0000c hParent=0x5c000012 hObject=0x5c000013 status=0x00000000 rc=0
FREE hRoot=0xc1d0000c hParent=0x5c000002 hObject=0x5c000012 status=0x00000000 rc=0
FREE hRoot=0xc1d0000c hParent=0x5c000003 hObject=0x5c000048 status=0x00000000 rc=0
ESC nr=0xcf len=16 rc=0
FREE hRoot=0xc1d0000c hParent=0x5c00003d hObject=0x5c00003e status=0x00000000 rc=0
FREE hRoot=0xc1d0000c hParent=0x5c000002 hObject=0x5c00003d status=0x00000000 rc=0
ESC nr=0x4f len=32 rc=0
FREE hRoot=0xc1d0000c hParent=0x5c000002 hObject=0x5c00003c status=0x00000000 rc=0
FREE hRoot=0xc1d0000c hParent=0x5c000040 hObject=0x5c000041 status=0x00000000 rc=0
FREE hRoot=0xc1d0000c hParent=0x5c000002 hObject=0x5c000040 status=0x00000000 rc=0
ESC nr=0x4f len=32 rc=0
FREE hRoot=0xc1d0000c hParent=0x5c000002 hObject=0x5c00003f status=0x00000000 rc=0
FREE hRoot=0xc1d0000c hParent=0x5c000043 hObject=0x5c000044 status=0x00000000 rc=0
FREE hRoot=0xc1d0000c hParent=0x5c000002 hObject=0x5c000043 status=0x00000000 rc=0
ESC nr=0x4f len=32 rc=0
FREE hRoot=0xc1d0000c hParent=0x5c000002 hObject=0x5c000042 status=0x00000000 rc=0
FREE hRoot=0xc1d0000c hParent=0x5c000046 hObject=0x5c000047 status=0x00000000 rc=0
FREE hRoot=0xc1d0000c hParent=0x5c000002 hObject=0x5c000046 status=0x00000000 rc=0
ESC nr=0x4f len=32 rc=0
FREE hRoot=0xc1d0000c hParent=0x5c000002 hObject=0x5c000045 status=0x00000000 rc=0
FREE hRoot=0xc1d0000c hParent=0x5c000002 hObject=0x5c00003b status=0x00000000 rc=0
FREE hRoot=0xc1d0000c hParent=0x5c000003 hObject=0x5c000056 status=0x00000000 rc=0
ESC nr=0xcf len=16 rc=0
FREE hRoot=0xc1d0000c hParent=0x5c00004b hObject=0x5c00004c status=0x00000000 rc=0
FREE hRoot=0xc1d0000c hParent=0x5c000002 hObject=0x5c00004b status=0x00000000 rc=0
ESC nr=0x4f len=32 rc=0
FREE hRoot=0xc1d0000c hParent=0x5c000002 hObject=0x5c00004a status=0x00000000 rc=0
FREE hRoot=0xc1d0000c hParent=0x5c00004e hObject=0x5c00004f status=0x00000000 rc=0
FREE hRoot=0xc1d0000c hParent=0x5c000002 hObject=0x5c00004e status=0x00000000 rc=0
ESC nr=0x4f len=32 rc=0
FREE hRoot=0xc1d0000c hParent=0x5c000002 hObject=0x5c00004d status=0x00000000 rc=0
FREE hRoot=0xc1d0000c hParent=0x5c000051 hObject=0x5c000052 status=0x00000000 rc=0
FREE hRoot=0xc1d0000c hParent=0x5c000002 hObject=0x5c000051 status=0x00000000 rc=0
ESC nr=0x4f len=32 rc=0
FREE hRoot=0xc1d0000c hParent=0x5c000002 hObject=0x5c000050 status=0x00000000 rc=0
FREE hRoot=0xc1d0000c hParent=0x5c000054 hObject=0x5c000055 status=0x00000000 rc=0
FREE hRoot=0xc1d0000c hParent=0x5c000002 hObject=0x5c000054 status=0x00000000 rc=0
ESC nr=0x4f len=32 rc=0
FREE hRoot=0xc1d0000c hParent=0x5c000002 hObject=0x5c000053 status=0x00000000 rc=0
ESC nr=0x4f len=32 rc=0
FREE hRoot=0xc1d0000c hParent=0x5c000002 hObject=0x5c000016 status=0x00000000 rc=0
ESC nr=0x4f len=32 rc=0
FREE hRoot=0xc1d0000c hParent=0x5c000002 hObject=0x5c000014 status=0x00000000 rc=0
FREE hRoot=0xc1d0000c hParent=0x5c000002 hObject=0x5c000049 status=0x00000000 rc=0
FREE hRoot=0xc1d0000c hParent=0x5c000002 hObject=0x5c00000b status=0x00000000 rc=0
FREE hRoot=0xc1d0000c hParent=0x5c000002 hObject=0x5c00005f status=0x00000000 rc=0
FREE hRoot=0xc1d0000c hParent=0x5c000002 hObject=0x5c000061 status=0x00000000 rc=0
ESC nr=0x4f len=32 rc=0
FREE hRoot=0xc1d0000c hParent=0x5c000002 hObject=0x5c000057 status=0x00000000 rc=0
ESC nr=0x4f len=32 rc=0
FREE hRoot=0xc1d0000c hParent=0x5c000002 hObject=0x5c00001c status=0x00000000 rc=0
FREE hRoot=0xc1d0000c hParent=0x5c000002 hObject=0x5c000065 status=0x00000000 rc=0
FREE hRoot=0xc1d0000c hParent=0x5c000002 hObject=0x5c000063 status=0x00000000 rc=0
FREE hRoot=0xc1d0000c hParent=0x5c000002 hObject=0x5c00006a status=0x00000000 rc=0
CTRL cmd=0x20800146 hClient=0xc1d0000c hObject=0x5c000003 size=0 status=0x00000000 rc=0 in=- out=-
=== rmtrace: the LAST 40 UVM records ===
    OUT
      +00: 00 00 a0 54 c2 73 00 00 00 00 20 00 00 00 00 00
      +16: 00 00 00 00 00 00 00 00
  ★ UVM_FREE rmStatus = 0x00000000 (NV_OK)
UVM ioctl fd=12 cmd=0x00000022 nr=34 (UVM_FREE) arg=0x7ffc5ce5f480
    IN 
      +00: 00 00 80 54 c2 73 00 00 00 00 20 00 00 00 00 00
      +16: 00 00 00 00 00 00 00 00
  -> rc=0 errno=0
    OUT
      +00: 00 00 80 54 c2 73 00 00 00 00 20 00 00 00 00 00
      +16: 00 00 00 00 00 00 00 00
  ★ UVM_FREE rmStatus = 0x00000000 (NV_OK)
UVM ioctl fd=12 cmd=0x00000022 nr=34 (UVM_FREE) arg=0x7ffc5ce5f570
    IN 
      +00: 00 00 80 04 02 00 00 00 00 00 20 00 00 00 00 00
      +16: 00 00 00 00 00 00 00 00
  -> rc=0 errno=0
    OUT
      +00: 00 00 80 04 02 00 00 00 00 00 20 00 00 00 00 00
      +16: 00 00 00 00 00 00 00 00
  ★ UVM_FREE rmStatus = 0x00000000 (NV_OK)
UVM ioctl fd=12 cmd=0x00000022 nr=34 (UVM_FREE) arg=0x7ffc5ce5f480
    IN 
      +00: 00 00 e0 54 c2 73 00 00 00 00 20 00 00 00 00 00
      +16: 00 00 00 00 00 00 00 00
  -> rc=0 errno=0
    OUT
      +00: 00 00 e0 54 c2 73 00 00 00 00 20 00 00 00 00 00
      +16: 00 00 00 00 00 00 00 00
  ★ UVM_FREE rmStatus = 0x00000000 (NV_OK)
UVM ioctl fd=12 cmd=0x0000001a nr=26 (UVM_UNREGISTER_GPU_VASPACE) arg=0x7ffc5ce5f920
    IN 
      +00: 78 b3 52 c7 1c cd 7a 86 d2 82 49 48 4c 82 7f 27
      +16: 00 00 00 00
  -> rc=0 errno=0
    OUT
      +00: 78 b3 52 c7 1c cd 7a 86 d2 82 49 48 4c 82 7f 27
      +16: 00 00 00 00
  ★ UVM_UNREGISTER_GPU_VASPACE rmStatus = 0x00000000 (NV_OK)
=== rmtrace: census (⊘ A REDUCTION — printed beside the stream, never instead of it) ===
-- RM records by escape:
    182 CTRL
     98 ALLOC
     93 FREE
     83 ESC
-- CTRL by (cmd,status), count desc:
     25 cmd=0x00000d01 status=0x00000000
     24 cmd=0x906f0101 status=0x00000000
     20 cmd=0x20801702 status=0x00000056
     16 cmd=0xc36f0108 status=0x00000000
     16 cmd=0x0080170d status=0x00000000
      8 cmd=0x20801218 status=0x00000000
      5 cmd=0x20801303 status=0x00000000
      3 cmd=0xa06c0101 status=0x00000000
      3 cmd=0x2080122b status=0x00000000
      3 cmd=0x00000202 status=0x00000000
      2 cmd=0x20803601 status=0x00000000
      2 cmd=0x20801823 status=0x00000000
      2 cmd=0x2080014a status=0x00000000
      2 cmd=0x20800110 status=0x00000000
      2 cmd=0x00000d04 status=0x00000000
      2 cmd=0x00000205 status=0x00000000
      2 cmd=0x00000201 status=0x00000000
      1 cmd=0xcb330101 status=0x00000000
      1 cmd=0xa06c0105 status=0x00000056
      1 cmd=0xa06c0103 status=0x00000056
      1 cmd=0x83de0309 status=0x00000056
      1 cmd=0x20810108 status=0x00000056
      1 cmd=0x20808162 status=0x00000000
      1 cmd=0x20808159 status=0x00000000
      1 cmd=0x20803801 status=0x00000000
      1 cmd=0x20803002 status=0x00000000
      1 cmd=0x20802a0a status=0x00000000
      1 cmd=0x20802210 status=0x00000000
      1 cmd=0x2080220c status=0x00000000
      1 cmd=0x2080200a status=0x00000056
      1 cmd=0x2080182b status=0x00000000
      1 cmd=0x2080182a status=0x00000000
      1 cmd=0x20801803 status=0x00000000
      1 cmd=0x20801801 status=0x00000000
      1 cmd=0x20801701 status=0x00000000
      1 cmd=0x2080122a status=0x00000000
      1 cmd=0x20801227 status=0x00000000
      1 cmd=0x2080121b status=0x00000000
      1 cmd=0x20801210 status=0x00000000
      1 cmd=0x20801201 status=0x00000000
      1 cmd=0x20800170 status=0x00000000
      1 cmd=0x20800146 status=0x00000000
      1 cmd=0x20800145 status=0x00000000
      1 cmd=0x20800131 status=0x00000000
      1 cmd=0x2080012f status=0x00000056
      1 cmd=0x20800119 status=0x00000000
      1 cmd=0x20800111 status=0x00000000
      1 cmd=0x20800102 status=0x00000000
      1 cmd=0x00801402 status=0x00000000
      1 cmd=0x00801307 status=0x00000000
      1 cmd=0x00800292 status=0x00000000
      1 cmd=0x00800289 status=0x00000000
      1 cmd=0x00800280 status=0x00000000
      1 cmd=0x00000a04 status=0x00000000
      1 cmd=0x00000288 status=0x00000000
      1 cmd=0x0000027b status=0x00000000
      1 cmd=0x00000215 status=0x00000000
      1 cmd=0x00000214 status=0x00000000
      1 cmd=0x000001f0 status=0x00000000
      1 cmd=0x0000013a status=0x00000000
-- ALLOC by (hClass,status), count desc:
     22 hClass=0x0000003e status=0x00000000
     16 hClass=0x0000c7b5 status=0x00000000
     16 hClass=0x0000c56f status=0x00000000
     13 hClass=0x00000040 status=0x00000000
      8 hClass=0x0000c7c0 status=0x00000000
      7 hClass=0x00000079 status=0x00000000
      3 hClass=0x0000a06c status=0x00000000
      2 hClass=0x000090f1 status=0x00000000
      2 hClass=0x00000000 status=0x00000000
      1 hClass=0x0000cb33 status=0x00000000
      1 hClass=0x0000c461 status=0x00000000
      1 hClass=0x00009067 status=0x00000000
      1 hClass=0x000083de status=0x00000000
      1 hClass=0x000050a0 status=0x00000000
      1 hClass=0x00002081 status=0x00000000
      1 hClass=0x00002080 status=0x00000000
      1 hClass=0x000000de status=0x00000000
      1 hClass=0x00000080 status=0x00000000
=== rmtrace: guest dmesg delta (full, not tail -40 — a cap is how a wall goes unseen) ===
[   68.671343] NVRM: subdeviceCtrlCmdMcServiceInterrupts_IMPL: NVRM_RPC: NV2080_CTRL_CMD_MC_SERVICE_INTERRUPTS failed with error 0x56
[   69.673351] NVRM: subdeviceCtrlCmdMcServiceInterrupts_IMPL: NVRM_RPC: NV2080_CTRL_CMD_MC_SERVICE_INTERRUPTS failed with error 0x56
[   69.680605] NVRM: rpcRmApiAlloc_GSP: GspRmAlloc failed: hClient=0xc1d0000c; hParent=0x5c000002; hObject=0x5c000072; hClass=0x000083de; paramsSize=0x0000000c; paramsStatus=0x00000000; status=0x00000056
[   70.699313] NVRM: subdeviceCtrlCmdMcServiceInterrupts_IMPL: NVRM_RPC: NV2080_CTRL_CMD_MC_SERVICE_INTERRUPTS failed with error 0x56
[   71.735863] NVRM: subdeviceCtrlCmdMcServiceInterrupts_IMPL: NVRM_RPC: NV2080_CTRL_CMD_MC_SERVICE_INTERRUPTS failed with error 0x56
[   72.738634] NVRM: subdeviceCtrlCmdMcServiceInterrupts_IMPL: NVRM_RPC: NV2080_CTRL_CMD_MC_SERVICE_INTERRUPTS failed with error 0x56
[   72.741511] NVRM: rpcRmApiAlloc_GSP: GspRmAlloc failed: hClient=0xc1d0000c; hParent=0x5c00001a; hObject=0x5c000079; hClass=0x00000079; paramsSize=0x00000018; paramsStatus=0x00000000; status=0x00000056
[   72.743006] NVRM: rpcRmApiAlloc_GSP: GspRmAlloc failed: hClient=0xc1d0000c; hParent=0x5c00001a; hObject=0x5c00007a; hClass=0x00000079; paramsSize=0x00000018; paramsStatus=0x00000000; status=0x00000056
[   72.744593] NVRM: rpcRmApiAlloc_GSP: GspRmAlloc failed: hClient=0xc1d0000c; hParent=0x5c00001a; hObject=0x5c00007b; hClass=0x00000079; paramsSize=0x00000018; paramsStatus=0x00000000; status=0x00000056
[   72.745912] NVRM: rpcRmApiAlloc_GSP: GspRmAlloc failed: hClient=0xc1d0000c; hParent=0x5c00001a; hObject=0x5c00007c; hClass=0x00000079; paramsSize=0x00000018; paramsStatus=0x00000000; status=0x00000056
[   73.747567] NVRM: subdeviceCtrlCmdMcServiceInterrupts_IMPL: NVRM_RPC: NV2080_CTRL_CMD_MC_SERVICE_INTERRUPTS failed with error 0x56
[   74.753790] NVRM: subdeviceCtrlCmdMcServiceInterrupts_IMPL: NVRM_RPC: NV2080_CTRL_CMD_MC_SERVICE_INTERRUPTS failed with error 0x56
[   74.761923] NVRM: rpcRmApiFree_GSP: GspRmFree failed: hClient=0xc1d0000c; hObject=0x5c00007a; paramsStatus=0x00000000; status=0x00000056
[   74.762826] NVRM: rpcRmApiFree_GSP: GspRmFree failed: hClient=0xc1d0000c; hObject=0x5c00007b; paramsStatus=0x00000000; status=0x00000056
[   74.763867] NVRM: rpcRmApiFree_GSP: GspRmFree failed: hClient=0xc1d0000c; hObject=0x5c000079; paramsStatus=0x00000000; status=0x00000056
[   74.765030] NVRM: rpcRmApiFree_GSP: GspRmFree failed: hClient=0xc1d0000c; hObject=0x5c00007c; paramsStatus=0x00000000; status=0x00000056
[   74.940331] NVRM: rpcRmApiFree_GSP: GspRmFree failed: hClient=0xc1d0000c; hObject=0x5c000072; paramsStatus=0x00000000; status=0x00000056
[   74.940340] NVRM: nvAssertFailedNoLog: Assertion failed: (status == NV_OK) || (status == NV_ERR_GPU_IN_FULLCHIP_RESET) @ rs_client.c:844
[   74.940440] NVRM: nvAssertFailedNoLog: Assertion failed: (status == NV_OK) || (status == NV_ERR_GPU_IN_FULLCHIP_RESET) @ rs_server.c:259
[   75.951023] NVRM: subdeviceCtrlCmdMcServiceInterrupts_IMPL: NVRM_RPC: NV2080_CTRL_CMD_MC_SERVICE_INTERRUPTS failed with error 0x56
[   76.060811] NVRM: rpcRmApiFree_GSP: GspRmFree failed: hClient=0xc1d0000c; hObject=0x5c00003a; paramsStatus=0x00000000; status=0x00000056
[   76.061597] NVRM: nvAssertOkFailedNoLog: Assertion failed: Call not supported [NV_ERR_NOT_SUPPORTED] (0x00000056) returned from pRmApi->Control(pRmApi, RES_GET_CLIENT_HANDLE(pKernelChannel), RES_GET_HANDLE(pKernelChannel), NVA06F_CTRL_CMD_STOP_CHANNEL, &stopChannelParams, sizeof(stopChannelParams)) @ nv_gpu_ops.c:10957
[   76.061798] NVRM: nvAssertOkFailedNoLog: Assertion failed: Call not supported [NV_ERR_NOT_SUPPORTED] (0x00000056) returned from pRmApi->Control(pRmApi, retainedChannel->session->handle, retainedChannel->rmSubDevice->subDeviceHandle, NV2080_CTRL_CMD_GPU_EVICT_CTX, &params, sizeof(params)) @ nv_gpu_ops.c:10977
[   76.063584] NVRM: rpcRmApiFree_GSP: GspRmFree failed: hClient=0xc1d0000a; hObject=0xcaf00041; paramsStatus=0x00000000; status=0x00000056
[   76.063590] NVRM: nvAssertFailedNoLog: Assertion failed: (status == NV_OK) || (status == NV_ERR_GPU_IN_FULLCHIP_RESET) @ rs_client.c:844
[   76.063725] NVRM: nvAssertFailedNoLog: Assertion failed: (status == NV_OK) || (status == NV_ERR_GPU_IN_FULLCHIP_RESET) @ rs_server.c:259
[   76.063784] NVRM: nvAssertFailedNoLog: Assertion failed: status == NV_OK @ nv_gpu_ops.c:10328
[   76.065109] NVRM: nvAssertOkFailedNoLog: Assertion failed: Call not supported [NV_ERR_NOT_SUPPORTED] (0x00000056) returned from pRmApi->Control(pRmApi, RES_GET_CLIENT_HANDLE(pKernelChannel), RES_GET_HANDLE(pKernelChannel), NVA06F_CTRL_CMD_STOP_CHANNEL, &stopChannelParams, sizeof(stopChannelParams)) @ nv_gpu_ops.c:10957
[   76.065410] NVRM: nvAssertOkFailedNoLog: Assertion failed: Call not supported [NV_ERR_NOT_SUPPORTED] (0x00000056) returned from pRmApi->Control(pRmApi, retainedChannel->session->handle, retainedChannel->rmSubDevice->subDeviceHandle, NV2080_CTRL_CMD_GPU_EVICT_CTX, &params, sizeof(params)) @ nv_gpu_ops.c:10977
[   76.067230] NVRM: rpcRmApiFree_GSP: GspRmFree failed: hClient=0xc1d0000a; hObject=0xcaf00045; paramsStatus=0x00000000; status=0x00000056
[   76.067235] NVRM: nvAssertFailedNoLog: Assertion failed: (status == NV_OK) || (status == NV_ERR_GPU_IN_FULLCHIP_RESET) @ rs_client.c:844
[   76.067302] NVRM: nvAssertFailedNoLog: Assertion failed: (status == NV_OK) || (status == NV_ERR_GPU_IN_FULLCHIP_RESET) @ rs_server.c:259
[   76.067364] NVRM: nvAssertFailedNoLog: Assertion failed: status == NV_OK @ nv_gpu_ops.c:10328
[   76.068669] NVRM: nvAssertOkFailedNoLog: Assertion failed: Call not supported [NV_ERR_NOT_SUPPORTED] (0x00000056) returned from pRmApi->Control(pRmApi, RES_GET_CLIENT_HANDLE(pKernelChannel), RES_GET_HANDLE(pKernelChannel), NVA06F_CTRL_CMD_STOP_CHANNEL, &stopChannelParams, sizeof(stopChannelParams)) @ nv_gpu_ops.c:10957
[   76.068864] NVRM: nvAssertOkFailedNoLog: Assertion failed: Call not supported [NV_ERR_NOT_SUPPORTED] (0x00000056) returned from pRmApi->Control(pRmApi, retainedChannel->session->handle, retainedChannel->rmSubDevice->subDeviceHandle, NV2080_CTRL_CMD_GPU_EVICT_CTX, &params, sizeof(params)) @ nv_gpu_ops.c:10977
[   76.070880] NVRM: rpcRmApiFree_GSP: GspRmFree failed: hClient=0xc1d0000a; hObject=0xcaf00049; paramsStatus=0x00000000; status=0x00000056
[   76.070885] NVRM: nvAssertFailedNoLog: Assertion failed: (status == NV_OK) || (status == NV_ERR_GPU_IN_FULLCHIP_RESET) @ rs_client.c:844
[   76.070947] NVRM: nvAssertFailedNoLog: Assertion failed: (status == NV_OK) || (status == NV_ERR_GPU_IN_FULLCHIP_RESET) @ rs_server.c:259
[   76.071005] NVRM: nvAssertFailedNoLog: Assertion failed: status == NV_OK @ nv_gpu_ops.c:10328
[   76.072364] NVRM: nvAssertOkFailedNoLog: Assertion failed: Call not supported [NV_ERR_NOT_SUPPORTED] (0x00000056) returned from pRmApi->Control(pRmApi, RES_GET_CLIENT_HANDLE(pKernelChannel), RES_GET_HANDLE(pKernelChannel), NVA06F_CTRL_CMD_STOP_CHANNEL, &stopChannelParams, sizeof(stopChannelParams)) @ nv_gpu_ops.c:10957
[   76.072573] NVRM: nvAssertOkFailedNoLog: Assertion failed: Call not supported [NV_ERR_NOT_SUPPORTED] (0x00000056) returned from pRmApi->Control(pRmApi, retainedChannel->session->handle, retainedChannel->rmSubDevice->subDeviceHandle, NV2080_CTRL_CMD_GPU_EVICT_CTX, &params, sizeof(params)) @ nv_gpu_ops.c:10977
[   76.074344] NVRM: rpcRmApiFree_GSP: GspRmFree failed: hClient=0xc1d0000a; hObject=0xcaf0004d; paramsStatus=0x00000000; status=0x00000056
[   76.074349] NVRM: nvAssertFailedNoLog: Assertion failed: (status == NV_OK) || (status == NV_ERR_GPU_IN_FULLCHIP_RESET) @ rs_client.c:844
[   76.074425] NVRM: nvAssertFailedNoLog: Assertion failed: (status == NV_OK) || (status == NV_ERR_GPU_IN_FULLCHIP_RESET) @ rs_server.c:259
[   76.074483] NVRM: nvAssertFailedNoLog: Assertion failed: status == NV_OK @ nv_gpu_ops.c:10328
[   76.075861] NVRM: nvAssertOkFailedNoLog: Assertion failed: Call not supported [NV_ERR_NOT_SUPPORTED] (0x00000056) returned from pRmApi->Control(pRmApi, RES_GET_CLIENT_HANDLE(pKernelChannel), RES_GET_HANDLE(pKernelChannel), NVA06F_CTRL_CMD_STOP_CHANNEL, &stopChannelParams, sizeof(stopChannelParams)) @ nv_gpu_ops.c:10957
[   76.076066] NVRM: nvAssertOkFailedNoLog: Assertion failed: Call not supported [NV_ERR_NOT_SUPPORTED] (0x00000056) returned from pRmApi->Control(pRmApi, retainedChannel->session->handle, retainedChannel->rmSubDevice->subDeviceHandle, NV2080_CTRL_CMD_GPU_EVICT_CTX, &params, sizeof(params)) @ nv_gpu_ops.c:10977
[   76.077823] NVRM: rpcRmApiFree_GSP: GspRmFree failed: hClient=0xc1d0000a; hObject=0xcaf00051; paramsStatus=0x00000000; status=0x00000056
[   76.077828] NVRM: nvAssertFailedNoLog: Assertion failed: (status == NV_OK) || (status == NV_ERR_GPU_IN_FULLCHIP_RESET) @ rs_client.c:844
[   76.077891] NVRM: nvAssertFailedNoLog: Assertion failed: (status == NV_OK) || (status == NV_ERR_GPU_IN_FULLCHIP_RESET) @ rs_server.c:259
[   76.077949] NVRM: nvAssertFailedNoLog: Assertion failed: status == NV_OK @ nv_gpu_ops.c:10328
[   76.079284] NVRM: nvAssertOkFailedNoLog: Assertion failed: Call not supported [NV_ERR_NOT_SUPPORTED] (0x00000056) returned from pRmApi->Control(pRmApi, RES_GET_CLIENT_HANDLE(pKernelChannel), RES_GET_HANDLE(pKernelChannel), NVA06F_CTRL_CMD_STOP_CHANNEL, &stopChannelParams, sizeof(stopChannelParams)) @ nv_gpu_ops.c:10957
[   76.079511] NVRM: nvAssertOkFailedNoLog: Assertion failed: Call not supported [NV_ERR_NOT_SUPPORTED] (0x00000056) returned from pRmApi->Control(pRmApi, retainedChannel->session->handle, retainedChannel->rmSubDevice->subDeviceHandle, NV2080_CTRL_CMD_GPU_EVICT_CTX, &params, sizeof(params)) @ nv_gpu_ops.c:10977
[   76.081296] NVRM: rpcRmApiFree_GSP: GspRmFree failed: hClient=0xc1d0000a; hObject=0xcaf00055; paramsStatus=0x00000000; status=0x00000056
[   76.081301] NVRM: nvAssertFailedNoLog: Assertion failed: (status == NV_OK) || (status == NV_ERR_GPU_IN_FULLCHIP_RESET) @ rs_client.c:844
[   76.081363] NVRM: nvAssertFailedNoLog: Assertion failed: (status == NV_OK) || (status == NV_ERR_GPU_IN_FULLCHIP_RESET) @ rs_server.c:259
[   76.081436] NVRM: nvAssertFailedNoLog: Assertion failed: status == NV_OK @ nv_gpu_ops.c:10328
[   76.082703] NVRM: nvAssertOkFailedNoLog: Assertion failed: Call not supported [NV_ERR_NOT_SUPPORTED] (0x00000056) returned from pRmApi->Control(pRmApi, RES_GET_CLIENT_HANDLE(pKernelChannel), RES_GET_HANDLE(pKernelChannel), NVA06F_CTRL_CMD_STOP_CHANNEL, &stopChannelParams, sizeof(stopChannelParams)) @ nv_gpu_ops.c:10957
[   76.082898] NVRM: nvAssertOkFailedNoLog: Assertion failed: Call not supported [NV_ERR_NOT_SUPPORTED] (0x00000056) returned from pRmApi->Control(pRmApi, retainedChannel->session->handle, retainedChannel->rmSubDevice->subDeviceHandle, NV2080_CTRL_CMD_GPU_EVICT_CTX, &params, sizeof(params)) @ nv_gpu_ops.c:10977
[   76.084655] NVRM: rpcRmApiFree_GSP: GspRmFree failed: hClient=0xc1d0000a; hObject=0xcaf00059; paramsStatus=0x00000000; status=0x00000056
[   76.084660] NVRM: nvAssertFailedNoLog: Assertion failed: (status == NV_OK) || (status == NV_ERR_GPU_IN_FULLCHIP_RESET) @ rs_client.c:844
[   76.084741] NVRM: nvAssertFailedNoLog: Assertion failed: (status == NV_OK) || (status == NV_ERR_GPU_IN_FULLCHIP_RESET) @ rs_server.c:259
[   76.084801] NVRM: nvAssertFailedNoLog: Assertion failed: status == NV_OK @ nv_gpu_ops.c:10328
[   76.086426] NVRM: nvAssertOkFailedNoLog: Assertion failed: Call not supported [NV_ERR_NOT_SUPPORTED] (0x00000056) returned from pRmApi->Control(pRmApi, RES_GET_CLIENT_HANDLE(pKernelChannel), RES_GET_HANDLE(pKernelChannel), NVA06F_CTRL_CMD_STOP_CHANNEL, &stopChannelParams, sizeof(stopChannelParams)) @ nv_gpu_ops.c:10957
[   76.086622] NVRM: nvAssertOkFailedNoLog: Assertion failed: Call not supported [NV_ERR_NOT_SUPPORTED] (0x00000056) returned from pRmApi->Control(pRmApi, retainedChannel->session->handle, retainedChannel->rmSubDevice->subDeviceHandle, NV2080_CTRL_CMD_GPU_EVICT_CTX, &params, sizeof(params)) @ nv_gpu_ops.c:10977
[   76.096752] NVRM: rpcRmApiFree_GSP: GspRmFree failed: hClient=0xc1d0000a; hObject=0xcaf0005d; paramsStatus=0x00000000; status=0x00000056
[   76.096756] NVRM: nvAssertFailedNoLog: Assertion failed: (status == NV_OK) || (status == NV_ERR_GPU_IN_FULLCHIP_RESET) @ rs_client.c:844
[   76.096819] NVRM: nvAssertFailedNoLog: Assertion failed: (status == NV_OK) || (status == NV_ERR_GPU_IN_FULLCHIP_RESET) @ rs_server.c:259
[   76.096877] NVRM: nvAssertFailedNoLog: Assertion failed: status == NV_OK @ nv_gpu_ops.c:10328
[   76.200964] NVRM: rpcRmApiFree_GSP: GspRmFree failed: hClient=0xc1d0000c; hObject=0x5c000048; paramsStatus=0x00000000; status=0x00000056
[   76.201826] NVRM: nvAssertOkFailedNoLog: Assertion failed: Call not supported [NV_ERR_NOT_SUPPORTED] (0x00000056) returned from pRmApi->Control(pRmApi, RES_GET_CLIENT_HANDLE(pKernelChannel), RES_GET_HANDLE(pKernelChannel), NVA06F_CTRL_CMD_STOP_CHANNEL, &stopChannelParams, sizeof(stopChannelParams)) @ nv_gpu_ops.c:10957
[   76.203652] NVRM: rpcRmApiFree_GSP: GspRmFree failed: hClient=0xc1d0000a; hObject=0xcaf00062; paramsStatus=0x00000000; status=0x00000056
[   76.203657] NVRM: nvAssertFailedNoLog: Assertion failed: (status == NV_OK) || (status == NV_ERR_GPU_IN_FULLCHIP_RESET) @ rs_client.c:844
[   76.203720] NVRM: nvAssertFailedNoLog: Assertion failed: (status == NV_OK) || (status == NV_ERR_GPU_IN_FULLCHIP_RESET) @ rs_server.c:259
[   76.203779] NVRM: nvAssertFailedNoLog: Assertion failed: status == NV_OK @ nv_gpu_ops.c:10328
[   76.204854] NVRM: nvAssertOkFailedNoLog: Assertion failed: Call not supported [NV_ERR_NOT_SUPPORTED] (0x00000056) returned from pRmApi->Control(pRmApi, RES_GET_CLIENT_HANDLE(pKernelChannel), RES_GET_HANDLE(pKernelChannel), NVA06F_CTRL_CMD_STOP_CHANNEL, &stopChannelParams, sizeof(stopChannelParams)) @ nv_gpu_ops.c:10957
[   76.206627] NVRM: rpcRmApiFree_GSP: GspRmFree failed: hClient=0xc1d0000a; hObject=0xcaf00067; paramsStatus=0x00000000; status=0x00000056
[   76.206632] NVRM: nvAssertFailedNoLog: Assertion failed: (status == NV_OK) || (status == NV_ERR_GPU_IN_FULLCHIP_RESET) @ rs_client.c:844
[   76.206693] NVRM: nvAssertFailedNoLog: Assertion failed: (status == NV_OK) || (status == NV_ERR_GPU_IN_FULLCHIP_RESET) @ rs_server.c:259
[   76.206751] NVRM: nvAssertFailedNoLog: Assertion failed: status == NV_OK @ nv_gpu_ops.c:10328
[   76.207818] NVRM: nvAssertOkFailedNoLog: Assertion failed: Call not supported [NV_ERR_NOT_SUPPORTED] (0x00000056) returned from pRmApi->Control(pRmApi, RES_GET_CLIENT_HANDLE(pKernelChannel), RES_GET_HANDLE(pKernelChannel), NVA06F_CTRL_CMD_STOP_CHANNEL, &stopChannelParams, sizeof(stopChannelParams)) @ nv_gpu_ops.c:10957
[   76.209618] NVRM: rpcRmApiFree_GSP: GspRmFree failed: hClient=0xc1d0000a; hObject=0xcaf0006c; paramsStatus=0x00000000; status=0x00000056
[   76.209623] NVRM: nvAssertFailedNoLog: Assertion failed: (status == NV_OK) || (status == NV_ERR_GPU_IN_FULLCHIP_RESET) @ rs_client.c:844
[   76.209684] NVRM: nvAssertFailedNoLog: Assertion failed: (status == NV_OK) || (status == NV_ERR_GPU_IN_FULLCHIP_RESET) @ rs_server.c:259
[   76.209743] NVRM: nvAssertFailedNoLog: Assertion failed: status == NV_OK @ nv_gpu_ops.c:10328
[   76.210857] NVRM: nvAssertOkFailedNoLog: Assertion failed: Call not supported [NV_ERR_NOT_SUPPORTED] (0x00000056) returned from pRmApi->Control(pRmApi, RES_GET_CLIENT_HANDLE(pKernelChannel), RES_GET_HANDLE(pKernelChannel), NVA06F_CTRL_CMD_STOP_CHANNEL, &stopChannelParams, sizeof(stopChannelParams)) @ nv_gpu_ops.c:10957
[   76.212701] NVRM: rpcRmApiFree_GSP: GspRmFree failed: hClient=0xc1d0000a; hObject=0xcaf00071; paramsStatus=0x00000000; status=0x00000056
[   76.212705] NVRM: nvAssertFailedNoLog: Assertion failed: (status == NV_OK) || (status == NV_ERR_GPU_IN_FULLCHIP_RESET) @ rs_client.c:844
[   76.212767] NVRM: nvAssertFailedNoLog: Assertion failed: (status == NV_OK) || (status == NV_ERR_GPU_IN_FULLCHIP_RESET) @ rs_server.c:259
[   76.212825] NVRM: nvAssertFailedNoLog: Assertion failed: status == NV_OK @ nv_gpu_ops.c:10328
[   76.232919] NVRM: rpcRmApiFree_GSP: GspRmFree failed: hClient=0xc1d0000c; hObject=0x5c000056; paramsStatus=0x00000000; status=0x00000056
[   76.233666] NVRM: nvAssertOkFailedNoLog: Assertion failed: Call not supported [NV_ERR_NOT_SUPPORTED] (0x00000056) returned from pRmApi->Control(pRmApi, RES_GET_CLIENT_HANDLE(pKernelChannel), RES_GET_HANDLE(pKernelChannel), NVA06F_CTRL_CMD_STOP_CHANNEL, &stopChannelParams, sizeof(stopChannelParams)) @ nv_gpu_ops.c:10957
[   76.235602] NVRM: rpcRmApiFree_GSP: GspRmFree failed: hClient=0xc1d0000a; hObject=0xcaf00076; paramsStatus=0x00000000; status=0x00000056
[   76.235607] NVRM: nvAssertFailedNoLog: Assertion failed: (status == NV_OK) || (status == NV_ERR_GPU_IN_FULLCHIP_RESET) @ rs_client.c:844
[   76.235694] NVRM: nvAssertFailedNoLog: Assertion failed: (status == NV_OK) || (status == NV_ERR_GPU_IN_FULLCHIP_RESET) @ rs_server.c:259
[   76.235753] NVRM: nvAssertFailedNoLog: Assertion failed: status == NV_OK @ nv_gpu_ops.c:10328
[   76.236868] NVRM: nvAssertOkFailedNoLog: Assertion failed: Call not supported [NV_ERR_NOT_SUPPORTED] (0x00000056) returned from pRmApi->Control(pRmApi, RES_GET_CLIENT_HANDLE(pKernelChannel), RES_GET_HANDLE(pKernelChannel), NVA06F_CTRL_CMD_STOP_CHANNEL, &stopChannelParams, sizeof(stopChannelParams)) @ nv_gpu_ops.c:10957
[   76.238678] NVRM: rpcRmApiFree_GSP: GspRmFree failed: hClient=0xc1d0000a; hObject=0xcaf0007b; paramsStatus=0x00000000; status=0x00000056
[   76.238683] NVRM: nvAssertFailedNoLog: Assertion failed: (status == NV_OK) || (status == NV_ERR_GPU_IN_FULLCHIP_RESET) @ rs_client.c:844
[   76.238746] NVRM: nvAssertFailedNoLog: Assertion failed: (status == NV_OK) || (status == NV_ERR_GPU_IN_FULLCHIP_RESET) @ rs_server.c:259
[   76.238804] NVRM: nvAssertFailedNoLog: Assertion failed: status == NV_OK @ nv_gpu_ops.c:10328
[   76.239877] NVRM: nvAssertOkFailedNoLog: Assertion failed: Call not supported [NV_ERR_NOT_SUPPORTED] (0x00000056) returned from pRmApi->Control(pRmApi, RES_GET_CLIENT_HANDLE(pKernelChannel), RES_GET_HANDLE(pKernelChannel), NVA06F_CTRL_CMD_STOP_CHANNEL, &stopChannelParams, sizeof(stopChannelParams)) @ nv_gpu_ops.c:10957
[   76.241676] NVRM: rpcRmApiFree_GSP: GspRmFree failed: hClient=0xc1d0000a; hObject=0xcaf00080; paramsStatus=0x00000000; status=0x00000056
[   76.241681] NVRM: nvAssertFailedNoLog: Assertion failed: (status == NV_OK) || (status == NV_ERR_GPU_IN_FULLCHIP_RESET) @ rs_client.c:844
[   76.241742] NVRM: nvAssertFailedNoLog: Assertion failed: (status == NV_OK) || (status == NV_ERR_GPU_IN_FULLCHIP_RESET) @ rs_server.c:259
[   76.241800] NVRM: nvAssertFailedNoLog: Assertion failed: status == NV_OK @ nv_gpu_ops.c:10328
[   76.242838] NVRM: nvAssertOkFailedNoLog: Assertion failed: Call not supported [NV_ERR_NOT_SUPPORTED] (0x00000056) returned from pRmApi->Control(pRmApi, RES_GET_CLIENT_HANDLE(pKernelChannel), RES_GET_HANDLE(pKernelChannel), NVA06F_CTRL_CMD_STOP_CHANNEL, &stopChannelParams, sizeof(stopChannelParams)) @ nv_gpu_ops.c:10957
[   76.244634] NVRM: rpcRmApiFree_GSP: GspRmFree failed: hClient=0xc1d0000a; hObject=0xcaf00085; paramsStatus=0x00000000; status=0x00000056
[   76.244640] NVRM: nvAssertFailedNoLog: Assertion failed: (status == NV_OK) || (status == NV_ERR_GPU_IN_FULLCHIP_RESET) @ rs_client.c:844
[   76.244702] NVRM: nvAssertFailedNoLog: Assertion failed: (status == NV_OK) || (status == NV_ERR_GPU_IN_FULLCHIP_RESET) @ rs_server.c:259
[   76.244760] NVRM: nvAssertFailedNoLog: Assertion failed: status == NV_OK @ nv_gpu_ops.c:10328
[   76.607820] NVRM: kgmmuClientShadowFaultBufferUnregister_IMPL: Unregistering non-replayable fault buffer failed (status=0x00000056), proceeding...
[   76.609495] NVRM: kgmmuFaultBufferReplayableDestroy_IMPL: Unregistering Replayable Fault buffer failed (status=0x00000056), proceeding...
[   76.611039] NVRM: uvmTerminateAccessCntrBuffer_IMPL: Unloading UVM Access counters failed (status=0x00000056), proceeding...
[   78.085610] NVRM: rpcRmApiFree_GSP: GspRmFree failed: hClient=0xc1d00014; hObject=0xcaf00002; paramsStatus=0x00000000; status=0x00000056
[   78.085631] NVRM: nvAssertFailedNoLog: Assertion failed: (status == NV_OK) || (status == NV_ERR_GPU_IN_FULLCHIP_RESET) @ rs_client.c:844
[   78.085799] NVRM: nvAssertFailedNoLog: Assertion failed: (status == NV_OK) || (status == NV_ERR_GPU_IN_FULLCHIP_RESET) @ rs_server.c:259
[   78.085965] NVRM: nvAssertFailedNoLog: Assertion failed: (status == NV_OK) || (status == NV_ERR_GPU_IN_FULLCHIP_RESET) @ rs_server.c:1375
[   78.090478] NVRM: nvAssertFailedNoLog: Assertion failed: (status == NV_OK) || (status == NV_ERR_GPU_IN_FULLCHIP_RESET) @ fecs_event_list.c:1623
[   79.271086] NVRM: nvCheckOkFailedNoLog: Check failed: Call not supported [NV_ERR_NOT_SUPPORTED] (0x00000056) returned from pRmApi->Control(pRmApi, pGpu->hInternalClient, pGpu->hInternalSubdevice, NV2080_CTRL_CMD_INTERNAL_INIT_USER_SHARED_DATA, &params, sizeof(params)) @ gpu_user_shared_data.c:213
HOOK_RC=0
