[   29.617938] nvidia-nvlink: Nvlink Core is being initialized, major device number 239

[   29.634698] nvidia 0000:00:03.0: vgaarb: VGA decodes changed: olddecodes=none,decodes=none:owns=io+mem
[   29.641761] NVRM: loading NVIDIA UNIX Open Kernel Module for x86_64  580.159.04  Release Build  (dvs-builder@U22-I3-AF04-09-6)  Wed Apr 29 17:15:53 UTC 2026
[   31.304893] NVRM: nvAssertOkFailedNoLog: Assertion failed: Call not supported [NV_ERR_NOT_SUPPORTED] (0x00000056) returned from pRmApi->Control(pRmApi, pGpu->hInternalClient, pGpu->hInternalSubdevice, NV2080_CTRL_CMD_INTERNAL_INIT_USER_SHARED_DATA, &params, sizeof(params)) @ gpu_user_shared_data.c:233
[   31.305635] NVRM: nvAssertOkFailedNoLog: Assertion failed: Call not supported [NV_ERR_NOT_SUPPORTED] (0x00000056) returned from pRmApi->Control(pRmApi, pGpu->hInternalClient, pGpu->hInternalSubdevice, NV2080_CTRL_CMD_INTERNAL_USER_SHARED_DATA_SET_DATA_POLL, &params, sizeof(params)) @ gpu_user_shared_data.c:268
[   32.802504] NVRM: kperfGpuBoostSyncStateInit_IMPL: Failed to read Sync Gpu Boost init state, status=0x56
[   32.859235] NVRM: kperfGpuBoostSyncStateInit_IMPL: Failed to read Sync Gpu Boost init state, status=0x56
[   32.859442] NVRM: nvAssertOkFailedNoLog: Assertion failed: Call not supported [NV_ERR_NOT_SUPPORTED] (0x00000056) returned from pRmApi->Control(pRmApi, pGpu->hInternalClient, pGpu->hInternalSubdevice, NV2080_CTRL_CMD_INTERNAL_CE_GET_PCE_CONFIG_FOR_LCE_TYPE, &pceConfigParams, sizeof(pceConfigParams)) @ kernel_ce.c:1020
[   32.859541] NVRM: nvAssertOkFailedNoLog: Assertion failed: Call not supported [NV_ERR_NOT_SUPPORTED] (0x00000056) returned from kceGetPceConfigForLceType(pGpu, pKCe, NV2080_CTRL_CE_LCE_TYPE_DECOMP, &numPcesPerLce, &numLces, &supportedPceMask, &supportedLceMask, &pcesPerHshub) @ kernel_ce_gp100.c:62
[   41.637183] NVRM: nvAssertOkFailedNoLog: Assertion failed: Call timed out [NV_ERR_TIMEOUT] (0x00000065) returned from memmgrMemSet(pMemoryManager, &vidSurface, 0, sizeof vidmemData, TRANSFER_FLAGS_PREFER_CE) @ mem_mgr.c:463
[   41.637507] NVRM: nvAssertOkFailedNoLog: Assertion failed: Call timed out [NV_ERR_TIMEOUT] (0x00000065) returned from status @ mem_mgr.c:4159
[   45.638065] NVRM: nvAssertFailedNoLog: Assertion failed: pCeUtils->lastCompletedPayload == lastSubmittedPayload @ ce_utils.c:349
[   46.516671] NVRM: nvAssertOkFailedNoLog: Assertion failed: Call timed out [NV_ERR_TIMEOUT] (0x00000065) returned from memmgrInitCeUtils(pMemoryManager, NV_FALSE, NV_TRUE) @ mem_mgr.c:526
[   46.516769] NVRM: nvAssertFailedNoLog: Assertion failed: 0 @ kernel_fifo.c:3129
[   46.516885] NVRM: RmInitNvDevice: *** Cannot load state into the device
[   46.516890] NVRM: RmInitAdapter: RmInitNvDevice failed, bailing out of RmInitAdapter
[   46.556383] NVRM: nvAssertFailedNoLog: Assertion failed: (status == NV_OK) || (status == NV_ERR_GPU_IN_FULLCHIP_RESET) @ fecs_event_list.c:1623
[   47.642297] NVRM: nvCheckOkFailedNoLog: Check failed: Call not supported [NV_ERR_NOT_SUPPORTED] (0x00000056) returned from pRmApi->Control(pRmApi, pGpu->hInternalClient, pGpu->hInternalSubdevice, NV2080_CTRL_CMD_INTERNAL_INIT_USER_SHARED_DATA, &params, sizeof(params)) @ gpu_user_shared_data.c:213
[   47.655215] NVRM: iovaspaceDestruct_IMPL: 1 left-over mappings in IOVAS 0x3
[   47.655230] NVRM: GPU 0000:00:03.0: RmInitAdapter failed! (0x25:0x65:1249)
[   47.657788] NVRM: GPU 0000:00:03.0: rm_init_adapter failed, device minor number 0
