=== boot_capture tag=w205_227194f_real at 2026-08-10T06:26:50+00:00 ===
=== source revision: 227194f3b9 ===
=== qemu binary: -rwxr-xr-x 1 root root 86678640 Aug 10 06:23 /workspace/bench/qemu-build/qemu-system-x86_64 ===
=== archive rev STAMPED IN THE BINARY: kayfabe-rev:227194f3b9d52bb00f988148dc20da7053afa766 
=== BUILD_REV.txt says (informational, NOT authoritative): 
=== helpers (KAYFABE_BENCH_HELPERS=repo) ===
    used: /workspace/bench/kayfabe/scripts/bench/boot_nvkvm.sh  sha256=92551d70f36ddbef
    used: /workspace/bench/kayfabe/scripts/bench/gssh_nv  sha256=1785ac20cc7af28d
WAS_LOADED
MODPROBE_RC=0
=== nvidia-smi (the device open) ===
No devices were found
SMI_RC=6
=== /dev nodes (AFTER the open — they are created by it) ===
crw-rw-rw- 1 root root 237,   0 Aug 10 06:27 /dev/nvidia-uvm
crw-rw-rw- 1 root root 237,   1 Aug 10 06:27 /dev/nvidia-uvm-tools
crw-rw-rw- 1 root root 195,   0 Aug 10 06:26 /dev/nvidia0
crw-rw-rw- 1 root root 195, 255 Aug 10 06:26 /dev/nvidiactl

/dev/nvidia-caps:
total 0
drwxr-xr-x  2 root root     80 Aug 10 06:27 .
drwxr-xr-x 18 root root   4000 Aug 10 06:27 ..
cr--------  1 root root 240, 1 Aug 10 06:27 nvidia-cap1
cr--r--r--  1 root root 240, 2 Aug 10 06:27 nvidia-cap2
=== lsmod ===
nvidia_uvm           2166784  0
nvidia              14417920  1 nvidia_uvm
ecc                    45056  1 nvidia
=== POST_CAPTURE_HOOK /workspace/bench/kayfabe/scripts/bench/guest_cuinit_wall.sh at 2026-08-10T06:27:14+00:00 ===
=== sources that will run (md5, so a run cannot silently be the other copy) ===
    /workspace/bench/cup2.c                                       27 lines  md5 d9f82375ebd54de500aeb7f85ef71efc
    /workspace/bench/kayfabe/scripts/rpctrace/cuda_ioctl_trace.c   666 lines  md5 4445b1aa81d299eac3863d16862fd887
    /workspace/bench/kayfabe/scripts/bench/uvm_ioctl_trace.c     173 lines  md5 7be763eeecfbacc92dfa47dcd6e63e7a
=== push + build inside the guest ===
GCC_CUP2_RC=0
GCC_RM_RC=0
GCC_UVM_RC=0
=== clear dmesg, then run cup2 under BOTH interposers (detached, deadline 150s) ===
CLEARED
LAUNCHED pid=1815
FAIL cuInit(0) -> unknown error (999)
CUP2_RC=1
=== instrument liveness (⊘ an empty trace is evidence of NOTHING, not of no traffic) ===
OK   /tmp/rmtrace.txt  19 lines
OK   /tmp/uvm.txt  18 lines
--- cup2 stderr (where an interposer reports its own failure) ---
=== ★★★ THE UVM PLANE — rmStatus is the verdict; rc=0 only means DISPATCHED ===
UVM ioctl fd=12 cmd=0x30000001 nr=1 (UVM_INITIALIZE) arg=0x7fff6e0827f0
  ★ UVM_INITIALIZE rmStatus = 0x00000000 (NV_OK)
UVM ioctl fd=13 cmd=0x0000004b nr=75 (UNKNOWN — not in the table, size unknown) arg=0x7fff6e0827f0
UVM ioctl fd=12 cmd=0x00000027 nr=39 (UVM_PAGEABLE_MEM_ACCESS) arg=0x7fff6e0827f0
  ★ UVM_PAGEABLE_MEM_ACCESS rmStatus = 0x00000000 (NV_OK)
UVM ioctl fd=12 cmd=0x30000002 nr=2 (UVM_DEINITIALIZE) arg=(nil)
=== ★★★ THE UVM PLANE, in full (struct bytes IN and OUT) ===
UVM ioctl fd=12 cmd=0x30000001 nr=1 (UVM_INITIALIZE) arg=0x7fff6e0827f0
    IN 
      +00: 00 00 00 00 00 00 00 00 00 00 00 00 00 00 00 00
  -> rc=0 errno=0
    OUT
      +00: 00 00 00 00 00 00 00 00 00 00 00 00 00 00 00 00
  ★ UVM_INITIALIZE rmStatus = 0x00000000 (NV_OK)
UVM ioctl fd=13 cmd=0x0000004b nr=75 (UNKNOWN — not in the table, size unknown) arg=0x7fff6e0827f0
  -> rc=0 errno=0
UVM ioctl fd=12 cmd=0x00000027 nr=39 (UVM_PAGEABLE_MEM_ACCESS) arg=0x7fff6e0827f0
    IN 
      +00: 00 00 00 00 00 00 00 00
  -> rc=0 errno=0
    OUT
      +00: 01 00 00 00 00 00 00 00
  ★ UVM_PAGEABLE_MEM_ACCESS rmStatus = 0x00000000 (NV_OK)
UVM ioctl fd=12 cmd=0x30000002 nr=2 (UVM_DEINITIALIZE) arg=(nil)
  -> rc=0 errno=0
=== ★★★ THE RM PLANE — every call carrying a NON-ZERO status, in order ===
17:CTRL cmd=0xcb330101 hClient=0xc1d00009 hObject=0x5c000001 size=6 status=0x0000002f rc=0 in=000000000000 out=000000000000
=== the RM plane: LAST 25 calls before cuInit gave up ===
ESC nr=0xd6 len=8 rc=0
ESC nr=0xc8 len=2304 rc=0
ALLOC hClass=0x00000000 hRoot=0x00000000 hParent=0x00000000 hObject=0xc1d00008 size=0 shape=NVOS64 status=0x00000000 rc=0 params=-
CTRL cmd=0x00000101 hClient=0xc1d00008 hObject=0xc1d00008 size=40 status=0x00000000 rc=0 in=50000000000000007022086eff7f00002022086eff7f0000d021086eff7f00000000000000000000 out=50000000000000007022086eff7f00002022086eff7f0000d021086eff7f0000000000006f244202
FREE hRoot=0xc1d00008 hParent=0xc1d00008 hObject=0xc1d00008 status=0x00000000 rc=0
ESC nr=0xd6 len=8 rc=0
ESC nr=0xc8 len=2304 rc=0
ALLOC hClass=0x00000000 hRoot=0x00000000 hParent=0x00000000 hObject=0xc1d00009 size=0 shape=NVOS64 status=0x00000000 rc=0 params=-
CTRL cmd=0x00000d04 hClient=0xc1d00009 hObject=0xc1d00009 size=12 status=0x00000000 rc=0 in=0900d0c10100000004000000 out=0900d0c10100000004000000
CTRL cmd=0x00000d04 hClient=0xc1d00009 hObject=0xc1d00009 size=12 status=0x00000000 rc=0 in=0900d0c10400000004000400 out=0900d0c10400000004000400
ALLOC hClass=0x0000cb33 hRoot=0xc1d00009 hParent=0xc1d00009 hObject=0x5c000001 size=0 shape=NVOS64 status=0x00000000 rc=0 params=-
CTRL cmd=0x000001f0 hClient=0xc1d00009 hObject=0xc1d00009 size=4 status=0x00000000 rc=0 in=00000000 out=08000000
CTRL cmd=0x00000214 hClient=0xc1d00009 hObject=0xc1d00009 size=384 status=0x00000000 rc=0 in=0000000000000000000000000000000000000000000000000000000000000000000000000000000000000000000000000000000000000000000000000000000000000000000000000000000000000000000000000000000000000000000000000000000000000000000000000000000000000000000000000000000000000000000000000000000000000000000000000000000000000000000
CTRL cmd=0x00000a04 hClient=0xc1d00009 hObject=0xc1d00009 size=2244 status=0x00000000 rc=0 in=000000000000000000000000000000000000000000000000000000000000000000000000000000000000000000000000000000000000000000000000000000000000000000000000000000000000000000000000000000000000000000000000000000000000000000000000000000000000000000000000000000000000000000000000000000000000000000000000000000000000000000
CTRL cmd=0x00000215 hClient=0xc1d00009 hObject=0xc1d00009 size=132 status=0x00000000 rc=0 in=03000000ffffffff00000000000000000000000000000000000000000000000000000000000000000000000000000000000000000000000000000000000000000000000000000000000000000000000000000000000000000000000000000000000000000000000000000000000000000000000000000000000000000000000000000000 out=03000000ffffffff0000000000000000000000
ESC nr=0xd1 len=12 rc=0
CTRL cmd=0xcb330101 hClient=0xc1d00009 hObject=0x5c000001 size=6 status=0x0000002f rc=0 in=000000000000 out=000000000000
FREE hRoot=0xc1d00009 hParent=0xc1d00009 hObject=0x5c000001 status=0x00000000 rc=0
FREE hRoot=0xc1d00009 hParent=0xc1d00009 hObject=0xc1d00009 status=0x00000000 rc=0
=== RM plane line count + the MARK lines ===
19 /tmp/rmtrace.txt
(no MARK lines)
=== ★ THE FULL RM PLANE — verbatim, because this file dies with the guest ===
ESC nr=0xd6 len=8 rc=0
ESC nr=0xc8 len=2304 rc=0
ALLOC hClass=0x00000000 hRoot=0x00000000 hParent=0x00000000 hObject=0xc1d00008 size=0 shape=NVOS64 status=0x00000000 rc=0 params=-
CTRL cmd=0x00000101 hClient=0xc1d00008 hObject=0xc1d00008 size=40 status=0x00000000 rc=0 in=50000000000000007022086eff7f00002022086eff7f0000d021086eff7f00000000000000000000 out=50000000000000007022086eff7f00002022086eff7f0000d021086eff7f0000000000006f244202
FREE hRoot=0xc1d00008 hParent=0xc1d00008 hObject=0xc1d00008 status=0x00000000 rc=0
ESC nr=0xd6 len=8 rc=0
ESC nr=0xc8 len=2304 rc=0
ALLOC hClass=0x00000000 hRoot=0x00000000 hParent=0x00000000 hObject=0xc1d00009 size=0 shape=NVOS64 status=0x00000000 rc=0 params=-
CTRL cmd=0x00000d04 hClient=0xc1d00009 hObject=0xc1d00009 size=12 status=0x00000000 rc=0 in=0900d0c10100000004000000 out=0900d0c10100000004000000
CTRL cmd=0x00000d04 hClient=0xc1d00009 hObject=0xc1d00009 size=12 status=0x00000000 rc=0 in=0900d0c10400000004000400 out=0900d0c10400000004000400
ALLOC hClass=0x0000cb33 hRoot=0xc1d00009 hParent=0xc1d00009 hObject=0x5c000001 size=0 shape=NVOS64 status=0x00000000 rc=0 params=-
CTRL cmd=0x000001f0 hClient=0xc1d00009 hObject=0xc1d00009 size=4 status=0x00000000 rc=0 in=00000000 out=08000000
CTRL cmd=0x00000214 hClient=0xc1d00009 hObject=0xc1d00009 size=384 status=0x00000000 rc=0 in=00000000000000000000000000000000000000000000000000000000000000000000000000000000000000000000000000000000000000000000000000000000000000000000000000000000000000000000000000000000000000000000000000000000000000000000000000000000000000000000000000000000000000000000000000000000000000000000000000000000000000000000000000000000000000000000000000000000000000000000000000000000000000000000000000000000000000000000000000000000000000000000000000000000000000000000000000000000000000000000000000000000000000000000000000000000..TRUNC out=03000000ffffffffffffffffffffffffffffffffffffffffffffffffffffffffffffffffffffffffffffffffffffffffffffffffffffffffffffffffffffffffffffffffffffffffffffffffffffffffffffffffffffffffffffffffffffffffffffffffffffffffffffffffffffffffffffffffffffffffffffffffffffffffffffffffffffffffffffffffffffffffffffffffffffffffffffffffffffffffffffffffffffffffffffffffffffffffffffffffffffffffffffffffffffffffffffffffffffffffffffffffffffffffffffffffffffffffffffffffffffffffffffffffffffffffffffffffffffffffffffffffffffffffffffffffffffffff..TRUNC
CTRL cmd=0x00000a04 hClient=0xc1d00009 hObject=0xc1d00009 size=2244 status=0x00000000 rc=0 in=00000000000000000000000000000000000000000000000000000000000000000000000000000000000000000000000000000000000000000000000000000000000000000000000000000000000000000000000000000000000000000000000000000000000000000000000000000000000000000000000000000000000000000000000000000000000000000000000000000000000000000000000000000000000000000000000000000000000000000000000000000000000000000000000000000000000000000000000000000000000000000000000000000000000000000000000000000000000000000000000000000000000000000000000000000000..TRUNC out=00000000000000000000000000000000000000000000000000000000000000000000000000000000000000000000000000000000000000000000000000000000000000000000000000000000000000000000000000000000000000000000000000000000000000000000000000000000000000000000000000000000000000000000000000000000000000000000000000000000000000000000000000000000000000000000000000000000000000000000000000000000000000000000000000000000000000000000000000000000000000000000000000000000000000000000000000000000000000000000000000000000000000000000000000000000..TRUNC
CTRL cmd=0x00000215 hClient=0xc1d00009 hObject=0xc1d00009 size=132 status=0x00000000 rc=0 in=03000000ffffffff00000000000000000000000000000000000000000000000000000000000000000000000000000000000000000000000000000000000000000000000000000000000000000000000000000000000000000000000000000000000000000000000000000000000000000000000000000000000000000000000000000000 out=03000000ffffffff00000000000000000000000000000000000000000000000000000000000000000000000000000000000000000000000000000000000000000000000000000000000000000000000000000000000000000000000000000000000000000000000000000000000000000000000000000000000000000000000000000000
ESC nr=0xd1 len=12 rc=0
CTRL cmd=0xcb330101 hClient=0xc1d00009 hObject=0x5c000001 size=6 status=0x0000002f rc=0 in=000000000000 out=000000000000
FREE hRoot=0xc1d00009 hParent=0xc1d00009 hObject=0x5c000001 status=0x00000000 rc=0
FREE hRoot=0xc1d00009 hParent=0xc1d00009 hObject=0xc1d00009 status=0x00000000 rc=0
kept: /workspace/bench/run_w205_227194f_real_rmtrace.txt (19 lines)
kept: /workspace/bench/run_w205_227194f_real_uvm.txt (18 lines)
=== dmesg produced by cup2 ALONE (ring cleared immediately before it) ===
[   58.523395] NVRM: nvAssertOkFailedNoLog: Assertion failed: Call not supported [NV_ERR_NOT_SUPPORTED] (0x00000056) returned from pRmApi->Control(pRmApi, pGpu->hInternalClient, pGpu->hInternalSubdevice, NV2080_CTRL_CMD_INTERNAL_INIT_USER_SHARED_DATA, &params, sizeof(params)) @ gpu_user_shared_data.c:233
[   58.523686] NVRM: nvAssertOkFailedNoLog: Assertion failed: Call not supported [NV_ERR_NOT_SUPPORTED] (0x00000056) returned from pRmApi->Control(pRmApi, pGpu->hInternalClient, pGpu->hInternalSubdevice, NV2080_CTRL_CMD_INTERNAL_USER_SHARED_DATA_SET_DATA_POLL, &params, sizeof(params)) @ gpu_user_shared_data.c:268
[   59.838943] NVRM: kperfGpuBoostSyncStateInit_IMPL: Failed to read Sync Gpu Boost init state, status=0x56
[   59.895986] NVRM: kperfGpuBoostSyncStateInit_IMPL: Failed to read Sync Gpu Boost init state, status=0x56
[   59.896332] NVRM: nvAssertOkFailedNoLog: Assertion failed: Call not supported [NV_ERR_NOT_SUPPORTED] (0x00000056) returned from pRmApi->Control(pRmApi, pGpu->hInternalClient, pGpu->hInternalSubdevice, NV2080_CTRL_CMD_INTERNAL_CE_GET_PCE_CONFIG_FOR_LCE_TYPE, &pceConfigParams, sizeof(pceConfigParams)) @ kernel_ce.c:1020
[   59.896422] NVRM: nvAssertOkFailedNoLog: Assertion failed: Call not supported [NV_ERR_NOT_SUPPORTED] (0x00000056) returned from kceGetPceConfigForLceType(pGpu, pKCe, NV2080_CTRL_CE_LCE_TYPE_DECOMP, &numPcesPerLce, &numLces, &supportedPceMask, &supportedLceMask, &pcesPerHshub) @ kernel_ce_gp100.c:62
[   68.494121] NVRM: nvAssertOkFailedNoLog: Assertion failed: Call timed out [NV_ERR_TIMEOUT] (0x00000065) returned from memmgrMemSet(pMemoryManager, &vidSurface, 0, sizeof vidmemData, TRANSFER_FLAGS_PREFER_CE) @ mem_mgr.c:463
[   68.494627] NVRM: nvAssertOkFailedNoLog: Assertion failed: Call timed out [NV_ERR_TIMEOUT] (0x00000065) returned from status @ mem_mgr.c:4159
[   72.495315] NVRM: nvAssertFailedNoLog: Assertion failed: pCeUtils->lastCompletedPayload == lastSubmittedPayload @ ce_utils.c:349
[   73.396084] NVRM: nvAssertOkFailedNoLog: Assertion failed: Call timed out [NV_ERR_TIMEOUT] (0x00000065) returned from memmgrInitCeUtils(pMemoryManager, NV_FALSE, NV_TRUE) @ mem_mgr.c:526
[   73.396149] NVRM: nvAssertFailedNoLog: Assertion failed: 0 @ kernel_fifo.c:3129
[   73.396218] NVRM: RmInitNvDevice: *** Cannot load state into the device
[   73.396221] NVRM: RmInitAdapter: RmInitNvDevice failed, bailing out of RmInitAdapter
[   73.422932] NVRM: nvAssertFailedNoLog: Assertion failed: (status == NV_OK) || (status == NV_ERR_GPU_IN_FULLCHIP_RESET) @ fecs_event_list.c:1623
[   74.332430] NVRM: nvCheckOkFailedNoLog: Check failed: Call not supported [NV_ERR_NOT_SUPPORTED] (0x00000056) returned from pRmApi->Control(pRmApi, pGpu->hInternalClient, pGpu->hInternalSubdevice, NV2080_CTRL_CMD_INTERNAL_INIT_USER_SHARED_DATA, &params, sizeof(params)) @ gpu_user_shared_data.c:213
[   74.362804] NVRM: iovaspaceDestruct_IMPL: 1 left-over mappings in IOVAS 0x3
[   74.362828] NVRM: GPU 0000:00:03.0: RmInitAdapter failed! (0x25:0x65:1249)
[   74.369263] NVRM: GPU 0000:00:03.0: rm_init_adapter failed, device minor number 0
[   75.148394] NVRM: nvAssertOkFailedNoLog: Assertion failed: Call not supported [NV_ERR_NOT_SUPPORTED] (0x00000056) returned from pRmApi->Control(pRmApi, pGpu->hInternalClient, pGpu->hInternalSubdevice, NV2080_CTRL_CMD_INTERNAL_INIT_USER_SHARED_DATA, &params, sizeof(params)) @ gpu_user_shared_data.c:233
[   75.148577] NVRM: nvAssertOkFailedNoLog: Assertion failed: Call not supported [NV_ERR_NOT_SUPPORTED] (0x00000056) returned from pRmApi->Control(pRmApi, pGpu->hInternalClient, pGpu->hInternalSubdevice, NV2080_CTRL_CMD_INTERNAL_USER_SHARED_DATA_SET_DATA_POLL, &params, sizeof(params)) @ gpu_user_shared_data.c:268
[   76.337608] NVRM: kperfGpuBoostSyncStateInit_IMPL: Failed to read Sync Gpu Boost init state, status=0x56
[   76.379845] NVRM: kperfGpuBoostSyncStateInit_IMPL: Failed to read Sync Gpu Boost init state, status=0x56
[   76.380179] NVRM: nvAssertOkFailedNoLog: Assertion failed: Call not supported [NV_ERR_NOT_SUPPORTED] (0x00000056) returned from pRmApi->Control(pRmApi, pGpu->hInternalClient, pGpu->hInternalSubdevice, NV2080_CTRL_CMD_INTERNAL_CE_GET_PCE_CONFIG_FOR_LCE_TYPE, &pceConfigParams, sizeof(pceConfigParams)) @ kernel_ce.c:1020
[   76.380340] NVRM: nvAssertOkFailedNoLog: Assertion failed: Call not supported [NV_ERR_NOT_SUPPORTED] (0x00000056) returned from kceGetPceConfigForLceType(pGpu, pKCe, NV2080_CTRL_CE_LCE_TYPE_DECOMP, &numPcesPerLce, &numLces, &supportedPceMask, &supportedLceMask, &pcesPerHshub) @ kernel_ce_gp100.c:62
[   84.829386] NVRM: nvAssertOkFailedNoLog: Assertion failed: Call timed out [NV_ERR_TIMEOUT] (0x00000065) returned from memmgrMemSet(pMemoryManager, &vidSurface, 0, sizeof vidmemData, TRANSFER_FLAGS_PREFER_CE) @ mem_mgr.c:463
[   84.829807] NVRM: nvAssertOkFailedNoLog: Assertion failed: Call timed out [NV_ERR_TIMEOUT] (0x00000065) returned from status @ mem_mgr.c:4159
[   88.830350] NVRM: nvAssertFailedNoLog: Assertion failed: pCeUtils->lastCompletedPayload == lastSubmittedPayload @ ce_utils.c:349
[   90.098454] NVRM: nvAssertOkFailedNoLog: Assertion failed: Call timed out [NV_ERR_TIMEOUT] (0x00000065) returned from memmgrInitCeUtils(pMemoryManager, NV_FALSE, NV_TRUE) @ mem_mgr.c:526
[   90.098558] NVRM: nvAssertFailedNoLog: Assertion failed: 0 @ kernel_fifo.c:3129
[   90.098682] NVRM: RmInitNvDevice: *** Cannot load state into the device
[   90.098687] NVRM: RmInitAdapter: RmInitNvDevice failed, bailing out of RmInitAdapter
[   90.140569] NVRM: nvAssertFailedNoLog: Assertion failed: (status == NV_OK) || (status == NV_ERR_GPU_IN_FULLCHIP_RESET) @ fecs_event_list.c:1623
[   91.478218] NVRM: nvCheckOkFailedNoLog: Check failed: Call not supported [NV_ERR_NOT_SUPPORTED] (0x00000056) returned from pRmApi->Control(pRmApi, pGpu->hInternalClient, pGpu->hInternalSubdevice, NV2080_CTRL_CMD_INTERNAL_INIT_USER_SHARED_DATA, &params, sizeof(params)) @ gpu_user_shared_data.c:213
[   91.490980] NVRM: iovaspaceDestruct_IMPL: 1 left-over mappings in IOVAS 0x3
[   91.490997] NVRM: GPU 0000:00:03.0: RmInitAdapter failed! (0x25:0x65:1249)
[   91.493299] NVRM: GPU 0000:00:03.0: rm_init_adapter failed, device minor number 0
[   91.500955] NVRM: nvAssertFailedNoLog: Assertion failed: rmapiLockIsOwner() && rmGpuLockIsOwner() @ conf_compute_api.c:78
=== ★★ is the CE wall ARMED or DORMANT? (one line decides it) ===
NEITHER LINE PRESENT at this loglevel
HOOK_RC=0
