=== boot_capture tag=w219_fe65678_realbase at 2026-08-10T13:47:46+00:00 ===
=== source revision: fe6567875 ===
=== qemu binary: -rwxr-xr-x 1 root root 86808288 Aug 10 13:46 /workspace/bench/qemu-build/qemu-system-x86_64 ===
=== archive rev STAMPED IN THE BINARY: kayfabe-rev:fe6567875a04f10d5783169b01e2179570f2b900 
=== BUILD_REV.txt says (informational, NOT authoritative): 
=== helpers (KAYFABE_BENCH_HELPERS=repo) ===
    used: /workspace/bench/kayfabe/scripts/bench/boot_nvkvm.sh  sha256=92551d70f36ddbef
    used: /workspace/bench/kayfabe/scripts/bench/gssh_nv  sha256=1785ac20cc7af28d
WAS_LOADED
MODPROBE_RC=0
=== nvidia-smi (the device open) ===
No devices were found
SMI_RC=6
=== /dev nodes (AFTER the open — they are created by it) ===
crw-rw-rw- 1 root root 237,   0 Aug 10 13:48 /dev/nvidia-uvm
crw-rw-rw- 1 root root 237,   1 Aug 10 13:48 /dev/nvidia-uvm-tools
crw-rw-rw- 1 root root 195,   0 Aug 10 13:47 /dev/nvidia0
crw-rw-rw- 1 root root 195, 255 Aug 10 13:47 /dev/nvidiactl

/dev/nvidia-caps:
total 0
drwxr-xr-x  2 root root     80 Aug 10 13:48 .
drwxr-xr-x 18 root root   4000 Aug 10 13:48 ..
cr--------  1 root root 240, 1 Aug 10 13:48 nvidia-cap1
cr--r--r--  1 root root 240, 2 Aug 10 13:48 nvidia-cap2
=== lsmod ===
nvidia_uvm           2166784  0
nvidia              14417920  1 nvidia_uvm
ecc                    45056  1 nvidia
=== POST_CAPTURE_HOOK /workspace/bench/kayfabe/scripts/bench/guest_cuinit_wall.sh at 2026-08-10T13:48:10+00:00 ===
=== sources that will run (md5, so a run cannot silently be the other copy) ===
    /workspace/bench/cup2.c                                       27 lines  md5 d9f82375ebd54de500aeb7f85ef71efc
    /workspace/bench/kayfabe/scripts/rpctrace/cuda_ioctl_trace.c   666 lines  md5 4445b1aa81d299eac3863d16862fd887
    /workspace/bench/kayfabe/scripts/bench/uvm_ioctl_trace.c     173 lines  md5 7be763eeecfbacc92dfa47dcd6e63e7a
    /workspace/bench/kayfabe/scripts/bench/guest_userstack.c     290 lines  md5 9ccb305fb1a23107b462141459d21e06
=== push + build inside the guest ===
GCC_CUP2_RC=0
GCC_RM_RC=0
GCC_UVM_RC=0
GCC_USTACK_RC=0
=== clear dmesg, then run cup2 under BOTH interposers (detached, deadline 150s) ===
CLEARED
LAUNCHED pid=1972
FAIL cuInit(0) -> unknown error (999)
CUP2_RC=1
=== instrument liveness (⊘ an empty trace is evidence of NOTHING, not of no traffic) ===
OK   /tmp/rmtrace.txt  19 lines
OK   /tmp/uvm.txt  18 lines
--- cup2 stderr (where an interposer reports its own failure) ---
=== ★★★ THE UVM PLANE — rmStatus is the verdict; rc=0 only means DISPATCHED ===
UVM ioctl fd=12 cmd=0x30000001 nr=1 (UVM_INITIALIZE) arg=0x7ffd8e56f6a0
  ★ UVM_INITIALIZE rmStatus = 0x00000000 (NV_OK)
UVM ioctl fd=13 cmd=0x0000004b nr=75 (UNKNOWN — not in the table, size unknown) arg=0x7ffd8e56f6a0
UVM ioctl fd=12 cmd=0x00000027 nr=39 (UVM_PAGEABLE_MEM_ACCESS) arg=0x7ffd8e56f6a0
  ★ UVM_PAGEABLE_MEM_ACCESS rmStatus = 0x00000000 (NV_OK)
UVM ioctl fd=12 cmd=0x30000002 nr=2 (UVM_DEINITIALIZE) arg=(nil)
=== ★★★ THE UVM PLANE, in full (struct bytes IN and OUT) ===
UVM ioctl fd=12 cmd=0x30000001 nr=1 (UVM_INITIALIZE) arg=0x7ffd8e56f6a0
    IN 
      +00: 00 00 00 00 00 00 00 00 00 00 00 00 00 00 00 00
  -> rc=0 errno=0
    OUT
      +00: 00 00 00 00 00 00 00 00 00 00 00 00 00 00 00 00
  ★ UVM_INITIALIZE rmStatus = 0x00000000 (NV_OK)
UVM ioctl fd=13 cmd=0x0000004b nr=75 (UNKNOWN — not in the table, size unknown) arg=0x7ffd8e56f6a0
  -> rc=0 errno=0
UVM ioctl fd=12 cmd=0x00000027 nr=39 (UVM_PAGEABLE_MEM_ACCESS) arg=0x7ffd8e56f6a0
    IN 
      +00: 00 00 00 00 00 00 00 00
  -> rc=0 errno=0
    OUT
      +00: 01 00 00 00 00 00 00 00
  ★ UVM_PAGEABLE_MEM_ACCESS rmStatus = 0x00000000 (NV_OK)
UVM ioctl fd=12 cmd=0x30000002 nr=2 (UVM_DEINITIALIZE) arg=(nil)
  -> rc=0 errno=0
=== ★★★ THE RM PLANE — every call carrying a NON-ZERO status, in order ===
17:CTRL cmd=0xcb330101 hClient=0xc1d00009 hObject=0x5c000001 size=6 status=0x0000002f rc=0 in=000000000000 out=000000000000
=== the RM plane: LAST 25 calls before cuInit gave up ===
ESC nr=0xd6 len=8 rc=0
ESC nr=0xc8 len=2304 rc=0
ALLOC hClass=0x00000000 hRoot=0x00000000 hParent=0x00000000 hObject=0xc1d00008 size=0 shape=NVOS64 status=0x00000000 rc=0 params=-
CTRL cmd=0x00000101 hClient=0xc1d00008 hObject=0xc1d00008 size=40 status=0x00000000 rc=0 in=500000000000000020f1568efd7f0000d0f0568efd7f000080f0568efd7f00000000000000000000 out=500000000000000020f1568efd7f0000d0f0568efd7f000080f0568efd7f0000000000006f244202
FREE hRoot=0xc1d00008 hParent=0xc1d00008 hObject=0xc1d00008 status=0x00000000 rc=0
ESC nr=0xd6 len=8 rc=0
ESC nr=0xc8 len=2304 rc=0
ALLOC hClass=0x00000000 hRoot=0x00000000 hParent=0x00000000 hObject=0xc1d00009 size=0 shape=NVOS64 status=0x00000000 rc=0 params=-
CTRL cmd=0x00000d04 hClient=0xc1d00009 hObject=0xc1d00009 size=12 status=0x00000000 rc=0 in=0900d0c10100000004000000 out=0900d0c10100000004000000
CTRL cmd=0x00000d04 hClient=0xc1d00009 hObject=0xc1d00009 size=12 status=0x00000000 rc=0 in=0900d0c10400000004000400 out=0900d0c10400000004000400
ALLOC hClass=0x0000cb33 hRoot=0xc1d00009 hParent=0xc1d00009 hObject=0x5c000001 size=0 shape=NVOS64 status=0x00000000 rc=0 params=-
CTRL cmd=0x000001f0 hClient=0xc1d00009 hObject=0xc1d00009 size=4 status=0x00000000 rc=0 in=00000000 out=08000000
CTRL cmd=0x00000214 hClient=0xc1d00009 hObject=0xc1d00009 size=384 status=0x00000000 rc=0 in=0000000000000000000000000000000000000000000000000000000000000000000000000000000000000000000000000000000000000000000000000000000000000000000000000000000000000000000000000000000000000000000000000000000000000000000000000000000000000000000000000000000000000000000000000000000000000000000000000000000000000000000
CTRL cmd=0x00000a04 hClient=0xc1d00009 hObject=0xc1d00009 size=2244 status=0x00000000 rc=0 in=000000000000000000000000000000000000000000000000000000000000000000000000000000000000000000000000000000000000000000000000000000000000000000000000000000000000000000000000000000000000000000000000000000000000000000000000000000000000000000000000000000000000000000000000000000000000000000000000000000000000000000
CTRL cmd=0x00000215 hClient=0xc1d00009 hObject=0xc1d00009 size=132 status=0x00000000 rc=0 in=03000000ffffffff00000000000000000000000000000000000000000000000000000000000000000000000000000000000000000000000000000000000000000000000000000000000000000000000000000000000000000000000000000000000000000000000000000000000000000000000000000000000000000000000000000000 out=03000000ffffffff0000000000000000000000
ESC nr=0xd1 len=12 rc=0
CTRL cmd=0xcb330101 hClient=0xc1d00009 hObject=0x5c000001 size=6 status=0x0000002f rc=0 in=000000000000 out=000000000000
FREE hRoot=0xc1d00009 hParent=0xc1d00009 hObject=0x5c000001 status=0x00000000 rc=0
FREE hRoot=0xc1d00009 hParent=0xc1d00009 hObject=0xc1d00009 status=0x00000000 rc=0
=== RM plane line count + the MARK lines ===
19 /tmp/rmtrace.txt
(no MARK lines)
=== ★ THE FULL RM PLANE — verbatim, because this file dies with the guest ===
ESC nr=0xd6 len=8 rc=0
ESC nr=0xc8 len=2304 rc=0
ALLOC hClass=0x00000000 hRoot=0x00000000 hParent=0x00000000 hObject=0xc1d00008 size=0 shape=NVOS64 status=0x00000000 rc=0 params=-
CTRL cmd=0x00000101 hClient=0xc1d00008 hObject=0xc1d00008 size=40 status=0x00000000 rc=0 in=500000000000000020f1568efd7f0000d0f0568efd7f000080f0568efd7f00000000000000000000 out=500000000000000020f1568efd7f0000d0f0568efd7f000080f0568efd7f0000000000006f244202
FREE hRoot=0xc1d00008 hParent=0xc1d00008 hObject=0xc1d00008 status=0x00000000 rc=0
ESC nr=0xd6 len=8 rc=0
ESC nr=0xc8 len=2304 rc=0
ALLOC hClass=0x00000000 hRoot=0x00000000 hParent=0x00000000 hObject=0xc1d00009 size=0 shape=NVOS64 status=0x00000000 rc=0 params=-
CTRL cmd=0x00000d04 hClient=0xc1d00009 hObject=0xc1d00009 size=12 status=0x00000000 rc=0 in=0900d0c10100000004000000 out=0900d0c10100000004000000
CTRL cmd=0x00000d04 hClient=0xc1d00009 hObject=0xc1d00009 size=12 status=0x00000000 rc=0 in=0900d0c10400000004000400 out=0900d0c10400000004000400
ALLOC hClass=0x0000cb33 hRoot=0xc1d00009 hParent=0xc1d00009 hObject=0x5c000001 size=0 shape=NVOS64 status=0x00000000 rc=0 params=-
CTRL cmd=0x000001f0 hClient=0xc1d00009 hObject=0xc1d00009 size=4 status=0x00000000 rc=0 in=00000000 out=08000000
CTRL cmd=0x00000214 hClient=0xc1d00009 hObject=0xc1d00009 size=384 status=0x00000000 rc=0 in=00000000000000000000000000000000000000000000000000000000000000000000000000000000000000000000000000000000000000000000000000000000000000000000000000000000000000000000000000000000000000000000000000000000000000000000000000000000000000000000000000000000000000000000000000000000000000000000000000000000000000000000000000000000000000000000000000000000000000000000000000000000000000000000000000000000000000000000000000000000000000000000000000000000000000000000000000000000000000000000000000000000000000000000000000000000..TRUNC out=03000000ffffffffffffffffffffffffffffffffffffffffffffffffffffffffffffffffffffffffffffffffffffffffffffffffffffffffffffffffffffffffffffffffffffffffffffffffffffffffffffffffffffffffffffffffffffffffffffffffffffffffffffffffffffffffffffffffffffffffffffffffffffffffffffffffffffffffffffffffffffffffffffffffffffffffffffffffffffffffffffffffffffffffffffffffffffffffffffffffffffffffffffffffffffffffffffffffffffffffffffffffffffffffffffffffffffffffffffffffffffffffffffffffffffffffffffffffffffffffffffffffffffffffffffffffffffffff..TRUNC
CTRL cmd=0x00000a04 hClient=0xc1d00009 hObject=0xc1d00009 size=2244 status=0x00000000 rc=0 in=00000000000000000000000000000000000000000000000000000000000000000000000000000000000000000000000000000000000000000000000000000000000000000000000000000000000000000000000000000000000000000000000000000000000000000000000000000000000000000000000000000000000000000000000000000000000000000000000000000000000000000000000000000000000000000000000000000000000000000000000000000000000000000000000000000000000000000000000000000000000000000000000000000000000000000000000000000000000000000000000000000000000000000000000000000000..TRUNC out=00000000000000000000000000000000000000000000000000000000000000000000000000000000000000000000000000000000000000000000000000000000000000000000000000000000000000000000000000000000000000000000000000000000000000000000000000000000000000000000000000000000000000000000000000000000000000000000000000000000000000000000000000000000000000000000000000000000000000000000000000000000000000000000000000000000000000000000000000000000000000000000000000000000000000000000000000000000000000000000000000000000000000000000000000000000..TRUNC
CTRL cmd=0x00000215 hClient=0xc1d00009 hObject=0xc1d00009 size=132 status=0x00000000 rc=0 in=03000000ffffffff00000000000000000000000000000000000000000000000000000000000000000000000000000000000000000000000000000000000000000000000000000000000000000000000000000000000000000000000000000000000000000000000000000000000000000000000000000000000000000000000000000000 out=03000000ffffffff00000000000000000000000000000000000000000000000000000000000000000000000000000000000000000000000000000000000000000000000000000000000000000000000000000000000000000000000000000000000000000000000000000000000000000000000000000000000000000000000000000000
ESC nr=0xd1 len=12 rc=0
CTRL cmd=0xcb330101 hClient=0xc1d00009 hObject=0x5c000001 size=6 status=0x0000002f rc=0 in=000000000000 out=000000000000
FREE hRoot=0xc1d00009 hParent=0xc1d00009 hObject=0x5c000001 status=0x00000000 rc=0
FREE hRoot=0xc1d00009 hParent=0xc1d00009 hObject=0xc1d00009 status=0x00000000 rc=0
kept: /workspace/bench/run_w219_fe65678_realbase_rmtrace.txt (19 lines)
kept: /workspace/bench/run_w219_fe65678_realbase_uvm.txt (18 lines)
=== dmesg produced by cup2 ALONE (ring cleared immediately before it) ===
[   56.484819] NVRM: nvAssertOkFailedNoLog: Assertion failed: Call not supported [NV_ERR_NOT_SUPPORTED] (0x00000056) returned from pRmApi->Control(pRmApi, pGpu->hInternalClient, pGpu->hInternalSubdevice, NV2080_CTRL_CMD_INTERNAL_INIT_USER_SHARED_DATA, &params, sizeof(params)) @ gpu_user_shared_data.c:233
[   56.485604] NVRM: nvAssertOkFailedNoLog: Assertion failed: Call not supported [NV_ERR_NOT_SUPPORTED] (0x00000056) returned from pRmApi->Control(pRmApi, pGpu->hInternalClient, pGpu->hInternalSubdevice, NV2080_CTRL_CMD_INTERNAL_USER_SHARED_DATA_SET_DATA_POLL, &params, sizeof(params)) @ gpu_user_shared_data.c:268
[   57.850299] NVRM: kperfGpuBoostSyncStateInit_IMPL: Failed to read Sync Gpu Boost init state, status=0x56
[   57.913518] NVRM: kperfGpuBoostSyncStateInit_IMPL: Failed to read Sync Gpu Boost init state, status=0x56
[   57.913727] NVRM: nvAssertOkFailedNoLog: Assertion failed: Call not supported [NV_ERR_NOT_SUPPORTED] (0x00000056) returned from pRmApi->Control(pRmApi, pGpu->hInternalClient, pGpu->hInternalSubdevice, NV2080_CTRL_CMD_INTERNAL_CE_GET_PCE_CONFIG_FOR_LCE_TYPE, &pceConfigParams, sizeof(pceConfigParams)) @ kernel_ce.c:1020
[   57.913817] NVRM: nvAssertOkFailedNoLog: Assertion failed: Call not supported [NV_ERR_NOT_SUPPORTED] (0x00000056) returned from kceGetPceConfigForLceType(pGpu, pKCe, NV2080_CTRL_CE_LCE_TYPE_DECOMP, &numPcesPerLce, &numLces, &supportedPceMask, &supportedLceMask, &pcesPerHshub) @ kernel_ce_gp100.c:62
[   66.059409] NVRM: nvAssertOkFailedNoLog: Assertion failed: Call timed out [NV_ERR_TIMEOUT] (0x00000065) returned from memmgrMemSet(pMemoryManager, &vidSurface, 0, sizeof vidmemData, TRANSFER_FLAGS_PREFER_CE) @ mem_mgr.c:463
[   66.059890] NVRM: nvAssertOkFailedNoLog: Assertion failed: Call timed out [NV_ERR_TIMEOUT] (0x00000065) returned from status @ mem_mgr.c:4159
[   70.060939] NVRM: nvAssertFailedNoLog: Assertion failed: pCeUtils->lastCompletedPayload == lastSubmittedPayload @ ce_utils.c:349
[   71.145664] NVRM: nvAssertOkFailedNoLog: Assertion failed: Call timed out [NV_ERR_TIMEOUT] (0x00000065) returned from memmgrInitCeUtils(pMemoryManager, NV_FALSE, NV_TRUE) @ mem_mgr.c:526
[   71.145843] NVRM: nvAssertFailedNoLog: Assertion failed: 0 @ kernel_fifo.c:3129
[   71.146152] NVRM: RmInitNvDevice: *** Cannot load state into the device
[   71.146160] NVRM: RmInitAdapter: RmInitNvDevice failed, bailing out of RmInitAdapter
[   71.196470] NVRM: nvAssertFailedNoLog: Assertion failed: (status == NV_OK) || (status == NV_ERR_GPU_IN_FULLCHIP_RESET) @ fecs_event_list.c:1623
[   72.253557] NVRM: nvCheckOkFailedNoLog: Check failed: Call not supported [NV_ERR_NOT_SUPPORTED] (0x00000056) returned from pRmApi->Control(pRmApi, pGpu->hInternalClient, pGpu->hInternalSubdevice, NV2080_CTRL_CMD_INTERNAL_INIT_USER_SHARED_DATA, &params, sizeof(params)) @ gpu_user_shared_data.c:213
[   72.266422] NVRM: iovaspaceDestruct_IMPL: 1 left-over mappings in IOVAS 0x3
[   72.266444] NVRM: GPU 0000:00:03.0: RmInitAdapter failed! (0x25:0x65:1249)
[   72.268687] NVRM: GPU 0000:00:03.0: rm_init_adapter failed, device minor number 0
[   72.932580] NVRM: nvAssertOkFailedNoLog: Assertion failed: Call not supported [NV_ERR_NOT_SUPPORTED] (0x00000056) returned from pRmApi->Control(pRmApi, pGpu->hInternalClient, pGpu->hInternalSubdevice, NV2080_CTRL_CMD_INTERNAL_INIT_USER_SHARED_DATA, &params, sizeof(params)) @ gpu_user_shared_data.c:233
[   72.932810] NVRM: nvAssertOkFailedNoLog: Assertion failed: Call not supported [NV_ERR_NOT_SUPPORTED] (0x00000056) returned from pRmApi->Control(pRmApi, pGpu->hInternalClient, pGpu->hInternalSubdevice, NV2080_CTRL_CMD_INTERNAL_USER_SHARED_DATA_SET_DATA_POLL, &params, sizeof(params)) @ gpu_user_shared_data.c:268
[   74.070490] NVRM: kperfGpuBoostSyncStateInit_IMPL: Failed to read Sync Gpu Boost init state, status=0x56
[   74.136886] NVRM: kperfGpuBoostSyncStateInit_IMPL: Failed to read Sync Gpu Boost init state, status=0x56
[   74.137176] NVRM: nvAssertOkFailedNoLog: Assertion failed: Call not supported [NV_ERR_NOT_SUPPORTED] (0x00000056) returned from pRmApi->Control(pRmApi, pGpu->hInternalClient, pGpu->hInternalSubdevice, NV2080_CTRL_CMD_INTERNAL_CE_GET_PCE_CONFIG_FOR_LCE_TYPE, &pceConfigParams, sizeof(pceConfigParams)) @ kernel_ce.c:1020
[   74.137273] NVRM: nvAssertOkFailedNoLog: Assertion failed: Call not supported [NV_ERR_NOT_SUPPORTED] (0x00000056) returned from kceGetPceConfigForLceType(pGpu, pKCe, NV2080_CTRL_CE_LCE_TYPE_DECOMP, &numPcesPerLce, &numLces, &supportedPceMask, &supportedLceMask, &pcesPerHshub) @ kernel_ce_gp100.c:62
[   82.675485] NVRM: nvAssertOkFailedNoLog: Assertion failed: Call timed out [NV_ERR_TIMEOUT] (0x00000065) returned from memmgrMemSet(pMemoryManager, &vidSurface, 0, sizeof vidmemData, TRANSFER_FLAGS_PREFER_CE) @ mem_mgr.c:463
[   82.675991] NVRM: nvAssertOkFailedNoLog: Assertion failed: Call timed out [NV_ERR_TIMEOUT] (0x00000065) returned from status @ mem_mgr.c:4159
[   86.676428] NVRM: nvAssertFailedNoLog: Assertion failed: pCeUtils->lastCompletedPayload == lastSubmittedPayload @ ce_utils.c:349
[   87.717917] NVRM: nvAssertOkFailedNoLog: Assertion failed: Call timed out [NV_ERR_TIMEOUT] (0x00000065) returned from memmgrInitCeUtils(pMemoryManager, NV_FALSE, NV_TRUE) @ mem_mgr.c:526
[   87.718017] NVRM: nvAssertFailedNoLog: Assertion failed: 0 @ kernel_fifo.c:3129
[   87.718118] NVRM: RmInitNvDevice: *** Cannot load state into the device
[   87.718122] NVRM: RmInitAdapter: RmInitNvDevice failed, bailing out of RmInitAdapter
[   87.757646] NVRM: nvAssertFailedNoLog: Assertion failed: (status == NV_OK) || (status == NV_ERR_GPU_IN_FULLCHIP_RESET) @ fecs_event_list.c:1623
[   88.800675] NVRM: nvCheckOkFailedNoLog: Check failed: Call not supported [NV_ERR_NOT_SUPPORTED] (0x00000056) returned from pRmApi->Control(pRmApi, pGpu->hInternalClient, pGpu->hInternalSubdevice, NV2080_CTRL_CMD_INTERNAL_INIT_USER_SHARED_DATA, &params, sizeof(params)) @ gpu_user_shared_data.c:213
[   88.815061] NVRM: iovaspaceDestruct_IMPL: 1 left-over mappings in IOVAS 0x3
[   88.815079] NVRM: GPU 0000:00:03.0: RmInitAdapter failed! (0x25:0x65:1249)
[   88.817785] NVRM: GPU 0000:00:03.0: rm_init_adapter failed, device minor number 0
[   88.825293] NVRM: nvAssertFailedNoLog: Assertion failed: rmapiLockIsOwner() && rmGpuLockIsOwner() @ conf_compute_api.c:78
=== ★★ is the CE wall ARMED or DORMANT? (one line decides it) ===
NEITHER LINE PRESENT at this loglevel
HOOK_RC=0
