=== e0_isolate_witness tag=p2_29e7c25_planereal at 2026-08-10T05:47:42+00:00 ===
REV_UNDER_TEST=97bab4bb874db918148f771da336d3af6a929151
TREE_DIRTY_FILES=6
KAYFABE_ISOLATES=real
qemu binary: -rwxr-xr-x 1 root root 86674032 Aug 10 05:40 /workspace/bench/qemu-build/qemu-system-x86_64
archive rev embedded in the qemu binary:
  kayfabe-rev:29e7c25e9deab5b8e27d9ce94bdf88449d3462de
host gpu: NVIDIA GeForce RTX 3060, 580.159.04
⚠ ARCHIVE REV != SOURCE REV. Files differing 29e7c25e..97bab4bb:
    docs/design/execution_plane_increments.md
  ⊘ If any line above is under crates/ or Cargo.lock, this run does NOT measure 97bab4bb874db918148f771da336d3af6a929151.

=== boot_capture phases (t+ seconds from witness start) ===
t+1    [boot_capture:p2_29e7c25_planereal] booting (extra args: none)
t+34   [boot_capture:p2_29e7c25_planereal] guest is up after 33s
t+36   [boot_capture:p2_29e7c25_planereal] module unloaded and ring buffer cleared; loading cold
t+37   [boot_capture:p2_29e7c25_planereal] opening the device (this is what runs RmInitAdapter)
=== ISOLATE CHILD pid 734677  at 2026-08-10T05:48:27+00:00  (t+44s from witness start) ===
cmdline: kayfabe-isolate --proc 0 --gpu 0 --workers 4 --rm real --park none 
ppid   : 722244
ppid is: /workspace/bench/qemu-build/qemu-system-x86_64 -machine q35,accel=kvm -cpu host -smp 3 -m 2048 -driv
--- open descriptors (the RM nodes are the point) ---
  total 0
  lrwx------ 1 root root 64 Aug 10 05:48 0 -> /dev/null
  l-wx------ 1 root root 64 Aug 10 05:48 1 -> /workspace/bench/run_p2_29e7c25_planereal_qemu.log
  lrwx------ 1 root root 64 Aug 10 05:48 10 -> /dev/nvidia0
  l--------- 1 root root 64 Aug 10 05:48 11 -> /dev
  lrwx------ 1 root root 64 Aug 10 05:48 12 -> /dev/nvidia0
  l-wx------ 1 root root 64 Aug 10 05:48 2 -> /workspace/bench/run_p2_29e7c25_planereal_qemu.log
  lrwx------ 1 root root 64 Aug 10 05:48 3 -> socket:[1341503]
  lrwx------ 1 root root 64 Aug 10 05:48 5 -> /dev/nvidiactl
  lrwx------ 1 root root 64 Aug 10 05:48 6 -> socket:[1341505]
  lrwx------ 1 root root 64 Aug 10 05:48 7 -> socket:[1341507]
  lrwx------ 1 root root 64 Aug 10 05:48 8 -> socket:[1341509]
  lrwx------ 1 root root 64 Aug 10 05:48 9 -> socket:[1341511]
--- mappings naming an nvidia node (an RM-SERVED mmap) ---
  7e1941b27000-7e1941b37000 rw-s 00000000 00:05 515                        /dev/nvidia0
--- containment ---
  Name:	memfd:kayfabe-i
  Uid:	0	0	0	0
  Gid:	0	0	0	0
  Threads:	6
  CapPrm:	0000000000000000
  CapEff:	0000000000000000
  CapBnd:	0000000000000000
  NoNewPrivs:	1
  Seccomp:	0
  Seccomp_filters:	0
  namespaces (vs this shell's):
    user  child=user:[4026533097]  host=user:[4026531837]
    pid   child=pid:[4026533037]  host=pid:[4026531836]
    net   child=net:[4026533101]  host=net:[4026531840]
    mnt   child=mnt:[4026533098]  host=mnt:[4026531841]
    ipc   child=ipc:[4026533100]  host=ipc:[4026531839]
    uts   child=uts:[4026533099]  host=uts:[4026531838]

=== ISOLATE CHILD SETTLED pid 734677  (first seen t+44s, settled at t+52s) ===
cmdline: kayfabe-isolate --proc 0 --gpu 0 --workers 4 --rm real --park none 
ppid   : 722244
ppid is: /workspace/bench/qemu-build/qemu-system-x86_64 -machine q35,accel=kvm -cpu host -smp 3 -m 2048 -driv
--- open descriptors (the RM nodes are the point) ---
  total 0
  lrwx------ 1 root root 64 Aug 10 05:48 0 -> /dev/null
  l-wx------ 1 root root 64 Aug 10 05:48 1 -> /workspace/bench/run_p2_29e7c25_planereal_qemu.log
  lrwx------ 1 root root 64 Aug 10 05:48 10 -> /dev/nvidia0
  l--------- 1 root root 64 Aug 10 05:48 11 -> /dev
  lrwx------ 1 root root 64 Aug 10 05:48 12 -> /dev/nvidia0
  lrwx------ 1 root root 64 Aug 10 05:48 13 -> /dev/nvidia0
  l-wx------ 1 root root 64 Aug 10 05:48 2 -> /workspace/bench/run_p2_29e7c25_planereal_qemu.log
  lrwx------ 1 root root 64 Aug 10 05:48 3 -> socket:[1341503]
  lrwx------ 1 root root 64 Aug 10 05:48 4 -> /dev/nvidia0
  lrwx------ 1 root root 64 Aug 10 05:48 5 -> /dev/nvidiactl
  lrwx------ 1 root root 64 Aug 10 05:48 6 -> socket:[1341505]
  lrwx------ 1 root root 64 Aug 10 05:48 7 -> socket:[1341507]
  lrwx------ 1 root root 64 Aug 10 05:48 8 -> socket:[1341509]
  lrwx------ 1 root root 64 Aug 10 05:48 9 -> socket:[1341511]
--- mappings naming an nvidia node (an RM-SERVED mmap) ---
  7e19410e8000-7e19410f8000 rw-s 00000000 00:05 515                        /dev/nvidia0
  7e19410f8000-7e1941108000 rw-s 00000000 00:05 515                        /dev/nvidia0
  7e1941b27000-7e1941b37000 rw-s 00000000 00:05 515                        /dev/nvidia0
--- containment ---
  Name:	memfd:kayfabe-i
  Uid:	0	0	0	0
  Gid:	0	0	0	0
  Threads:	6
  CapPrm:	0000000000000000
  CapEff:	0000000000000000
  CapBnd:	0000000000000000
  NoNewPrivs:	1
  Seccomp:	0
  Seccomp_filters:	0
  namespaces (vs this shell's):
    user  child=user:[4026533097]  host=user:[4026531837]
    pid   child=pid:[4026533037]  host=pid:[4026531836]
    net   child=net:[4026533101]  host=net:[4026531840]
    mnt   child=mnt:[4026533098]  host=mnt:[4026531841]
    ipc   child=ipc:[4026533100]  host=ipc:[4026531839]
    uts   child=uts:[4026533099]  host=uts:[4026531838]

t+58   [boot_capture:p2_29e7c25_planereal] captured 22 dmesg lines, 19 NVRM, 3 adapter → /workspace/bench/run_p2_29e7c25_planereal_dmesg.log
t+58   [boot_capture:p2_29e7c25_planereal] --- the verdict lines ---
t+58   [   44.419222] NVRM: RmInitNvDevice: *** Cannot load state into the device
t+58   [   44.419225] NVRM: RmInitAdapter: RmInitNvDevice failed, bailing out of RmInitAdapter
t+58   [   45.442133] NVRM: GPU 0000:00:03.0: RmInitAdapter failed! (0x25:0x65:1249)
t+58   [boot_capture:p2_29e7c25_planereal] running POST_CAPTURE_HOOK: /workspace/bench/kayfabe/scripts/bench/guest_cuinit_wall.sh
t+108  [boot_capture:p2_29e7c25_planereal] hook finished: rc=0
t+108  [boot_capture:p2_29e7c25_planereal] powering down (the emulated GSP's WPR2 only resets on a full QEMU restart)
t+112  [boot_capture:p2_29e7c25_planereal] census present:
t+112      2026-08-10T05:49:35.453956Z qemu-system-x86_64: info: nvkvm: doorbells: 3 arrived, 3 served, 0 REFUSED by name; last token 0x00010002 (3 logged)
t+112  [boot_capture:p2_29e7c25_planereal] evidence carried into the repo: /workspace/bench/kayfabe/traces/guest_boots/run_p2_29e7c25_planereal_{qemu,dmesg,probe}.log
t+112  [boot_capture:p2_29e7c25_planereal] ★ NOW COMMIT THEM. `git commit -- <path>` does NOT add untracked files;
t+112  [boot_capture:p2_29e7c25_planereal]   run scripts/bench/assert_boot_evidence.sh before claiming BOOTED.
t+112  [boot_capture:p2_29e7c25_planereal] done. serial=/workspace/bench/run_p2_29e7c25_planereal_serial.log qemu=/workspace/bench/run_p2_29e7c25_planereal_qemu.log dmesg=/workspace/bench/run_p2_29e7c25_planereal_dmesg.log probe=/workspace/bench/run_p2_29e7c25_planereal_probe.log
=== summary ===
boot_capture rc: 0
isolate-child samples: 18   (0 = never seen alive)
distinct isolate-child pids: 1
plane->RmMode mapping check: ok
E0b lazy-spawn check: ok — first isolate child at t+44s, guest opened the device at
            t+37s ⇒ the spawn FOLLOWS the guest's action
=== E1: the device's own isolate-plane census (from /workspace/bench/run_p2_29e7c25_planereal_qemu.log) ===
  2026-08-10T05:49:35.453936Z qemu-system-x86_64: info: nvkvm: isolates: 1 materialized, 1 live, 0 refusing (0 no-plane, 0 spawn-failed)
