2026-08-09T22:20:19.433763Z qemu-system-x86_64: -device nvkvm-gpu,bar1-size=268435456,bar2-size=33554432,id=kf0: info: nvkvm: presenting 10de:2504 class 030000 rev a1 subsys 1462:397d (8 interrupt vectors)
2026-08-09T22:20:19.598384Z qemu-system-x86_64: info: nvkvm: memory plane realized (bar0=0xfd000000 bar1=0xe0000000 bar2=0xf0000000, register plane has guest memory=yes)
2026-08-09T22:20:56.262110Z qemu-system-x86_64: warning: nvkvm: the emulated GSP asked for its STATUS-QUEUE interrupt and this device does not deliver that one. The guest's own interrupt trigger IS delivered; this is the GSP-engine stall vector, which needs a pending bit in the interrupt tree first. A guest that BLOCKS on a status-queue event will not be woken by us — the boot path polls instead.
2026-08-09T22:21:02.420215Z qemu-system-x86_64: info: nvkvm: DOORBELL token 0x00010002 at +0xbb0090 SERVED-LOCAL [CpuCe::ServedLocally]
2026-08-09T22:21:02.422827Z qemu-system-x86_64: info: nvkvm: DOORBELL token 0x00010002 at +0xbb0090 SERVED-LOCAL [CpuCe::ServedLocally]
2026-08-09T22:21:21.974053Z qemu-system-x86_64: info: nvkvm: registers: 4406 reads / 188982 writes (chip-constant 43, rom 2316, gsp 341r/496w, UNCLAIMED 1064r/1070w), faults 0, guest-RAM refusals 0, interrupt requests dropped 190
2026-08-09T22:21:21.974135Z qemu-system-x86_64: info: nvkvm: timer: 63 counter reads, 0 writes REFUSED (the guest reads the host GPU's counter and may not move it)
2026-08-09T22:21:21.974170Z qemu-system-x86_64: info: nvkvm: interrupts: 5 vectors delivered, 0 undeliverable (guest had not enabled the table), 190 status-queue requests dropped
2026-08-09T22:21:21.974204Z qemu-system-x86_64: info: nvkvm: completions: 2 announced (non-stall vector raised), 0 UNVECTORED (work done, nothing told the guest), 2 would be masked by the guest's own LEAF_EN
2026-08-09T22:21:21.974237Z qemu-system-x86_64: info: nvkvm: framebuffer: 548 reads / 186770 writes served through the BAR0 moving window (27 window register reads / 22 writes), fb refusals 0, resident 323584 bytes
2026-08-09T22:21:21.974271Z qemu-system-x86_64: info: nvkvm:   windows with no address model: 0r/0w — read it beside the BAR1 traffic that had to exist for this zero to say anything: 0 translated read(s) / 0 write(s), bar1PdeBase = 0x2f1cac000. ⊘ With 0 BAR1 accesses this line reports nothing about the guest.
2026-08-09T22:21:21.974304Z qemu-system-x86_64: info: nvkvm:   framebuffer residency: 79 page(s) spanning [0x2eb750000..0x2f1cac000] — 25949 page(s) of extent, so the resident set is SPARSE. ⊘ A page NOT in this set was never written; a page in it that reads zero WAS addressed and given zeros. The byte census alone cannot tell those apart.
2026-08-09T22:21:21.974384Z qemu-system-x86_64: info: nvkvm:   framebuffer FIRST-WRITER census: PRAMIN 21 / BAR1 0 / BAR2 57 / EXEC 1 / UNATTRIBUTED 0 page(s) — FIRST writer, not last, so this attributes CREATION and not traffic.
2026-08-09T22:21:21.974422Z qemu-system-x86_64: info: nvkvm:   GPFIFO forward search: swept 79 of 79 resident page(s), and NO page carries GPFIFO-entry-shaped bytes. ⊘ This says the ring's bytes are not in THIS store — it does not say the guest never wrote them.
2026-08-09T22:21:21.974463Z qemu-system-x86_64: info: nvkvm:   trap-status nvkvm-bar0-regs: base 0xfd000000 -> region 'nvkvm-bar0-regs' (OURS), IO — TRAPPED, every guest access reaches this device. ⇒ a never-written page behind this row IS a statement about the guest, because we would have seen the write.
2026-08-09T22:21:21.974523Z qemu-system-x86_64: info: nvkvm:   trap-status nvkvm-bar1-window: base 0xe0000000 -> region 'nvkvm-bar1-window' (OURS), IO — TRAPPED, every guest access reaches this device. ⇒ a never-written page behind this row IS a statement about the guest, because we would have seen the write.
2026-08-09T22:21:21.974558Z qemu-system-x86_64: info: nvkvm:   trap-status nvkvm-bar2-window: base 0xf0000000 -> region 'nvkvm-bar2-window' (OURS), IO — TRAPPED, every guest access reaches this device. ⇒ a never-written page behind this row IS a statement about the guest, because we would have seen the write.
2026-08-09T22:21:21.974617Z qemu-system-x86_64: info: nvkvm:   trap-status nvkvm-msix: base 0xfe052000 -> region 'msix-table' ⚠ (NOT OURS — it overlays this BAR), IO — TRAPPED, every guest access reaches this device. ⇒ a never-written page behind this row IS a statement about the guest, because we would have seen the write.
2026-08-09T22:21:21.974639Z qemu-system-x86_64: info: nvkvm: discarding reservations: none — every region this device presents either traps to the archive or is the interrupt table. ⊘ This is read off the region table, not off a counter, so it cannot go stale the way an unreachable counter did.
2026-08-09T22:21:21.974660Z qemu-system-x86_64: info: nvkvm:   BAR1 access log: EMPTY — no access reached the handler, so there is nothing to attribute. ⊘ Read this beside the trap-status row for this BAR: it means 'no access' only while that row says TRAPPED.
2026-08-09T22:21:21.974680Z qemu-system-x86_64: info: nvkvm: BAR2 (translated): 537 reads / 152792 writes resolved through the GMMU, 0 REFUSED by name; roots published 2 (0 bodies refused), BAR2 root entry 0x0
2026-08-09T22:21:21.974701Z qemu-system-x86_64: info: nvkvm: SET_PAGE_DIRECTORY (0x00801813): NO RECORD LATCHED (0 accepted, 0 refused) — this is NOT "installed into VA space 0"; it is "nothing was installed". A boot that reaches cuInit with 0 accepted did not exercise the rung.
2026-08-09T22:21:21.974722Z qemu-system-x86_64: info: nvkvm: BAR1 (translated): 0 reads / 0 writes resolved through the GMMU, 0 REFUSED by name; bar1PdeBase = 0x2f1cac000 (the framebuffer address WE published and the walk starts from), root entry published by the guest: no, as ogkm-580's two UPDATE_BAR_PDE call sites predict
2026-08-09T22:21:21.974743Z qemu-system-x86_64: info: nvkvm: VA-space page-directory publications: 5 total, 5 distinct, 0 UNDECODABLE (counted from 0x90f10106 / 0x20800a9f ONLY; ⊘ 0x00801813 publishes a root too and is counted on its own line above, so these totals are NOT every root the guest published)
2026-08-09T22:21:21.974763Z qemu-system-x86_64: info: nvkvm:   of those, 5 reached the object model, 4 ACCEPTED (Vas::pdb populated from the guest's own publication), 0 not an event
2026-08-09T22:21:21.974784Z qemu-system-x86_64: info: nvkvm:   gvas cmd 0x20800a9f hClient 0x00000000 hObject 0x00000000 va [0x0000000100000000..0x000000011fffffff] pageSize 0x200000 levels 4 subdev 0/0 x1
2026-08-09T22:21:21.974808Z qemu-system-x86_64: info: nvkvm:     level[0] ROOT phys 0x00000002efbae000 size 0x20 aperture 1 pageShift 47
2026-08-09T22:21:21.974829Z qemu-system-x86_64: info: nvkvm:     level[1] phys 0x00000002efbad000 size 0x1000 aperture 1 pageShift 38
2026-08-09T22:21:21.974851Z qemu-system-x86_64: info: nvkvm:     level[2] phys 0x00000002efbac000 size 0x1000 aperture 1 pageShift 29
2026-08-09T22:21:21.974871Z qemu-system-x86_64: info: nvkvm:     level[3] phys 0x00000002efbab000 size 0x1000 aperture 1 pageShift 21
2026-08-09T22:21:21.974892Z qemu-system-x86_64: info: nvkvm:   gvas cmd 0x90f10106 hClient 0xc1e00005 hObject 0x0000000c va [0x0000000100000000..0x000000011fffffff] pageSize 0x200000 levels 4 subdev 0/0 x1
2026-08-09T22:21:21.974914Z qemu-system-x86_64: info: nvkvm:     level[0] ROOT phys 0x00000002efba5000 size 0x20 aperture 1 pageShift 47
2026-08-09T22:21:21.974934Z qemu-system-x86_64: info: nvkvm:     level[1] phys 0x00000002efba4000 size 0x1000 aperture 1 pageShift 38
2026-08-09T22:21:21.974955Z qemu-system-x86_64: info: nvkvm:     level[2] phys 0x00000002efba3000 size 0x1000 aperture 1 pageShift 29
2026-08-09T22:21:21.974976Z qemu-system-x86_64: info: nvkvm:     level[3] phys 0x00000002efba2000 size 0x1000 aperture 1 pageShift 21
2026-08-09T22:21:21.974996Z qemu-system-x86_64: info: nvkvm:   gvas cmd 0x90f10106 hClient 0xc1e00006 hObject 0x0000000a va [0x0000000100000000..0x000000011fffffff] pageSize 0x200000 levels 4 subdev 0/0 x1
2026-08-09T22:21:21.975017Z qemu-system-x86_64: info: nvkvm:     level[0] ROOT phys 0x00000002efa9c000 size 0x20 aperture 1 pageShift 47
2026-08-09T22:21:21.975038Z qemu-system-x86_64: info: nvkvm:     level[1] phys 0x00000002efa9b000 size 0x1000 aperture 1 pageShift 38
2026-08-09T22:21:21.975067Z qemu-system-x86_64: info: nvkvm:     level[2] phys 0x00000002efa9a000 size 0x1000 aperture 1 pageShift 29
2026-08-09T22:21:21.975088Z qemu-system-x86_64: info: nvkvm:     level[3] phys 0x00000002efa99000 size 0x1000 aperture 1 pageShift 21
2026-08-09T22:21:21.975109Z qemu-system-x86_64: info: nvkvm:   gvas cmd 0x90f10106 hClient 0xc1e00007 hObject 0xbaba0042 va [0x0000000100000000..0x000000011fffffff] pageSize 0x200000 levels 4 subdev 0/0 x1
2026-08-09T22:21:21.975130Z qemu-system-x86_64: info: nvkvm:     level[0] ROOT phys 0x00000002efa7c000 size 0x20 aperture 1 pageShift 47
2026-08-09T22:21:21.975150Z qemu-system-x86_64: info: nvkvm:     level[1] phys 0x00000002efa7b000 size 0x1000 aperture 1 pageShift 38
2026-08-09T22:21:21.975171Z qemu-system-x86_64: info: nvkvm:     level[2] phys 0x00000002efa7a000 size 0x1000 aperture 1 pageShift 29
2026-08-09T22:21:21.975191Z qemu-system-x86_64: info: nvkvm:     level[3] phys 0x00000002efa79000 size 0x1000 aperture 1 pageShift 21
2026-08-09T22:21:21.975212Z qemu-system-x86_64: info: nvkvm:   gvas cmd 0x90f10106 hClient 0xc1d00008 hObject 0xcaf00000 va [0x0000000100000000..0x000000011fffffff] pageSize 0x200000 levels 4 subdev 0/0 x1
2026-08-09T22:21:21.975233Z qemu-system-x86_64: info: nvkvm:     level[0] ROOT phys 0x00000002efa7c000 size 0x20 aperture 1 pageShift 47
2026-08-09T22:21:21.975254Z qemu-system-x86_64: info: nvkvm:     level[1] phys 0x00000002efa7b000 size 0x1000 aperture 1 pageShift 38
2026-08-09T22:21:21.975274Z qemu-system-x86_64: info: nvkvm:     level[2] phys 0x00000002efa7a000 size 0x1000 aperture 1 pageShift 29
2026-08-09T22:21:21.975295Z qemu-system-x86_64: info: nvkvm:     level[3] phys 0x00000002efa79000 size 0x1000 aperture 1 pageShift 21
2026-08-09T22:21:21.975315Z qemu-system-x86_64: info: nvkvm: commands: 191 decoded, 42 UNSERVICED (refused by name; the guest logs these quietly, which is why they are here), 31 distinct
2026-08-09T22:21:21.975359Z qemu-system-x86_64: info: nvkvm:   unserviced fn 76 cmd 0x20800a87
2026-08-09T22:21:21.975382Z qemu-system-x86_64: info: nvkvm:   unserviced fn 76 cmd 0x20800a4b
2026-08-09T22:21:21.975402Z qemu-system-x86_64: info: nvkvm:   unserviced fn 76 cmd 0x20800afe
2026-08-09T22:21:21.975422Z qemu-system-x86_64: info: nvkvm:   unserviced fn 76 cmd 0x20800aff
2026-08-09T22:21:21.975447Z qemu-system-x86_64: info: nvkvm:   unserviced fn 76 cmd 0x20800a70
2026-08-09T22:21:21.975467Z qemu-system-x86_64: info: nvkvm:   unserviced fn 76 cmd 0x20800a80
2026-08-09T22:21:21.975514Z qemu-system-x86_64: info: nvkvm:   unserviced fn 76 cmd 0x20802a0f
2026-08-09T22:21:21.975535Z qemu-system-x86_64: info: nvkvm:   unserviced fn 76 cmd 0x2080017e
2026-08-09T22:21:21.975555Z qemu-system-x86_64: info: nvkvm:   unserviced fn 76 cmd 0x20800a30
2026-08-09T22:21:21.975575Z qemu-system-x86_64: info: nvkvm:   unserviced fn 76 cmd 0x20800a2c
2026-08-09T22:21:21.975595Z qemu-system-x86_64: info: nvkvm:   unserviced fn 76 cmd 0x20800a2e
2026-08-09T22:21:21.975614Z qemu-system-x86_64: info: nvkvm:   unserviced fn 76 cmd 0x20800a34
2026-08-09T22:21:21.975635Z qemu-system-x86_64: info: nvkvm:   unserviced fn 76 cmd 0x20800b03
2026-08-09T22:21:21.975654Z qemu-system-x86_64: info: nvkvm:   unserviced fn 76 cmd 0x20800b05
2026-08-09T22:21:21.975674Z qemu-system-x86_64: info: nvkvm:   unserviced fn 76 cmd 0x20800a3f
2026-08-09T22:21:21.975694Z qemu-system-x86_64: info: nvkvm:   unserviced fn 76 cmd 0x2080013f
2026-08-09T22:21:21.975714Z qemu-system-x86_64: info: nvkvm:   unserviced fn 76 cmd 0x402c0101
2026-08-09T22:21:21.975734Z qemu-system-x86_64: info: nvkvm:   unserviced fn 76 cmd 0x00800294
2026-08-09T22:21:21.975754Z qemu-system-x86_64: info: nvkvm:   unserviced fn 76 cmd 0x20810108
2026-08-09T22:21:21.975774Z qemu-system-x86_64: info: nvkvm:   unserviced fn 76 cmd 0x20810110
2026-08-09T22:21:21.975794Z qemu-system-x86_64: info: nvkvm:   unserviced fn 76 cmd 0x2080014b
2026-08-09T22:21:21.975814Z qemu-system-x86_64: info: nvkvm:   unserviced fn 76 cmd 0x20800157
2026-08-09T22:21:21.975844Z qemu-system-x86_64: info: nvkvm:   unserviced fn 76 cmd 0x20801357
2026-08-09T22:21:21.975864Z qemu-system-x86_64: info: nvkvm:   unserviced fn 76 cmd 0x2080852e
2026-08-09T22:21:21.975884Z qemu-system-x86_64: info: nvkvm:   unserviced fn 76 cmd 0x20808513
2026-08-09T22:21:21.975904Z qemu-system-x86_64: info: nvkvm:   unserviced fn 76 cmd 0x20802068
2026-08-09T22:21:21.975924Z qemu-system-x86_64: info: nvkvm:   unserviced fn 76 cmd 0x2080a618
2026-08-09T22:21:21.975944Z qemu-system-x86_64: info: nvkvm:   unserviced fn 76 cmd 0x2080a612
2026-08-09T22:21:21.975964Z qemu-system-x86_64: info: nvkvm:   unserviced fn 76 cmd 0x20809009
2026-08-09T22:21:21.975984Z qemu-system-x86_64: info: nvkvm:   unserviced fn 76 cmd 0x208f1105
2026-08-09T22:21:21.976004Z qemu-system-x86_64: info: nvkvm:   unserviced fn 76 cmd 0x20800a38
2026-08-09T22:21:21.976024Z qemu-system-x86_64: info: nvkvm: bridge refusals: 10 total, 6 distinct (these ANSWER the command and so never reach the unserviced list)
2026-08-09T22:21:21.976045Z qemu-system-x86_64: info: nvkvm:   bridge refusal BridgeRefusal::AllocClassNotPermitted::NotOnAllowlist x1
2026-08-09T22:21:21.976066Z qemu-system-x86_64: info: nvkvm:   bridge refusal BridgeRefusal::AllocClassNotPermitted::Refused x1
2026-08-09T22:21:21.976086Z qemu-system-x86_64: info: nvkvm:   bridge refusal BridgeRefusal::ReservedClient x1
2026-08-09T22:21:21.976106Z qemu-system-x86_64: info: nvkvm:   bridge refusal BridgeRefusal::UnmappedAllocClass x2
2026-08-09T22:21:21.976126Z qemu-system-x86_64: info: nvkvm:   bridge refusal PromoteFault::UnknownContextObject x1
2026-08-09T22:21:21.976146Z qemu-system-x86_64: info: nvkvm:   bridge refusal RmGraphError::FreeUnknown x4
2026-08-09T22:21:21.976166Z qemu-system-x86_64: info: nvkvm: promote-ctx refusals: 3 distinct kind(s), each with the VA-space census AS IT STOOD AT ITS FIRST refusal
2026-08-09T22:21:21.976187Z qemu-system-x86_64: info: nvkvm:   promote-ctx PromoteFault::UnknownContextObject: UnknownContextObject { client: HClient(3251634184), object: HObject(826366208) } census[2 chans, 2 outcomes] {1x pdb=N own=not-declared cs=not-declared tsg=mid-miss(h0xa,wrong-kind(Device)) dev=dev-default(dev0xa=>h0xc) p0/c0:vc1 Ce c0xc1e00005/0x2} {1x pdb=Y own=ok(h0xa=>c0xc1e00006/0xa) cs=not-attempted tsg=not-attempted dev=not-attempted p0/c1:vc2 Ce c0xc1e00006/0x2}
2026-08-09T22:21:21.976208Z qemu-system-x86_64: info: nvkvm:   promote-ctx promote-ctx ACCEPTED (last, with the census AT it): bound=4 joined=0 already=0 parked=5 half_already=0 half_unusable=0 orphans(awaiting_va=1,awaiting_phys=4) declined.promote_only=4 declined.initialize_only=1 entries=4 halves=5 client=0xc1e00007 chan_client=0xc1e00007 object=0xbaba0045 proc=ProcId(0) census[3 chans, 3 outcomes] {1x pdb=N own=not-declared cs=not-declared tsg=mid-miss(h0xa,wrong-kind(Device)) dev=dev-default(dev0xa=>h0xc) p0/c0:vc1 Ce c0xc1e00005/0x2} {1x pdb=Y own=ok(h0xa=>c0xc1e00006/0xa) cs=not-attempted tsg=not-attempted dev=not-attempted p0/c1:vc2 Ce c0xc1e00006/0x2} {1x pdb=Y own=ok(h0xbaba0042=>c0xc1e00007/0xbaba0042) cs=not-attempted tsg=not-attempted dev=not-attempted p0/c2:vc3 GrCompute c0xc1e00007/0xbaba0045}
2026-08-09T22:21:21.976228Z qemu-system-x86_64: info: nvkvm:   promote-ctx promote-ctx TALLY (cumulative, all promotions): {bid=0x0 phys=0 va=0 complete=1} {bid=0x2 phys=0 va=0 complete=1} {bid=0x3 phys=0 va=1 complete=0} {bid=0x4 phys=0 va=1 complete=0} {bid=0x5 phys=0 va=1 complete=0} {bid=0x6 phys=0 va=1 complete=0} {bid=0x9 phys=0 va=0 complete=1} {bid=0xa phys=1 va=0 complete=0} {bid=0xb phys=0 va=0 complete=1}
2026-08-09T22:21:21.976248Z qemu-system-x86_64: info: nvkvm: probe-arm set: EMPTY (shipping configuration: an arming is served only if the index is on SILENT_NOTIFIERS — the event cannot occur — or DELIVERED_NOTIFIERS — this device raises it; all others refused)
2026-08-09T22:21:21.976269Z qemu-system-x86_64: info: nvkvm: controls: 51 answered, 30 distinct cmd/result rows (result 0 = served; non-zero = served-but-REFUSED, which reaches no other list)
2026-08-09T22:21:21.976297Z qemu-system-x86_64: info: nvkvm:   control 0x20800a36 result 0x00000000 x1
2026-08-09T22:21:21.976319Z qemu-system-x86_64: info: nvkvm:   control 0x20800a41 result 0x00000000 x1
2026-08-09T22:21:21.977007Z qemu-system-x86_64: info: nvkvm:   control 0x208001b0 result 0x00000000 x2
2026-08-09T22:21:21.977092Z qemu-system-x86_64: info: nvkvm:   control 0x20800a40 result 0x00000000 x1
2026-08-09T22:21:21.977116Z qemu-system-x86_64: info: nvkvm:   control 0x20801112 result 0x00000000 x1
2026-08-09T22:21:21.977137Z qemu-system-x86_64: info: nvkvm:   control 0x20800a5c result 0x00000000 x1
2026-08-09T22:21:21.977157Z qemu-system-x86_64: info: nvkvm:   control 0x20800a1c result 0x00000000 x1
2026-08-09T22:21:21.977177Z qemu-system-x86_64: info: nvkvm:   control 0x20801803 result 0x00000000 x1
2026-08-09T22:21:21.977198Z qemu-system-x86_64: info: nvkvm:   control 0x20800af3 result 0x00000000 x2
2026-08-09T22:21:21.977218Z qemu-system-x86_64: info: nvkvm:   control 0x20800aac result 0x00000000 x1
2026-08-09T22:21:21.977239Z qemu-system-x86_64: info: nvkvm:   control 0x20800a61 result 0x00000000 x4
2026-08-09T22:21:21.977259Z qemu-system-x86_64: info: nvkvm:   control 0x20802a08 result 0x00000000 x5
2026-08-09T22:21:21.977279Z qemu-system-x86_64: info: nvkvm:   control 0x20800301 result 0x00000000 x3
2026-08-09T22:21:21.977299Z qemu-system-x86_64: info: nvkvm:   control 0x20800a59 result 0x00000000 x1
2026-08-09T22:21:21.977320Z qemu-system-x86_64: info: nvkvm:   control 0x20800a6c result 0x00000000 x4
2026-08-09T22:21:21.977377Z qemu-system-x86_64: info: nvkvm:   control 0x20800a9f result 0x00000000 x1
2026-08-09T22:21:21.977399Z qemu-system-x86_64: info: nvkvm:   control 0x20800a1f result 0x00000000 x1
2026-08-09T22:21:21.977420Z qemu-system-x86_64: info: nvkvm:   control 0x20800a2a result 0x00000000 x1
2026-08-09T22:21:21.977446Z qemu-system-x86_64: info: nvkvm:   control 0x20800a26 result 0x00000000 x1
2026-08-09T22:21:21.977466Z qemu-system-x86_64: info: nvkvm:   control 0x20800a22 result 0x00000000 x1
2026-08-09T22:21:21.977510Z qemu-system-x86_64: info: nvkvm:   control 0x20800a3d result 0x00000000 x1
2026-08-09T22:21:21.977532Z qemu-system-x86_64: info: nvkvm:   control 0x20800a48 result 0x00000000 x1
2026-08-09T22:21:21.977552Z qemu-system-x86_64: info: nvkvm:   control 0x20800a32 result 0x00000000 x1
2026-08-09T22:21:21.977572Z qemu-system-x86_64: info: nvkvm:   control 0x90f10106 result 0x00000000 x4
2026-08-09T22:21:21.977593Z qemu-system-x86_64: info: nvkvm:   control 0xa06f0103 result 0x00000000 x2
2026-08-09T22:21:21.977613Z qemu-system-x86_64: info: nvkvm:   control 0xa06f0104 result 0x00000000 x1
2026-08-09T22:21:21.977636Z qemu-system-x86_64: info: nvkvm:   control 0x2080012b result 0x00000000 x1
2026-08-09T22:21:21.977656Z qemu-system-x86_64: info: nvkvm:   control 0x2080012b result 0x00000056 x1 REFUSED
2026-08-09T22:21:21.977677Z qemu-system-x86_64: info: nvkvm:   control 0x20800a4c result 0x00000000 x4
2026-08-09T22:21:21.977698Z qemu-system-x86_64: info: nvkvm:   control 0x20800102 result 0x00000000 x1
2026-08-09T22:21:21.977718Z qemu-system-x86_64: info: nvkvm: notifier armings (0x20800301): 3 total, 3 distinct (result 0xffffffff = nothing answered)
2026-08-09T22:21:21.977739Z qemu-system-x86_64: info: nvkvm:   arming event 194 action 2 client 0xc1e00002 object 0xcaf00001 result 0x00000000 x1
2026-08-09T22:21:21.977760Z qemu-system-x86_64: info: nvkvm:   arming event 35 action 2 client 0xc1e00005 object 0x0000000b result 0x00000000 x1
2026-08-09T22:21:21.977781Z qemu-system-x86_64: info: nvkvm:   arming event 35 action 2 client 0xc1e00006 object 0x0000000c result 0x00000000 x1
2026-08-09T22:21:21.977802Z qemu-system-x86_64: info: nvkvm: channel binds (0xa06f0104): 1 total, 1 distinct (result 0xffffffff = nothing answered)
2026-08-09T22:21:21.977824Z qemu-system-x86_64: info: nvkvm:   bind engineType 11 (COPY2) client 0xc1e00006 object 0x00000002 result 0x00000000 x1
2026-08-09T22:21:21.977845Z qemu-system-x86_64: info: nvkvm: isolates: 1 materialized, 1 live, 1 refusing (1 no-plane, 0 spawn-failed)
2026-08-09T22:21:21.977882Z qemu-system-x86_64: info: nvkvm: doorbells: 2 arrived, 2 served, 0 REFUSED by name; last token 0x00010002 (2 logged)
2026-08-09T22:21:21.977905Z qemu-system-x86_64: info: nvkvm:   last CPU-CE serving: cpu-ce: 1 gp, 9 methods, 1 launch (0 release-only), 1 span, 4 B, 1 sem fin va=0x42006c004 -> S:0x221fa004
2026-08-09T22:21:21.977925Z qemu-system-x86_64: info: nvkvm: gpfifo rings: 3 declared, 2 with a non-zero address; first 0x0000000120064000 (4096 entries) — GPU VIRTUAL, untranslated
2026-08-09T22:21:21.977946Z qemu-system-x86_64: info: nvkvm:   isolate refusal [no-plane] this build has no forwarding plane: the object model accepts protocol facts and no host verb can be issued
