2026-08-09T14:10:55.757980Z qemu-system-x86_64: -device nvkvm-gpu,bar1-size=268435456,bar2-size=33554432,id=kf0: info: nvkvm: presenting 10de:2504 class 030000 rev a1 subsys 1462:397d (8 interrupt vectors)
2026-08-09T14:10:55.911221Z qemu-system-x86_64: info: nvkvm: memory plane realized (bar0=0xfd000000 bar1=0xe0000000 bar2=0xf0000000, register plane has guest memory=yes)
2026-08-09T14:11:35.070433Z qemu-system-x86_64: warning: nvkvm: the emulated GSP asked for its STATUS-QUEUE interrupt and this device does not deliver that one. The guest's own interrupt trigger IS delivered; this is the GSP-engine stall vector, which needs a pending bit in the interrupt tree first. A guest that BLOCKS on a status-queue event will not be woken by us — the boot path polls instead.
2026-08-09T14:11:40.798278Z qemu-system-x86_64: info: nvkvm: DOORBELL token 0x00010002 at +0xbb0090 SERVED-LOCAL [CpuCe::ServedLocally]
2026-08-09T14:11:40.799493Z qemu-system-x86_64: info: nvkvm: DOORBELL token 0x00010002 at +0xbb0090 SERVED-LOCAL [CpuCe::ServedLocally]
2026-08-09T14:12:00.461044Z qemu-system-x86_64: info: nvkvm: registers: 4406 reads / 188982 writes (chip-constant 43, rom 2316, gsp 341r/496w, UNCLAIMED 1064r/1070w), faults 0, guest-RAM refusals 0, interrupt requests dropped 190
2026-08-09T14:12:00.461129Z qemu-system-x86_64: info: nvkvm: timer: 63 counter reads, 0 writes REFUSED (the guest reads the host GPU's counter and may not move it)
2026-08-09T14:12:00.461164Z qemu-system-x86_64: info: nvkvm: interrupts: 5 vectors delivered, 0 undeliverable (guest had not enabled the table), 190 status-queue requests dropped
2026-08-09T14:12:00.461198Z qemu-system-x86_64: info: nvkvm: completions: 2 announced (non-stall vector raised), 0 UNVECTORED (work done, nothing told the guest), 2 would be masked by the guest's own LEAF_EN
2026-08-09T14:12:00.461230Z qemu-system-x86_64: info: nvkvm: framebuffer: 548 reads / 186770 writes served through the BAR0 moving window (27 window register reads / 22 writes), fb refusals 0, resident 323584 bytes
2026-08-09T14:12:00.461263Z qemu-system-x86_64: info: nvkvm:   windows with no address model: 0r/0w — and since §16.18 this zero is NO LONGER VACUOUS: BAR1 traps and is translated, so the arm that increments this is reached only by a chip row stating no bar1PdeBase. Read it beside the BAR1 block's bar1PdeBase.
2026-08-09T14:12:00.461295Z qemu-system-x86_64: info: nvkvm:   framebuffer residency: 79 page(s) spanning [0x2eb750000..0x2f1cac000] — 25949 page(s) of extent, so the resident set is SPARSE. ⊘ A page NOT in this set was never written; a page in it that reads zero WAS addressed and given zeros. The byte census alone cannot tell those apart.
2026-08-09T14:12:00.461329Z qemu-system-x86_64: info: nvkvm:   framebuffer FIRST-WRITER census: PRAMIN 21 / BAR1 0 / BAR2 57 / EXEC 1 / UNATTRIBUTED 0 page(s) — FIRST writer, not last, so this attributes CREATION and not traffic.
2026-08-09T14:12:00.461399Z qemu-system-x86_64: info: nvkvm:   GPFIFO forward search: swept 79 of 79 resident page(s), and NO page carries GPFIFO-entry-shaped bytes. ⊘ This says the ring's bytes are not in THIS store — it does not say the guest never wrote them.
2026-08-09T14:12:00.461436Z qemu-system-x86_64: info: nvkvm:   trap-status nvkvm-bar0-regs: base 0xfd000000 -> region 'nvkvm-bar0-regs' (OURS), IO — TRAPPED, every guest access reaches this device. ⇒ a never-written page behind this row IS a statement about the guest, because we would have seen the write.
2026-08-09T14:12:00.461471Z qemu-system-x86_64: info: nvkvm:   trap-status nvkvm-bar1-window: base 0xe0000000 -> region 'nvkvm-bar1-window' (OURS), IO — TRAPPED, every guest access reaches this device. ⇒ a never-written page behind this row IS a statement about the guest, because we would have seen the write.
2026-08-09T14:12:00.461505Z qemu-system-x86_64: info: nvkvm:   trap-status nvkvm-bar2-window: base 0xf0000000 -> region 'nvkvm-bar2-window' (OURS), IO — TRAPPED, every guest access reaches this device. ⇒ a never-written page behind this row IS a statement about the guest, because we would have seen the write.
2026-08-09T14:12:00.461578Z qemu-system-x86_64: info: nvkvm:   trap-status nvkvm-msix: base 0xfe052000 -> region 'msix-table' ⚠ (NOT OURS — it overlays this BAR), IO — TRAPPED, every guest access reaches this device. ⇒ a never-written page behind this row IS a statement about the guest, because we would have seen the write.
2026-08-09T14:12:00.461603Z qemu-system-x86_64: info: nvkvm: discarding reservations: none — every region this device presents either traps to the archive or is the interrupt table. ⊘ This is read off the region table, not off a counter, so it cannot go stale the way an unreachable counter did.
2026-08-09T14:12:00.461623Z qemu-system-x86_64: info: nvkvm:   BAR1 access log: EMPTY — no access reached the handler, so there is nothing to attribute. ⊘ Read this beside the trap-status row for this BAR: it means 'no access' only while that row says TRAPPED.
2026-08-09T14:12:00.461644Z qemu-system-x86_64: info: nvkvm: BAR2 (translated): 537 reads / 152792 writes resolved through the GMMU, 0 REFUSED by name; roots published 2 (0 bodies refused), BAR2 root entry 0x0
2026-08-09T14:12:00.461665Z qemu-system-x86_64: info: nvkvm: BAR1 (translated): 0 reads / 0 writes resolved through the GMMU, 0 REFUSED by name; bar1PdeBase = 0x2f1cac000 (the framebuffer address WE published and the walk starts from), root entry published by the guest: no, as ogkm-580's two UPDATE_BAR_PDE call sites predict
2026-08-09T14:12:00.461687Z qemu-system-x86_64: info: nvkvm: VA-space page-directory publications: 5 total, 5 distinct, 0 UNDECODABLE (0x90f10106 / 0x20800a9f; the ONLY boot-path source of a page-directory root — SET_PAGE_DIRECTORY is never sent)
2026-08-09T14:12:00.461708Z qemu-system-x86_64: info: nvkvm:   of those, 5 reached the object model, 4 ACCEPTED (Vas::pdb populated from the guest's own publication), 0 not an event
2026-08-09T14:12:00.461728Z qemu-system-x86_64: info: nvkvm:   gvas cmd 0x20800a9f hClient 0x00000000 hObject 0x00000000 va [0x0000000100000000..0x000000011fffffff] pageSize 0x200000 levels 4 subdev 0/0 x1
2026-08-09T14:12:00.461752Z qemu-system-x86_64: info: nvkvm:     level[0] ROOT phys 0x00000002efbae000 size 0x20 aperture 1 pageShift 47
2026-08-09T14:12:00.461773Z qemu-system-x86_64: info: nvkvm:     level[1] phys 0x00000002efbad000 size 0x1000 aperture 1 pageShift 38
2026-08-09T14:12:00.461795Z qemu-system-x86_64: info: nvkvm:     level[2] phys 0x00000002efbac000 size 0x1000 aperture 1 pageShift 29
2026-08-09T14:12:00.461815Z qemu-system-x86_64: info: nvkvm:     level[3] phys 0x00000002efbab000 size 0x1000 aperture 1 pageShift 21
2026-08-09T14:12:00.461836Z qemu-system-x86_64: info: nvkvm:   gvas cmd 0x90f10106 hClient 0xc1e00005 hObject 0x0000000c va [0x0000000100000000..0x000000011fffffff] pageSize 0x200000 levels 4 subdev 0/0 x1
2026-08-09T14:12:00.461857Z qemu-system-x86_64: info: nvkvm:     level[0] ROOT phys 0x00000002efba5000 size 0x20 aperture 1 pageShift 47
2026-08-09T14:12:00.461878Z qemu-system-x86_64: info: nvkvm:     level[1] phys 0x00000002efba4000 size 0x1000 aperture 1 pageShift 38
2026-08-09T14:12:00.461898Z qemu-system-x86_64: info: nvkvm:     level[2] phys 0x00000002efba3000 size 0x1000 aperture 1 pageShift 29
2026-08-09T14:12:00.461919Z qemu-system-x86_64: info: nvkvm:     level[3] phys 0x00000002efba2000 size 0x1000 aperture 1 pageShift 21
2026-08-09T14:12:00.461940Z qemu-system-x86_64: info: nvkvm:   gvas cmd 0x90f10106 hClient 0xc1e00006 hObject 0x0000000a va [0x0000000100000000..0x000000011fffffff] pageSize 0x200000 levels 4 subdev 0/0 x1
2026-08-09T14:12:00.461986Z qemu-system-x86_64: info: nvkvm:     level[0] ROOT phys 0x00000002efa9c000 size 0x20 aperture 1 pageShift 47
2026-08-09T14:12:00.462008Z qemu-system-x86_64: info: nvkvm:     level[1] phys 0x00000002efa9b000 size 0x1000 aperture 1 pageShift 38
2026-08-09T14:12:00.462028Z qemu-system-x86_64: info: nvkvm:     level[2] phys 0x00000002efa9a000 size 0x1000 aperture 1 pageShift 29
2026-08-09T14:12:00.462049Z qemu-system-x86_64: info: nvkvm:     level[3] phys 0x00000002efa99000 size 0x1000 aperture 1 pageShift 21
2026-08-09T14:12:00.462080Z qemu-system-x86_64: info: nvkvm:   gvas cmd 0x90f10106 hClient 0xc1e00007 hObject 0xbaba0042 va [0x0000000100000000..0x000000011fffffff] pageSize 0x200000 levels 4 subdev 0/0 x1
2026-08-09T14:12:00.462102Z qemu-system-x86_64: info: nvkvm:     level[0] ROOT phys 0x00000002efa7c000 size 0x20 aperture 1 pageShift 47
2026-08-09T14:12:00.462122Z qemu-system-x86_64: info: nvkvm:     level[1] phys 0x00000002efa7b000 size 0x1000 aperture 1 pageShift 38
2026-08-09T14:12:00.462143Z qemu-system-x86_64: info: nvkvm:     level[2] phys 0x00000002efa7a000 size 0x1000 aperture 1 pageShift 29
2026-08-09T14:12:00.462163Z qemu-system-x86_64: info: nvkvm:     level[3] phys 0x00000002efa79000 size 0x1000 aperture 1 pageShift 21
2026-08-09T14:12:00.462184Z qemu-system-x86_64: info: nvkvm:   gvas cmd 0x90f10106 hClient 0xc1d00008 hObject 0xcaf00000 va [0x0000000100000000..0x000000011fffffff] pageSize 0x200000 levels 4 subdev 0/0 x1
2026-08-09T14:12:00.462205Z qemu-system-x86_64: info: nvkvm:     level[0] ROOT phys 0x00000002efa7c000 size 0x20 aperture 1 pageShift 47
2026-08-09T14:12:00.462226Z qemu-system-x86_64: info: nvkvm:     level[1] phys 0x00000002efa7b000 size 0x1000 aperture 1 pageShift 38
2026-08-09T14:12:00.462246Z qemu-system-x86_64: info: nvkvm:     level[2] phys 0x00000002efa7a000 size 0x1000 aperture 1 pageShift 29
2026-08-09T14:12:00.462267Z qemu-system-x86_64: info: nvkvm:     level[3] phys 0x00000002efa79000 size 0x1000 aperture 1 pageShift 21
2026-08-09T14:12:00.462287Z qemu-system-x86_64: info: nvkvm: commands: 191 decoded, 42 UNSERVICED (refused by name; the guest logs these quietly, which is why they are here), 31 distinct
2026-08-09T14:12:00.462308Z qemu-system-x86_64: info: nvkvm:   unserviced fn 76 cmd 0x20800a87
2026-08-09T14:12:00.462328Z qemu-system-x86_64: info: nvkvm:   unserviced fn 76 cmd 0x20800a4b
2026-08-09T14:12:00.462459Z qemu-system-x86_64: info: nvkvm:   unserviced fn 76 cmd 0x20800afe
2026-08-09T14:12:00.462483Z qemu-system-x86_64: info: nvkvm:   unserviced fn 76 cmd 0x20800aff
2026-08-09T14:12:00.462503Z qemu-system-x86_64: info: nvkvm:   unserviced fn 76 cmd 0x20800a70
2026-08-09T14:12:00.462523Z qemu-system-x86_64: info: nvkvm:   unserviced fn 76 cmd 0x20800a80
2026-08-09T14:12:00.462543Z qemu-system-x86_64: info: nvkvm:   unserviced fn 76 cmd 0x20802a0f
2026-08-09T14:12:00.462563Z qemu-system-x86_64: info: nvkvm:   unserviced fn 76 cmd 0x2080017e
2026-08-09T14:12:00.462583Z qemu-system-x86_64: info: nvkvm:   unserviced fn 76 cmd 0x20800a30
2026-08-09T14:12:00.462603Z qemu-system-x86_64: info: nvkvm:   unserviced fn 76 cmd 0x20800a2c
2026-08-09T14:12:00.462623Z qemu-system-x86_64: info: nvkvm:   unserviced fn 76 cmd 0x20800a2e
2026-08-09T14:12:00.462643Z qemu-system-x86_64: info: nvkvm:   unserviced fn 76 cmd 0x20800a34
2026-08-09T14:12:00.462663Z qemu-system-x86_64: info: nvkvm:   unserviced fn 76 cmd 0x20800b03
2026-08-09T14:12:00.462683Z qemu-system-x86_64: info: nvkvm:   unserviced fn 76 cmd 0x20800b05
2026-08-09T14:12:00.462703Z qemu-system-x86_64: info: nvkvm:   unserviced fn 76 cmd 0x20800a3f
2026-08-09T14:12:00.462723Z qemu-system-x86_64: info: nvkvm:   unserviced fn 76 cmd 0x2080013f
2026-08-09T14:12:00.462743Z qemu-system-x86_64: info: nvkvm:   unserviced fn 76 cmd 0x402c0101
2026-08-09T14:12:00.462763Z qemu-system-x86_64: info: nvkvm:   unserviced fn 76 cmd 0x00800294
2026-08-09T14:12:00.462783Z qemu-system-x86_64: info: nvkvm:   unserviced fn 76 cmd 0x20810108
2026-08-09T14:12:00.462803Z qemu-system-x86_64: info: nvkvm:   unserviced fn 76 cmd 0x20810110
2026-08-09T14:12:00.462823Z qemu-system-x86_64: info: nvkvm:   unserviced fn 76 cmd 0x2080014b
2026-08-09T14:12:00.462843Z qemu-system-x86_64: info: nvkvm:   unserviced fn 76 cmd 0x20800157
2026-08-09T14:12:00.462863Z qemu-system-x86_64: info: nvkvm:   unserviced fn 76 cmd 0x20801357
2026-08-09T14:12:00.462883Z qemu-system-x86_64: info: nvkvm:   unserviced fn 76 cmd 0x2080852e
2026-08-09T14:12:00.462903Z qemu-system-x86_64: info: nvkvm:   unserviced fn 76 cmd 0x20808513
2026-08-09T14:12:00.462935Z qemu-system-x86_64: info: nvkvm:   unserviced fn 76 cmd 0x20802068
2026-08-09T14:12:00.462980Z qemu-system-x86_64: info: nvkvm:   unserviced fn 76 cmd 0x2080a618
2026-08-09T14:12:00.463001Z qemu-system-x86_64: info: nvkvm:   unserviced fn 76 cmd 0x2080a612
2026-08-09T14:12:00.463021Z qemu-system-x86_64: info: nvkvm:   unserviced fn 76 cmd 0x20809009
2026-08-09T14:12:00.463041Z qemu-system-x86_64: info: nvkvm:   unserviced fn 76 cmd 0x208f1105
2026-08-09T14:12:00.463061Z qemu-system-x86_64: info: nvkvm:   unserviced fn 76 cmd 0x20800a38
2026-08-09T14:12:00.463081Z qemu-system-x86_64: info: nvkvm: bridge refusals: 10 total, 6 distinct (these ANSWER the command and so never reach the unserviced list)
2026-08-09T14:12:00.463101Z qemu-system-x86_64: info: nvkvm:   bridge refusal BridgeRefusal::AllocClassNotPermitted::NotOnAllowlist x1
2026-08-09T14:12:00.463122Z qemu-system-x86_64: info: nvkvm:   bridge refusal BridgeRefusal::AllocClassNotPermitted::Refused x1
2026-08-09T14:12:00.463142Z qemu-system-x86_64: info: nvkvm:   bridge refusal BridgeRefusal::ReservedClient x1
2026-08-09T14:12:00.463162Z qemu-system-x86_64: info: nvkvm:   bridge refusal BridgeRefusal::UnmappedAllocClass x2
2026-08-09T14:12:00.463183Z qemu-system-x86_64: info: nvkvm:   bridge refusal PromoteFault::UnknownContextObject x1
2026-08-09T14:12:00.463203Z qemu-system-x86_64: info: nvkvm:   bridge refusal RmGraphError::FreeUnknown x4
2026-08-09T14:12:00.463223Z qemu-system-x86_64: info: nvkvm: probe-arm set: EMPTY (shipping configuration: an arming is served only if the index is on SILENT_NOTIFIERS — the event cannot occur — or DELIVERED_NOTIFIERS — this device raises it; all others refused)
2026-08-09T14:12:00.463243Z qemu-system-x86_64: info: nvkvm: controls: 51 answered, 30 distinct cmd/result rows (result 0 = served; non-zero = served-but-REFUSED, which reaches no other list)
2026-08-09T14:12:00.463264Z qemu-system-x86_64: info: nvkvm:   control 0x20800a36 result 0x00000000 x1
2026-08-09T14:12:00.463285Z qemu-system-x86_64: info: nvkvm:   control 0x20800a41 result 0x00000000 x1
2026-08-09T14:12:00.463305Z qemu-system-x86_64: info: nvkvm:   control 0x208001b0 result 0x00000000 x2
2026-08-09T14:12:00.463325Z qemu-system-x86_64: info: nvkvm:   control 0x20800a40 result 0x00000000 x1
2026-08-09T14:12:00.463377Z qemu-system-x86_64: info: nvkvm:   control 0x20801112 result 0x00000000 x1
2026-08-09T14:12:00.463399Z qemu-system-x86_64: info: nvkvm:   control 0x20800a5c result 0x00000000 x1
2026-08-09T14:12:00.463419Z qemu-system-x86_64: info: nvkvm:   control 0x20800a1c result 0x00000000 x1
2026-08-09T14:12:00.463439Z qemu-system-x86_64: info: nvkvm:   control 0x20801803 result 0x00000000 x1
2026-08-09T14:12:00.463459Z qemu-system-x86_64: info: nvkvm:   control 0x20800af3 result 0x00000000 x2
2026-08-09T14:12:00.463479Z qemu-system-x86_64: info: nvkvm:   control 0x20800aac result 0x00000000 x1
2026-08-09T14:12:00.463500Z qemu-system-x86_64: info: nvkvm:   control 0x20800a61 result 0x00000000 x4
2026-08-09T14:12:00.463520Z qemu-system-x86_64: info: nvkvm:   control 0x20802a08 result 0x00000000 x5
2026-08-09T14:12:00.463540Z qemu-system-x86_64: info: nvkvm:   control 0x20800301 result 0x00000000 x3
2026-08-09T14:12:00.463560Z qemu-system-x86_64: info: nvkvm:   control 0x20800a59 result 0x00000000 x1
2026-08-09T14:12:00.463580Z qemu-system-x86_64: info: nvkvm:   control 0x20800a6c result 0x00000000 x4
2026-08-09T14:12:00.463600Z qemu-system-x86_64: info: nvkvm:   control 0x20800a9f result 0x00000000 x1
2026-08-09T14:12:00.463621Z qemu-system-x86_64: info: nvkvm:   control 0x20800a1f result 0x00000000 x1
2026-08-09T14:12:00.463641Z qemu-system-x86_64: info: nvkvm:   control 0x20800a2a result 0x00000000 x1
2026-08-09T14:12:00.463661Z qemu-system-x86_64: info: nvkvm:   control 0x20800a26 result 0x00000000 x1
2026-08-09T14:12:00.463681Z qemu-system-x86_64: info: nvkvm:   control 0x20800a22 result 0x00000000 x1
2026-08-09T14:12:00.463701Z qemu-system-x86_64: info: nvkvm:   control 0x20800a3d result 0x00000000 x1
2026-08-09T14:12:00.463722Z qemu-system-x86_64: info: nvkvm:   control 0x20800a48 result 0x00000000 x1
2026-08-09T14:12:00.463754Z qemu-system-x86_64: info: nvkvm:   control 0x20800a32 result 0x00000000 x1
2026-08-09T14:12:00.463774Z qemu-system-x86_64: info: nvkvm:   control 0x90f10106 result 0x00000000 x4
2026-08-09T14:12:00.463794Z qemu-system-x86_64: info: nvkvm:   control 0xa06f0103 result 0x00000000 x2
2026-08-09T14:12:00.463815Z qemu-system-x86_64: info: nvkvm:   control 0xa06f0104 result 0x00000000 x1
2026-08-09T14:12:00.463835Z qemu-system-x86_64: info: nvkvm:   control 0x2080012b result 0x00000000 x1
2026-08-09T14:12:00.463855Z qemu-system-x86_64: info: nvkvm:   control 0x2080012b result 0x00000056 x1 REFUSED
2026-08-09T14:12:00.463894Z qemu-system-x86_64: info: nvkvm:   control 0x20800a4c result 0x00000000 x4
2026-08-09T14:12:00.463915Z qemu-system-x86_64: info: nvkvm:   control 0x20800102 result 0x00000000 x1
2026-08-09T14:12:00.463935Z qemu-system-x86_64: info: nvkvm: notifier armings (0x20800301): 3 total, 3 distinct (result 0xffffffff = nothing answered)
2026-08-09T14:12:00.463974Z qemu-system-x86_64: info: nvkvm:   arming event 194 action 2 client 0xc1e00002 object 0xcaf00001 result 0x00000000 x1
2026-08-09T14:12:00.463996Z qemu-system-x86_64: info: nvkvm:   arming event 35 action 2 client 0xc1e00005 object 0x0000000b result 0x00000000 x1
2026-08-09T14:12:00.464017Z qemu-system-x86_64: info: nvkvm:   arming event 35 action 2 client 0xc1e00006 object 0x0000000c result 0x00000000 x1
2026-08-09T14:12:00.464038Z qemu-system-x86_64: info: nvkvm: channel binds (0xa06f0104): 1 total, 1 distinct (result 0xffffffff = nothing answered)
2026-08-09T14:12:00.464059Z qemu-system-x86_64: info: nvkvm:   bind engineType 11 (COPY2) client 0xc1e00006 object 0x00000002 result 0x00000000 x1
2026-08-09T14:12:00.464080Z qemu-system-x86_64: info: nvkvm: isolates: 1 materialized, 1 live, 1 refusing (1 no-plane, 0 spawn-failed)
2026-08-09T14:12:00.464101Z qemu-system-x86_64: info: nvkvm: doorbells: 2 arrived, 2 served, 0 REFUSED by name; last token 0x00010002 (2 logged)
2026-08-09T14:12:00.464123Z qemu-system-x86_64: info: nvkvm:   last CPU-CE serving: cpu-ce: 1 gp, 9 methods, 1 launch (0 release-only), 1 span, 4 B, 1 sem fin va=0x42006c004 -> S:0x7263004
2026-08-09T14:12:00.464144Z qemu-system-x86_64: info: nvkvm: gpfifo rings: 3 declared, 2 with a non-zero address; first 0x0000000120064000 (4096 entries) — GPU VIRTUAL, untranslated
2026-08-09T14:12:00.464165Z qemu-system-x86_64: info: nvkvm:   isolate refusal [no-plane] this build has no forwarding plane: the object model accepts protocol facts and no host verb can be issued
