2026-08-10T13:55:30.224439Z qemu-system-x86_64: -device nvkvm-gpu,bar1-size=268435456,bar2-size=33554432,id=kf0: info: nvkvm: presenting 10de:2504 class 030000 rev a1 subsys 1462:397d (8 interrupt vectors)
kayfabe: EXECUTORS isolate_plane=real ce_executor=local ⇒ local_ce_is_the_only_executor=true
2026-08-10T13:55:30.370600Z qemu-system-x86_64: info: nvkvm: memory plane realized (bar0=0xfd000000 bar1=0xe0000000 bar2=0xf0000000, register plane has guest memory=yes)
2026-08-10T13:56:07.224244Z qemu-system-x86_64: warning: nvkvm: the emulated GSP asked for its STATUS-QUEUE interrupt and this device does not deliver that one. It is the archive's own service cadence, not a guest waiting on anything: delivering it would send one message per doorbell with nothing pending behind it. A guest that BLOCKS on a REGISTERED os-event IS woken — that path latches the GSP engine's stall vector and delivers; see the "os-events" lines in this report for whether it fired.
2026-08-10T13:56:12.274356Z qemu-system-x86_64: info: nvkvm: DOORBELL token 0x00010002 at +0xbb0090 SERVED-LOCAL [CpuCe::ServedLocally]
2026-08-10T13:56:12.275166Z qemu-system-x86_64: info: nvkvm: DOORBELL token 0x00010002 at +0xbb0090 SERVED-LOCAL [CpuCe::ServedLocally]
2026-08-10T13:56:27.547174Z qemu-system-x86_64: warning: nvkvm: the emulated GSP refused a register write at +0x110c00: GspFault::QueueNotBound
2026-08-10T13:56:27.547437Z qemu-system-x86_64: warning: nvkvm: the emulated GSP refused a register write at +0x110c00: GspFault::QueueNotBound
2026-08-10T13:56:32.752525Z qemu-system-x86_64: info: nvkvm: DOORBELL token 0x00010002 at +0xbb0090 SERVED-LOCAL [CpuCe::ServedLocally]
2026-08-10T13:56:32.753784Z qemu-system-x86_64: info: nvkvm: DOORBELL token 0x00010002 at +0xbb0090 SERVED-LOCAL [CpuCe::ServedLocally]
2026-08-10T13:56:34.508749Z qemu-system-x86_64: info: nvkvm: DOORBELL token 0x00010003 at +0xbb0090 SERVED-LOCAL [CpuCe::ServedLocally]
2026-08-10T13:56:34.576750Z qemu-system-x86_64: info: nvkvm: DOORBELL token 0x00010004 at +0xbb0090 SERVED-LOCAL [CpuCe::ServedLocally]
2026-08-10T13:56:34.643909Z qemu-system-x86_64: info: nvkvm: DOORBELL token 0x00020005 at +0xbb0090 SERVED-LOCAL [CpuCe::ServedLocally]
2026-08-10T13:56:34.707530Z qemu-system-x86_64: info: nvkvm: DOORBELL token 0x00020006 at +0xbb0090 SERVED-LOCAL [CpuCe::ServedLocally]
2026-08-10T13:56:34.708531Z qemu-system-x86_64: info: nvkvm: DOORBELL token 0x00010003 at +0xbb0090 SERVED-LOCAL [CpuCe::ServedLocally]
2026-08-10T13:56:34.734900Z qemu-system-x86_64: info: nvkvm: DOORBELL token 0x00010003 at +0xbb0090 SERVED-LOCAL [CpuCe::ServedLocally]
2026-08-10T13:56:34.739740Z qemu-system-x86_64: info: nvkvm: DOORBELL token 0x00010003 at +0xbb0090 SERVED-LOCAL [CpuCe::ServedLocally]
2026-08-10T13:56:34.741496Z qemu-system-x86_64: info: nvkvm: DOORBELL token 0x00010003 at +0xbb0090 SERVED-LOCAL [CpuCe::ServedLocally]
2026-08-10T13:56:34.744311Z qemu-system-x86_64: info: nvkvm: DOORBELL token 0x00010003 at +0xbb0090 SERVED-LOCAL [CpuCe::ServedLocally]
2026-08-10T13:56:34.746099Z qemu-system-x86_64: info: nvkvm: DOORBELL token 0x00010003 at +0xbb0090 SERVED-LOCAL [CpuCe::ServedLocally]
2026-08-10T13:56:34.749415Z qemu-system-x86_64: info: nvkvm: DOORBELL token 0x00010003 at +0xbb0090 SERVED-LOCAL [CpuCe::ServedLocally]
2026-08-10T13:56:34.752744Z qemu-system-x86_64: info: nvkvm: DOORBELL token 0x00010003 at +0xbb0090 SERVED-LOCAL [CpuCe::ServedLocally]
2026-08-10T13:56:34.937524Z qemu-system-x86_64: info: nvkvm: DOORBELL-HEARTBEAT arrival #32 token 0x00010003
2026-08-10T13:56:34.956960Z qemu-system-x86_64: info: nvkvm: DOORBELL-HEARTBEAT arrival #64 token 0x00010003
kayfabe: GR-PUSHBUFFER token=0x00000007 engine=GrCompute ring=0x200200000 idx=0 entries=1024 ranges=1 methods=86 bytes=864 | range va=0x200400000 len=864
      m[000] hdr=0x20012000 sub=1 addr=0x0000 count=1 secop=1 args=[0x0000c7c0]
      m[001] hdr=0x20012040 sub=1 addr=0x0100 count=1 secop=1 args=[0x00000000]
      m[002] hdr=0x200120a8 sub=1 addr=0x02a0 count=1 secop=1 args=[0x00007978]
      m[003] hdr=0x200120a9 sub=1 addr=0x02a4 count=1 secop=1 args=[0xd1000000]
      m[004] hdr=0x200120c4 sub=1 addr=0x0310 count=1 secop=1 args=[0x00000806]
      m[005] hdr=0x20012092 sub=1 addr=0x0248 count=1 secop=1 args=[0x0005403f]
      m[006] hdr=0x20012092 sub=1 addr=0x0248 count=1 secop=1 args=[0x0005403e]
      m[007] hdr=0x20012092 sub=1 addr=0x0248 count=1 secop=1 args=[0x0005403d]
      m[008] hdr=0x20012092 sub=1 addr=0x0248 count=1 secop=1 args=[0x0005403c]
      m[009] hdr=0x20012092 sub=1 addr=0x0248 count=1 secop=1 args=[0x0005403b]
      m[010] hdr=0x20012092 sub=1 addr=0x0248 count=1 secop=1 args=[0x0005403a]
      m[011] hdr=0x20012092 sub=1 addr=0x0248 count=1 secop=1 args=[0x00054039]
      m[012] hdr=0x20012092 sub=1 addr=0x0248 count=1 secop=1 args=[0x00054038]
      m[013] hdr=0x20012092 sub=1 addr=0x0248 count=1 secop=1 args=[0x00054037]
      m[014] hdr=0x20012092 sub=1 addr=0x0248 count=1 secop=1 args=[0x00054036]
      m[015] hdr=0x20012092 sub=1 addr=0x0248 count=1 secop=1 args=[0x00054035]
      m[016] hdr=0x20012092 sub=1 addr=0x0248 count=1 secop=1 args=[0x00054034]
      m[017] hdr=0x20012092 sub=1 addr=0x0248 count=1 secop=1 args=[0x00054033]
      m[018] hdr=0x20012092 sub=1 addr=0x0248 count=1 secop=1 args=[0x00054032]
      m[019] hdr=0x20012092 sub=1 addr=0x0248 count=1 secop=1 args=[0x00054031]
      m[020] hdr=0x20012092 sub=1 addr=0x0248 count=1 secop=1 args=[0x00054030]
      m[021] hdr=0x20012092 sub=1 addr=0x0248 count=1 secop=1 args=[0x0005402f]
      m[022] hdr=0x20012092 sub=1 addr=0x0248 count=1 secop=1 args=[0x0005402e]
      m[023] hdr=0x20012092 sub=1 addr=0x0248 count=1 secop=1 args=[0x0005402d]
      m[024] hdr=0x20012092 sub=1 addr=0x0248 count=1 secop=1 args=[0x0005402c]
      m[025] hdr=0x20012092 sub=1 addr=0x0248 count=1 secop=1 args=[0x0005402b]
      m[026] hdr=0x20012092 sub=1 addr=0x0248 count=1 secop=1 args=[0x0005402a]
      m[027] hdr=0x20012092 sub=1 addr=0x0248 count=1 secop=1 args=[0x00054029]
      m[028] hdr=0x20012092 sub=1 addr=0x0248 count=1 secop=1 args=[0x00054028]
      m[029] hdr=0x20012092 sub=1 addr=0x0248 count=1 secop=1 args=[0x00054027]
      m[030] hdr=0x20012092 sub=1 addr=0x0248 count=1 secop=1 args=[0x00054026]
      m[031] hdr=0x20012092 sub=1 addr=0x0248 count=1 secop=1 args=[0x00054025]
      m[032] hdr=0x20012092 sub=1 addr=0x0248 count=1 secop=1 args=[0x00054024]
      m[033] hdr=0x20012092 sub=1 addr=0x0248 count=1 secop=1 args=[0x00054023]
      m[034] hdr=0x20012092 sub=1 addr=0x0248 count=1 secop=1 args=[0x00054022]
      m[035] hdr=0x20012092 sub=1 addr=0x0248 count=1 secop=1 args=[0x00054021]
      m[036] hdr=0x20012092 sub=1 addr=0x0248 count=1 secop=1 args=[0x00054020]
      m[037] hdr=0x20012092 sub=1 addr=0x0248 count=1 secop=1 args=[0x0005401f]
      m[038] hdr=0x20012092 sub=1 addr=0x0248 count=1 secop=1 args=[0x0005401e]
      m[039] hdr=0x20012092 sub=1 addr=0x0248 count=1 secop=1 args=[0x0005401d]
      m[040] hdr=0x20012092 sub=1 addr=0x0248 count=1 secop=1 args=[0x0005401c]
      m[041] hdr=0x20012092 sub=1 addr=0x0248 count=1 secop=1 args=[0x0005401b]
      m[042] hdr=0x20012092 sub=1 addr=0x0248 count=1 secop=1 args=[0x0005401a]
      m[043] hdr=0x20012092 sub=1 addr=0x0248 count=1 secop=1 args=[0x00054019]
      m[044] hdr=0x20012092 sub=1 addr=0x0248 count=1 secop=1 args=[0x00054018]
      m[045] hdr=0x20012092 sub=1 addr=0x0248 count=1 secop=1 args=[0x00054017]
      m[046] hdr=0x20012092 sub=1 addr=0x0248 count=1 secop=1 args=[0x00054016]
      m[047] hdr=0x20012092 sub=1 addr=0x0248 count=1 secop=1 args=[0x00054015]
      m[048] hdr=0x20012092 sub=1 addr=0x0248 count=1 secop=1 args=[0x00054014]
      m[049] hdr=0x20012092 sub=1 addr=0x0248 count=1 secop=1 args=[0x00054013]
      m[050] hdr=0x20012092 sub=1 addr=0x0248 count=1 secop=1 args=[0x00054012]
      m[051] hdr=0x20012092 sub=1 addr=0x0248 count=1 secop=1 args=[0x00054011]
      m[052] hdr=0x20012092 sub=1 addr=0x0248 count=1 secop=1 args=[0x00054010]
      m[053] hdr=0x20012092 sub=1 addr=0x0248 count=1 secop=1 args=[0x0005400f]
      m[054] hdr=0x20012092 sub=1 addr=0x0248 count=1 secop=1 args=[0x0005400e]
      m[055] hdr=0x20012092 sub=1 addr=0x0248 count=1 secop=1 args=[0x0005400d]
      m[056] hdr=0x20012092 sub=1 addr=0x0248 count=1 secop=1 args=[0x0005400c]
      m[057] hdr=0x20012092 sub=1 addr=0x0248 count=1 secop=1 args=[0x0005400b]
      m[058] hdr=0x20012092 sub=1 addr=0x0248 count=1 secop=1 args=[0x0005400a]
      m[059] hdr=0x20012092 sub=1 addr=0x0248 count=1 secop=1 args=[0x00054009]
      m[060] hdr=0x20012092 sub=1 addr=0x0248 count=1 secop=1 args=[0x00054008]
      m[061] hdr=0x20012092 sub=1 addr=0x0248 count=1 secop=1 args=[0x00054007]
      m[062] hdr=0x20012092 sub=1 addr=0x0248 count=1 secop=1 args=[0x00054006]
      m[063] hdr=0x20012092 sub=1 addr=0x0248 count=1 secop=1 args=[0x00054005]
      m[064] hdr=0x20012092 sub=1 addr=0x0248 count=1 secop=1 args=[0x00054004]
      m[065] hdr=0x20012092 sub=1 addr=0x0248 count=1 secop=1 args=[0x00054003]
      m[066] hdr=0x20012092 sub=1 addr=0x0248 count=1 secop=1 args=[0x00054002]
      m[067] hdr=0x20012092 sub=1 addr=0x0248 count=1 secop=1 args=[0x00054001]
      m[068] hdr=0x20012092 sub=1 addr=0x0248 count=1 secop=1 args=[0x00054000]
      m[069] hdr=0x2001208f sub=1 addr=0x023c count=1 secop=1 args=[0x00000001]
      m[070] hdr=0x20032080 sub=1 addr=0x0200 count=3 secop=1 args=[0x00000002,0x00000000,0x000a8000]
      m[071] hdr=0x200120bb sub=1 addr=0x02ec count=1 secop=1 args=[0x0000000e]
      m[072] hdr=0x20012045 sub=1 addr=0x0114 count=1 secop=1 args=[0x00000000]
      m[073] hdr=0x600f2046 sub=1 addr=0x0118 count=15 secop=3 args=[0x00140003,0x1d00001b,0x71c08300,0x00000003,0x18c00000,0xb01c5f00,0x00200003,0x18c00000,..+7]
      m[074] hdr=0x20022047 sub=1 addr=0x011c count=2 secop=1 args=[0x00000000,0x00000000]
      m[075] hdr=0x20012045 sub=1 addr=0x0114 count=1 secop=1 args=[0x0000000f]
      m[076] hdr=0x60182046 sub=1 addr=0x0118 count=24 secop=3 args=[0x00000003,0x1d080000,0x31c00300,0x00540003,0x00c00455,0x31c00300,0x2a200003,0x00c00056,..+16]
      m[077] hdr=0x20022047 sub=1 addr=0x011c count=2 secop=1 args=[0x00000001,0x0000000f]
      m[078] hdr=0x20018000 sub=4 addr=0x0000 count=1 secop=1 args=[0x0000c7b5]
      m[079] hdr=0x2001255d sub=1 addr=0x1574 count=1 secop=1 args=[0x00000100]
      m[080] hdr=0x2001255e sub=1 addr=0x1578 count=1 secop=1 args=[0x00000000]
      m[081] hdr=0x2001255f sub=1 addr=0x157c count=1 secop=1 args=[0x000fffff]
      m[082] hdr=0x20012557 sub=1 addr=0x155c count=1 secop=1 args=[0x00000100]
      m[083] hdr=0x20012558 sub=1 addr=0x1560 count=1 secop=1 args=[0x02000000]
      m[084] hdr=0x20012559 sub=1 addr=0x1564 count=1 secop=1 args=[0x00000000]
      m[085] hdr=0x200426c0 sub=1 addr=0x1b00 count=4 secop=1 args=[0x00000002,0x0440fff0,0x00000001,0x00000000]
2026-08-10T13:56:35.831219Z qemu-system-x86_64: info: nvkvm: DOORBELL-REFUSED #1 token 0x00000007 at +0xbb0090 [Route::NotACopyEngineChannel]
kayfabe: GR-PUSHBUFFER token=0x00000008 engine=GrCompute ring=0x200203000 idx=0 entries=1024 ranges=1 methods=86 bytes=864 | range va=0x200800000 len=864
      m[000] hdr=0x20012000 sub=1 addr=0x0000 count=1 secop=1 args=[0x0000c7c0]
      m[001] hdr=0x20012040 sub=1 addr=0x0100 count=1 secop=1 args=[0x00000000]
      m[002] hdr=0x200120a8 sub=1 addr=0x02a0 count=1 secop=1 args=[0x00007978]
      m[003] hdr=0x200120a9 sub=1 addr=0x02a4 count=1 secop=1 args=[0xd1000000]
      m[004] hdr=0x200120c4 sub=1 addr=0x0310 count=1 secop=1 args=[0x00000806]
      m[005] hdr=0x20012092 sub=1 addr=0x0248 count=1 secop=1 args=[0x0005403f]
      m[006] hdr=0x20012092 sub=1 addr=0x0248 count=1 secop=1 args=[0x0005403e]
      m[007] hdr=0x20012092 sub=1 addr=0x0248 count=1 secop=1 args=[0x0005403d]
      m[008] hdr=0x20012092 sub=1 addr=0x0248 count=1 secop=1 args=[0x0005403c]
      m[009] hdr=0x20012092 sub=1 addr=0x0248 count=1 secop=1 args=[0x0005403b]
      m[010] hdr=0x20012092 sub=1 addr=0x0248 count=1 secop=1 args=[0x0005403a]
      m[011] hdr=0x20012092 sub=1 addr=0x0248 count=1 secop=1 args=[0x00054039]
      m[012] hdr=0x20012092 sub=1 addr=0x0248 count=1 secop=1 args=[0x00054038]
      m[013] hdr=0x20012092 sub=1 addr=0x0248 count=1 secop=1 args=[0x00054037]
      m[014] hdr=0x20012092 sub=1 addr=0x0248 count=1 secop=1 args=[0x00054036]
      m[015] hdr=0x20012092 sub=1 addr=0x0248 count=1 secop=1 args=[0x00054035]
      m[016] hdr=0x20012092 sub=1 addr=0x0248 count=1 secop=1 args=[0x00054034]
      m[017] hdr=0x20012092 sub=1 addr=0x0248 count=1 secop=1 args=[0x00054033]
      m[018] hdr=0x20012092 sub=1 addr=0x0248 count=1 secop=1 args=[0x00054032]
      m[019] hdr=0x20012092 sub=1 addr=0x0248 count=1 secop=1 args=[0x00054031]
      m[020] hdr=0x20012092 sub=1 addr=0x0248 count=1 secop=1 args=[0x00054030]
      m[021] hdr=0x20012092 sub=1 addr=0x0248 count=1 secop=1 args=[0x0005402f]
      m[022] hdr=0x20012092 sub=1 addr=0x0248 count=1 secop=1 args=[0x0005402e]
      m[023] hdr=0x20012092 sub=1 addr=0x0248 count=1 secop=1 args=[0x0005402d]
      m[024] hdr=0x20012092 sub=1 addr=0x0248 count=1 secop=1 args=[0x0005402c]
      m[025] hdr=0x20012092 sub=1 addr=0x0248 count=1 secop=1 args=[0x0005402b]
      m[026] hdr=0x20012092 sub=1 addr=0x0248 count=1 secop=1 args=[0x0005402a]
      m[027] hdr=0x20012092 sub=1 addr=0x0248 count=1 secop=1 args=[0x00054029]
      m[028] hdr=0x20012092 sub=1 addr=0x0248 count=1 secop=1 args=[0x00054028]
      m[029] hdr=0x20012092 sub=1 addr=0x0248 count=1 secop=1 args=[0x00054027]
      m[030] hdr=0x20012092 sub=1 addr=0x0248 count=1 secop=1 args=[0x00054026]
      m[031] hdr=0x20012092 sub=1 addr=0x0248 count=1 secop=1 args=[0x00054025]
      m[032] hdr=0x20012092 sub=1 addr=0x0248 count=1 secop=1 args=[0x00054024]
      m[033] hdr=0x20012092 sub=1 addr=0x0248 count=1 secop=1 args=[0x00054023]
      m[034] hdr=0x20012092 sub=1 addr=0x0248 count=1 secop=1 args=[0x00054022]
      m[035] hdr=0x20012092 sub=1 addr=0x0248 count=1 secop=1 args=[0x00054021]
      m[036] hdr=0x20012092 sub=1 addr=0x0248 count=1 secop=1 args=[0x00054020]
      m[037] hdr=0x20012092 sub=1 addr=0x0248 count=1 secop=1 args=[0x0005401f]
      m[038] hdr=0x20012092 sub=1 addr=0x0248 count=1 secop=1 args=[0x0005401e]
      m[039] hdr=0x20012092 sub=1 addr=0x0248 count=1 secop=1 args=[0x0005401d]
      m[040] hdr=0x20012092 sub=1 addr=0x0248 count=1 secop=1 args=[0x0005401c]
      m[041] hdr=0x20012092 sub=1 addr=0x0248 count=1 secop=1 args=[0x0005401b]
      m[042] hdr=0x20012092 sub=1 addr=0x0248 count=1 secop=1 args=[0x0005401a]
      m[043] hdr=0x20012092 sub=1 addr=0x0248 count=1 secop=1 args=[0x00054019]
      m[044] hdr=0x20012092 sub=1 addr=0x0248 count=1 secop=1 args=[0x00054018]
      m[045] hdr=0x20012092 sub=1 addr=0x0248 count=1 secop=1 args=[0x00054017]
      m[046] hdr=0x20012092 sub=1 addr=0x0248 count=1 secop=1 args=[0x00054016]
      m[047] hdr=0x20012092 sub=1 addr=0x0248 count=1 secop=1 args=[0x00054015]
      m[048] hdr=0x20012092 sub=1 addr=0x0248 count=1 secop=1 args=[0x00054014]
      m[049] hdr=0x20012092 sub=1 addr=0x0248 count=1 secop=1 args=[0x00054013]
      m[050] hdr=0x20012092 sub=1 addr=0x0248 count=1 secop=1 args=[0x00054012]
      m[051] hdr=0x20012092 sub=1 addr=0x0248 count=1 secop=1 args=[0x00054011]
      m[052] hdr=0x20012092 sub=1 addr=0x0248 count=1 secop=1 args=[0x00054010]
      m[053] hdr=0x20012092 sub=1 addr=0x0248 count=1 secop=1 args=[0x0005400f]
      m[054] hdr=0x20012092 sub=1 addr=0x0248 count=1 secop=1 args=[0x0005400e]
      m[055] hdr=0x20012092 sub=1 addr=0x0248 count=1 secop=1 args=[0x0005400d]
      m[056] hdr=0x20012092 sub=1 addr=0x0248 count=1 secop=1 args=[0x0005400c]
      m[057] hdr=0x20012092 sub=1 addr=0x0248 count=1 secop=1 args=[0x0005400b]
      m[058] hdr=0x20012092 sub=1 addr=0x0248 count=1 secop=1 args=[0x0005400a]
      m[059] hdr=0x20012092 sub=1 addr=0x0248 count=1 secop=1 args=[0x00054009]
      m[060] hdr=0x20012092 sub=1 addr=0x0248 count=1 secop=1 args=[0x00054008]
      m[061] hdr=0x20012092 sub=1 addr=0x0248 count=1 secop=1 args=[0x00054007]
      m[062] hdr=0x20012092 sub=1 addr=0x0248 count=1 secop=1 args=[0x00054006]
      m[063] hdr=0x20012092 sub=1 addr=0x0248 count=1 secop=1 args=[0x00054005]
      m[064] hdr=0x20012092 sub=1 addr=0x0248 count=1 secop=1 args=[0x00054004]
      m[065] hdr=0x20012092 sub=1 addr=0x0248 count=1 secop=1 args=[0x00054003]
      m[066] hdr=0x20012092 sub=1 addr=0x0248 count=1 secop=1 args=[0x00054002]
      m[067] hdr=0x20012092 sub=1 addr=0x0248 count=1 secop=1 args=[0x00054001]
      m[068] hdr=0x20012092 sub=1 addr=0x0248 count=1 secop=1 args=[0x00054000]
      m[069] hdr=0x2001208f sub=1 addr=0x023c count=1 secop=1 args=[0x00000001]
      m[070] hdr=0x20032080 sub=1 addr=0x0200 count=3 secop=1 args=[0x00000002,0x00000000,0x000a8000]
      m[071] hdr=0x200120bb sub=1 addr=0x02ec count=1 secop=1 args=[0x0000000e]
      m[072] hdr=0x20012045 sub=1 addr=0x0114 count=1 secop=1 args=[0x00000000]
      m[073] hdr=0x600f2046 sub=1 addr=0x0118 count=15 secop=3 args=[0x00140003,0x1d00001b,0x71c08300,0x00000003,0x18c00000,0xb01c5f00,0x00200003,0x18c00000,..+7]
      m[074] hdr=0x20022047 sub=1 addr=0x011c count=2 secop=1 args=[0x00000000,0x00000000]
      m[075] hdr=0x20012045 sub=1 addr=0x0114 count=1 secop=1 args=[0x0000000f]
      m[076] hdr=0x60182046 sub=1 addr=0x0118 count=24 secop=3 args=[0x00000003,0x1d080000,0x31c00300,0x00540003,0x00c00455,0x31c00300,0x2a200003,0x00c00056,..+16]
      m[077] hdr=0x20022047 sub=1 addr=0x011c count=2 secop=1 args=[0x00000001,0x0000000f]
      m[078] hdr=0x20018000 sub=4 addr=0x0000 count=1 secop=1 args=[0x0000c7b5]
      m[079] hdr=0x2001255d sub=1 addr=0x1574 count=1 secop=1 args=[0x00000100]
      m[080] hdr=0x2001255e sub=1 addr=0x1578 count=1 secop=1 args=[0x00000000]
      m[081] hdr=0x2001255f sub=1 addr=0x157c count=1 secop=1 args=[0x000fffff]
      m[082] hdr=0x20012557 sub=1 addr=0x155c count=1 secop=1 args=[0x00000100]
      m[083] hdr=0x20012558 sub=1 addr=0x1560 count=1 secop=1 args=[0x02000000]
      m[084] hdr=0x20012559 sub=1 addr=0x1564 count=1 secop=1 args=[0x00000000]
      m[085] hdr=0x200426c0 sub=1 addr=0x1b00 count=4 secop=1 args=[0x00000002,0x0440ffe0,0x00000001,0x00000000]
2026-08-10T13:56:35.831620Z qemu-system-x86_64: info: nvkvm: DOORBELL-REFUSED #2 token 0x00000008 at +0xbb0090 [Route::NotACopyEngineChannel]
2026-08-10T13:56:35.831889Z qemu-system-x86_64: info: nvkvm: DOORBELL-REFUSED #3 token 0x00000009 at +0xbb0090 [Route::NotACopyEngineChannel]
2026-08-10T13:56:35.832202Z qemu-system-x86_64: info: nvkvm: DOORBELL-REFUSED #4 token 0x0000000a at +0xbb0090 [Route::NotACopyEngineChannel]
2026-08-10T13:56:35.832513Z qemu-system-x86_64: info: nvkvm: DOORBELL-REFUSED #5 token 0x0000000b at +0xbb0090 [Route::NotACopyEngineChannel]
2026-08-10T13:56:35.832825Z qemu-system-x86_64: info: nvkvm: DOORBELL-REFUSED #6 token 0x0000000c at +0xbb0090 [Route::NotACopyEngineChannel]
2026-08-10T13:56:35.833122Z qemu-system-x86_64: info: nvkvm: DOORBELL-REFUSED #7 token 0x0000000d at +0xbb0090 [Route::NotACopyEngineChannel]
2026-08-10T13:56:35.833396Z qemu-system-x86_64: info: nvkvm: DOORBELL-REFUSED #8 token 0x0000000e at +0xbb0090 [Route::NotACopyEngineChannel]
2026-08-10T13:56:35.833416Z qemu-system-x86_64: info: nvkvm: DOORBELL-HEARTBEAT arrival #96 token 0x0000000e
2026-08-10T13:59:31.701815Z qemu-system-x86_64: info: nvkvm: DOORBELL-HEARTBEAT arrival #128 token 0x00010003
2026-08-10T13:59:31.796303Z qemu-system-x86_64: info: nvkvm: DOORBELL-HEARTBEAT arrival #160 token 0x00010001
kayfabe: RING-ROSTER 26 row(s), 0 dropped past the cap (a non-zero drop count means this list is a PREFIX and its absences prove nothing)
kayfabe:   RING-ROSTER key=0xc1e00005:0x2 ring=0x120064000 entries=4096
kayfabe:   RING-ROSTER key=0xc1e00006:0x2 ring=0x420064000 entries=4096
kayfabe:   RING-ROSTER key=0xc1e00007:0xbaba0045 ring=0x0 entries=32
kayfabe:   RING-ROSTER key=0xc1e00010:0x2 ring=0x120064000 entries=4096
kayfabe:   RING-ROSTER key=0xc1e00011:0x2 ring=0x420064000 entries=4096
kayfabe:   RING-ROSTER key=0xc1e00012:0xbaba0045 ring=0x0 entries=32
kayfabe:   RING-ROSTER key=0xc1d0000a:0xcaf00012 ring=0x121010000 entries=1024
kayfabe:   RING-ROSTER key=0xc1d0000a:0xcaf0001d ring=0x121040000 entries=1024
kayfabe:   RING-ROSTER key=0xc1d0000a:0xcaf00028 ring=0x121070000 entries=1024
kayfabe:   RING-ROSTER key=0xc1d0000a:0xcaf00033 ring=0x1210a0000 entries=1024
kayfabe:   RING-ROSTER key=0xc1d0000c:0x5c000019 ring=0x200200000 entries=1024
kayfabe:   RING-ROSTER key=0xc1d0000c:0x5c00001f ring=0x200203000 entries=1024
kayfabe:   RING-ROSTER key=0xc1d0000c:0x5c000023 ring=0x200206000 entries=1024
kayfabe:   RING-ROSTER key=0xc1d0000c:0x5c000027 ring=0x200209000 entries=1024
kayfabe:   RING-ROSTER key=0xc1d0000c:0x5c00002b ring=0x20020c000 entries=1024
kayfabe:   RING-ROSTER key=0xc1d0000c:0x5c00002f ring=0x20020f000 entries=1024
kayfabe:   RING-ROSTER key=0xc1d0000c:0x5c000033 ring=0x200212000 entries=1024
kayfabe:   RING-ROSTER key=0xc1d0000c:0x5c000037 ring=0x200215000 entries=1024
kayfabe:   RING-ROSTER key=0xc1d0000c:0x5c00003d ring=0x200218000 entries=1024
kayfabe:   RING-ROSTER key=0xc1d0000c:0x5c000040 ring=0x20021b000 entries=1024
kayfabe:   RING-ROSTER key=0xc1d0000c:0x5c000043 ring=0x20021e000 entries=1024
kayfabe:   RING-ROSTER key=0xc1d0000c:0x5c000046 ring=0x200221000 entries=1024
kayfabe:   RING-ROSTER key=0xc1d0000c:0x5c00004b ring=0x200224000 entries=1024
kayfabe:   RING-ROSTER key=0xc1d0000c:0x5c00004e ring=0x200227000 entries=1024
kayfabe:   RING-ROSTER key=0xc1d0000c:0x5c000051 ring=0x20022a000 entries=1024
kayfabe:   RING-ROSTER key=0xc1d0000c:0x5c000054 ring=0x20022d000 entries=1024
kayfabe: UNCLAIMED-CENSUS 64 distinct (bar, offset) pair(s) answered with a DEFAULTED ZERO (⊘ bounded first-N sample — an absence here proves nothing; the totals are the `registers:` line's UNCLAIMED counts)
kayfabe:   UNCLAIMED-CENSUS bar0 off=0x08841c
kayfabe:   UNCLAIMED-CENSUS bar0 off=0x08807c
kayfabe:   UNCLAIMED-CENSUS bar0 off=0x088898
kayfabe:   UNCLAIMED-CENSUS bar0 off=0x088bd8
kayfabe:   UNCLAIMED-CENSUS bar0 off=0x088be0
kayfabe:   UNCLAIMED-CENSUS bar0 off=0x088bf4
kayfabe:   UNCLAIMED-CENSUS bar0 off=0x088bfc
kayfabe:   UNCLAIMED-CENSUS bar0 off=0x100c40
kayfabe:   UNCLAIMED-CENSUS bar0 off=0x100c10
kayfabe:   UNCLAIMED-CENSUS bar0 off=0x001478
kayfabe:   UNCLAIMED-CENSUS bar0 off=0x088080
kayfabe:   UNCLAIMED-CENSUS bar0 off=0x820c04
kayfabe:   UNCLAIMED-CENSUS bar0 off=0x82074c
kayfabe:   UNCLAIMED-CENSUS bar0 off=0x824148
kayfabe:   UNCLAIMED-CENSUS bar0 off=0x009410
kayfabe:   UNCLAIMED-CENSUS bar0 off=0x009400
kayfabe:   UNCLAIMED-CENSUS bar0 off=0x823814
kayfabe:   UNCLAIMED-CENSUS bar0 off=0x625f04
kayfabe:   UNCLAIMED-CENSUS bar0 off=0x8241c0
kayfabe:   UNCLAIMED-CENSUS bar0 off=0x1103c0
kayfabe:   UNCLAIMED-CENSUS bar0 off=0x111668
kayfabe:   UNCLAIMED-CENSUS bar0 off=0x110084
kayfabe:   UNCLAIMED-CENSUS bar0 off=0x110624
kayfabe:   UNCLAIMED-CENSUS bar0 off=0x11010c
kayfabe:   UNCLAIMED-CENSUS bar0 off=0x110600
kayfabe:   UNCLAIMED-CENSUS bar0 off=0x110110
kayfabe:   UNCLAIMED-CENSUS bar0 off=0x110128
kayfabe:   UNCLAIMED-CENSUS bar0 off=0x110114
kayfabe:   UNCLAIMED-CENSUS bar0 off=0x11011c
kayfabe:   UNCLAIMED-CENSUS bar0 off=0x111210
kayfabe:   UNCLAIMED-CENSUS bar0 off=0x11119c
kayfabe:   UNCLAIMED-CENSUS bar0 off=0x111198
kayfabe:   UNCLAIMED-CENSUS bar0 off=0x111180
kayfabe:   UNCLAIMED-CENSUS bar0 off=0x110104
kayfabe:   UNCLAIMED-CENSUS bar0 off=0x001438
kayfabe:   UNCLAIMED-CENSUS bar0 off=0x8400f4
kayfabe:   UNCLAIMED-CENSUS bar0 off=0x8403c0
kayfabe:   UNCLAIMED-CENSUS bar0 off=0x840084
kayfabe:   UNCLAIMED-CENSUS bar0 off=0x840044
kayfabe:   UNCLAIMED-CENSUS bar0 off=0x840624
kayfabe:   UNCLAIMED-CENSUS bar0 off=0x84010c
kayfabe:   UNCLAIMED-CENSUS bar0 off=0x840600
kayfabe:   UNCLAIMED-CENSUS bar0 off=0x840110
kayfabe:   UNCLAIMED-CENSUS bar0 off=0x840128
kayfabe:   UNCLAIMED-CENSUS bar0 off=0x840114
kayfabe:   UNCLAIMED-CENSUS bar0 off=0x84011c
kayfabe:   UNCLAIMED-CENSUS bar0 off=0x841210
kayfabe:   UNCLAIMED-CENSUS bar0 off=0x84119c
kayfabe:   UNCLAIMED-CENSUS bar0 off=0x841198
kayfabe:   UNCLAIMED-CENSUS bar0 off=0x841180
kayfabe:   UNCLAIMED-CENSUS bar0 off=0x840104
kayfabe:   UNCLAIMED-CENSUS bar0 off=0x110080
kayfabe:   UNCLAIMED-CENSUS bar0 off=0x110094
kayfabe:   UNCLAIMED-CENSUS bar0 off=0x088030
kayfabe:   UNCLAIMED-CENSUS bar0 off=0xb830b0
kayfabe:   UNCLAIMED-CENSUS bar0 off=0xb830a0
kayfabe:   UNCLAIMED-CENSUS bar0 off=0xb830a4
kayfabe:   UNCLAIMED-CENSUS bar0 off=0x088068
kayfabe:   UNCLAIMED-CENSUS bar0 off=0x0880c8
kayfabe:   UNCLAIMED-CENSUS bar0 off=0x088424
kayfabe:   UNCLAIMED-CENSUS bar0 off=0x088430
kayfabe:   UNCLAIMED-CENSUS bar0 off=0x088034
kayfabe:   UNCLAIMED-CENSUS bar0 off=0x088038
kayfabe:   UNCLAIMED-CENSUS bar0 off=0x08803c
2026-08-10T13:59:37.142661Z qemu-system-x86_64: info: nvkvm: registers: 11902 reads / 417397 writes (chip-constant 492, rom 4632, gsp 694r/1464w, UNCLAIMED 2877r/2466w), faults 2, guest-RAM refusals 0, interrupt requests dropped 850
2026-08-10T13:59:37.142710Z qemu-system-x86_64: info: nvkvm: timer: 204 counter reads, 0 writes REFUSED (the guest reads the host GPU's counter and may not move it)
2026-08-10T13:59:37.142722Z qemu-system-x86_64: info: nvkvm: interrupts: 192 vectors delivered, 0 undeliverable (guest had not enabled the table), 850 status-queue requests dropped
2026-08-10T13:59:37.142734Z qemu-system-x86_64: info: nvkvm: interrupt tree: 9608 register accesses, 2 guest LEAF_TRIGGER raises, 0 of them would be masked (⊘ if that equals the raises, the ENABLE BOOKKEEPING is blind and every "would be masked" number in this report is meaningless — the loopback self-test enables its leaf immediately before triggering)
2026-08-10T13:59:37.142746Z qemu-system-x86_64: info: nvkvm: completions: 4 announced (non-stall vector raised), 179 UNVECTORED (work done, nothing told the guest), 4 would be masked by the guest's own LEAF_EN
2026-08-10T13:59:37.142757Z qemu-system-x86_64: info: nvkvm: os-events: 3 registered / 3 retired / 0 live (0 malformed, 0 refused-full); 9 POST_EVENT posted in 3 batch(es); gate: 98 gated, 0 not-running, 0 failed, 2 IRQSCLR cleared
2026-08-10T13:59:37.142770Z qemu-system-x86_64: info: nvkvm: os-event announce: 3 GSP stall vector(s) raised, 0 UNVECTORED, 1 would be masked; 0 batch(es) WOKE WITH NOTHING (last join: 158 doorbells served, 0 of them forwarded, 65 new since the previous batch)
2026-08-10T13:59:37.142781Z qemu-system-x86_64: info: nvkvm: framebuffer: 1410 reads / 405167 writes served through the BAR0 moving window (52 window register reads / 42 writes), fb refusals 0, resident 19202048 bytes
2026-08-10T13:59:37.142793Z qemu-system-x86_64: info: nvkvm:   windows with no address model: 0r/0w — read it beside the BAR1 traffic that had to exist for this zero to say anything: 0 translated read(s) / 483 write(s), bar1PdeBase = 0x2f1cac000. ⊘ With 0 BAR1 accesses this line reports nothing about the guest.
2026-08-10T13:59:37.142805Z qemu-system-x86_64: info: nvkvm:   framebuffer residency: 4688 page(s) spanning [0x0..0x2f1cac000] — 3087533 page(s) of extent, so the resident set is SPARSE. ⊘ A page NOT in this set was never written; a page in it that reads zero WAS addressed and given zeros. The byte census alone cannot tell those apart.
2026-08-10T13:59:37.142818Z qemu-system-x86_64: info: nvkvm:   framebuffer FIRST-WRITER census: PRAMIN 21 / BAR1 41 / BAR2 88 / EXEC 4538 / UNATTRIBUTED 0 page(s) — FIRST writer, not last, so this attributes CREATION and not traffic.
2026-08-10T13:59:37.142830Z qemu-system-x86_64: info: nvkvm:   GPFIFO forward search: swept 4688 of 4688 resident page(s), and NO page carries GPFIFO-entry-shaped bytes. ⊘ This says the ring's bytes are not in THIS store — it does not say the guest never wrote them.
2026-08-10T13:59:37.142844Z qemu-system-x86_64: info: nvkvm:   trap-status nvkvm-bar0-regs: base 0xfd000000 -> region 'nvkvm-bar0-regs' (OURS), IO — TRAPPED, every guest access reaches this device. ⇒ a never-written page behind this row IS a statement about the guest, because we would have seen the write.
2026-08-10T13:59:37.142858Z qemu-system-x86_64: info: nvkvm:   trap-status nvkvm-bar1-window: base 0xe0000000 -> region 'nvkvm-bar1-window' (OURS), IO — TRAPPED, every guest access reaches this device. ⇒ a never-written page behind this row IS a statement about the guest, because we would have seen the write.
2026-08-10T13:59:37.142870Z qemu-system-x86_64: info: nvkvm:   trap-status nvkvm-bar2-window: base 0xf0000000 -> region 'nvkvm-bar2-window' (OURS), IO — TRAPPED, every guest access reaches this device. ⇒ a never-written page behind this row IS a statement about the guest, because we would have seen the write.
2026-08-10T13:59:37.142893Z qemu-system-x86_64: info: nvkvm:   trap-status nvkvm-msix: base 0xfe052000 -> region 'msix-table' ⚠ (NOT OURS — it overlays this BAR), IO — TRAPPED, every guest access reaches this device. ⇒ a never-written page behind this row IS a statement about the guest, because we would have seen the write.
2026-08-10T13:59:37.142906Z qemu-system-x86_64: info: nvkvm: discarding reservations: none — every region this device presents either traps to the archive or is the interrupt table. ⊘ This is read off the region table, not off a counter, so it cannot go stale the way an unreachable counter did.
2026-08-10T13:59:37.142918Z qemu-system-x86_64: info: nvkvm:   BAR1 access log: 16 of 483 access(es) recorded in full (FIRST ones, because the write under test precedes the doorbell) — ⊘ BOUNDED-LOG, later accesses are not shown
2026-08-10T13:59:37.142930Z qemu-system-x86_64: info: nvkvm:     BAR1[0] WRITE off=0x90000 size=4 val=0x20000000
2026-08-10T13:59:37.142942Z qemu-system-x86_64: info: nvkvm:     BAR1[1] WRITE off=0x90004 size=4 val=0x2801
2026-08-10T13:59:37.142953Z qemu-system-x86_64: info: nvkvm:     BAR1[2] WRITE off=0xa008c size=4 val=0x1
2026-08-10T13:59:37.142964Z qemu-system-x86_64: info: nvkvm:     BAR1[3] WRITE off=0xb0000 size=4 val=0x20100000
2026-08-10T13:59:37.142975Z qemu-system-x86_64: info: nvkvm:     BAR1[4] WRITE off=0xb0004 size=4 val=0x2801
2026-08-10T13:59:37.142987Z qemu-system-x86_64: info: nvkvm:     BAR1[5] WRITE off=0xc008c size=4 val=0x1
2026-08-10T13:59:37.142998Z qemu-system-x86_64: info: nvkvm:     BAR1[6] WRITE off=0xd0000 size=4 val=0x20200000
2026-08-10T13:59:37.143009Z qemu-system-x86_64: info: nvkvm:     BAR1[7] WRITE off=0xd0004 size=4 val=0x2801
2026-08-10T13:59:37.143020Z qemu-system-x86_64: info: nvkvm:     BAR1[8] WRITE off=0xe008c size=4 val=0x1
2026-08-10T13:59:37.143031Z qemu-system-x86_64: info: nvkvm:     BAR1[9] WRITE off=0xf0000 size=4 val=0x20300000
2026-08-10T13:59:37.143043Z qemu-system-x86_64: info: nvkvm:     BAR1[10] WRITE off=0xf0004 size=4 val=0x2801
2026-08-10T13:59:37.143054Z qemu-system-x86_64: info: nvkvm:     BAR1[11] WRITE off=0x10008c size=4 val=0x1
2026-08-10T13:59:37.143066Z qemu-system-x86_64: info: nvkvm:     BAR1[12] WRITE off=0x90008 size=4 val=0x20400000
2026-08-10T13:59:37.143077Z qemu-system-x86_64: info: nvkvm:     BAR1[13] WRITE off=0x9000c size=4 val=0x6801
2026-08-10T13:59:37.143088Z qemu-system-x86_64: info: nvkvm:     BAR1[14] WRITE off=0xa008c size=4 val=0x2
2026-08-10T13:59:37.143099Z qemu-system-x86_64: info: nvkvm:     BAR1[15] WRITE off=0x90010 size=4 val=0x20500000
2026-08-10T13:59:37.143110Z qemu-system-x86_64: info: nvkvm: BAR2 (translated): 1388 reads / 336728 writes resolved through the GMMU, 0 REFUSED by name; roots published 4 (0 bodies refused), BAR2 root entry 0x0
2026-08-10T13:59:37.143135Z qemu-system-x86_64: info: nvkvm: SET_PAGE_DIRECTORY (0x00801813): 2 ACCEPTED, 0 refused; latest hClient 0xc1d0000a hObject 0xcaf00000 hVASpace 0xcaf00036 physAddress 0x201000 numEntries 4 flags 0x8 (aperture 0)
2026-08-10T13:59:37.143148Z qemu-system-x86_64: info: nvkvm: BAR1 (translated): 0 reads / 483 writes resolved through the GMMU, 0 REFUSED by name; bar1PdeBase = 0x2f1cac000 (the framebuffer address WE published and the walk starts from), root entry published by the guest: no, as ogkm-580's two UPDATE_BAR_PDE call sites predict
2026-08-10T13:59:37.143160Z qemu-system-x86_64: info: nvkvm: VA-space page-directory publications: 12 total, 11 distinct, 0 UNDECODABLE (counted from 0x90f10106 / 0x20800a9f ONLY; ⊘ 0x00801813 publishes a root too and is counted on its own line above, so these totals are NOT every root the guest published)
2026-08-10T13:59:37.143172Z qemu-system-x86_64: info: nvkvm:   of those, 14 reached the object model, 12 ACCEPTED (Vas::pdb populated from the guest's own publication), 0 not an event
2026-08-10T13:59:37.143194Z qemu-system-x86_64: info: nvkvm:   gvas cmd 0x20800a9f hClient 0x00000000 hObject 0x00000000 va [0x0000000100000000..0x000000011fffffff] pageSize 0x200000 levels 4 subdev 0/0 x2
2026-08-10T13:59:37.143208Z qemu-system-x86_64: info: nvkvm:     level[0] ROOT phys 0x00000002efbae000 size 0x20 aperture 1 pageShift 47
2026-08-10T13:59:37.143220Z qemu-system-x86_64: info: nvkvm:     level[1] phys 0x00000002efbad000 size 0x1000 aperture 1 pageShift 38
2026-08-10T13:59:37.143232Z qemu-system-x86_64: info: nvkvm:     level[2] phys 0x00000002efbac000 size 0x1000 aperture 1 pageShift 29
2026-08-10T13:59:37.143243Z qemu-system-x86_64: info: nvkvm:     level[3] phys 0x00000002efbab000 size 0x1000 aperture 1 pageShift 21
2026-08-10T13:59:37.143254Z qemu-system-x86_64: info: nvkvm:   gvas cmd 0x90f10106 hClient 0xc1e00005 hObject 0x0000000c va [0x0000000100000000..0x000000011fffffff] pageSize 0x200000 levels 4 subdev 0/0 x1
2026-08-10T13:59:37.143266Z qemu-system-x86_64: info: nvkvm:     level[0] ROOT phys 0x00000002efba5000 size 0x20 aperture 1 pageShift 47
2026-08-10T13:59:37.143278Z qemu-system-x86_64: info: nvkvm:     level[1] phys 0x00000002efba4000 size 0x1000 aperture 1 pageShift 38
2026-08-10T13:59:37.143289Z qemu-system-x86_64: info: nvkvm:     level[2] phys 0x00000002efba3000 size 0x1000 aperture 1 pageShift 29
2026-08-10T13:59:37.143300Z qemu-system-x86_64: info: nvkvm:     level[3] phys 0x00000002efba2000 size 0x1000 aperture 1 pageShift 21
2026-08-10T13:59:37.143312Z qemu-system-x86_64: info: nvkvm:   gvas cmd 0x90f10106 hClient 0xc1e00006 hObject 0x0000000a va [0x0000000100000000..0x000000011fffffff] pageSize 0x200000 levels 4 subdev 0/0 x1
2026-08-10T13:59:37.143323Z qemu-system-x86_64: info: nvkvm:     level[0] ROOT phys 0x00000002efa9c000 size 0x20 aperture 1 pageShift 47
2026-08-10T13:59:37.143349Z qemu-system-x86_64: info: nvkvm:     level[1] phys 0x00000002efa9b000 size 0x1000 aperture 1 pageShift 38
2026-08-10T13:59:37.143366Z qemu-system-x86_64: info: nvkvm:     level[2] phys 0x00000002efa9a000 size 0x1000 aperture 1 pageShift 29
2026-08-10T13:59:37.143377Z qemu-system-x86_64: info: nvkvm:     level[3] phys 0x00000002efa99000 size 0x1000 aperture 1 pageShift 21
2026-08-10T13:59:37.143388Z qemu-system-x86_64: info: nvkvm:   gvas cmd 0x90f10106 hClient 0xc1e00007 hObject 0xbaba0042 va [0x0000000100000000..0x000000011fffffff] pageSize 0x200000 levels 4 subdev 0/0 x1
2026-08-10T13:59:37.143400Z qemu-system-x86_64: info: nvkvm:     level[0] ROOT phys 0x00000002efa7c000 size 0x20 aperture 1 pageShift 47
2026-08-10T13:59:37.143411Z qemu-system-x86_64: info: nvkvm:     level[1] phys 0x00000002efa7b000 size 0x1000 aperture 1 pageShift 38
2026-08-10T13:59:37.143423Z qemu-system-x86_64: info: nvkvm:     level[2] phys 0x00000002efa7a000 size 0x1000 aperture 1 pageShift 29
2026-08-10T13:59:37.143434Z qemu-system-x86_64: info: nvkvm:     level[3] phys 0x00000002efa79000 size 0x1000 aperture 1 pageShift 21
2026-08-10T13:59:37.143445Z qemu-system-x86_64: info: nvkvm:   gvas cmd 0x90f10106 hClient 0xc1d00008 hObject 0xcaf00000 va [0x0000000100000000..0x000000011fffffff] pageSize 0x200000 levels 4 subdev 0/0 x1
2026-08-10T13:59:37.143457Z qemu-system-x86_64: info: nvkvm:     level[0] ROOT phys 0x00000002efa7c000 size 0x20 aperture 1 pageShift 47
2026-08-10T13:59:37.143468Z qemu-system-x86_64: info: nvkvm:     level[1] phys 0x00000002efa7b000 size 0x1000 aperture 1 pageShift 38
2026-08-10T13:59:37.143480Z qemu-system-x86_64: info: nvkvm:     level[2] phys 0x00000002efa7a000 size 0x1000 aperture 1 pageShift 29
2026-08-10T13:59:37.143491Z qemu-system-x86_64: info: nvkvm:     level[3] phys 0x00000002efa79000 size 0x1000 aperture 1 pageShift 21
2026-08-10T13:59:37.143502Z qemu-system-x86_64: info: nvkvm:   gvas cmd 0x90f10106 hClient 0xc1e00010 hObject 0x0000000c va [0x0000000100000000..0x000000011fffffff] pageSize 0x200000 levels 4 subdev 0/0 x1
2026-08-10T13:59:37.143514Z qemu-system-x86_64: info: nvkvm:     level[0] ROOT phys 0x00000002efba5000 size 0x20 aperture 1 pageShift 47
2026-08-10T13:59:37.143532Z qemu-system-x86_64: info: nvkvm:     level[1] phys 0x00000002efba4000 size 0x1000 aperture 1 pageShift 38
2026-08-10T13:59:37.143543Z qemu-system-x86_64: info: nvkvm:     level[2] phys 0x00000002efba3000 size 0x1000 aperture 1 pageShift 29
2026-08-10T13:59:37.143555Z qemu-system-x86_64: info: nvkvm:     level[3] phys 0x00000002efba2000 size 0x1000 aperture 1 pageShift 21
2026-08-10T13:59:37.143566Z qemu-system-x86_64: info: nvkvm:   gvas cmd 0x90f10106 hClient 0xc1e00011 hObject 0x0000000a va [0x0000000100000000..0x000000011fffffff] pageSize 0x200000 levels 4 subdev 0/0 x1
2026-08-10T13:59:37.143578Z qemu-system-x86_64: info: nvkvm:     level[0] ROOT phys 0x00000002efa9c000 size 0x20 aperture 1 pageShift 47
2026-08-10T13:59:37.143589Z qemu-system-x86_64: info: nvkvm:     level[1] phys 0x00000002efa9b000 size 0x1000 aperture 1 pageShift 38
2026-08-10T13:59:37.143600Z qemu-system-x86_64: info: nvkvm:     level[2] phys 0x00000002efa9a000 size 0x1000 aperture 1 pageShift 29
2026-08-10T13:59:37.143612Z qemu-system-x86_64: info: nvkvm:     level[3] phys 0x00000002efa99000 size 0x1000 aperture 1 pageShift 21
2026-08-10T13:59:37.143623Z qemu-system-x86_64: info: nvkvm:   gvas cmd 0x90f10106 hClient 0xc1e00012 hObject 0xbaba0042 va [0x0000000100000000..0x000000011fffffff] pageSize 0x200000 levels 4 subdev 0/0 x1
2026-08-10T13:59:37.143635Z qemu-system-x86_64: info: nvkvm:     level[0] ROOT phys 0x00000002efa7c000 size 0x20 aperture 1 pageShift 47
2026-08-10T13:59:37.143646Z qemu-system-x86_64: info: nvkvm:     level[1] phys 0x00000002efa7b000 size 0x1000 aperture 1 pageShift 38
2026-08-10T13:59:37.143657Z qemu-system-x86_64: info: nvkvm:     level[2] phys 0x00000002efa7a000 size 0x1000 aperture 1 pageShift 29
2026-08-10T13:59:37.143669Z qemu-system-x86_64: info: nvkvm:     level[3] phys 0x00000002efa79000 size 0x1000 aperture 1 pageShift 21
2026-08-10T13:59:37.143680Z qemu-system-x86_64: info: nvkvm:   gvas cmd 0x90f10106 hClient 0xc1d00013 hObject 0xcaf00000 va [0x0000000100000000..0x000000011fffffff] pageSize 0x200000 levels 4 subdev 0/0 x1
2026-08-10T13:59:37.143692Z qemu-system-x86_64: info: nvkvm:     level[0] ROOT phys 0x00000002efa7c000 size 0x20 aperture 1 pageShift 47
2026-08-10T13:59:37.143703Z qemu-system-x86_64: info: nvkvm:     level[1] phys 0x00000002efa7b000 size 0x1000 aperture 1 pageShift 38
2026-08-10T13:59:37.143714Z qemu-system-x86_64: info: nvkvm:     level[2] phys 0x00000002efa7a000 size 0x1000 aperture 1 pageShift 29
2026-08-10T13:59:37.143726Z qemu-system-x86_64: info: nvkvm:     level[3] phys 0x00000002efa79000 size 0x1000 aperture 1 pageShift 21
2026-08-10T13:59:37.143737Z qemu-system-x86_64: info: nvkvm:   gvas cmd 0x90f10106 hClient 0xc1d0000c hObject 0x5c000008 va [0x0000000100000000..0x000000011fffffff] pageSize 0x200000 levels 4 subdev 0/0 x1
2026-08-10T13:59:37.143749Z qemu-system-x86_64: info: nvkvm:     level[0] ROOT phys 0x0000000000000000 size 0x20 aperture 1 pageShift 47
2026-08-10T13:59:37.143760Z qemu-system-x86_64: info: nvkvm:     level[1] phys 0x0000000000001000 size 0x1000 aperture 1 pageShift 38
2026-08-10T13:59:37.143771Z qemu-system-x86_64: info: nvkvm:     level[2] phys 0x0000000000002000 size 0x1000 aperture 1 pageShift 29
2026-08-10T13:59:37.143783Z qemu-system-x86_64: info: nvkvm:     level[3] phys 0x0000000000003000 size 0x1000 aperture 1 pageShift 21
2026-08-10T13:59:37.143794Z qemu-system-x86_64: info: nvkvm:   gvas cmd 0x90f10106 hClient 0xc1d0000a hObject 0xcaf00005 va [0x0000000100000000..0x000000011fffffff] pageSize 0x200000 levels 4 subdev 0/0 x1
2026-08-10T13:59:37.143806Z qemu-system-x86_64: info: nvkvm:     level[0] ROOT phys 0x0000000000004000 size 0x20 aperture 1 pageShift 47
2026-08-10T13:59:37.143817Z qemu-system-x86_64: info: nvkvm:     level[1] phys 0x0000000000005000 size 0x1000 aperture 1 pageShift 38
2026-08-10T13:59:37.143828Z qemu-system-x86_64: info: nvkvm:     level[2] phys 0x0000000000006000 size 0x1000 aperture 1 pageShift 29
2026-08-10T13:59:37.143840Z qemu-system-x86_64: info: nvkvm:     level[3] phys 0x0000000000007000 size 0x1000 aperture 1 pageShift 21
2026-08-10T13:59:37.143869Z qemu-system-x86_64: info: nvkvm: commands: 852 decoded, 111 UNSERVICED (refused by name; the guest logs these quietly, which is why they are here), 41 distinct
2026-08-10T13:59:37.143882Z qemu-system-x86_64: info: nvkvm:   unserviced fn 76 cmd 0x20800a87
2026-08-10T13:59:37.143893Z qemu-system-x86_64: info: nvkvm:   unserviced fn 76 cmd 0x20800a4b
2026-08-10T13:59:37.143904Z qemu-system-x86_64: info: nvkvm:   unserviced fn 76 cmd 0x20800afe
2026-08-10T13:59:37.143915Z qemu-system-x86_64: info: nvkvm:   unserviced fn 76 cmd 0x20800aff
2026-08-10T13:59:37.143926Z qemu-system-x86_64: info: nvkvm:   unserviced fn 76 cmd 0x20800a70
2026-08-10T13:59:37.143937Z qemu-system-x86_64: info: nvkvm:   unserviced fn 76 cmd 0x20800a80
2026-08-10T13:59:37.143948Z qemu-system-x86_64: info: nvkvm:   unserviced fn 76 cmd 0x20802a0f
2026-08-10T13:59:37.143959Z qemu-system-x86_64: info: nvkvm:   unserviced fn 76 cmd 0x2080017e
2026-08-10T13:59:37.143970Z qemu-system-x86_64: info: nvkvm:   unserviced fn 76 cmd 0x20800a30
2026-08-10T13:59:37.143981Z qemu-system-x86_64: info: nvkvm:   unserviced fn 76 cmd 0x20800a2c
2026-08-10T13:59:37.143992Z qemu-system-x86_64: info: nvkvm:   unserviced fn 76 cmd 0x20800a2e
2026-08-10T13:59:37.144003Z qemu-system-x86_64: info: nvkvm:   unserviced fn 76 cmd 0x20800a34
2026-08-10T13:59:37.144014Z qemu-system-x86_64: info: nvkvm:   unserviced fn 76 cmd 0x20800b03
2026-08-10T13:59:37.144025Z qemu-system-x86_64: info: nvkvm:   unserviced fn 76 cmd 0x20800b05
2026-08-10T13:59:37.144036Z qemu-system-x86_64: info: nvkvm:   unserviced fn 76 cmd 0x20800a3f
2026-08-10T13:59:37.144047Z qemu-system-x86_64: info: nvkvm:   unserviced fn 76 cmd 0x2080013f
2026-08-10T13:59:37.144058Z qemu-system-x86_64: info: nvkvm:   unserviced fn 76 cmd 0x402c0101
2026-08-10T13:59:37.144069Z qemu-system-x86_64: info: nvkvm:   unserviced fn 76 cmd 0x00800294
2026-08-10T13:59:37.144080Z qemu-system-x86_64: info: nvkvm:   unserviced fn 76 cmd 0x20810108
2026-08-10T13:59:37.144091Z qemu-system-x86_64: info: nvkvm:   unserviced fn 76 cmd 0x20810110
2026-08-10T13:59:37.144102Z qemu-system-x86_64: info: nvkvm:   unserviced fn 76 cmd 0x2080014b
2026-08-10T13:59:37.144114Z qemu-system-x86_64: info: nvkvm:   unserviced fn 76 cmd 0x20800157
2026-08-10T13:59:37.144139Z qemu-system-x86_64: info: nvkvm:   unserviced fn 76 cmd 0x20801357
2026-08-10T13:59:37.144150Z qemu-system-x86_64: info: nvkvm:   unserviced fn 76 cmd 0x2080852e
2026-08-10T13:59:37.144161Z qemu-system-x86_64: info: nvkvm:   unserviced fn 76 cmd 0x20808513
2026-08-10T13:59:37.144172Z qemu-system-x86_64: info: nvkvm:   unserviced fn 76 cmd 0x20802068
2026-08-10T13:59:37.144183Z qemu-system-x86_64: info: nvkvm:   unserviced fn 76 cmd 0x2080a618
2026-08-10T13:59:37.144194Z qemu-system-x86_64: info: nvkvm:   unserviced fn 76 cmd 0x2080a612
2026-08-10T13:59:37.144205Z qemu-system-x86_64: info: nvkvm:   unserviced fn 76 cmd 0x20809009
2026-08-10T13:59:37.144216Z qemu-system-x86_64: info: nvkvm:   unserviced fn 76 cmd 0x208f1105
2026-08-10T13:59:37.144227Z qemu-system-x86_64: info: nvkvm:   unserviced fn 76 cmd 0x20800a38
2026-08-10T13:59:37.144238Z qemu-system-x86_64: info: nvkvm:   unserviced fn 76 cmd 0x2080012f
2026-08-10T13:59:37.144249Z qemu-system-x86_64: info: nvkvm:   unserviced fn 76 cmd 0x20802a12
2026-08-10T13:59:37.144260Z qemu-system-x86_64: info: nvkvm:   unserviced fn 76 cmd 0x20800ab8
2026-08-10T13:59:37.144271Z qemu-system-x86_64: info: nvkvm:   unserviced fn 76 cmd 0x20800a9a
2026-08-10T13:59:37.144282Z qemu-system-x86_64: info: nvkvm:   unserviced fn 76 cmd 0xa06f0112
2026-08-10T13:59:37.144293Z qemu-system-x86_64: info: nvkvm:   unserviced fn 76 cmd 0x2080012c
2026-08-10T13:59:37.144304Z qemu-system-x86_64: info: nvkvm:   unserviced fn 76 cmd 0x00801814
2026-08-10T13:59:37.144315Z qemu-system-x86_64: info: nvkvm:   unserviced fn 76 cmd 0x20800a9e
2026-08-10T13:59:37.144326Z qemu-system-x86_64: info: nvkvm:   unserviced fn 76 cmd 0x20800a9c
2026-08-10T13:59:37.144354Z qemu-system-x86_64: info: nvkvm:   unserviced fn 76 cmd 0x20800a1e
2026-08-10T13:59:37.144373Z qemu-system-x86_64: info: nvkvm: bridge refusals: 50 total, 6 distinct (these ANSWER the command and so never reach the unserviced list)
2026-08-10T13:59:37.144386Z qemu-system-x86_64: info: nvkvm:   bridge refusal BridgeRefusal::AllocClassNotPermitted::NotOnAllowlist x18 id=0x0000c36f,0x0000c574
2026-08-10T13:59:37.144398Z qemu-system-x86_64: info: nvkvm:   bridge refusal BridgeRefusal::AllocClassNotPermitted::Refused x2 id=0x0000402c
2026-08-10T13:59:37.144410Z qemu-system-x86_64: info: nvkvm:   bridge refusal BridgeRefusal::ReservedClient x2
2026-08-10T13:59:37.144422Z qemu-system-x86_64: info: nvkvm:   bridge refusal BridgeRefusal::UnmappedAllocClass x3 id=0x00000070,0x0000208f
2026-08-10T13:59:37.144433Z qemu-system-x86_64: info: nvkvm:   bridge refusal PromoteFault::UnknownContextObject x2
2026-08-10T13:59:37.144444Z qemu-system-x86_64: info: nvkvm:   bridge refusal RmGraphError::FreeUnknown x23
2026-08-10T13:59:37.144455Z qemu-system-x86_64: info: nvkvm: promote-ctx refusals: 3 distinct kind(s), each with the VA-space census AS IT STOOD AT ITS FIRST refusal
2026-08-10T13:59:37.144467Z qemu-system-x86_64: info: nvkvm:   promote-ctx PromoteFault::UnknownContextObject: UnknownContextObject { client: HClient(3251634184), object: HObject(826366208) } census[2 chans, 2 outcomes] {1x pdb=N own=not-declared cs=not-declared tsg=mid-miss(h0xa,wrong-kind(Device)) dev=dev-default(dev0xa=>h0xc) p0/c0:vc1 Ce c0xc1e00005/0x2} {1x pdb=Y own=ok(h0xa=>c0xc1e00006/0xa) cs=not-attempted tsg=not-attempted dev=not-attempted p0/c1:vc2 Ce c0xc1e00006/0x2}
2026-08-10T13:59:37.144478Z qemu-system-x86_64: info: nvkvm:   promote-ctx promote-ctx ACCEPTED (last, with the census AT it): bound=0 joined=0 joined_global=0 globals_known=1 globals_added=0 already=1 parked=0 half_already=9 half_unusable=0 orphans(awaiting_va=0,awaiting_phys=9) declined.promote_only=10 declined.initialize_only=0 entries=0 halves=10 client=0xc1d0000a chan_client=0xc1d0000c object=0x5c000037 proc=ProcId(2) census[14 chans, 4 outcomes] {1x pdb=N own=not-declared cs=not-declared tsg=mid-miss(h0xa,wrong-kind(Device)) dev=dev-default(dev0xa=>h0xc) p0/c3:vc1 Ce c0xc1e00010/0x2} {1x pdb=Y own=ok(h0xa=>c0xc1e00011/0xa) cs=not-attempted tsg=not-attempted dev=not-attempted p0/c4:vc2 Ce c0xc1e00011/0x2} {4x pdb=Y own=not-declared cs=not-declared tsg=ok(h0xcaf00005=>c0xc1d0000a/0xcaf00005) dev=not-attempted p0/c6:vc3 Ce c0xc1d0000a/0xcaf00012 p0/c7:vc4 Ce c0xc1d0000a/0xcaf0001d p0/c8:vc5 Ce c0xc1d0000a/0xcaf00028 +1 more} {8x pdb=Y own=not-declared cs=ok(h0x5c000007=>c0xc1d0000c/0x5c000007) tsg=not-attempted dev=not-attempted p2/c0:vc7 GrCompute c0xc1d0000c/0x5c000019 p2/c1:vc8 GrCompute c0xc1d0000c/0x5c00001f p2/c2:vc9 GrCompute c0xc1d0000c/0x5c000023 +5 more}
2026-08-10T13:59:37.144490Z qemu-system-x86_64: info: nvkvm:   promote-ctx promote-ctx TALLY (cumulative, all promotions): {bid=0x0 phys=1 va=8 complete=2} {bid=0x1 phys=1 va=8 complete=0} {bid=0x2 phys=1 va=8 complete=2} {bid=0x3 phys=0 va=10 complete=0} {bid=0x4 phys=0 va=10 complete=0} {bid=0x5 phys=0 va=10 complete=0} {bid=0x6 phys=0 va=10 complete=0} {bid=0x9 phys=0 va=8 complete=2} {bid=0xa phys=2 va=8 complete=0} {bid=0xb phys=0 va=8 complete=2} || CUMULATIVE bound=8 joined=4 joined_global=1 already=7 globals_added=1
2026-08-10T13:59:37.144501Z qemu-system-x86_64: info: nvkvm: probe-arm set: EMPTY (shipping configuration: an arming is served only if the index is on SILENT_NOTIFIERS — the event cannot occur — or DELIVERED_NOTIFIERS — this device raises it; all others refused)
2026-08-10T13:59:37.144512Z qemu-system-x86_64: info: nvkvm: controls: 325 answered, 48 distinct cmd/result rows (result 0 = served; non-zero = served-but-REFUSED, which reaches no other list)
2026-08-10T13:59:37.144523Z qemu-system-x86_64: info: nvkvm:   control 0x20800a36 result 0x00000000 x2
2026-08-10T13:59:37.144535Z qemu-system-x86_64: info: nvkvm:   control 0x20800a41 result 0x00000000 x2
2026-08-10T13:59:37.144546Z qemu-system-x86_64: info: nvkvm:   control 0x208001b0 result 0x00000000 x4
2026-08-10T13:59:37.144562Z qemu-system-x86_64: info: nvkvm:   control 0x20800a40 result 0x00000000 x2
2026-08-10T13:59:37.144573Z qemu-system-x86_64: info: nvkvm:   control 0x20801112 result 0x00000000 x2
2026-08-10T13:59:37.144585Z qemu-system-x86_64: info: nvkvm:   control 0x20800a5c result 0x00000000 x2
2026-08-10T13:59:37.144596Z qemu-system-x86_64: info: nvkvm:   control 0x20800a1c result 0x00000000 x2
2026-08-10T13:59:37.144607Z qemu-system-x86_64: info: nvkvm:   control 0x20801803 result 0x00000000 x2
2026-08-10T13:59:37.144618Z qemu-system-x86_64: info: nvkvm:   control 0x20800af3 result 0x00000000 x4
2026-08-10T13:59:37.144629Z qemu-system-x86_64: info: nvkvm:   control 0x20800aac result 0x00000000 x2
2026-08-10T13:59:37.144641Z qemu-system-x86_64: info: nvkvm:   control 0x20800a61 result 0x00000000 x8
2026-08-10T13:59:37.144652Z qemu-system-x86_64: info: nvkvm:   control 0x20802a08 result 0x00000000 x15
2026-08-10T13:59:37.144663Z qemu-system-x86_64: info: nvkvm:   control 0x20800301 result 0x00000000 x6
2026-08-10T13:59:37.144674Z qemu-system-x86_64: info: nvkvm:   control 0x20800a59 result 0x00000000 x2
2026-08-10T13:59:37.144686Z qemu-system-x86_64: info: nvkvm:   control 0x20800a6c result 0x00000000 x8
2026-08-10T13:59:37.144697Z qemu-system-x86_64: info: nvkvm:   control 0x20800a9f result 0x00000000 x2
2026-08-10T13:59:37.144708Z qemu-system-x86_64: info: nvkvm:   control 0x20800a1f result 0x00000000 x2
2026-08-10T13:59:37.144719Z qemu-system-x86_64: info: nvkvm:   control 0x20800a2a result 0x00000000 x2
2026-08-10T13:59:37.144730Z qemu-system-x86_64: info: nvkvm:   control 0x20800a26 result 0x00000000 x2
2026-08-10T13:59:37.144742Z qemu-system-x86_64: info: nvkvm:   control 0x20800a22 result 0x00000000 x2
2026-08-10T13:59:37.144753Z qemu-system-x86_64: info: nvkvm:   control 0x20800a3d result 0x00000000 x2
2026-08-10T13:59:37.144764Z qemu-system-x86_64: info: nvkvm:   control 0x20800a48 result 0x00000000 x2
2026-08-10T13:59:37.144775Z qemu-system-x86_64: info: nvkvm:   control 0x20800a32 result 0x00000000 x2
2026-08-10T13:59:37.144787Z qemu-system-x86_64: info: nvkvm:   control 0x90f10106 result 0x00000000 x10
2026-08-10T13:59:37.144798Z qemu-system-x86_64: info: nvkvm:   control 0xa06f0103 result 0x00000000 x8
2026-08-10T13:59:37.144809Z qemu-system-x86_64: info: nvkvm:   control 0xa06f0104 result 0x00000000 x2
2026-08-10T13:59:37.144820Z qemu-system-x86_64: info: nvkvm:   control 0x2080012b result 0x00000000 x11
2026-08-10T13:59:37.144831Z qemu-system-x86_64: info: nvkvm:   control 0x2080012b result 0x00000056 x2 REFUSED
2026-08-10T13:59:37.144843Z qemu-system-x86_64: info: nvkvm:   control 0x20800a4c result 0x00000000 x5
2026-08-10T13:59:37.144854Z qemu-system-x86_64: info: nvkvm:   control 0x20800102 result 0x00000000 x2
2026-08-10T13:59:37.144865Z qemu-system-x86_64: info: nvkvm:   control 0x20801823 result 0x00000000 x1
2026-08-10T13:59:37.144876Z qemu-system-x86_64: info: nvkvm:   control 0x2080182a result 0x00000000 x1
2026-08-10T13:59:37.144888Z qemu-system-x86_64: info: nvkvm:   control 0x20801303 result 0x00000000 x2
2026-08-10T13:59:37.144899Z qemu-system-x86_64: info: nvkvm:   control 0x20802a0b result 0x00000000 x1
2026-08-10T13:59:37.144910Z qemu-system-x86_64: info: nvkvm:   control 0x20803801 result 0x00000000 x1
2026-08-10T13:59:37.144921Z qemu-system-x86_64: info: nvkvm:   control 0x20803601 result 0x00000000 x1
2026-08-10T13:59:37.144933Z qemu-system-x86_64: info: nvkvm:   control 0x20808159 result 0x00000000 x1
2026-08-10T13:59:37.144944Z qemu-system-x86_64: info: nvkvm:   control 0x20808162 result 0x00000000 x1
2026-08-10T13:59:37.144955Z qemu-system-x86_64: info: nvkvm:   control 0x2080182b result 0x00000000 x1
2026-08-10T13:59:37.144966Z qemu-system-x86_64: info: nvkvm:   control 0x20800a9b result 0x00000000 x1
2026-08-10T13:59:37.144977Z qemu-system-x86_64: info: nvkvm:   control 0x20800a9d result 0x00000000 x1
2026-08-10T13:59:37.144989Z qemu-system-x86_64: info: nvkvm:   control 0x20800a1d result 0x00000000 x1
2026-08-10T13:59:37.145000Z qemu-system-x86_64: info: nvkvm:   control 0x20802a07 result 0x00000000 x4
2026-08-10T13:59:37.145015Z qemu-system-x86_64: info: nvkvm:   control 0x20802a02 result 0x00000000 x4
2026-08-10T13:59:37.145027Z qemu-system-x86_64: info: nvkvm:   control 0xa06c010a result 0x00000000 x5
2026-08-10T13:59:37.145038Z qemu-system-x86_64: info: nvkvm:   control 0x00801813 result 0x00000000 x2
2026-08-10T13:59:37.145049Z qemu-system-x86_64: info: nvkvm:   control 0xa06c0101 result 0x00000000 x3
2026-08-10T13:59:37.145061Z qemu-system-x86_64: info: nvkvm:   control 0x20801702 result 0x00000000 x175
2026-08-10T13:59:37.145072Z qemu-system-x86_64: info: nvkvm:   ⊘ CE COMPLETION is UNBUILT: serving 0x20802a07 and 0x20802a02 is what makes queryCopyEngines set supported=NV_TRUE and UVM treat LCE2/LCE3 as usable async copy engines (ce_is_usable = supported && !grce, uvm_channel.c:2913-2923) — but this port DESCRIBES those engines and does not complete their work, so submitted CE work retires no payload and the guest gets a TIMEOUT plus a blown assertion (scrubberDestruct's 4000 ms wait, then ce_utils.c:349 lastCompletedPayload == lastSubmittedPayload), never an error it can read (execution_plane_increments.md)
2026-08-10T13:59:37.145105Z qemu-system-x86_64: info: nvkvm: notifier armings (0x20800301): 6 total, 6 distinct (result 0xffffffff = nothing answered)
2026-08-10T13:59:37.145143Z qemu-system-x86_64: info: nvkvm:   arming event 194 action 2 client 0xc1e00002 object 0xcaf00001 result 0x00000000 x1
2026-08-10T13:59:37.145156Z qemu-system-x86_64: info: nvkvm:   arming event 35 action 2 client 0xc1e00005 object 0x0000000b result 0x00000000 x1
2026-08-10T13:59:37.145168Z qemu-system-x86_64: info: nvkvm:   arming event 35 action 2 client 0xc1e00006 object 0x0000000c result 0x00000000 x1
2026-08-10T13:59:37.145180Z qemu-system-x86_64: info: nvkvm:   arming event 194 action 2 client 0xc1e0000d object 0xcaf00001 result 0x00000000 x1
2026-08-10T13:59:37.145191Z qemu-system-x86_64: info: nvkvm:   arming event 35 action 2 client 0xc1e00010 object 0x0000000b result 0x00000000 x1
2026-08-10T13:59:37.145203Z qemu-system-x86_64: info: nvkvm:   arming event 35 action 2 client 0xc1e00011 object 0x0000000c result 0x00000000 x1
2026-08-10T13:59:37.145214Z qemu-system-x86_64: info: nvkvm: channel binds (0xa06f0104): 2 total, 2 distinct (result 0xffffffff = nothing answered)
2026-08-10T13:59:37.145226Z qemu-system-x86_64: info: nvkvm:   bind engineType 11 (COPY2) client 0xc1e00006 object 0x00000002 result 0x00000000 x1
2026-08-10T13:59:37.145238Z qemu-system-x86_64: info: nvkvm:   bind engineType 11 (COPY2) client 0xc1e00011 object 0x00000002 result 0x00000000 x1
2026-08-10T13:59:37.145250Z qemu-system-x86_64: info: nvkvm: isolates: 2 materialized, 2 live, 0 refusing (0 no-plane, 0 spawn-failed)
2026-08-10T13:59:37.145261Z qemu-system-x86_64: info: nvkvm: doorbells: 191 arrived, 183 served, 8 REFUSED by name; last token 0x00010001 (16 logged)
2026-08-10T13:59:37.145273Z qemu-system-x86_64: info: nvkvm:   of the served: 183 local (CPU CE, end witnessed), 0 forwarded (host channel rung)
2026-08-10T13:59:37.145287Z qemu-system-x86_64: info: nvkvm:   by engine: GrCompute=8 GrGraphics=0 Ce=183 NvEnc=0 NvDec=0 Other=0 unrouted=0
2026-08-10T13:59:37.145299Z qemu-system-x86_64: info: nvkvm:   last CPU-CE serving: cpu-ce: 1 gp, 9 methods, 1 launch (0 release-only), 1 span, 65536 B, 1 sem fin va=0x12006c004 -> S:0xe005004
2026-08-10T13:59:37.145310Z qemu-system-x86_64: info: nvkvm:   first doorbell refusal [Route::NotACopyEngineChannel] this channel's engine is GrCompute (route HostGr), so its pushbuffer is not copy-engine work and the shell's CPU copy-engine executor is the wrong executor for it; refused by the ROUTING fact rather than decoded by a codec that can only decline
2026-08-10T13:59:37.145321Z qemu-system-x86_64: info: nvkvm: gpfifo rings: 26 declared, 24 with a non-zero address; first 0x0000000120064000 (4096 entries) — GPU VIRTUAL, untranslated
2026-08-10T13:59:37.145334Z qemu-system-x86_64: info: nvkvm: replayable fault buffer: 1 registration(s) SERVED NV_OK; first 0x31000 B = 49 pages, 0 malformed
2026-08-10T13:59:37.145369Z qemu-system-x86_64: info: nvkvm:   ⊘ fault DELIVERY is UNBUILT: this port raises no replayable fault and never advances MMU_FAULT_BUFFER_PUT(1), so a fault the guest should have been told about becomes a HANG inside UVM's replayable-fault service loop, not an error (docs/design/resume_from_fault.md §7 steps 5b-5d)
2026-08-10T13:59:37.145381Z qemu-system-x86_64: info: nvkvm: client shadow fault buffer: 1 registration(s) SERVED NV_OK; first 0x120c20 B = 289 pages, type 0 (0=non-replayable), 0 malformed
2026-08-10T13:59:37.145392Z qemu-system-x86_64: info: nvkvm:   ⊘ shadow-queue PUSH is UNBUILT: on a GSP client the GSP is the WRITER of this queue and this port never enqueues a fault packet, so a non-replayable fault surfaces as an RC on the channel plus an error notifier (simulated_gpu_fault.md 5.2, the deliberate choice) and NEVER as a queue entry the guest is polling for
2026-08-10T13:59:37.145404Z qemu-system-x86_64: info: nvkvm: access counter buffer: 1 registration(s) SERVED NV_OK; first 0x2000 B = 2 pages, 0 malformed
2026-08-10T13:59:37.145415Z qemu-system-x86_64: info: nvkvm:   ⊘ access-counter NOTIFICATION is UNBUILT: this port advertised the buffer's size as a deliberate fiction (BAR0 0xB83110, which read zero and killed cuInit) and writes no entry into it and raises no notification, so UVM's migration heuristics never fire (resume_from_fault.md S2 ruled that acceptable)
