2026-08-10T18:53:11.317549Z qemu-system-x86_64: -device nvkvm-gpu,bar1-size=268435456,bar2-size=33554432,id=kf0: info: nvkvm: presenting 10de:2504 class 030000 rev a1 subsys 1462:397d (8 interrupt vectors)
kayfabe: memfd census — name="memory-backend-memfd" bytes=2147483648 shared_mapped=true (listed at fd 15, reported only: this number MOVED between two physical benches and is never matched on)
kayfabe: memfd census — name="displaysurface" bytes=1228800 shared_mapped=true (listed at fd 23, reported only: this number MOVED between two physical benches and is never matched on)
kayfabe: memfd census — name="kayfabe-isolate" bytes=713376 shared_mapped=false (listed at fd 24, reported only: this number MOVED between two physical benches and is never matched on)
kayfabe: ★★★ GUEST-RAM CROSSING ARMED — adopted the hypervisor's memory-backend-memfd block, 2147483648 bytes, dev=1 ino=1205182. Every isolate this factory spawns is granted a view of it at a fixed descriptor number; nothing is mapped until a grant says so. ⊘ The size is an EXTENT, not a LAYOUT — where in the guest's physical space these bytes appear is stated separately, by the hypervisor's own topology callbacks, and is reported when the memory plane attaches.
kayfabe: EXECUTORS isolate_plane=real ce_executor=host ⇒ local_ce_is_the_only_executor=false
kayfabe: ★★★ GUEST-RAM LAYOUT AT MEMORY PLANE ATTACH, AS THE HYPERVISOR STATED IT — dev=1 ino=1205182: 0 contiguous run(s) totalling 0 bytes, out of 0 stated section(s) LIVE over all backing files (0 live run(s) for this block). Section funnel: 0 reported -> 0 classified RAM -> 0 carried a backing file, 0 later withdrawn. ⊘ Every run below arrived on a topology callback; NOTHING here is derived from the machine type or from `-m`, and a guest-physical address outside these runs is refused by name rather than assumed to be its own file offset. ⚠ This is ONE INSTANT: the listener is registered on the device's bus-master address space, which is empty until the guest enables bus mastering, so an empty report here is a statement about WHEN it was taken and not about the machine.
kayfabe: ⊘⊘ ZERO RUNS, and the crossing IS armed — the descriptor was adopted and 0 section(s) stated a run, but none named this block. ★ Where it broke: nothing yet, and at THIS instant that is expected rather than broken — the guest has not enabled bus mastering, so the address space this device listens on is still empty. Read the END OF RUN report instead. Nothing can be mapped until this joins; an empty layout refuses every address, which is correct and is not progress.
kayfabe:   (no backing file stated any run at all, so there is nothing to have matched against)
2026-08-10T18:53:11.474711Z qemu-system-x86_64: info: nvkvm: memory plane realized (bar0=0xfd000000 bar1=0xe0000000 bar2=0xf0000000, register plane has guest memory=yes)
2026-08-10T18:53:57.119686Z qemu-system-x86_64: warning: nvkvm: the emulated GSP asked for its STATUS-QUEUE interrupt and this device does not deliver that one. It is the archive's own service cadence, not a guest waiting on anything: delivering it would send one message per doorbell with nothing pending behind it. A guest that BLOCKS on a REGISTERED os-event IS woken — that path latches the GSP engine's stall vector and delivers; see the "os-events" lines in this report for whether it fired.
kayfabe: ENGINE-OBJECT class=0xc7b5 client=0xc1e00005 parent=0x2 params=8B → REFUSED NoVas(ChanId(0)) [seen=1 forwarded=0]
kayfabe: ENGINE-OBJECT class=0xc7b5 client=0xc1e00006 parent=0x2 params=8B → REFUSED Rm(Other(64)) [seen=2 forwarded=0]
kayfabe: RING-PROJ token=0x00010002 proc=0 chan=1 vchid=VChid(0x2) key=0xc1e00006:0x2 engine=Ce vas=0xa dec=0xa pdb=0x2efa9c000 ring=0x420064000 entries=4096 (projection: ce_channel_facts) DESCENT | c=0xc1e00006 vas=0xa dec=0xa userd=h0x9/off0x0 root=0x2efa9c000/ap1/sh47/va[0x100000000..0x11fffffff] rootsrc=published ring=0x420064000 rng=S:0x2b298000 fin=S:0x2b2a0004 gp[0]@0x420064000=0x420000064+0x60 pb=S:0x7c45064 pbm[24w of 96B]: [0]sub0/m0x0/Incrementing/n1=0xc7b5 [1]sub0/m0x700/Incrementing/n1=0x0 [2]sub0/m0x708/Incrementing/n1=0x4 [3]sub0/m0x264/Incrementing/n1=0x0 [4]sub0/m0x408/Incrementing/n2=0x4 [5]sub0/m0x418/Incrementing/n1=0x4 [6]sub0/m0x240/Incrementing/n3=0x4 [7]sub0/m0x300/Incrementing/n1=0x400058e [8]sub0/m0x10/Incrementing/n4=0x4 scan=4096/4096 declared (COMPLETE: every declared entry was read), unread=0, nonzero=[0]=0x0000600420000064 row=arm0x90f10106 x1 lv4/6 pgsz0x200000 sd0x0/0 va[0x100000000..0x11fffffff] L0=0x2efa9c000/sz0x20/ap1/sh47 L1=0x2efa9b000/sz0x1000/ap1/sh38 L2=0x2efa9a000/sz0x1000/ap1/sh29 L3=0x2efa99000/sz0x1000/ap1/sh21 fbL0@0x2efa9c000=029bfa2e00000000000000000000000000000000000000000000000000000000 nz4/4096 resY byBAR2#39 fbL1@0x2efa9b000=029afa2e00000000000000000000000000000000000000000000000000000000 nz4/4096 resY byBAR2#40 ctl=0x0/0x0 ctlL0@0x2efbae000=02adfb2e00000000000000000000000000000000000000000000000000000000 nz4/4096 resY byPRAMIN#21 ctlL1@0x2efbad000=02acfb2e00000000000000000000000000000000000000000000000000000000 nz4/4096 resY byBAR2#22 fbRING[p0]@va0x420064000=NOT-VIDMEM(S:0x2b298000) fbRING[p1]@va0x420065000=NOT-VIDMEM(S:0x2b299000) fbRING[p2]@va0x420066000=NOT-VIDMEM(S:0x2b29a000) fbRING[p3]@va0x420067000=NOT-VIDMEM(S:0x2b29b000) ⊘ BOUNDED-DUMP: 4 of 8 page(s) the ring spans fbFIN@va0x42006c004=NOT-VIDMEM(S:0x2b2a0004) walk: L0@0x2efa9c000/byBAR2#39[ch1 lf0 sp0 inv3]=PDE@0x0->0x2efa9b000/Vidmem L1@0x2efa9b000/byBAR2#40[ch1 lf0 sp0 inv511]=PDE@0x0->0x2efa9a000/Vidmem L2@0x2efa9a000/byBAR2#41[ch26 lf0 sp0 inv486]=PDE@0x420000000->0x2efa80000/Vidmem L3@0x2efa80000/byBAR2#67[ch2 lf0 sp0 inv255]=PDE@0x420000000->0x2efa7f000/Vidmem/dual1of2 L5@0x2efa7f000/byBAR2#68[ch0 lf110 sp0 inv402]=LEAF@0x420064000->0x2b298000/SysmemCoherent/sz0x1000 walkend=LEAF
kayfabe: PT-DECODE token=0x00010002 | PT-DECODE drained=71 latched=31 unowned_vas=0 requeued=40 rounds=2 → bound=6254 unchanged=0 repointed=0 unbound=0 learned=30 published=30/0 meta_refused=0 unwitnessed=6254 unreachable=0 sparse=0 dropped=0 refusals=0 faults=0 reach_faults=0 retired=0 pass_vas_gone=0 first=NONE [witness writes=119629 pending=40 refused=0+0]
kayfabe: GUEST-RAM PIN token=0x00010002 dev=1 ino=1205182 proc=0 chan=1 pdb=0x2efa9c000 ring=0x420064000 gpa=0x2b298000 → file offset 0x2b298000 (4096 bytes) → ⊘ REFUSED `SystemDataPlane` — THE WALL, and it is a STANDING DESIGN RULE, not a defect. This channel belongs to the SYSTEM proc (the guest kernel's own client), and `l1_concurrency.md` §12.26 gives the system proc no data plane: its work is FORGED, never forwarded, so it can hold no host state whose reclaim has no defined point. ★ Everything BEFORE this line succeeded — the ring's VA resolved, its GPA came out of the guest's own page tables, and the hypervisor's stated layout answered with a file offset. ⇒ What is unbuilt is a LIFETIME for system-proc host state, and re-opening §12.26 is an owner decision | ✅ NEGATIVE CONTROL: gpa=0x80001000 (one page past the top of every stated run) REFUSED BY NAME as `NoStatedRun` — no clamping, no best-effort, no probably-identity
kayfabe-isolate: CE-SUBMIT dst=0x40fa7c000 len=4 by=Ours src=Constant(0) → REFUSED BEFORE SUBMISSION Other(19270) (no ring store, no doorbell, no semaphore)
2026-08-10T18:54:02.796714Z qemu-system-x86_64: info: nvkvm: DOORBELL-REFUSED #1 token 0x00010002 at +0xbb0090 [RmError::Other]
2026-08-10T18:54:02.796788Z qemu-system-x86_64: info: nvkvm: DOORBELL token 0x00010002 at +0xbb0090 REFUSED [RmError::Other]
kayfabe: RING-ROSTER 2 row(s), 0 dropped past the cap (a non-zero drop count means this list is a PREFIX and its absences prove nothing)
kayfabe:   RING-ROSTER key=0xc1e00005:0x2 ring=0x120064000 entries=4096
kayfabe:   RING-ROSTER key=0xc1e00006:0x2 ring=0x420064000 entries=4096
kayfabe: UNCLAIMED-CENSUS 64 distinct (bar, offset) pair(s) answered with a DEFAULTED ZERO (⊘ bounded first-N sample — an absence here proves nothing; the totals are the `registers:` line's UNCLAIMED counts)
kayfabe:   UNCLAIMED-CENSUS bar0 off=0x08841c
kayfabe:   UNCLAIMED-CENSUS bar0 off=0x08807c
kayfabe:   UNCLAIMED-CENSUS bar0 off=0x088898
kayfabe:   UNCLAIMED-CENSUS bar0 off=0x088bd8
kayfabe:   UNCLAIMED-CENSUS bar0 off=0x088be0
kayfabe:   UNCLAIMED-CENSUS bar0 off=0x088bf4
kayfabe:   UNCLAIMED-CENSUS bar0 off=0x088bfc
kayfabe:   UNCLAIMED-CENSUS bar0 off=0x100c40
kayfabe:   UNCLAIMED-CENSUS bar0 off=0x100c10
kayfabe:   UNCLAIMED-CENSUS bar0 off=0x001478
kayfabe:   UNCLAIMED-CENSUS bar0 off=0x088080
kayfabe:   UNCLAIMED-CENSUS bar0 off=0x820c04
kayfabe:   UNCLAIMED-CENSUS bar0 off=0x82074c
kayfabe:   UNCLAIMED-CENSUS bar0 off=0x824148
kayfabe:   UNCLAIMED-CENSUS bar0 off=0x009410
kayfabe:   UNCLAIMED-CENSUS bar0 off=0x009400
kayfabe:   UNCLAIMED-CENSUS bar0 off=0x823814
kayfabe:   UNCLAIMED-CENSUS bar0 off=0x625f04
kayfabe:   UNCLAIMED-CENSUS bar0 off=0x8241c0
kayfabe:   UNCLAIMED-CENSUS bar0 off=0x1103c0
kayfabe:   UNCLAIMED-CENSUS bar0 off=0x111668
kayfabe:   UNCLAIMED-CENSUS bar0 off=0x110084
kayfabe:   UNCLAIMED-CENSUS bar0 off=0x110624
kayfabe:   UNCLAIMED-CENSUS bar0 off=0x11010c
kayfabe:   UNCLAIMED-CENSUS bar0 off=0x110600
kayfabe:   UNCLAIMED-CENSUS bar0 off=0x110110
kayfabe:   UNCLAIMED-CENSUS bar0 off=0x110128
kayfabe:   UNCLAIMED-CENSUS bar0 off=0x110114
kayfabe:   UNCLAIMED-CENSUS bar0 off=0x11011c
kayfabe:   UNCLAIMED-CENSUS bar0 off=0x111210
kayfabe:   UNCLAIMED-CENSUS bar0 off=0x11119c
kayfabe:   UNCLAIMED-CENSUS bar0 off=0x111198
kayfabe:   UNCLAIMED-CENSUS bar0 off=0x111180
kayfabe:   UNCLAIMED-CENSUS bar0 off=0x110104
kayfabe:   UNCLAIMED-CENSUS bar0 off=0x001438
kayfabe:   UNCLAIMED-CENSUS bar0 off=0x8400f4
kayfabe:   UNCLAIMED-CENSUS bar0 off=0x8403c0
kayfabe:   UNCLAIMED-CENSUS bar0 off=0x840084
kayfabe:   UNCLAIMED-CENSUS bar0 off=0x840044
kayfabe:   UNCLAIMED-CENSUS bar0 off=0x840624
kayfabe:   UNCLAIMED-CENSUS bar0 off=0x84010c
kayfabe:   UNCLAIMED-CENSUS bar0 off=0x840600
kayfabe:   UNCLAIMED-CENSUS bar0 off=0x840110
kayfabe:   UNCLAIMED-CENSUS bar0 off=0x840128
kayfabe:   UNCLAIMED-CENSUS bar0 off=0x840114
kayfabe:   UNCLAIMED-CENSUS bar0 off=0x84011c
kayfabe:   UNCLAIMED-CENSUS bar0 off=0x841210
kayfabe:   UNCLAIMED-CENSUS bar0 off=0x84119c
kayfabe:   UNCLAIMED-CENSUS bar0 off=0x841198
kayfabe:   UNCLAIMED-CENSUS bar0 off=0x841180
kayfabe:   UNCLAIMED-CENSUS bar0 off=0x840104
kayfabe:   UNCLAIMED-CENSUS bar0 off=0x110080
kayfabe:   UNCLAIMED-CENSUS bar0 off=0x110094
kayfabe:   UNCLAIMED-CENSUS bar0 off=0x088030
kayfabe:   UNCLAIMED-CENSUS bar0 off=0xb830b0
kayfabe:   UNCLAIMED-CENSUS bar0 off=0xb830a0
kayfabe:   UNCLAIMED-CENSUS bar0 off=0xb830a4
kayfabe:   UNCLAIMED-CENSUS bar0 off=0x088068
kayfabe:   UNCLAIMED-CENSUS bar0 off=0x0880c8
kayfabe:   UNCLAIMED-CENSUS bar0 off=0x088424
kayfabe:   UNCLAIMED-CENSUS bar0 off=0x088430
kayfabe:   UNCLAIMED-CENSUS bar0 off=0x088034
kayfabe:   UNCLAIMED-CENSUS bar0 off=0x088038
kayfabe:   UNCLAIMED-CENSUS bar0 off=0x08803c
2026-08-10T18:54:21.983850Z qemu-system-x86_64: info: nvkvm: registers: 129483 reads / 163602 writes (chip-constant 17973, rom 2316, gsp 341r/419w, UNCLAIMED 867r/891w), faults 0, guest-RAM refusals 0, interrupt requests dropped 113
2026-08-10T18:54:21.983953Z qemu-system-x86_64: info: nvkvm: timer: 30 counter reads, 0 writes REFUSED (the guest reads the host GPU's counter and may not move it)
2026-08-10T18:54:21.983991Z qemu-system-x86_64: info: nvkvm: interrupts: 0 vectors delivered, 0 undeliverable (guest had not enabled the table), 113 status-queue requests dropped
2026-08-10T18:54:21.984026Z qemu-system-x86_64: info: nvkvm: interrupt tree: 107628 register accesses, 0 guest LEAF_TRIGGER raises, 0 of them would be masked (⊘ if that equals the raises, the ENABLE BOOKKEEPING is blind and every "would be masked" number in this report is meaningless — the loopback self-test enables its leaf immediately before triggering)
2026-08-10T18:54:21.984062Z qemu-system-x86_64: info: nvkvm: completions: 0 announced (non-stall vector raised), 0 UNVECTORED (work done, nothing told the guest), 0 would be masked by the guest's own LEAF_EN
2026-08-10T18:54:21.984097Z qemu-system-x86_64: info: nvkvm: os-events: 0 registered / 0 retired / 0 live (0 malformed, 0 refused-full); 0 POST_EVENT posted in 0 batch(es); gate: 0 gated, 0 not-running, 0 failed, 0 IRQSCLR cleared
2026-08-10T18:54:21.984155Z qemu-system-x86_64: info: nvkvm: os-event announce: 0 GSP stall vector(s) raised, 0 UNVECTORED, 0 would be masked; 0 batch(es) WOKE WITH NOTHING (last join: 0 doorbells served, 0 of them forwarded, 0 new since the previous batch)
2026-08-10T18:54:21.984191Z qemu-system-x86_64: info: nvkvm: framebuffer: 324 reads / 162247 writes served through the BAR0 moving window (26 window register reads / 22 writes), fb refusals 0, resident 290816 bytes
2026-08-10T18:54:21.984223Z qemu-system-x86_64: info: nvkvm:   windows with no address model: 0r/0w — read it beside the BAR1 traffic that had to exist for this zero to say anything: 0 translated read(s) / 0 write(s), bar1PdeBase = 0x2f1cac000. ⊘ With 0 BAR1 accesses this line reports nothing about the guest.
2026-08-10T18:54:21.984245Z qemu-system-x86_64: info: nvkvm:   framebuffer residency: 71 page(s) spanning [0x2eb750000..0x2f1cac000] — 25949 page(s) of extent, so the resident set is SPARSE. ⊘ A page NOT in this set was never written; a page in it that reads zero WAS addressed and given zeros. The byte census alone cannot tell those apart.
2026-08-10T18:54:21.984274Z qemu-system-x86_64: info: nvkvm:   framebuffer FIRST-WRITER census: PRAMIN 21 / BAR1 0 / BAR2 50 / EXEC 0 / UNATTRIBUTED 0 page(s) — FIRST writer, not last, so this attributes CREATION and not traffic.
2026-08-10T18:54:21.984313Z qemu-system-x86_64: info: nvkvm:   GPFIFO forward search: swept 71 of 71 resident page(s); 1 carry GPFIFO-entry-shaped bytes. ★ BEST 0x2efbaa000 with 256 shaped entries, created by BAR2. ⊘ Compare that ADDRESS with the leaf the doorbell probe's walk reported: if they differ, the write was caught and the DESCENT is aimed at the wrong table.
2026-08-10T18:54:21.984384Z qemu-system-x86_64: info: nvkvm:   trap-status nvkvm-bar0-regs: base 0xfd000000 -> region 'nvkvm-bar0-regs' (OURS), IO — TRAPPED, every guest access reaches this device. ⇒ a never-written page behind this row IS a statement about the guest, because we would have seen the write.
2026-08-10T18:54:21.984409Z qemu-system-x86_64: info: nvkvm:   trap-status nvkvm-bar1-window: base 0xe0000000 -> region 'nvkvm-bar1-window' (OURS), IO — TRAPPED, every guest access reaches this device. ⇒ a never-written page behind this row IS a statement about the guest, because we would have seen the write.
2026-08-10T18:54:21.984431Z qemu-system-x86_64: info: nvkvm:   trap-status nvkvm-bar2-window: base 0xf0000000 -> region 'nvkvm-bar2-window' (OURS), IO — TRAPPED, every guest access reaches this device. ⇒ a never-written page behind this row IS a statement about the guest, because we would have seen the write.
2026-08-10T18:54:21.984452Z qemu-system-x86_64: info: nvkvm:   trap-status nvkvm-msix: base 0xfe052000 -> region 'msix-table' ⚠ (NOT OURS — it overlays this BAR), IO — TRAPPED, every guest access reaches this device. ⇒ a never-written page behind this row IS a statement about the guest, because we would have seen the write.
2026-08-10T18:54:21.984474Z qemu-system-x86_64: info: nvkvm: discarding reservations: none — every region this device presents either traps to the archive or is the interrupt table. ⊘ This is read off the region table, not off a counter, so it cannot go stale the way an unreachable counter did.
2026-08-10T18:54:21.984495Z qemu-system-x86_64: info: nvkvm:   BAR1 access log: EMPTY — no access reached the handler, so there is nothing to attribute. ⊘ Read this beside the trap-status row for this BAR: it means 'no access' only while that row says TRAPPED.
2026-08-10T18:54:21.984516Z qemu-system-x86_64: info: nvkvm: BAR2 (translated): 313 reads / 128269 writes resolved through the GMMU, 0 REFUSED by name; roots published 2 (0 bodies refused), BAR2 root entry 0x0
2026-08-10T18:54:21.984537Z qemu-system-x86_64: info: nvkvm: SET_PAGE_DIRECTORY (0x00801813): NO RECORD LATCHED (0 accepted, 0 refused) — this is NOT "installed into VA space 0"; it is "nothing was installed". A boot that reaches cuInit with 0 accepted did not exercise the rung.
2026-08-10T18:54:21.984570Z qemu-system-x86_64: info: nvkvm: BAR1 (translated): 0 reads / 0 writes resolved through the GMMU, 0 REFUSED by name; bar1PdeBase = 0x2f1cac000 (the framebuffer address WE published and the walk starts from), root entry published by the guest: no, as ogkm-580's two UPDATE_BAR_PDE call sites predict
2026-08-10T18:54:21.984592Z qemu-system-x86_64: info: nvkvm: VA-space page-directory publications: 3 total, 3 distinct, 0 UNDECODABLE (counted from 0x90f10106 / 0x20800a9f ONLY; ⊘ 0x00801813 publishes a root too and is counted on its own line above, so these totals are NOT every root the guest published)
2026-08-10T18:54:21.984613Z qemu-system-x86_64: info: nvkvm:   of those, 3 reached the object model, 2 ACCEPTED (Vas::pdb populated from the guest's own publication), 0 not an event
2026-08-10T18:54:21.984660Z qemu-system-x86_64: info: nvkvm:   gvas cmd 0x20800a9f hClient 0x00000000 hObject 0x00000000 va [0x0000000100000000..0x000000011fffffff] pageSize 0x200000 levels 4 subdev 0/0 x1
2026-08-10T18:54:21.984686Z qemu-system-x86_64: info: nvkvm:     level[0] ROOT phys 0x00000002efbae000 size 0x20 aperture 1 pageShift 47
2026-08-10T18:54:21.984708Z qemu-system-x86_64: info: nvkvm:     level[1] phys 0x00000002efbad000 size 0x1000 aperture 1 pageShift 38
2026-08-10T18:54:21.984730Z qemu-system-x86_64: info: nvkvm:     level[2] phys 0x00000002efbac000 size 0x1000 aperture 1 pageShift 29
2026-08-10T18:54:21.984751Z qemu-system-x86_64: info: nvkvm:     level[3] phys 0x00000002efbab000 size 0x1000 aperture 1 pageShift 21
2026-08-10T18:54:21.984772Z qemu-system-x86_64: info: nvkvm:   gvas cmd 0x90f10106 hClient 0xc1e00005 hObject 0x0000000c va [0x0000000100000000..0x000000011fffffff] pageSize 0x200000 levels 4 subdev 0/0 x1
2026-08-10T18:54:21.984794Z qemu-system-x86_64: info: nvkvm:     level[0] ROOT phys 0x00000002efba5000 size 0x20 aperture 1 pageShift 47
2026-08-10T18:54:21.984815Z qemu-system-x86_64: info: nvkvm:     level[1] phys 0x00000002efba4000 size 0x1000 aperture 1 pageShift 38
2026-08-10T18:54:21.984836Z qemu-system-x86_64: info: nvkvm:     level[2] phys 0x00000002efba3000 size 0x1000 aperture 1 pageShift 29
2026-08-10T18:54:21.984857Z qemu-system-x86_64: info: nvkvm:     level[3] phys 0x00000002efba2000 size 0x1000 aperture 1 pageShift 21
2026-08-10T18:54:21.984878Z qemu-system-x86_64: info: nvkvm:   gvas cmd 0x90f10106 hClient 0xc1e00006 hObject 0x0000000a va [0x0000000100000000..0x000000011fffffff] pageSize 0x200000 levels 4 subdev 0/0 x1
2026-08-10T18:54:21.984900Z qemu-system-x86_64: info: nvkvm:     level[0] ROOT phys 0x00000002efa9c000 size 0x20 aperture 1 pageShift 47
2026-08-10T18:54:21.984920Z qemu-system-x86_64: info: nvkvm:     level[1] phys 0x00000002efa9b000 size 0x1000 aperture 1 pageShift 38
2026-08-10T18:54:21.984941Z qemu-system-x86_64: info: nvkvm:     level[2] phys 0x00000002efa9a000 size 0x1000 aperture 1 pageShift 29
2026-08-10T18:54:21.984962Z qemu-system-x86_64: info: nvkvm:     level[3] phys 0x00000002efa99000 size 0x1000 aperture 1 pageShift 21
2026-08-10T18:54:21.984983Z qemu-system-x86_64: info: nvkvm: commands: 114 decoded, 19 UNSERVICED (refused by name; the guest logs these quietly, which is why they are here), 16 distinct
2026-08-10T18:54:21.985004Z qemu-system-x86_64: info: nvkvm:   unserviced fn 76 cmd 0x20800a87
2026-08-10T18:54:21.985025Z qemu-system-x86_64: info: nvkvm:   unserviced fn 76 cmd 0x20800a4b
2026-08-10T18:54:21.985046Z qemu-system-x86_64: info: nvkvm:   unserviced fn 76 cmd 0x20800afe
2026-08-10T18:54:21.985066Z qemu-system-x86_64: info: nvkvm:   unserviced fn 76 cmd 0x20800aff
2026-08-10T18:54:21.985087Z qemu-system-x86_64: info: nvkvm:   unserviced fn 76 cmd 0x20800a70
2026-08-10T18:54:21.985107Z qemu-system-x86_64: info: nvkvm:   unserviced fn 76 cmd 0x20800a80
2026-08-10T18:54:21.985127Z qemu-system-x86_64: info: nvkvm:   unserviced fn 76 cmd 0x20802a0f
2026-08-10T18:54:21.985148Z qemu-system-x86_64: info: nvkvm:   unserviced fn 76 cmd 0x2080017e
2026-08-10T18:54:21.985183Z qemu-system-x86_64: info: nvkvm:   unserviced fn 76 cmd 0x20800a30
2026-08-10T18:54:21.985205Z qemu-system-x86_64: info: nvkvm:   unserviced fn 76 cmd 0x20800a2c
2026-08-10T18:54:21.985225Z qemu-system-x86_64: info: nvkvm:   unserviced fn 76 cmd 0x20800a2e
2026-08-10T18:54:21.985245Z qemu-system-x86_64: info: nvkvm:   unserviced fn 76 cmd 0x20800a34
2026-08-10T18:54:21.985272Z qemu-system-x86_64: info: nvkvm:   unserviced fn 76 cmd 0x20800b03
2026-08-10T18:54:21.985308Z qemu-system-x86_64: info: nvkvm:   unserviced fn 76 cmd 0x20800b05
2026-08-10T18:54:21.985371Z qemu-system-x86_64: info: nvkvm:   unserviced fn 76 cmd 0x20800a3f
2026-08-10T18:54:21.985402Z qemu-system-x86_64: info: nvkvm:   unserviced fn 76 cmd 0x20800a38
2026-08-10T18:54:21.985422Z qemu-system-x86_64: info: nvkvm: bridge refusals: 1 total, 1 distinct (these ANSWER the command and so never reach the unserviced list)
2026-08-10T18:54:21.985444Z qemu-system-x86_64: info: nvkvm:   bridge refusal BridgeRefusal::ReservedClient x1
2026-08-10T18:54:21.985465Z qemu-system-x86_64: info: nvkvm: promote-ctx: NO REFUSAL LATCHED — no GPU_PROMOTE_CTX was refused this boot. ⊘ Read this against the 0x2080012b rows in the control census below: absent there too means none arrived.
2026-08-10T18:54:21.985486Z qemu-system-x86_64: info: nvkvm: probe-arm set: EMPTY (shipping configuration: an arming is served only if the index is on SILENT_NOTIFIERS — the event cannot occur — or DELIVERED_NOTIFIERS — this device raises it; all others refused)
2026-08-10T18:54:21.985506Z qemu-system-x86_64: info: nvkvm: controls: 39 answered, 26 distinct cmd/result rows (result 0 = served; non-zero = served-but-REFUSED, which reaches no other list)
2026-08-10T18:54:21.985527Z qemu-system-x86_64: info: nvkvm:   control 0x20800a36 result 0x00000000 x1
2026-08-10T18:54:21.985548Z qemu-system-x86_64: info: nvkvm:   control 0x20800a41 result 0x00000000 x1
2026-08-10T18:54:21.985569Z qemu-system-x86_64: info: nvkvm:   control 0x208001b0 result 0x00000000 x2
2026-08-10T18:54:21.985589Z qemu-system-x86_64: info: nvkvm:   control 0x20800a40 result 0x00000000 x1
2026-08-10T18:54:21.985610Z qemu-system-x86_64: info: nvkvm:   control 0x20801112 result 0x00000000 x1
2026-08-10T18:54:21.985653Z qemu-system-x86_64: info: nvkvm:   control 0x20800a5c result 0x00000000 x1
2026-08-10T18:54:21.985676Z qemu-system-x86_64: info: nvkvm:   control 0x20800a1c result 0x00000000 x1
2026-08-10T18:54:21.985696Z qemu-system-x86_64: info: nvkvm:   control 0x20801803 result 0x00000000 x1
2026-08-10T18:54:21.985716Z qemu-system-x86_64: info: nvkvm:   control 0x20800af3 result 0x00000000 x2
2026-08-10T18:54:21.985737Z qemu-system-x86_64: info: nvkvm:   control 0x20800aac result 0x00000000 x1
2026-08-10T18:54:21.985757Z qemu-system-x86_64: info: nvkvm:   control 0x20800a61 result 0x00000000 x4
2026-08-10T18:54:21.985778Z qemu-system-x86_64: info: nvkvm:   control 0x20802a08 result 0x00000000 x3
2026-08-10T18:54:21.985798Z qemu-system-x86_64: info: nvkvm:   control 0x20800301 result 0x00000000 x3
2026-08-10T18:54:21.985819Z qemu-system-x86_64: info: nvkvm:   control 0x20800a59 result 0x00000000 x1
2026-08-10T18:54:21.985839Z qemu-system-x86_64: info: nvkvm:   control 0x20800a6c result 0x00000000 x3
2026-08-10T18:54:21.985859Z qemu-system-x86_64: info: nvkvm:   control 0x20800a9f result 0x00000000 x1
2026-08-10T18:54:21.985880Z qemu-system-x86_64: info: nvkvm:   control 0x20800a1f result 0x00000000 x1
2026-08-10T18:54:21.985900Z qemu-system-x86_64: info: nvkvm:   control 0x20800a2a result 0x00000000 x1
2026-08-10T18:54:21.985921Z qemu-system-x86_64: info: nvkvm:   control 0x20800a26 result 0x00000000 x1
2026-08-10T18:54:21.985941Z qemu-system-x86_64: info: nvkvm:   control 0x20800a22 result 0x00000000 x1
2026-08-10T18:54:21.985961Z qemu-system-x86_64: info: nvkvm:   control 0x20800a3d result 0x00000000 x1
2026-08-10T18:54:21.985982Z qemu-system-x86_64: info: nvkvm:   control 0x20800a48 result 0x00000000 x1
2026-08-10T18:54:21.986002Z qemu-system-x86_64: info: nvkvm:   control 0x20800a32 result 0x00000000 x1
2026-08-10T18:54:21.986035Z qemu-system-x86_64: info: nvkvm:   control 0x90f10106 result 0x00000000 x2
2026-08-10T18:54:21.986056Z qemu-system-x86_64: info: nvkvm:   control 0xa06f0103 result 0x00000000 x2
2026-08-10T18:54:21.986076Z qemu-system-x86_64: info: nvkvm:   control 0xa06f0104 result 0x00000000 x1
2026-08-10T18:54:21.986097Z qemu-system-x86_64: info: nvkvm: notifier armings (0x20800301): 3 total, 3 distinct (result 0xffffffff = nothing answered)
2026-08-10T18:54:21.986118Z qemu-system-x86_64: info: nvkvm:   arming event 194 action 2 client 0xc1e00002 object 0xcaf00001 result 0x00000000 x1
2026-08-10T18:54:21.986139Z qemu-system-x86_64: info: nvkvm:   arming event 35 action 2 client 0xc1e00005 object 0x0000000b result 0x00000000 x1
2026-08-10T18:54:21.986160Z qemu-system-x86_64: info: nvkvm:   arming event 35 action 2 client 0xc1e00006 object 0x0000000c result 0x00000000 x1
2026-08-10T18:54:21.986181Z qemu-system-x86_64: info: nvkvm: channel binds (0xa06f0104): 1 total, 1 distinct (result 0xffffffff = nothing answered)
2026-08-10T18:54:21.986203Z qemu-system-x86_64: info: nvkvm:   bind engineType 11 (COPY2) client 0xc1e00006 object 0x00000002 result 0x00000000 x1
2026-08-10T18:54:21.986224Z qemu-system-x86_64: info: nvkvm: isolates: 1 materialized, 1 live, 0 refusing (0 no-plane, 0 spawn-failed)
2026-08-10T18:54:21.986245Z qemu-system-x86_64: info: nvkvm: doorbells: 1 arrived, 0 served, 1 REFUSED by name; last token 0x00010002 (1 logged)
2026-08-10T18:54:21.986274Z qemu-system-x86_64: info: nvkvm:   of the served: 0 local (CPU CE, end witnessed), 0 forwarded (host channel rung)
2026-08-10T18:54:21.986318Z qemu-system-x86_64: info: nvkvm:   by engine: GrCompute=0 GrGraphics=0 Ce=1 NvEnc=0 NvDec=0 Other=0 unrouted=0
2026-08-10T18:54:21.986388Z qemu-system-x86_64: info: nvkvm:   first doorbell refusal [RmError::Other] Rm(Other(19270)) | c=0xc1e00006 vas=0xa dec=0xa userd=h0x9/off0x0 root=0x2efa9c000/ap1/sh47/va[0x100000000..0x11fffffff] rootsrc=published ring=0x420064000 rng=S:0x2b298000 fin=S:0x2b2a0004 gp[0]@0x420064000=0x420000064+0x60 pb=S:0x7c45064 pbm[24w of 96B]: [0]sub0/m0x0/Incrementing/n1=0xc7b5 [1]sub0/m0x700/Incrementing/n1=0x0 [2]sub0/m0x708/Incrementing/n1=0x4 [3]sub0/m0x264/Incrementing/n1=0x0 [4]sub0/m0x408/Incrementing/n2=0x4 [5]sub0/m0x418/Incrementing/n1=0x4 [6]sub0/m0x240/Incrementing/n3=0x4 [7]sub0/m0x300/Incrementing/n1=0x400058e [8]sub0/m0x10/Incrementing/n4=0x4 scan=4096/4096 declared (COMPLETE: every declared entry was read), unread=0, nonzero=[0]=0x0000600420000064 row=arm0x90f10106 x1 lv4/6 pgsz0x200000 sd0x0/0 va[0x100000000..0x11fffffff] L0=0x2efa9c000/sz0x20/ap1/sh47 L1=0x2efa9b000/sz0x1000/ap1/sh38 L2=0x2efa9a000/sz0x1000/ap1/sh29 L3=0x2efa99000/sz0x1000/ap1/sh21 fbL0@0x2efa9c000=029bfa2e00000000000000000000000000000000000000000000000000000000 nz4/4096 resY byBAR2#39 fbL1@0x2efa9b000=029afa2e00000000000000000000000000000000000000000000000000000000 nz4/4096 resY byBAR2#40 ctl=0x0/0x0 ctlL0@0x2efbae000=02adfb2e00000000000000000000000000000000000000000000000000000000 nz4/4096 resY byPRAMIN#21 ctlL1@0x2efbad000=02acfb2e00000000000000000000000000000000000000000000000000000000 nz4/4096 resY byBAR2#22 fbRING[p0]@va0x420064000=NOT-VIDMEM(S:0x2b298000) fbRING[p1]@va0x420065000=NOT-VIDMEM(S:0x2b299000) fbRING[p2]@va0x420066000=NOT-VIDMEM(S:0x2b29a000) fbRING[p3]@va0x420067000=NOT-VIDMEM(S:0x2b29b000) ⊘ BOUNDED-DUMP: 4 of 8 page(s) the ring spans fbFIN@va0x42006c004=NOT-VIDMEM(S:0x2b2a0004) walk: L0@0x2efa9c000/byBAR2#39[ch1 lf0 sp0 inv3]=PDE@0x0->0x2efa9b000/Vidmem L1@0x2efa9b000/byBAR2#40[ch1 lf0 sp0 inv511]=PDE@0x0->0x2efa9a000/Vidmem L2@0x2efa9a000/byBAR2#41[ch26 lf0 sp0 inv486]=PDE@0x420000000->0x2efa80000/Vidmem L3@0x2efa80000/byBAR2#67[ch2 lf0 sp0 inv255]=PDE@0x420000000->0x2efa7f000/Vidmem/dual1of2 L5@0x2efa7f000/byBAR2#68[ch0 lf110 sp0 inv402]=LEAF@0x420064000-> [CLIPPED, sentence was 2060 bytes]
2026-08-10T18:54:21.986412Z qemu-system-x86_64: info: nvkvm: gpfifo rings: 2 declared, 2 with a non-zero address; first 0x0000000120064000 (4096 entries) — GPU VIRTUAL, untranslated
kayfabe: ★★★ GUEST-RAM LAYOUT AT END OF RUN, AS THE HYPERVISOR STATED IT — dev=1 ino=1205182: 4 contiguous run(s) totalling 2147135488 bytes, out of 0 stated section(s) LIVE over all backing files (0 live run(s) for this block). Section funnel: 76 reported -> 10 classified RAM -> 8 carried a backing file, 8 later withdrawn. ⊘ Every run below arrived on a topology callback; NOTHING here is derived from the machine type or from `-m`, and a guest-physical address outside these runs is refused by name rather than assumed to be its own file offset. ⚠ This is ONE INSTANT: the listener is registered on the device's bus-master address space, which is empty until the guest enables bus mastering, so an empty report here is a statement about WHEN it was taken and not about the machine.
kayfabe:   gpa 0x0000000000000000..0x00000000000a0000 -> file offset 0x0000000000000000 (655360 bytes) [identity — an OBSERVATION about this run, never a rule]
kayfabe:   gpa 0x00000000000cb000..0x00000000000ce000 -> file offset 0x00000000000cb000 (12288 bytes) [identity — an OBSERVATION about this run, never a rule]
kayfabe:   gpa 0x00000000000e8000..0x00000000000f0000 -> file offset 0x00000000000e8000 (32768 bytes) [identity — an OBSERVATION about this run, never a rule]
kayfabe:   gpa 0x0000000000100000..0x0000000080000000 -> file offset 0x0000000000100000 (2146435072 bytes) [identity — an OBSERVATION about this run, never a rule]
