2026-08-10T02:44:35.557266Z qemu-system-x86_64: -device nvkvm-gpu,bar1-size=268435456,bar2-size=33554432,id=kf0: info: nvkvm: presenting 10de:2504 class 030000 rev a1 subsys 1462:397d (8 interrupt vectors)
2026-08-10T02:44:35.713435Z qemu-system-x86_64: info: nvkvm: memory plane realized (bar0=0xfd000000 bar1=0xe0000000 bar2=0xf0000000, register plane has guest memory=yes)
2026-08-10T02:45:12.601911Z qemu-system-x86_64: warning: nvkvm: the emulated GSP asked for its STATUS-QUEUE interrupt and this device does not deliver that one. The guest's own interrupt trigger IS delivered; this is the GSP-engine stall vector, which needs a pending bit in the interrupt tree first. A guest that BLOCKS on a status-queue event will not be woken by us — the boot path polls instead.
2026-08-10T02:45:18.477630Z qemu-system-x86_64: info: nvkvm: DOORBELL token 0x00010002 at +0xbb0090 SERVED-LOCAL [CpuCe::ServedLocally]
2026-08-10T02:45:18.478863Z qemu-system-x86_64: info: nvkvm: DOORBELL token 0x00010002 at +0xbb0090 SERVED-LOCAL [CpuCe::ServedLocally]
2026-08-10T02:45:30.435087Z qemu-system-x86_64: warning: nvkvm: the emulated GSP refused a register write at +0x110c00: GspFault::QueueNotBound
2026-08-10T02:45:30.435312Z qemu-system-x86_64: warning: nvkvm: the emulated GSP refused a register write at +0x110c00: GspFault::QueueNotBound
2026-08-10T02:45:36.334253Z qemu-system-x86_64: info: nvkvm: DOORBELL token 0x00010002 at +0xbb0090 SERVED-LOCAL [CpuCe::ServedLocally]
2026-08-10T02:45:36.335423Z qemu-system-x86_64: info: nvkvm: DOORBELL token 0x00010002 at +0xbb0090 SERVED-LOCAL [CpuCe::ServedLocally]
2026-08-10T02:45:38.078419Z qemu-system-x86_64: info: nvkvm: DOORBELL token 0x00010003 at +0xbb0090 SERVED-LOCAL [CpuCe::ServedLocally]
2026-08-10T02:45:38.144221Z qemu-system-x86_64: info: nvkvm: DOORBELL token 0x00010004 at +0xbb0090 SERVED-LOCAL [CpuCe::ServedLocally]
2026-08-10T02:45:38.211158Z qemu-system-x86_64: info: nvkvm: DOORBELL token 0x00020005 at +0xbb0090 SERVED-LOCAL [CpuCe::ServedLocally]
2026-08-10T02:45:38.276039Z qemu-system-x86_64: info: nvkvm: DOORBELL token 0x00020006 at +0xbb0090 SERVED-LOCAL [CpuCe::ServedLocally]
2026-08-10T02:45:38.276421Z qemu-system-x86_64: info: nvkvm: DOORBELL token 0x00010003 at +0xbb0090 SERVED-LOCAL [CpuCe::ServedLocally]
2026-08-10T02:45:38.291301Z qemu-system-x86_64: info: nvkvm: DOORBELL token 0x00010003 at +0xbb0090 SERVED-LOCAL [CpuCe::ServedLocally]
2026-08-10T02:45:38.294998Z qemu-system-x86_64: info: nvkvm: DOORBELL token 0x00010003 at +0xbb0090 SERVED-LOCAL [CpuCe::ServedLocally]
2026-08-10T02:45:38.295988Z qemu-system-x86_64: info: nvkvm: DOORBELL token 0x00010003 at +0xbb0090 SERVED-LOCAL [CpuCe::ServedLocally]
2026-08-10T02:45:38.297881Z qemu-system-x86_64: info: nvkvm: DOORBELL token 0x00010003 at +0xbb0090 SERVED-LOCAL [CpuCe::ServedLocally]
2026-08-10T02:45:38.298893Z qemu-system-x86_64: info: nvkvm: DOORBELL token 0x00010003 at +0xbb0090 SERVED-LOCAL [CpuCe::ServedLocally]
2026-08-10T02:45:38.301374Z qemu-system-x86_64: info: nvkvm: DOORBELL token 0x00010003 at +0xbb0090 SERVED-LOCAL [CpuCe::ServedLocally]
2026-08-10T02:45:38.303435Z qemu-system-x86_64: info: nvkvm: DOORBELL token 0x00010003 at +0xbb0090 SERVED-LOCAL [CpuCe::ServedLocally]
2026-08-10T02:46:16.178670Z qemu-system-x86_64: info: nvkvm: registers: 11614 reads / 417462 writes (chip-constant 165, rom 4632, gsp 682r/1327w, UNCLAIMED 2884r/2494w), faults 2, guest-RAM refusals 0, interrupt requests dropped 715
2026-08-10T02:46:16.178768Z qemu-system-x86_64: info: nvkvm: timer: 204 counter reads, 0 writes REFUSED (the guest reads the host GPU's counter and may not move it)
2026-08-10T02:46:16.178804Z qemu-system-x86_64: info: nvkvm: interrupts: 267 vectors delivered, 0 undeliverable (guest had not enabled the table), 715 status-queue requests dropped
2026-08-10T02:46:16.178838Z qemu-system-x86_64: info: nvkvm: completions: 4 announced (non-stall vector raised), 350 UNVECTORED (work done, nothing told the guest), 4 would be masked by the guest's own LEAF_EN
2026-08-10T02:46:16.178872Z qemu-system-x86_64: info: nvkvm: framebuffer: 1410 reads / 405922 writes served through the BAR0 moving window (52 window register reads / 42 writes), fb refusals 0, resident 48562176 bytes
2026-08-10T02:46:16.178931Z qemu-system-x86_64: info: nvkvm:   windows with no address model: 0r/0w — read it beside the BAR1 traffic that had to exist for this zero to say anything: 0 translated read(s) / 1238 write(s), bar1PdeBase = 0x2f1cac000. ⊘ With 0 BAR1 accesses this line reports nothing about the guest.
2026-08-10T02:46:16.178954Z qemu-system-x86_64: info: nvkvm:   framebuffer residency: 11856 page(s) spanning [0x0..0x2f1cac000] — 3087533 page(s) of extent, so the resident set is SPARSE. ⊘ A page NOT in this set was never written; a page in it that reads zero WAS addressed and given zeros. The byte census alone cannot tell those apart.
2026-08-10T02:46:16.178977Z qemu-system-x86_64: info: nvkvm:   framebuffer FIRST-WRITER census: PRAMIN 21 / BAR1 41 / BAR2 88 / EXEC 11706 / UNATTRIBUTED 0 page(s) — FIRST writer, not last, so this attributes CREATION and not traffic.
2026-08-10T02:46:16.178998Z qemu-system-x86_64: info: nvkvm:   GPFIFO forward search: swept 8192 of 11856 resident page(s), and NO page carries GPFIFO-entry-shaped bytes. ⊘ This says the ring's bytes are not in THIS store — it does not say the guest never wrote them.
2026-08-10T02:46:16.179023Z qemu-system-x86_64: info: nvkvm:   trap-status nvkvm-bar0-regs: base 0xfd000000 -> region 'nvkvm-bar0-regs' (OURS), IO — TRAPPED, every guest access reaches this device. ⇒ a never-written page behind this row IS a statement about the guest, because we would have seen the write.
2026-08-10T02:46:16.179047Z qemu-system-x86_64: info: nvkvm:   trap-status nvkvm-bar1-window: base 0xe0000000 -> region 'nvkvm-bar1-window' (OURS), IO — TRAPPED, every guest access reaches this device. ⇒ a never-written page behind this row IS a statement about the guest, because we would have seen the write.
2026-08-10T02:46:16.179069Z qemu-system-x86_64: info: nvkvm:   trap-status nvkvm-bar2-window: base 0xf0000000 -> region 'nvkvm-bar2-window' (OURS), IO — TRAPPED, every guest access reaches this device. ⇒ a never-written page behind this row IS a statement about the guest, because we would have seen the write.
2026-08-10T02:46:16.179091Z qemu-system-x86_64: info: nvkvm:   trap-status nvkvm-msix: base 0xfe052000 -> region 'msix-table' ⚠ (NOT OURS — it overlays this BAR), IO — TRAPPED, every guest access reaches this device. ⇒ a never-written page behind this row IS a statement about the guest, because we would have seen the write.
2026-08-10T02:46:16.179113Z qemu-system-x86_64: info: nvkvm: discarding reservations: none — every region this device presents either traps to the archive or is the interrupt table. ⊘ This is read off the region table, not off a counter, so it cannot go stale the way an unreachable counter did.
2026-08-10T02:46:16.179133Z qemu-system-x86_64: info: nvkvm:   BAR1 access log: 16 of 1238 access(es) recorded in full (FIRST ones, because the write under test precedes the doorbell) — ⊘ BOUNDED-LOG, later accesses are not shown
2026-08-10T02:46:16.179154Z qemu-system-x86_64: info: nvkvm:     BAR1[0] WRITE off=0x90000 size=4 val=0x20000000
2026-08-10T02:46:16.179176Z qemu-system-x86_64: info: nvkvm:     BAR1[1] WRITE off=0x90004 size=4 val=0x2801
2026-08-10T02:46:16.179196Z qemu-system-x86_64: info: nvkvm:     BAR1[2] WRITE off=0xa008c size=4 val=0x1
2026-08-10T02:46:16.179241Z qemu-system-x86_64: info: nvkvm:     BAR1[3] WRITE off=0xb0000 size=4 val=0x20100000
2026-08-10T02:46:16.179263Z qemu-system-x86_64: info: nvkvm:     BAR1[4] WRITE off=0xb0004 size=4 val=0x2801
2026-08-10T02:46:16.179283Z qemu-system-x86_64: info: nvkvm:     BAR1[5] WRITE off=0xc008c size=4 val=0x1
2026-08-10T02:46:16.179303Z qemu-system-x86_64: info: nvkvm:     BAR1[6] WRITE off=0xd0000 size=4 val=0x20200000
2026-08-10T02:46:16.179324Z qemu-system-x86_64: info: nvkvm:     BAR1[7] WRITE off=0xd0004 size=4 val=0x2801
2026-08-10T02:46:16.179377Z qemu-system-x86_64: info: nvkvm:     BAR1[8] WRITE off=0xe008c size=4 val=0x1
2026-08-10T02:46:16.179411Z qemu-system-x86_64: info: nvkvm:     BAR1[9] WRITE off=0xf0000 size=4 val=0x20300000
2026-08-10T02:46:16.179432Z qemu-system-x86_64: info: nvkvm:     BAR1[10] WRITE off=0xf0004 size=4 val=0x2801
2026-08-10T02:46:16.179452Z qemu-system-x86_64: info: nvkvm:     BAR1[11] WRITE off=0x10008c size=4 val=0x1
2026-08-10T02:46:16.179473Z qemu-system-x86_64: info: nvkvm:     BAR1[12] WRITE off=0x90008 size=4 val=0x20400000
2026-08-10T02:46:16.179493Z qemu-system-x86_64: info: nvkvm:     BAR1[13] WRITE off=0x9000c size=4 val=0x6801
2026-08-10T02:46:16.179514Z qemu-system-x86_64: info: nvkvm:     BAR1[14] WRITE off=0xa008c size=4 val=0x2
2026-08-10T02:46:16.179534Z qemu-system-x86_64: info: nvkvm:     BAR1[15] WRITE off=0x90010 size=4 val=0x20500000
2026-08-10T02:46:16.179554Z qemu-system-x86_64: info: nvkvm: BAR2 (translated): 1388 reads / 336728 writes resolved through the GMMU, 0 REFUSED by name; roots published 4 (0 bodies refused), BAR2 root entry 0x0
2026-08-10T02:46:16.179598Z qemu-system-x86_64: info: nvkvm: SET_PAGE_DIRECTORY (0x00801813): 2 ACCEPTED, 0 refused; latest hClient 0xc1d0000a hObject 0xcaf00000 hVASpace 0xcaf00036 physAddress 0x201000 numEntries 4 flags 0x8 (aperture 0)
2026-08-10T02:46:16.179620Z qemu-system-x86_64: info: nvkvm: BAR1 (translated): 0 reads / 1238 writes resolved through the GMMU, 0 REFUSED by name; bar1PdeBase = 0x2f1cac000 (the framebuffer address WE published and the walk starts from), root entry published by the guest: no, as ogkm-580's two UPDATE_BAR_PDE call sites predict
2026-08-10T02:46:16.179642Z qemu-system-x86_64: info: nvkvm: VA-space page-directory publications: 12 total, 11 distinct, 0 UNDECODABLE (counted from 0x90f10106 / 0x20800a9f ONLY; ⊘ 0x00801813 publishes a root too and is counted on its own line above, so these totals are NOT every root the guest published)
2026-08-10T02:46:16.179662Z qemu-system-x86_64: info: nvkvm:   of those, 14 reached the object model, 12 ACCEPTED (Vas::pdb populated from the guest's own publication), 0 not an event
2026-08-10T02:46:16.179683Z qemu-system-x86_64: info: nvkvm:   gvas cmd 0x20800a9f hClient 0x00000000 hObject 0x00000000 va [0x0000000100000000..0x000000011fffffff] pageSize 0x200000 levels 4 subdev 0/0 x2
2026-08-10T02:46:16.179706Z qemu-system-x86_64: info: nvkvm:     level[0] ROOT phys 0x00000002efbae000 size 0x20 aperture 1 pageShift 47
2026-08-10T02:46:16.179728Z qemu-system-x86_64: info: nvkvm:     level[1] phys 0x00000002efbad000 size 0x1000 aperture 1 pageShift 38
2026-08-10T02:46:16.179749Z qemu-system-x86_64: info: nvkvm:     level[2] phys 0x00000002efbac000 size 0x1000 aperture 1 pageShift 29
2026-08-10T02:46:16.179770Z qemu-system-x86_64: info: nvkvm:     level[3] phys 0x00000002efbab000 size 0x1000 aperture 1 pageShift 21
2026-08-10T02:46:16.179790Z qemu-system-x86_64: info: nvkvm:   gvas cmd 0x90f10106 hClient 0xc1e00005 hObject 0x0000000c va [0x0000000100000000..0x000000011fffffff] pageSize 0x200000 levels 4 subdev 0/0 x1
2026-08-10T02:46:16.179812Z qemu-system-x86_64: info: nvkvm:     level[0] ROOT phys 0x00000002efba5000 size 0x20 aperture 1 pageShift 47
2026-08-10T02:46:16.179833Z qemu-system-x86_64: info: nvkvm:     level[1] phys 0x00000002efba4000 size 0x1000 aperture 1 pageShift 38
2026-08-10T02:46:16.179853Z qemu-system-x86_64: info: nvkvm:     level[2] phys 0x00000002efba3000 size 0x1000 aperture 1 pageShift 29
2026-08-10T02:46:16.179874Z qemu-system-x86_64: info: nvkvm:     level[3] phys 0x00000002efba2000 size 0x1000 aperture 1 pageShift 21
2026-08-10T02:46:16.179894Z qemu-system-x86_64: info: nvkvm:   gvas cmd 0x90f10106 hClient 0xc1e00006 hObject 0x0000000a va [0x0000000100000000..0x000000011fffffff] pageSize 0x200000 levels 4 subdev 0/0 x1
2026-08-10T02:46:16.179915Z qemu-system-x86_64: info: nvkvm:     level[0] ROOT phys 0x00000002efa9c000 size 0x20 aperture 1 pageShift 47
2026-08-10T02:46:16.179935Z qemu-system-x86_64: info: nvkvm:     level[1] phys 0x00000002efa9b000 size 0x1000 aperture 1 pageShift 38
2026-08-10T02:46:16.179956Z qemu-system-x86_64: info: nvkvm:     level[2] phys 0x00000002efa9a000 size 0x1000 aperture 1 pageShift 29
2026-08-10T02:46:16.179986Z qemu-system-x86_64: info: nvkvm:     level[3] phys 0x00000002efa99000 size 0x1000 aperture 1 pageShift 21
2026-08-10T02:46:16.180007Z qemu-system-x86_64: info: nvkvm:   gvas cmd 0x90f10106 hClient 0xc1e00007 hObject 0xbaba0042 va [0x0000000100000000..0x000000011fffffff] pageSize 0x200000 levels 4 subdev 0/0 x1
2026-08-10T02:46:16.180028Z qemu-system-x86_64: info: nvkvm:     level[0] ROOT phys 0x00000002efa7c000 size 0x20 aperture 1 pageShift 47
2026-08-10T02:46:16.180048Z qemu-system-x86_64: info: nvkvm:     level[1] phys 0x00000002efa7b000 size 0x1000 aperture 1 pageShift 38
2026-08-10T02:46:16.180069Z qemu-system-x86_64: info: nvkvm:     level[2] phys 0x00000002efa7a000 size 0x1000 aperture 1 pageShift 29
2026-08-10T02:46:16.180089Z qemu-system-x86_64: info: nvkvm:     level[3] phys 0x00000002efa79000 size 0x1000 aperture 1 pageShift 21
2026-08-10T02:46:16.180110Z qemu-system-x86_64: info: nvkvm:   gvas cmd 0x90f10106 hClient 0xc1d00008 hObject 0xcaf00000 va [0x0000000100000000..0x000000011fffffff] pageSize 0x200000 levels 4 subdev 0/0 x1
2026-08-10T02:46:16.180131Z qemu-system-x86_64: info: nvkvm:     level[0] ROOT phys 0x00000002efa7c000 size 0x20 aperture 1 pageShift 47
2026-08-10T02:46:16.180151Z qemu-system-x86_64: info: nvkvm:     level[1] phys 0x00000002efa7b000 size 0x1000 aperture 1 pageShift 38
2026-08-10T02:46:16.180172Z qemu-system-x86_64: info: nvkvm:     level[2] phys 0x00000002efa7a000 size 0x1000 aperture 1 pageShift 29
2026-08-10T02:46:16.180192Z qemu-system-x86_64: info: nvkvm:     level[3] phys 0x00000002efa79000 size 0x1000 aperture 1 pageShift 21
2026-08-10T02:46:16.180236Z qemu-system-x86_64: info: nvkvm:   gvas cmd 0x90f10106 hClient 0xc1e00010 hObject 0x0000000c va [0x0000000100000000..0x000000011fffffff] pageSize 0x200000 levels 4 subdev 0/0 x1
2026-08-10T02:46:16.180258Z qemu-system-x86_64: info: nvkvm:     level[0] ROOT phys 0x00000002efba5000 size 0x20 aperture 1 pageShift 47
2026-08-10T02:46:16.180278Z qemu-system-x86_64: info: nvkvm:     level[1] phys 0x00000002efba4000 size 0x1000 aperture 1 pageShift 38
2026-08-10T02:46:16.180299Z qemu-system-x86_64: info: nvkvm:     level[2] phys 0x00000002efba3000 size 0x1000 aperture 1 pageShift 29
2026-08-10T02:46:16.180319Z qemu-system-x86_64: info: nvkvm:     level[3] phys 0x00000002efba2000 size 0x1000 aperture 1 pageShift 21
2026-08-10T02:46:16.180368Z qemu-system-x86_64: info: nvkvm:   gvas cmd 0x90f10106 hClient 0xc1e00011 hObject 0x0000000a va [0x0000000100000000..0x000000011fffffff] pageSize 0x200000 levels 4 subdev 0/0 x1
2026-08-10T02:46:16.180391Z qemu-system-x86_64: info: nvkvm:     level[0] ROOT phys 0x00000002efa9c000 size 0x20 aperture 1 pageShift 47
2026-08-10T02:46:16.180412Z qemu-system-x86_64: info: nvkvm:     level[1] phys 0x00000002efa9b000 size 0x1000 aperture 1 pageShift 38
2026-08-10T02:46:16.180432Z qemu-system-x86_64: info: nvkvm:     level[2] phys 0x00000002efa9a000 size 0x1000 aperture 1 pageShift 29
2026-08-10T02:46:16.180453Z qemu-system-x86_64: info: nvkvm:     level[3] phys 0x00000002efa99000 size 0x1000 aperture 1 pageShift 21
2026-08-10T02:46:16.180473Z qemu-system-x86_64: info: nvkvm:   gvas cmd 0x90f10106 hClient 0xc1e00012 hObject 0xbaba0042 va [0x0000000100000000..0x000000011fffffff] pageSize 0x200000 levels 4 subdev 0/0 x1
2026-08-10T02:46:16.180494Z qemu-system-x86_64: info: nvkvm:     level[0] ROOT phys 0x00000002efa7c000 size 0x20 aperture 1 pageShift 47
2026-08-10T02:46:16.180515Z qemu-system-x86_64: info: nvkvm:     level[1] phys 0x00000002efa7b000 size 0x1000 aperture 1 pageShift 38
2026-08-10T02:46:16.180535Z qemu-system-x86_64: info: nvkvm:     level[2] phys 0x00000002efa7a000 size 0x1000 aperture 1 pageShift 29
2026-08-10T02:46:16.180556Z qemu-system-x86_64: info: nvkvm:     level[3] phys 0x00000002efa79000 size 0x1000 aperture 1 pageShift 21
2026-08-10T02:46:16.180576Z qemu-system-x86_64: info: nvkvm:   gvas cmd 0x90f10106 hClient 0xc1d00013 hObject 0xcaf00000 va [0x0000000100000000..0x000000011fffffff] pageSize 0x200000 levels 4 subdev 0/0 x1
2026-08-10T02:46:16.180610Z qemu-system-x86_64: info: nvkvm:     level[0] ROOT phys 0x00000002efa7c000 size 0x20 aperture 1 pageShift 47
2026-08-10T02:46:16.180632Z qemu-system-x86_64: info: nvkvm:     level[1] phys 0x00000002efa7b000 size 0x1000 aperture 1 pageShift 38
2026-08-10T02:46:16.180652Z qemu-system-x86_64: info: nvkvm:     level[2] phys 0x00000002efa7a000 size 0x1000 aperture 1 pageShift 29
2026-08-10T02:46:16.180672Z qemu-system-x86_64: info: nvkvm:     level[3] phys 0x00000002efa79000 size 0x1000 aperture 1 pageShift 21
2026-08-10T02:46:16.180693Z qemu-system-x86_64: info: nvkvm:   gvas cmd 0x90f10106 hClient 0xc1d0000c hObject 0x5c000008 va [0x0000000100000000..0x000000011fffffff] pageSize 0x200000 levels 4 subdev 0/0 x1
2026-08-10T02:46:16.180714Z qemu-system-x86_64: info: nvkvm:     level[0] ROOT phys 0x0000000000000000 size 0x20 aperture 1 pageShift 47
2026-08-10T02:46:16.180735Z qemu-system-x86_64: info: nvkvm:     level[1] phys 0x0000000000001000 size 0x1000 aperture 1 pageShift 38
2026-08-10T02:46:16.180755Z qemu-system-x86_64: info: nvkvm:     level[2] phys 0x0000000000002000 size 0x1000 aperture 1 pageShift 29
2026-08-10T02:46:16.180776Z qemu-system-x86_64: info: nvkvm:     level[3] phys 0x0000000000003000 size 0x1000 aperture 1 pageShift 21
2026-08-10T02:46:16.180796Z qemu-system-x86_64: info: nvkvm:   gvas cmd 0x90f10106 hClient 0xc1d0000a hObject 0xcaf00005 va [0x0000000100000000..0x000000011fffffff] pageSize 0x200000 levels 4 subdev 0/0 x1
2026-08-10T02:46:16.180817Z qemu-system-x86_64: info: nvkvm:     level[0] ROOT phys 0x0000000000004000 size 0x20 aperture 1 pageShift 47
2026-08-10T02:46:16.180838Z qemu-system-x86_64: info: nvkvm:     level[1] phys 0x0000000000005000 size 0x1000 aperture 1 pageShift 38
2026-08-10T02:46:16.180858Z qemu-system-x86_64: info: nvkvm:     level[2] phys 0x0000000000006000 size 0x1000 aperture 1 pageShift 29
2026-08-10T02:46:16.180878Z qemu-system-x86_64: info: nvkvm:     level[3] phys 0x0000000000007000 size 0x1000 aperture 1 pageShift 21
2026-08-10T02:46:16.180899Z qemu-system-x86_64: info: nvkvm: commands: 717 decoded, 134 UNSERVICED (refused by name; the guest logs these quietly, which is why they are here), 45 distinct
2026-08-10T02:46:16.180920Z qemu-system-x86_64: info: nvkvm:   unserviced fn 76 cmd 0x20800a87
2026-08-10T02:46:16.180940Z qemu-system-x86_64: info: nvkvm:   unserviced fn 76 cmd 0x20800a4b
2026-08-10T02:46:16.180959Z qemu-system-x86_64: info: nvkvm:   unserviced fn 76 cmd 0x20800afe
2026-08-10T02:46:16.180979Z qemu-system-x86_64: info: nvkvm:   unserviced fn 76 cmd 0x20800aff
2026-08-10T02:46:16.180999Z qemu-system-x86_64: info: nvkvm:   unserviced fn 76 cmd 0x20800a70
2026-08-10T02:46:16.181019Z qemu-system-x86_64: info: nvkvm:   unserviced fn 76 cmd 0x20800a80
2026-08-10T02:46:16.181039Z qemu-system-x86_64: info: nvkvm:   unserviced fn 76 cmd 0x20802a0f
2026-08-10T02:46:16.181059Z qemu-system-x86_64: info: nvkvm:   unserviced fn 76 cmd 0x2080017e
2026-08-10T02:46:16.181079Z qemu-system-x86_64: info: nvkvm:   unserviced fn 76 cmd 0x20800a30
2026-08-10T02:46:16.181099Z qemu-system-x86_64: info: nvkvm:   unserviced fn 76 cmd 0x20800a2c
2026-08-10T02:46:16.181119Z qemu-system-x86_64: info: nvkvm:   unserviced fn 76 cmd 0x20800a2e
2026-08-10T02:46:16.181138Z qemu-system-x86_64: info: nvkvm:   unserviced fn 76 cmd 0x20800a34
2026-08-10T02:46:16.181158Z qemu-system-x86_64: info: nvkvm:   unserviced fn 76 cmd 0x20800b03
2026-08-10T02:46:16.181178Z qemu-system-x86_64: info: nvkvm:   unserviced fn 76 cmd 0x20800b05
2026-08-10T02:46:16.181198Z qemu-system-x86_64: info: nvkvm:   unserviced fn 76 cmd 0x20800a3f
2026-08-10T02:46:16.181237Z qemu-system-x86_64: info: nvkvm:   unserviced fn 76 cmd 0x2080013f
2026-08-10T02:46:16.181258Z qemu-system-x86_64: info: nvkvm:   unserviced fn 76 cmd 0x402c0101
2026-08-10T02:46:16.181278Z qemu-system-x86_64: info: nvkvm:   unserviced fn 76 cmd 0x00800294
2026-08-10T02:46:16.181298Z qemu-system-x86_64: info: nvkvm:   unserviced fn 76 cmd 0x20810108
2026-08-10T02:46:16.181318Z qemu-system-x86_64: info: nvkvm:   unserviced fn 76 cmd 0x20810110
2026-08-10T02:46:16.181377Z qemu-system-x86_64: info: nvkvm:   unserviced fn 76 cmd 0x2080014b
2026-08-10T02:46:16.181399Z qemu-system-x86_64: info: nvkvm:   unserviced fn 76 cmd 0x20800157
2026-08-10T02:46:16.181419Z qemu-system-x86_64: info: nvkvm:   unserviced fn 76 cmd 0x20801357
2026-08-10T02:46:16.181439Z qemu-system-x86_64: info: nvkvm:   unserviced fn 76 cmd 0x2080852e
2026-08-10T02:46:16.181459Z qemu-system-x86_64: info: nvkvm:   unserviced fn 76 cmd 0x20808513
2026-08-10T02:46:16.181479Z qemu-system-x86_64: info: nvkvm:   unserviced fn 76 cmd 0x20802068
2026-08-10T02:46:16.181499Z qemu-system-x86_64: info: nvkvm:   unserviced fn 76 cmd 0x2080a618
2026-08-10T02:46:16.181519Z qemu-system-x86_64: info: nvkvm:   unserviced fn 76 cmd 0x2080a612
2026-08-10T02:46:16.181538Z qemu-system-x86_64: info: nvkvm:   unserviced fn 76 cmd 0x20809009
2026-08-10T02:46:16.181558Z qemu-system-x86_64: info: nvkvm:   unserviced fn 76 cmd 0x208f1105
2026-08-10T02:46:16.181578Z qemu-system-x86_64: info: nvkvm:   unserviced fn 76 cmd 0x20800a38
2026-08-10T02:46:16.181598Z qemu-system-x86_64: info: nvkvm:   unserviced fn 76 cmd 0x2080012f
2026-08-10T02:46:16.181618Z qemu-system-x86_64: info: nvkvm:   unserviced fn 76 cmd 0x20802a12
2026-08-10T02:46:16.181638Z qemu-system-x86_64: info: nvkvm:   unserviced fn 76 cmd 0x20800ab8
2026-08-10T02:46:16.181658Z qemu-system-x86_64: info: nvkvm:   unserviced fn 76 cmd 0x20800a9a
2026-08-10T02:46:16.181678Z qemu-system-x86_64: info: nvkvm:   unserviced fn 76 cmd 0x20801702
2026-08-10T02:46:16.181698Z qemu-system-x86_64: info: nvkvm:   unserviced fn 76 cmd 0x83de0309
2026-08-10T02:46:16.181717Z qemu-system-x86_64: info: nvkvm:   unserviced fn 76 cmd 0xa06c0103
2026-08-10T02:46:16.181737Z qemu-system-x86_64: info: nvkvm:   unserviced fn 76 cmd 0xa06c0105
2026-08-10T02:46:16.181757Z qemu-system-x86_64: info: nvkvm:   unserviced fn 76 cmd 0xa06f0112
2026-08-10T02:46:16.181777Z qemu-system-x86_64: info: nvkvm:   unserviced fn 76 cmd 0x2080012c
2026-08-10T02:46:16.181797Z qemu-system-x86_64: info: nvkvm:   unserviced fn 76 cmd 0x00801814
2026-08-10T02:46:16.181817Z qemu-system-x86_64: info: nvkvm:   unserviced fn 76 cmd 0x20800a9e
2026-08-10T02:46:16.181837Z qemu-system-x86_64: info: nvkvm:   unserviced fn 76 cmd 0x20800a9c
2026-08-10T02:46:16.181857Z qemu-system-x86_64: info: nvkvm:   unserviced fn 76 cmd 0x20800a1e
2026-08-10T02:46:16.181877Z qemu-system-x86_64: info: nvkvm: bridge refusals: 66 total, 6 distinct (these ANSWER the command and so never reach the unserviced list)
2026-08-10T02:46:16.181899Z qemu-system-x86_64: info: nvkvm:   bridge refusal BridgeRefusal::AllocClassNotPermitted::NotOnAllowlist x18 id=0x0000c36f,0x0000c574
2026-08-10T02:46:16.181921Z qemu-system-x86_64: info: nvkvm:   bridge refusal BridgeRefusal::AllocClassNotPermitted::Refused x3 id=0x0000402c,0x000083de
2026-08-10T02:46:16.181942Z qemu-system-x86_64: info: nvkvm:   bridge refusal BridgeRefusal::ReservedClient x2
2026-08-10T02:46:16.181963Z qemu-system-x86_64: info: nvkvm:   bridge refusal BridgeRefusal::UnmappedAllocClass x10 id=0x00000070,0x00000079,0x0000208f
2026-08-10T02:46:16.181983Z qemu-system-x86_64: info: nvkvm:   bridge refusal PromoteFault::UnknownContextObject x2
2026-08-10T02:46:16.182004Z qemu-system-x86_64: info: nvkvm:   bridge refusal RmGraphError::FreeUnknown x31
2026-08-10T02:46:16.182024Z qemu-system-x86_64: info: nvkvm: promote-ctx refusals: 3 distinct kind(s), each with the VA-space census AS IT STOOD AT ITS FIRST refusal
2026-08-10T02:46:16.182045Z qemu-system-x86_64: info: nvkvm:   promote-ctx PromoteFault::UnknownContextObject: UnknownContextObject { client: HClient(3251634184), object: HObject(826366208) } census[2 chans, 2 outcomes] {1x pdb=N own=not-declared cs=not-declared tsg=mid-miss(h0xa,wrong-kind(Device)) dev=dev-default(dev0xa=>h0xc) p0/c0:vc1 Ce c0xc1e00005/0x2} {1x pdb=Y own=ok(h0xa=>c0xc1e00006/0xa) cs=not-attempted tsg=not-attempted dev=not-attempted p0/c1:vc2 Ce c0xc1e00006/0x2}
2026-08-10T02:46:16.182065Z qemu-system-x86_64: info: nvkvm:   promote-ctx promote-ctx ACCEPTED (last, with the census AT it): bound=0 joined=0 joined_global=0 globals_known=1 globals_added=0 already=1 parked=0 half_already=9 half_unusable=0 orphans(awaiting_va=0,awaiting_phys=9) declined.promote_only=10 declined.initialize_only=0 entries=0 halves=10 client=0xc1d0000a chan_client=0xc1d0000c object=0x5c000037 proc=ProcId(2) census[14 chans, 4 outcomes] {1x pdb=N own=not-declared cs=not-declared tsg=mid-miss(h0xa,wrong-kind(Device)) dev=dev-default(dev0xa=>h0xc) p0/c3:vc1 Ce c0xc1e00010/0x2} {1x pdb=Y own=ok(h0xa=>c0xc1e00011/0xa) cs=not-attempted tsg=not-attempted dev=not-attempted p0/c4:vc2 Ce c0xc1e00011/0x2} {4x pdb=Y own=not-declared cs=not-declared tsg=ok(h0xcaf00005=>c0xc1d0000a/0xcaf00005) dev=not-attempted p0/c6:vc3 Ce c0xc1d0000a/0xcaf00012 p0/c7:vc4 Ce c0xc1d0000a/0xcaf0001d p0/c8:vc5 Ce c0xc1d0000a/0xcaf00028 +1 more} {8x pdb=Y own=not-declared cs=ok(h0x5c000007=>c0xc1d0000c/0x5c000007) tsg=not-attempted dev=not-attempted p2/c0:vc7 GrCompute c0xc1d0000c/0x5c000019 p2/c1:vc8 GrCompute c0xc1d0000c/0x5c00001f p2/c2:vc9 GrCompute c0xc1d0000c/0x5c000023 +5 more}
2026-08-10T02:46:16.182097Z qemu-system-x86_64: info: nvkvm:   promote-ctx promote-ctx TALLY (cumulative, all promotions): {bid=0x0 phys=1 va=8 complete=2} {bid=0x1 phys=1 va=8 complete=0} {bid=0x2 phys=1 va=8 complete=2} {bid=0x3 phys=0 va=10 complete=0} {bid=0x4 phys=0 va=10 complete=0} {bid=0x5 phys=0 va=10 complete=0} {bid=0x6 phys=0 va=10 complete=0} {bid=0x9 phys=0 va=8 complete=2} {bid=0xa phys=2 va=8 complete=0} {bid=0xb phys=0 va=8 complete=2} || CUMULATIVE bound=8 joined=4 joined_global=1 already=7 globals_added=1
2026-08-10T02:46:16.182117Z qemu-system-x86_64: info: nvkvm: probe-arm set: EMPTY (shipping configuration: an arming is served only if the index is on SILENT_NOTIFIERS — the event cannot occur — or DELIVERED_NOTIFIERS — this device raises it; all others refused)
2026-08-10T02:46:16.182138Z qemu-system-x86_64: info: nvkvm: controls: 151 answered, 48 distinct cmd/result rows (result 0 = served; non-zero = served-but-REFUSED, which reaches no other list)
2026-08-10T02:46:16.182158Z qemu-system-x86_64: info: nvkvm:   control 0x20800a36 result 0x00000000 x2
2026-08-10T02:46:16.182179Z qemu-system-x86_64: info: nvkvm:   control 0x20800a41 result 0x00000000 x2
2026-08-10T02:46:16.182199Z qemu-system-x86_64: info: nvkvm:   control 0x208001b0 result 0x00000000 x4
2026-08-10T02:46:16.182237Z qemu-system-x86_64: info: nvkvm:   control 0x20800a40 result 0x00000000 x2
2026-08-10T02:46:16.182258Z qemu-system-x86_64: info: nvkvm:   control 0x20801112 result 0x00000000 x2
2026-08-10T02:46:16.182279Z qemu-system-x86_64: info: nvkvm:   control 0x20800a5c result 0x00000000 x2
2026-08-10T02:46:16.182299Z qemu-system-x86_64: info: nvkvm:   control 0x20800a1c result 0x00000000 x2
2026-08-10T02:46:16.182319Z qemu-system-x86_64: info: nvkvm:   control 0x20801803 result 0x00000000 x2
2026-08-10T02:46:16.182358Z qemu-system-x86_64: info: nvkvm:   control 0x20800af3 result 0x00000000 x4
2026-08-10T02:46:16.182385Z qemu-system-x86_64: info: nvkvm:   control 0x20800aac result 0x00000000 x2
2026-08-10T02:46:16.182406Z qemu-system-x86_64: info: nvkvm:   control 0x20800a61 result 0x00000000 x8
2026-08-10T02:46:16.182426Z qemu-system-x86_64: info: nvkvm:   control 0x20802a08 result 0x00000000 x15
2026-08-10T02:46:16.182447Z qemu-system-x86_64: info: nvkvm:   control 0x20800301 result 0x00000000 x6
2026-08-10T02:46:16.182467Z qemu-system-x86_64: info: nvkvm:   control 0x20800a59 result 0x00000000 x2
2026-08-10T02:46:16.182488Z qemu-system-x86_64: info: nvkvm:   control 0x20800a6c result 0x00000000 x8
2026-08-10T02:46:16.182508Z qemu-system-x86_64: info: nvkvm:   control 0x20800a9f result 0x00000000 x2
2026-08-10T02:46:16.182528Z qemu-system-x86_64: info: nvkvm:   control 0x20800a1f result 0x00000000 x2
2026-08-10T02:46:16.182548Z qemu-system-x86_64: info: nvkvm:   control 0x20800a2a result 0x00000000 x2
2026-08-10T02:46:16.182568Z qemu-system-x86_64: info: nvkvm:   control 0x20800a26 result 0x00000000 x2
2026-08-10T02:46:16.182589Z qemu-system-x86_64: info: nvkvm:   control 0x20800a22 result 0x00000000 x2
2026-08-10T02:46:16.182621Z qemu-system-x86_64: info: nvkvm:   control 0x20800a3d result 0x00000000 x2
2026-08-10T02:46:16.182642Z qemu-system-x86_64: info: nvkvm:   control 0x20800a48 result 0x00000000 x2
2026-08-10T02:46:16.182662Z qemu-system-x86_64: info: nvkvm:   control 0x20800a32 result 0x00000000 x2
2026-08-10T02:46:16.182682Z qemu-system-x86_64: info: nvkvm:   control 0x90f10106 result 0x00000000 x10
2026-08-10T02:46:16.182702Z qemu-system-x86_64: info: nvkvm:   control 0xa06f0103 result 0x00000000 x8
2026-08-10T02:46:16.182723Z qemu-system-x86_64: info: nvkvm:   control 0xa06f0104 result 0x00000000 x2
2026-08-10T02:46:16.182743Z qemu-system-x86_64: info: nvkvm:   control 0x2080012b result 0x00000000 x11
2026-08-10T02:46:16.182763Z qemu-system-x86_64: info: nvkvm:   control 0x2080012b result 0x00000056 x2 REFUSED
2026-08-10T02:46:16.182783Z qemu-system-x86_64: info: nvkvm:   control 0x20800a4c result 0x00000000 x5
2026-08-10T02:46:16.182804Z qemu-system-x86_64: info: nvkvm:   control 0x20800102 result 0x00000000 x2
2026-08-10T02:46:16.182824Z qemu-system-x86_64: info: nvkvm:   control 0x20801823 result 0x00000000 x1
2026-08-10T02:46:16.182844Z qemu-system-x86_64: info: nvkvm:   control 0x2080182a result 0x00000000 x1
2026-08-10T02:46:16.182864Z qemu-system-x86_64: info: nvkvm:   control 0x20801303 result 0x00000000 x2
2026-08-10T02:46:16.182884Z qemu-system-x86_64: info: nvkvm:   control 0x20802a0b result 0x00000000 x1
2026-08-10T02:46:16.182905Z qemu-system-x86_64: info: nvkvm:   control 0x20803801 result 0x00000000 x1
2026-08-10T02:46:16.182925Z qemu-system-x86_64: info: nvkvm:   control 0x20803601 result 0x00000000 x1
2026-08-10T02:46:16.182945Z qemu-system-x86_64: info: nvkvm:   control 0x20808159 result 0x00000000 x1
2026-08-10T02:46:16.182965Z qemu-system-x86_64: info: nvkvm:   control 0x20808162 result 0x00000000 x1
2026-08-10T02:46:16.182985Z qemu-system-x86_64: info: nvkvm:   control 0x2080182b result 0x00000000 x1
2026-08-10T02:46:16.183006Z qemu-system-x86_64: info: nvkvm:   control 0x20800a9b result 0x00000000 x1
2026-08-10T02:46:16.183026Z qemu-system-x86_64: info: nvkvm:   control 0x20800a9d result 0x00000000 x1
2026-08-10T02:46:16.183047Z qemu-system-x86_64: info: nvkvm:   control 0x20800a1d result 0x00000000 x1
2026-08-10T02:46:16.183067Z qemu-system-x86_64: info: nvkvm:   control 0x20802a07 result 0x00000000 x4
2026-08-10T02:46:16.183087Z qemu-system-x86_64: info: nvkvm:   control 0x20802a02 result 0x00000000 x4
2026-08-10T02:46:16.183108Z qemu-system-x86_64: info: nvkvm:   control 0xa06c010a result 0x00000000 x5
2026-08-10T02:46:16.183128Z qemu-system-x86_64: info: nvkvm:   control 0x00801813 result 0x00000000 x2
2026-08-10T02:46:16.183148Z qemu-system-x86_64: info: nvkvm:   control 0xa06c0101 result 0x00000000 x3
2026-08-10T02:46:16.183168Z qemu-system-x86_64: info: nvkvm:   control 0x20801210 result 0x00000000 x1
2026-08-10T02:46:16.183189Z qemu-system-x86_64: info: nvkvm:   ⊘ CE COMPLETION is UNBUILT: serving 0x20802a07 and 0x20802a02 is what makes queryCopyEngines set supported=NV_TRUE and UVM treat LCE2/LCE3 as usable async copy engines (ce_is_usable = supported && !grce, uvm_channel.c:2913-2923) — but this port DESCRIBES those engines and does not complete their work, so submitted CE work retires no payload and the guest gets a TIMEOUT plus a blown assertion (scrubberDestruct's 4000 ms wait, then ce_utils.c:349 lastCompletedPayload == lastSubmittedPayload), never an error it can read (execution_plane_increments.md)
2026-08-10T02:46:16.183233Z qemu-system-x86_64: info: nvkvm: notifier armings (0x20800301): 6 total, 6 distinct (result 0xffffffff = nothing answered)
2026-08-10T02:46:16.183255Z qemu-system-x86_64: info: nvkvm:   arming event 194 action 2 client 0xc1e00002 object 0xcaf00001 result 0x00000000 x1
2026-08-10T02:46:16.183276Z qemu-system-x86_64: info: nvkvm:   arming event 35 action 2 client 0xc1e00005 object 0x0000000b result 0x00000000 x1
2026-08-10T02:46:16.183297Z qemu-system-x86_64: info: nvkvm:   arming event 35 action 2 client 0xc1e00006 object 0x0000000c result 0x00000000 x1
2026-08-10T02:46:16.183335Z qemu-system-x86_64: info: nvkvm:   arming event 194 action 2 client 0xc1e0000d object 0xcaf00001 result 0x00000000 x1
2026-08-10T02:46:16.183395Z qemu-system-x86_64: info: nvkvm:   arming event 35 action 2 client 0xc1e00010 object 0x0000000b result 0x00000000 x1
2026-08-10T02:46:16.183417Z qemu-system-x86_64: info: nvkvm:   arming event 35 action 2 client 0xc1e00011 object 0x0000000c result 0x00000000 x1
2026-08-10T02:46:16.183437Z qemu-system-x86_64: info: nvkvm: channel binds (0xa06f0104): 2 total, 2 distinct (result 0xffffffff = nothing answered)
2026-08-10T02:46:16.183458Z qemu-system-x86_64: info: nvkvm:   bind engineType 11 (COPY2) client 0xc1e00006 object 0x00000002 result 0x00000000 x1
2026-08-10T02:46:16.183480Z qemu-system-x86_64: info: nvkvm:   bind engineType 11 (COPY2) client 0xc1e00011 object 0x00000002 result 0x00000000 x1
2026-08-10T02:46:16.183501Z qemu-system-x86_64: info: nvkvm: isolates: 2 materialized, 2 live, 2 refusing (2 no-plane, 0 spawn-failed)
2026-08-10T02:46:16.183534Z qemu-system-x86_64: info: nvkvm: doorbells: 448 arrived, 354 served, 94 REFUSED by name; last token 0x00010001 (16 logged)
2026-08-10T02:46:16.183554Z qemu-system-x86_64: info: nvkvm:   of the served: 354 local (CPU CE, end witnessed), 0 forwarded (host channel rung)
2026-08-10T02:46:16.183577Z qemu-system-x86_64: info: nvkvm:   by engine: GrCompute=86 GrGraphics=0 Ce=362 NvEnc=0 NvDec=0 Other=0 unrouted=0
2026-08-10T02:46:16.183596Z qemu-system-x86_64: info: nvkvm:   last CPU-CE serving: cpu-ce: 1 gp, 9 methods, 1 launch (0 release-only), 1 span, 65536 B, 1 sem fin va=0x12006c004 -> S:0x3089c004
2026-08-10T02:46:16.183616Z qemu-system-x86_64: info: nvkvm:   first doorbell refusal [FwdFault::SubmissionHasNoLaunch] SubmissionHasNoLaunch { entries: 1, index: 0, methods: 3, opaque: 2, set_object: Some(ClassId(51125)) } | c=0xc1d0000c vas=0x5c000007 dec=NONE userd=h0x5c000014/off0x26000 root=0x201000/ap1/sh47/va[0x0..0x0] rootsrc=declared(object-model) ring=0x200224000 rng=V:0x1024000 fin=V:0x102c004 gp[0]@0x200224000=0x202c00000+0x20 pb=S:0x42cb0000 pbm[8w of 32B]: [0]sub4/m0x0/Incrementing/n1=0xc7b5 [1]sub4/m0x240/Incrementing/n3=0x2 [2]sub4/m0x300/Incrementing/n1=0x14 scan=1024/1024 declared (COMPLETE: every declared entry was read), unread=0, nonzero=[0]=0x0000220202c00000 row=ABSENT-FROM-ROOT-TABLE(11 rows, 0 REFUSED-BY-CAP) fbRING[p0]@0x1024000=0000c00202220000000000000000000000000000000000000000000000000000 nz4/4096 resY byBAR1#157 fbRING[p1]@0x1025000=0000000000000000000000000000000000000000000000000000000000000000 nz0/4096 resN-NEVER-WRITTEN by? fbFIN@0x102c004=0000000000000000000000000000000000000000000000000000000000000000 nz0/4096 resN-NEVER-WRITTEN by? walk: L0@0x201000[ch1 lf0 sp0 inv3]=PDE@0x0->0x202000/Vidmem L1@0x202000[ch3 lf0 sp0 inv509]=PDE@0x0->0x203000/Vidmem L2@0x203000[ch1 lf0 sp0 inv511]=PDE@0x200000000->0x204000/Vidmem L3@0x204000[ch29 lf7 sp0 inv221]=LEAF@0x200200000->0x1000000/Vidmem/sz0x200000
2026-08-10T02:46:16.183634Z qemu-system-x86_64: info: nvkvm: gpfifo rings: 26 declared, 24 with a non-zero address; first 0x0000000120064000 (4096 entries) — GPU VIRTUAL, untranslated
2026-08-10T02:46:16.183654Z qemu-system-x86_64: info: nvkvm: replayable fault buffer: 1 registration(s) SERVED NV_OK; first 0x31000 B = 49 pages, 0 malformed
2026-08-10T02:46:16.183673Z qemu-system-x86_64: info: nvkvm:   ⊘ fault DELIVERY is UNBUILT: this port raises no replayable fault and never advances MMU_FAULT_BUFFER_PUT(1), so a fault the guest should have been told about becomes a HANG inside UVM's replayable-fault service loop, not an error (docs/design/resume_from_fault.md §7 steps 5b-5d)
2026-08-10T02:46:16.183692Z qemu-system-x86_64: info: nvkvm: client shadow fault buffer: 1 registration(s) SERVED NV_OK; first 0x120c20 B = 289 pages, type 0 (0=non-replayable), 0 malformed
2026-08-10T02:46:16.183711Z qemu-system-x86_64: info: nvkvm:   ⊘ shadow-queue PUSH is UNBUILT: on a GSP client the GSP is the WRITER of this queue and this port never enqueues a fault packet, so a non-replayable fault surfaces as an RC on the channel plus an error notifier (simulated_gpu_fault.md 5.2, the deliberate choice) and NEVER as a queue entry the guest is polling for
2026-08-10T02:46:16.183739Z qemu-system-x86_64: info: nvkvm: access counter buffer: 1 registration(s) SERVED NV_OK; first 0x2000 B = 2 pages, 0 malformed
2026-08-10T02:46:16.183758Z qemu-system-x86_64: info: nvkvm:   ⊘ access-counter NOTIFICATION is UNBUILT: this port advertised the buffer's size as a deliberate fiction (BAR0 0xB83110, which read zero and killed cuInit) and writes no entry into it and raises no notification, so UVM's migration heuristics never fire (resume_from_fault.md S2 ruled that acceptable)
2026-08-10T02:46:16.183777Z qemu-system-x86_64: info: nvkvm:   isolate refusal [no-plane] this build has no forwarding plane: the object model accepts protocol facts and no host verb can be issued
