[xid-watch] tag=w206real  host=ubuntu  utc=2026-08-10T06:55:54Z
[xid-watch] command: env KAYFABE_ISOLATES=real bash scripts/bench/boot_capture.sh w206_8a2280b_real
[xid-watch] host_dmesg_lines=997  (readable — the clean/unwatched ambiguity is closed)
[xid-watch] host_gpu=NVIDIA GeForce RTX 3060, 580.159.04
[xid-watch] xid_before=0
[xid-watch] --- command output begins ---
[boot_capture:w206_8a2280b_real] booting (extra args: none)
[boot_capture:w206_8a2280b_real] guest is up after 32s
[boot_capture:w206_8a2280b_real] module unloaded and ring buffer cleared; loading cold
[boot_capture:w206_8a2280b_real] opening the device (this is what runs RmInitAdapter)
[boot_capture:w206_8a2280b_real] captured 22 dmesg lines, 19 NVRM, 3 adapter → /workspace/bench/run_w206_8a2280b_real_dmesg.log
[boot_capture:w206_8a2280b_real] --- the verdict lines ---
[   41.619146] NVRM: RmInitNvDevice: *** Cannot load state into the device
[   41.619149] NVRM: RmInitAdapter: RmInitNvDevice failed, bailing out of RmInitAdapter
[   42.671222] NVRM: GPU 0000:00:03.0: RmInitAdapter failed! (0x25:0x65:1249)
[boot_capture:w206_8a2280b_real] running POST_CAPTURE_HOOK: scripts/bench/guest_cuinit_wall.sh
[boot_capture:w206_8a2280b_real] hook finished: rc=0
[boot_capture:w206_8a2280b_real] powering down (the emulated GSP's WPR2 only resets on a full QEMU restart)
[boot_capture:w206_8a2280b_real] census present:
    2026-08-10T06:57:43.696287Z qemu-system-x86_64: info: nvkvm: doorbells: 3 arrived, 3 served, 0 REFUSED by name; last token 0x00010002 (3 logged)
[boot_capture:w206_8a2280b_real] evidence carried into the repo: /workspace/bench/kayfabe/traces/guest_boots/run_w206_8a2280b_real_{qemu,dmesg,probe}.log
[boot_capture:w206_8a2280b_real] ★ NOW COMMIT THEM. `git commit -- <path>` does NOT add untracked files;
[boot_capture:w206_8a2280b_real]   run scripts/bench/assert_boot_evidence.sh before claiming BOOTED.
[boot_capture:w206_8a2280b_real] done. serial=/workspace/bench/run_w206_8a2280b_real_serial.log qemu=/workspace/bench/run_w206_8a2280b_real_qemu.log dmesg=/workspace/bench/run_w206_8a2280b_real_dmesg.log probe=/workspace/bench/run_w206_8a2280b_real_probe.log
[xid-watch] --- command output ends (rc=0) ---
[xid-watch] xid_after=0
[xid-watch] ★ HOST Xid CLEAN across the command — 0 before, 0 after, read from a
[xid-watch]   ring buffer PROVED READABLE in phase 0 (997 lines). ⊘ That proof is what
[xid-watch]   separates this line from the same line printed by a blind instrument.
[xid-watch] evidence: /workspace/bench/xid_w206real.log
