[xid-watch] tag=w209real  host=ubuntu  utc=2026-08-10T08:41:51Z
[xid-watch] command: scripts/bench/boot_capture.sh w209_ffc80f8_real
[xid-watch] host_dmesg_lines=997  (readable — the clean/unwatched ambiguity is closed)
[xid-watch] host_gpu=NVIDIA GeForce RTX 3060, 580.159.04
[xid-watch] xid_before=0
[xid-watch] --- command output begins ---
[boot_capture:w209_ffc80f8_real] booting (extra args: none)
[boot_capture:w209_ffc80f8_real] guest is up after 32s
[boot_capture:w209_ffc80f8_real] module unloaded and ring buffer cleared; loading cold
[boot_capture:w209_ffc80f8_real] opening the device (this is what runs RmInitAdapter)
[boot_capture:w209_ffc80f8_real] captured 22 dmesg lines, 19 NVRM, 3 adapter → /workspace/bench/run_w209_ffc80f8_real_dmesg.log
[boot_capture:w209_ffc80f8_real] --- the verdict lines ---
[   43.013471] NVRM: RmInitNvDevice: *** Cannot load state into the device
[   43.013474] NVRM: RmInitAdapter: RmInitNvDevice failed, bailing out of RmInitAdapter
[   44.036584] NVRM: GPU 0000:00:03.0: RmInitAdapter failed! (0x25:0x65:1249)
[boot_capture:w209_ffc80f8_real] running POST_CAPTURE_HOOK: scripts/bench/guest_cuinit_wall.sh
[boot_capture:w209_ffc80f8_real] hook finished: rc=0
[boot_capture:w209_ffc80f8_real] powering down (the emulated GSP's WPR2 only resets on a full QEMU restart)
[boot_capture:w209_ffc80f8_real] census present:
    2026-08-10T08:43:40.214818Z qemu-system-x86_64: info: nvkvm: doorbells: 3 arrived, 0 served, 3 REFUSED by name; last token 0x00010002 (3 logged)
    2026-08-10T08:43:40.214884Z qemu-system-x86_64: info: nvkvm:   first doorbell refusal [RmError::Other] Rm(Other(19270)) | c=0xc1e00006 vas=0xa dec=0xa userd=h0x9/off0x0 root=0x2efa9c000/ap1/sh47/va[0x100000000..0x11fffffff] rootsrc=published ring=0x420064000 rng=S:0x768a000 fin=S:0x473b004 gp[0]@0x420064000=0x420000064+0x60 pb=S:0x5767064 pbm[24w of 96B]: [0]sub0/m0x0/Incrementing/n1=0xc7b5 [1]sub0/m0x700/Incrementing/n1=0x0 [2]sub0/m0x708/Incrementing/n1=0x4 [3]sub0/m0x264/Incrementing/n1=0x0 [4]sub0/m0x408/Incrementing/n2=0x4 [5]sub0/m0x418/Incrementing/n1=0x4 [6]sub0/m0x240/Incrementing/n3=0x4 [7]sub0/m0x300/Incrementing/n1=0x400058e [8]sub0/m0x10/Incrementing/n4=0x4 scan=4096/4096 declared (COMPLETE: every declared entry was read), unread=0, nonzero=[0]=0x0000600420000064 row=arm0x90f10106 x1 lv4/6 pgsz0x200000 sd0x0/0 va[0x100000000..0x11fffffff] L0=0x2efa9c000/sz0x20/ap1/sh47 L1=0x2efa9b000/sz0x1000/ap1/sh38 L2=0x2efa9a000/sz0x1000/ap1/sh29 L3=0x2efa99000/sz0x1000/ap1/sh21 fbL0@0x2efa9c000=029bfa2e00000000000000000000000000000000000000000000000000000000 nz4/4096 resY byBAR2#39 fbL1@0x2efa9b000=029afa2e00000000000000000000000000000000000000000000000000000000 nz4/4096 resY byBAR2#40 ctl=0x0/0x0 ctlL0@0x2efbae000=02adfb2e00000000000000000000000000000000000000000000000000000000 nz4/4096 resY byPRAMIN#21 ctlL1@0x2efbad000=02acfb2e00000000000000000000000000000000000000000000000000000000 nz4/4096 resY byBAR2#22 fbRING[p0]@va0x420064000=NOT-VIDMEM(S:0x768a000) fbRING[p1]@va0x420065000=NOT-VIDMEM(S:0x521c000) fbRING[p2]@va0x420066000=NOT-VIDMEM(S:0x8505000) fbRING[p3]@va0x420067000=NOT-VIDMEM(S:0x764f000) ⊘ BOUNDED-DUMP: 4 of 8 page(s) the ring spans fbFIN@va0x42006c004=NOT-VIDMEM(S:0x473b004) walk: L0@0x2efa9c000/byBAR2#39[ch1 lf0 sp0 inv3]=PDE@0x0->0x2efa9b000/Vidmem L1@0x2efa9b000/byBAR2#40[ch1 lf0 sp0 inv511]=PDE@0x0->0x2efa9a000/Vidmem L2@0x2efa9a000/byBAR2#41[ch26 lf0 sp0 inv486]=PDE@0x420000000->0x2efa80000/Vidmem L3@0x2efa80000/byBAR2#67[ch2 lf0 sp0 inv255]=PDE@0x420000000->0x2efa7f000/Vidmem/dual1of2 L5@0x2efa7f000/byBAR2#68[ch0 lf110 sp0 inv402]=LEAF@0x420064000->0x768a0 [CLIPPED, sentence was 2052 bytes]
[boot_capture:w209_ffc80f8_real] evidence carried into the repo: /workspace/bench/kayfabe/traces/guest_boots/run_w209_ffc80f8_real_{qemu,dmesg,probe}.log
[boot_capture:w209_ffc80f8_real] ★ NOW COMMIT THEM. `git commit -- <path>` does NOT add untracked files;
[boot_capture:w209_ffc80f8_real]   run scripts/bench/assert_boot_evidence.sh before claiming BOOTED.
[boot_capture:w209_ffc80f8_real] done. serial=/workspace/bench/run_w209_ffc80f8_real_serial.log qemu=/workspace/bench/run_w209_ffc80f8_real_qemu.log dmesg=/workspace/bench/run_w209_ffc80f8_real_dmesg.log probe=/workspace/bench/run_w209_ffc80f8_real_probe.log
[xid-watch] --- command output ends (rc=0) ---
[xid-watch] xid_after=0
[xid-watch] ★ HOST Xid CLEAN across the command — 0 before, 0 after, read from a
[xid-watch]   ring buffer PROVED READABLE in phase 0 (997 lines). ⊘ That proof is what
[xid-watch]   separates this line from the same line printed by a blind instrument.
[xid-watch] evidence: /workspace/bench/xid_w209real.log
