=== W290P START arm=drain 2026-08-14T09:45:47+00:00 pid=1324544 ===
=== HEAD=a8ec610f638aa2201357008dd7f2cf7869f8317c ===
=== BUILD SHIM 2026-08-14T09:45:47+00:00 ===
== target: /workspace/bench/qemu-10.2.4 (10.2.4)
== archive features: host-isolates
== building the archive
warning: kayfabe-isolate-host@0.1.0: embedded isolate image: 750304 bytes, x86_64-unknown-linux-musl
    Finished `release` profile [optimized] target(s) in 0.06s
== archive: /workspace/bench/cargo-target-w299/release/libkayfabe_qemu_raw.a (2026-08-14 09:43:40.234090643 +0000)
== laying the overlay into hw/misc/nvkvm
== building
ninja: Entering directory `/workspace/bench/qemu-build'
[0/1] Regenerating build files
The Meson build system
Version: 1.9.0
Source dir: /workspace/bench/qemu-10.2.4
Build dir: /workspace/bench/qemu-build
Build type: native build
Project name: qemu
Project version: 10.2.4
C compiler for the host machine: cc -m64 (gcc 11.4.0 "cc (Ubuntu 11.4.0-1ubuntu1~22.04) 11.4.0")
C linker for the host machine: cc -m64 ld.bfd 2.38
Host machine cpu family: x86_64
Host machine cpu: x86_64
Program scripts/symlink-install-tree.py found: YES (/workspace/bench/qemu-build/pyvenv/bin/python3 /workspace/bench/qemu-10.2.4/scripts/symlink-install-tree.py)
Program sh found: YES (/usr/bin/sh)
Program python3 found: YES (/workspace/bench/qemu-build/pyvenv/bin/python3)
Compiler for language rust skipped: feature rust disabled
Program iasl found: NO
Program bzip2 found: YES (/usr/bin/bzip2)
Compiler for C supports link arguments -Wl,-z,relro: YES (cached)
Compiler for C supports link arguments -Wl,-z,now: YES (cached)
Checking if "-fzero-call-used-regs=used-gpr" compiles: YES (cached)
Compiler for C supports arguments -ftrivial-auto-var-init=zero: NO (cached)
Compiler for C supports arguments -fzero-init-padding-bits=all: NO (cached)
Compiler for C supports arguments -fzero-call-used-regs=used-gpr: YES (cached)
Compiler for C supports arguments -Wempty-body: YES (cached)
Compiler for C supports arguments -Wendif-labels: YES (cached)
Compiler for C supports arguments -Wexpansion-to-defined: YES (cached)
Compiler for C supports arguments -Wformat-security: YES (cached)
Compiler for C supports arguments -Wformat-y2k: YES (cached)
Compiler for C supports arguments -Wignored-qualifiers: YES (cached)
Compiler for C supports arguments -Wimplicit-fallthrough=2: YES (cached)
Compiler for C supports arguments -Winit-self: YES (cached)
Compiler for C supports arguments -Wmissing-format-attribute: YES (cached)
Compiler for C supports arguments -Wmissing-prototypes: YES (cached)
Compiler for C supports arguments -Wnested-externs: YES (cached)
Compiler for C supports arguments -Wold-style-declaration: YES (cached)
Compiler for C supports arguments -Wold-style-definition: YES (cached)
Compiler for C supports arguments -Wredundant-decls: YES (cached)
Compiler for C supports arguments -Wshadow=local: YES (cached)
Compiler for C supports arguments -Wstrict-prototypes: YES (cached)
Compiler for C supports arguments -Wtype-limits: YES (cached)
Compiler for C supports arguments -Wundef: YES (cached)
Compiler for C supports arguments -Wvla: YES (cached)
Compiler for C supports arguments -Wwrite-strings: YES (cached)
Compiler for C supports arguments -Wno-gnu-variable-sized-type-not-at-end: NO (cached)
Compiler for C supports arguments -Wno-initializer-overrides: NO (cached)
Compiler for C supports arguments -Wno-missing-include-dirs: YES (cached)
Compiler for C supports arguments -Wno-psabi: YES (cached)
Compiler for C supports arguments -Wno-shift-negative-value: YES (cached)
Compiler for C supports arguments -Wno-string-plus-int: NO (cached)
Compiler for C supports arguments -Wno-tautological-type-limit-compare: NO (cached)
Compiler for C supports arguments -Wno-typedef-redefinition: NO (cached)
Program cgcc skipped: feature sparse disabled
Library m found: YES
Dependency threads found: YES unknown (cached)
Library util found: YES
Dependency glib-2.0 found: YES 2.72.4 (cached)
Dependency gio-2.0 skipped: feature gio disabled
Program scripts/xml-preprocess.py found: YES (/workspace/bench/qemu-build/pyvenv/bin/python3 /workspace/bench/qemu-10.2.4/scripts/xml-preprocess.py)
Dependency pixman-1 skipped: feature pixman disabled
Dependency zlib found: YES 1.2.11 (cached)
Library aio skipped: feature linux_aio disabled
Dependency liburing skipped: feature linux_io_uring disabled
Dependency libnfs skipped: feature libnfs disabled
Dependency appleframeworks (modules: Cocoa, CoreVideo, QuartzCore) skipped: feature cocoa disabled
Dependency appleframeworks (modules: vmnet) skipped: feature vmnet disabled
Dependency libseccomp skipped: feature seccomp disabled
Library cap-ng skipped: feature cap_ng disabled
Dependency xkbcommon skipped: feature xkbcommon disabled
Dependency slirp skipped: feature slirp disabled
Library vdeplug skipped: feature vde disabled
Dependency libpulse skipped: feature pa disabled
Dependency alsa skipped: feature alsa disabled
Dependency jack skipped: feature jack disabled
Dependency libpipewire-0.3 skipped: feature pipewire disabled
Dependency sndio skipped: feature sndio disabled
Dependency spice-protocol skipped: feature spice_protocol disabled
Checking for function "shm_open" : YES (cached)
Dependency libiscsi skipped: feature libiscsi disabled
Dependency libzstd skipped: feature zstd disabled
Dependency qpl skipped: feature qpl disabled
Dependency libwd skipped: feature uadk disabled
Dependency libwd_comp skipped: feature uadk disabled
Dependency qatzip skipped: feature qatzip disabled
Dependency virglrenderer skipped: feature virglrenderer disabled
Dependency rutabaga_gfx_ffi skipped: feature rutabaga_gfx disabled
Dependency blkio skipped: feature blkio disabled
Dependency libcurl skipped: feature curl disabled
Dependency libudev skipped: feature libudev disabled
Dependency igvm skipped: feature igvm disabled
Library brlapi skipped: feature brlapi disabled
Dependency sdl2 skipped: feature sdl disabled
Library rados skipped: feature rbd disabled
Library rbd skipped: feature rbd disabled
Dependency glusterfs-api skipped: feature glusterfs disabled
Dependency libssh skipped: feature libssh disabled
Library bz2 skipped: feature bzip2 disabled
Library lzfse skipped: feature lzfse disabled
Has header "dsound.h" : NO (cached)
Dependency appleframeworks (modules: CoreAudio) skipped: feature coreaudio disabled
Dependency epoxy skipped: feature opengl disabled
Has header "epoxy/egl.h" with dependency epoxy: NO (cached)
Dependency libcbor skipped: feature libcbor disabled
Dependency libgcrypt skipped: feature gcrypt disabled
Dependency nettle skipped: feature nettle disabled
Dependency capstone skipped: feature capstone disabled
Found pkg-config: YES (/usr/bin/pkg-config) 0.29.2
Run-time dependency gmp found: NO (tried pkgconfig)
Library pam skipped: feature auth_pam disabled
Library snappy skipped: feature snappy disabled
Library lzo2 skipped: feature lzo disabled
Library numa skipped: feature numa disabled
Library fdt found: NO

Executing subproject dtc 

dtc| Project name: dtc
dtc| Project version: 1.6.0
dtc| C compiler for the host machine: cc -m64 (gcc 11.4.0 "cc (Ubuntu 11.4.0-1ubuntu1~22.04) 11.4.0")
dtc| C linker for the host machine: cc -m64 ld.bfd 2.38
dtc| Compiler for C supports arguments -Wpointer-arith: YES (cached)
dtc| Compiler for C supports arguments -Wcast-qual: YES (cached)
dtc| Compiler for C supports arguments -Wnested-externs: YES (cached)
dtc| Compiler for C supports arguments -Wstrict-prototypes: YES (cached)
dtc| Compiler for C supports arguments -Wmissing-prototypes: YES (cached)
dtc| Compiler for C supports arguments -Wredundant-decls: YES (cached)
dtc| Compiler for C supports arguments -Wshadow: YES (cached)
dtc| Dependency yaml-0.1 skipped: feature yaml disabled
dtc| Dependency valgrind skipped: feature valgrind disabled
dtc| Program python found: NO (disabled by: python )
dtc| Program swig skipped: feature python disabled
dtc| Found git repository at /workspace/bench/qemu-10.2.4/subprojects/dtc
dtc| Compiler for C supports link arguments -Wl,--version-script=/workspace/bench/qemu-10.2.4/subprojects/dtc/libfdt/version.lds: YES (cached)
dtc| Build targets in project: 2
dtc| Subproject dtc finished.

Library rdmacm skipped: feature rdma disabled
Library ibverbs skipped: feature rdma disabled
Dependency libcacard skipped: feature smartcard disabled
Dependency u2f-emu skipped: feature u2f disabled
Dependency canokey-qemu skipped: feature canokey disabled
Dependency libusbredirparser-0.5 skipped: feature usb_redir disabled
Dependency libusb-1.0 skipped: feature libusb disabled
Dependency libpmem skipped: feature libpmem disabled
Dependency libdaxctl skipped: feature libdaxctl disabled
Dependency libkeyutils skipped: feature libkeyutils disabled
Checking for function "gettid" : YES (cached)
Dependency libselinux skipped: feature selinux disabled
Dependency fuse3 skipped: feature fuse disabled
Dependency libbpf skipped: feature bpf disabled
Dependency libdw skipped: feature libdw disabled
Header "linux/fs.h" has symbol "FIFREEZE" : YES (cached)
Header "linux/fs.h" has symbol "FITRIM" : YES (cached)
Has header "sys/epoll.h" : YES (cached)
Has header "linux/magic.h" : YES (cached)
Has header "linux/btrfs.h" : YES (cached)
Has header "libdrm/drm.h" : NO (cached)
Has header "linux/openat2.h" : YES (cached)
Has header "pty.h" : YES (cached)
Has header "sys/disk.h" : NO (cached)
Has header "sys/ioccom.h" : NO (cached)
Has header "sys/kcov.h" : NO (cached)
Checking for function "close_range" : YES (cached)
Checking for function "accept4" : YES (cached)
Checking for function "clock_adjtime" : YES (cached)
Checking for function "dup3" : YES (cached)
Checking for function "fallocate" : YES (cached)
Checking for function "posix_fallocate" : YES (cached)
Checking for function "sched_getcpu" : NO (cached)
Checking for function "posix_memalign" : YES (cached)
Checking for function "_aligned_malloc" : NO (cached)
Checking for function "valloc" : YES (cached)
Checking for function "memalign" : YES (cached)
Checking for function "ppoll" : YES (cached)
Checking for function "preadv" : YES (cached)
Checking for function "pthread_fchdir_np" : NO (cached)
Checking for function "sendfile" : YES (cached)
Checking for function "setns" : YES (cached)
Checking for function "unshare" : YES (cached)
Checking for function "syncfs" : YES (cached)
Checking for function "sync_file_range" : YES (cached)
Checking for function "timerfd_create" : YES (cached)
Checking for function "getloadavg" : YES (cached)
Checking for function "htonll" : NO (cached)
Checking for function "copy_file_range" : YES (cached)
Checking for function "getifaddrs" : YES (cached)
Checking for function "openpty" with dependency -lutil: YES (cached)
Checking for function "strchrnul" : YES (cached)
Checking for function "system" : YES (cached)
Header "sys/inotify.h" has symbol "inotify_init" : YES (cached)
Header "sys/inotify.h" has symbol "inotify_init1" : YES (cached)
Header "linux/blkzoned.h" has symbol "BLKOPENZONE" : YES (cached)
Header "sys/epoll.h" has symbol "epoll_create1" : YES (cached)
Header "linux/falloc.h" has symbol "FALLOC_FL_PUNCH_HOLE" : YES (cached)
Header "linux/falloc.h" has symbol "FALLOC_FL_KEEP_SIZE" : YES (cached)
Header "linux/falloc.h" has symbol "FALLOC_FL_ZERO_RANGE" : YES (cached)
Has header "linux/fiemap.h" : YES (cached)
Header "linux/fs.h" has symbol "FS_IOC_FIEMAP" : YES (cached)
Header "sched.h" has symbol "getcpu" : YES (cached)
Checking for function "getrandom" : YES (cached)
Header "sys/random.h" has symbol "GRND_NONBLOCK" : YES (cached)
Header "sys/prctl.h" has symbol "PR_SET_TIMERSLACK" : YES (cached)
Header "linux/rtnetlink.h" has symbol "IFLA_PROTO_DOWN" : YES (cached)
Header "sys/sysmacros.h" has symbol "makedev" : YES (cached)
Header "getopt.h" has symbol "optreset" : NO (cached)
Header "netinet/in.h" has symbol "IPPROTO_MPTCP" : YES (cached)
Header "netinet/tcp.h" has symbol "TCP_KEEPCNT" : YES (cached)
Header "netinet/tcp.h" has symbol "TCP_KEEPIDLE" : YES (cached)
Header "netinet/tcp.h" has symbol "TCP_KEEPINTVL" : YES (cached)
Checking whether type "struct sigevent" has member "sigev_notify_thread_id" : NO (cached)
Checking whether type "struct stat" has member "st_atim" : YES (cached)
Checking whether type "struct blk_zone" has member "capacity" : YES (cached)
Checking for type "struct iovec" : YES (cached)
Checking for type "struct utmpx" : YES (cached)
Header "asm/hwprobe.h" has symbol "RISCV_HWPROBE_EXT_ZBA" : NO (cached)
Header "linux/vm_sockets.h" has symbol "AF_VSOCK" : YES (cached)
Checking for size of "void *" : 8 (cached)
Program scripts/minikconf.py found: YES (/workspace/bench/qemu-build/pyvenv/bin/python3 /workspace/bench/qemu-10.2.4/scripts/minikconf.py)
Configuring x86_64-softmmu-config-target.h using configuration
Configuring x86_64-softmmu-config-devices.mak with command
Reading depfile: /workspace/bench/qemu-build/meson-private/x86_64-softmmu-config-devices.mak.d
Configuring x86_64-softmmu-config-devices.h using configuration
Program scripts/make-config-poison.sh found: YES (/workspace/bench/qemu-10.2.4/scripts/make-config-poison.sh)
Configuring config-host.h using configuration
Program scripts/hxtool found: YES (/workspace/bench/qemu-10.2.4/scripts/hxtool)
Program scripts/shaderinclude.py found: YES (/workspace/bench/qemu-build/pyvenv/bin/python3 /workspace/bench/qemu-10.2.4/scripts/shaderinclude.py)
Program scripts/qapi-gen.py found: YES (/workspace/bench/qemu-build/pyvenv/bin/python3 /workspace/bench/qemu-10.2.4/scripts/qapi-gen.py)
Program scripts/qemu-version.sh found: YES (/workspace/bench/qemu-10.2.4/scripts/qemu-version.sh)

Executing subproject keycodemapdb 

keycodemapdb| Project name: keycodemapdb
keycodemapdb| Project version: undefined
keycodemapdb| Program tools/keymap-gen found: YES (/workspace/bench/qemu-10.2.4/subprojects/keycodemapdb/tools/keymap-gen)
keycodemapdb| Build targets in project: 427
keycodemapdb| Subproject keycodemapdb finished.

Program scripts/decodetree.py found: YES (/workspace/bench/qemu-build/pyvenv/bin/python3 /workspace/bench/qemu-10.2.4/scripts/decodetree.py)
Program ../scripts/modules/module_block.py found: YES (/workspace/bench/qemu-build/pyvenv/bin/python3 /workspace/bench/qemu-10.2.4/block/../scripts/modules/module_block.py)
Program ../scripts/block-coroutine-wrapper.py found: YES (/workspace/bench/qemu-build/pyvenv/bin/python3 /workspace/bench/qemu-10.2.4/block/../scripts/block-coroutine-wrapper.py)
Program scripts/modinfo-collect.py found: YES (/workspace/bench/qemu-build/pyvenv/bin/python3 /workspace/bench/qemu-10.2.4/scripts/modinfo-collect.py)
Program scripts/modinfo-generate.py found: YES (/workspace/bench/qemu-build/pyvenv/bin/python3 /workspace/bench/qemu-10.2.4/scripts/modinfo-generate.py)
Program nm found: YES
Program scripts/undefsym.py found: YES (/workspace/bench/qemu-build/pyvenv/bin/python3 /workspace/bench/qemu-10.2.4/scripts/undefsym.py)
Program scripts/feature_to_c.py found: YES (/workspace/bench/qemu-build/pyvenv/bin/python3 /workspace/bench/qemu-10.2.4/scripts/feature_to_c.py)
Program scripts/rust/rust_root_crate.sh found: YES (/workspace/bench/qemu-10.2.4/scripts/rust/rust_root_crate.sh)
Configuring 50-edk2-i386-secure.json using configuration
Configuring 50-edk2-x86_64-secure.json using configuration
Configuring 60-edk2-aarch64.json using configuration
Configuring 60-edk2-arm.json using configuration
Configuring 60-edk2-i386.json using configuration
Configuring 60-edk2-x86_64.json using configuration
Configuring 60-edk2-loongarch64.json using configuration
Configuring 60-edk2-riscv64.json using configuration
Program dtc found: NO
Program qemu-keymap found: NO
Program /workspace/bench/qemu-build/pyvenv/bin/sphinx-build skipped: feature docs disabled
Program /workspace/bench/qemu-10.2.4/scripts/decodetree.py found: YES (/workspace/bench/qemu-build/pyvenv/bin/python3 /workspace/bench/qemu-10.2.4/scripts/decodetree.py)

Executing subproject berkeley-softfloat-3 

berkeley-softfloat-3| Project name: berkeley-softfloat-3
berkeley-softfloat-3| Project version: undefined
berkeley-softfloat-3| C compiler for the host machine: cc -m64 (gcc 11.4.0 "cc (Ubuntu 11.4.0-1ubuntu1~22.04) 11.4.0")
berkeley-softfloat-3| C linker for the host machine: cc -m64 ld.bfd 2.38
berkeley-softfloat-3| Configuring platform.h using configuration
berkeley-softfloat-3| Build targets in project: 525
berkeley-softfloat-3| Subproject berkeley-softfloat-3 finished.


Executing subproject berkeley-testfloat-3 

berkeley-testfloat-3| Project name: berkeley-testfloat-3
berkeley-testfloat-3| Project version: undefined
berkeley-testfloat-3| C compiler for the host machine: cc -m64 (gcc 11.4.0 "cc (Ubuntu 11.4.0-1ubuntu1~22.04) 11.4.0")
berkeley-testfloat-3| C linker for the host machine: cc -m64 ld.bfd 2.38
berkeley-testfloat-3| Configuring platform.h using configuration
berkeley-testfloat-3| Compiler for C supports arguments -Wno-ignored-pragmas: NO (cached)
berkeley-testfloat-3| Build targets in project: 527
berkeley-testfloat-3| Subproject berkeley-testfloat-3 finished.

Program diff found: YES (/usr/bin/diff)
Program dbus-daemon found: YES (/usr/bin/dbus-daemon)
Run-time dependency sysprof-capture-4 found: NO (tried pkgconfig)
Dependency glib-2.0 found: YES 2.72.4 (cached)
Program initrd-stress.sh found: YES (/workspace/bench/qemu-10.2.4/tests/migration-stress/initrd-stress.sh)
Build targets in project: 718

qemu 10.2.4

  Build environment
    Build directory                 : /workspace/bench/qemu-build
    Source path                     : /workspace/bench/qemu-10.2.4
    Download dependencies           : YES

  Directories
    Build directory                 : /workspace/bench/qemu-build
    Source path                     : /workspace/bench/qemu-10.2.4
    Download dependencies           : YES
    Install prefix                  : /usr/local
    BIOS directory                  : share/qemu
    firmware path                   : share/qemu-firmware
    binary directory                : /usr/local/bin
    library directory               : /usr/local/lib/x86_64-linux-gnu
    module directory                : lib/x86_64-linux-gnu/qemu
    libexec directory               : /usr/local/libexec
    include directory               : /usr/local/include
    config directory                : /usr/local/etc
    local state directory           : /var/local
    Manual directory                : /usr/local/share/man
    Doc directory                   : /usr/local/share/doc

  Host binaries
    python                          : /workspace/bench/qemu-build/pyvenv/bin/python3 (version: 3.10)
    sphinx-build                    : NO
    gdb                             : 
    iasl                            : NO
    genisoimage                     : /usr/bin/genisoimage

  Configurable features
    Documentation                   : NO
    system-mode emulation           : YES
    user-mode emulation             : NO
    block layer                     : YES
    Install blobs                   : YES
    module support                  : NO
    fuzzing support                 : NO
    Audio drivers                   : 
    Trace backends                  : log
    QOM debugging                   : YES
    Relocatable install             : YES
    vhost-kernel support            : NO
    vhost-net support               : NO
    vhost-user support              : NO
    vhost-user-crypto support       : NO
    vhost-user-blk server support   : NO
    vhost-vdpa support              : NO
    build guest agent               : NO

  Compilation
    host CPU                        : x86_64
    host endianness                 : little
    C compiler                      : cc -m64
    Host C compiler                 : cc -m64
    C++ compiler                    : NO
    Objective-C compiler            : NO
    Rust support                    : NO
    CFLAGS                          : -g -O2
    QEMU_CFLAGS                     : -mcx16 -msse2 -D_GNU_SOURCE -D_FILE_OFFSET_BITS=64 -D_LARGEFILE_SOURCE -fno-strict-aliasing -fno-common -fwrapv -fzero-call-used-regs=used-gpr
    QEMU_LDFLAGS                    : -Wl,-z,relro -Wl,-z,now
    link-time optimization (LTO)    : NO
    PIE                             : YES
    static build                    : NO
    malloc trim support             : NO
    membarrier                      : NO
    debug graph lock                : NO
    debug stack usage               : NO
    mutex debugging                 : NO
    memory allocator                : system
    avx2 optimization               : YES
    avx512bw optimization           : YES
    gcov                            : NO
    thread sanitizer                : NO
    CFI support                     : NO
    strip binaries                  : NO
    sparse                          : NO
    mingw32 support                 : NO

  Cross compilers
    x86_64                          : cc

  Targets and accelerators
    KVM support                     : YES
    HVF support                     : NO
    WHPX support                    : NO
    NVMM support                    : NO
    MSHV support                    : NO
    Xen support                     : NO
    Xen emulation                   : YES
    TCG support                     : YES
    TCG backend                     : native (x86_64)
    TCG plugins                     : NO
    TCG debug enabled               : NO
    target list                     : x86_64-softmmu
    default devices                 : YES
    out of process emulation        : NO
    vfio-user server                : NO

  Block layer support
    coroutine backend               : ucontext
    coroutine pool                  : YES
    Block whitelist (rw)            : 
    Block whitelist (ro)            : 
    Use block whitelist in tools    : NO
    VirtFS (9P) support             : NO
    replication support             : NO
    bochs support                   : NO
    cloop support                   : NO
    dmg support                     : NO
    qcow v1 support                 : NO
    vdi support                     : NO
    vhdx support                    : NO
    vmdk support                    : NO
    vpc support                     : NO
    vvfat support                   : NO
    qed support                     : NO
    parallels support               : NO
    FUSE exports                    : NO
    VDUSE block exports             : NO

  Crypto
    TLS priority                    : NORMAL
    GNUTLS support                  : NO
    libgcrypt                       : NO
    nettle                          : NO
    SM4 ALG support                 : NO
    SM3 ALG support                 : NO
    AF_ALG support                  : NO
    rng-none                        : NO
    Linux keyring                   : NO
    Linux keyutils                  : NO

  User interface
    D-Bus display                   : NO
    SDL support                     : NO
    SDL image support               : NO
    GTK support                     : NO
    pixman                          : NO
    VTE support                     : NO
    PNG support                     : NO
    VNC support                     : NO
    spice protocol support          : NO
    curses support                  : NO
    brlapi support                  : NO

  Graphics backends
    VirGL support                   : NO
    Rutabaga support                : NO

  Audio backends
    OSS support                     : NO
    sndio support                   : NO
    ALSA support                    : NO
    PulseAudio support              : NO
    PipeWire support                : NO
    JACK support                    : NO

  Network backends
    AF_XDP support                  : NO
    passt support                   : NO
    slirp support                   : NO
    vde support                     : NO
    netmap support                  : NO
    l2tpv3 support                  : NO

  Dependencies
    libtasn1                        : NO
    PAM                             : NO
    iconv support                   : NO
    blkio support                   : NO
    curl support                    : NO
    Multipath support               : NO
    Linux AIO support               : NO
    Linux io_uring support          : NO
    ATTR/XATTR support              : NO
    RDMA support                    : NO
    fdt support                     : internal
    libcap-ng support               : NO
    bpf support                     : NO
    rbd support                     : NO
    smartcard support               : NO
    U2F support                     : NO
    libusb                          : NO
    usb net redir                   : NO
    OpenGL support (epoxy)          : NO
    GBM                             : NO
    libiscsi support                : NO
    libnfs support                  : NO
    seccomp support                 : NO
    GlusterFS support               : NO
    hv-balloon support              : NO
    TPM support                     : NO
    IGVM support                    : NO
    libssh support                  : NO
Cleaning... 0 files.
    lzo support                     : NO
    snappy support                  : NO
    bzip2 support                   : NO
    lzfse support                   : NO
    zstd support                    : NO
    Query Processing Library support: NO
    UADK Library support            : NO
    qatzip support                  : NO
    NUMA host support               : NO
    capstone                        : NO
    libpmem support                 : NO
    libdaxctl support               : NO
    libcbor support                 : NO
    libudev                         : NO
    FUSE lseek                      : NO
    selinux                         : NO
    libdw                           : NO
    valgrind                        : NO

  Subprojects
    berkeley-softfloat-3            : YES
    berkeley-testfloat-3            : YES
    dtc                             : YES
    keycodemapdb                    : YES

  User defined options
    Native files                    : /workspace/bench/qemu-build/config-meson.cross
    auto_features                   : disabled
    curses                          : disabled
    docs                            : disabled
    gtk                             : disabled
    guest_agent                     : disabled
    kvm                             : enabled
    libssh                          : disabled
    sdl                             : disabled
    slirp                           : disabled
    tools                           : disabled
    tpm                             : disabled
    vde                             : disabled
    vnc                             : disabled
    werror                          : false

Found ninja-1.10.1 at /usr/bin/ninja
Running postconf script '/workspace/bench/qemu-build/pyvenv/bin/python3 /workspace/bench/qemu-10.2.4/scripts/symlink-install-tree.py'
[1/5] Generating qemu-version.h with a custom command (wrapped by meson to capture output)
[2/3] Compiling C object libsystem.a.p/hw_misc_nvkvm_nvkvm.c.o
In file included from ../qemu-10.2.4/hw/misc/nvkvm/nvkvm.c:61:
../qemu-10.2.4/hw/misc/nvkvm/kayfabe_shim.h:400:22: warning: "/*" within comment [-Wcomment]
  400 |  * traces/guest_boots/*_qemu.log] `grep -c hClass` over every committed device log returns
      |                       
../qemu-10.2.4/hw/misc/nvkvm/nvkvm.c: In function ‘nvkvm_report_registers’:
../qemu-10.2.4/hw/misc/nvkvm/nvkvm.c:2612:22: warning: declaration of ‘i’ shadows a previous local [-Wshadow=compatible-local]
 2612 |             uint64_t i;
      |                      ^
../qemu-10.2.4/hw/misc/nvkvm/nvkvm.c:2563:18: note: shadowed declaration is here
 2563 |         uint64_t i, shown = a.served_len;
      |                  ^
[3/3] Linking target qemu-system-x86_64
== built: /workspace/bench/qemu-build/qemu-system-x86_64
=== BUILD RC=0 2026-08-14T09:45:59+00:00 ===
=== STAMP=a8ec610f638aa2201357008dd7f2cf7869f8317c HEAD=a8ec610f638aa2201357008dd7f2cf7869f8317c ===
=== ★ THE ARMING AS THIS SCRIPT SET IT (a record of intent, not of execution) ===
    KAYFABE_ISOLATES=real
    KAYFABE_CE_EXECUTOR=host
    NVKVM_RAM_BACKEND=memfd
    KAYFABE_GUEST_RAM=memfd
    KAYFABE_FB_JOIN=shared
    KAYFABE_GUEST_RING=ring
    KAYFABE_GUEST_PUSHBUF=pin
    KAYFABE_PT_WITNESS_EXEC=on
    KAYFABE_GUEST_SEMA=pin
    KAYFABE_GR_ROUTE=passthrough
    KAYFABE_GUEST_OPERAND=pin
    KAYFABE_PT_SWEEP=on
    KAYFABE_OPERAND_JOIN=join
    KAYFABE_VAS_PUBLISH=drain
    GQ_TIMEOUT=900
    BOOT_TIMEOUT=180
    KAYFABE_RING_VIDMEM=<unset>
=== BOOT w299concurrent START 2026-08-14T09:46:00+00:00  HOOK=[cup3x2_hook.sh] ===
[boot_capture:w299concurrent] host dmesg watermark: 1075 lines
[boot_capture:w299concurrent] booting (extra args: none)
[boot_capture:w299concurrent] guest is up after 21s
[boot_capture:w299concurrent] module unloaded and ring buffer cleared; loading cold
[boot_capture:w299concurrent] opening the device (this is what runs RmInitAdapter)
[boot_capture:w299concurrent] captured 34 dmesg lines, 31 NVRM, 0 adapter → /workspace/bench/run_w299concurrent_dmesg.log
[boot_capture:w299concurrent] --- the verdict lines ---
[boot_capture:w299concurrent] running POST_CAPTURE_HOOK: /workspace/kayfabe_w299/scripts/bench/cup3x2_hook.sh
[boot_capture:w299concurrent] hook finished: rc=0
[boot_capture:w299concurrent] host dmesg delta: 2201 lines, 2201 NVRM, 0
0 Xid → /workspace/bench/run_w299concurrent_hostdmesg.log
[boot_capture:w299concurrent] powering down (the emulated GSP's WPR2 only resets on a full QEMU restart)
[boot_capture:w299concurrent] census present:
    2026-08-14T09:48:14.848149Z qemu-system-x86_64: info: nvkvm: doorbells: 936 arrived, 936 served, 0 REFUSED by name; last token 0x00010001 (16 logged)
[boot_capture:w299concurrent] evidence carried into the repo: /workspace/kayfabe_w299/traces/guest_boots/run_w299concurrent_{qemu,dmesg,probe,hostdmesg}.log
[boot_capture:w299concurrent] ★ NOW COMMIT THEM. `git commit -- <path>` does NOT add untracked files;
[boot_capture:w299concurrent]   run scripts/bench/assert_boot_evidence.sh before claiming BOOTED.
[boot_capture:w299concurrent] done. serial=/workspace/bench/run_w299concurrent_serial.log qemu=/workspace/bench/run_w299concurrent_qemu.log dmesg=/workspace/bench/run_w299concurrent_dmesg.log probe=/workspace/bench/run_w299concurrent_probe.log hostdmesg=/workspace/bench/run_w299concurrent_hostdmesg.log
=== BOOT w299concurrent RC=0 2026-08-14T09:48:16+00:00 ===
=== ★ THE ARMING ACTUALLY IN FORCE (a boot happening is not an arm running) ===
      VAS-PUBLISH arm=drain fb_join=shared host_isolates=true
      OPERAND-JOIN arm=join
      PT-SWEEP tasks=2 skipped=2 ran=2
    ⊘ VAS-PUBLISH lines total = [12199] — if 0 the pass NEVER RAN and every zero below is VACUOUS
    ⊘ NOT ARMABLE lines       = [0]  (MUST be 0)
    ⊘ host_isolates=NO stub   = [0]  (MUST be 0)

=== ★★★★★ LEG 8 — THE LAST EMISSION, VERBATIM ===
      VAS-PUBLISH token=0x0002001e arm=drain → published=0 refused=24 in 125 ms over 4 VAS row(s) [proc=0 pdb=0x200000 ⊘SYSTEM-PROC:NEVER-ATTEMPTED(§12.26 — it may hold no host state; candidates belo
      w are REAL and UNPUBLISHABLE, not refused) total=533 already_host=0 already_pinned=0 guest_ram=525 not_vidmem=0 not_granular=0(0 bytes) candidates=8(524288 bytes, capped=0) published=0 refused=0 sum_o
      k=true] [proc=0 pdb=0x2efa9c000 ⊘SYSTEM-PROC:NEVER-ATTEMPTED(§12.26 — it may hold no host state; candidates below are REAL and UNPUBLISHABLE, not refused) total=6254 already_host=0 already_pinned
      =0 guest_ram=110 not_vidmem=0 not_granular=0(0 bytes) candidates=6144(12884901888 bytes, capped=2048) published=0 refused=0 sum_ok=true] [proc=3 pdb=0x0 total=0 already_host=0 already_pinned=0 guest_r
      am=0 not_vidmem=0 not_granular=0(0 bytes) candidates=0(0 bytes, capped=0) published=0 refused=0 sum_ok=true] [proc=3 pdb=0x201000 total=18309 already_host=18279 already_pinned=0 guest_ram=0 not_vidmem
      =0 not_granular=6(1021440 bytes) candidates=24(12189696 bytes, capped=0) published=0 refused=24 sum_ok=true]
--- the FIRST emission (the picture BEFORE anything was published):
      VAS-PUBLISH token=0x00000009 arm=drain VAS-PUBLISH(proc=2 pdb=0x205000) leaf va=0x203400000 len=0x200000 fb_phys=0x2eee00000 → JOINED (shared) memory=0xcafe3455 host_va=0x203400000 placed_as_asked=t
      rue established=0 bytes over 0 page(s), of which 0 NON-ZERO — ★ ONE memory. ⚠ The leaf is host SYSMEM, a named divergence from the C
--- published / refused / wall, every distinct value seen:
            9 published=0 refused=24 in 129 ms
            8 published=0 refused=24 in 61 ms
            8 published=0 refused=24 in 139 ms
            8 published=0 refused=24 in 130 ms
            8 published=0 refused=24 in 123 ms
            8 published=0 refused=24 in 120 ms
            8 published=0 refused=24 in 115 ms
            7 published=0 refused=24 in 127 ms
            7 published=0 refused=24 in 101 ms
            6 published=0 refused=24 in 95 ms
            6 published=0 refused=24 in 162 ms
            6 published=0 refused=24 in 143 ms
--- ★★★★★ w291 PINRATE (only on arm=pinrate; ⊘ MEASUREMENT, NOT THE MERGE):
      PINRATE(w291 rate; ★w292 DRAIN — on arm `drain` the doorbelled VAS's rows ARE merged into Binding::host by `commit_pin_guest_ram`, so this is no longer measurement-only) → pinned=0 refused=0 in 
      0 ms, per_row=⊘ NO ROW WAS PINNED — the per-row rate is UNMEASURED, not 0, degrade[n/a — only 0 timed pin(s), need 8] DRAIN[visited=true asked=0 pinned=0 refused=0 DRAIN_MS=0 complete=true ] SCO
      PE[★ DRAIN TARGET = proc=3 pdb=0x201000 (the VAS this doorbell's ring is fetched through); every OTHER VAS keeps the 256-row sample] over 1 VAS row(s) [proc=3 pdb=0x201000 ★DRAINED(this doorbell's
       VAS) asked=0 pinned=0 refused=0 in 0 ms last_pinned_va=⊘NONE degrade[n/a — only 0 timed pin(s), need 8] ]
    ⊘ PINRATE emissions = [458] — 0 on this arm means UNMEASURED, not 0 ms
    per-row + degrade, every distinct reading:
      pinned=1040 refused=291 in 849 ms, per_row=817 us/row ⇒ 16328 rows would cost 13339 ms IF FLAT, degrade[first_q=490us last_q=895us]
      pinned=1117 refused=249 in 702 ms, per_row=628 us/row ⇒ 16328 rows would cost 10253 ms IF FLAT, degrade[first_q=1316us last_q=167us]
      pinned=120 refused=136 in 24 ms, per_row=200 us/row ⇒ 16328 rows would cost 3265 ms IF FLAT, degrade[n/a — only 0 timed pin(s), need 8]
      pinned=13 refused=4 in 3 ms, per_row=244 us/row ⇒ 16328 rows would cost 3984 ms IF FLAT, degrade[n/a — only 0 timed pin(s), need 8]
      pinned=13124 refused=188 in 2296 ms, per_row=175 us/row ⇒ 16328 rows would cost 2857 ms IF FLAT, degrade[first_q=192us last_q=164us]
      pinned=13554 refused=13 in 2591 ms, per_row=191 us/row ⇒ 16328 rows would cost 3118 ms IF FLAT, degrade[first_q=189us last_q=207us]
      pinned=137 refused=119 in 18 ms, per_row=132 us/row ⇒ 16328 rows would cost 2155 ms IF FLAT, degrade[n/a — only 0 timed pin(s), need 8]
      pinned=1411 refused=175 in 492 ms, per_row=349 us/row ⇒ 16328 rows would cost 5698 ms IF FLAT, degrade[first_q=825us last_q=179us]
    ⊘ rows the VMM would not resolve = [0]  (never reached the verb — NOT pin failures)
    ⊘ REFUSED pins, by name          = [    189 ⊘REFUSED `Rm { err: NoMemory, on: None }` ]

=== ★★★★★ w292 THE DRAIN — SCOPED TO THE DOORBELLED VAS, AND ITS COST ON THE DOORBELL PATH ===
⊘ On any arm but `drain` every clause below MUST read `⊘ NOT ARMED`. If it does on
  arm=drain, the rung DID NOT RUN and every number after it is VACUOUS, not zero.
--- SCOPE[...] — which VAS was the target, or by NAME why there was none:
          229 SCOPE[★ DRAIN TARGET = proc=3 pdb=0x201000 (the VAS this doorbell's ring is fetched through); every OTHER VAS keeps the 256-row sample]
          229 SCOPE[★ DRAIN TARGET = proc=2 pdb=0x205000 (the VAS this doorbell's ring is fetched through); every OTHER VAS keeps the 256-row sample]
--- DRAIN[...] — every distinct reading (visited / asked / pinned / refused / DRAIN_MS / complete):
          446 DRAIN[visited=true asked=0 pinned=0 refused=0 DRAIN_MS=0 complete=true ]
            1 DRAIN[visited=true asked=512 pinned=438 refused=74 DRAIN_MS=281 complete=true ]
            1 DRAIN[visited=true asked=512 pinned=419 refused=93 DRAIN_MS=328 complete=true ]
            1 DRAIN[visited=true asked=512 pinned=415 refused=97 DRAIN_MS=296 complete=true ]
            1 DRAIN[visited=true asked=512 pinned=374 refused=138 DRAIN_MS=185 complete=true ]
            1 DRAIN[visited=true asked=1536 pinned=1418 refused=118 DRAIN_MS=460 complete=true ]
            1 DRAIN[visited=true asked=1366 pinned=1117 refused=249 DRAIN_MS=819 complete=true ]
            1 DRAIN[visited=true asked=13311 pinned=13298 refused=13 DRAIN_MS=2546 complete=true ]
            1 DRAIN[visited=true asked=1331 pinned=1040 refused=291 DRAIN_MS=982 complete=true ]
            1 DRAIN[visited=true asked=1330 pinned=1173 refused=157 DRAIN_MS=529 complete=true ]
            1 DRAIN[visited=true asked=13056 pinned=13056 refused=0 DRAIN_MS=2308 complete=true ]
            1 DRAIN[visited=true asked=1024 pinned=839 refused=185 DRAIN_MS=614 complete=true ]
    ⊘ DRAIN[ ] emissions total = [458] — 0 means the pass NEVER PRINTED, so nothing below is measured
    ⊘ TARGET NEVER VISITED     = [0]  (pinned=0 there is UNREACHED, not 'already complete')
    ⊘ complete=false           = [1]   complete=true = [458]
    ⚠ DRAIN WALL BUDGET hits   = [0]   DRAIN ROW CAP hits = [0]
--- ★ THE COST ON THE DOORBELL PATH — every distinct DRAIN_MS, and the largest:
            1 DRAIN_MS=185
            1 DRAIN_MS=281
            1 DRAIN_MS=296
            1 DRAIN_MS=328
            1 DRAIN_MS=460
            1 DRAIN_MS=529
            1 DRAIN_MS=614
            1 DRAIN_MS=688
            1 DRAIN_MS=819
            1 DRAIN_MS=982
            1 DRAIN_MS=2308
            1 DRAIN_MS=2546
      max DRAIN_MS = [2546]
      ⊘ this is WALL TIME of the drained VAS's loop (VMM resolve + verb + refusals), not a sum of pin times
--- ★★ THE DRAINED VAS's own row — last emission, verbatim (last_pinned_va says HOW FAR it got):
      [proc=3 pdb=0x201000 ★DRAINED(this doorbell's VAS) asked=0 pinned=0 refused=0 in 0 ms last_pinned_va=⊘NONE degrade[n/a — only 0 timed pin(s), need 8]
      [proc=3 pdb=0x201000 ★DRAINED(this doorbell's VAS) asked=0 pinned=0 refused=0 in 0 ms last_pinned_va=⊘NONE degrade[n/a — only 0 timed pin(s), need 8]
    ⊘ ★DRAINED row emissions = [458]  (0 on arm=drain ⇒ the target was never reached)

--- ⚠ wall-budget exhaustions = [0]  (an unpublished row is NOT thereby refused)
--- ⊘ bucket-identity violations (sum_ok=false) = [0]  (MUST be 0)
--- every REFUSED leaf, by name (this is where 'exhausts something' would appear):
          441 VAS-PUBLISH(proc=3 pdb=0x201000) leaf va=0x203fa0000 fb_phys=0x2ef960000 → ⚠ THE INSTALL REFUSED phys=0x2ef960000 len=65536 why=`that framebuffer range is already
          436 VAS-PUBLISH(proc=3 pdb=0x201000) leaf va=0x203600000 fb_phys=0x2ef000000 → ⚠ THE INSTALL REFUSED phys=0x2ef000000 len=2097152 why=`that framebuffer range is alrea
          435 VAS-PUBLISH(proc=3 pdb=0x201000) leaf va=0x203f90000 fb_phys=0x2ef950000 → ⚠ THE INSTALL REFUSED phys=0x2ef950000 len=65536 why=`that framebuffer range is already
          435 VAS-PUBLISH(proc=3 pdb=0x201000) leaf va=0x203e00000 fb_phys=0x2eed80000 → ⚠ THE INSTALL REFUSED phys=0x2eed80000 len=65536 why=`that framebuffer range is already
          435 VAS-PUBLISH(proc=3 pdb=0x201000) leaf va=0x203c00000 fb_phys=0x2ef600000 → ⚠ THE INSTALL REFUSED phys=0x2ef600000 len=2097152 why=`that framebuffer range is alrea
          433 VAS-PUBLISH(proc=3 pdb=0x201000) leaf va=0x203f80000 fb_phys=0x2ef940000 → ⚠ THE INSTALL REFUSED phys=0x2ef940000 len=65536 why=`that framebuffer range is already
          433 VAS-PUBLISH(proc=3 pdb=0x201000) leaf va=0x203400000 fb_phys=0x2eee00000 → ⚠ THE INSTALL REFUSED phys=0x2eee00000 len=2097152 why=`that framebuffer range is alrea
          432 VAS-PUBLISH(proc=3 pdb=0x201000) leaf va=0x203e20000 fb_phys=0x2eeda0000 → ⚠ THE INSTALL REFUSED phys=0x2eeda0000 len=65536 why=`that framebuffer range is already
          432 VAS-PUBLISH(proc=3 pdb=0x201000) leaf va=0x203e10000 fb_phys=0x2eed90000 → ⚠ THE INSTALL REFUSED phys=0x2eed90000 len=65536 why=`that framebuffer range is already
          432 VAS-PUBLISH(proc=3 pdb=0x201000) leaf va=0x203a00000 fb_phys=0x2ef400000 → ⚠ THE INSTALL REFUSED phys=0x2ef400000 len=2097152 why=`that framebuffer range is alrea

=== ★★★★★ THE INDEPENDENT PROOF — HOST-PUBLISHED, BEFORE vs AFTER ===
⊘ This number proves the build did its job whether or not cup2 passes.
--- FIRST emission:
      HOST-PUBLISHED [proc=0 gpu=0 pdb=0x200000 host_rows=0 of 21 runs=0  pins=0=[] MERGE-AGREES=true] [proc=0 gpu=0 pdb=0x2efa9c000 host_rows=0 of 6254 runs=0  pins=0=[] MERGE-AGREES=true] [proc=2 gpu=0 pd
      b=0x4000 host_rows=0 of 0 runs=0  pins=0=[] MERGE-AGREES=true] [proc=2 gpu=0 pdb=0x205000 host_rows=1 of 12817 runs=1 0x200200000+0x200000 pins=0=[] MERGE-AGREES=true] [proc=3 gpu=0 pdb=0x0 host_rows=
      0 of 0 runs=0  pins=0=[] MERGE-AGREES=true] [proc=3 gpu=0 pdb=0x201000 host_rows=1 of 13329 runs=1 0x200200000+0x200000 pins=0=[] MERGE-AGREES=true] | PROMOTE-PARKED [proc=0 gpu=0 pdb=0x200000 parked=
      0  bound=0=[]] [proc=0 gpu=0 pdb=0x2efa9c000 parked=0  bound=0=[]] [proc=2 gpu=0 pdb=0x4000 parked=0  bound=0=[]] [proc=2 gpu=0 pdb=0x205000 parked=9 {bid=0x0 AwaitingPhysical va=0x203fb0000} {bid=0x1
       AwaitingPhysical va=0x20409d000} {bid=0x2 AwaitingPhysical va=0x2040a6000} {bid=0x3 AwaitingPhysical va=0x20409a000} {bid=0x4 AwaitingPhysical va=0x203f10000} {bid=0x5 AwaitingPhysical va=0x203400000
      } {bid=0x6 AwaitingPhysical va=0x203f30000} {bid=0x9 AwaitingPhysical va=0x203e80000} {bid=0xb AwaitingPhysical va=0x203e00000} bound=4=[0x203e90000,0x203fb0000,0x20409d000,0x2040a6000]] [proc=3 gpu=0
       pdb=0x0 parked=0  bound=0=[]] [proc=3 gpu=0 pdb=0x201000 parked=9 {bid=0x0 AwaitingPhysical va=0x203fb0000} {bid=0x1 AwaitingPhysical va=0x20409d000} {bid=0x2 AwaitingPhysical va=0x2040a6000} {bid=0x
      3 AwaitingPhysical va=0x20409a000} {bid=0x4 AwaitingPhysical va=0x203f10000} {bid=0x5 AwaitingPhysical va=0x203400000} {bid=0x6 AwaitingPhysical va=0x203f30000} {bid=0x9 AwaitingPhysical va=0x203e8000
      0} {bid=0xb AwaitingPhysical va=0x203e00000} bound=4=[0x203e90000,0x203fb0000,0x20409d000,0x2040a6000]]
--- LAST emission:
      HOST-PUBLISHED [proc=0 gpu=0 pdb=0x200000 host_rows=0 of 533 runs=0  pins=0=[] MERGE-AGREES=true] [proc=0 gpu=0 pdb=0x2efa9c000 host_rows=0 of 6254 runs=0  pins=0=[] MERGE-AGREES=true] [proc=3 gpu=0 p
      db=0x0 host_rows=0 of 0 runs=0  pins=0=[] MERGE-AGREES=true] [proc=3 gpu=0 pdb=0x201000 host_rows=18279 of 18309 runs=8 0x200000000+0x3400000,0x203e80000+0x10000,0x204400000+0xc00000,0x10000000000+0x2
      00000,0x10002000000+0x200000,0x7faeb2000000+0x5000000,0x7faeb8000000+0xc00000,0x7faeb8e00000+0xd33000 pins=18228=[0x200400000+0x1000,0x200401000+0x1000,0x200402000+0x1000,0x200403000+0x1000,0x20040400
      0+0x1000,0x200405000+0x1000,0x200406000+0x1000,0x200407000+0x1000,0x200408000+0x1000,0x200409000+0x1000,0x20040a000+0x1000,0x20040b000+0x1000,0x20040c000+0x1000,0x20040d000+0x1000,0x20040e000+0x1000,0
      x20040f000+0x1000,0x200410000+0x1000,0x200411000+0x1000,0x200412000+0x1000,0x200413000+0x1000,0x200414000+0x1000,0x200415000+0x1000,0x200416000+0x1000,0x200417000+0x1000,0x200418000+0x1000,0x200419000
      +0x1000,0x20041a000+0x1000,0x20041b000+0x1000,0x20041c000+0x1000,0x20041d000+0x1000,0x20041e000+0x1000,0x20041f000+0x1000,0x200420000+0x1000,0x200421000+0x1000,0x200422000+0x1000,0x200423000+0x1000,0x
      200424000+0x1000,0x200425000+0x1000,0x200426000+0x1000,0x200427000+0x1000,0x200428000+0x1000,0x200429000+0x1000,0x20042a000+0x1000,0x20042b000+0x1000,0x20042c000+0x1000,0x20042d000+0x1000,0x20042e000+
      0x1000,0x20042f000+0x1000 ⚠⚠CAPPED] MERGE-AGREES=true] | PROMOTE-PARKED [proc=0 gpu=0 pdb=0x200000 parked=0  bound=0=[]] [proc=0 gpu=0 pdb=0x2efa9c000 parked=0  bound=0=[]] [proc=3 gpu=0 pdb=0x0 p
      arked=0  bound=0=[]] [proc=3 gpu=0 pdb=0x201000 parked=9 {bid=0x0 AwaitingPhysical va=0x203fb0000} {bid=0x1 AwaitingPhysical va=0x20409d000} {bid=0x2 AwaitingPhysical va=0x2040a6000} {bid=0x3 Awaiting
      Physical va=0x20409a000} {bid=0x4 AwaitingPhysical va=0x203f10000} {bid=0x5 AwaitingPhysical va=0x203400000} {bid=0x6 AwaitingPhysical va=0x203f30000} {bid=0x9 AwaitingPhysical va=0x203e80000} {bid=0x
      b AwaitingPhysical va=0x203e00000} bound=4=[0x203e90000,0x203fb0000,0x20409d000,0x2040a6000]]
--- every distinct host_rows= reading:
      host_rows=0 of 0
      host_rows=0 of 1045
      host_rows=0 of 21
      host_rows=0 of 533
      host_rows=0 of 6254
      host_rows=1 of 12817
      host_rows=1 of 13329
      host_rows=13286 of 13348
      host_rows=13318 of 13348
      host_rows=13318 of 13861
      host_rows=13342 of 13348
      host_rows=13342 of 14886
      host_rows=13446 of 14886
      host_rows=13603 of 14886
      host_rows=13992 of 14886
      host_rows=14324 of 14886
      host_rows=14856 of 14886
      host_rows=14856 of 14887
      host_rows=14857 of 15913
      host_rows=14880 of 14886

=== ⚠ THE PRE-REGISTERED COST — a published row is FROZEN against the guest's own edits ===
    RepointsPublished = [91]
    UnbindsPublished  = [275]
    (⊘ these are refusal-KIND mentions across the log, not distinct VAs — the by_kind
     map on the sweep line carries the per-doorbell counts)
      by_kind={"RepointsPublished": 2, "StraddlesLiveBinding": 255, "UnbindsPublished": 1333}

=== ★ THE FAULT, BY IDENTITY (host dmesg, watermarked to THIS boot) ===
      Xid count = [0]
      ★★ DESCENT LEVEL, every distinct value = []
         ⊘ empty here means NO FAULT LEVEL WAS PRINTED — UNMEASURED, not 'no fault'
      ★★ ENGINE / HUBCLIENT / ACCESS = []
      ★★ CHANNEL(S) named by the fault = []
      fault VA, normalised = [⊘ NONE — the join below is VACUOUS, not negative]

=== ★★★★★ THE JOIN — after publication, who owns the faulting VA? ===
    ⊘ NO FAULT VA ON THIS BOOT — the join is VACUOUS, not negative.

=== ★★★★★ CUP2_RC — ANCHORED (baseline 1 at w290cup2 @ c2b2a22; 1 again at w290pboth) ===
--- ★★★★★ CUP2_RC, ^ANCHORED = [⊘ NO LINE BEGINS WITH CUP2_RC= — THE MEASUREMENT DID NOT HAPPEN. ⊘ This is NOT 0]
    loose anchor (^|non-word), for contrast: [⊘ NONE]
    UNANCHORED, for contrast: []
    ⊘ the unanchored read has printed [CUP2_RC=0 CUP2_RC=1] on five consecutive rungs — the 0 is the harness's own echo, not a result
=== ★ THE LAST PRINT — where it got to if it did not cross ===

=== ★★ HARNESS SELF-CHECK — assert this block's own output exists ===
    lines written so far = [774]
    qemu log bytes       = [15319676]
    probe log bytes      = [30214]
    ⊘ zero bytes is not 'not yet'; it is a state that needs its own check.
=== W290P EXIT rc=0 arm=drain at 2026-08-14T09:48:19+00:00 ===

================================================================================
=== ★★★★★ W299 GRADING — TWO PROCESSES, mode=concurrent  inner_rc=0  2026-08-14T09:48:19+00:00
================================================================================

=== (F) ATTRIBUTION PRECONDITIONS
    JIT present       = [CUP3X2_JIT_PRESENT=yes]
    stagger achieved  = [CUP3X2_STAGGER_ACHIEVED=n]
    ⊘ on mode=staggered a value of 'no-A-already-past' means B did NOT start inside A's
      cuCtxCreate — the arm did not land, and a green here does not answer the #14 shape.

=== ★★★★★ THE METRICS — ^ANCHORED and SEPARATELY IDENTIFIABLE PER PROCESS
===     ⊘ a grader that cannot tell A's value from B's is the substitution failure itself.
--- ★★★★★ CUP3A_VAL=43
--- ★★★★  CUP3A_RC=0
--- ★★★★  CUP3B_RC=0
    kernel lines, verbatim:
      CUP3A_KERNEL_LINE=KERNEL rv=43 want=43 -> PASS
      CUP3B_KERNEL_LINE=KERNEL rv=43 want=43 -> PASS
    UNANCHORED, for contrast = [CUP3A_RC=0 CUP3B_RC=0 ]
    ⊘ a bare CUP3_VAL= is deliberately NEVER emitted by this rung's hook.

=== ★★★★★ THE VERDICT, stated once, in the pre-registered vocabulary
    ⚠ SystemDataPlane mentions in the qemu log = 4 — see the (E) section below
    (A) ★★★★★ BOTH PROCESSES COMPUTED. 43 twice, from two separately-identified processes.
        ⊘ ONE SHAPE ONLY: two identical short workloads. NOT a multi-tenancy claim.
    reached CTX OK: A=[yes] B=[yes]

=== ★ THE STAGE LADDERS, BOTH PROCESSES, as the hook recorded them
        ✔ A CTX OK
        ✔ A MODULE OK
        ✔ A FUNC OK
        ✔ A MEMALLOC
        ✔ A LAUNCH OK
        ✔ A SYNC OK
        ✔ A KERNEL rv=
        ✔ A DONE
        ✔ B CTX OK
        ✔ B MODULE OK
        ✔ B FUNC OK
        ✔ B MEMALLOC
        ✔ B LAUNCH OK
        ✔ B SYNC OK
        ✔ B KERNEL rv=
        ✔ B DONE
=== ★ each process's own FAIL line, if it named its failure

=== ★★★★★ THE BEACON VERDICT — GLOBAL FREEZE (BQL) vs PER-PROCESS WAIT
===     ⊘ this is the whole diagnostic value of the rung; a bare timeout cannot separate them.
    === ★★★★★ THE BEACON — DID THE WHOLE GUEST STOP, OR ONLY A PROCESS? ===
        beacon samples captured = [339]   (⊘ 0 ⇒ THE BEACON NEVER RAN; every reading below is VACUOUS, not zero)
          GAP    1.221 s  at epoch 1786700817.949 (sample 72)
        max inter-sample gap = 1.221 s   (nominal 0.25 s)
        gaps > 1.0 s         = 1
        beacon span          = 91.3 s
    
        ★★★ HOW TO READ THIS, pre-registered so neither answer can be the favourable one:
          • a stalled cup3 WITH beacon gaps of the same order ⇒ GLOBAL freeze — consistent
            with the BQL mechanism (doorbell handler holds the BQL; all vCPUs + main loop stop).
          • a stalled cup3 with the beacon TICKING THROUGHOUT ⇒ a PER-PROCESS wait; the BQL
            hypothesis is REFUTED for this shape and the wait is on a lock/completion.
          • both processes green + no gaps ⇒ inline is fine AT THIS WORK SIZE. ⊘ That is a
            real result: the hazard would be LATENT, arriving when CE work is forwarded to a
            real engine and the inline span grows.
    
    === ★★ GUEST dmesg — soft-lockup / RCU stall / NVRM / Xid (⊘ NOT in the serial log) ===

=== ★★ THE LIVE DIAGNOSTIC — what the stalled process was waiting on
===     ⊘ a hang with a NAMED wait beats a hang with a timeout.
    === ★★★ ONE PROCESS TERMINATED AND THE OTHER DID NOT — DIAGNOSING [B] LIVE ===
        (RC_A=yes RC_B=no at ~60s) ⊘ this is the pre-registered (B) shape forming.
        --- DIAG for cup3 B at 2026-08-14T09:47:46+00:00 ---
            ⊘ no live cup3 with argv [B] — it is GONE (finished or killed), not stalled.
            rc file = [NO_RC_FILE]
    === ★ beacon state AT THIS MOMENT — is the GUEST still executing? ===
    DIAG blocks present = [1] (0 ⇒ never fired: either both finished or both hung)

=== ★★ DIRECT PER-PROCESS LIVENESS (⊘ never inferred from an empty file)
        CUP3A_WRAPPER=GONE wpid=1936 started=[STARTED 2026-08-14T09:46:44+00:00]
        CUP3A_OUT_BYTES=501
        CUP3B_WRAPPER=GONE wpid=1959 started=[STARTED 2026-08-14T09:46:44+00:00]
        CUP3B_OUT_BYTES=501
        LIVE_CUP3_PIDS=[]

=== ★★ GUEST dmesg — soft-lockup / RCU stall / hung task / NVRM / Xid
===     ★ a soft-lockup or RCU stall is STRONG evidence for a BQL-held stall.
    === ★★ GUEST dmesg — soft-lockup / RCU stall / NVRM / Xid (⊘ NOT in the serial log) ===
        ★ a soft-lockup or RCU stall here is STRONG evidence of a BQL-held stall and beats a
    matches = [2]

=== (E) REGRESSION CHECK — cup2/cup3's established values are Xid=0 and host_rows 18295/18309
===     ⚠ printed EVEN ON A GREEN: a pass that regressed the address plane is not a pass.
    Xid count = [0]   (host dmesg DELTA file exists, 173879 bytes)
    host_rows, every distinct reading:
      host_rows=0 of 0
      host_rows=0 of 1045
      host_rows=0 of 21
      host_rows=0 of 533
      host_rows=0 of 6254
      host_rows=1 of 12817
      host_rows=1 of 13329
      host_rows=13286 of 13348
      host_rows=13318 of 13348
      host_rows=13318 of 13861
      host_rows=13342 of 13348
      host_rows=13342 of 14886
      host_rows=13446 of 14886
      host_rows=13603 of 14886
      host_rows=13992 of 14886
      host_rows=14324 of 14886
      host_rows=14856 of 14886
      host_rows=14856 of 14887
      host_rows=14857 of 15913
      host_rows=14880 of 14886
      host_rows=14880 of 14887
      host_rows=14881 of 15913
      host_rows=14938 of 15913
      host_rows=15 of 13348
      host_rows=15089 of 15913
      host_rows=15341 of 15913
      host_rows=15549 of 15913
      host_rows=15757 of 15913
      host_rows=15883 of 15913
      host_rows=15883 of 16425
      host_rows=15907 of 15913
      host_rows=15907 of 16425
      host_rows=15969 of 16425
      host_rows=15995 of 16425
      host_rows=16395 of 16425
      host_rows=16395 of 16426
      host_rows=16396 of 16426
      host_rows=16396 of 16938
      host_rows=16419 of 16425
      host_rows=16420 of 16426
      host_rows=16420 of 16938
      host_rows=16869 of 16938
      host_rows=16908 of 16938
      host_rows=16908 of 18269
      host_rows=16932 of 16938
      host_rows=16932 of 18269
      host_rows=17064 of 18269
      host_rows=17520 of 18269
      host_rows=17547 of 18269
      host_rows=17860 of 18269
      host_rows=18162 of 18269
      host_rows=18239 of 18269
      host_rows=18239 of 18276
      host_rows=18246 of 18277
      host_rows=18247 of 18277
      host_rows=18247 of 18309
      host_rows=18263 of 18269
      host_rows=18263 of 18276
      host_rows=18270 of 18277
      host_rows=18271 of 18277
      host_rows=18271 of 18309
      host_rows=18279 of 18309
      host_rows=18303 of 18306
      host_rows=18303 of 18309
      host_rows=260 of 13348

=== (E) NAMED REFUSALS — SystemDataPlane and every other FwdFault, by name
    SystemDataPlane mentions = [4]
            4 SystemDataPlane`
    every FwdFault variant seen:
    ⊘REFUSED, by name:
          189 ⊘REFUSED `Rm { err: NoMemory, on: None }`

=== ★ THE UNSERVICED LEDGER — cup3's single-process baseline was 40 distinct ids
            1 unserviced fn 76 cmd 0xa06f0112
            1 unserviced fn 76 cmd 0x906f0102
            1 unserviced fn 76 cmd 0x402c0101
            1 unserviced fn 76 cmd 0x208f1105
            1 unserviced fn 76 cmd 0x20810110
            1 unserviced fn 76 cmd 0x2080a618
            1 unserviced fn 76 cmd 0x2080a612
            1 unserviced fn 76 cmd 0x20809009
            1 unserviced fn 76 cmd 0x2080852e
            1 unserviced fn 76 cmd 0x20808513
            1 unserviced fn 76 cmd 0x20802a12
            1 unserviced fn 76 cmd 0x20802a0f
            1 unserviced fn 76 cmd 0x20802068
            1 unserviced fn 76 cmd 0x20801357
            1 unserviced fn 76 cmd 0x20800b05
            1 unserviced fn 76 cmd 0x20800b03
            1 unserviced fn 76 cmd 0x20800aff
            1 unserviced fn 76 cmd 0x20800afe
            1 unserviced fn 76 cmd 0x20800ab8
            1 unserviced fn 76 cmd 0x20800a9e
            1 unserviced fn 76 cmd 0x20800a9c
            1 unserviced fn 76 cmd 0x20800a9a
            1 unserviced fn 76 cmd 0x20800a87
            1 unserviced fn 76 cmd 0x20800a80
            1 unserviced fn 76 cmd 0x20800a70
            1 unserviced fn 76 cmd 0x20800a4b
            1 unserviced fn 76 cmd 0x20800a3f
            1 unserviced fn 76 cmd 0x20800a38
            1 unserviced fn 76 cmd 0x20800a34
            1 unserviced fn 76 cmd 0x20800a30
      distinct ids = [41]
    ⊘ an id appearing HERE and not in the single-process baseline is a MULTI-PROCESS-
      specific demand, which is the most likely shape of a new wall.

=== ★ DOORBELLS BY ENGINE — two processes should show MORE work, not the same
      by engine: GrCompute=250 GrGraphics=0 Ce=686 NvEnc=0 NvDec=0 Other=0 unrouted=0
      ⊘ if the line above is ABSENT the summary never printed — UNMEASURED, not zero.
      per-doorbell routing tally (independent of the summary line):
           1867 engine=GrCompute
           1350 engine=Ce
              4 engine=GrGraphics

=== ★★ HOW MANY DISTINCT GUEST PROCESSES DID THE DEVICE SEE?
===     ⊘ if this is 1, the two guest processes were NOT distinguished by us and every
===       per-process claim below is unattributable.
      proc=0
      proc=2
      proc=3
      distinct proc= values = [3]
      pdb=0x0
      pdb=0x200000
      pdb=0x201000
      pdb=0x205000
      pdb=0x2efa9c000
      pdb=0x4000
      pdb=0x8000
      distinct pdb= values  = [7]

=== ⊘ EVERY RELAXATION THAT WAS ON — a relaxed green is a MAP, not the milestone
    KAYFABE_PT_SWEEP = [KAYFABE_PT_SWEEP=on]
    KAYFABE_OPERAND_JOIN = [KAYFABE_OPERAND_JOIN=join]
    KAYFABE_FB_JOIN = [KAYFABE_FB_JOIN=shared]
    KAYFABE_VAS_PUBLISH = [KAYFABE_VAS_PUBLISH=drain]
    KAYFABE_GR_ROUTE = [KAYFABE_GR_ROUTE=passthrough]
    KAYFABE_GUEST_RING = [KAYFABE_GUEST_RING=ring]
    KAYFABE_GUEST_PUSHBUF = [KAYFABE_GUEST_PUSHBUF=pin]
    KAYFABE_GUEST_SEMA = [KAYFABE_GUEST_SEMA=pin]
    KAYFABE_GUEST_OPERAND = [KAYFABE_GUEST_OPERAND=pin]
    KAYFABE_ISOLATES = [KAYFABE_ISOLATES=real]
    KAYFABE_CE_EXECUTOR = [KAYFABE_CE_EXECUTOR=host]

=== ★★ HARNESS SELF-CHECK — assert THIS block's own output exists
    w299 grading lines = [1]  (MUST be >= 1)
    qemu log bytes     = [15319676]
    probe log bytes    = [30214]
    ⊘ zero bytes is not 'not yet'; it is a state that needs its own check.
=== W299 EXIT rc=0 mode=concurrent at 2026-08-14T09:48:20+00:00 ===
