h_uvm-mean_1 rc=2 rminit_failed= probe_bad=
h_concurrency_1 rc=2 rminit_failed= probe_bad=
h_timer_1 rc=2 rminit_failed= probe_bad=
h_uvm-mean_2 rc=2 rminit_failed= probe_bad=
h_concurrency_2 rc=2 rminit_failed= probe_bad=
h_timer_2 rc=2 rminit_failed= probe_bad=
h_uvm-mean_3 rc=2 rminit_failed= probe_bad=
h_concurrency_3 rc=2 rminit_failed= probe_bad=
h_timer_3 rc=2 rminit_failed= probe_bad=
h_uvm-mean_4 rc=2 rminit_failed= probe_bad=
h_concurrency_4 rc=2 rminit_failed= probe_bad=
h_timer_4 rc=2 rminit_failed= probe_bad=
h_uvm-mean_5 rc=2 rminit_failed= probe_bad=
h_concurrency_5 rc=2 rminit_failed= probe_bad=
h_timer_5 rc=2 rminit_failed= probe_bad=
h_uvm-mean_6 rc=2 rminit_failed= probe_bad=
h_concurrency_6 rc=2 rminit_failed= probe_bad=
h_timer_6 rc=2 rminit_failed= probe_bad=
h_uvm-mean_7 rc=2 rminit_failed= probe_bad=
h_concurrency_7 rc=2 rminit_failed= probe_bad=
h_timer_7 rc=2 rminit_failed= probe_bad=
h_uvm-mean_8 rc=2 rminit_failed= probe_bad=
h_concurrency_8 rc=2 rminit_failed= probe_bad=
h_timer_8 rc=2 rminit_failed= probe_bad=
h_uvm-mean_9 rc=2 rminit_failed= probe_bad=
h_concurrency_9 rc=2 rminit_failed= probe_bad=
h_timer_9 rc=2 rminit_failed= probe_bad=
h_uvm-mean_10 rc=2 rminit_failed= probe_bad=
h_concurrency_10 rc=2 rminit_failed= probe_bad=
h_timer_10 rc=2 rminit_failed= probe_bad=
h_uvm-mean_11 rc=2 rminit_failed= probe_bad=
h_concurrency_11 rc=2 rminit_failed= probe_bad=
h_timer_11 rc=2 rminit_failed= probe_bad=
h_uvm-mean_12 rc=2 rminit_failed= probe_bad=
h_concurrency_12 rc=2 rminit_failed= probe_bad=
h_timer_12 rc=2 rminit_failed= probe_bad=
h_uvm-mean_13 rc=2 rminit_failed= probe_bad=
h_concurrency_13 rc=2 rminit_failed= probe_bad=
h_timer_13 rc=2 rminit_failed= probe_bad=
h_uvm-mean_14 rc=2 rminit_failed= probe_bad=
h_concurrency_14 rc=2 rminit_failed= probe_bad=
h_timer_14 rc=2 rminit_failed= probe_bad=
h_uvm-mean_15 rc=2 rminit_failed= probe_bad=
h_concurrency_15 rc=2 rminit_failed= probe_bad=
h_timer_15 rc=2 rminit_failed= probe_bad=
h_uvm-mean_16 rc=2 rminit_failed= probe_bad=
h_concurrency_16 rc=2 rminit_failed= probe_bad=
h_timer_16 rc=2 rminit_failed= probe_bad=
h_uvm-mean_17 rc=2 rminit_failed= probe_bad=
h_concurrency_17 rc=2 rminit_failed= probe_bad=
h_timer_17 rc=2 rminit_failed= probe_bad=
h_uvm-mean_18 rc=2 rminit_failed= probe_bad=
h_concurrency_18 rc=2 rminit_failed= probe_bad=
h_timer_18 rc=2 rminit_failed= probe_bad=
h_uvm-mean_19 rc=2 rminit_failed= probe_bad=
h_concurrency_19 rc=2 rminit_failed= probe_bad=
h_timer_19 rc=2 rminit_failed= probe_bad=
h_uvm-mean_20 rc=2 rminit_failed= probe_bad=
h_concurrency_20 rc=2 rminit_failed= probe_bad=
h_timer_20 rc=2 rminit_failed= probe_bad=
h_uvm-mean_21 rc=2 rminit_failed= probe_bad=
h_concurrency_21 rc=2 rminit_failed= probe_bad=
h_timer_21 rc=2 rminit_failed= probe_bad=
h_uvm-mean_22 rc=2 rminit_failed= probe_bad=
h_concurrency_22 rc=2 rminit_failed= probe_bad=
h_timer_22 rc=2 rminit_failed= probe_bad=
h_uvm-mean_23 rc=2 rminit_failed= probe_bad=
h_concurrency_23 rc=2 rminit_failed= probe_bad=
h_timer_23 rc=2 rminit_failed= probe_bad=
h_uvm-mean_24 rc=2 rminit_failed= probe_bad=
h_concurrency_24 rc=2 rminit_failed= probe_bad=
h_timer_24 rc=2 rminit_failed= probe_bad=
h_uvm-mean_25 rc=2 rminit_failed= probe_bad=
h_concurrency_25 rc=2 rminit_failed= probe_bad=
h_timer_25 rc=2 rminit_failed= probe_bad=
h_uvm-mean_26 rc=2 rminit_failed= probe_bad=
h_concurrency_26 rc=2 rminit_failed= probe_bad=
h_timer_26 rc=2 rminit_failed= probe_bad=
h_uvm-mean_27 rc=2 rminit_failed= probe_bad=
h_concurrency_27 rc=2 rminit_failed= probe_bad=
h_timer_27 rc=2 rminit_failed= probe_bad=
h_uvm-mean_28 rc=2 rminit_failed= probe_bad=
h_concurrency_28 rc=2 rminit_failed= probe_bad=
h_timer_28 rc=2 rminit_failed= probe_bad=
h_uvm-mean_29 rc=2 rminit_failed= probe_bad=
h_concurrency_29 rc=2 rminit_failed= probe_bad=
h_timer_29 rc=2 rminit_failed= probe_bad=
h_uvm-mean_30 rc=2 rminit_failed= probe_bad=
h_concurrency_30 rc=2 rminit_failed= probe_bad=
h_timer_30 rc=2 rminit_failed= probe_bad=
h_uvm-mean_31 rc=2 rminit_failed= probe_bad=
h_concurrency_31 rc=2 rminit_failed= probe_bad=
h_timer_31 rc=2 rminit_failed= probe_bad=
h_uvm-mean_32 rc=2 rminit_failed= probe_bad=
h_concurrency_32 rc=2 rminit_failed= probe_bad=
h_timer_32 rc=2 rminit_failed= probe_bad=
h_uvm-mean_33 rc=2 rminit_failed= probe_bad=
h_concurrency_33 rc=2 rminit_failed= probe_bad=
h_timer_33 rc=2 rminit_failed= probe_bad=
h_uvm-mean_34 rc=2 rminit_failed= probe_bad=
h_concurrency_34 rc=2 rminit_failed= probe_bad=
h_timer_34 rc=2 rminit_failed= probe_bad=
h_uvm-mean_35 rc=2 rminit_failed= probe_bad=
h_concurrency_35 rc=2 rminit_failed= probe_bad=
h_timer_35 rc=2 rminit_failed= probe_bad=
h_uvm-mean_36 rc=2 rminit_failed= probe_bad=
h_concurrency_36 rc=2 rminit_failed= probe_bad=
h_timer_36 rc=2 rminit_failed= probe_bad=
h_uvm-mean_37 rc=2 rminit_failed= probe_bad=
h_concurrency_37 rc=2 rminit_failed= probe_bad=
h_timer_37 rc=2 rminit_failed= probe_bad=
h_uvm-mean_38 rc=2 rminit_failed= probe_bad=
h_concurrency_38 rc=2 rminit_failed= probe_bad=
h_timer_38 rc=2 rminit_failed= probe_bad=
h_uvm-mean_39 rc=2 rminit_failed= probe_bad=
h_concurrency_39 rc=2 rminit_failed= probe_bad=
h_timer_39 rc=2 rminit_failed= probe_bad=
h_uvm-mean_40 rc=2 rminit_failed= probe_bad=
h_concurrency_40 rc=2 rminit_failed= probe_bad=
h_timer_40 rc=2 rminit_failed= probe_bad=
h_uvm-mean_41 rc=2 rminit_failed= probe_bad=
h_concurrency_41 rc=2 rminit_failed= probe_bad=
h_timer_41 rc=2 rminit_failed= probe_bad=
h_uvm-mean_42 rc=2 rminit_failed= probe_bad=
h_concurrency_42 rc=2 rminit_failed= probe_bad=
h_timer_42 rc=2 rminit_failed= probe_bad=
h_uvm-mean_43 rc=2 rminit_failed= probe_bad=
h_concurrency_43 rc=2 rminit_failed= probe_bad=
h_timer_43 rc=2 rminit_failed= probe_bad=
h_uvm-mean_44 rc=2 rminit_failed= probe_bad=
h_concurrency_44 rc=2 rminit_failed= probe_bad=
h_timer_44 rc=2 rminit_failed= probe_bad=
h_uvm-mean_45 rc=2 rminit_failed= probe_bad=
h_concurrency_45 rc=2 rminit_failed= probe_bad=
h_timer_45 rc=2 rminit_failed= probe_bad=
h_uvm-mean_46 rc=2 rminit_failed= probe_bad=
h_concurrency_46 rc=2 rminit_failed= probe_bad=
h_timer_46 rc=2 rminit_failed= probe_bad=
h_uvm-mean_47 rc=2 rminit_failed= probe_bad=
h_concurrency_47 rc=2 rminit_failed= probe_bad=
h_timer_47 rc=2 rminit_failed= probe_bad=
h_uvm-mean_48 rc=2 rminit_failed= probe_bad=
h_concurrency_48 rc=2 rminit_failed= probe_bad=
h_timer_48 rc=2 rminit_failed= probe_bad=
h_uvm-mean_49 rc=2 rminit_failed= probe_bad=
h_concurrency_49 rc=2 rminit_failed= probe_bad=
h_timer_49 rc=2 rminit_failed= probe_bad=
h_uvm-mean_50 rc=2 rminit_failed= probe_bad=
h_concurrency_50 rc=2 rminit_failed= probe_bad=
h_timer_50 rc=2 rminit_failed= probe_bad=
h_uvm-mean_51 rc=2 rminit_failed= probe_bad=
h_concurrency_51 rc=2 rminit_failed= probe_bad=
h_timer_51 rc=2 rminit_failed= probe_bad=
h_uvm-mean_52 rc=2 rminit_failed= probe_bad=
h_concurrency_52 rc=2 rminit_failed= probe_bad=
h_timer_52 rc=2 rminit_failed= probe_bad=
h_uvm-mean_53 rc=2 rminit_failed= probe_bad=
h_concurrency_53 rc=2 rminit_failed= probe_bad=
h_timer_53 rc=2 rminit_failed= probe_bad=
h_uvm-mean_54 rc=2 rminit_failed= probe_bad=
h_concurrency_54 rc=2 rminit_failed= probe_bad=
h_timer_54 rc=2 rminit_failed= probe_bad=
h_uvm-mean_55 rc=2 rminit_failed= probe_bad=
h_concurrency_55 rc=2 rminit_failed= probe_bad=
h_timer_55 rc=2 rminit_failed= probe_bad=
h_uvm-mean_56 rc=2 rminit_failed= probe_bad=
h_concurrency_56 rc=2 rminit_failed= probe_bad=
h_timer_56 rc=2 rminit_failed= probe_bad=
h_uvm-mean_57 rc=2 rminit_failed= probe_bad=
h_concurrency_57 rc=2 rminit_failed= probe_bad=
h_timer_57 rc=2 rminit_failed= probe_bad=
h_uvm-mean_58 rc=2 rminit_failed= probe_bad=
h_concurrency_58 rc=2 rminit_failed= probe_bad=
h_timer_58 rc=2 rminit_failed= probe_bad=
h_uvm-mean_59 rc=2 rminit_failed= probe_bad=
h_concurrency_59 rc=2 rminit_failed= probe_bad=
h_timer_59 rc=2 rminit_failed= probe_bad=
h_uvm-mean_60 rc=2 rminit_failed= probe_bad=
h_concurrency_60 rc=2 rminit_failed= probe_bad=
h_timer_60 rc=2 rminit_failed= probe_bad=
h_uvm-mean_61 rc=2 rminit_failed= probe_bad=
h_concurrency_61 rc=2 rminit_failed= probe_bad=
h_timer_61 rc=2 rminit_failed= probe_bad=
h_uvm-mean_62 rc=2 rminit_failed= probe_bad=
h_concurrency_62 rc=2 rminit_failed= probe_bad=
h_timer_62 rc=2 rminit_failed= probe_bad=
h_uvm-mean_63 rc=2 rminit_failed= probe_bad=
h_concurrency_63 rc=2 rminit_failed= probe_bad=
h_timer_63 rc=2 rminit_failed= probe_bad=
h_uvm-mean_64 rc=2 rminit_failed= probe_bad=
h_concurrency_64 rc=2 rminit_failed= probe_bad=
h_timer_64 rc=2 rminit_failed= probe_bad=
h_uvm-mean_65 rc=2 rminit_failed= probe_bad=
h_concurrency_65 rc=2 rminit_failed= probe_bad=
h_timer_65 rc=2 rminit_failed= probe_bad=
h_uvm-mean_66 rc=2 rminit_failed= probe_bad=
h_concurrency_66 rc=2 rminit_failed= probe_bad=
h_timer_66 rc=2 rminit_failed= probe_bad=
h_uvm-mean_67 rc=2 rminit_failed= probe_bad=
h_concurrency_67 rc=2 rminit_failed= probe_bad=
h_timer_67 rc=2 rminit_failed= probe_bad=
h_uvm-mean_68 rc=2 rminit_failed= probe_bad=
h_concurrency_68 rc=2 rminit_failed= probe_bad=
h_timer_68 rc=2 rminit_failed= probe_bad=
h_uvm-mean_69 rc=2 rminit_failed= probe_bad=
h_concurrency_69 rc=2 rminit_failed= probe_bad=
h_timer_69 rc=2 rminit_failed= probe_bad=
h_uvm-mean_70 rc=2 rminit_failed= probe_bad=
h_concurrency_70 rc=2 rminit_failed= probe_bad=
h_timer_70 rc=2 rminit_failed= probe_bad=
h_uvm-mean_71 rc=2 rminit_failed= probe_bad=
h_concurrency_71 rc=2 rminit_failed= probe_bad=
h_timer_71 rc=2 rminit_failed= probe_bad=
h_uvm-mean_72 rc=2 rminit_failed= probe_bad=
h_concurrency_72 rc=2 rminit_failed= probe_bad=
h_timer_72 rc=2 rminit_failed= probe_bad=
h_uvm-mean_73 rc=2 rminit_failed= probe_bad=
h_concurrency_73 rc=2 rminit_failed= probe_bad=
h_timer_73 rc=2 rminit_failed= probe_bad=
h_uvm-mean_74 rc=2 rminit_failed= probe_bad=
h_concurrency_74 rc=2 rminit_failed= probe_bad=
h_timer_74 rc=2 rminit_failed= probe_bad=
h_uvm-mean_75 rc=2 rminit_failed= probe_bad=
h_concurrency_75 rc=2 rminit_failed= probe_bad=
h_timer_75 rc=2 rminit_failed= probe_bad=
h_uvm-mean_76 rc=2 rminit_failed= probe_bad=
h_concurrency_76 rc=2 rminit_failed= probe_bad=
h_timer_76 rc=2 rminit_failed= probe_bad=
h_uvm-mean_77 rc=2 rminit_failed= probe_bad=
h_concurrency_77 rc=2 rminit_failed= probe_bad=
h_timer_77 rc=2 rminit_failed= probe_bad=
h_uvm-mean_78 rc=2 rminit_failed= probe_bad=
h_concurrency_78 rc=2 rminit_failed= probe_bad=
h_timer_78 rc=2 rminit_failed= probe_bad=
h_uvm-mean_79 rc=2 rminit_failed= probe_bad=
h_concurrency_79 rc=2 rminit_failed= probe_bad=
h_timer_79 rc=2 rminit_failed= probe_bad=
h_uvm-mean_80 rc=2 rminit_failed= probe_bad=
h_concurrency_80 rc=2 rminit_failed= probe_bad=
h_timer_80 rc=2 rminit_failed= probe_bad=
h_uvm-mean_81 rc=2 rminit_failed= probe_bad=
h_concurrency_81 rc=2 rminit_failed= probe_bad=
h_timer_81 rc=2 rminit_failed= probe_bad=
h_uvm-mean_82 rc=2 rminit_failed= probe_bad=
h_concurrency_82 rc=2 rminit_failed= probe_bad=
h_timer_82 rc=2 rminit_failed= probe_bad=
h_uvm-mean_83 rc=2 rminit_failed= probe_bad=
h_concurrency_83 rc=2 rminit_failed= probe_bad=
h_timer_83 rc=2 rminit_failed= probe_bad=
h_uvm-mean_84 rc=2 rminit_failed= probe_bad=
h_concurrency_84 rc=2 rminit_failed= probe_bad=
h_timer_84 rc=2 rminit_failed= probe_bad=
h_uvm-mean_85 rc=2 rminit_failed= probe_bad=
h_concurrency_85 rc=2 rminit_failed= probe_bad=
h_timer_85 rc=2 rminit_failed= probe_bad=
h_uvm-mean_86 rc=2 rminit_failed= probe_bad=
h_concurrency_86 rc=2 rminit_failed= probe_bad=
h_timer_86 rc=2 rminit_failed= probe_bad=
h_uvm-mean_87 rc=2 rminit_failed= probe_bad=
h_concurrency_87 rc=2 rminit_failed= probe_bad=
h_timer_87 rc=2 rminit_failed= probe_bad=
h_uvm-mean_88 rc=2 rminit_failed= probe_bad=
h_concurrency_88 rc=2 rminit_failed= probe_bad=
h_timer_88 rc=2 rminit_failed= probe_bad=
h_uvm-mean_89 rc=2 rminit_failed= probe_bad=
h_concurrency_89 rc=2 rminit_failed= probe_bad=
h_timer_89 rc=2 rminit_failed= probe_bad=
h_uvm-mean_90 rc=2 rminit_failed= probe_bad=
h_concurrency_90 rc=2 rminit_failed= probe_bad=
h_timer_90 rc=2 rminit_failed= probe_bad=
h_uvm-mean_91 rc=2 rminit_failed= probe_bad=
h_concurrency_91 rc=2 rminit_failed= probe_bad=
h_timer_91 rc=2 rminit_failed= probe_bad=
h_uvm-mean_92 rc=2 rminit_failed= probe_bad=
h_concurrency_92 rc=2 rminit_failed= probe_bad=
h_timer_92 rc=2 rminit_failed= probe_bad=
h_uvm-mean_93 rc=2 rminit_failed= probe_bad=
h_concurrency_93 rc=2 rminit_failed= probe_bad=
h_timer_93 rc=2 rminit_failed= probe_bad=
h_uvm-mean_94 rc=2 rminit_failed= probe_bad=
h_concurrency_94 rc=2 rminit_failed= probe_bad=
h_timer_94 rc=2 rminit_failed= probe_bad=
h_uvm-mean_95 rc=2 rminit_failed= probe_bad=
h_concurrency_95 rc=2 rminit_failed= probe_bad=
h_timer_95 rc=2 rminit_failed= probe_bad=
h_uvm-mean_96 rc=2 rminit_failed= probe_bad=
h_concurrency_96 rc=2 rminit_failed= probe_bad=
h_timer_96 rc=2 rminit_failed= probe_bad=
h_uvm-mean_97 rc=2 rminit_failed= probe_bad=
h_concurrency_97 rc=2 rminit_failed= probe_bad=
h_timer_97 rc=2 rminit_failed= probe_bad=
h_uvm-mean_98 rc=2 rminit_failed= probe_bad=
h_concurrency_98 rc=2 rminit_failed= probe_bad=
h_timer_98 rc=2 rminit_failed= probe_bad=
h_uvm-mean_99 rc=2 rminit_failed= probe_bad=
h_concurrency_99 rc=2 rminit_failed= probe_bad=
h_timer_99 rc=2 rminit_failed= probe_bad=
h_uvm-mean_100 rc=2 rminit_failed= probe_bad=
h_concurrency_100 rc=2 rminit_failed= probe_bad=
h_timer_100 rc=2 rminit_failed= probe_bad=
h_uvm-mean_101 rc=2 rminit_failed= probe_bad=
h_concurrency_101 rc=2 rminit_failed= probe_bad=
h_timer_101 rc=2 rminit_failed= probe_bad=
h_uvm-mean_102 rc=2 rminit_failed= probe_bad=
h_concurrency_102 rc=2 rminit_failed= probe_bad=
h_timer_102 rc=2 rminit_failed= probe_bad=
h_uvm-mean_103 rc=2 rminit_failed= probe_bad=
h_concurrency_103 rc=2 rminit_failed= probe_bad=
h_timer_103 rc=2 rminit_failed= probe_bad=
h_uvm-mean_104 rc=2 rminit_failed= probe_bad=
h_concurrency_104 rc=2 rminit_failed= probe_bad=
h_timer_104 rc=2 rminit_failed= probe_bad=
h_uvm-mean_105 rc=2 rminit_failed= probe_bad=
h_concurrency_105 rc=2 rminit_failed= probe_bad=
h_timer_105 rc=2 rminit_failed= probe_bad=
h_uvm-mean_106 rc=2 rminit_failed= probe_bad=
h_concurrency_106 rc=2 rminit_failed= probe_bad=
h_timer_106 rc=2 rminit_failed= probe_bad=
h_uvm-mean_107 rc=2 rminit_failed= probe_bad=
h_concurrency_107 rc=2 rminit_failed= probe_bad=
h_timer_107 rc=2 rminit_failed= probe_bad=
h_uvm-mean_108 rc=2 rminit_failed= probe_bad=
h_concurrency_108 rc=2 rminit_failed= probe_bad=
h_timer_108 rc=2 rminit_failed= probe_bad=
h_uvm-mean_109 rc=2 rminit_failed= probe_bad=
h_concurrency_109 rc=2 rminit_failed= probe_bad=
h_timer_109 rc=2 rminit_failed= probe_bad=
h_uvm-mean_110 rc=2 rminit_failed= probe_bad=
h_concurrency_110 rc=2 rminit_failed= probe_bad=
h_uvm-mean_1 rc=0 rminit_failed=0 probe_bad=62
h_concurrency_1 rc=0 rminit_failed=0 probe_bad=0
h_timer_1 rc=0 rminit_failed=0 probe_bad=0
h_uvm-mean_2 rc=0 rminit_failed=0 probe_bad=62
h_concurrency_2 rc=0 rminit_failed=0 probe_bad=0
h_timer_2 rc=0 rminit_failed=0 probe_bad=0
h_uvm-mean_3 rc=0 rminit_failed=0 probe_bad=62
h_concurrency_3 rc=0 rminit_failed=0 probe_bad=0
h_timer_3 rc=0 rminit_failed=0 probe_bad=0
h_uvm-mean_4 rc=0 rminit_failed=0 probe_bad=62
h_concurrency_4 rc=0 rminit_failed=0 probe_bad=0
h_timer_4 rc=0 rminit_failed=0 probe_bad=0
h_uvm-mean_5 rc=0 rminit_failed=0 probe_bad=62
h_concurrency_5 rc=0 rminit_failed=0 probe_bad=0
h_timer_5 rc=0 rminit_failed=0 probe_bad=0
h_uvm-mean_6 rc=0 rminit_failed=0 probe_bad=62
h_concurrency_6 rc=0 rminit_failed=0 probe_bad=0
h_timer_6 rc=0 rminit_failed=0 probe_bad=0
h_uvm-mean_7 rc=0 rminit_failed=0 probe_bad=62
h_concurrency_7 rc=0 rminit_failed=0 probe_bad=0
h_timer_7 rc=0 rminit_failed=0 probe_bad=0
h_uvm-mean_8 rc=0 rminit_failed=0 probe_bad=62
h_concurrency_8 rc=0 rminit_failed=0 probe_bad=0
h_timer_8 rc=0 rminit_failed=0 probe_bad=0
h_uvm-mean_9 rc=0 rminit_failed=0 probe_bad=62
h_concurrency_9 rc=0 rminit_failed=0 probe_bad=0
h_timer_9 rc=0 rminit_failed=0 probe_bad=0
h_uvm-mean_10 rc=0 rminit_failed=0 probe_bad=62
h_concurrency_10 rc=0 rminit_failed=0 probe_bad=0
h_timer_10 rc=0 rminit_failed=0 probe_bad=0
HUNT_EXIT 2026-09-26T22:04:30+00:00 rounds=10
