[    0.000000] Linux version 6.8.0-59-generic (buildd@lcy02-amd64-117) (x86_64-linux-gnu-gcc-12 (Ubuntu 12.3.0-1ubuntu1~22.04) 12.3.0, GNU ld (GNU Binutils for Ubuntu) 2.38) #61~22.04.1-Ubuntu SMP PREEMPT_DYNAMIC Tue Apr 15 17:03:15 UTC 2 (Ubuntu 6.8.0-59.61~22.04.1-generic 6.8.12)
[    0.290833] Kernel command line: console=ttyS0 console=hvc0 panic=1 loglevel=6 KF_ARMS=--bus-info-sweep,--probe-launch-dma KF_IOCTL_TRACE=ring KF_BUDGET_S=180
[    0.290949] Unknown kernel command line parameters "KF_ARMS=--bus-info-sweep,--probe-launch-dma KF_IOCTL_TRACE=ring KF_BUDGET_S=180", will be passed to user space.
[    0.290962] random: crng init done
[    0.694897] audit: type=2000 audit(1791080927.792:1): state=initialized audit_enabled=0 res=1
[    1.025726] SCSI subsystem initialized
[    3.061687] VFS: Disk quotas dquot_6.6.0
[    3.231657] Initialise system trusted keyrings
[    3.239133] Key type blacklist registered
[    3.251917] integrity: Platform Keyring initialized
[    3.259243] integrity: Machine keyring initialized
[    3.283154] Key type asymmetric registered
[    3.288887] Asymmetric key parser 'x509' registered
[    3.539894] device-mapper: core: CONFIG_IMA_DISABLE_HTABLE is disabled. Duplicate IMA measurements will not be recorded in the IMA log.
[    3.560148] platform eisa.0: EISA: Cannot allocate resource for mainboard
[    3.570933] platform eisa.0: Cannot allocate resource for EISA slot 1
[    3.580841] platform eisa.0: Cannot allocate resource for EISA slot 2
[    3.590858] platform eisa.0: Cannot allocate resource for EISA slot 3
[    3.601296] platform eisa.0: Cannot allocate resource for EISA slot 4
[    3.611499] platform eisa.0: Cannot allocate resource for EISA slot 5
[    3.622982] platform eisa.0: Cannot allocate resource for EISA slot 6
[    3.633040] platform eisa.0: Cannot allocate resource for EISA slot 7
[    3.642980] platform eisa.0: Cannot allocate resource for EISA slot 8
[    8.631694] Key type dns_resolver registered
[    8.675934] Loading compiled-in X.509 certificates
[    8.696114] Loaded X.509 cert 'Build time autogenerated kernel key: 3fa2747ce20c90997bcade15a1cad09daa978788'
[    8.720846] Loaded X.509 cert 'Canonical Ltd. Live Patch Signing: 14df34d1a87cf37625abec039ef2bf521249b969'
[    8.739143] Loaded X.509 cert 'Canonical Ltd. Kernel Module Signing: 88f752e560a1e0737e31163a466ad7b70a850c19'
[    8.756903] blacklist: Loading compiled-in revocation X.509 certificates
[    8.769455] Loaded X.509 cert 'Canonical Ltd. Secure Boot Signing: 61482aa2830d0ab2ad5af10b7250da9033ddcef0'
[    8.786613] Loaded X.509 cert 'Canonical Ltd. Secure Boot Signing (2017): 242ade75ac4a15e50d50c84b0d45ff3eae707a03'
[    8.804335] Loaded X.509 cert 'Canonical Ltd. Secure Boot Signing (ESM 2018): 365188c1d374d6b07c3c8f240f8ef722433d6a8b'
[    8.822919] Loaded X.509 cert 'Canonical Ltd. Secure Boot Signing (2019): c0746fd6c5da3ae827864651ad66ae47fe24b3e8'
[    8.840141] Loaded X.509 cert 'Canonical Ltd. Secure Boot Signing (2021 v1): a8d54bbb3825cfb94fa13c9f8a594a195c107b8d'
[    8.858823] Loaded X.509 cert 'Canonical Ltd. Secure Boot Signing (2021 v2): 4cf046892d6fd3c9a5b03f98d845f90851dc6a8c'
[    8.877089] Loaded X.509 cert 'Canonical Ltd. Secure Boot Signing (2021 v3): 100437bb6de6e469b581e61cd66bce3ef4ed53af'
[    8.895530] Loaded X.509 cert 'Canonical Ltd. Secure Boot Signing (Ubuntu Core 2019): c1d57b8f6b743f23ee41f4f7ee292f06eecadfb9'
[    8.943016] Key type .fscrypt registered
[    8.949889] Key type fscrypt-provisioning registered
[    8.968003] Key type encrypted registered
[    8.975804] Loading compiled-in module X.509 certificates
[    8.985784] Loaded X.509 cert 'Build time autogenerated kernel key: 3fa2747ce20c90997bcade15a1cad09daa978788'
[    9.032707] Unstable clock detected, switching default tracing clock to "global"
[    9.032707] If you want to keep using the local clock, then add:
[    9.032707]   "trace_clock=local"
[    9.032707] on the kernel command line
[   11.103546] nvidia: loading out-of-tree module taints kernel.
[   11.112166] nvidia: module verification failed: signature and/or required key missing - tainting kernel
[   11.260414] 
[   11.282661] NVRM: loading NVIDIA UNIX Open Kernel Module for x86_64  580.159.04  Release Build  (dvs-builder@U22-I3-AF04-09-6)  Wed Apr 29 17:15:53 UTC 2026
[   12.331940] NVRM: nvAssertOkFailedNoLog: Assertion failed: Call not supported [NV_ERR_NOT_SUPPORTED] (0x00000056) returned from pRmApi->Control(pRmApi, pGpu->hInternalClient, pGpu->hInternalSubdevice, NV2080_CTRL_CMD_INTERNAL_INIT_USER_SHARED_DATA, &params, sizeof(params)) @ gpu_user_shared_data.c:233
[   12.375384] NVRM: nvAssertOkFailedNoLog: Assertion failed: Call not supported [NV_ERR_NOT_SUPPORTED] (0x00000056) returned from pRmApi->Control(pRmApi, pGpu->hInternalClient, pGpu->hInternalSubdevice, NV2080_CTRL_CMD_INTERNAL_USER_SHARED_DATA_SET_DATA_POLL, &params, sizeof(params)) @ gpu_user_shared_data.c:268
[   12.450833] NVRM: kperfGpuBoostSyncStateInit_IMPL: Failed to read Sync Gpu Boost init state, status=0x56
[   12.471302] NVRM: kperfGpuBoostSyncStateInit_IMPL: Failed to read Sync Gpu Boost init state, status=0x56
[   12.486066] NVRM: nvAssertOkFailedNoLog: Assertion failed: Call not supported [NV_ERR_NOT_SUPPORTED] (0x00000056) returned from pRmApi->Control(pRmApi, pGpu->hInternalClient, pGpu->hInternalSubdevice, NV2080_CTRL_CMD_INTERNAL_CE_GET_PCE_CONFIG_FOR_LCE_TYPE, &pceConfigParams, sizeof(pceConfigParams)) @ kernel_ce.c:1020
[   12.532586] NVRM: nvAssertOkFailedNoLog: Assertion failed: Call not supported [NV_ERR_NOT_SUPPORTED] (0x00000056) returned from kceGetPceConfigForLceType(pGpu, pKCe, NV2080_CTRL_CE_LCE_TYPE_DECOMP, &numPcesPerLce, &numLces, &supportedPceMask, &supportedLceMask, &pcesPerHshub) @ kernel_ce_gp100.c:62
[   12.876215] NVRM: nvCheckOkFailedNoLog: Check failed: Call not supported [NV_ERR_NOT_SUPPORTED] (0x00000056) returned from kgrobjPromoteContext(pGpu, pKernelGraphicsObject, pKernelGraphics) @ kernel_graphics_object.c:224
[   12.912410] NVRM: nvAssertOkFailedNoLog: Assertion failed: Call not supported [NV_ERR_NOT_SUPPORTED] (0x00000056) returned from pRmApi->AllocWithHandle(pRmApi, hClientId, hChannelId, hObj3D, classNum, NULL, 0) @ kernel_graphics.c:2519
[   12.948847] NVRM: vaListDestroy: non-zero mapCount(pVaList): 0x1
[   12.958624] NVRM: vaListDestroy: non-zero mapCount(pVaList): 0x1
[   12.969055] NVRM: vaListDestroy: non-zero mapCount(pVaList): 0x1
[   12.978933] NVRM: vaListDestroy: non-zero mapCount(pVaList): 0x1
[   12.995820] NVRM: nvCheckOkFailedNoLog: Check failed: Call not supported [NV_ERR_NOT_SUPPORTED] (0x00000056) returned from kgraphicsCreateGoldenImageChannel(pGpu, pKernelGraphics) @ kernel_graphics.c:508
[   13.024007] NVRM: nvAssertFailedNoLog: Assertion failed: 0 @ kernel_fifo.c:3129
[   13.053056] NVRM: rpcRmApiAlloc_GSP: GspRmAlloc failed: hClient=0xc1d00009; hParent=0x31415903; hObject=0x31415900; hClass=0x0000c36f; paramsSize=0x00000170; paramsStatus=0x00000056; status=0x00000056
[   13.081403] NVRM: nvAssertOkFailedNoLog: Assertion failed: Call not supported [NV_ERR_NOT_SUPPORTED] (0x00000056) returned from status @ kernel_channel.c:2827
[   13.103798] NVRM: nvAssertOkFailedNoLog: Assertion failed: Call not supported [NV_ERR_NOT_SUPPORTED] (0x00000056) returned from _kchannelSendChannelAllocRpc(pKernelChannel, pChannelGpfifoParams, pKernelChannelGroup, bFullSriov) @ kernel_channel.c:940
[   13.143145] NVRM: nvAssertFailedNoLog: Assertion failed: status == NV_OK @ kernel_rc_watchdog.c:1198
[   13.164233] NVRM: rpcRmApiAlloc_GSP: GspRmAlloc failed: hClient=0xc1d0000a; hParent=0xcaf00001; hObject=0xcaf00002; hClass=0x0000402c; paramsSize=0x00000000; paramsStatus=0x00000056; status=0x00000056
[   13.224386] NVRM: nvCheckOkFailedNoLog: Check failed: Call not supported [NV_ERR_NOT_SUPPORTED] (0x00000056) returned from kbusSendBusInfo(pGpu, GPU_GET_KERNEL_BUS(pGpu), &pBusInfos[i]) @ kern_bus_ctrl.c:333
[   13.255132] NVRM: nvCheckOkFailedNoLog: Check failed: Call not supported [NV_ERR_NOT_SUPPORTED] (0x00000056) returned from kbusSendBusInfo(pGpu, GPU_GET_KERNEL_BUS(pGpu), &pBusInfos[i]) @ kern_bus_ctrl.c:333
[   13.289599] NVRM: nvCheckOkFailedNoLog: Check failed: Call not supported [NV_ERR_NOT_SUPPORTED] (0x00000056) returned from kbusSendBusInfo(pGpu, GPU_GET_KERNEL_BUS(pGpu), &pBusInfos[i]) @ kern_bus_ctrl.c:333
[   13.329842] NVRM: nvCheckOkFailedNoLog: Check failed: Call not supported [NV_ERR_NOT_SUPPORTED] (0x00000056) returned from kbusSendBusInfo(pGpu, GPU_GET_KERNEL_BUS(pGpu), &pBusInfos[i]) @ kern_bus_ctrl.c:333
[   13.361832] NVRM: nvCheckOkFailedNoLog: Check failed: Call not supported [NV_ERR_NOT_SUPPORTED] (0x00000056) returned from kbusSendBusInfo(pGpu, GPU_GET_KERNEL_BUS(pGpu), &pBusInfos[i]) @ kern_bus_ctrl.c:333
[   13.392833] NVRM: nvCheckOkFailedNoLog: Check failed: Call not supported [NV_ERR_NOT_SUPPORTED] (0x00000056) returned from kbusSendBusInfo(pGpu, GPU_GET_KERNEL_BUS(pGpu), &pBusInfos[i]) @ kern_bus_ctrl.c:333
[   13.425538] NVRM: nvCheckOkFailedNoLog: Check failed: Call not supported [NV_ERR_NOT_SUPPORTED] (0x00000056) returned from kbusSendBusInfo(pGpu, GPU_GET_KERNEL_BUS(pGpu), &pBusInfos[i]) @ kern_bus_ctrl.c:333
[   13.452538] NVRM: nvCheckOkFailedNoLog: Check failed: Call not supported [NV_ERR_NOT_SUPPORTED] (0x00000056) returned from kbusSendBusInfo(pGpu, GPU_GET_KERNEL_BUS(pGpu), &pBusInfos[i]) @ kern_bus_ctrl.c:333
[   13.479075] NVRM: nvCheckOkFailedNoLog: Check failed: Call not supported [NV_ERR_NOT_SUPPORTED] (0x00000056) returned from kbusSendBusInfo(pGpu, GPU_GET_KERNEL_BUS(pGpu), &pBusInfos[i]) @ kern_bus_ctrl.c:333
[   13.505506] NVRM: nvCheckOkFailedNoLog: Check failed: Call not supported [NV_ERR_NOT_SUPPORTED] (0x00000056) returned from kbusSendBusInfo(pGpu, GPU_GET_KERNEL_BUS(pGpu), &pBusInfos[i]) @ kern_bus_ctrl.c:333
[   13.532552] NVRM: nvCheckOkFailedNoLog: Check failed: Call not supported [NV_ERR_NOT_SUPPORTED] (0x00000056) returned from kbusSendBusInfo(pGpu, GPU_GET_KERNEL_BUS(pGpu), &pBusInfos[i]) @ kern_bus_ctrl.c:333
[   13.559507] NVRM: nvCheckOkFailedNoLog: Check failed: Call not supported [NV_ERR_NOT_SUPPORTED] (0x00000056) returned from kbusSendBusInfo(pGpu, GPU_GET_KERNEL_BUS(pGpu), &pBusInfos[i]) @ kern_bus_ctrl.c:333
[   13.586498] NVRM: nvCheckOkFailedNoLog: Check failed: Call not supported [NV_ERR_NOT_SUPPORTED] (0x00000056) returned from kbusSendBusInfo(pGpu, GPU_GET_KERNEL_BUS(pGpu), &pBusInfos[i]) @ kern_bus_ctrl.c:333
[   13.613039] NVRM: nvCheckOkFailedNoLog: Check failed: Call not supported [NV_ERR_NOT_SUPPORTED] (0x00000056) returned from kbusSendBusInfo(pGpu, GPU_GET_KERNEL_BUS(pGpu), &pBusInfos[i]) @ kern_bus_ctrl.c:333
[   13.639598] NVRM: nvCheckOkFailedNoLog: Check failed: Call not supported [NV_ERR_NOT_SUPPORTED] (0x00000056) returned from kbusSendBusInfo(pGpu, GPU_GET_KERNEL_BUS(pGpu), &pBusInfos[i]) @ kern_bus_ctrl.c:333
[   13.666041] NVRM: nvCheckOkFailedNoLog: Check failed: Call not supported [NV_ERR_NOT_SUPPORTED] (0x00000056) returned from kbusSendBusInfo(pGpu, GPU_GET_KERNEL_BUS(pGpu), &pBusInfos[i]) @ kern_bus_ctrl.c:333
[   13.692561] NVRM: nvCheckOkFailedNoLog: Check failed: Call not supported [NV_ERR_NOT_SUPPORTED] (0x00000056) returned from kbusSendBusInfo(pGpu, GPU_GET_KERNEL_BUS(pGpu), &pBusInfos[i]) @ kern_bus_ctrl.c:333
[   13.719217] NVRM: nvCheckOkFailedNoLog: Check failed: Call not supported [NV_ERR_NOT_SUPPORTED] (0x00000056) returned from kbusSendBusInfo(pGpu, GPU_GET_KERNEL_BUS(pGpu), &pBusInfos[i]) @ kern_bus_ctrl.c:333
[   13.746099] NVRM: nvCheckOkFailedNoLog: Check failed: Call not supported [NV_ERR_NOT_SUPPORTED] (0x00000056) returned from kbusSendBusInfo(pGpu, GPU_GET_KERNEL_BUS(pGpu), &pBusInfos[i]) @ kern_bus_ctrl.c:333
[   13.772598] NVRM: nvCheckOkFailedNoLog: Check failed: Call not supported [NV_ERR_NOT_SUPPORTED] (0x00000056) returned from kbusSendBusInfo(pGpu, GPU_GET_KERNEL_BUS(pGpu), &pBusInfos[i]) @ kern_bus_ctrl.c:333
[   17.171159] NVRM: nvAssertFailedNoLog: Assertion failed: (status == NV_OK) || (status == NV_ERR_GPU_IN_FULLCHIP_RESET) @ fecs_event_list.c:1623
[   17.193193] NVRM: nvCheckOkFailedNoLog: Check failed: Call not supported [NV_ERR_NOT_SUPPORTED] (0x00000056) returned from pRmApi->Control(pRmApi, pGpu->hInternalClient, pGpu->hInternalSubdevice, NV2080_CTRL_CMD_INTERNAL_INIT_USER_SHARED_DATA, &params, sizeof(params)) @ gpu_user_shared_data.c:213
[   17.301713] reboot: Power down
