dbus-update-activation-environment: setting DBUS_SESSION_BUS_ADDRESS=unix:path=/run/user/1000/bus
dbus-update-activation-environment: setting DISPLAY=:0
dbus-update-activation-environment: setting XAUTHORITY=/home/ubuntu/.Xauthority
/etc/X11/Xsession.d/30x11-common_xresources: line 16: has_option: command not found
/etc/X11/Xsession.d/75dbus_dbus-launch: line 9: has_option: command not found
dbus-update-activation-environment: setting QT_ACCESSIBILITY=1
/etc/X11/Xsession.d/90x11-common_ssh-agent: line 9: has_option: command not found
dbus-update-activation-environment: setting SHELL=/bin/bash
dbus-update-activation-environment: setting QT_ACCESSIBILITY=1
dbus-update-activation-environment: setting XDG_CONFIG_DIRS=/etc/xdg/xdg-cinnamon:/etc/xdg
dbus-update-activation-environment: setting LANGUAGE=en
dbus-update-activation-environment: setting DESKTOP_SESSION=cinnamon
dbus-update-activation-environment: setting PWD=/home/ubuntu
dbus-update-activation-environment: setting XDG_SESSION_DESKTOP=cinnamon
dbus-update-activation-environment: setting LOGNAME=ubuntu
dbus-update-activation-environment: setting XDG_SESSION_TYPE=x11
dbus-update-activation-environment: setting GPG_AGENT_INFO=/run/user/1000/gnupg/S.gpg-agent:0:1
dbus-update-activation-environment: setting XAUTHORITY=/home/ubuntu/.Xauthority
dbus-update-activation-environment: setting XDG_GREETER_DATA_DIR=/var/lib/lightdm-data/ubuntu
dbus-update-activation-environment: setting GDM_LANG=en
dbus-update-activation-environment: setting HOME=/home/ubuntu
dbus-update-activation-environment: setting LANG=C.UTF-8
dbus-update-activation-environment: setting XDG_SESSION_CLASS=user
dbus-update-activation-environment: setting USER=ubuntu
dbus-update-activation-environment: setting DISPLAY=:0
dbus-update-activation-environment: setting SHLVL=0
dbus-update-activation-environment: setting XDG_RUNTIME_DIR=/run/user/1000
dbus-update-activation-environment: setting XDG_DATA_DIRS=/usr/share/cinnamon:/usr/share/gnome:/usr/local/share:/usr/share:/var/lib/snapd/desktop
dbus-update-activation-environment: setting PATH=/usr/local/sbin:/usr/local/bin:/usr/sbin:/usr/bin:/sbin:/bin:/usr/games:/usr/local/games:/snap/bin
dbus-update-activation-environment: setting GDMSESSION=cinnamon
dbus-update-activation-environment: setting DBUS_SESSION_BUS_ADDRESS=unix:path=/run/user/1000/bus
dbus-update-activation-environment: setting _=/usr/bin/dbus-update-activation-environment

** (csd-settings-remap:2760): WARNING **: 19:06:06.287: Skipping schema 'org.gnome.settings-daemon.plugins.xsettings' - doesn't exist
[cinnamon-settings-daemon-smartcard] Failed to start: no suitable smartcard driver could be found
[cinnamon-settings-daemon-smartcard] Failed to start: no suitable smartcard driver could be found
dbus-daemon[2801]: Activating service name='org.a11y.atspi.Registry' requested by ':1.1' (uid=1000 pid=2770 comm="/usr/bin/csd-clipboard" label="unconfined")
dbus-daemon[2801]: Successfully activated service 'org.a11y.atspi.Registry'

** (csd-color:2776): WARNING **: 19:06:06.873: There is no colord server available

(cinnamon:2902): mutter-WARNING **: 19:06:10.772: Property 'libinput Accel Profile Enabled Default' for device 'VirtualPS/2 VMware VMMouse' returned 3 items, expected 2

(cinnamon:2902): mutter-WARNING **: 19:06:10.772: Property 'libinput Accel Profiles Available' for device 'VirtualPS/2 VMware VMMouse' returned 3 items, expected 2

(cinnamon:2902): mutter-WARNING **: 19:06:10.773: Property 'libinput Accel Profile Enabled' for device 'VirtualPS/2 VMware VMMouse' returned 3 items, expected 2

(cinnamon:2902): mutter-WARNING **: 19:06:10.815: Property 'libinput Accel Profile Enabled Default' for device 'VirtualPS/2 VMware VMMouse' returned 3 items, expected 2

(cinnamon:2902): mutter-WARNING **: 19:06:10.816: Property 'libinput Accel Profiles Available' for device 'VirtualPS/2 VMware VMMouse' returned 3 items, expected 2
Gjs-Message: 19:06:10.921: Profiler is disabled. Not setting up signals.
Gjs-Message: 19:06:11.304: JS LOG: About to start Cinnamon (X11 backend)
Gjs-Message: 19:06:11.374: JS LOG: [LookingGlass/info] Cinnamon.AppSystem.get_default() started in 65 ms
Gjs-Message: 19:06:11.379: JS LOG: [LookingGlass/info] loading default theme
Gjs-Message: 19:06:11.747: JS LOG: [LookingGlass/info] loaded at Sat Oct 03 2026 19:06:11 GMT+0000 (Coordinated Universal Time)
Gjs-Message: 19:06:11.747: JS LOG: Cinnamon started at Sat Oct 03 2026 19:06:11 GMT+0000 (Coordinated Universal Time)
Gjs-Message: 19:06:11.789: JS LOG: [LookingGlass/info] ExtensionSystem started in 2 ms
Gjs-Message: 19:06:11.790: JS LOG: [LookingGlass/info] DeskletManager started in 3 ms
Gjs-Message: 19:06:11.790: JS LOG: [LookingGlass/info] SearchProviderManager started in 3 ms

(cinnamon:2902): mutter-WARNING **: 19:06:11.838: Property 'libinput Accel Profile Enabled Default' for device 'VirtualPS/2 VMware VMMouse' returned 3 items, expected 2

(cinnamon:2902): mutter-WARNING **: 19:06:11.839: Property 'libinput Accel Profiles Available' for device 'VirtualPS/2 VMware VMMouse' returned 3 items, expected 2

** (at-spi2-registryd:2835): WARNING **: 19:06:11.925: Failed to register client: GDBus.Error:org.gnome.SessionManager.AlreadyRegistered: Unable to register client

** (at-spi2-registryd:2835): WARNING **: 19:06:11.925: Unable to register client with session manager
Gjs-Message: 19:06:12.084: JS LOG: [LookingGlass/info] Loaded applet separator@cinnamon.org in 97 ms
Gjs-Message: 19:06:12.097: JS LOG: [LookingGlass/info] Role locked: tray
Gjs-Message: 19:06:12.107: JS LOG: [LookingGlass/info] Loaded applet systray@cinnamon.org in 23 ms
Gjs-Message: 19:06:12.129: JS LOG: [LookingGlass/info] Loaded applet removable-drives@cinnamon.org in 21 ms

** (nemo-desktop:3229): WARNING **: 19:06:12.234: Current gtk theme is not known to have nemo support (Adwaita) - checking...

** (nemo-desktop:3229): WARNING **: 19:06:12.358: The theme appears to have no nemo support.  Adding some...
** Message: 19:06:12.375: nemo-desktop: session is cinnamon, establishing proxy
Gjs-Message: 19:06:12.475: JS LOG: [LookingGlass/info] Loaded applet printers@cinnamon.org in 334 ms
Gjs-Message: 19:06:12.491: JS LOG: [LookingGlass/info] Loaded applet xapp-status@cinnamon.org in 14 ms
Gjs-Message: 19:06:12.529: JS LOG: [LookingGlass/info] Loaded applet favorites@cinnamon.org in 38 ms
Gjs-Message: 19:06:12.603: JS LOG: [LookingGlass/info] Loaded applet calendar@cinnamon.org in 74 ms
Gjs-Message: 19:06:12.622: JS LOG: [LookingGlass/info] Loaded applet cornerbar@cinnamon.org in 17 ms
Gjs-Message: 19:06:12.632: JS LOG: [LookingGlass/info] Role locked: notifications
Gjs-Message: 19:06:12.643: JS LOG: [LookingGlass/info] Loaded applet notifications@cinnamon.org in 21 ms

(cinnamon:2902): XApp-WARNING **: 19:06:12.704: Could not spawn StatusNotifier watcher (xapp-sn-watcher): Failed to execute child process “/usr/lib/x86_64-linux-gnu/xapps/xapp-sn-watcher” (No such file or directory)

(cinnamon:2902): XApp-WARNING **: 19:06:12.704: Support will be limited to native XAppStatusIcons only
Gjs-Message: 19:06:12.752: JS LOG: [LookingGlass/info] Loaded applet keyboard@cinnamon.org in 109 ms
Gjs-Message: 19:06:12.772: JS LOG: [LookingGlass/info] Role locked: panellauncher
Gjs-Message: 19:06:12.772: JS LOG: [LookingGlass/info] Role locked: windowattentionhandler
Gjs-Message: 19:06:12.778: JS LOG: [LookingGlass/info] Loaded applet grouped-window-list@cinnamon.org in 25 ms
Gjs-Message: 19:06:12.807: JS LOG: [LookingGlass/info] Loaded applet power@cinnamon.org in 29 ms
Gjs-Message: 19:06:12.881: JS LOG: [LookingGlass/info] Loaded applet sound@cinnamon.org in 74 ms

** (csd-power:2781): CRITICAL **: 19:06:12.902: abs_to_percentage: assertion 'max > min' failed
Gjs-Message: 19:06:12.927: JS LOG: [LookingGlass/info] Loaded applet network@cinnamon.org in 46 ms
Gjs-Message: 19:06:12.931: JS LOG: [LookingGlass/info] Hiding systray: network
cinnamon-session[2709]: WARNING: t+6.95034s: Detected that screensaver has appeared on the bus
Gjs-Message: 19:06:13.085: JS LOG: [LookingGlass/info] Loaded applet menu@cinnamon.org in 158 ms
Gjs-Message: 19:06:13.086: JS LOG: [LookingGlass/info] AppletManager started in 1336 ms
Gjs-Message: 19:06:13.091: JS LOG: [LookingGlass/info] Cinnamon took 1787 ms to start
Gjs-Message: 19:06:13.166: JS LOG: Unknown network device type, is 32
Exception in thread Thread-2 (wait_for_process):
Traceback (most recent call last):
  File "/usr/lib/python3.12/threading.py", line 1073, in _bootstrap_inner
    self.run()
  File "/usr/lib/python3.12/threading.py", line 1010, in run
    self._target(*self._args, **self._kwargs)
  File "/usr/bin/cinnamon-launcher", line 88, in wait_for_process
    os.execvp(FALLBACK_COMMAND, (FALLBACK_COMMAND,) + FALLBACK_ARGS)
  File "<frozen os>", line 580, in execvp
  File "<frozen os>", line 622, in _execvpe
  File "<frozen os>", line 613, in _execvpe
FileNotFoundError: [Errno 2] No such file or directory
/usr/bin/cinnamon-launcher:82: DeprecationWarning: This process (pid=2894) is multi-threaded, use of fork() may lead to deadlocks in the child.
  self.fb_pid = os.fork()
cinnamon-session[2709]: WARNING: t+36.97341s: Detected that screensaver has left the bus
