V3_GATES_START 2026-09-26T21:09:29+00:00
HEAD=59cc98a9 dirty=0
GPU=NVIDIA GeForce RTX 4070, 580.159.04
warning: variable does not need to be mutable
   --> crates/kf-harness/src/bin/kf-gate4.rs:352:9
    |
352 |     let mut plane = Plane::for_family(&vmm, TOKEN_TABLE, (TOKEN_TABLE - 1) as u32, kf_chip::Family::Ampere, 16 << 20);
    |         ----^^^^^
    |         |
    |         help: remove this `mut`
    |
    = note: `#[warn(unused_mut)]` (part of `#[warn(unused)]`) on by default

warning: variable does not need to be mutable
   --> crates/kf-harness/src/bin/kf-gate9.rs:386:9
    |
386 |     let mut gpu_at = |n: u64, v: &mut Vec<u64>, us: u64| {
    |         ----^^^^^^
    |         |
    |         help: remove this `mut`
    |
    = note: `#[warn(unused_mut)]` (part of `#[warn(unused)]`) on by default

=== kf-gate1
MEASURE session driver 580.159.04
MEASURE channel tsg=0xcafe000a chan=0xcafe000b token=0x4
MEASURE ce_notifiers_armed CE0:true CE1:true CE2:true CE3:true CE4:true CE5:true CE6:true CE7:true CE8:true CE9:true
MEASURE quiet wakes=0 in 300 ms with nothing submitted
CHECK none_arm_work_completes PASS Submitted { wakes: 0, early_wakes: 0, seen_at_wake: false, event_us: 300708, ce_released: true, fence_landed: true }
MEASURE none_arm_wakes wakes=0 (an edge with no trigger of ours = someone else's)
CHECK ce_intr_arm_work_completes PASS Submitted { wakes: 1, early_wakes: 0, seen_at_wake: true, event_us: 71, ce_released: true, fence_landed: true }
MEASURE ce_intr_arm_edge seen_at_wake=true wakes=1 after_us=71
CHECK bytes_copied_by_engine PASS 20 copies x 1024 words, 0 wrong
CHECK nsi_completion_seen_at_wake PASS 20/20 fences read AT a wake; early_wakes=0; us p50=40 p90=204 max=224
GATE1_VERDICT=PASS
=== kf-gate2
MEASURE store store 0xcafe0004 256 MiB contiguous_aligned=true imported into the walker
MEASURE publish_first diff_runs=2 mapped=2 unmapped=0 refused=0 invalidated=true gpu_us=87 us=372
CHECK first_publish_maps_the_guest_ranges PASS 2 runs mapped (want 2 coalesced)
CHECK copy1_completes_by_event PASS Submitted { wakes: 1, early_wakes: 0, seen_at_wake: true, event_us: 41, ce_released: true, fence_landed: true }
CHECK copy1_lands_where_the_guest_mapped_it PASS DATA_B == DATA_A pattern
MEASURE publish_unchanged diff_runs=0 mapped=0 unmapped=0 refused=0 invalidated=false gpu_us=84 us=251
CHECK unchanged_tables_change_nothing PASS diff_runs=0 mapped=0 unmapped=0
MEASURE publish_remap diff_runs=2 mapped=1 unmapped=1 refused=0 invalidated=true gpu_us=86 us=225
CHECK remap_reconciles PASS mapped=1 unmapped=1
CHECK copy2_completes_by_event PASS Submitted { wakes: 2, early_wakes: 1, seen_at_wake: true, event_us: 39, ce_released: true, fence_landed: true }
CHECK copy2_follows_the_remap PASS DATA_C == DATA_A pattern
CHECK old_target_untouched PASS DATA_B still zero
GATE2_VERDICT=PASS
=== kf-gate3
MEASURE identity_window base=0x1fffff0000000 bytes=0x10000000 us=56 (GROWS_DOWN, read back)
MEASURE ram_window base=0x1ffffec000000 bytes=0x4000000 us=32114
CHECK windows_distinct PASS fb=0x1fffff0000000 ram=0x1ffffec000000
MEASURE publish_boot diff_runs=1 mapped=1 unmapped=0 refused=0 us=578
CHECK kernel_vas_published PASS 1 runs
MEASURE publish_at_split diff_runs=1 mapped=1 unmapped=0 refused=0 us=404
MEASURE translated fetched=3 submissions=3 splits=1 wakes=3 pumps=4 us=564
CHECK forwarded_per_token PASS fetched=3 submissions=3
CHECK fill_zeroed_by_engine PASS FILL all zero (was 0xAB)
CHECK phys_copy_by_engine PASS DST == SRC pattern
CHECK split_walked_the_named_root PASS walks=[Some(1000000)] root=0x1000000
CHECK virtual_copy_after_split PASS DST2 == NEW pattern (read through VA_NEW)
CHECK sysmem_to_fb_by_engine FAIL DST3 == guest-RAM R_SRC pattern
CHECK fb_to_sysmem_by_engine FAIL guest-RAM R_DST == SRC pattern
CHECK guest_semaphore_written_natively PASS sem=0x5c0b0003 want=0x5c0b0003
CHECK gp_get_authored_on_completion PASS guest GP_GET=3
CHECK hostile_entry_refused_by_name PASS Err(Ring(Rewrite { gp: 3, why: PeerOperand }))
CHECK hostile_entry_not_retired PASS guest GP_GET=3
GATE3_VERDICT=FAIL
=== kf-gate4
MEASURE windows fb=0x1fffff0000000 ram=0x1ffffec000000
kf-host: map_scattered 192 pieces 0xc0000 bytes: stitch 635 us, descriptor 172 us, hand view to reaper 56 us, map 46 us
CHECK kernel_vas_published_as_sysmem PASS 192 runs (sysmem rows), want 192
CHECK scattered_sysmem_rows_placed_as_one_batch PASS batches=1 batched_runs=192 map_verbs=1 fallbacks=0 None
MEASURE plane us=56001 served=141 parks=225 host_rings=71 vcpu_wakes=65 per_channel=[ch0:(24, 24, 1) ch1:(24, 24, 0) ch2:(24, 24, 0)]
CHECK no_channel_died PASS 
CHECK translated_never_forged PASS forged=0 poisoned=0 (§8: the GPU writes a Translated completion)
CHECK pump_never_contended PASS 0 contended serves
CHECK hostile_rings_produce_no_action PASS 0 of 200000
CHECK every_copy_landed PASS 0 of 72 wrong []
CHECK channel_retired_and_released FAIL ch0: GP_GET=24 sem=0 (in guest RAM at the SCATTERED page, written by the engine through the batch)
CHECK channel_retired_and_released FAIL ch1: GP_GET=24 sem=0 (in guest RAM at the SCATTERED page, written by the engine through the batch)
CHECK channel_retired_and_released FAIL ch2: GP_GET=24 sem=0 (in guest RAM at the SCATTERED page, written by the engine through the batch)
CHECK split_walked_once_on_a_worker PASS walks=[Some(1000000)]
CHECK a_piece_of_a_batch_unmaps_alone PASS unmapped=1 unmap_verbs=1 booked=1 frees=0
CHECK teardown_is_ranges_and_frees_the_batch PASS unmapped=191 ranges=2 unmap_verbs=2 booked=0 frees=1 rows_left=0
GATE4_VERDICT=FAIL
=== kf-gate5
CHECK process_vas_mirrored PASS diff_runs=3 mapped=3 refused=0
MEASURE birth token=0x18 us=2150
CHECK rm_adopted_the_guest_userd PASS the poisoned block is zeroed ⇒ it IS the twin's USERD
CHECK every_ring_was_inline PASS 0 of 32 took another arm
CHECK engine_ran_the_guest_ring_unparsed PASS 32 virtual copies through the mirrored process VAS
CHECK hardware_advanced_the_guest_gp_get PASS guest USERD GP_GET=32 (written by the engine, not by us)
CHECK no_worker_ever_saw_the_token PASS bits=[] wake_seq=0
MEASURE ring_to_semaphore_us p50=4 p90=4 max=16 (includes the harness's DtoH poll)
CHECK stop_verbs_unprivileged PASS DISABLE_CHANNELS(disable) + GPFIFO_SCHEDULE(false) on our own twin: Ok(()) (426 us)
CHECK stopped_twin_runs_no_new_work PASS work queued + rung after the stop: sem=0x20 (want 0x20 = untouched)
CHECK restart_verbs_unprivileged PASS DISABLE_CHANNELS(enable) + GPFIFO_SCHEDULE(true): Ok(()) (342 us)
MEASURE restart_picks_up_pending_work_without_a_doorbell true
CHECK restarted_twin_runs_again PASS sem=0x21 (want 0x21)
CHECK preempt_verb_unprivileged PASS NVA06C PREEMPT(bWait=1) on our own group: Ok(()) (178 us)
CHECK preempted_twin_still_schedulable PASS sem=0x22 (want 0x22)
CHECK preempt_of_a_stopped_group PASS Ok(())
GATE5_VERDICT=PASS
=== kf-gate6
CHECK process_vas_mirrored PASS diff_runs=3 mapped=3 refused=0
MEASURE birth token=0x18 us=3033
CHECK rm_adopted_the_guest_userd PASS the poisoned block is zeroed ⇒ it IS the twin's USERD
CHECK every_ring_was_inline PASS 0 of 32 took another arm
CHECK gr_ran_the_guest_ring_unparsed PASS 32 I2M literal writes through the mirrored process VAS
CHECK hardware_advanced_the_guest_gp_get PASS guest USERD GP_GET=32 (written by the engine, not by us)
CHECK no_worker_ever_saw_the_token PASS bits=[] wake_seq=0
MEASURE ring_to_semaphore_us p50=65 p90=66 max=100 (includes the harness's DtoH poll)
GATE6_VERDICT=PASS
=== kf-gate7
MEASURE store store 0xcafe0004 256 MiB contiguous_aligned=true imported into the walker
MEASURE publish_first diff_runs=2 mapped=2 unmapped=0 refused=0 invalidated=true gpu_us=94 us=289
CHECK first_publish_maps_the_guest_ranges PASS 2 runs mapped (want 2 coalesced)
CHECK copy1_completes_by_event PASS Submitted { wakes: 1, early_wakes: 0, seen_at_wake: true, event_us: 33, ce_released: true, fence_landed: true }
CHECK copy1_lands_where_the_guest_mapped_it PASS DATA_B == DATA_A pattern
MEASURE publish_unchanged diff_runs=0 mapped=0 unmapped=0 refused=0 invalidated=false gpu_us=91 us=1078
CHECK unchanged_tables_change_nothing PASS diff_runs=0 mapped=0 unmapped=0
MEASURE publish_remap diff_runs=2 mapped=1 unmapped=1 refused=0 invalidated=true gpu_us=95 us=264
CHECK remap_reconciles PASS mapped=1 unmapped=1
CHECK copy2_completes_by_event PASS Submitted { wakes: 2, early_wakes: 1, seen_at_wake: true, event_us: 40, ce_released: true, fence_landed: true }
CHECK copy2_follows_the_remap PASS DATA_C == DATA_A pattern
CHECK old_target_untouched PASS DATA_B still zero
GATE7_VERDICT=PASS
=== kf-gate8
MEASURE store store 0xcafe0004 256 MiB contiguous_aligned=true
MEASURE ver2_round1 Round { saw: VcpuSaw { trap_ns: [7023], published: 1, cleared: true, spin_us: 284 }, walk_wakes: 1, collected: 1, applied: [(VasKey(1), 2, 0)], superseded: 0, cleared: 1 }
CHECK ver2_first_invalidate_maps_the_guest_ranges PASS mapped=2 (want 2 coalesced) cleared=1 stats=VaStats { walks_submitted: 1, walks_reconciled: 1, walks_refused: 0, spaces_reconciled: 1, mapped: 2, unmapped: 0, batches: 0, batched_runs: 0, range_unmaps: 0, batch_fallbacks: 0, host_invalidates: 1, cleared: 1, superseded: 0, already_idle: 0, named_missed: 0, unreconciled: 0, refusals: [], submit_ns_max: 25899, clipped_bytes: 0, timing: VaTiming { invals: 1, inval_ns: 277864, inval_ns_max: 277864, walks: 1, walk_ns: 143781, gpu_us: 82, plan_ns: 0, apply_ns: 104326, leaves_last: 2, host_calls: 3 }, splits: 0, split_missed: 0, held: 0, vmm_overlaps: 0, deferred_clears: 0, usermode_trapped: 0, usermode_unmirrored: 0, partial: 0, no_slot: 0, walk_refused_spaces: 0, splits_unsettled: 0, priv_withheld: 0, priv_withheld_bytes: 0, priv_mirrored: 0 }
CHECK ver2_vcpu_saw_the_clear PASS spin 284 us, published 1
CHECK ver2_completion_arrived_as_an_fd_wake PASS walk wakes=1 collected=1
CHECK ver2_copy1_completes_by_event PASS Submitted { wakes: 1, early_wakes: 0, seen_at_wake: true, event_us: 42, ce_released: true, fence_landed: true }
CHECK ver2_copy1_lands_where_the_guest_mapped_it PASS DATA_B == DATA_A pattern
MEASURE ver2_round2 Round { saw: VcpuSaw { trap_ns: [4759], published: 1, cleared: true, spin_us: 224 }, walk_wakes: 1, collected: 1, applied: [(VasKey(1), 1, 1)], superseded: 0, cleared: 1 }
CHECK ver2_remap_reconciles_before_the_clear PASS mapped=1 unmapped=1 cleared=1
CHECK ver2_copy2_completes_by_event PASS Submitted { wakes: 2, early_wakes: 1, seen_at_wake: true, event_us: 23, ce_released: true, fence_landed: true }
CHECK ver2_copy2_follows_the_remap PASS DATA_C == DATA_A pattern, DATA_B still zero
MEASURE ver2_round3 Round { saw: VcpuSaw { trap_ns: [3727, 711], published: 2, cleared: true, spin_us: 268 }, walk_wakes: 2, collected: 2, applied: [(VasKey(1), 0, 0), (VasKey(1), 0, 0)], superseded: 1, cleared: 1 }
CHECK ver2_a_rearmed_trigger_is_superseded_not_cleared PASS published=2 superseded=1 cleared=1
CHECK ver2_named_missed_is_counted_and_cleared_without_a_walk PASS named_missed 0->1 walks 4->4
MEASURE ver2_round5 Round { saw: VcpuSaw { trap_ns: [4558], published: 1, cleared: true, spin_us: 218 }, walk_wakes: 1, collected: 1, applied: [(VasKey(1), 0, 0), (VasKey(2), 1, 0)], superseded: 0, cleared: 1 }
CHECK ver2_all_pdb_reconciles_every_rooted_space PASS applied=[(VasKey(1), 0, 0), (VasKey(2), 1, 0)] second_resolves=Some((false, 33554432))
MEASURE trigger_trap ver2 worst=7us ceiling=1000us
CHECK ver2_trigger_trap_is_under_the_ceiling PASS worst trigger trap 7 us
MEASURE walk_submit ver2 walks=5 submit_us p50=16 max=27 budget=50 (met) gpu_us=[82, 87, 81, 79, 86] graph=true param_updates=2 submit_ns=[24677, 15730, 16030, 11021, 27381]
CHECK ver2_the_walk_never_blocked_its_submitter PASS cuCtxSynchronize calls=0; walks still on the GPU when submit returned: 5/5 (submit_ns=[24677, 15730, 16030, 11021, 27381] gpu_us=[82, 87, 81, 79, 86])
CHECK ver2_every_host_op_ran_while_the_guest_saw_busy PASS stats=VaStats { walks_submitted: 5, walks_reconciled: 5, walks_refused: 0, spaces_reconciled: 6, mapped: 4, unmapped: 1, batches: 0, batched_runs: 0, range_unmaps: 0, batch_fallbacks: 0, host_invalidates: 3, cleared: 5, superseded: 1, already_idle: 0, named_missed: 1, unreconciled: 0, refusals: [], submit_ns_max: 28494, clipped_bytes: 0, timing: VaTiming { invals: 5, inval_ns: 1092186, inval_ns_max: 277864, walks: 5, walk_ns: 621000, gpu_us: 415, plan_ns: 0, apply_ns: 243448, leaves_last: 1, host_calls: 8 }, splits: 0, split_missed: 0, held: 0, vmm_overlaps: 0, deferred_clears: 0, usermode_trapped: 0, usermode_unmirrored: 0, partial: 0, no_slot: 0, walk_refused_spaces: 0, splits_unsettled: 0, priv_withheld: 0, priv_withheld_bytes: 0, priv_mirrored: 0 }
CHECK ver2_nothing_refused PASS refusals=[]
MEASURE ver3_round1 Round { saw: VcpuSaw { trap_ns: [4227], published: 1, cleared: true, spin_us: 277 }, walk_wakes: 1, collected: 1, applied: [(VasKey(1), 2, 0)], superseded: 0, cleared: 1 }
CHECK ver3_first_invalidate_maps_the_guest_ranges PASS mapped=2 (want 2 coalesced) cleared=1 stats=VaStats { walks_submitted: 1, walks_reconciled: 1, walks_refused: 0, spaces_reconciled: 1, mapped: 2, unmapped: 0, batches: 0, batched_runs: 0, range_unmaps: 0, batch_fallbacks: 0, host_invalidates: 1, cleared: 1, superseded: 0, already_idle: 0, named_missed: 0, unreconciled: 0, refusals: [], submit_ns_max: 29005, clipped_bytes: 0, timing: VaTiming { invals: 1, inval_ns: 271081, inval_ns_max: 271081, walks: 1, walk_ns: 136767, gpu_us: 93, plan_ns: 0, apply_ns: 102172, leaves_last: 2, host_calls: 3 }, splits: 0, split_missed: 0, held: 0, vmm_overlaps: 0, deferred_clears: 0, usermode_trapped: 0, usermode_unmirrored: 0, partial: 0, no_slot: 0, walk_refused_spaces: 0, splits_unsettled: 0, priv_withheld: 0, priv_withheld_bytes: 0, priv_mirrored: 0 }
CHECK ver3_vcpu_saw_the_clear PASS spin 277 us, published 1
CHECK ver3_completion_arrived_as_an_fd_wake PASS walk wakes=1 collected=1
CHECK ver3_copy1_completes_by_event PASS Submitted { wakes: 1, early_wakes: 0, seen_at_wake: true, event_us: 41, ce_released: true, fence_landed: true }
CHECK ver3_copy1_lands_where_the_guest_mapped_it PASS DATA_B == DATA_A pattern
MEASURE ver3_round2 Round { saw: VcpuSaw { trap_ns: [4569], published: 1, cleared: true, spin_us: 222 }, walk_wakes: 1, collected: 1, applied: [(VasKey(1), 1, 1)], superseded: 0, cleared: 1 }
CHECK ver3_remap_reconciles_before_the_clear PASS mapped=1 unmapped=1 cleared=1
CHECK ver3_copy2_completes_by_event PASS Submitted { wakes: 2, early_wakes: 1, seen_at_wake: true, event_us: 23, ce_released: true, fence_landed: true }
CHECK ver3_copy2_follows_the_remap PASS DATA_C == DATA_A pattern, DATA_B still zero
MEASURE ver3_round3 Round { saw: VcpuSaw { trap_ns: [4659, 881], published: 2, cleared: true, spin_us: 286 }, walk_wakes: 2, collected: 2, applied: [(VasKey(1), 0, 0), (VasKey(1), 0, 0)], superseded: 1, cleared: 1 }
CHECK ver3_a_rearmed_trigger_is_superseded_not_cleared PASS published=2 superseded=1 cleared=1
CHECK ver3_named_missed_is_counted_and_cleared_without_a_walk PASS named_missed 0->1 walks 4->4
MEASURE ver3_round5 Round { saw: VcpuSaw { trap_ns: [4608], published: 1, cleared: true, spin_us: 251 }, walk_wakes: 1, collected: 1, applied: [(VasKey(1), 0, 0), (VasKey(2), 1, 0)], superseded: 0, cleared: 1 }
CHECK ver3_all_pdb_reconciles_every_rooted_space PASS applied=[(VasKey(1), 0, 0), (VasKey(2), 1, 0)] second_resolves=Some((false, 33554432))
MEASURE trigger_trap ver3 worst=4us ceiling=1000us
CHECK ver3_trigger_trap_is_under_the_ceiling PASS worst trigger trap 4 us
MEASURE walk_submit ver3 walks=5 submit_us p50=16 max=29 budget=50 (met) gpu_us=[93, 98, 91, 88, 98] graph=true param_updates=2 submit_ns=[27682, 16521, 14708, 10309, 29466]
CHECK ver3_the_walk_never_blocked_its_submitter PASS cuCtxSynchronize calls=0; walks still on the GPU when submit returned: 5/5 (submit_ns=[27682, 16521, 14708, 10309, 29466] gpu_us=[93, 98, 91, 88, 98])
CHECK ver3_every_host_op_ran_while_the_guest_saw_busy PASS stats=VaStats { walks_submitted: 5, walks_reconciled: 5, walks_refused: 0, spaces_reconciled: 6, mapped: 4, unmapped: 1, batches: 0, batched_runs: 0, range_unmaps: 0, batch_fallbacks: 0, host_invalidates: 3, cleared: 5, superseded: 1, already_idle: 0, named_missed: 1, unreconciled: 0, refusals: [], submit_ns_max: 30598, clipped_bytes: 0, timing: VaTiming { invals: 5, inval_ns: 1145949, inval_ns_max: 271081, walks: 5, walk_ns: 652239, gpu_us: 468, plan_ns: 0, apply_ns: 252404, leaves_last: 1, host_calls: 8 }, splits: 0, split_missed: 0, held: 0, vmm_overlaps: 0, deferred_clears: 0, usermode_trapped: 0, usermode_unmirrored: 0, partial: 0, no_slot: 0, walk_refused_spaces: 0, splits_unsettled: 0, priv_withheld: 0, priv_withheld_bytes: 0, priv_mirrored: 0 }
CHECK ver3_nothing_refused PASS refusals=[]
GATE8_VERDICT=PASS
=== kf-gate9
CHECK ver2_gpu_diff_is_the_model_diff PASS 160 walks, 3377 runs compared, 0 mismatching entries, verdicts failed=829 held=73 permission edits=430
CHECK ver2_settled_slots_are_quiet_and_closed PASS quiet=true closed=true
CHECK ver3_gpu_diff_is_the_model_diff PASS 160 walks, 3395 runs compared, 0 mismatching entries, verdicts failed=817 held=91 permission edits=444
CHECK ver3_settled_slots_are_quiet_and_closed PASS quiet=true closed=true
CHECK ver2_keyall_gpu_diff_is_the_model_diff PASS 160 walks, 3558 runs compared, 0 mismatching entries, verdicts failed=843 held=76 permission edits=448
CHECK ver2_keyall_settled_slots_are_quiet_and_closed PASS quiet=true closed=true
CHECK ver2_growth_gpu_diff_is_the_model_diff PASS 160 walks, 3377 runs compared, 0 mismatching entries, verdicts failed=829 held=73 permission edits=430
CHECK ver2_growth_settled_slots_are_quiet_and_closed PASS quiet=true closed=true
CHECK ver2_growth_slots_actually_grew PASS walk pool 1048576 runs, slot pool 2097152 runs (2096128 free), max per space 1048576, slots held 2, grows 4, retries 4, ceilings 0, largest slot 512, largest walk 512
MEASURE throughput rows=13000 one_run_reports=13000 gpu_us_p50@1000=100 gpu_us_p50@13000=290 wall_us_p50@13000=337 total_s=3.1
CHECK every_added_page_is_a_one_run_diff PASS 13000 of 13000
CHECK the_diff_does_not_grow_with_the_space PASS gpu p50 100 us @1000 rows -> 290 us @13000 rows
GATE9_VERDICT=PASS
V3_GATES_SUMMARY pass=7 fail=2 failed: kf-gate3(rc=1,verdict=FAIL) kf-gate4(rc=1,verdict=FAIL)
V3_GATES_EXIT pass=7 fail=2 2026-09-26T21:09:37+00:00
