=== boot_capture tag=w390b4 at 2026-09-07T23:42:23+00:00 ===
=== source revision: 5aaebee8 ===
=== qemu binary: -rwxr-xr-x 1 root root 88735688 Sep  7 23:41 /workspace/bench/qemu-build/qemu-system-x86_64 ===
=== archive rev STAMPED IN THE BINARY: kayfabe-rev:5aaebee83246af1cdb50f1f0e2a004a299a17480 
=== BUILD_REV.txt says (informational, NOT authoritative): 
=== helpers (KAYFABE_BENCH_HELPERS=repo) ===
    used: /root/kayfabe/scripts/bench/boot_nvkvm.sh  sha256=b16b5a22da708e68
    used: /root/kayfabe/scripts/bench/gssh_nv  sha256=1785ac20cc7af28d
WAS_LOADED
MODPROBE_RC=0
=== nvidia-smi (the device open) ===
Mon Sep  7 23:42:38 2026       
+-----------------------------------------------------------------------------------------+
| NVIDIA-SMI 580.159.04             Driver Version: 580.159.04     CUDA Version: 13.0     |
+-----------------------------------------+------------------------+----------------------+
| GPU  Name                 Persistence-M | Bus-Id          Disp.A | Volatile Uncorr. ECC |
| Fan  Temp   Perf          Pwr:Usage/Cap |           Memory-Usage | GPU-Util  Compute M. |
|                                         |                        |               MIG M. |
|=========================================+========================+======================|
|   0  ERR!                           Off |   00000000:00:03.0 Off |                  N/A |
| N/A   N/A  N/A             N/A  /  N/A  |       0MiB /  12288MiB |     N/A      Default |
|                                         |                        |                  N/A |
+-----------------------------------------+------------------------+----------------------+

+-----------------------------------------------------------------------------------------+
| Processes:                                                                              |
|  GPU   GI   CI              PID   Type   Process name                        GPU Memory |
|        ID   ID                                                               Usage      |
|=========================================================================================|
|  No running processes found                                                             |
+-----------------------------------------------------------------------------------------+
SMI_RC=0
=== /dev nodes (AFTER the open — they are created by it) ===
crw-rw-rw- 1 root root 237,   0 Sep  7 23:42 /dev/nvidia-uvm
crw-rw-rw- 1 root root 237,   1 Sep  7 23:42 /dev/nvidia-uvm-tools
crw-rw-rw- 1 root root 195,   0 Sep  7 23:42 /dev/nvidia0
crw-rw-rw- 1 root root 195, 255 Sep  7 23:42 /dev/nvidiactl

/dev/nvidia-caps:
total 0
drwxr-xr-x  2 root root     80 Sep  7 23:42 .
drwxr-xr-x 18 root root   4000 Sep  7 23:42 ..
cr--------  1 root root 240, 1 Sep  7 23:42 nvidia-cap1
cr--r--r--  1 root root 240, 2 Sep  7 23:42 nvidia-cap2
=== lsmod ===
nvidia_uvm           2166784  0
nvidia              14417920  1 nvidia_uvm
ecc                    45056  1 nvidia
=== POST_CAPTURE_HOOK /root/kayfabe/scripts/bench/cup3_hook.sh at 2026-09-07T23:42:43+00:00 ===
=== source (md5 — a run cannot silently be a different copy) ===
    /root/kayfabe/scripts/bench/cup3.c                          57 lines  md5 3c90b0f5f9b7deedc9d9bea471ee551a
    ★ byte-identical to the C artifact's tests/mode2/cup3.c at vendoring time
      (md5 3c90b0f5f9b7deedc9d9bea471ee551a) — so the two stacks run THE SAME program.

=== ★★★ GUEST PRECONDITION — the PTX JIT (cuModuleLoadData needs it) ===
    /usr/lib/x86_64-linux-gnu/libnvidia-ptxjitcompiler.so
    /usr/lib/x86_64-linux-gnu/libnvidia-ptxjitcompiler.so.1
    /usr/lib/x86_64-linux-gnu/libnvidia-ptxjitcompiler.so.580.159.04
    JIT_PRESENT=yes

=== push + build in the guest ===
GCC_CUP3_RC=0

=== launch cup3 DETACHED under its own 300s timeout ===
    ⊘ NOT comparable to the cup2 baseline of 180s — a different program, a longer bound.
LAUNCHED pid=1659

=== waiting for cup3's terminator (poll 300s + 60s slack) ===
    [~20s] ok   cuDeviceGet(&d,0)
    [~30s] DONE
    terminator present after ~40s

=== ★ cup3 FINAL OUTPUT, verbatim ===
    ok   cuInit(0)
    ok   cuDeviceGetCount(&n)
    ok   cuDeviceGet(&d,0)
    ok   cuCtxCreate(&ctx,0,d)
    CTX OK
    ok   cuModuleLoadData(&mod,PTX)
    MODULE OK
    ok   cuModuleGetFunction(&fn,mod,"k")
    FUNC OK
    ok   cuMemAlloc(&d_in,4)
    ok   cuMemAlloc(&d_out,4)
    MEMALLOC in=0x788f78200000 out=0x788f78200200
    ok   cuMemcpyHtoD(d_in,&hv,4)
    ok   cuMemsetD32(d_out,0,1)
    ok   cuLaunchKernel(fn, 1,1,1, 1,1,1, 0, 0, args, 0)
    LAUNCH OK
    ok   cuCtxSynchronize()
    SYNC OK
    ok   cuMemcpyDtoH(&rv,d_out,4)
    KERNEL rv=43 want=43 -> PASS
    DONE
CUP3_OUT_BYTES=501

CUP3_RC=0
CUP3_VAL=43
CUP3_KERNEL_LINE=KERNEL rv=43 want=43 -> PASS
CUP3_JIT_PRESENT=yes

=== ★★★★★ THE VALUE LADDER — what this reading MEANS ===
    ★★★★★ 43 — PASS. out = in*3+1 computed on the GPU. UN-FORGEABLE: no copy,
          fill, or forged completion in our stack can produce this number.

=== ★ THE STAGE LADDER — how far it got (the furthest line present wins) ===
    ✔ CTX OK
    ✔ MODULE OK
    ✔ FUNC OK
    ✔ MEMALLOC
    ✔ LAUNCH OK
    ✔ SYNC OK
    ✔ KERNEL rv=
    ✔ DONE
    ⊘ the FIRST ✘ after a run of ✔ is the wall; a ✘ before any ✔ means it never started.
=== ★ the FAIL line, if cup3 named its own failure ===

=== ★ guest dmesg tail (NVRM/Xid land here, not in the serial log) ===
    [   65.574229] NVRM: nvAssertOkFailedNoLog: Assertion failed: Call not supported [NV_ERR_NOT_SUPPORTED] (0x00000056) returned from pRmApi->Control(pRmApi, RES_GET_CLIENT_HANDLE(pKernelChannel), RES_GET_HANDLE(pKernelChannel), NVA06F_CTRL_CMD_STOP_CHANNEL, &stopChannelParams, sizeof(stopChannelParams)) @ nv_gpu_ops.c:10957
    [   65.576557] NVRM: nvAssertOkFailedNoLog: Assertion failed: Call not supported [NV_ERR_NOT_SUPPORTED] (0x00000056) returned from pRmApi->Control(pRmApi, RES_GET_CLIENT_HANDLE(pKernelChannel), RES_GET_HANDLE(pKernelChannel), NVA06F_CTRL_CMD_STOP_CHANNEL, &stopChannelParams, sizeof(stopChannelParams)) @ nv_gpu_ops.c:10957
    [   65.577350] NVRM: nvAssertOkFailedNoLog: Assertion failed: Call not supported [NV_ERR_NOT_SUPPORTED] (0x00000056) returned from pRmApi->Control(pRmApi, retainedChannel->session->handle, retainedChannel->rmSubDevice->subDeviceHandle, NV2080_CTRL_CMD_GPU_EVICT_CTX, &params, sizeof(params)) @ nv_gpu_ops.c:10977
    [   65.580228] NVRM: nvAssertOkFailedNoLog: Assertion failed: Call not supported [NV_ERR_NOT_SUPPORTED] (0x00000056) returned from pRmApi->Control(pRmApi, RES_GET_CLIENT_HANDLE(pKernelChannel), RES_GET_HANDLE(pKernelChannel), NVA06F_CTRL_CMD_STOP_CHANNEL, &stopChannelParams, sizeof(stopChannelParams)) @ nv_gpu_ops.c:10957
    [   65.580985] NVRM: nvAssertOkFailedNoLog: Assertion failed: Call not supported [NV_ERR_NOT_SUPPORTED] (0x00000056) returned from pRmApi->Control(pRmApi, retainedChannel->session->handle, retainedChannel->rmSubDevice->subDeviceHandle, NV2080_CTRL_CMD_GPU_EVICT_CTX, &params, sizeof(params)) @ nv_gpu_ops.c:10977
    [   65.583227] NVRM: nvAssertOkFailedNoLog: Assertion failed: Call not supported [NV_ERR_NOT_SUPPORTED] (0x00000056) returned from pRmApi->Control(pRmApi, RES_GET_CLIENT_HANDLE(pKernelChannel), RES_GET_HANDLE(pKernelChannel), NVA06F_CTRL_CMD_STOP_CHANNEL, &stopChannelParams, sizeof(stopChannelParams)) @ nv_gpu_ops.c:10957
    [   65.584063] NVRM: nvAssertOkFailedNoLog: Assertion failed: Call not supported [NV_ERR_NOT_SUPPORTED] (0x00000056) returned from pRmApi->Control(pRmApi, retainedChannel->session->handle, retainedChannel->rmSubDevice->subDeviceHandle, NV2080_CTRL_CMD_GPU_EVICT_CTX, &params, sizeof(params)) @ nv_gpu_ops.c:10977
    [   65.587106] NVRM: nvAssertOkFailedNoLog: Assertion failed: Call not supported [NV_ERR_NOT_SUPPORTED] (0x00000056) returned from pRmApi->Control(pRmApi, RES_GET_CLIENT_HANDLE(pKernelChannel), RES_GET_HANDLE(pKernelChannel), NVA06F_CTRL_CMD_STOP_CHANNEL, &stopChannelParams, sizeof(stopChannelParams)) @ nv_gpu_ops.c:10957
    [   65.588182] NVRM: nvAssertOkFailedNoLog: Assertion failed: Call not supported [NV_ERR_NOT_SUPPORTED] (0x00000056) returned from pRmApi->Control(pRmApi, retainedChannel->session->handle, retainedChannel->rmSubDevice->subDeviceHandle, NV2080_CTRL_CMD_GPU_EVICT_CTX, &params, sizeof(params)) @ nv_gpu_ops.c:10977
    [   65.591302] NVRM: nvAssertOkFailedNoLog: Assertion failed: Call not supported [NV_ERR_NOT_SUPPORTED] (0x00000056) returned from pRmApi->Control(pRmApi, RES_GET_CLIENT_HANDLE(pKernelChannel), RES_GET_HANDLE(pKernelChannel), NVA06F_CTRL_CMD_STOP_CHANNEL, &stopChannelParams, sizeof(stopChannelParams)) @ nv_gpu_ops.c:10957
    [   65.592546] NVRM: nvAssertOkFailedNoLog: Assertion failed: Call not supported [NV_ERR_NOT_SUPPORTED] (0x00000056) returned from pRmApi->Control(pRmApi, retainedChannel->session->handle, retainedChannel->rmSubDevice->subDeviceHandle, NV2080_CTRL_CMD_GPU_EVICT_CTX, &params, sizeof(params)) @ nv_gpu_ops.c:10977
    [   65.595827] NVRM: nvAssertOkFailedNoLog: Assertion failed: Call not supported [NV_ERR_NOT_SUPPORTED] (0x00000056) returned from pRmApi->Control(pRmApi, RES_GET_CLIENT_HANDLE(pKernelChannel), RES_GET_HANDLE(pKernelChannel), NVA06F_CTRL_CMD_STOP_CHANNEL, &stopChannelParams, sizeof(stopChannelParams)) @ nv_gpu_ops.c:10957
    [   65.596863] NVRM: nvAssertOkFailedNoLog: Assertion failed: Call not supported [NV_ERR_NOT_SUPPORTED] (0x00000056) returned from pRmApi->Control(pRmApi, retainedChannel->session->handle, retainedChannel->rmSubDevice->subDeviceHandle, NV2080_CTRL_CMD_GPU_EVICT_CTX, &params, sizeof(params)) @ nv_gpu_ops.c:10977
    [   65.600129] NVRM: nvAssertOkFailedNoLog: Assertion failed: Call not supported [NV_ERR_NOT_SUPPORTED] (0x00000056) returned from pRmApi->Control(pRmApi, RES_GET_CLIENT_HANDLE(pKernelChannel), RES_GET_HANDLE(pKernelChannel), NVA06F_CTRL_CMD_STOP_CHANNEL, &stopChannelParams, sizeof(stopChannelParams)) @ nv_gpu_ops.c:10957
    [   65.601168] NVRM: nvAssertOkFailedNoLog: Assertion failed: Call not supported [NV_ERR_NOT_SUPPORTED] (0x00000056) returned from pRmApi->Control(pRmApi, retainedChannel->session->handle, retainedChannel->rmSubDevice->subDeviceHandle, NV2080_CTRL_CMD_GPU_EVICT_CTX, &params, sizeof(params)) @ nv_gpu_ops.c:10977
    [   65.603311] NVRM: nvAssertOkFailedNoLog: Assertion failed: Call not supported [NV_ERR_NOT_SUPPORTED] (0x00000056) returned from pRmApi->Control(pRmApi, RES_GET_CLIENT_HANDLE(pKernelChannel), RES_GET_HANDLE(pKernelChannel), NVA06F_CTRL_CMD_STOP_CHANNEL, &stopChannelParams, sizeof(stopChannelParams)) @ nv_gpu_ops.c:10957
    [   65.604146] NVRM: nvAssertOkFailedNoLog: Assertion failed: Call not supported [NV_ERR_NOT_SUPPORTED] (0x00000056) returned from pRmApi->Control(pRmApi, retainedChannel->session->handle, retainedChannel->rmSubDevice->subDeviceHandle, NV2080_CTRL_CMD_GPU_EVICT_CTX, &params, sizeof(params)) @ nv_gpu_ops.c:10977
    [   65.902334] NVRM: kgmmuClientShadowFaultBufferUnregister_IMPL: Unregistering non-replayable fault buffer failed (status=0x00000056), proceeding...
    [   65.904143] NVRM: kgmmuFaultBufferReplayableDestroy_IMPL: Unregistering Replayable Fault buffer failed (status=0x00000056), proceeding...
    [   65.905858] NVRM: uvmTerminateAccessCntrBuffer_IMPL: Unloading UVM Access counters failed (status=0x00000056), proceeding...
    [   66.075591] NVRM: rpcRmApiFree_GSP: GspRmFree failed: hClient=0xc1d0000c; hObject=0x5c000072; paramsStatus=0x00000000; status=0x00000056
    [   66.075600] NVRM: nvAssertFailedNoLog: Assertion failed: (status == NV_OK) || (status == NV_ERR_GPU_IN_FULLCHIP_RESET) @ rs_client.c:844
    [   66.075680] NVRM: nvAssertFailedNoLog: Assertion failed: (status == NV_OK) || (status == NV_ERR_GPU_IN_FULLCHIP_RESET) @ rs_server.c:259
    [   66.075752] NVRM: nvAssertFailedNoLog: Assertion failed: (status == NV_OK) || (status == NV_ERR_GPU_IN_FULLCHIP_RESET) @ rs_server.c:1375
    [   68.061557] NVRM: rpcRmApiFree_GSP: GspRmFree failed: hClient=0xc1d00014; hObject=0xcaf00002; paramsStatus=0x00000000; status=0x00000056
    [   68.061570] NVRM: nvAssertFailedNoLog: Assertion failed: (status == NV_OK) || (status == NV_ERR_GPU_IN_FULLCHIP_RESET) @ rs_client.c:844
    [   68.061725] NVRM: nvAssertFailedNoLog: Assertion failed: (status == NV_OK) || (status == NV_ERR_GPU_IN_FULLCHIP_RESET) @ rs_server.c:259
    [   68.061859] NVRM: nvAssertFailedNoLog: Assertion failed: (status == NV_OK) || (status == NV_ERR_GPU_IN_FULLCHIP_RESET) @ rs_server.c:1375
    [   68.065661] NVRM: nvAssertFailedNoLog: Assertion failed: (status == NV_OK) || (status == NV_ERR_GPU_IN_FULLCHIP_RESET) @ fecs_event_list.c:1623
    [   69.373138] NVRM: nvCheckOkFailedNoLog: Check failed: Call not supported [NV_ERR_NOT_SUPPORTED] (0x00000056) returned from pRmApi->Control(pRmApi, pGpu->hInternalClient, pGpu->hInternalSubdevice, NV2080_CTRL_CMD_INTERNAL_INIT_USER_SHARED_DATA, &params, sizeof(params)) @ gpu_user_shared_data.c:213
=== cup3 hook DONE ===
HOOK_RC=0
=== GUEST dmesg AFTER the workload (phase 3b captured 35 lines BEFORE it) ===
GUEST_DMESG_AFTER_LINES=91
GUEST_DMESG_AFTER_NVRM=87
GUEST_DMESG_WORKLOAD_DELTA=56
=== HOST dmesg delta for this boot (watermark 734 → 734) ===
HOST_DMESG_LINES=0
HOST_DMESG_NVRM=0
0
HOST_DMESG_XID=0
0
