LADDER_START 2026-09-07T23:39:28+00:00 pid=78897
=== RUNG w390b3 START 2026-09-07T23:39:28+00:00 env=[] ===
=== RUNG w390b3 EXIT rc=0 2026-09-07T23:41:33+00:00 ===
    w390b3 CUP3_VAL = [CUP3_VAL=43]
    w390b3 CUP3_RC  = [CUP3_RC=0]
    w390b3 MMUINVAL = [MMUINVAL armed=false writes=377 triggers=377 all_pdb=0 all_pdb_frac=0.0000 all_va=377 hubtlb_only=232 gpu_vas=145 polls=754 pdb_writes=754 distinct_pdbs=8 doorbells=483 triggers_per_doorbell=0.7805 triggers_a]
    w390b3 BLOCKAGE = [BLOCKAGE-COVERAGE ⊘NO-PUBLICATIONS armed=[emulated-doorbell=0 gsp-rpc=559 tlb-invalidate=377] publications=0 by=[emulated-doorbell=0 gsp-rpc=0 tlb-invalidate=0 none=0] uses=0 uses_by=[emulated-doorbell=0 gsp-rpc=0 tlb-invalidate=0] ⇒ USES_UNCOVERED=0 use_mi]
    w390b3 host Xid = [0]  (MUST be 0)
=== RUNG w390b4 START 2026-09-07T23:41:33+00:00 env=[] ===
=== RUNG w390b4 EXIT rc=0 2026-09-07T23:43:35+00:00 ===
    w390b4 CUP3_VAL = [CUP3_VAL=43]
    w390b4 CUP3_RC  = [CUP3_RC=0]
    w390b4 MMUINVAL = [MMUINVAL armed=false writes=377 triggers=377 all_pdb=0 all_pdb_frac=0.0000 all_va=377 hubtlb_only=232 gpu_vas=145 polls=754 pdb_writes=754 distinct_pdbs=8 doorbells=480 triggers_per_doorbell=0.7854 triggers_a]
    w390b4 BLOCKAGE = [BLOCKAGE-COVERAGE ⊘NO-PUBLICATIONS armed=[emulated-doorbell=0 gsp-rpc=559 tlb-invalidate=377] publications=0 by=[emulated-doorbell=0 gsp-rpc=0 tlb-invalidate=0 none=0] uses=0 uses_by=[emulated-doorbell=0 gsp-rpc=0 tlb-invalidate=0] ⇒ USES_UNCOVERED=0 use_mi]
    w390b4 host Xid = [0]  (MUST be 0)
=== PULL to the w390 commit 2026-09-07T23:43:36+00:00 ===
=== HEAD NOW = 5a8d8fd7 ===
=== RUNG w390c1 START 2026-09-07T23:43:37+00:00 env=[KAYFABE_MMU_INVAL=off] ===
=== RUNG w390c1 EXIT rc=0 2026-09-07T23:46:02+00:00 ===
    w390c1 CUP3_VAL = [CUP3_VAL=43]
    w390c1 CUP3_RC  = [CUP3_RC=0]
    w390c1 MMUINVAL = [MMUINVAL armed=false writes=377 triggers=377 all_pdb=0 all_pdb_frac=0.0000 all_va=377 hubtlb_only=232 gpu_vas=145 polls=754 pdb_writes=754 distinct_pdbs=8 doorbells=480 triggers_per_doorbell=0.7854 triggers_a]
    w390c1 BLOCKAGE = [BLOCKAGE-COVERAGE ⊘NO-PUBLICATIONS armed=[emulated-doorbell=0 gsp-rpc=559 tlb-invalidate=377] publications=0 by=[emulated-doorbell=0 gsp-rpc=0 tlb-invalidate=0 none=0] uses=0 uses_by=[emulated-doorbell=0 gsp-rpc=0 tlb-invalidate=0] ⇒ USES_UNCOVERED=0 use_mi]
    w390c1 host Xid = [0]  (MUST be 0)
=== RUNG w390c2 START 2026-09-07T23:46:03+00:00 env=[KAYFABE_MMU_INVAL=on] ===
=== RUNG w390c2 EXIT rc=0 2026-09-07T23:48:09+00:00 ===
    w390c2 CUP3_VAL = [CUP3_VAL=43]
    w390c2 CUP3_RC  = [CUP3_RC=0]
    w390c2 MMUINVAL = [MMUINVAL armed=true writes=377 triggers=377 all_pdb=0 all_pdb_frac=0.0000 all_va=377 hubtlb_only=232 gpu_vas=145 polls=754 pdb_writes=754 distinct_pdbs=8 doorbells=480 triggers_per_doorbell=0.7854 triggers_at]
    w390c2 BLOCKAGE = [BLOCKAGE-COVERAGE ⊘NO-PUBLICATIONS armed=[emulated-doorbell=0 gsp-rpc=559 tlb-invalidate=754] publications=0 by=[emulated-doorbell=0 gsp-rpc=0 tlb-invalidate=0 none=0] uses=0 uses_by=[emulated-doorbell=0 gsp-rpc=0 tlb-invalidate=0] ⇒ USES_UNCOVERED=0 use_mi]
    w390c2 host Xid = [0]  (MUST be 0)
LADDER_EXIT rc=0 2026-09-07T23:48:10+00:00
