START 2026-09-30T14:14:04+00:00 tag=dbl3 steps=ladder rev=ca7a5006 nproc=11 kernel=6.8.0-59-generic (NESTED: a vast KVM guest)
DBL_LADDER_off_RC=0
DBL_LADDER mode=off CL_ROW mode=guest rung=cup2 rep=1 verdict=PASS boot_rc=0 graded=[CE rv=0xabcd1234 want=0xabcd1234 -> PASS]  trapped=10470 ledger=[0x00000802:e0f2 0x00000801:e0f0 0x00001006:e0f1 0x00001005:e0f1 0x00000804:e0f1 0x00000803:e0f195 0x0000000e:e0f1 0x0000000d:e0f1 0x0000000c:e0f1 0x0000000b:e0f1 0x0000000a:e0f1 0x00000009:e0f1 0x00000008:e0f1 0x00000007:e0f111 0x00000812:e0f1 0x00000811:e0f1 0x00000810
DBL_LADDER mode=off CL_ROW mode=guest rung=cup3 rep=1 verdict=PASS boot_rc=0 graded=[CUP3_VAL=43]  trapped=10500 ledger=[0x00000802:e0f2 0x00000801:e0f0 0x00001006:e0f1 0x00001005:e0f1 0x00000804:e0f1 0x00000803:e0f198 0x0000000e:e0f1 0x0000000d:e0f1 0x0000000c:e0f1 0x0000000b:e0f1 0x0000000a:e0f1 0x00000009:e0f1 0x00000008:e0f1 0x00000007:e0f117 0x00000812:e0f1 0x00000811:e0f1 0x00000810:e0f1 0x0000080f:e0f96 0x0000
DBL_LADDER mode=off CL_ROW mode=guest rung=cup8 rep=1 verdict=PASS boot_rc=0 graded=[CUP8_BAD=0 CUP8_MAXERR=0] CUP8_WALL_S=5 trapped=10630 ledger=[0x00000802:e0f2 0x00000801:e0f0 0x00001006:e0f1 0x00001005:e0f1 0x00000804:e0f1 0x00000803:e0f202 0x0000000e:e0f1 0x0000000d:e0f1 0x0000000c:e0f1 0x0000000b:e0f1 0x0000000a:e0f1 0x00000009:e0f1 0x00000008:e0f1 0x00000007:e0f116 0x00000812:e0f1 0x00000811:e0f1 0x00000810:e0
DBL_LADDER mode=off CL_ROW mode=guest rung=cup8bench rep=1 verdict=PASS boot_rc=0 graded=[GUEST_BENCH_TOTAL_BAD=0 GUEST_BENCH_VERDICT=PASS (every timed iteration verified)] BENCH_measure_WALL_S=6 trapped=11115 ledger=[0x00000802:e0f2 0x00000801:e0f0 0x00001006:e0f1 0x00001005:e0f1 0x00000804:e0f1 0x00000803:e0f201 0x0000000e:e0f1 0x0000000d:e0f1 0x0000000c:e0f1 0x0000000b:e0f1 0x0000000a:e0f1 0x00000009:e0f1 0x000000
DBL_LADDER mode=off CL_BENCH mode=guest rep=1 GUEST_BSUM N=16 iters=20 first_ms=0.070 med_ms=0.050 p90_ms=0.056 min_ms=0.034 max_ms=0.074 gflops=0.165 batch_per_launch_ms=0.027 batch_gflops=0.305 h2d_ms=0.433 d2h_med_ms=0.065 submit_med_ms=0.030 sync_med_ms=0.017 sync_cpu_med_ms=0.017 sync_offcpu_med_ms=0.001 sync_nvcsw_med=0.0 submit_cpu_med_ms=0.033 bad=0 maxerr=0
DBL_LADDER mode=off CL_BENCH mode=guest rep=1 GUEST_BSUM N=2048 iters=20 first_ms=23.554 med_ms=22.273 p90_ms=23.539 min_ms=22.138 max_ms=23.583 gflops=771.335 batch_per_launch_ms=22.103 batch_gflops=777.259 h2d_ms=6.855 d2h_med_ms=3.059 submit_med_ms=0.038 sync_med_ms=22.237 sync_cpu_med_ms=22.236 sync_offcpu_med_ms=0.000 sync_nvcsw_med=0.0 submit_cpu_med_ms=0.042 bad=0 maxerr=0
DBL_LADDER mode=off CL_BENCH mode=guest rep=1 GUEST_BENCH_INIT_MS=3232.63
DBL_LADDER mode=off CL_BENCH mode=guest rep=1 GUEST_BENCH_CTX_MS=1026.99
DBL_LADDER mode=off CL_BENCH mode=guest rep=1 GUEST_BENCH_MODULE_MS=4.39
DBL_LADDER mode=off run_cl_dbl3_off_cup2_1_qemu.log dbfast[off regs=0 placed=0/0 sites=0 doorbells=0 wakes=0 rang=0 handed=0 absorbed=0 refused(budget=0 kvm=0 enospc=0 eexist=0 fd=0) deassign_failed=0 ack_timeouts=0 double=0 stale=0 empty=0 polls=0/0 max_batch=0 wake_to_deliver[n=0 p50=0.0us p99=0.0us max=0.0us
DBL_LEDGER mode=off DOORBELL-LEDGER tok=0x00000802 route=translated emulated=0 forwarded=2 host=0x10019 fast=0
DBL_LEDGER mode=off DOORBELL-LEDGER tok=0x00000801 route=translated emulated=0 forwarded=0 host=0x10018 fast=0
DBL_LEDGER mode=off DOORBELL-LEDGER tok=0x00001006 route=translated emulated=0 forwarded=1 host=0x1001d fast=0
DBL_LEDGER mode=off DOORBELL-LEDGER tok=0x00001005 route=translated emulated=0 forwarded=1 host=0x1001c fast=0
DBL_LEDGER mode=off DOORBELL-LEDGER tok=0x00000804 route=translated emulated=0 forwarded=1 host=0x1001b fast=0
DBL_LEDGER mode=off DOORBELL-LEDGER tok=0x00000803 route=translated emulated=0 forwarded=195 host=0x1001a fast=0
DBL_LEDGER mode=off DOORBELL-LEDGER tok=0x0000000e route=passthrough rung=1 emulated=0 forwarded=1 host=0x25 trap=1 fast=0
DBL_LEDGER mode=off DOORBELL-LEDGER tok=0x0000000d route=passthrough rung=1 emulated=0 forwarded=1 host=0x24 trap=1 fast=0
DBL_LEDGER mode=off DOORBELL-LEDGER tok=0x0000000c route=passthrough rung=1 emulated=0 forwarded=1 host=0x23 trap=1 fast=0
DBL_LEDGER mode=off DOORBELL-LEDGER tok=0x0000000b route=passthrough rung=1 emulated=0 forwarded=1 host=0x22 trap=1 fast=0
DBL_LEDGER mode=off DOORBELL-LEDGER tok=0x0000000a route=passthrough rung=1 emulated=0 forwarded=1 host=0x21 trap=1 fast=0
DBL_LEDGER mode=off DOORBELL-LEDGER tok=0x00000009 route=passthrough rung=1 emulated=0 forwarded=1 host=0x20 trap=1 fast=0
DBL_LEDGER mode=off DOORBELL-LEDGER tok=0x00000008 route=passthrough rung=1 emulated=0 forwarded=1 host=0x1f trap=1 fast=0
DBL_LEDGER mode=off DOORBELL-LEDGER tok=0x00000007 route=passthrough rung=111 emulated=0 forwarded=111 host=0x1e trap=111 fast=0
DBL_LEDGER mode=off DOORBELL-LEDGER tok=0x00000812 route=passthrough rung=1 emulated=0 forwarded=1 host=0x10029 trap=1 fast=0
DBL_LEDGER mode=off DOORBELL-LEDGER tok=0x00000811 route=passthrough rung=1 emulated=0 forwarded=1 host=0x10028 trap=1 fast=0
DBL_LEDGER mode=off DOORBELL-LEDGER tok=0x00000810 route=passthrough rung=1 emulated=0 forwarded=1 host=0x10027 trap=1 fast=0
DBL_LEDGER mode=off DOORBELL-LEDGER tok=0x0000080f route=passthrough rung=96 emulated=0 forwarded=96 host=0x10026 trap=96 fast=0
DBL_LEDGER mode=off DOORBELL-LEDGER tok=0x00001016 route=passthrough rung=1 emulated=0 forwarded=1 host=0x2002d trap=1 fast=0
DBL_LEDGER mode=off DOORBELL-LEDGER tok=0x00001015 route=passthrough rung=1 emulated=0 forwarded=1 host=0x2002c trap=1 fast=0
DBL_LEDGER mode=off DOORBELL-LEDGER tok=0x00001014 route=passthrough rung=1 emulated=0 forwarded=1 host=0x2002b trap=1 fast=0
DBL_LEDGER mode=off DOORBELL-LEDGER tok=0x00001013 route=passthrough rung=2 emulated=0 forwarded=2 host=0x2002a trap=2 fast=0
DBL_LEDGER mode=off DOORBELL-LEDGER tok=0x00000802 route=translated emulated=0 forwarded=2 host=0x10019 fast=0
DBL_LEDGER mode=off DOORBELL-LEDGER tok=0x00000801 route=translated emulated=0 forwarded=49 host=0x10018 fast=0
DBL_LADDER mode=off run_cl_dbl3_off_cup3_1_qemu.log dbfast[off regs=0 placed=0/0 sites=0 doorbells=0 wakes=0 rang=0 handed=0 absorbed=0 refused(budget=0 kvm=0 enospc=0 eexist=0 fd=0) deassign_failed=0 ack_timeouts=0 double=0 stale=0 empty=0 polls=0/0 max_batch=0 wake_to_deliver[n=0 p50=0.0us p99=0.0us max=0.0us
DBL_LEDGER mode=off DOORBELL-LEDGER tok=0x00000802 route=translated emulated=0 forwarded=2 host=0x10019 fast=0
DBL_LEDGER mode=off DOORBELL-LEDGER tok=0x00000801 route=translated emulated=0 forwarded=0 host=0x10018 fast=0
DBL_LEDGER mode=off DOORBELL-LEDGER tok=0x00001006 route=translated emulated=0 forwarded=1 host=0x1001d fast=0
DBL_LEDGER mode=off DOORBELL-LEDGER tok=0x00001005 route=translated emulated=0 forwarded=1 host=0x1001c fast=0
DBL_LEDGER mode=off DOORBELL-LEDGER tok=0x00000804 route=translated emulated=0 forwarded=1 host=0x1001b fast=0
DBL_LEDGER mode=off DOORBELL-LEDGER tok=0x00000803 route=translated emulated=0 forwarded=198 host=0x1001a fast=0
DBL_LEDGER mode=off DOORBELL-LEDGER tok=0x0000000e route=passthrough rung=1 emulated=0 forwarded=1 host=0x25 trap=1 fast=0
DBL_LEDGER mode=off DOORBELL-LEDGER tok=0x0000000d route=passthrough rung=1 emulated=0 forwarded=1 host=0x24 trap=1 fast=0
DBL_LEDGER mode=off DOORBELL-LEDGER tok=0x0000000c route=passthrough rung=1 emulated=0 forwarded=1 host=0x23 trap=1 fast=0
DBL_LEDGER mode=off DOORBELL-LEDGER tok=0x0000000b route=passthrough rung=1 emulated=0 forwarded=1 host=0x22 trap=1 fast=0
DBL_LEDGER mode=off DOORBELL-LEDGER tok=0x0000000a route=passthrough rung=1 emulated=0 forwarded=1 host=0x21 trap=1 fast=0
DBL_LEDGER mode=off DOORBELL-LEDGER tok=0x00000009 route=passthrough rung=1 emulated=0 forwarded=1 host=0x20 trap=1 fast=0
DBL_LEDGER mode=off DOORBELL-LEDGER tok=0x00000008 route=passthrough rung=1 emulated=0 forwarded=1 host=0x1f trap=1 fast=0
DBL_LEDGER mode=off DOORBELL-LEDGER tok=0x00000007 route=passthrough rung=117 emulated=0 forwarded=117 host=0x1e trap=117 fast=0
DBL_LEDGER mode=off DOORBELL-LEDGER tok=0x00000812 route=passthrough rung=1 emulated=0 forwarded=1 host=0x10029 trap=1 fast=0
DBL_LEDGER mode=off DOORBELL-LEDGER tok=0x00000811 route=passthrough rung=1 emulated=0 forwarded=1 host=0x10028 trap=1 fast=0
DBL_LEDGER mode=off DOORBELL-LEDGER tok=0x00000810 route=passthrough rung=1 emulated=0 forwarded=1 host=0x10027 trap=1 fast=0
DBL_LEDGER mode=off DOORBELL-LEDGER tok=0x0000080f route=passthrough rung=96 emulated=0 forwarded=96 host=0x10026 trap=96 fast=0
DBL_LEDGER mode=off DOORBELL-LEDGER tok=0x00001016 route=passthrough rung=1 emulated=0 forwarded=1 host=0x2002d trap=1 fast=0
DBL_LEDGER mode=off DOORBELL-LEDGER tok=0x00001015 route=passthrough rung=1 emulated=0 forwarded=1 host=0x2002c trap=1 fast=0
DBL_LEDGER mode=off DOORBELL-LEDGER tok=0x00001014 route=passthrough rung=1 emulated=0 forwarded=1 host=0x2002b trap=1 fast=0
DBL_LEDGER mode=off DOORBELL-LEDGER tok=0x00001013 route=passthrough rung=2 emulated=0 forwarded=2 host=0x2002a trap=2 fast=0
DBL_LEDGER mode=off DOORBELL-LEDGER tok=0x00000802 route=translated emulated=0 forwarded=2 host=0x10019 fast=0
DBL_LEDGER mode=off DOORBELL-LEDGER tok=0x00000801 route=translated emulated=0 forwarded=49 host=0x10018 fast=0
DBL_LADDER mode=off run_cl_dbl3_off_cup8_1_qemu.log dbfast[off regs=0 placed=0/0 sites=0 doorbells=0 wakes=0 rang=0 handed=0 absorbed=0 refused(budget=0 kvm=0 enospc=0 eexist=0 fd=0) deassign_failed=0 ack_timeouts=0 double=0 stale=0 empty=0 polls=0/0 max_batch=0 wake_to_deliver[n=0 p50=0.0us p99=0.0us max=0.0us
DBL_LEDGER mode=off DOORBELL-LEDGER tok=0x00000802 route=translated emulated=0 forwarded=2 host=0x10019 fast=0
DBL_LEDGER mode=off DOORBELL-LEDGER tok=0x00000801 route=translated emulated=0 forwarded=0 host=0x10018 fast=0
DBL_LEDGER mode=off DOORBELL-LEDGER tok=0x00001006 route=translated emulated=0 forwarded=1 host=0x1001d fast=0
DBL_LEDGER mode=off DOORBELL-LEDGER tok=0x00001005 route=translated emulated=0 forwarded=1 host=0x1001c fast=0
DBL_LEDGER mode=off DOORBELL-LEDGER tok=0x00000804 route=translated emulated=0 forwarded=1 host=0x1001b fast=0
DBL_LEDGER mode=off DOORBELL-LEDGER tok=0x00000803 route=translated emulated=0 forwarded=202 host=0x1001a fast=0
DBL_LEDGER mode=off DOORBELL-LEDGER tok=0x0000000e route=passthrough rung=1 emulated=0 forwarded=1 host=0x25 trap=1 fast=0
DBL_LEDGER mode=off DOORBELL-LEDGER tok=0x0000000d route=passthrough rung=1 emulated=0 forwarded=1 host=0x24 trap=1 fast=0
DBL_LEDGER mode=off DOORBELL-LEDGER tok=0x0000000c route=passthrough rung=1 emulated=0 forwarded=1 host=0x23 trap=1 fast=0
DBL_LEDGER mode=off DOORBELL-LEDGER tok=0x0000000b route=passthrough rung=1 emulated=0 forwarded=1 host=0x22 trap=1 fast=0
DBL_LEDGER mode=off DOORBELL-LEDGER tok=0x0000000a route=passthrough rung=1 emulated=0 forwarded=1 host=0x21 trap=1 fast=0
DBL_LEDGER mode=off DOORBELL-LEDGER tok=0x00000009 route=passthrough rung=1 emulated=0 forwarded=1 host=0x20 trap=1 fast=0
DBL_LEDGER mode=off DOORBELL-LEDGER tok=0x00000008 route=passthrough rung=1 emulated=0 forwarded=1 host=0x1f trap=1 fast=0
DBL_LEDGER mode=off DOORBELL-LEDGER tok=0x00000007 route=passthrough rung=116 emulated=0 forwarded=116 host=0x1e trap=116 fast=0
DBL_LEDGER mode=off DOORBELL-LEDGER tok=0x00000812 route=passthrough rung=1 emulated=0 forwarded=1 host=0x10029 trap=1 fast=0
DBL_LEDGER mode=off DOORBELL-LEDGER tok=0x00000811 route=passthrough rung=1 emulated=0 forwarded=1 host=0x10028 trap=1 fast=0
DBL_LEDGER mode=off DOORBELL-LEDGER tok=0x00000810 route=passthrough rung=1 emulated=0 forwarded=1 host=0x10027 trap=1 fast=0
DBL_LEDGER mode=off DOORBELL-LEDGER tok=0x0000080f route=passthrough rung=128 emulated=0 forwarded=128 host=0x10026 trap=128 fast=0
DBL_LEDGER mode=off DOORBELL-LEDGER tok=0x00001016 route=passthrough rung=1 emulated=0 forwarded=1 host=0x2002d trap=1 fast=0
DBL_LEDGER mode=off DOORBELL-LEDGER tok=0x00001015 route=passthrough rung=1 emulated=0 forwarded=1 host=0x2002c trap=1 fast=0
DBL_LEDGER mode=off DOORBELL-LEDGER tok=0x00001014 route=passthrough rung=1 emulated=0 forwarded=1 host=0x2002b trap=1 fast=0
DBL_LEDGER mode=off DOORBELL-LEDGER tok=0x00001013 route=passthrough rung=17 emulated=0 forwarded=17 host=0x2002a trap=17 fast=0
DBL_LEDGER mode=off DOORBELL-LEDGER tok=0x00000802 route=translated emulated=0 forwarded=2 host=0x10019 fast=0
DBL_LEDGER mode=off DOORBELL-LEDGER tok=0x00000801 route=translated emulated=0 forwarded=51 host=0x10018 fast=0
DBL_LADDER mode=off run_cl_dbl3_off_cup8bench_1_qemu.log dbfast[off regs=0 placed=0/0 sites=0 doorbells=0 wakes=0 rang=0 handed=0 absorbed=0 refused(budget=0 kvm=0 enospc=0 eexist=0 fd=0) deassign_failed=0 ack_timeouts=0 double=0 stale=0 empty=0 polls=0/0 max_batch=0 wake_to_deliver[n=0 p50=0.0us p99=0.0us max=0.0us
DBL_LEDGER mode=off DOORBELL-LEDGER tok=0x00000802 route=translated emulated=0 forwarded=2 host=0x10019 fast=0
DBL_LEDGER mode=off DOORBELL-LEDGER tok=0x00000801 route=translated emulated=0 forwarded=0 host=0x10018 fast=0
DBL_LEDGER mode=off DOORBELL-LEDGER tok=0x00001006 route=translated emulated=0 forwarded=1 host=0x1001d fast=0
DBL_LEDGER mode=off DOORBELL-LEDGER tok=0x00001005 route=translated emulated=0 forwarded=1 host=0x1001c fast=0
DBL_LEDGER mode=off DOORBELL-LEDGER tok=0x00000804 route=translated emulated=0 forwarded=1 host=0x1001b fast=0
DBL_LEDGER mode=off DOORBELL-LEDGER tok=0x00000803 route=translated emulated=0 forwarded=201 host=0x1001a fast=0
DBL_LEDGER mode=off DOORBELL-LEDGER tok=0x0000000e route=passthrough rung=1 emulated=0 forwarded=1 host=0x25 trap=1 fast=0
DBL_LEDGER mode=off DOORBELL-LEDGER tok=0x0000000d route=passthrough rung=1 emulated=0 forwarded=1 host=0x24 trap=1 fast=0
DBL_LEDGER mode=off DOORBELL-LEDGER tok=0x0000000c route=passthrough rung=1 emulated=0 forwarded=1 host=0x23 trap=1 fast=0
DBL_LEDGER mode=off DOORBELL-LEDGER tok=0x0000000b route=passthrough rung=1 emulated=0 forwarded=1 host=0x22 trap=1 fast=0
DBL_LEDGER mode=off DOORBELL-LEDGER tok=0x0000000a route=passthrough rung=1 emulated=0 forwarded=1 host=0x21 trap=1 fast=0
DBL_LEDGER mode=off DOORBELL-LEDGER tok=0x00000009 route=passthrough rung=1 emulated=0 forwarded=1 host=0x20 trap=1 fast=0
DBL_LEDGER mode=off DOORBELL-LEDGER tok=0x00000008 route=passthrough rung=1 emulated=0 forwarded=1 host=0x1f trap=1 fast=0
DBL_LEDGER mode=off DOORBELL-LEDGER tok=0x00000007 route=passthrough rung=218 emulated=0 forwarded=218 host=0x1e trap=218 fast=0
DBL_LEDGER mode=off DOORBELL-LEDGER tok=0x00000812 route=passthrough rung=1 emulated=0 forwarded=1 host=0x10029 trap=1 fast=0
DBL_LEDGER mode=off DOORBELL-LEDGER tok=0x00000811 route=passthrough rung=1 emulated=0 forwarded=1 host=0x10028 trap=1 fast=0
DBL_LEDGER mode=off DOORBELL-LEDGER tok=0x00000810 route=passthrough rung=1 emulated=0 forwarded=1 host=0x10027 trap=1 fast=0
DBL_LEDGER mode=off DOORBELL-LEDGER tok=0x0000080f route=passthrough rung=128 emulated=0 forwarded=128 host=0x10026 trap=128 fast=0
DBL_LEDGER mode=off DOORBELL-LEDGER tok=0x00001016 route=passthrough rung=1 emulated=0 forwarded=1 host=0x2002d trap=1 fast=0
DBL_LEDGER mode=off DOORBELL-LEDGER tok=0x00001015 route=passthrough rung=1 emulated=0 forwarded=1 host=0x2002c trap=1 fast=0
DBL_LEDGER mode=off DOORBELL-LEDGER tok=0x00001014 route=passthrough rung=1 emulated=0 forwarded=1 host=0x2002b trap=1 fast=0
DBL_LEDGER mode=off DOORBELL-LEDGER tok=0x00001013 route=passthrough rung=358 emulated=0 forwarded=358 host=0x2002a trap=358 fast=0
DBL_LEDGER mode=off DOORBELL-LEDGER tok=0x00000802 route=translated emulated=0 forwarded=2 host=0x10019 fast=0
DBL_LEDGER mode=off DOORBELL-LEDGER tok=0x00000801 route=translated emulated=0 forwarded=52 host=0x10018 fast=0
DBL_LADDER_on_RC=0
DBL_LADDER mode=on CL_ROW mode=guest rung=cup2 rep=1 verdict=PASS boot_rc=0 graded=[CE rv=0xabcd1234 want=0xabcd1234 -> PASS]  trapped=10012 ledger=[0x00000802:e0f2 0x00000801:e0f0 0x00001006:e0f1 0x00001005:e0f1 0x00000804:e0f1 0x00000803:e0f195 0x0000000e:e0f1 0x0000000d:e0f1 0x0000000c:e0f1 0x0000000b:e0f1 0x0000000a:e0f1 0x00000009:e0f1 0x00000008:e0f1 0x00000007:e0f111 0x00000812:e0f1 0x00000811:e0f1 0x00000810
DBL_LADDER mode=on CL_ROW mode=guest rung=cup3 rep=1 verdict=PASS boot_rc=0 graded=[CUP3_VAL=43]  trapped=10017 ledger=[0x00000802:e0f2 0x00000801:e0f0 0x00001006:e0f1 0x00001005:e0f1 0x00000804:e0f1 0x00000803:e0f197 0x0000000e:e0f1 0x0000000d:e0f1 0x0000000c:e0f1 0x0000000b:e0f1 0x0000000a:e0f1 0x00000009:e0f1 0x00000008:e0f1 0x00000007:e0f117 0x00000812:e0f1 0x00000811:e0f1 0x00000810:e0f1 0x0000080f:e0f96 0x0000
DBL_LADDER mode=on CL_ROW mode=guest rung=cup8 rep=1 verdict=PASS boot_rc=0 graded=[CUP8_BAD=0 CUP8_MAXERR=0] CUP8_WALL_S=6 trapped=10104 ledger=[0x00000802:e0f2 0x00000801:e0f0 0x00001006:e0f1 0x00001005:e0f1 0x00000804:e0f1 0x00000803:e0f201 0x0000000e:e0f1 0x0000000d:e0f1 0x0000000c:e0f1 0x0000000b:e0f1 0x0000000a:e0f1 0x00000009:e0f1 0x00000008:e0f1 0x00000007:e0f116 0x00000812:e0f1 0x00000811:e0f1 0x00000810:e0
DBL_LADDER mode=on CL_ROW mode=guest rung=cup8bench rep=1 verdict=PASS boot_rc=0 graded=[GUEST_BENCH_TOTAL_BAD=0 GUEST_BENCH_VERDICT=PASS (every timed iteration verified)] BENCH_measure_WALL_S=6 trapped=10153 ledger=[0x00000802:e0f2 0x00000801:e0f0 0x00001006:e0f1 0x00001005:e0f1 0x00000804:e0f1 0x00000803:e0f201 0x0000000e:e0f1 0x0000000d:e0f1 0x0000000c:e0f1 0x0000000b:e0f1 0x0000000a:e0f1 0x00000009:e0f1 0x000000
DBL_LADDER mode=on CL_BENCH mode=guest rep=1 GUEST_BSUM N=16 iters=20 first_ms=0.070 med_ms=0.088 p90_ms=0.127 min_ms=0.045 max_ms=0.157 gflops=0.093 batch_per_launch_ms=0.022 batch_gflops=0.372 h2d_ms=0.742 d2h_med_ms=0.112 submit_med_ms=0.027 sync_med_ms=0.055 sync_cpu_med_ms=0.055 sync_offcpu_med_ms=0.001 sync_nvcsw_med=0.0 submit_cpu_med_ms=0.030 bad=0 maxerr=0
DBL_LADDER mode=on CL_BENCH mode=guest rep=1 GUEST_BSUM N=2048 iters=20 first_ms=23.575 med_ms=22.208 p90_ms=23.547 min_ms=22.164 max_ms=23.572 gflops=773.607 batch_per_launch_ms=22.216 batch_gflops=773.326 h2d_ms=5.524 d2h_med_ms=3.065 submit_med_ms=0.033 sync_med_ms=22.176 sync_cpu_med_ms=22.177 sync_offcpu_med_ms=0.000 sync_nvcsw_med=0.0 submit_cpu_med_ms=0.038 bad=0 maxerr=0
DBL_LADDER mode=on CL_BENCH mode=guest rep=1 GUEST_BENCH_INIT_MS=2927.64
DBL_LADDER mode=on CL_BENCH mode=guest rep=1 GUEST_BENCH_CTX_MS=756.19
DBL_LADDER mode=on CL_BENCH mode=guest rep=1 GUEST_BENCH_MODULE_MS=5.76
DBL_LADDER mode=on run_cl_dbl3_on_cup2_1_qemu.log dbfast[ON regs=0 placed=0/256 sites=1 doorbells=473 wakes=351 rang=155 handed=196 absorbed=0 refused(budget=0 kvm=0 enospc=0 eexist=0 fd=0) deassign_failed=0 ack_timeouts=0 double=0 stale=0 empty=0 polls=33/2083 max_batch=2 wake_to_deliver[n=351 p50=5.6us p99=
DBL_LEDGER mode=on DOORBELL-LEDGER tok=0x00000802 route=translated emulated=0 forwarded=2 host=0x10019 fast=2 fast_wakes=2 fast_forwarded=2 fast_absorbed=0 fast_failed=0 fast_sites=1 fast_refused=0
DBL_LEDGER mode=on DOORBELL-LEDGER tok=0x00000801 route=translated emulated=0 forwarded=0 host=0x10018 fast=0 fast_wakes=0 fast_forwarded=0 fast_absorbed=0 fast_failed=0 fast_sites=1 fast_refused=0
DBL_LEDGER mode=on DOORBELL-LEDGER tok=0x00001006 route=translated emulated=0 forwarded=1 host=0x1001d fast=1 fast_wakes=1 fast_forwarded=1 fast_absorbed=0 fast_failed=0 fast_sites=1 fast_refused=0
DBL_LEDGER mode=on DOORBELL-LEDGER tok=0x00001005 route=translated emulated=0 forwarded=1 host=0x1001c fast=1 fast_wakes=1 fast_forwarded=1 fast_absorbed=0 fast_failed=0 fast_sites=1 fast_refused=0
DBL_LEDGER mode=on DOORBELL-LEDGER tok=0x00000804 route=translated emulated=0 forwarded=1 host=0x1001b fast=1 fast_wakes=1 fast_forwarded=1 fast_absorbed=0 fast_failed=0 fast_sites=1 fast_refused=0
DBL_LEDGER mode=on DOORBELL-LEDGER tok=0x00000803 route=translated emulated=0 forwarded=195 host=0x1001a fast=195 fast_wakes=155 fast_forwarded=195 fast_absorbed=0 fast_failed=0 fast_sites=1 fast_refused=0
DBL_LEDGER mode=on DOORBELL-LEDGER tok=0x0000000e route=passthrough rung=1 emulated=0 forwarded=1 host=0x25 trap=0 fast=1 fast_wakes=1 fast_forwarded=1 fast_absorbed=0 fast_failed=0 fast_sites=1 fast_refused=0
DBL_LEDGER mode=on DOORBELL-LEDGER tok=0x0000000d route=passthrough rung=1 emulated=0 forwarded=1 host=0x24 trap=0 fast=1 fast_wakes=1 fast_forwarded=1 fast_absorbed=0 fast_failed=0 fast_sites=1 fast_refused=0
DBL_LEDGER mode=on DOORBELL-LEDGER tok=0x0000000c route=passthrough rung=1 emulated=0 forwarded=1 host=0x23 trap=0 fast=1 fast_wakes=1 fast_forwarded=1 fast_absorbed=0 fast_failed=0 fast_sites=1 fast_refused=0
DBL_LEDGER mode=on DOORBELL-LEDGER tok=0x0000000b route=passthrough rung=1 emulated=0 forwarded=1 host=0x22 trap=0 fast=1 fast_wakes=1 fast_forwarded=1 fast_absorbed=0 fast_failed=0 fast_sites=1 fast_refused=0
DBL_LEDGER mode=on DOORBELL-LEDGER tok=0x0000000a route=passthrough rung=1 emulated=0 forwarded=1 host=0x21 trap=0 fast=1 fast_wakes=1 fast_forwarded=1 fast_absorbed=0 fast_failed=0 fast_sites=1 fast_refused=0
DBL_LEDGER mode=on DOORBELL-LEDGER tok=0x00000009 route=passthrough rung=1 emulated=0 forwarded=1 host=0x20 trap=0 fast=1 fast_wakes=1 fast_forwarded=1 fast_absorbed=0 fast_failed=0 fast_sites=1 fast_refused=0
DBL_LEDGER mode=on DOORBELL-LEDGER tok=0x00000008 route=passthrough rung=1 emulated=0 forwarded=1 host=0x1f trap=0 fast=1 fast_wakes=1 fast_forwarded=1 fast_absorbed=0 fast_failed=0 fast_sites=1 fast_refused=0
DBL_LEDGER mode=on DOORBELL-LEDGER tok=0x00000007 route=passthrough rung=111 emulated=0 forwarded=111 host=0x1e trap=0 fast=111 fast_wakes=72 fast_forwarded=111 fast_absorbed=0 fast_failed=0 fast_sites=1 fast_refused=0
DBL_LEDGER mode=on DOORBELL-LEDGER tok=0x00000812 route=passthrough rung=1 emulated=0 forwarded=1 host=0x10029 trap=0 fast=1 fast_wakes=1 fast_forwarded=1 fast_absorbed=0 fast_failed=0 fast_sites=1 fast_refused=0
DBL_LEDGER mode=on DOORBELL-LEDGER tok=0x00000811 route=passthrough rung=1 emulated=0 forwarded=1 host=0x10028 trap=0 fast=1 fast_wakes=1 fast_forwarded=1 fast_absorbed=0 fast_failed=0 fast_sites=1 fast_refused=0
DBL_LEDGER mode=on DOORBELL-LEDGER tok=0x00000810 route=passthrough rung=1 emulated=0 forwarded=1 host=0x10027 trap=0 fast=1 fast_wakes=1 fast_forwarded=1 fast_absorbed=0 fast_failed=0 fast_sites=1 fast_refused=0
DBL_LEDGER mode=on DOORBELL-LEDGER tok=0x0000080f route=passthrough rung=96 emulated=0 forwarded=96 host=0x10026 trap=0 fast=96 fast_wakes=68 fast_forwarded=96 fast_absorbed=0 fast_failed=0 fast_sites=1 fast_refused=0
DBL_LEDGER mode=on DOORBELL-LEDGER tok=0x00001016 route=passthrough rung=1 emulated=0 forwarded=1 host=0x2002d trap=0 fast=1 fast_wakes=1 fast_forwarded=1 fast_absorbed=0 fast_failed=0 fast_sites=1 fast_refused=0
DBL_LEDGER mode=on DOORBELL-LEDGER tok=0x00001015 route=passthrough rung=1 emulated=0 forwarded=1 host=0x2002c trap=0 fast=1 fast_wakes=1 fast_forwarded=1 fast_absorbed=0 fast_failed=0 fast_sites=1 fast_refused=0
DBL_LEDGER mode=on DOORBELL-LEDGER tok=0x00001014 route=passthrough rung=1 emulated=0 forwarded=1 host=0x2002b trap=0 fast=1 fast_wakes=1 fast_forwarded=1 fast_absorbed=0 fast_failed=0 fast_sites=1 fast_refused=0
DBL_LEDGER mode=on DOORBELL-LEDGER tok=0x00001013 route=passthrough rung=2 emulated=0 forwarded=2 host=0x2002a trap=0 fast=2 fast_wakes=2 fast_forwarded=2 fast_absorbed=0 fast_failed=0 fast_sites=1 fast_refused=0
DBL_LEDGER mode=on DOORBELL-LEDGER tok=0x00000802 route=translated emulated=0 forwarded=2 host=0x10019 fast=2 fast_wakes=2 fast_forwarded=2 fast_absorbed=0 fast_failed=0 fast_sites=1 fast_refused=0
DBL_LEDGER mode=on DOORBELL-LEDGER tok=0x00000801 route=translated emulated=0 forwarded=49 host=0x10018 fast=49 fast_wakes=34 fast_forwarded=49 fast_absorbed=0 fast_failed=0 fast_sites=1 fast_refused=0
DBL_LADDER mode=on run_cl_dbl3_on_cup3_1_qemu.log dbfast[ON regs=0 placed=0/256 sites=1 doorbells=481 wakes=367 rang=160 handed=207 absorbed=0 refused(budget=0 kvm=0 enospc=0 eexist=0 fd=0) deassign_failed=0 ack_timeouts=0 double=0 stale=0 empty=0 polls=27/2097 max_batch=2 wake_to_deliver[n=367 p50=7.2us p99=
DBL_LEDGER mode=on DOORBELL-LEDGER tok=0x00000802 route=translated emulated=0 forwarded=2 host=0x10019 fast=2 fast_wakes=2 fast_forwarded=2 fast_absorbed=0 fast_failed=0 fast_sites=1 fast_refused=0
DBL_LEDGER mode=on DOORBELL-LEDGER tok=0x00000801 route=translated emulated=0 forwarded=0 host=0x10018 fast=0 fast_wakes=0 fast_forwarded=0 fast_absorbed=0 fast_failed=0 fast_sites=1 fast_refused=0
DBL_LEDGER mode=on DOORBELL-LEDGER tok=0x00001006 route=translated emulated=0 forwarded=1 host=0x1001d fast=1 fast_wakes=1 fast_forwarded=1 fast_absorbed=0 fast_failed=0 fast_sites=1 fast_refused=0
DBL_LEDGER mode=on DOORBELL-LEDGER tok=0x00001005 route=translated emulated=0 forwarded=1 host=0x1001c fast=1 fast_wakes=1 fast_forwarded=1 fast_absorbed=0 fast_failed=0 fast_sites=1 fast_refused=0
DBL_LEDGER mode=on DOORBELL-LEDGER tok=0x00000804 route=translated emulated=0 forwarded=1 host=0x1001b fast=1 fast_wakes=1 fast_forwarded=1 fast_absorbed=0 fast_failed=0 fast_sites=1 fast_refused=0
DBL_LEDGER mode=on DOORBELL-LEDGER tok=0x00000803 route=translated emulated=0 forwarded=197 host=0x1001a fast=197 fast_wakes=156 fast_forwarded=197 fast_absorbed=0 fast_failed=0 fast_sites=1 fast_refused=0
DBL_LEDGER mode=on DOORBELL-LEDGER tok=0x0000000e route=passthrough rung=1 emulated=0 forwarded=1 host=0x25 trap=0 fast=1 fast_wakes=1 fast_forwarded=1 fast_absorbed=0 fast_failed=0 fast_sites=1 fast_refused=0
DBL_LEDGER mode=on DOORBELL-LEDGER tok=0x0000000d route=passthrough rung=1 emulated=0 forwarded=1 host=0x24 trap=0 fast=1 fast_wakes=1 fast_forwarded=1 fast_absorbed=0 fast_failed=0 fast_sites=1 fast_refused=0
DBL_LEDGER mode=on DOORBELL-LEDGER tok=0x0000000c route=passthrough rung=1 emulated=0 forwarded=1 host=0x23 trap=0 fast=1 fast_wakes=1 fast_forwarded=1 fast_absorbed=0 fast_failed=0 fast_sites=1 fast_refused=0
DBL_LEDGER mode=on DOORBELL-LEDGER tok=0x0000000b route=passthrough rung=1 emulated=0 forwarded=1 host=0x22 trap=0 fast=1 fast_wakes=1 fast_forwarded=1 fast_absorbed=0 fast_failed=0 fast_sites=1 fast_refused=0
DBL_LEDGER mode=on DOORBELL-LEDGER tok=0x0000000a route=passthrough rung=1 emulated=0 forwarded=1 host=0x21 trap=0 fast=1 fast_wakes=1 fast_forwarded=1 fast_absorbed=0 fast_failed=0 fast_sites=1 fast_refused=0
DBL_LEDGER mode=on DOORBELL-LEDGER tok=0x00000009 route=passthrough rung=1 emulated=0 forwarded=1 host=0x20 trap=0 fast=1 fast_wakes=1 fast_forwarded=1 fast_absorbed=0 fast_failed=0 fast_sites=1 fast_refused=0
DBL_LEDGER mode=on DOORBELL-LEDGER tok=0x00000008 route=passthrough rung=1 emulated=0 forwarded=1 host=0x1f trap=0 fast=1 fast_wakes=1 fast_forwarded=1 fast_absorbed=0 fast_failed=0 fast_sites=1 fast_refused=0
DBL_LEDGER mode=on DOORBELL-LEDGER tok=0x00000007 route=passthrough rung=117 emulated=0 forwarded=117 host=0x1e trap=0 fast=117 fast_wakes=79 fast_forwarded=117 fast_absorbed=0 fast_failed=0 fast_sites=1 fast_refused=0
DBL_LEDGER mode=on DOORBELL-LEDGER tok=0x00000812 route=passthrough rung=1 emulated=0 forwarded=1 host=0x10029 trap=0 fast=1 fast_wakes=1 fast_forwarded=1 fast_absorbed=0 fast_failed=0 fast_sites=1 fast_refused=0
DBL_LEDGER mode=on DOORBELL-LEDGER tok=0x00000811 route=passthrough rung=1 emulated=0 forwarded=1 host=0x10028 trap=0 fast=1 fast_wakes=1 fast_forwarded=1 fast_absorbed=0 fast_failed=0 fast_sites=1 fast_refused=0
DBL_LEDGER mode=on DOORBELL-LEDGER tok=0x00000810 route=passthrough rung=1 emulated=0 forwarded=1 host=0x10027 trap=0 fast=1 fast_wakes=1 fast_forwarded=1 fast_absorbed=0 fast_failed=0 fast_sites=1 fast_refused=0
DBL_LEDGER mode=on DOORBELL-LEDGER tok=0x0000080f route=passthrough rung=96 emulated=0 forwarded=96 host=0x10026 trap=0 fast=96 fast_wakes=66 fast_forwarded=96 fast_absorbed=0 fast_failed=0 fast_sites=1 fast_refused=0
DBL_LEDGER mode=on DOORBELL-LEDGER tok=0x00001016 route=passthrough rung=1 emulated=0 forwarded=1 host=0x2002d trap=0 fast=1 fast_wakes=1 fast_forwarded=1 fast_absorbed=0 fast_failed=0 fast_sites=1 fast_refused=0
DBL_LEDGER mode=on DOORBELL-LEDGER tok=0x00001015 route=passthrough rung=1 emulated=0 forwarded=1 host=0x2002c trap=0 fast=1 fast_wakes=1 fast_forwarded=1 fast_absorbed=0 fast_failed=0 fast_sites=1 fast_refused=0
DBL_LEDGER mode=on DOORBELL-LEDGER tok=0x00001014 route=passthrough rung=1 emulated=0 forwarded=1 host=0x2002b trap=0 fast=1 fast_wakes=1 fast_forwarded=1 fast_absorbed=0 fast_failed=0 fast_sites=1 fast_refused=0
DBL_LEDGER mode=on DOORBELL-LEDGER tok=0x00001013 route=passthrough rung=2 emulated=0 forwarded=2 host=0x2002a trap=0 fast=2 fast_wakes=2 fast_forwarded=2 fast_absorbed=0 fast_failed=0 fast_sites=1 fast_refused=0
DBL_LEDGER mode=on DOORBELL-LEDGER tok=0x00000802 route=translated emulated=0 forwarded=2 host=0x10019 fast=2 fast_wakes=2 fast_forwarded=2 fast_absorbed=0 fast_failed=0 fast_sites=1 fast_refused=0
DBL_LEDGER mode=on DOORBELL-LEDGER tok=0x00000801 route=translated emulated=0 forwarded=49 host=0x10018 fast=49 fast_wakes=44 fast_forwarded=49 fast_absorbed=0 fast_failed=0 fast_sites=1 fast_refused=0
DBL_LADDER mode=on run_cl_dbl3_on_cup8_1_qemu.log dbfast[ON regs=0 placed=0/256 sites=1 doorbells=533 wakes=411 rang=211 handed=200 absorbed=0 refused(budget=0 kvm=0 enospc=0 eexist=0 fd=0) deassign_failed=0 ack_timeouts=0 double=0 stale=0 empty=0 polls=24/2159 max_batch=2 wake_to_deliver[n=411 p50=5.1us p99=
DBL_LEDGER mode=on DOORBELL-LEDGER tok=0x00000802 route=translated emulated=0 forwarded=2 host=0x10019 fast=2 fast_wakes=2 fast_forwarded=2 fast_absorbed=0 fast_failed=0 fast_sites=1 fast_refused=0
DBL_LEDGER mode=on DOORBELL-LEDGER tok=0x00000801 route=translated emulated=0 forwarded=0 host=0x10018 fast=0 fast_wakes=0 fast_forwarded=0 fast_absorbed=0 fast_failed=0 fast_sites=1 fast_refused=0
DBL_LEDGER mode=on DOORBELL-LEDGER tok=0x00001006 route=translated emulated=0 forwarded=1 host=0x1001d fast=1 fast_wakes=1 fast_forwarded=1 fast_absorbed=0 fast_failed=0 fast_sites=1 fast_refused=0
DBL_LEDGER mode=on DOORBELL-LEDGER tok=0x00001005 route=translated emulated=0 forwarded=1 host=0x1001c fast=1 fast_wakes=1 fast_forwarded=1 fast_absorbed=0 fast_failed=0 fast_sites=1 fast_refused=0
DBL_LEDGER mode=on DOORBELL-LEDGER tok=0x00000804 route=translated emulated=0 forwarded=1 host=0x1001b fast=1 fast_wakes=1 fast_forwarded=1 fast_absorbed=0 fast_failed=0 fast_sites=1 fast_refused=0
DBL_LEDGER mode=on DOORBELL-LEDGER tok=0x00000803 route=translated emulated=0 forwarded=201 host=0x1001a fast=201 fast_wakes=158 fast_forwarded=201 fast_absorbed=0 fast_failed=0 fast_sites=1 fast_refused=0
DBL_LEDGER mode=on DOORBELL-LEDGER tok=0x0000000e route=passthrough rung=1 emulated=0 forwarded=1 host=0x25 trap=0 fast=1 fast_wakes=1 fast_forwarded=1 fast_absorbed=0 fast_failed=0 fast_sites=1 fast_refused=0
DBL_LEDGER mode=on DOORBELL-LEDGER tok=0x0000000d route=passthrough rung=1 emulated=0 forwarded=1 host=0x24 trap=0 fast=1 fast_wakes=1 fast_forwarded=1 fast_absorbed=0 fast_failed=0 fast_sites=1 fast_refused=0
DBL_LEDGER mode=on DOORBELL-LEDGER tok=0x0000000c route=passthrough rung=1 emulated=0 forwarded=1 host=0x23 trap=0 fast=1 fast_wakes=1 fast_forwarded=1 fast_absorbed=0 fast_failed=0 fast_sites=1 fast_refused=0
DBL_LEDGER mode=on DOORBELL-LEDGER tok=0x0000000b route=passthrough rung=1 emulated=0 forwarded=1 host=0x22 trap=0 fast=1 fast_wakes=1 fast_forwarded=1 fast_absorbed=0 fast_failed=0 fast_sites=1 fast_refused=0
DBL_LEDGER mode=on DOORBELL-LEDGER tok=0x0000000a route=passthrough rung=1 emulated=0 forwarded=1 host=0x21 trap=0 fast=1 fast_wakes=1 fast_forwarded=1 fast_absorbed=0 fast_failed=0 fast_sites=1 fast_refused=0
DBL_LEDGER mode=on DOORBELL-LEDGER tok=0x00000009 route=passthrough rung=1 emulated=0 forwarded=1 host=0x20 trap=0 fast=1 fast_wakes=1 fast_forwarded=1 fast_absorbed=0 fast_failed=0 fast_sites=1 fast_refused=0
DBL_LEDGER mode=on DOORBELL-LEDGER tok=0x00000008 route=passthrough rung=1 emulated=0 forwarded=1 host=0x1f trap=0 fast=1 fast_wakes=1 fast_forwarded=1 fast_absorbed=0 fast_failed=0 fast_sites=1 fast_refused=0
DBL_LEDGER mode=on DOORBELL-LEDGER tok=0x00000007 route=passthrough rung=116 emulated=0 forwarded=116 host=0x1e trap=0 fast=116 fast_wakes=84 fast_forwarded=116 fast_absorbed=0 fast_failed=0 fast_sites=1 fast_refused=0
DBL_LEDGER mode=on DOORBELL-LEDGER tok=0x00000812 route=passthrough rung=1 emulated=0 forwarded=1 host=0x10029 trap=0 fast=1 fast_wakes=1 fast_forwarded=1 fast_absorbed=0 fast_failed=0 fast_sites=1 fast_refused=0
DBL_LEDGER mode=on DOORBELL-LEDGER tok=0x00000811 route=passthrough rung=1 emulated=0 forwarded=1 host=0x10028 trap=0 fast=1 fast_wakes=1 fast_forwarded=1 fast_absorbed=0 fast_failed=0 fast_sites=1 fast_refused=0
DBL_LEDGER mode=on DOORBELL-LEDGER tok=0x00000810 route=passthrough rung=1 emulated=0 forwarded=1 host=0x10027 trap=0 fast=1 fast_wakes=1 fast_forwarded=1 fast_absorbed=0 fast_failed=0 fast_sites=1 fast_refused=0
DBL_LEDGER mode=on DOORBELL-LEDGER tok=0x0000080f route=passthrough rung=128 emulated=0 forwarded=128 host=0x10026 trap=0 fast=128 fast_wakes=98 fast_forwarded=128 fast_absorbed=0 fast_failed=0 fast_sites=1 fast_refused=0
DBL_LEDGER mode=on DOORBELL-LEDGER tok=0x00001016 route=passthrough rung=1 emulated=0 forwarded=1 host=0x2002d trap=0 fast=1 fast_wakes=1 fast_forwarded=1 fast_absorbed=0 fast_failed=0 fast_sites=1 fast_refused=0
DBL_LEDGER mode=on DOORBELL-LEDGER tok=0x00001015 route=passthrough rung=1 emulated=0 forwarded=1 host=0x2002c trap=0 fast=1 fast_wakes=1 fast_forwarded=1 fast_absorbed=0 fast_failed=0 fast_sites=1 fast_refused=0
DBL_LEDGER mode=on DOORBELL-LEDGER tok=0x00001014 route=passthrough rung=1 emulated=0 forwarded=1 host=0x2002b trap=0 fast=1 fast_wakes=1 fast_forwarded=1 fast_absorbed=0 fast_failed=0 fast_sites=1 fast_refused=0
DBL_LEDGER mode=on DOORBELL-LEDGER tok=0x00001013 route=passthrough rung=17 emulated=0 forwarded=17 host=0x2002a trap=0 fast=17 fast_wakes=16 fast_forwarded=17 fast_absorbed=0 fast_failed=0 fast_sites=1 fast_refused=0
DBL_LEDGER mode=on DOORBELL-LEDGER tok=0x00000802 route=translated emulated=0 forwarded=2 host=0x10019 fast=2 fast_wakes=2 fast_forwarded=2 fast_absorbed=0 fast_failed=0 fast_sites=1 fast_refused=0
DBL_LEDGER mode=on DOORBELL-LEDGER tok=0x00000801 route=translated emulated=0 forwarded=51 host=0x10018 fast=51 fast_wakes=35 fast_forwarded=51 fast_absorbed=0 fast_failed=0 fast_sites=1 fast_refused=0
DBL_LADDER mode=on run_cl_dbl3_on_cup8bench_1_qemu.log dbfast[ON regs=0 placed=0/256 sites=1 doorbells=977 wakes=851 rang=632 handed=219 absorbed=0 refused(budget=0 kvm=0 enospc=0 eexist=0 fd=0) deassign_failed=0 ack_timeouts=0 double=0 stale=0 empty=0 polls=26/2587 max_batch=2 wake_to_deliver[n=851 p50=3.6us p99=
DBL_LEDGER mode=on DOORBELL-LEDGER tok=0x00000802 route=translated emulated=0 forwarded=2 host=0x10019 fast=2 fast_wakes=2 fast_forwarded=2 fast_absorbed=0 fast_failed=0 fast_sites=1 fast_refused=0
DBL_LEDGER mode=on DOORBELL-LEDGER tok=0x00000801 route=translated emulated=0 forwarded=0 host=0x10018 fast=0 fast_wakes=0 fast_forwarded=0 fast_absorbed=0 fast_failed=0 fast_sites=1 fast_refused=0
DBL_LEDGER mode=on DOORBELL-LEDGER tok=0x00001006 route=translated emulated=0 forwarded=1 host=0x1001d fast=1 fast_wakes=1 fast_forwarded=1 fast_absorbed=0 fast_failed=0 fast_sites=1 fast_refused=0
DBL_LEDGER mode=on DOORBELL-LEDGER tok=0x00001005 route=translated emulated=0 forwarded=1 host=0x1001c fast=1 fast_wakes=1 fast_forwarded=1 fast_absorbed=0 fast_failed=0 fast_sites=1 fast_refused=0
DBL_LEDGER mode=on DOORBELL-LEDGER tok=0x00000804 route=translated emulated=0 forwarded=1 host=0x1001b fast=1 fast_wakes=1 fast_forwarded=1 fast_absorbed=0 fast_failed=0 fast_sites=1 fast_refused=0
DBL_LEDGER mode=on DOORBELL-LEDGER tok=0x00000803 route=translated emulated=0 forwarded=201 host=0x1001a fast=201 fast_wakes=164 fast_forwarded=201 fast_absorbed=0 fast_failed=0 fast_sites=1 fast_refused=0
DBL_LEDGER mode=on DOORBELL-LEDGER tok=0x0000000e route=passthrough rung=1 emulated=0 forwarded=1 host=0x25 trap=0 fast=1 fast_wakes=1 fast_forwarded=1 fast_absorbed=0 fast_failed=0 fast_sites=1 fast_refused=0
DBL_LEDGER mode=on DOORBELL-LEDGER tok=0x0000000d route=passthrough rung=1 emulated=0 forwarded=1 host=0x24 trap=0 fast=1 fast_wakes=1 fast_forwarded=1 fast_absorbed=0 fast_failed=0 fast_sites=1 fast_refused=0
DBL_LEDGER mode=on DOORBELL-LEDGER tok=0x0000000c route=passthrough rung=1 emulated=0 forwarded=1 host=0x23 trap=0 fast=1 fast_wakes=1 fast_forwarded=1 fast_absorbed=0 fast_failed=0 fast_sites=1 fast_refused=0
DBL_LEDGER mode=on DOORBELL-LEDGER tok=0x0000000b route=passthrough rung=1 emulated=0 forwarded=1 host=0x22 trap=0 fast=1 fast_wakes=1 fast_forwarded=1 fast_absorbed=0 fast_failed=0 fast_sites=1 fast_refused=0
DBL_LEDGER mode=on DOORBELL-LEDGER tok=0x0000000a route=passthrough rung=1 emulated=0 forwarded=1 host=0x21 trap=0 fast=1 fast_wakes=1 fast_forwarded=1 fast_absorbed=0 fast_failed=0 fast_sites=1 fast_refused=0
DBL_LEDGER mode=on DOORBELL-LEDGER tok=0x00000009 route=passthrough rung=1 emulated=0 forwarded=1 host=0x20 trap=0 fast=1 fast_wakes=1 fast_forwarded=1 fast_absorbed=0 fast_failed=0 fast_sites=1 fast_refused=0
DBL_LEDGER mode=on DOORBELL-LEDGER tok=0x00000008 route=passthrough rung=1 emulated=0 forwarded=1 host=0x1f trap=0 fast=1 fast_wakes=1 fast_forwarded=1 fast_absorbed=0 fast_failed=0 fast_sites=1 fast_refused=0
DBL_LEDGER mode=on DOORBELL-LEDGER tok=0x00000007 route=passthrough rung=218 emulated=0 forwarded=218 host=0x1e trap=0 fast=218 fast_wakes=171 fast_forwarded=218 fast_absorbed=0 fast_failed=0 fast_sites=1 fast_refused=0
DBL_LEDGER mode=on DOORBELL-LEDGER tok=0x00000812 route=passthrough rung=1 emulated=0 forwarded=1 host=0x10029 trap=0 fast=1 fast_wakes=1 fast_forwarded=1 fast_absorbed=0 fast_failed=0 fast_sites=1 fast_refused=0
DBL_LEDGER mode=on DOORBELL-LEDGER tok=0x00000811 route=passthrough rung=1 emulated=0 forwarded=1 host=0x10028 trap=0 fast=1 fast_wakes=1 fast_forwarded=1 fast_absorbed=0 fast_failed=0 fast_sites=1 fast_refused=0
DBL_LEDGER mode=on DOORBELL-LEDGER tok=0x00000810 route=passthrough rung=1 emulated=0 forwarded=1 host=0x10027 trap=0 fast=1 fast_wakes=1 fast_forwarded=1 fast_absorbed=0 fast_failed=0 fast_sites=1 fast_refused=0
DBL_LEDGER mode=on DOORBELL-LEDGER tok=0x0000080f route=passthrough rung=128 emulated=0 forwarded=128 host=0x10026 trap=0 fast=128 fast_wakes=109 fast_forwarded=128 fast_absorbed=0 fast_failed=0 fast_sites=1 fast_refused=0
DBL_LEDGER mode=on DOORBELL-LEDGER tok=0x00001016 route=passthrough rung=1 emulated=0 forwarded=1 host=0x2002d trap=0 fast=1 fast_wakes=1 fast_forwarded=1 fast_absorbed=0 fast_failed=0 fast_sites=1 fast_refused=0
DBL_LEDGER mode=on DOORBELL-LEDGER tok=0x00001015 route=passthrough rung=1 emulated=0 forwarded=1 host=0x2002c trap=0 fast=1 fast_wakes=1 fast_forwarded=1 fast_absorbed=0 fast_failed=0 fast_sites=1 fast_refused=0
DBL_LEDGER mode=on DOORBELL-LEDGER tok=0x00001014 route=passthrough rung=1 emulated=0 forwarded=1 host=0x2002b trap=0 fast=1 fast_wakes=1 fast_forwarded=1 fast_absorbed=0 fast_failed=0 fast_sites=1 fast_refused=0
DBL_LEDGER mode=on DOORBELL-LEDGER tok=0x00001013 route=passthrough rung=358 emulated=0 forwarded=358 host=0x2002a trap=0 fast=358 fast_wakes=339 fast_forwarded=358 fast_absorbed=0 fast_failed=0 fast_sites=1 fast_refused=0
DBL_LEDGER mode=on DOORBELL-LEDGER tok=0x00000802 route=translated emulated=0 forwarded=2 host=0x10019 fast=2 fast_wakes=2 fast_forwarded=2 fast_absorbed=0 fast_failed=0 fast_sites=1 fast_refused=0
DBL_LEDGER mode=on DOORBELL-LEDGER tok=0x00000801 route=translated emulated=0 forwarded=52 host=0x10018 fast=52 fast_wakes=48 fast_forwarded=52 fast_absorbed=0 fast_failed=0 fast_sites=1 fast_refused=0
EXIT rc=0 2026-09-30T14:24:29+00:00
