PROBE_START 2026-08-11T08:58:38+00:00 rev=a517402
baseline OK; pre-existing never-used lines: 0
RESULT|crates/kayfabe-fwd/src/lib.rs|1119|checkout|INTERNAL_CALLER
RESULT|crates/kayfabe-fwd/src/lib.rs|1357|verb_fault|INTERNAL_CALLER
RESULT|crates/kayfabe-fwd/src/lib.rs|1402|publish_backing|EXTERNAL_TEST_CALLER
RESULT|crates/kayfabe-fwd/src/lib.rs|1467|pin_guest_ram|NO_CALLER_ANYWHERE
RESULT|crates/kayfabe-fwd/src/lib.rs|2028|back_fb_leaf|NO_CALLER_ANYWHERE
RESULT|crates/kayfabe-fwd/src/lib.rs|2430|resolve|EXTERNAL_TEST_CALLER
RESULT|crates/kayfabe-fwd/src/lib.rs|2603|exec_doorbell|INTERNAL_CALLER
RESULT|crates/kayfabe-fwd/src/lib.rs|2875|handle_doorbell|EXTERNAL_TEST_CALLER
RESULT|crates/kayfabe-fwd/src/lib.rs|2892|deliver_completions|EXTERNAL_TEST_CALLER
RESULT|crates/kayfabe-fwd/src/lib.rs|2905|poll_completions|EXTERNAL_TEST_CALLER
RESULT|crates/kayfabe-fwd/src/lib.rs|3109|exec_engine_object|INTERNAL_CALLER
RESULT|crates/kayfabe-fwd/src/lib.rs|3327|forward_engine_object|EXTERNAL_TEST_CALLER
RESULT|crates/kayfabe-fwd/src/lib.rs|3382|forward_control|INTERNAL_CALLER
RESULT|crates/kayfabe-fwd/src/lib.rs|3482|route_control|EXTERNAL_TEST_CALLER
RESULT|crates/kayfabe-fwd/src/lib.rs|3510|signal_golden_capture|EXTERNAL_TEST_CALLER
RESULT|crates/kayfabe-fwd/src/lib.rs|3592|of|INTERNAL_CALLER
RESULT|crates/kayfabe-fwd/src/lib.rs|3619|ce_executor_c|INTERNAL_CALLER
RESULT|crates/kayfabe-fwd/src/lib.rs|4213|read_gpfifo_ring|EXTERNAL_TEST_CALLER
RESULT|crates/kayfabe-fwd/src/lib.rs|4620|executor|INTERNAL_CALLER
RESULT|crates/kayfabe-fwd/src/lib.rs|4920|new|INTERNAL_CALLER
RESULT|crates/kayfabe-fwd/src/lib.rs|5213|plan_ce_split|INTERNAL_CALLER
RESULT|crates/kayfabe-fwd/src/lib.rs|5254|reached_hardware|EXTERNAL_TEST_CALLER
RESULT|crates/kayfabe-fwd/src/lib.rs|5430|exec_ce|INTERNAL_CALLER
RESULT|crates/kayfabe-fwd/src/lib.rs|5638|parse_pushbuffer|INTERNAL_CALLER
RESULT|crates/kayfabe-fwd/src/lib.rs|5670|submit_ring|EXTERNAL_TEST_CALLER
RESULT|crates/kayfabe-fwd/src/lib.rs|5694|latch_pt_writes|INTERNAL_CALLER
RESULT|crates/kayfabe-fwd/src/lib.rs|5745|gate_working_set|EXTERNAL_TEST_CALLER
RESULT|crates/kayfabe-fwd/src/lib.rs|5803|completion_arm|INTERNAL_CALLER
RESULT|crates/kayfabe-fwd/src/lib.rs|5824|arm_fence|EXTERNAL_TEST_CALLER
RESULT|crates/kayfabe-fwd/src/lib.rs|5839|arm_fence_in|INTERNAL_CALLER
RESULT|crates/kayfabe-fwd/src/lib.rs|5872|fence_observed|EXTERNAL_TEST_CALLER
RESULT|crates/kayfabe-fwd/src/lib.rs|5886|fence_observed_in|INTERNAL_CALLER
RESULT|crates/kayfabe-fwd/src/lib.rs|5913|present_scanout|EXTERNAL_TEST_CALLER
RESULT|crates/kayfabe-fwd/src/lib.rs|5926|present_scanout_in|INTERNAL_CALLER
RESULT|crates/kayfabe-fwd/src/lib.rs|5991|fault_facts|EXTERNAL_TEST_CALLER
RESULT|crates/kayfabe-fwd/src/ptdecode.rs|134|reads|EXTERNAL_TEST_CALLER
RESULT|crates/kayfabe-fwd/src/ptdecode.rs|140|misses|EXTERNAL_TEST_CALLER
RESULT|crates/kayfabe-fwd/src/ptdecode.rs|325|is_clean|EXTERNAL_TEST_CALLER
RESULT|crates/kayfabe-rt/src/ceutils.rs|291|new|INTERNAL_CALLER
RESULT|crates/kayfabe-rt/src/ceutils.rs|1037|census_gr_addresses|NO_CALLER_ANYWHERE
RESULT|crates/kayfabe-rt/src/completion_watch.rs|114|report_bytes|NO_CALLER_ANYWHERE
RESULT|crates/kayfabe-rt/src/completion_watch.rs|137|decode_report_semaphore|INTERNAL_CALLER
RESULT|crates/kayfabe-rt/src/completion_watch.rs|313|decode_address_operands|INTERNAL_CALLER
RESULT|crates/kayfabe-rt/src/completion_watch.rs|527|line|NO_CALLER_ANYWHERE
RESULT|crates/kayfabe-rt/src/completion_watch.rs|646|new|NO_CALLER_ANYWHERE
RESULT|crates/kayfabe-rt/src/completion_watch.rs|664|live|NO_CALLER_ANYWHERE
RESULT|crates/kayfabe-rt/src/completion_watch.rs|706|sweep|NO_CALLER_ANYWHERE
RESULT|crates/kayfabe-rt/src/cpu_ce.rs|152|execute_ours|INTERNAL_CALLER
RESULT|crates/kayfabe-rt/src/cpu_ce.rs|240|execute_ours_spans|INTERNAL_CALLER
RESULT|crates/kayfabe-rt/src/cpu_ce.rs|370|record|INTERNAL_CALLER
RESULT|crates/kayfabe-rt/src/cpu_ce.rs|409|resolve_releases|INTERNAL_CALLER
RESULT|crates/kayfabe-rt/src/cpu_ce.rs|454|write_resolved_completion|INTERNAL_CALLER
RESULT|crates/kayfabe-rt/src/cpu_ce.rs|543|write_completion|EXTERNAL_TEST_CALLER
RESULT|crates/kayfabe-rt/src/device.rs|755|pool_waits|EXTERNAL_TEST_CALLER
RESULT|crates/kayfabe-rt/src/device.rs|763|into_gpu|EXTERNAL_TEST_CALLER
RESULT|crates/kayfabe-rt/src/device.rs|808|apply|EXTERNAL_TEST_CALLER
RESULT|crates/kayfabe-rt/src/device.rs|1071|pump_completions|INTERNAL_CALLER
RESULT|crates/kayfabe-rt/src/device.rs|1082|completion_poll|EXTERNAL_TEST_CALLER
RESULT|crates/kayfabe-rt/src/device.rs|1096|completions_drained|EXTERNAL_TEST_CALLER
RESULT|crates/kayfabe-rt/src/device.rs|1115|reap_retired|INTERNAL_CALLER
RESULT|crates/kayfabe-rt/src/device.rs|1285|pt_page_owner|EXTERNAL_TEST_CALLER
RESULT|crates/kayfabe-rt/src/device.rs|1365|drain_pending_releases|EXTERNAL_TEST_CALLER
RESULT|crates/kayfabe-rt/src/device.rs|1407|retired_len|EXTERNAL_TEST_CALLER
RESULT|crates/kayfabe-rt/src/device.rs|1415|register_source|EXTERNAL_TEST_CALLER
RESULT|crates/kayfabe-rt/src/device.rs|1426|take_pending_wake|EXTERNAL_TEST_CALLER
RESULT|crates/kayfabe-rt/src/device.rs|1621|cancel_handle|EXTERNAL_TEST_CALLER
RESULT|crates/kayfabe-rt/src/device.rs|1649|request_cancel|EXTERNAL_TEST_CALLER
RESULT|crates/kayfabe-rt/src/device.rs|1696|declare_wedged|EXTERNAL_TEST_CALLER
RESULT|crates/kayfabe-rt/src/device.rs|2414|parse_pushbuffer|INTERNAL_CALLER
RESULT|crates/kayfabe-rt/src/device.rs|2474|forward_ce|INTERNAL_CALLER
RESULT|crates/kayfabe-rt/src/device.rs|2512|submit_ring|EXTERNAL_TEST_CALLER
RESULT|crates/kayfabe-rt/src/device.rs|2549|decode_pt_writes|EXTERNAL_TEST_CALLER
RESULT|crates/kayfabe-rt/src/device.rs|2933|publish_backing|EXTERNAL_TEST_CALLER
RESULT|crates/kayfabe-rt/src/device.rs|3001|back_fb_leaf|EXTERNAL_TEST_CALLER
RESULT|crates/kayfabe-rt/src/device.rs|3027|forward_engine_object|EXTERNAL_TEST_CALLER
RESULT|crates/kayfabe-rt/src/device.rs|3061|forward_engine_object_by_parent|INTERNAL_CALLER
RESULT|crates/kayfabe-rt/src/device.rs|3304|route_control|EXTERNAL_TEST_CALLER
RESULT|crates/kayfabe-rt/src/device.rs|3352|retire_proc|INTERNAL_CALLER
RESULT|crates/kayfabe-rt/src/device.rs|3392|gate_working_set|EXTERNAL_TEST_CALLER
RESULT|crates/kayfabe-rt/src/device.rs|3433|signal_source|INTERNAL_CALLER
RESULT|crates/kayfabe-rt/src/device.rs|3850|route_of_engine|INTERNAL_CALLER
RESULT|crates/kayfabe-rt/src/executor.rs|66|new|EXTERNAL_TEST_CALLER
RESULT|crates/kayfabe-rt/src/executor.rs|72|device|NO_CALLER_ANYWHERE
RESULT|crates/kayfabe-rt/src/executor.rs|79|drain_one|INTERNAL_CALLER
RESULT|crates/kayfabe-rt/src/executor.rs|111|drain_all|INTERNAL_CALLER
RESULT|crates/kayfabe-rt/src/executor.rs|166|new|EXTERNAL_TEST_CALLER
RESULT|crates/kayfabe-rt/src/executor.rs|173|sequence|INTERNAL_CALLER
RESULT|crates/kayfabe-rt/src/executor.rs|178|stop|EXTERNAL_TEST_CALLER
RESULT|crates/kayfabe-rt/src/executor.rs|188|is_stopping|INTERNAL_CALLER
RESULT|crates/kayfabe-rt/src/executor.rs|198|park|INTERNAL_CALLER
RESULT|crates/kayfabe-rt/src/executor.rs|228|run_until_stopped|EXTERNAL_TEST_CALLER
RESULT|crates/kayfabe-rt/src/inbox.rs|88|try_pop|INTERNAL_CALLER
RESULT|crates/kayfabe-rt/src/inbox.rs|94|sender|NO_CALLER_ANYWHERE
RESULT|crates/kayfabe-rt/src/inbox.rs|102|len|INTERNAL_CALLER
RESULT|crates/kayfabe-rt/src/inbox.rs|108|is_empty|NO_CALLER_ANYWHERE
RESULT|crates/kayfabe-rt/src/inbox.rs|115|inbox|EXTERNAL_TEST_CALLER
PROBE_EXIT_STATUS=0
PROBE_DONE 2026-08-11T09:05:07+00:00
