LOCK_WAIT 2026-10-09T01:22:54+02:00
LOCK_TAKEN 2026-10-09T01:22:54+02:00
WRRUN 2026-10-08T23:22:54.916882999Z START run=101 rev=f5c93b21 extra=[KF3_DISPLAY_CORE_AT_VBLANK KF3_DISPLAY_WRITE_TRACE KF3_DISPLAY_HDCP_STATE KF3_DISPLAY_PRIVATE_PROBE KF3_DISPLAY_HOTPLUG_EDID_SEEN KF3_DISPLAY_BLANK_STATE KF3_DISPLAY_ARMED_DEFAULTS KF3_DISPLAY_LOADV KF3_DISPLAY_CAPS_PROBE KF3_DISPLAY_LUT_MIRROR KF3_DISPLAY_ILUT_OFFSET_256] trace=1 shots=90 reuse=0 tdroff_arm=1 stall_etw=0
IOMMU_SWITCH_START group=11 from=DMA-FQ to=identity 2026-10-09T01:22:54+02:00 (gdm untouched)
TYPE WRITTEN
NVIDIA GeForce RTX 4070, 9 MiB
IOMMU_SWITCH_END type=identity 2026-10-09T01:22:57+02:00
WRRUN 2026-10-08T23:22:58.589888828Z launched qpid=2936907 flags=[KF3_PREEMPT_BIND_PROBE KF3_DISPLAY_IMP_ENABLE KF3_DISPLAY_CTRL_PROBE KF3_ZCULL_BIND_PROBE KF3_SW_RUNLIST_HOST_OWNED KF3_WIN_USER_CHANNELS_PASSTHROUGH KF3_TCENSUS KF3_RELAY_PB_PEEK KF3_WIN_TWIN_DEFAPI_OBJECT KF3_RELAY_GET_REFRESH KF3_ASYNC_PREEMPT KF3_USERD_RELAY_OFF KF3_DISPLAY_CORE_AT_VBLANK KF3_DISPLAY_WRITE_TRACE KF3_DISPLAY_HDCP_STATE KF3_DISPLAY_PRIVATE_PROBE KF3_DISPLAY_HOTPLUG_EDID_SEEN KF3_DISPLAY_BLANK_STATE KF3_DISPLAY_ARMED_DEFAULTS KF3_DISPLAY_LOADV KF3_DISPLAY_CAPS_PROBE KF3_DISPLAY_LUT_MIRROR KF3_DISPLAY_ILUT_OFFSET_256]
WRRUN 2026-10-08T23:27:02.314439123Z marker after 480x0.5s stall=0 [disp[writes=655 puts=357 methods=6576 updates=132] vsyncs=129 latch=63 refused=0 chinfo=1 vga=0 core_freed=0 birth_refused=0
WRRUN 2026-10-08T23:27:02.327715573Z experiments: 2 mirror, 1 ilut-unit, 1 caps; refused: 
WRRUN 2026-10-08T23:27:42.363107034Z after 40s: [disp[writes=743 puts=398 methods=11950 updates=136] vsyncs=137 latch=64 refused=0 chinfo=2 vga=1 core_freed=1 birth_refused=1
WRRUN 2026-10-08T23:28:12.594745677Z ps d3d11_clear_probe.ps1 rc=0 lines=21 rc-line: [rc=1] 
WRRUN 2026-10-08T23:28:42.820768858Z ps d3d12_signal_probe.ps1 rc=0 lines=21 rc-line: [rc=1] 
WRRUN 2026-10-08T23:29:13.47856080Z ps vdr_monitor_info.ps1 rc=0 lines=21 rc-line: [rc=1] 
WRRUN 2026-10-08T23:29:13.84080531Z before stop: [disp[writes=743 puts=398 methods=11950 updates=136] vsyncs=137 latch=64 refused=0 chinfo=2 vga=1 core_freed=1 birth_refused=1 shots=90
[windows] ★ QEMU 2936907 killed after 300 s without a clean shutdown (UNCLEAN)
[windows] run101 stopped (Xid count now 42)
WRRUN 2026-10-08T23:34:49.871839869Z qemu left: 0
IOMMU_SWITCH_START group=11 from=identity to=DMA-FQ 2026-10-09T01:34:49+02:00 (gdm untouched)
TYPE WRITTEN
NVIDIA GeForce RTX 4070, 9 MiB
IOMMU_SWITCH_END type=DMA-FQ 2026-10-09T01:34:52+02:00
WRRUN 2026-10-08T23:34:52.376414927Z END type=DMA-FQ driver=nvidia xid_lines=42 2026-10-08T23:34:43.789701Z qemu-system-x86_64: info: kf3: BAR0-TRACE report name=0000:01:00.0 records=421221 (cap 8000000) bytes<=37393157 (cap 2147483648) reads=215410 writes=187648 msi=18163 droppe
LOCK_RELEASED 2026-10-09T01:34:52+02:00
WRAPPER_EXIT 2026-10-09T01:34:52+02:00
