LOCK_WAIT 2026-10-09T01:45:27+02:00
LOCK_TAKEN 2026-10-09T01:45:27+02:00
WRRUN 2026-10-08T23:45:27.910893839Z START run=102 rev=3e9bcdce extra=[KF3_DISPLAY_CORE_AT_VBLANK KF3_DISPLAY_WRITE_TRACE KF3_DISPLAY_HDCP_STATE KF3_DISPLAY_PRIVATE_PROBE KF3_DISPLAY_HOTPLUG_EDID_SEEN KF3_DISPLAY_BLANK_STATE KF3_DISPLAY_ARMED_DEFAULTS KF3_DISPLAY_LOADV KF3_DISPLAY_CAPS_PROBE KF3_DISPLAY_LUT_MIRROR KF3_DISPLAY_ILUT_OFFSET_256 KF3_PT_STALL_SNAPSHOT] trace=1 shots=120 reuse=0 tdroff_arm=0 stall_etw=0
IOMMU_SWITCH_START group=11 from=DMA-FQ to=identity 2026-10-09T01:45:27+02:00 (gdm untouched)
TYPE WRITTEN
NVIDIA GeForce RTX 4070, 9 MiB
IOMMU_SWITCH_END type=identity 2026-10-09T01:45:30+02:00
WRRUN 2026-10-08T23:45:31.622528559Z launched qpid=2968940 flags=[KF3_PREEMPT_BIND_PROBE KF3_DISPLAY_IMP_ENABLE KF3_DISPLAY_CTRL_PROBE KF3_ZCULL_BIND_PROBE KF3_SW_RUNLIST_HOST_OWNED KF3_WIN_USER_CHANNELS_PASSTHROUGH KF3_TCENSUS KF3_RELAY_PB_PEEK KF3_WIN_TWIN_DEFAPI_OBJECT KF3_RELAY_GET_REFRESH KF3_ASYNC_PREEMPT KF3_USERD_RELAY_OFF KF3_DISPLAY_CORE_AT_VBLANK KF3_DISPLAY_WRITE_TRACE KF3_DISPLAY_HDCP_STATE KF3_DISPLAY_PRIVATE_PROBE KF3_DISPLAY_HOTPLUG_EDID_SEEN KF3_DISPLAY_BLANK_STATE KF3_DISPLAY_ARMED_DEFAULTS KF3_DISPLAY_LOADV KF3_DISPLAY_CAPS_PROBE KF3_DISPLAY_LUT_MIRROR KF3_DISPLAY_ILUT_OFFSET_256 KF3_PT_STALL_SNAPSHOT]
WRRUN 2026-10-08T23:45:50.320100496Z marker after 38x0.5s stall=1 [disp[writes=288 puts=63 methods=5752 updates=16] vsyncs=154 latch=5 refused=0 chinfo=1 vga=0 core_freed=0 birth_refused=0 snaps=0 xid=42
WRRUN 2026-10-08T23:45:50.329606565Z experiments: 2 mirror, 1 ilut-unit, 1 caps; refused: 
WRRUN 2026-10-08T23:46:30.367427562Z after 40s: [disp[writes=376 puts=104 methods=11126 updates=20] vsyncs=207 latch=6 refused=0 chinfo=2 vga=1 core_freed=1 birth_refused=1 snaps=10 xid=42
WRRUN 2026-10-08T23:46:32.782477921Z ps d3d11_clear_probe.ps1 rc=0 lines=5 rc-line: [rc=0] PROBE 23:46:29.8835081 no NVIDIA adapter 
WRRUN 2026-10-08T23:46:34.998270209Z ps d3d12_signal_probe.ps1 rc=0 lines=14 rc-line: [rc=0] PROBE no NVIDIA adapter 
WRRUN 2026-10-08T23:46:37.213932589Z ps vdr_monitor_info.ps1 rc=0 lines=8 rc-line: [rc=0] VC NVIDIA GeForce RTX 4070 x@ status=Error err=43 
WRRUN 2026-10-08T23:47:11.596361907Z before stop: [disp[writes=376 puts=104 methods=11126 updates=20] vsyncs=207 latch=6 refused=0 chinfo=2 vga=1 core_freed=1 birth_refused=1 snaps=10 xid=42 shots=120
[windows] run102 stopped (Xid count now 42)
WRRUN 2026-10-08T23:47:29.789672062Z qemu left: 0
IOMMU_SWITCH_START group=11 from=identity to=DMA-FQ 2026-10-09T01:47:29+02:00 (gdm untouched)
TYPE WRITTEN
NVIDIA GeForce RTX 4070, 9 MiB
IOMMU_SWITCH_END type=DMA-FQ 2026-10-09T01:47:32+02:00
WRRUN 2026-10-08T23:47:32.256071241Z END type=DMA-FQ driver=nvidia xid_lines=42 2026-10-08T23:47:23.290478Z qemu-system-x86_64: info: kf3: BAR0-TRACE report name=0000:01:00.0 records=200079 (cap 8000000) bytes<=17824321 (cap 2147483648) reads=87168 writes=104157 msi=8754 dropped=
LOCK_RELEASED 2026-10-09T01:47:32+02:00
WRAPPER_EXIT 2026-10-09T01:47:32+02:00
