[    0.000000] Linux version 6.8.0-59-generic (buildd@lcy02-amd64-117) (x86_64-linux-gnu-gcc-12 (Ubuntu 12.3.0-1ubuntu1~22.04) 12.3.0, GNU ld (GNU Binutils for Ubuntu) 2.38) #61~22.04.1-Ubuntu SMP PREEMPT_DYNAMIC Tue Apr 15 17:03:15 UTC 2 (Ubuntu 6.8.0-59.61~22.04.1-generic 6.8.12)
[    0.513169] Kernel command line: console=ttyS0 console=hvc0 panic=1 loglevel=6 KF_ARMS=--gpu-info-sweep,--probe-launch-dma KF_IOCTL_TRACE=ring KF_BUDGET_S=180
[    0.513273] Unknown kernel command line parameters "KF_ARMS=--gpu-info-sweep,--probe-launch-dma KF_IOCTL_TRACE=ring KF_BUDGET_S=180", will be passed to user space.
[    0.513296] random: crng init done
[    0.688509] Speculative Return Stack Overflow: IBPB-extending microcode not applied!
[    0.689233] Speculative Return Stack Overflow: WARNING: See https://kernel.org/doc/html/latest/admin-guide/hw-vuln/srso.html for mitigation options.
[    0.830848] audit: type=2000 audit(1790687883.238:1): state=initialized audit_enabled=0 res=1
[    1.050183] SCSI subsystem initialized
[    1.975266] VFS: Disk quotas dquot_6.6.0
[    2.226287] Initialise system trusted keyrings
[    2.230111] Key type blacklist registered
[    2.245803] integrity: Platform Keyring initialized
[    2.248509] integrity: Machine keyring initialized
[    2.267651] Key type asymmetric registered
[    2.270265] Asymmetric key parser 'x509' registered
[    2.522639] device-mapper: core: CONFIG_IMA_DISABLE_HTABLE is disabled. Duplicate IMA measurements will not be recorded in the IMA log.
[    2.542796] hpet: Lost 1 RTC interrupts
[    2.550035] platform eisa.0: EISA: Cannot allocate resource for mainboard
[    2.558420] platform eisa.0: Cannot allocate resource for EISA slot 1
[    2.566896] platform eisa.0: Cannot allocate resource for EISA slot 2
[    2.575671] platform eisa.0: Cannot allocate resource for EISA slot 3
[    2.581649] platform eisa.0: Cannot allocate resource for EISA slot 4
[    2.587907] platform eisa.0: Cannot allocate resource for EISA slot 5
[    2.594441] platform eisa.0: Cannot allocate resource for EISA slot 6
[    2.601124] platform eisa.0: Cannot allocate resource for EISA slot 7
[    2.607549] platform eisa.0: Cannot allocate resource for EISA slot 8
[    2.611751] amd_pstate: the _CPC object is not present in SBIOS or ACPI disabled
[    9.935350] Key type dns_resolver registered
[    9.959350] Loading compiled-in X.509 certificates
[    9.969757] Loaded X.509 cert 'Build time autogenerated kernel key: 3fa2747ce20c90997bcade15a1cad09daa978788'
[    9.982356] Loaded X.509 cert 'Canonical Ltd. Live Patch Signing: 14df34d1a87cf37625abec039ef2bf521249b969'
[    9.994196] Loaded X.509 cert 'Canonical Ltd. Kernel Module Signing: 88f752e560a1e0737e31163a466ad7b70a850c19'
[   10.005253] blacklist: Loading compiled-in revocation X.509 certificates
[   10.011745] Loaded X.509 cert 'Canonical Ltd. Secure Boot Signing: 61482aa2830d0ab2ad5af10b7250da9033ddcef0'
[   10.020264] Loaded X.509 cert 'Canonical Ltd. Secure Boot Signing (2017): 242ade75ac4a15e50d50c84b0d45ff3eae707a03'
[   10.029471] Loaded X.509 cert 'Canonical Ltd. Secure Boot Signing (ESM 2018): 365188c1d374d6b07c3c8f240f8ef722433d6a8b'
[   10.038912] Loaded X.509 cert 'Canonical Ltd. Secure Boot Signing (2019): c0746fd6c5da3ae827864651ad66ae47fe24b3e8'
[   10.048129] Loaded X.509 cert 'Canonical Ltd. Secure Boot Signing (2021 v1): a8d54bbb3825cfb94fa13c9f8a594a195c107b8d'
[   10.056651] Loaded X.509 cert 'Canonical Ltd. Secure Boot Signing (2021 v2): 4cf046892d6fd3c9a5b03f98d845f90851dc6a8c'
[   10.062152] Loaded X.509 cert 'Canonical Ltd. Secure Boot Signing (2021 v3): 100437bb6de6e469b581e61cd66bce3ef4ed53af'
[   10.067359] Loaded X.509 cert 'Canonical Ltd. Secure Boot Signing (Ubuntu Core 2019): c1d57b8f6b743f23ee41f4f7ee292f06eecadfb9'
[   10.105823] Key type .fscrypt registered
[   10.108106] Key type fscrypt-provisioning registered
[   10.125036] Key type encrypted registered
[   10.127739] Loading compiled-in module X.509 certificates
[   10.131243] Loaded X.509 cert 'Build time autogenerated kernel key: 3fa2747ce20c90997bcade15a1cad09daa978788'
[   10.179686] Unstable clock detected, switching default tracing clock to "global"
[   10.179686] If you want to keep using the local clock, then add:
[   10.179686]   "trace_clock=local"
[   10.179686] on the kernel command line
[   13.632517] nvidia: loading out-of-tree module taints kernel.
[   13.635443] nvidia: module verification failed: signature and/or required key missing - tainting kernel
[   13.759293] 
[   13.772168] NVRM: loading NVIDIA UNIX Open Kernel Module for x86_64  580.159.04  Release Build  (dvs-builder@U22-I3-AF04-09-6)  Wed Apr 29 17:15:53 UTC 2026
[   14.596393] NVRM: nvAssertOkFailedNoLog: Assertion failed: Call not supported [NV_ERR_NOT_SUPPORTED] (0x00000056) returned from pRmApi->Control(pRmApi, pGpu->hInternalClient, pGpu->hInternalSubdevice, NV2080_CTRL_CMD_INTERNAL_INIT_USER_SHARED_DATA, &params, sizeof(params)) @ gpu_user_shared_data.c:233
[   14.608937] NVRM: nvAssertOkFailedNoLog: Assertion failed: Call not supported [NV_ERR_NOT_SUPPORTED] (0x00000056) returned from pRmApi->Control(pRmApi, pGpu->hInternalClient, pGpu->hInternalSubdevice, NV2080_CTRL_CMD_INTERNAL_USER_SHARED_DATA_SET_DATA_POLL, &params, sizeof(params)) @ gpu_user_shared_data.c:268
[   14.651900] NVRM: kperfGpuBoostSyncStateInit_IMPL: Failed to read Sync Gpu Boost init state, status=0x56
[   14.658142] NVRM: kperfGpuBoostSyncStateInit_IMPL: Failed to read Sync Gpu Boost init state, status=0x56
[   14.662691] NVRM: nvAssertOkFailedNoLog: Assertion failed: Call not supported [NV_ERR_NOT_SUPPORTED] (0x00000056) returned from pRmApi->Control(pRmApi, pGpu->hInternalClient, pGpu->hInternalSubdevice, NV2080_CTRL_CMD_INTERNAL_CE_GET_PCE_CONFIG_FOR_LCE_TYPE, &pceConfigParams, sizeof(pceConfigParams)) @ kernel_ce.c:1020
[   14.675529] NVRM: nvAssertOkFailedNoLog: Assertion failed: Call not supported [NV_ERR_NOT_SUPPORTED] (0x00000056) returned from kceGetPceConfigForLceType(pGpu, pKCe, NV2080_CTRL_CE_LCE_TYPE_DECOMP, &numPcesPerLce, &numLces, &supportedPceMask, &supportedLceMask, &pcesPerHshub) @ kernel_ce_gp100.c:62
[   15.150313] NVRM: nvCheckOkFailedNoLog: Check failed: Call not supported [NV_ERR_NOT_SUPPORTED] (0x00000056) returned from kgrobjPromoteContext(pGpu, pKernelGraphicsObject, pKernelGraphics) @ kernel_graphics_object.c:224
[   15.160064] NVRM: nvAssertOkFailedNoLog: Assertion failed: Call not supported [NV_ERR_NOT_SUPPORTED] (0x00000056) returned from pRmApi->AllocWithHandle(pRmApi, hClientId, hChannelId, hObj3D, classNum, NULL, 0) @ kernel_graphics.c:2519
[   15.173039] NVRM: vaListDestroy: non-zero mapCount(pVaList): 0x1
[   15.175964] NVRM: vaListDestroy: non-zero mapCount(pVaList): 0x1
[   15.178830] NVRM: vaListDestroy: non-zero mapCount(pVaList): 0x1
[   15.181710] NVRM: vaListDestroy: non-zero mapCount(pVaList): 0x1
[   15.190891] NVRM: nvCheckOkFailedNoLog: Check failed: Call not supported [NV_ERR_NOT_SUPPORTED] (0x00000056) returned from kgraphicsCreateGoldenImageChannel(pGpu, pKernelGraphics) @ kernel_graphics.c:508
[   15.199261] NVRM: nvAssertFailedNoLog: Assertion failed: 0 @ kernel_fifo.c:3129
[   15.214676] NVRM: rpcRmApiAlloc_GSP: GspRmAlloc failed: hClient=0xc1d00009; hParent=0x31415903; hObject=0x31415900; hClass=0x0000c36f; paramsSize=0x00000170; paramsStatus=0x00000056; status=0x00000056
[   15.223021] NVRM: nvAssertOkFailedNoLog: Assertion failed: Call not supported [NV_ERR_NOT_SUPPORTED] (0x00000056) returned from status @ kernel_channel.c:2827
[   15.229592] NVRM: nvAssertOkFailedNoLog: Assertion failed: Call not supported [NV_ERR_NOT_SUPPORTED] (0x00000056) returned from _kchannelSendChannelAllocRpc(pKernelChannel, pChannelGpfifoParams, pKernelChannelGroup, bFullSriov) @ kernel_channel.c:940
[   15.240605] NVRM: nvAssertFailedNoLog: Assertion failed: status == NV_OK @ kernel_rc_watchdog.c:1198
[   15.247563] NVRM: rpcRmApiAlloc_GSP: GspRmAlloc failed: hClient=0xc1d0000a; hParent=0xcaf00001; hObject=0xcaf00002; hClass=0x0000402c; paramsSize=0x00000000; paramsStatus=0x00000056; status=0x00000056
[   15.438955] NVRM: nvAssertFailedNoLog: Assertion failed: (status == NV_OK) || (status == NV_ERR_GPU_IN_FULLCHIP_RESET) @ fecs_event_list.c:1623
[   15.459574] NVRM: nvCheckOkFailedNoLog: Check failed: Call not supported [NV_ERR_NOT_SUPPORTED] (0x00000056) returned from pRmApi->Control(pRmApi, pGpu->hInternalClient, pGpu->hInternalSubdevice, NV2080_CTRL_CMD_INTERNAL_INIT_USER_SHARED_DATA, &params, sizeof(params)) @ gpu_user_shared_data.c:213
[   15.510892] reboot: Power down
