[    2.513869] device-mapper: core: CONFIG_IMA_DISABLE_HTABLE is disabled. Duplicate IMA measurements will not be recorded in the IMA log.
[    2.536053] hpet: Lost 1 RTC interrupts
[    2.543519] platform eisa.0: EISA: Cannot allocate resource for mainboard
[    2.552126] platform eisa.0: Cannot allocate resource for EISA slot 1
[    2.560775] platform eisa.0: Cannot allocate resource for EISA slot 2
[    2.571799] platform eisa.0: Cannot allocate resource for EISA slot 3
[    2.582259] platform eisa.0: Cannot allocate resource for EISA slot 4
[    2.590561] platform eisa.0: Cannot allocate resource for EISA slot 5
[    2.597422] platform eisa.0: Cannot allocate resource for EISA slot 6
[    2.603808] platform eisa.0: Cannot allocate resource for EISA slot 7
[    2.609733] platform eisa.0: Cannot allocate resource for EISA slot 8
[    2.614867] amd_pstate: the _CPC object is not present in SBIOS or ACPI disabled
[    9.880910] Key type dns_resolver registered
[    9.927798] Loading compiled-in X.509 certificates
[    9.939676] Loaded X.509 cert 'Build time autogenerated kernel key: 3fa2747ce20c90997bcade15a1cad09daa978788'
[    9.951850] Loaded X.509 cert 'Canonical Ltd. Live Patch Signing: 14df34d1a87cf37625abec039ef2bf521249b969'
[    9.964009] Loaded X.509 cert 'Canonical Ltd. Kernel Module Signing: 88f752e560a1e0737e31163a466ad7b70a850c19'
[    9.974303] blacklist: Loading compiled-in revocation X.509 certificates
[    9.980681] Loaded X.509 cert 'Canonical Ltd. Secure Boot Signing: 61482aa2830d0ab2ad5af10b7250da9033ddcef0'
[    9.989158] Loaded X.509 cert 'Canonical Ltd. Secure Boot Signing (2017): 242ade75ac4a15e50d50c84b0d45ff3eae707a03'
[    9.997963] Loaded X.509 cert 'Canonical Ltd. Secure Boot Signing (ESM 2018): 365188c1d374d6b07c3c8f240f8ef722433d6a8b'
[   10.004131] Loaded X.509 cert 'Canonical Ltd. Secure Boot Signing (2019): c0746fd6c5da3ae827864651ad66ae47fe24b3e8'
[   10.009258] Loaded X.509 cert 'Canonical Ltd. Secure Boot Signing (2021 v1): a8d54bbb3825cfb94fa13c9f8a594a195c107b8d'
[   10.014522] Loaded X.509 cert 'Canonical Ltd. Secure Boot Signing (2021 v2): 4cf046892d6fd3c9a5b03f98d845f90851dc6a8c'
[   10.019636] Loaded X.509 cert 'Canonical Ltd. Secure Boot Signing (2021 v3): 100437bb6de6e469b581e61cd66bce3ef4ed53af'
[   10.024672] Loaded X.509 cert 'Canonical Ltd. Secure Boot Signing (Ubuntu Core 2019): c1d57b8f6b743f23ee41f4f7ee292f06eecadfb9'
[   10.061382] Key type .fscrypt registered
[   10.063397] Key type fscrypt-provisioning registered
[   10.074486] Key type encrypted registered
[   10.078618] Loading compiled-in module X.509 certificates
[   10.084234] Loaded X.509 cert 'Build time autogenerated kernel key: 3fa2747ce20c90997bcade15a1cad09daa978788'
[   10.130439] Unstable clock detected, switching default tracing clock to "global"
[   10.130439] If you want to keep using the local clock, then add:
[   10.130439]   "trace_clock=local"
[   10.130439] on the kernel command line
FASTGUEST: up 10.29s
FASTGUEST: switch_root prepared in 2.1s
FASTGUEST: up 12.56s
FASTGUEST: root is a real mount (switch_root done) — the isolate sandbox can pivot_root
FASTGUEST: insmod ecc.ko ok
[   12.930655] nvidia: loading out-of-tree module taints kernel.
[   12.933937] nvidia: module verification failed: signature and/or required key missing - tainting kernel
[   13.058725] 
[   13.074380] NVRM: loading NVIDIA UNIX Open Kernel Module for x86_64  580.159.04  Release Build  (dvs-builder@U22-I3-AF04-09-6)  Wed Apr 29 17:15:53 UTC 2026
FASTGUEST: insmod nvidia.ko ok
FASTGUEST: insmod nvidia-uvm.ko ok
FASTGUEST: insmod wmi.ko ok
FASTGUEST: insmod video.ko ok
FASTGUEST: insmod nvidia-modeset.ko ok
FASTGUEST: nodes /dev/nvidia-caps/nvidia-cap1 /dev/nvidia-uvm /dev/nvidia-uvm-tools /dev/nvidia0 /dev/nvidiactl  /dev/nvidia-caps: nvidia-cap1 
FASTGUEST: ready 13.16s
FASTGUEST: arms --concurrency --probe-launch-dma  deadline 164s (budget 180s, 13s already spent booting)
info  RMLADDER DEADLINE = armed (KF_SELF_DEADLINE_MS)
info  RMLADDER ARGV     = [--gpu 0 --concurrency --probe-launch-dma]
[   13.811319] NVRM: nvAssertOkFailedNoLog: Assertion failed: Call not supported [NV_ERR_NOT_SUPPORTED] (0x00000056) returned from pRmApi->Control(pRmApi, pGpu->hInternalClient, pGpu->hInternalSubdevice, NV2080_CTRL_CMD_INTERNAL_INIT_USER_SHARED_DATA, &params, sizeof(params)) @ gpu_user_shared_data.c:233
[   13.826264] NVRM: nvAssertOkFailedNoLog: Assertion failed: Call not supported [NV_ERR_NOT_SUPPORTED] (0x00000056) returned from pRmApi->Control(pRmApi, pGpu->hInternalClient, pGpu->hInternalSubdevice, NV2080_CTRL_CMD_INTERNAL_USER_SHARED_DATA_SET_DATA_POLL, &params, sizeof(params)) @ gpu_user_shared_data.c:268
[   13.869710] NVRM: kperfGpuBoostSyncStateInit_IMPL: Failed to read Sync Gpu Boost init state, status=0x56
[   13.877298] NVRM: kperfGpuBoostSyncStateInit_IMPL: Failed to read Sync Gpu Boost init state, status=0x56
[   13.882903] NVRM: nvAssertOkFailedNoLog: Assertion failed: Call not supported [NV_ERR_NOT_SUPPORTED] (0x00000056) returned from pRmApi->Control(pRmApi, pGpu->hInternalClient, pGpu->hInternalSubdevice, NV2080_CTRL_CMD_INTERNAL_CE_GET_PCE_CONFIG_FOR_LCE_TYPE, &pceConfigParams, sizeof(pceConfigParams)) @ kernel_ce.c:1020
[   13.898061] NVRM: nvAssertOkFailedNoLog: Assertion failed: Call not supported [NV_ERR_NOT_SUPPORTED] (0x00000056) returned from kceGetPceConfigForLceType(pGpu, pKCe, NV2080_CTRL_CE_LCE_TYPE_DECOMP, &numPcesPerLce, &numLces, &supportedPceMask, &supportedLceMask, &pcesPerHshub) @ kernel_ce_gp100.c:62
[   14.316551] NVRM: nvCheckOkFailedNoLog: Check failed: Call not supported [NV_ERR_NOT_SUPPORTED] (0x00000056) returned from kgrobjPromoteContext(pGpu, pKernelGraphicsObject, pKernelGraphics) @ kernel_graphics_object.c:224
[   14.327649] NVRM: nvAssertOkFailedNoLog: Assertion failed: Call not supported [NV_ERR_NOT_SUPPORTED] (0x00000056) returned from pRmApi->AllocWithHandle(pRmApi, hClientId, hChannelId, hObj3D, classNum, NULL, 0) @ kernel_graphics.c:2519
[   14.341358] NVRM: vaListDestroy: non-zero mapCount(pVaList): 0x1
[   14.344633] NVRM: vaListDestroy: non-zero mapCount(pVaList): 0x1
[   14.347910] NVRM: vaListDestroy: non-zero mapCount(pVaList): 0x1
[   14.351144] NVRM: vaListDestroy: non-zero mapCount(pVaList): 0x1
[   14.358147] NVRM: nvCheckOkFailedNoLog: Check failed: Call not supported [NV_ERR_NOT_SUPPORTED] (0x00000056) returned from kgraphicsCreateGoldenImageChannel(pGpu, pKernelGraphics) @ kernel_graphics.c:508
[   14.367723] NVRM: nvAssertFailedNoLog: Assertion failed: 0 @ kernel_fifo.c:3129
[   14.380443] NVRM: rpcRmApiAlloc_GSP: GspRmAlloc failed: hClient=0xc1d00009; hParent=0x31415903; hObject=0x31415900; hClass=0x0000c36f; paramsSize=0x00000170; paramsStatus=0x00000056; status=0x00000056
[   14.389845] NVRM: nvAssertOkFailedNoLog: Assertion failed: Call not supported [NV_ERR_NOT_SUPPORTED] (0x00000056) returned from status @ kernel_channel.c:2827
[   14.397355] NVRM: nvAssertOkFailedNoLog: Assertion failed: Call not supported [NV_ERR_NOT_SUPPORTED] (0x00000056) returned from _kchannelSendChannelAllocRpc(pKernelChannel, pChannelGpfifoParams, pKernelChannelGroup, bFullSriov) @ kernel_channel.c:940
[   14.409929] NVRM: nvAssertFailedNoLog: Assertion failed: status == NV_OK @ kernel_rc_watchdog.c:1198
[   14.417601] NVRM: rpcRmApiAlloc_GSP: GspRmAlloc failed: hClient=0xc1d0000a; hParent=0xcaf00001; hObject=0xcaf00002; hClass=0x0000402c; paramsSize=0x00000000; paramsStatus=0x00000056; status=0x00000056
ok    R2 version         = "580.159.04"
ok    R4 hClient         = 0xc1d0000b
ok    R6 hSubdevice      = 0xcafe0002
ok    R7 hVaSpace       = 0xcafe0005
ok    R8 hMemory        = 0xcafe0006 (1048576 bytes)
ok    R9 host GPU VA    = 0x0000000200200000 (FIXED, as requested)
info  R+ control          = Other(31) (a status, not a transport failure)
ok    R+ bogus class      = refused: Other(34)
kayfabe-isolate: GR-BIRTH iso0/gpu0 #1 engine=Ce vas=0xcafe000b adopt=NOT-ASKED ⊘ a doorbell materialization: this birth path offers no ring at all, so nothing was consulted userd=NOT-ASKED ⊘ a doorbell materialization: this birth path offers no USERD at all, so nothing was consulted → RingSource::Ours(None) [births=1 guest_ring=0 guest_userd=0 declined=0 not_asked=1 refused=0]
ok    R13.1 channel      = 0xcafe000e, engine Ce, token 0x00000003 (runlist 0 chid 3)
ok    R13.1 schedule     = on the runlist
kayfabe-isolate: GR-BIRTH iso0/gpu0 #2 engine=GrCompute vas=0xcafe0010 adopt=NOT-ASKED ⊘ a doorbell materialization: this birth path offers no ring at all, so nothing was consulted userd=NOT-ASKED ⊘ a doorbell materialization: this birth path offers no USERD at all, so nothing was consulted → RingSource::Ours(None) [births=2 guest_ring=0 guest_userd=0 declined=0 not_asked=2 refused=0]
ok    R13.2 channel      = 0xcafe0013, engine GrCompute, token 0x00000004 (runlist 0 chid 4)
ok    R13.2 schedule     = on the runlist
★     R13 token identity  = 0x00000003 != 0x00000004 (two live channels)
ok    R13 unknown engine  = refused before any object was allocated
★     R14 device memory   = wrote 0xa5a51234/0x5a5aedcb through mapping A, read both back through an INDEPENDENT mapping B
ok    R14 USERD cursors   = GP_GET 0 GP_PUT 0
ok    R14 ring bound      = a load past the object is refused BY BOUND
kayfabe-isolate: DOORBELL-STORE #1 host_token=0x00000003 runlist=0 chid=3 → storing 32 bits at USERMODE_NOTIFY_CHANNEL_PENDING=0x90 in the mapped usermode window
kayfabe-isolate: DOORBELL-STORE #1 host_token=0x00000003 ★★★ WROTE — the store instruction executed
★     R15 SEM LANDED      = sem 0xbeef5ea1 (want 0xbeef5ea1), GP_GET 1 -> caught GP_PUT 1 — the GPU consumed our ring and released our semaphore
kayfabe-isolate: DOORBELL-STORE #2 host_token=0x00000005 runlist=0 chid=5 → storing 32 bits at USERMODE_NOTIFY_CHANNEL_PENDING=0x90 in the mapped usermode window
kayfabe-isolate: DOORBELL-STORE #2 host_token=0x00000005 ★★★ WROTE — the store instruction executed
★     R17 CE COPY         = 4096 bytes: dst[0] 0x3f0011ff -> 0xc0ffee00, dst[last] 0xc0fff1ff (want 0xc0fff1ff) — read back through an INDEPENDENT mapping
ok    R13 free channel    = group, ring, USERD and mapping
ok    R13 free channel    = group, ring, USERD and mapping
ok    R10 isolate         = 4 workers
ok    R11 through-isolate = host GPU VA 0x0000000200200000, hMemory 0xcafe0006
kayfabe-isolate: GR-BIRTH iso0/gpu0 #1 engine=Ce vas=0xcafe000a adopt=NOT-ASKED ⊘ a doorbell materialization: this birth path offers no ring at all, so nothing was consulted userd=NOT-ASKED ⊘ a doorbell materialization: this birth path offers no USERD at all, so nothing was consulted → RingSource::Ours(None) [births=1 guest_ring=0 guest_userd=0 declined=0 not_asked=1 refused=0]
kayfabe-isolate: DOORBELL-VERB engine=Ce host_token=0x3 scheduled=true → calling ring_doorbell
kayfabe-isolate: DOORBELL-STORE #1 host_token=0x00000003 runlist=0 chid=3 → storing 32 bits at USERMODE_NOTIFY_CHANNEL_PENDING=0x90 in the mapped usermode window
kayfabe-isolate: DOORBELL-STORE #1 host_token=0x00000003 ★★★ WROTE — the store instruction executed
★     R16 sandboxed doorbell = the capability-less isolate CPU-mapped the ring, USERD and the usermode BAR0 window, and rang channel 0xcafe000d token 0x00000003
info  R12 4 threads x 200 verbs, alloc_vaspace + free
ok    R12 1 thread (base)  = 800 verbs sequential, 3689 ms
ok    R12 one client       = 544 overlapping pairs, 5230 ms
ok    R12 4 clients      = 542 overlapping pairs, 5354 ms
★     R12 SPEEDUP         = one client x4 workers: 0.71x   |   4 clients: 0.69x   (ideal 4.00x, 800 verbs)
done
[   29.542378] NVRM: nvAssertFailedNoLog: Assertion failed: (status == NV_OK) || (status == NV_ERR_GPU_IN_FULLCHIP_RESET) @ fecs_event_list.c:1623
[   29.563515] NVRM: nvCheckOkFailedNoLog: Check failed: Call not supported [NV_ERR_NOT_SUPPORTED] (0x00000056) returned from pRmApi->Control(pRmApi, pGpu->hInternalClient, pGpu->hInternalSubdevice, NV2080_CTRL_CMD_INTERNAL_INIT_USER_SHARED_DATA, &params, sizeof(params)) @ gpu_user_shared_data.c:213
FASTGUEST: client rc=0 at 29.52s
FASTGUEST: DONE
[   29.598144] reboot: Power down
