[    2.606174] device-mapper: core: CONFIG_IMA_DISABLE_HTABLE is disabled. Duplicate IMA measurements will not be recorded in the IMA log.
[    2.628121] platform eisa.0: EISA: Cannot allocate resource for mainboard
[    2.640190] platform eisa.0: Cannot allocate resource for EISA slot 1
[    2.653862] platform eisa.0: Cannot allocate resource for EISA slot 2
[    2.668256] platform eisa.0: Cannot allocate resource for EISA slot 3
[    2.674198] platform eisa.0: Cannot allocate resource for EISA slot 4
[    2.679081] platform eisa.0: Cannot allocate resource for EISA slot 5
[    2.684092] platform eisa.0: Cannot allocate resource for EISA slot 6
[    2.689895] platform eisa.0: Cannot allocate resource for EISA slot 7
[    2.696238] platform eisa.0: Cannot allocate resource for EISA slot 8
[    2.703365] amd_pstate: the _CPC object is not present in SBIOS or ACPI disabled
[    9.925322] Key type dns_resolver registered
[    9.969518] Loading compiled-in X.509 certificates
[    9.983945] Loaded X.509 cert 'Build time autogenerated kernel key: 3fa2747ce20c90997bcade15a1cad09daa978788'
[    9.997630] Loaded X.509 cert 'Canonical Ltd. Live Patch Signing: 14df34d1a87cf37625abec039ef2bf521249b969'
[   10.011264] Loaded X.509 cert 'Canonical Ltd. Kernel Module Signing: 88f752e560a1e0737e31163a466ad7b70a850c19'
[   10.021139] blacklist: Loading compiled-in revocation X.509 certificates
[   10.027627] Loaded X.509 cert 'Canonical Ltd. Secure Boot Signing: 61482aa2830d0ab2ad5af10b7250da9033ddcef0'
[   10.036658] Loaded X.509 cert 'Canonical Ltd. Secure Boot Signing (2017): 242ade75ac4a15e50d50c84b0d45ff3eae707a03'
[   10.043123] Loaded X.509 cert 'Canonical Ltd. Secure Boot Signing (ESM 2018): 365188c1d374d6b07c3c8f240f8ef722433d6a8b'
[   10.049246] Loaded X.509 cert 'Canonical Ltd. Secure Boot Signing (2019): c0746fd6c5da3ae827864651ad66ae47fe24b3e8'
[   10.055055] Loaded X.509 cert 'Canonical Ltd. Secure Boot Signing (2021 v1): a8d54bbb3825cfb94fa13c9f8a594a195c107b8d'
[   10.060932] Loaded X.509 cert 'Canonical Ltd. Secure Boot Signing (2021 v2): 4cf046892d6fd3c9a5b03f98d845f90851dc6a8c'
[   10.067031] Loaded X.509 cert 'Canonical Ltd. Secure Boot Signing (2021 v3): 100437bb6de6e469b581e61cd66bce3ef4ed53af'
[   10.072897] Loaded X.509 cert 'Canonical Ltd. Secure Boot Signing (Ubuntu Core 2019): c1d57b8f6b743f23ee41f4f7ee292f06eecadfb9'
[   10.113943] Key type .fscrypt registered
[   10.116252] Key type fscrypt-provisioning registered
[   10.137532] Key type encrypted registered
[   10.142010] Loading compiled-in module X.509 certificates
[   10.147873] Loaded X.509 cert 'Build time autogenerated kernel key: 3fa2747ce20c90997bcade15a1cad09daa978788'
[   10.197743] Unstable clock detected, switching default tracing clock to "global"
[   10.197743] If you want to keep using the local clock, then add:
[   10.197743]   "trace_clock=local"
[   10.197743] on the kernel command line
FASTGUEST: up 10.36s
FASTGUEST: switch_root prepared in 3.1s
FASTGUEST: up 13.55s
FASTGUEST: root is a real mount (switch_root done) — the isolate sandbox can pivot_root
FASTGUEST: insmod ecc.ko ok
[   13.768975] nvidia: loading out-of-tree module taints kernel.
[   13.772743] nvidia: module verification failed: signature and/or required key missing - tainting kernel
[   13.904137] 
[   13.916760] NVRM: loading NVIDIA UNIX Open Kernel Module for x86_64  580.159.04  Release Build  (dvs-builder@U22-I3-AF04-09-6)  Wed Apr 29 17:15:53 UTC 2026
FASTGUEST: insmod nvidia.ko ok
FASTGUEST: insmod nvidia-uvm.ko ok
FASTGUEST: insmod wmi.ko ok
FASTGUEST: insmod video.ko ok
FASTGUEST: insmod nvidia-modeset.ko ok
FASTGUEST: nodes /dev/nvidia-caps/nvidia-cap1 /dev/nvidia-uvm /dev/nvidia-uvm-tools /dev/nvidia0 /dev/nvidiactl  /dev/nvidia-caps: nvidia-cap1 
FASTGUEST: ready 13.97s
FASTGUEST: arms --bus-info-sweep --probe-launch-dma  deadline 164s (budget 180s, 13s already spent booting)
info  RMLADDER DEADLINE = armed (KF_SELF_DEADLINE_MS)
info  RMLADDER ARGV     = [--gpu 0 --bus-info-sweep --probe-launch-dma]
[   14.604819] NVRM: nvAssertOkFailedNoLog: Assertion failed: Call not supported [NV_ERR_NOT_SUPPORTED] (0x00000056) returned from pRmApi->Control(pRmApi, pGpu->hInternalClient, pGpu->hInternalSubdevice, NV2080_CTRL_CMD_INTERNAL_INIT_USER_SHARED_DATA, &params, sizeof(params)) @ gpu_user_shared_data.c:233
[   14.637146] NVRM: nvAssertOkFailedNoLog: Assertion failed: Call not supported [NV_ERR_NOT_SUPPORTED] (0x00000056) returned from pRmApi->Control(pRmApi, pGpu->hInternalClient, pGpu->hInternalSubdevice, NV2080_CTRL_CMD_INTERNAL_USER_SHARED_DATA_SET_DATA_POLL, &params, sizeof(params)) @ gpu_user_shared_data.c:268
[   14.692616] NVRM: kperfGpuBoostSyncStateInit_IMPL: Failed to read Sync Gpu Boost init state, status=0x56
[   14.700205] NVRM: kperfGpuBoostSyncStateInit_IMPL: Failed to read Sync Gpu Boost init state, status=0x56
[   14.705947] NVRM: nvAssertOkFailedNoLog: Assertion failed: Call not supported [NV_ERR_NOT_SUPPORTED] (0x00000056) returned from pRmApi->Control(pRmApi, pGpu->hInternalClient, pGpu->hInternalSubdevice, NV2080_CTRL_CMD_INTERNAL_CE_GET_PCE_CONFIG_FOR_LCE_TYPE, &pceConfigParams, sizeof(pceConfigParams)) @ kernel_ce.c:1020
[   14.721244] NVRM: nvAssertOkFailedNoLog: Assertion failed: Call not supported [NV_ERR_NOT_SUPPORTED] (0x00000056) returned from kceGetPceConfigForLceType(pGpu, pKCe, NV2080_CTRL_CE_LCE_TYPE_DECOMP, &numPcesPerLce, &numLces, &supportedPceMask, &supportedLceMask, &pcesPerHshub) @ kernel_ce_gp100.c:62
[   15.106330] NVRM: nvCheckOkFailedNoLog: Check failed: Call not supported [NV_ERR_NOT_SUPPORTED] (0x00000056) returned from kgrobjPromoteContext(pGpu, pKernelGraphicsObject, pKernelGraphics) @ kernel_graphics_object.c:224
[   15.117858] NVRM: nvAssertOkFailedNoLog: Assertion failed: Call not supported [NV_ERR_NOT_SUPPORTED] (0x00000056) returned from pRmApi->AllocWithHandle(pRmApi, hClientId, hChannelId, hObj3D, classNum, NULL, 0) @ kernel_graphics.c:2519
[   15.131760] NVRM: vaListDestroy: non-zero mapCount(pVaList): 0x1
[   15.135151] NVRM: vaListDestroy: non-zero mapCount(pVaList): 0x1
[   15.138767] NVRM: vaListDestroy: non-zero mapCount(pVaList): 0x1
[   15.142665] NVRM: vaListDestroy: non-zero mapCount(pVaList): 0x1
[   15.151439] NVRM: nvCheckOkFailedNoLog: Check failed: Call not supported [NV_ERR_NOT_SUPPORTED] (0x00000056) returned from kgraphicsCreateGoldenImageChannel(pGpu, pKernelGraphics) @ kernel_graphics.c:508
[   15.161339] NVRM: nvAssertFailedNoLog: Assertion failed: 0 @ kernel_fifo.c:3129
[   15.177182] NVRM: rpcRmApiAlloc_GSP: GspRmAlloc failed: hClient=0xc1d00009; hParent=0x31415903; hObject=0x31415900; hClass=0x0000c36f; paramsSize=0x00000170; paramsStatus=0x00000056; status=0x00000056
[   15.187349] NVRM: nvAssertOkFailedNoLog: Assertion failed: Call not supported [NV_ERR_NOT_SUPPORTED] (0x00000056) returned from status @ kernel_channel.c:2827
[   15.195134] NVRM: nvAssertOkFailedNoLog: Assertion failed: Call not supported [NV_ERR_NOT_SUPPORTED] (0x00000056) returned from _kchannelSendChannelAllocRpc(pKernelChannel, pChannelGpfifoParams, pKernelChannelGroup, bFullSriov) @ kernel_channel.c:940
[   15.210078] NVRM: nvAssertFailedNoLog: Assertion failed: status == NV_OK @ kernel_rc_watchdog.c:1198
[   15.219193] NVRM: rpcRmApiAlloc_GSP: GspRmAlloc failed: hClient=0xc1d0000a; hParent=0xcaf00001; hObject=0xcaf00002; hClass=0x0000402c; paramsSize=0x00000000; paramsStatus=0x00000056; status=0x00000056
ok    R2 version         = "580.159.04"
ok    R4 hClient         = 0xc1d0000b
ok    R6 hSubdevice      = 0xcafe0002
REV_UNDER_TEST=unstamped
info  R22 businfo sweep   = 52 indices x 1 call each, 420-byte params, tail seeded 0xCD
info  R22 legend          = idx status data   (the port serves 0x2d ONLY)
★     R22 0x00  NV_OK      data=0x00000003 (3)  echo=0x00000000  tail=untouched
★     R22 0x01  NV_OK      data=0x00000017 (23)  echo=0x00000001  tail=untouched
★     R22 0x02  NV_OK      data=0x00000000 (0)  echo=0x00000002  tail=untouched
★     R22 0x03  NV_OK      data=0x00000104 (260)  echo=0x00000003  tail=untouched
★     R22 0x04  NV_OK      data=0x00000000 (0)  echo=0x00000004  tail=untouched
★     R22 0x05  NV_OK      data=0x00000104 (260)  echo=0x00000005  tail=untouched
★     R22 0x06  NV_OK      data=0x00000000 (0)  echo=0x00000006  tail=untouched
★     R22 0x07  NV_OK      data=0x00000000 (0)  echo=0x00000007  tail=untouched
★     R22 0x08  NV_OK      data=0x00000000 (0)  echo=0x00000008  tail=untouched
★     R22 0x09  NV_OK      data=0x00000000 (0)  echo=0x00000009  tail=untouched
★     R22 0x0a  NV_OK      data=0x00000000 (0)  echo=0x0000000a  tail=untouched
★     R22 0x0b  NV_OK      data=0x00000005 (5)  echo=0x0000000b  tail=untouched
★     R22 0x0c  NV_OK      data=0x00000005 (5)  echo=0x0000000c  tail=untouched
★     R22 0x0d  NV_OK      data=0x20000000 (536870912)  echo=0x0000000d  tail=untouched
★     R22 0x0e  NV_OK      data=0x00000002 (2)  echo=0x0000000e  tail=untouched
★     R22 0x0f  NV_OK      data=0x00000000 (0)  echo=0x0000000f  tail=untouched
★     R22 0x10  NV_OK      data=0x00000003 (3)  echo=0x00000010  tail=untouched
★     R22 0x11  NV_OK      data=0x00000000 (0)  echo=0x00000011  tail=untouched
★     R22 0x12  NV_OK      data=0x00000000 (0)  echo=0x00000012  tail=untouched
★     R22 0x13  NV_OK      data=0x00000003 (3)  echo=0x00000013  tail=untouched
[   15.254605] NVRM: nvCheckOkFailedNoLog: Check failed: Call not supported [NV_ERR_NOT_SUPPORTED] (0x00000056) returned from kbusSendBusInfo(pGpu, GPU_GET_KERNEL_BUS(pGpu), &pBusInfos[i]) @ kern_bus_ctrl.c:333
info  R22 0x14  refused    Other(86)
★     R22 0x15  NV_OK      data=0x00000000 (0)  echo=0x00000015  tail=untouched
★     R22 0x16  NV_OK      data=0x00000104 (260)  echo=0x00000016  tail=untouched
★     R22 0x17  NV_OK      data=0x00000000 (0)  echo=0x00000017  tail=untouched
[   15.275820] NVRM: nvCheckOkFailedNoLog: Check failed: Call not supported [NV_ERR_NOT_SUPPORTED] (0x00000056) returned from kbusSendBusInfo(pGpu, GPU_GET_KERNEL_BUS(pGpu), &pBusInfos[i]) @ kern_bus_ctrl.c:333
info  R22 0x18  refused    Other(86)
[   15.292717] NVRM: nvCheckOkFailedNoLog: Check failed: Call not supported [NV_ERR_NOT_SUPPORTED] (0x00000056) returned from kbusSendBusInfo(pGpu, GPU_GET_KERNEL_BUS(pGpu), &pBusInfos[i]) @ kern_bus_ctrl.c:333
info  R22 0x19  refused    Other(86)
[   15.306797] NVRM: nvCheckOkFailedNoLog: Check failed: Call not supported [NV_ERR_NOT_SUPPORTED] (0x00000056) returned from kbusSendBusInfo(pGpu, GPU_GET_KERNEL_BUS(pGpu), &pBusInfos[i]) @ kern_bus_ctrl.c:333
info  R22 0x1a  refused    Other(86)
[   15.318110] NVRM: nvCheckOkFailedNoLog: Check failed: Call not supported [NV_ERR_NOT_SUPPORTED] (0x00000056) returned from kbusSendBusInfo(pGpu, GPU_GET_KERNEL_BUS(pGpu), &pBusInfos[i]) @ kern_bus_ctrl.c:333
info  R22 0x1b  refused    Other(86)
[   15.326382] NVRM: nvCheckOkFailedNoLog: Check failed: Call not supported [NV_ERR_NOT_SUPPORTED] (0x00000056) returned from kbusSendBusInfo(pGpu, GPU_GET_KERNEL_BUS(pGpu), &pBusInfos[i]) @ kern_bus_ctrl.c:333
info  R22 0x1c  refused    Other(86)
[   15.334739] NVRM: nvCheckOkFailedNoLog: Check failed: Call not supported [NV_ERR_NOT_SUPPORTED] (0x00000056) returned from kbusSendBusInfo(pGpu, GPU_GET_KERNEL_BUS(pGpu), &pBusInfos[i]) @ kern_bus_ctrl.c:333
info  R22 0x1d  refused    Other(86)
[   15.343120] NVRM: nvCheckOkFailedNoLog: Check failed: Call not supported [NV_ERR_NOT_SUPPORTED] (0x00000056) returned from kbusSendBusInfo(pGpu, GPU_GET_KERNEL_BUS(pGpu), &pBusInfos[i]) @ kern_bus_ctrl.c:333
info  R22 0x1e  refused    Other(86)
[   15.351946] NVRM: nvCheckOkFailedNoLog: Check failed: Call not supported [NV_ERR_NOT_SUPPORTED] (0x00000056) returned from kbusSendBusInfo(pGpu, GPU_GET_KERNEL_BUS(pGpu), &pBusInfos[i]) @ kern_bus_ctrl.c:333
info  R22 0x1f  refused    Other(86)
[   15.360346] NVRM: nvCheckOkFailedNoLog: Check failed: Call not supported [NV_ERR_NOT_SUPPORTED] (0x00000056) returned from kbusSendBusInfo(pGpu, GPU_GET_KERNEL_BUS(pGpu), &pBusInfos[i]) @ kern_bus_ctrl.c:333
info  R22 0x20  refused    Other(86)
[   15.368871] NVRM: nvCheckOkFailedNoLog: Check failed: Call not supported [NV_ERR_NOT_SUPPORTED] (0x00000056) returned from kbusSendBusInfo(pGpu, GPU_GET_KERNEL_BUS(pGpu), &pBusInfos[i]) @ kern_bus_ctrl.c:333
info  R22 0x21  refused    Other(86)
[   15.377189] NVRM: nvCheckOkFailedNoLog: Check failed: Call not supported [NV_ERR_NOT_SUPPORTED] (0x00000056) returned from kbusSendBusInfo(pGpu, GPU_GET_KERNEL_BUS(pGpu), &pBusInfos[i]) @ kern_bus_ctrl.c:333
info  R22 0x22  refused    Other(86)
[   15.385838] NVRM: nvCheckOkFailedNoLog: Check failed: Call not supported [NV_ERR_NOT_SUPPORTED] (0x00000056) returned from kbusSendBusInfo(pGpu, GPU_GET_KERNEL_BUS(pGpu), &pBusInfos[i]) @ kern_bus_ctrl.c:333
info  R22 0x23  refused    Other(86)
[   15.394160] NVRM: nvCheckOkFailedNoLog: Check failed: Call not supported [NV_ERR_NOT_SUPPORTED] (0x00000056) returned from kbusSendBusInfo(pGpu, GPU_GET_KERNEL_BUS(pGpu), &pBusInfos[i]) @ kern_bus_ctrl.c:333
info  R22 0x24  refused    Other(86)
[   15.402724] NVRM: nvCheckOkFailedNoLog: Check failed: Call not supported [NV_ERR_NOT_SUPPORTED] (0x00000056) returned from kbusSendBusInfo(pGpu, GPU_GET_KERNEL_BUS(pGpu), &pBusInfos[i]) @ kern_bus_ctrl.c:333
info  R22 0x25  refused    Other(86)
[   15.411060] NVRM: nvCheckOkFailedNoLog: Check failed: Call not supported [NV_ERR_NOT_SUPPORTED] (0x00000056) returned from kbusSendBusInfo(pGpu, GPU_GET_KERNEL_BUS(pGpu), &pBusInfos[i]) @ kern_bus_ctrl.c:333
info  R22 0x26  refused    Other(86)
[   15.419838] NVRM: nvCheckOkFailedNoLog: Check failed: Call not supported [NV_ERR_NOT_SUPPORTED] (0x00000056) returned from kbusSendBusInfo(pGpu, GPU_GET_KERNEL_BUS(pGpu), &pBusInfos[i]) @ kern_bus_ctrl.c:333
info  R22 0x27  refused    Other(86)
[   15.428392] NVRM: nvCheckOkFailedNoLog: Check failed: Call not supported [NV_ERR_NOT_SUPPORTED] (0x00000056) returned from kbusSendBusInfo(pGpu, GPU_GET_KERNEL_BUS(pGpu), &pBusInfos[i]) @ kern_bus_ctrl.c:333
info  R22 0x28  refused    Other(86)
[   15.436741] NVRM: nvCheckOkFailedNoLog: Check failed: Call not supported [NV_ERR_NOT_SUPPORTED] (0x00000056) returned from kbusSendBusInfo(pGpu, GPU_GET_KERNEL_BUS(pGpu), &pBusInfos[i]) @ kern_bus_ctrl.c:333
info  R22 0x29  refused    Other(86)
[   15.445197] NVRM: nvCheckOkFailedNoLog: Check failed: Call not supported [NV_ERR_NOT_SUPPORTED] (0x00000056) returned from kbusSendBusInfo(pGpu, GPU_GET_KERNEL_BUS(pGpu), &pBusInfos[i]) @ kern_bus_ctrl.c:333
info  R22 0x2a  refused    Other(86)
[   15.453546] NVRM: nvCheckOkFailedNoLog: Check failed: Call not supported [NV_ERR_NOT_SUPPORTED] (0x00000056) returned from kbusSendBusInfo(pGpu, GPU_GET_KERNEL_BUS(pGpu), &pBusInfos[i]) @ kern_bus_ctrl.c:333
info  R22 0x2b  refused    Other(86)
★     R22 0x2c  NV_OK      data=0x00000000 (0)  echo=0x0000002c  tail=untouched
★     R22 0x2d  NV_OK      data=0x00333000 (3354624)  echo=0x0000002d  tail=untouched
★     R22 0x2e  NV_OK      data=0x00000003 (3)  echo=0x0000002e  tail=untouched
★     R22 0x2f  NV_OK      data=0x00333000 (3354624)  echo=0x0000002f  tail=untouched
★     R22 0x30  NV_OK      data=0x00333000 (3354624)  echo=0x00000030  tail=untouched
★     R22 0x31  NV_OK      data=0x00000000 (0)  echo=0x00000031  tail=untouched
★     R22 0x32  NV_OK      data=0x00000000 (0)  echo=0x00000032  tail=untouched
★     R22 0x33  NV_OK      data=0x00000000 (0)  echo=0x00000033  tail=untouched
★     R22 libcuda:44     = NV_OK  0x00=0x00000003 0x02=0x00000000 0x0b=0x00000005 
★     R22 libcuda:46     = NV_OK  0x0f=0x00000000 0x10=0x00000003 0x2c=0x00000000 0x2d=0x00333000 0x03=0x00000104 0x06=0x00000000 
info  R22 0x2d x16        = is PCIE_GEN_INFO a constant? (H1) or link state? (H2)
★     R22 0x2d #0       = 0x00333000  MAX_SPEED=0 MAX_WIDTH=0 ASPM=0 GEN=gen4 CURR_LEVEL=gen4 GPU_GEN=gen4 SPEED_CHANGES=0 hi31_25=0x0
★     R22 0x2d #1       = 0x00333000  MAX_SPEED=0 MAX_WIDTH=0 ASPM=0 GEN=gen4 CURR_LEVEL=gen4 GPU_GEN=gen4 SPEED_CHANGES=0 hi31_25=0x0
★     R22 0x2d #2       = 0x00333000  MAX_SPEED=0 MAX_WIDTH=0 ASPM=0 GEN=gen4 CURR_LEVEL=gen4 GPU_GEN=gen4 SPEED_CHANGES=0 hi31_25=0x0
★     R22 0x2d #3       = 0x00333000  MAX_SPEED=0 MAX_WIDTH=0 ASPM=0 GEN=gen4 CURR_LEVEL=gen4 GPU_GEN=gen4 SPEED_CHANGES=0 hi31_25=0x0
★     R22 0x2d #4       = 0x00333000  MAX_SPEED=0 MAX_WIDTH=0 ASPM=0 GEN=gen4 CURR_LEVEL=gen4 GPU_GEN=gen4 SPEED_CHANGES=0 hi31_25=0x0
★     R22 0x2d #5       = 0x00333000  MAX_SPEED=0 MAX_WIDTH=0 ASPM=0 GEN=gen4 CURR_LEVEL=gen4 GPU_GEN=gen4 SPEED_CHANGES=0 hi31_25=0x0
★     R22 0x2d #6       = 0x00333000  MAX_SPEED=0 MAX_WIDTH=0 ASPM=0 GEN=gen4 CURR_LEVEL=gen4 GPU_GEN=gen4 SPEED_CHANGES=0 hi31_25=0x0
★     R22 0x2d #7       = 0x00333000  MAX_SPEED=0 MAX_WIDTH=0 ASPM=0 GEN=gen4 CURR_LEVEL=gen4 GPU_GEN=gen4 SPEED_CHANGES=0 hi31_25=0x0
★     R22 0x2d #8       = 0x00333000  MAX_SPEED=0 MAX_WIDTH=0 ASPM=0 GEN=gen4 CURR_LEVEL=gen4 GPU_GEN=gen4 SPEED_CHANGES=0 hi31_25=0x0
★     R22 0x2d #9       = 0x00333000  MAX_SPEED=0 MAX_WIDTH=0 ASPM=0 GEN=gen4 CURR_LEVEL=gen4 GPU_GEN=gen4 SPEED_CHANGES=0 hi31_25=0x0
★     R22 0x2d #10      = 0x00333000  MAX_SPEED=0 MAX_WIDTH=0 ASPM=0 GEN=gen4 CURR_LEVEL=gen4 GPU_GEN=gen4 SPEED_CHANGES=0 hi31_25=0x0
★     R22 0x2d #11      = 0x00333000  MAX_SPEED=0 MAX_WIDTH=0 ASPM=0 GEN=gen4 CURR_LEVEL=gen4 GPU_GEN=gen4 SPEED_CHANGES=0 hi31_25=0x0
★     R22 0x2d #12      = 0x00333000  MAX_SPEED=0 MAX_WIDTH=0 ASPM=0 GEN=gen4 CURR_LEVEL=gen4 GPU_GEN=gen4 SPEED_CHANGES=0 hi31_25=0x0
★     R22 0x2d #13      = 0x00333000  MAX_SPEED=0 MAX_WIDTH=0 ASPM=0 GEN=gen4 CURR_LEVEL=gen4 GPU_GEN=gen4 SPEED_CHANGES=0 hi31_25=0x0
★     R22 0x2d #14      = 0x00333000  MAX_SPEED=0 MAX_WIDTH=0 ASPM=0 GEN=gen4 CURR_LEVEL=gen4 GPU_GEN=gen4 SPEED_CHANGES=0 hi31_25=0x0
★     R22 0x2d #15      = 0x00333000  MAX_SPEED=0 MAX_WIDTH=0 ASPM=0 GEN=gen4 CURR_LEVEL=gen4 GPU_GEN=gen4 SPEED_CHANGES=0 hi31_25=0x0
info  R22 0x2d distinct   = 1 value(s): 0x00333000 
done — bus-info sweep only
[   18.853416] NVRM: nvAssertFailedNoLog: Assertion failed: (status == NV_OK) || (status == NV_ERR_GPU_IN_FULLCHIP_RESET) @ fecs_event_list.c:1623
[   18.872489] NVRM: nvCheckOkFailedNoLog: Check failed: Call not supported [NV_ERR_NOT_SUPPORTED] (0x00000056) returned from pRmApi->Control(pRmApi, pGpu->hInternalClient, pGpu->hInternalSubdevice, NV2080_CTRL_CMD_INTERNAL_INIT_USER_SHARED_DATA, &params, sizeof(params)) @ gpu_user_shared_data.c:213
FASTGUEST: client rc=0 at 18.81s
FASTGUEST: DONE
[   18.905192] reboot: Power down
