[    0.000000] Linux version 6.8.0-59-generic (buildd@lcy02-amd64-117) (x86_64-linux-gnu-gcc-12 (Ubuntu 12.3.0-1ubuntu1~22.04) 12.3.0, GNU ld (GNU Binutils for Ubuntu) 2.38) #61~22.04.1-Ubuntu SMP PREEMPT_DYNAMIC Tue Apr 15 17:03:15 UTC 2 (Ubuntu 6.8.0-59.61~22.04.1-generic 6.8.12)
[    0.271170] Kernel command line: console=ttyS0 panic=1 loglevel=6 KF_ARMS=--executor-vas KF_IOCTL_TRACE=verbose KF_BUDGET_S=60
[    0.271243] Unknown kernel command line parameters "KF_ARMS=--executor-vas KF_IOCTL_TRACE=verbose KF_BUDGET_S=60", will be passed to user space.
[    0.271253] random: crng init done
[    0.583477] audit: type=2000 audit(1789828062.932:1): state=initialized audit_enabled=0 res=1
[    0.837254] SCSI subsystem initialized
[    2.503544] VFS: Disk quotas dquot_6.6.0
[    2.634685] Initialise system trusted keyrings
[    2.639934] Key type blacklist registered
[    2.652665] integrity: Platform Keyring initialized
[    2.661326] integrity: Machine keyring initialized
[    2.687400] Key type asymmetric registered
[    2.693506] Asymmetric key parser 'x509' registered
[    2.813513] device-mapper: core: CONFIG_IMA_DISABLE_HTABLE is disabled. Duplicate IMA measurements will not be recorded in the IMA log.
[    2.827723] platform eisa.0: EISA: Cannot allocate resource for mainboard
[    2.835558] platform eisa.0: Cannot allocate resource for EISA slot 1
[    2.842725] platform eisa.0: Cannot allocate resource for EISA slot 2
[    2.849928] platform eisa.0: Cannot allocate resource for EISA slot 3
[    2.857195] platform eisa.0: Cannot allocate resource for EISA slot 4
[    2.865230] platform eisa.0: Cannot allocate resource for EISA slot 5
[    2.872810] platform eisa.0: Cannot allocate resource for EISA slot 6
[    2.880287] platform eisa.0: Cannot allocate resource for EISA slot 7
[    2.887782] platform eisa.0: Cannot allocate resource for EISA slot 8
[    7.102668] Key type dns_resolver registered
[    7.126666] Loading compiled-in X.509 certificates
[    7.139720] Loaded X.509 cert 'Build time autogenerated kernel key: 3fa2747ce20c90997bcade15a1cad09daa978788'
[    7.156425] Loaded X.509 cert 'Canonical Ltd. Live Patch Signing: 14df34d1a87cf37625abec039ef2bf521249b969'
[    7.171257] Loaded X.509 cert 'Canonical Ltd. Kernel Module Signing: 88f752e560a1e0737e31163a466ad7b70a850c19'
[    7.185503] blacklist: Loading compiled-in revocation X.509 certificates
[    7.195379] Loaded X.509 cert 'Canonical Ltd. Secure Boot Signing: 61482aa2830d0ab2ad5af10b7250da9033ddcef0'
[    7.209421] Loaded X.509 cert 'Canonical Ltd. Secure Boot Signing (2017): 242ade75ac4a15e50d50c84b0d45ff3eae707a03'
[    7.224514] Loaded X.509 cert 'Canonical Ltd. Secure Boot Signing (ESM 2018): 365188c1d374d6b07c3c8f240f8ef722433d6a8b'
[    7.239835] Loaded X.509 cert 'Canonical Ltd. Secure Boot Signing (2019): c0746fd6c5da3ae827864651ad66ae47fe24b3e8'
[    7.254690] Loaded X.509 cert 'Canonical Ltd. Secure Boot Signing (2021 v1): a8d54bbb3825cfb94fa13c9f8a594a195c107b8d'
[    7.270985] Loaded X.509 cert 'Canonical Ltd. Secure Boot Signing (2021 v2): 4cf046892d6fd3c9a5b03f98d845f90851dc6a8c'
[    7.290298] Loaded X.509 cert 'Canonical Ltd. Secure Boot Signing (2021 v3): 100437bb6de6e469b581e61cd66bce3ef4ed53af'
[    7.307709] Loaded X.509 cert 'Canonical Ltd. Secure Boot Signing (Ubuntu Core 2019): c1d57b8f6b743f23ee41f4f7ee292f06eecadfb9'
[    7.351683] Key type .fscrypt registered
[    7.357358] Key type fscrypt-provisioning registered
[    7.369186] Key type encrypted registered
[    7.374330] Loading compiled-in module X.509 certificates
[    7.381924] Loaded X.509 cert 'Build time autogenerated kernel key: 3fa2747ce20c90997bcade15a1cad09daa978788'
[    7.421560] Unstable clock detected, switching default tracing clock to "global"
[    7.421560] If you want to keep using the local clock, then add:
[    7.421560]   "trace_clock=local"
[    7.421560] on the kernel command line
FASTGUEST: up 7.50s
FASTGUEST: insmod ecc.ko ok
[    7.808249] nvidia: loading out-of-tree module taints kernel.
[    7.811844] nvidia: module verification failed: signature and/or required key missing - tainting kernel
[    7.923747] 
[    7.939207] NVRM: loading NVIDIA UNIX Open Kernel Module for x86_64  580.159.04  Release Build  (dvs-builder@U22-I3-AF04-09-6)  Wed Apr 29 17:15:53 UTC 2026
FASTGUEST: insmod nvidia.ko ok
FASTGUEST: insmod nvidia-uvm.ko ok
FASTGUEST: insmod wmi.ko ok
FASTGUEST: insmod video.ko ok
FASTGUEST: insmod nvidia-modeset.ko ok
FASTGUEST: nodes /dev/nvidia-caps/nvidia-cap1 /dev/nvidia-uvm /dev/nvidia-uvm-tools /dev/nvidia0 /dev/nvidiactl  /dev/nvidia-caps: nvidia-cap1 
FASTGUEST: ready 7.97s
FASTGUEST: arms --executor-vas  deadline 50s (budget 60s, 7s already spent booting)
info  RMLADDER DEADLINE = armed (KF_SELF_DEADLINE_MS)
info  RMLADDER ARGV     = [--gpu 0 --executor-vas]
[    9.635462] NVRM: nvAssertOkFailedNoLog: Assertion failed: Call not supported [NV_ERR_NOT_SUPPORTED] (0x00000056) returned from pRmApi->Control(pRmApi, pGpu->hInternalClient, pGpu->hInternalSubdevice, NV2080_CTRL_CMD_INTERNAL_INIT_USER_SHARED_DATA, &params, sizeof(params)) @ gpu_user_shared_data.c:233
[    9.655187] NVRM: nvAssertOkFailedNoLog: Assertion failed: Call not supported [NV_ERR_NOT_SUPPORTED] (0x00000056) returned from pRmApi->Control(pRmApi, pGpu->hInternalClient, pGpu->hInternalSubdevice, NV2080_CTRL_CMD_INTERNAL_USER_SHARED_DATA_SET_DATA_POLL, &params, sizeof(params)) @ gpu_user_shared_data.c:268
[    9.747674] NVRM: kperfGpuBoostSyncStateInit_IMPL: Failed to read Sync Gpu Boost init state, status=0x56
[    9.758357] NVRM: kperfGpuBoostSyncStateInit_IMPL: Failed to read Sync Gpu Boost init state, status=0x56
[    9.764811] NVRM: nvAssertOkFailedNoLog: Assertion failed: Call not supported [NV_ERR_NOT_SUPPORTED] (0x00000056) returned from pRmApi->Control(pRmApi, pGpu->hInternalClient, pGpu->hInternalSubdevice, NV2080_CTRL_CMD_INTERNAL_CE_GET_PCE_CONFIG_FOR_LCE_TYPE, &pceConfigParams, sizeof(pceConfigParams)) @ kernel_ce.c:1020
[    9.783138] NVRM: nvAssertOkFailedNoLog: Assertion failed: Call not supported [NV_ERR_NOT_SUPPORTED] (0x00000056) returned from kceGetPceConfigForLceType(pGpu, pKCe, NV2080_CTRL_CE_LCE_TYPE_DECOMP, &numPcesPerLce, &numLces, &supportedPceMask, &supportedLceMask, &pcesPerHshub) @ kernel_ce_gp100.c:62
[   10.505955] NVRM: rpcRmApiAlloc_GSP: GspRmAlloc failed: hClient=0xc1d00009; hParent=0x31415903; hObject=0x3141590f; hClass=0x00000070; paramsSize=0x00000018; paramsStatus=0x00000000; status=0x00000056
[   10.590533] NVRM: rpcRmApiAlloc_GSP: GspRmAlloc failed: hClient=0xc1d00009; hParent=0x31415903; hObject=0x31415900; hClass=0x0000c36f; paramsSize=0x00000170; paramsStatus=0x00000000; status=0x00000056
[   10.765194] NVRM: nvCheckOkFailedNoLog: Check failed: Call not supported [NV_ERR_NOT_SUPPORTED] (0x00000056) returned from kgrobjPromoteContext(pGpu, pKernelGraphicsObject, pKernelGraphics) @ kernel_graphics_object.c:224
[   10.788972] NVRM: nvAssertFailedNoLog: Assertion failed: status == NV_OK @ kernel_rc_watchdog.c:1198
[   10.796123] NVRM: rpcRmApiFree_GSP: GspRmFree failed: hClient=0xc1d00009; hObject=0x31415900; paramsStatus=0x00000000; status=0x00000056
[   10.828596] NVRM: vaListDestroy: non-zero mapCount(pVaList): 0x1
[   10.832586] NVRM: vaListDestroy: non-zero mapCount(pVaList): 0x1
[   10.836479] NVRM: vaListDestroy: non-zero mapCount(pVaList): 0x1
[   10.840517] NVRM: vaListDestroy: non-zero mapCount(pVaList): 0x1
[   10.880159] NVRM: rpcRmApiFree_GSP: GspRmFree failed: hClient=0xc1d00009; hObject=0x3141590f; paramsStatus=0x00000000; status=0x00000056
[   10.889821] NVRM: nvAssertFailedNoLog: Assertion failed: (status == NV_OK) || (status == NV_ERR_GPU_IN_FULLCHIP_RESET) @ mem.c:180
[   10.936620] NVRM: rpcRmApiAlloc_GSP: GspRmAlloc failed: hClient=0xc1d0000a; hParent=0xcaf00001; hObject=0xcaf00002; hClass=0x0000402c; paramsSize=0x00000000; paramsStatus=0x00000000; status=0x00000056
IOCTL         0us req=0xc04846d2 len=72    rc=0   head=0x00000032
IOCTL     11653us req=0xc00446c9 len=4     rc=0   head=0x00000004
IOCTL     12795us req=0xc020462b len=32    rc=0   head=0x00000000
IOCTL     15291us req=0xc020462b len=32    rc=0   head=0xc1d0000b
IOCTL     27364us req=0xc020462b len=32    rc=0   head=0xc1d0000b
IOCTL     28759us req=0xc020462b len=32    rc=0   head=0xc1d0000b
IOCTL     31642us req=0xc038464e len=56    rc=0   head=0xc1d0000b
ok    R2 version         = "580.159.04"
ok    R4 hClient         = 0xc1d0000b
ok    R6 hSubdevice      = 0xcafe0002
REV_UNDER_TEST=8176538aee3e618a84a59ea51582e48959e7da0a
info  R30 executor VAS    = GPU 0, euid 0 — build the isolate's OWN copy-engine channel over a `Vas`, then ask whether its semaphore VA is nameable from that same `Vas` (the space a GUEST channel is bound to)
info  R30 the bar is THREE arms: A the guest space must be FREE at sem_va, B the SAME call against the control space must REFUSE, C an engine bound to the guest space must NOT resolve sem_va. ⊘ A alone is vacuous
IOCTL    127436us req=0xc020462b len=32    rc=0   head=0xc1d0000b
[   11.144675] NVRM: rpcRmApiAlloc_GSP: GspRmAlloc failed: hClient=0xc1d0000b; hParent=0xcafe0001; hObject=0xcafe0005; hClass=0x00000070; paramsSize=0x00000018; paramsStatus=0x00000000; status=0x00000056
IOCTL    161671us req=0xc020462b len=32    rc=0   head=0xc1d0000b
IOCTL    164332us req=0xc020462b len=32    rc=0   head=0xc1d0000b
IOCTL    170155us req=0xc020462b len=32    rc=0   head=0xc1d0000b
IOCTL    215817us req=0xc0404657 len=64    rc=0   head=0xc1d0000b
IOCTL    283032us req=0xc020462b len=32    rc=0   head=0xc1d0000b
[   11.290526] NVRM: rpcRmApiAlloc_GSP: GspRmAlloc failed: hClient=0xc1d0000b; hParent=0xcafe0001; hObject=0xcafe0009; hClass=0x00000070; paramsSize=0x00000018; paramsStatus=0x00000000; status=0x00000056
IOCTL    304195us req=0xc020462b len=32    rc=0   head=0xc1d0000b
IOCTL    336666us req=0xc0404657 len=64    rc=0   head=0xc1d0000b
IOCTL    346846us req=0xc0404657 len=64    rc=0   head=0xc1d0000b
IOCTL    356623us req=0xc0404657 len=64    rc=0   head=0xc1d0000b
IOCTL    384316us req=0xc038464e len=56    rc=0   head=0xc1d0000b
IOCTL    411458us req=0xc038464e len=56    rc=0   head=0xc1d0000b
IOCTL    415716us req=0xc020462b len=32    rc=0   head=0xc1d0000b
IOCTL    445147us req=0xc0404657 len=64    rc=0   head=0xc1d0000b
IOCTL    453125us req=0xc020462b len=32    rc=0   head=0xc1d0000b
IOCTL    472799us req=0xc020462b len=32    rc=0   head=0xc1d0000b
IOCTL    480372us req=0xc020462a len=32    rc=0   head=0xc1d0000b
IOCTL    481619us req=0xc020462a len=32    rc=0   head=0xc1d0000b
IOCTL    516782us req=0xc038464e len=56    rc=0   head=0xc1d0000b
IOCTL    520992us req=0xc020462b len=32    rc=0   head=0xc1d0000b
IOCTL    522795us req=0xc020462a len=32    rc=0   head=0xc1d0000b
kayfabe-isolate: DOORBELL-STORE #1 host_token=0x00000003 runlist=0 chid=3 → storing 32 bits at USERMODE_NOTIFY_CHANNEL_PENDING=0x90 in the mapped usermode window
kayfabe-isolate: DOORBELL-STORE #1 host_token=0x00000003 ★★★ WROTE — the store instruction executed
IOCTL    553821us req=0xc038464e len=56    rc=0   head=0xc1d0000b
IOCTL    573272us req=0xc0304658 len=48    rc=0   head=0xc1d0000b
IOCTL    583629us req=0xc0304658 len=48    rc=0   head=0xc1d0000b
IOCTL    612663us req=0xc0104629 len=16    rc=0   head=0xc1d0000b
IOCTL    631696us req=0xc0304658 len=48    rc=0   head=0xc1d0000b
IOCTL    643403us req=0xc0304658 len=48    rc=0   head=0xc1d0000b
IOCTL    672698us req=0xc0104629 len=16    rc=0   head=0xc1d0000b
ok    R30 CE round-trip   = 4096 bytes moved, dst[0] 0x3f0011cf -> 0xc0ffee30 — the isolate's own copy-engine channel now EXISTS, which is what the rest of this rung is about
ok     R30 spaces          = guest range 0xcafe0005, control range 0xcafe0009, ring 0x0000000120020000, sem 0x0000000120022000, our last payload 0x00000001 — two different address spaces
IOCTL    689470us req=0xc020462b len=32    rc=0   head=0xc1d0000b
IOCTL    745792us req=0xc0404657 len=64    rc=0   head=0xc1d0000b
IOCTL    755666us req=0xc0304658 len=48    rc=0   head=0xc1d0000b
IOCTL    756695us req=0xc0104629 len=16    rc=0   head=0xc1d0000b
ok    R30 arm A guest     = the isolate's [   11.765688] NVRM: dmaAllocMapping_GM107: can't alloc VA space for mapping.
65536-byte ring object at 0x0000000120020000 (semaphore 0x0000000120022000) is UNCLAIMED in the guest-bound space — a fresh object took the address and RM reported it back
IOCTL    765457us req=0xc020462b len=32    rc=0   head=0xc1d0000b
IOCTL    773981us req=0xc0404657 len=64    rc=0   head=0xc1d0000b
IOCTL    777536us req=0xc0104629 len=16    rc=0   head=0xc1d0000b
ok    R30 arm B control   = the SAME call REFUSES at 0x0000000120020000 in the control space (Other(19305)) — the probe can detect occupancy, so arm A's `Free` is a measurement and not a constant
info  R30 arm C           = NOT RUN (pass `--executor-vas-alias`). It provokes a real host fault when the boundary HOLDS, so it is opt-in and belongs under `scripts/bench/host_xid_watch.sh`
IOCTL    790693us req=0xc0104629 len=16    rc=0   head=0xc1d0000b
IOCTL    806533us req=0xc0304658 len=48    rc=0   head=0xc1d0000b
IOCTL    819646us req=0xc0104629 len=16    rc=0   head=0xc1d0000b
IOCTL    864633us req=0xc0104629 len=16    rc=0   head=0xc1d0000b
[   11.872504] NVRM: rpcRmApiFree_GSP: GspRmFree failed: hClient=0xc1d0000b; hObject=0xcafe0009; paramsStatus=0x00000000; status=0x00000056
[   11.883515] NVRM: nvAssertFailedNoLog: Assertion failed: (status == NV_OK) || (status == NV_ERR_GPU_IN_FULLCHIP_RESET) @ mem.c:180
IOCTL    894968us req=0xc0104629 len=16    rc=0 [   11.897592] NVRM: rpcRmApiFree_GSP: GspRmFree failed: hClient=0xc1d0000b; hObject=0xcafe0005; paramsStatus=0x00000000; status=0x00000056
  head=0xc1d0000b
IOCTL    8973[   11.907533] NVRM: nvAssertFailedNoLog: Assertion failed: (status == NV_OK) || (status == NV_ERR_GPU_IN_FULLCHIP_RESET) @ mem.c:180
86us req=0xc0104629 len=16    rc=0   head=0xc1d0000b
IOCTL    920090us req=0xc0104629 len=16    rc=0   head=0xc1d0000b
IOCTL    922675us req=0xc0104629 len=16    rc=0   head=0xc1d0000b
★     R30 executor VAS    = the isolate's CE semaphore is NOT nameable from the address space a guest channel is bound to
done — executor-VAS probe only
[   12.179135] NVRM: rpcRmApiFree_GSP: GspRmFree failed: hClient=0xc1d0000a; hObject=0xcaf00002; paramsStatus=0x00000000; status=0x00000056
[   12.187709] NVRM: nvAssertFailedNoLog: Assertion failed: (status == NV_OK) || (status == NV_ERR_GPU_IN_FULLCHIP_RESET) @ rs_client.c:844
[   12.196382] NVRM: nvAssertFailedNoLog: Assertion failed: (status == NV_OK) || (status == NV_ERR_GPU_IN_FULLCHIP_RESET) @ rs_server.c:259
[   12.204769] NVRM: nvAssertFailedNoLog: Assertion failed: (status == NV_OK) || (status == NV_ERR_GPU_IN_FULLCHIP_RESET) @ rs_server.c:1375
[   12.216528] NVRM: nvAssertFailedNoLog: Assertion failed: (status == NV_OK) || (status == NV_ERR_GPU_IN_FULLCHIP_RESET) @ fecs_event_list.c:1623
[   12.277631] NVRM: nvCheckOkFailedNoLog: Check failed: Call not supported [NV_ERR_NOT_SUPPORTED] (0x00000056) returned from pRmApi->Control(pRmApi, pGpu->hInternalClient, pGpu->hInternalSubdevice, NV2080_CTRL_CMD_INTERNAL_INIT_USER_SHARED_DATA, &params, sizeof(params)) @ gpu_user_shared_data.c:213
[   16.177223] NVRM: _threadNodeCheckTimeout: _threadNodeCheckTimeout: currentTime: f41fdcd62dec0 >= f41fdcd62dec0
[   16.177228] NVRM: _threadNodeCheckTimeout: _threadNodeCheckTimeout: Timeout was set to: 4000 msecs!
FASTGUEST: client rc=0 at 16.15s
FASTGUEST: DONE
[   16.360590] reboot: Power down
