[    0.000000] Linux version 6.8.0-59-generic (buildd@lcy02-amd64-117) (x86_64-linux-gnu-gcc-12 (Ubuntu 12.3.0-1ubuntu1~22.04) 12.3.0, GNU ld (GNU Binutils for Ubuntu) 2.38) #61~22.04.1-Ubuntu SMP PREEMPT_DYNAMIC Tue Apr 15 17:03:15 UTC 2 (Ubuntu 6.8.0-59.61~22.04.1-generic 6.8.12)
[    0.269472] Kernel command line: console=ttyS0 panic=1 loglevel=6 KF_ARMS=--uvm-invalidate KF_IOCTL_TRACE=verbose KF_BUDGET_S=60
[    0.269548] Unknown kernel command line parameters "KF_ARMS=--uvm-invalidate KF_IOCTL_TRACE=verbose KF_BUDGET_S=60", will be passed to user space.
[    0.269557] random: crng init done
[    0.576065] audit: type=2000 audit(1789827991.537:1): state=initialized audit_enabled=0 res=1
[    0.837187] SCSI subsystem initialized
[    2.395952] VFS: Disk quotas dquot_6.6.0
[    2.580688] Initialise system trusted keyrings
[    2.586547] Key type blacklist registered
[    2.596544] integrity: Platform Keyring initialized
[    2.602122] integrity: Machine keyring initialized
[    2.620467] Key type asymmetric registered
[    2.625064] Asymmetric key parser 'x509' registered
[    2.725365] device-mapper: core: CONFIG_IMA_DISABLE_HTABLE is disabled. Duplicate IMA measurements will not be recorded in the IMA log.
[    2.741340] platform eisa.0: EISA: Cannot allocate resource for mainboard
[    2.749695] platform eisa.0: Cannot allocate resource for EISA slot 1
[    2.757470] platform eisa.0: Cannot allocate resource for EISA slot 2
[    2.764759] platform eisa.0: Cannot allocate resource for EISA slot 3
[    2.772074] platform eisa.0: Cannot allocate resource for EISA slot 4
[    2.779433] platform eisa.0: Cannot allocate resource for EISA slot 5
[    2.786744] platform eisa.0: Cannot allocate resource for EISA slot 6
[    2.794424] platform eisa.0: Cannot allocate resource for EISA slot 7
[    2.801740] platform eisa.0: Cannot allocate resource for EISA slot 8
[    6.766488] Key type dns_resolver registered
[    6.788764] Loading compiled-in X.509 certificates
[    6.804677] Loaded X.509 cert 'Build time autogenerated kernel key: 3fa2747ce20c90997bcade15a1cad09daa978788'
[    6.822650] Loaded X.509 cert 'Canonical Ltd. Live Patch Signing: 14df34d1a87cf37625abec039ef2bf521249b969'
[    6.838901] Loaded X.509 cert 'Canonical Ltd. Kernel Module Signing: 88f752e560a1e0737e31163a466ad7b70a850c19'
[    6.853675] blacklist: Loading compiled-in revocation X.509 certificates
[    6.862584] Loaded X.509 cert 'Canonical Ltd. Secure Boot Signing: 61482aa2830d0ab2ad5af10b7250da9033ddcef0'
[    6.874114] Loaded X.509 cert 'Canonical Ltd. Secure Boot Signing (2017): 242ade75ac4a15e50d50c84b0d45ff3eae707a03'
[    6.885630] Loaded X.509 cert 'Canonical Ltd. Secure Boot Signing (ESM 2018): 365188c1d374d6b07c3c8f240f8ef722433d6a8b'
[    6.896952] Loaded X.509 cert 'Canonical Ltd. Secure Boot Signing (2019): c0746fd6c5da3ae827864651ad66ae47fe24b3e8'
[    6.907787] Loaded X.509 cert 'Canonical Ltd. Secure Boot Signing (2021 v1): a8d54bbb3825cfb94fa13c9f8a594a195c107b8d'
[    6.919103] Loaded X.509 cert 'Canonical Ltd. Secure Boot Signing (2021 v2): 4cf046892d6fd3c9a5b03f98d845f90851dc6a8c'
[    6.931130] Loaded X.509 cert 'Canonical Ltd. Secure Boot Signing (2021 v3): 100437bb6de6e469b581e61cd66bce3ef4ed53af'
[    6.944474] Loaded X.509 cert 'Canonical Ltd. Secure Boot Signing (Ubuntu Core 2019): c1d57b8f6b743f23ee41f4f7ee292f06eecadfb9'
[    6.989983] Key type .fscrypt registered
[    6.995769] Key type fscrypt-provisioning registered
[    7.010168] Key type encrypted registered
[    7.016821] Loading compiled-in module X.509 certificates
[    7.026362] Loaded X.509 cert 'Build time autogenerated kernel key: 3fa2747ce20c90997bcade15a1cad09daa978788'
[    7.066852] Unstable clock detected, switching default tracing clock to "global"
[    7.066852] If you want to keep using the local clock, then add:
[    7.066852]   "trace_clock=local"
[    7.066852] on the kernel command line
FASTGUEST: up 7.08s
FASTGUEST: insmod ecc.ko ok
[    7.307675] nvidia: loading out-of-tree module taints kernel.
[    7.313313] nvidia: module verification failed: signature and/or required key missing - tainting kernel
[    7.455213] 
[    7.469425] NVRM: loading NVIDIA UNIX Open Kernel Module for x86_64  580.159.04  Release Build  (dvs-builder@U22-I3-AF04-09-6)  Wed Apr 29 17:15:53 UTC 2026
FASTGUEST: insmod nvidia.ko ok
FASTGUEST: insmod nvidia-uvm.ko ok
FASTGUEST: insmod wmi.ko ok
FASTGUEST: insmod video.ko ok
FASTGUEST: insmod nvidia-modeset.ko ok
FASTGUEST: nodes /dev/nvidia-caps/nvidia-cap1 /dev/nvidia-uvm /dev/nvidia-uvm-tools /dev/nvidia0 /dev/nvidiactl  /dev/nvidia-caps: nvidia-cap1 
FASTGUEST: ready 7.69s
FASTGUEST: arms --uvm-invalidate  deadline 50s (budget 60s, 7s already spent booting)
info  RMLADDER DEADLINE = armed (KF_SELF_DEADLINE_MS)
info  RMLADDER ARGV     = [--gpu 0 --uvm-invalidate]
[    9.671055] NVRM: nvAssertOkFailedNoLog: Assertion failed: Call not supported [NV_ERR_NOT_SUPPORTED] (0x00000056) returned from pRmApi->Control(pRmApi, pGpu->hInternalClient, pGpu->hInternalSubdevice, NV2080_CTRL_CMD_INTERNAL_INIT_USER_SHARED_DATA, &params, sizeof(params)) @ gpu_user_shared_data.c:233
[    9.687994] NVRM: nvAssertOkFailedNoLog: Assertion failed: Call not supported [NV_ERR_NOT_SUPPORTED] (0x00000056) returned from pRmApi->Control(pRmApi, pGpu->hInternalClient, pGpu->hInternalSubdevice, NV2080_CTRL_CMD_INTERNAL_USER_SHARED_DATA_SET_DATA_POLL, &params, sizeof(params)) @ gpu_user_shared_data.c:268
[    9.768466] NVRM: kperfGpuBoostSyncStateInit_IMPL: Failed to read Sync Gpu Boost init state, status=0x56
[    9.779709] NVRM: kperfGpuBoostSyncStateInit_IMPL: Failed to read Sync Gpu Boost init state, status=0x56
[    9.786683] NVRM: nvAssertOkFailedNoLog: Assertion failed: Call not supported [NV_ERR_NOT_SUPPORTED] (0x00000056) returned from pRmApi->Control(pRmApi, pGpu->hInternalClient, pGpu->hInternalSubdevice, NV2080_CTRL_CMD_INTERNAL_CE_GET_PCE_CONFIG_FOR_LCE_TYPE, &pceConfigParams, sizeof(pceConfigParams)) @ kernel_ce.c:1020
[    9.806447] NVRM: nvAssertOkFailedNoLog: Assertion failed: Call not supported [NV_ERR_NOT_SUPPORTED] (0x00000056) returned from kceGetPceConfigForLceType(pGpu, pKCe, NV2080_CTRL_CE_LCE_TYPE_DECOMP, &numPcesPerLce, &numLces, &supportedPceMask, &supportedLceMask, &pcesPerHshub) @ kernel_ce_gp100.c:62
[   10.510222] NVRM: rpcRmApiAlloc_GSP: GspRmAlloc failed: hClient=0xc1d00009; hParent=0x31415903; hObject=0x3141590f; hClass=0x00000070; paramsSize=0x00000018; paramsStatus=0x00000000; status=0x00000056
[   10.588652] NVRM: rpcRmApiAlloc_GSP: GspRmAlloc failed: hClient=0xc1d00009; hParent=0x31415903; hObject=0x31415900; hClass=0x0000c36f; paramsSize=0x00000170; paramsStatus=0x00000000; status=0x00000056
[   10.754299] NVRM: nvCheckOkFailedNoLog: Check failed: Call not supported [NV_ERR_NOT_SUPPORTED] (0x00000056) returned from kgrobjPromoteContext(pGpu, pKernelGraphicsObject, pKernelGraphics) @ kernel_graphics_object.c:224
[   10.776931] NVRM: nvAssertFailedNoLog: Assertion failed: status == NV_OK @ kernel_rc_watchdog.c:1198
[   10.783845] NVRM: rpcRmApiFree_GSP: GspRmFree failed: hClient=0xc1d00009; hObject=0x31415900; paramsStatus=0x00000000; status=0x00000056
[   10.817608] NVRM: vaListDestroy: non-zero mapCount(pVaList): 0x1
[   10.821705] NVRM: vaListDestroy: non-zero mapCount(pVaList): 0x1
[   10.825788] NVRM: vaListDestroy: non-zero mapCount(pVaList): 0x1
[   10.830161] NVRM: vaListDestroy: non-zero mapCount(pVaList): 0x1
[   10.868554] NVRM: rpcRmApiFree_GSP: GspRmFree failed: hClient=0xc1d00009; hObject=0x3141590f; paramsStatus=0x00000000; status=0x00000056
[   10.877907] NVRM: nvAssertFailedNoLog: Assertion failed: (status == NV_OK) || (status == NV_ERR_GPU_IN_FULLCHIP_RESET) @ mem.c:180
[   10.923291] NVRM: rpcRmApiAlloc_GSP: GspRmAlloc failed: hClient=0xc1d0000a; hParent=0xcaf00001; hObject=0xcaf00002; hClass=0x0000402c; paramsSize=0x00000000; paramsStatus=0x00000000; status=0x00000056
IOCTL         0us req=0xc04846d2 len=72    rc=0   head=0x00000032
IOCTL     16381us req=0xc00446c9 len=4     rc=0   head=0x00000004
IOCTL     30268us req=0xc020462b len=32    rc=0   head=0x00000000
IOCTL     43617us req=0xc020462b len=32    rc=0   head=0xc1d0000b
IOCTL     54803us req=0xc020462b len=32    rc=0   head=0xc1d0000b
IOCTL     65419us req=0xc020462b len=32    rc=0   head=0xc1d0000b
IOCTL     76933us req=0xc038464e len=56    rc=0   head=0xc1d0000b
ok    R2 version         = "580.159.04"
ok    R4 hClient         = 0xc1d0000b
ok    R6 hSubdevice      = 0xcafe0002
REV_UNDER_TEST=8176538aee3e618a84a59ea51582e48959e7da0a
IOCTL     98094us req=0xc020462b len=32    rc=0   head=0xc1d0000b
ok    W392C hVaSpace      = 0xcafe0004
--- w392c UVM raw client: forcing nvidia-uvm to build a KERNEL channel ---
ok    W392C uuid          = GPU-78b352c7-1ccd-7a86-d282-49484c827f27
ok    W392C open          = /dev/nvidia-uvm
IOCTL    125532us req=0x30000001 len=12288 rc=0   head=0x00000000
ok    W392C INITIALIZE    = rmStatus 0x0
IOCTL    136407us req=0x0000004b len=8     rc=0   head=0x00000008
ok    W392C MM_INITIALIZE = rmStatus 0x0
IOCTL   2731163us req=0x00000025 len=40    rc=0   head=0xc752b378
ok    W392C REGISTER_GPU  = rmStatus 0x0
IOCTL   2750318us req=0x00000019 len=32    rc=0   head=0xc752b378
ok    W392C REGISTER_VAS  = rmStatus 0x0
[   14.726830] NVRM: kgmmuClientShadowFaultBufferUnregister_IMPL: Unregistering non-replayable fault buffer failed (status=0x00000056), proceeding...
[   14.740009] NVRM: kgmmuFaultBufferReplayableDestroy_IMPL: Unregistering Replayable Fault buffer failed (status=0x00000056), proceeding...
[   14.752408] NVRM: uvmTerminateAccessCntrBuffer_IMPL: Unloading UVM Access counters failed (status=0x00000056), proceeding...
IOCTL   3792401us req=0x00000026 len=20    rc=0   head=0xc752b378
ok    W392C UNREGISTER     = rmStatus 0x0
=== ★★ W392C VERDICT — pre-registered ===
    W392C_OUTCOME=(P) ★★★★★ THE CLIENT WORKS. UVM registered the GPU and a VA
        space against a RAW RM connection — so nvidia-uvm built its channel
        manager, and point 2's transport EXISTS on this run.
        ⇒ On BARE METAL this is the client's known-positive.
        ⇒ In the GUEST, a MEMOP-CENSUS of zero after this is OURS to explain.
done — uvm-invalidate probe only
[   15.089012] NVRM: rpcRmApiFree_GSP: GspRmFree failed: hClient=0xc1d0000a; hObject=0xcaf00002; paramsStatus=0x00000000; status=0x00000056
[   15.098245] NVRM: nvAssertFailedNoLog: Assertion failed: (status == NV_OK) || (status == NV_ERR_GPU_IN_FULLCHIP_RESET) @ rs_client.c:844
[   15.107524] NVRM: nvAssertFailedNoLog: Assertion failed: (status == NV_OK) || (status == NV_ERR_GPU_IN_FULLCHIP_RESET) @ rs_server.c:259
[   15.115784] NVRM: nvAssertFailedNoLog: Assertion failed: (status == NV_OK) || (status == NV_ERR_GPU_IN_FULLCHIP_RESET) @ rs_server.c:1375
[   15.126190] NVRM: nvAssertFailedNoLog: Assertion failed: (status == NV_OK) || (status == NV_ERR_GPU_IN_FULLCHIP_RESET) @ fecs_event_list.c:1623
[   15.176820] NVRM: nvCheckOkFailedNoLog: Check failed: Call not supported [NV_ERR_NOT_SUPPORTED] (0x00000056) returned from pRmApi->Control(pRmApi, pGpu->hInternalClient, pGpu->hInternalSubdevice, NV2080_CTRL_CMD_INTERNAL_INIT_USER_SHARED_DATA, &params, sizeof(params)) @ gpu_user_shared_data.c:213
[   19.087324] NVRM: _threadNodeCheckTimeout: _threadNodeCheckTimeout: currentTime: f41fe7b223d80 >= f41fe7b223d80
[   19.087330] NVRM: _threadNodeCheckTimeout: _threadNodeCheckTimeout: Timeout was set to: 4000 msecs!
FASTGUEST: client rc=0 at 19.07s
FASTGUEST: DONE
[   19.292838] reboot: Power down
