[    0.000000] Linux version 6.8.0-59-generic (buildd@lcy02-amd64-117) (x86_64-linux-gnu-gcc-12 (Ubuntu 12.3.0-1ubuntu1~22.04) 12.3.0, GNU ld (GNU Binutils for Ubuntu) 2.38) #61~22.04.1-Ubuntu SMP PREEMPT_DYNAMIC Tue Apr 15 17:03:15 UTC 2 (Ubuntu 6.8.0-59.61~22.04.1-generic 6.8.12)
[    0.280798] Kernel command line: console=ttyS0 panic=1 loglevel=6 KF_ARMS=--doorbell-census,--probe-launch-dma KF_IOCTL_TRACE=verbose KF_BUDGET_S=60
[    0.280877] Unknown kernel command line parameters "KF_ARMS=--doorbell-census,--probe-launch-dma KF_IOCTL_TRACE=verbose KF_BUDGET_S=60", will be passed to user space.
[    0.280886] random: crng init done
[    0.602633] audit: type=2000 audit(1789829729.972:1): state=initialized audit_enabled=0 res=1
[    0.883790] SCSI subsystem initialized
[    2.500259] VFS: Disk quotas dquot_6.6.0
[    2.643426] Initialise system trusted keyrings
[    2.648673] Key type blacklist registered
[    2.661506] integrity: Platform Keyring initialized
[    2.667918] integrity: Machine keyring initialized
[    2.689408] Key type asymmetric registered
[    2.695208] Asymmetric key parser 'x509' registered
[    2.815198] device-mapper: core: CONFIG_IMA_DISABLE_HTABLE is disabled. Duplicate IMA measurements will not be recorded in the IMA log.
[    2.828976] platform eisa.0: EISA: Cannot allocate resource for mainboard
[    2.836317] platform eisa.0: Cannot allocate resource for EISA slot 1
[    2.843501] platform eisa.0: Cannot allocate resource for EISA slot 2
[    2.850523] platform eisa.0: Cannot allocate resource for EISA slot 3
[    2.857501] platform eisa.0: Cannot allocate resource for EISA slot 4
[    2.864696] platform eisa.0: Cannot allocate resource for EISA slot 5
[    2.871848] platform eisa.0: Cannot allocate resource for EISA slot 6
[    2.879124] platform eisa.0: Cannot allocate resource for EISA slot 7
[    2.886448] platform eisa.0: Cannot allocate resource for EISA slot 8
[    7.070744] Key type dns_resolver registered
[    7.098611] Loading compiled-in X.509 certificates
[    7.106368] Loaded X.509 cert 'Build time autogenerated kernel key: 3fa2747ce20c90997bcade15a1cad09daa978788'
[    7.117699] Loaded X.509 cert 'Canonical Ltd. Live Patch Signing: 14df34d1a87cf37625abec039ef2bf521249b969'
[    7.128819] Loaded X.509 cert 'Canonical Ltd. Kernel Module Signing: 88f752e560a1e0737e31163a466ad7b70a850c19'
[    7.139194] blacklist: Loading compiled-in revocation X.509 certificates
[    7.146282] Loaded X.509 cert 'Canonical Ltd. Secure Boot Signing: 61482aa2830d0ab2ad5af10b7250da9033ddcef0'
[    7.156338] Loaded X.509 cert 'Canonical Ltd. Secure Boot Signing (2017): 242ade75ac4a15e50d50c84b0d45ff3eae707a03'
[    7.166947] Loaded X.509 cert 'Canonical Ltd. Secure Boot Signing (ESM 2018): 365188c1d374d6b07c3c8f240f8ef722433d6a8b'
[    7.179659] Loaded X.509 cert 'Canonical Ltd. Secure Boot Signing (2019): c0746fd6c5da3ae827864651ad66ae47fe24b3e8'
[    7.191564] Loaded X.509 cert 'Canonical Ltd. Secure Boot Signing (2021 v1): a8d54bbb3825cfb94fa13c9f8a594a195c107b8d'
[    7.203302] Loaded X.509 cert 'Canonical Ltd. Secure Boot Signing (2021 v2): 4cf046892d6fd3c9a5b03f98d845f90851dc6a8c'
[    7.214838] Loaded X.509 cert 'Canonical Ltd. Secure Boot Signing (2021 v3): 100437bb6de6e469b581e61cd66bce3ef4ed53af'
[    7.225869] Loaded X.509 cert 'Canonical Ltd. Secure Boot Signing (Ubuntu Core 2019): c1d57b8f6b743f23ee41f4f7ee292f06eecadfb9'
[    7.256150] Key type .fscrypt registered
[    7.260277] Key type fscrypt-provisioning registered
[    7.274322] Key type encrypted registered
[    7.279074] Loading compiled-in module X.509 certificates
[    7.285943] Loaded X.509 cert 'Build time autogenerated kernel key: 3fa2747ce20c90997bcade15a1cad09daa978788'
[    7.317353] Unstable clock detected, switching default tracing clock to "global"
[    7.317353] If you want to keep using the local clock, then add:
[    7.317353]   "trace_clock=local"
[    7.317353] on the kernel command line
FASTGUEST: up 7.33s
FASTGUEST: insmod ecc.ko ok
[    7.601065] nvidia: loading out-of-tree module taints kernel.
[    7.605738] nvidia: module verification failed: signature and/or required key missing - tainting kernel
[    7.748961] 
[    7.764381] NVRM: loading NVIDIA UNIX Open Kernel Module for x86_64  580.159.04  Release Build  (dvs-builder@U22-I3-AF04-09-6)  Wed Apr 29 17:15:53 UTC 2026
FASTGUEST: insmod nvidia.ko ok
FASTGUEST: insmod nvidia-uvm.ko ok
FASTGUEST: insmod wmi.ko ok
FASTGUEST: insmod video.ko ok
FASTGUEST: insmod nvidia-modeset.ko ok
FASTGUEST: nodes /dev/nvidia-caps/nvidia-cap1 /dev/nvidia-uvm /dev/nvidia-uvm-tools /dev/nvidia0 /dev/nvidiactl  /dev/nvidia-caps: nvidia-cap1 
FASTGUEST: ready 7.87s
FASTGUEST: arms --doorbell-census --probe-launch-dma  deadline 50s (budget 60s, 7s already spent booting)
info  RMLADDER DEADLINE = armed (KF_SELF_DEADLINE_MS)
info  RMLADDER ARGV     = [--gpu 0 --doorbell-census --probe-launch-dma]
[    9.724888] NVRM: nvAssertOkFailedNoLog: Assertion failed: Call not supported [NV_ERR_NOT_SUPPORTED] (0x00000056) returned from pRmApi->Control(pRmApi, pGpu->hInternalClient, pGpu->hInternalSubdevice, NV2080_CTRL_CMD_INTERNAL_INIT_USER_SHARED_DATA, &params, sizeof(params)) @ gpu_user_shared_data.c:233
[    9.747382] NVRM: nvAssertOkFailedNoLog: Assertion failed: Call not supported [NV_ERR_NOT_SUPPORTED] (0x00000056) returned from pRmApi->Control(pRmApi, pGpu->hInternalClient, pGpu->hInternalSubdevice, NV2080_CTRL_CMD_INTERNAL_USER_SHARED_DATA_SET_DATA_POLL, &params, sizeof(params)) @ gpu_user_shared_data.c:268
[    9.838490] NVRM: kperfGpuBoostSyncStateInit_IMPL: Failed to read Sync Gpu Boost init state, status=0x56
[    9.847489] NVRM: kperfGpuBoostSyncStateInit_IMPL: Failed to read Sync Gpu Boost init state, status=0x56
[    9.853334] NVRM: nvAssertOkFailedNoLog: Assertion failed: Call not supported [NV_ERR_NOT_SUPPORTED] (0x00000056) returned from pRmApi->Control(pRmApi, pGpu->hInternalClient, pGpu->hInternalSubdevice, NV2080_CTRL_CMD_INTERNAL_CE_GET_PCE_CONFIG_FOR_LCE_TYPE, &pceConfigParams, sizeof(pceConfigParams)) @ kernel_ce.c:1020
[    9.869681] NVRM: nvAssertOkFailedNoLog: Assertion failed: Call not supported [NV_ERR_NOT_SUPPORTED] (0x00000056) returned from kceGetPceConfigForLceType(pGpu, pKCe, NV2080_CTRL_CE_LCE_TYPE_DECOMP, &numPcesPerLce, &numLces, &supportedPceMask, &supportedLceMask, &pcesPerHshub) @ kernel_ce_gp100.c:62
[   10.629906] NVRM: rpcRmApiAlloc_GSP: GspRmAlloc failed: hClient=0xc1d00009; hParent=0x31415903; hObject=0x3141590f; hClass=0x00000070; paramsSize=0x00000018; paramsStatus=0x00000000; status=0x00000056
[   10.710511] NVRM: rpcRmApiAlloc_GSP: GspRmAlloc failed: hClient=0xc1d00009; hParent=0x31415903; hObject=0x31415900; hClass=0x0000c36f; paramsSize=0x00000170; paramsStatus=0x00000000; status=0x00000056
[   10.897352] NVRM: nvCheckOkFailedNoLog: Check failed: Call not supported [NV_ERR_NOT_SUPPORTED] (0x00000056) returned from kgrobjPromoteContext(pGpu, pKernelGraphicsObject, pKernelGraphics) @ kernel_graphics_object.c:224
[   10.919969] NVRM: nvAssertFailedNoLog: Assertion failed: status == NV_OK @ kernel_rc_watchdog.c:1198
[   10.926787] NVRM: rpcRmApiFree_GSP: GspRmFree failed: hClient=0xc1d00009; hObject=0x31415900; paramsStatus=0x00000000; status=0x00000056
[   10.962702] NVRM: vaListDestroy: non-zero mapCount(pVaList): 0x1
[   10.966420] NVRM: vaListDestroy: non-zero mapCount(pVaList): 0x1
[   10.970053] NVRM: vaListDestroy: non-zero mapCount(pVaList): 0x1
[   10.973667] NVRM: vaListDestroy: non-zero mapCount(pVaList): 0x1
[   11.017629] NVRM: rpcRmApiFree_GSP: GspRmFree failed: hClient=0xc1d00009; hObject=0x3141590f; paramsStatus=0x00000000; status=0x00000056
[   11.026258] NVRM: nvAssertFailedNoLog: Assertion failed: (status == NV_OK) || (status == NV_ERR_GPU_IN_FULLCHIP_RESET) @ mem.c:180
[   11.075817] NVRM: rpcRmApiAlloc_GSP: GspRmAlloc failed: hClient=0xc1d0000a; hParent=0xcaf00001; hObject=0xcaf00002; hClass=0x0000402c; paramsSize=0x00000000; paramsStatus=0x00000000; status=0x00000056
IOCTL         0us req=0xc04846d2 len=72    rc=0   head=0x00000032
IOCTL     14709us req=0xc00446c9 len=4     rc=0   head=0x00000004
IOCTL     26507us req=0xc020462b len=32    rc=0   head=0x00000000
IOCTL     39226us req=0xc020462b len=32    rc=0   head=0xc1d0000b
IOCTL     49389us req=0xc020462b len=32    rc=0   head=0xc1d0000b
IOCTL     59402us req=0xc020462b len=32    rc=0   head=0xc1d0000b
IOCTL     70608us req=0xc038464e len=56    rc=0   head=0xc1d0000b
ok    R2 version         = "580.159.04"
ok    R4 hClient         = 0xc1d0000b
ok    R6 hSubdevice      = 0xcafe0002
REV_UNDER_TEST=8176538aee3e618a84a59ea51582e48959e7da0a
info  R13c census        = RM's own chid manager vs the work-submit token, GPU 0
IOCTL     93392us req=0xc020462a len=32    rc=0   head=0xc1d0000b
FACT per_runlist_channel_ram=0
IOCTL     94134us req=0xc020462a len=32    rc=0   head=0xc1d0000b
IOCTL     94972us req=0xc020462a len=32    rc=0   head=0xc1d0000b
IOCTL     97825us req=0xc020462a len=32    rc=0   head=0xc1d0000b
IOCTL    104678us req=0xc020462a len=32    rc=0   head=0xc1d0000b
IOCTL    108465us req=0xc020462a len=32    rc=0   head=0xc1d0000b
IOCTL    109454us req=0xc020462a len=32    rc=0   head=0xc1d0000b
IOCTL    110441us req=0xc020462a len=32    rc=0   head=0xc1d0000b
IOCTL    111403us req=0xc020462a len=32    rc=0   head=0xc1d0000b
IOCTL    112549us req=0xc020462a len=32    rc=0   head=0xc1d0000b
IOCTL    121467us req=0xc020462a len=32    rc=0   head=0xc1d0000b
IOCTL    122393us req=0xc020462a len=32    rc=0   head=0xc1d0000b
IOCTL    123351us req=0xc020462a len=32    rc=0   head=0xc1d0000b
IOCTL    124274us req=0xc020462a len=32    rc=0   head=0xc1d0000b
IOCTL    125387us req=0xc020462a len=32    rc=0   head=0xc1d0000b
IOCTL    126153us req=0xc020462a len=32    rc=0   head=0xc1d0000b
IOCTL    127093us req=0xc020462a len=32    rc=0   head=0xc1d0000b
IOCTL    128023us req=0xc020462a len=32    rc=0   head=0xc1d0000b
IOCTL    129031us req=0xc020462a len=32    rc=0   head=0xc1d0000b
IOCTL    135802us req=0xc020462a len=32    rc=0   head=0xc1d0000b
IOCTL    150649us req=0xc020462a len=32    rc=0   head=0xc1d0000b
IOCTL    151585us req=0xc020462a len=32    rc=0   head=0xc1d0000b
IOCTL    158476us req=0xc020462a len=32    rc=0   head=0xc1d0000b
IOCTL    159391us req=0xc020462a len=32    rc=0   head=0xc1d0000b
IOCTL    160310us req=0xc020462a len=32    rc=0   head=0xc1d0000b
FACT chid_namespaces=[0] of 0..24
IOCTL    165679us req=0xc020462a len=32    rc=0   head=0xc1d0000b
FACT device_info_table=Err(InsufficientPermissions)
IOCTL    278577us req=0xc020462b len=32    rc=0   head=0xc1d0000b
[   11.412156] NVRM: rpcRmApiAlloc_GSP: GspRmAlloc failed: hClient=0xc1d0000b; hParent=0xcafe0001; hObject=0xcafe0005; hClass=0x00000070; paramsSize=0x00000018; paramsStatus=0x00000000; status=0x00000056
IOCTL    318717us req=0xc020462b len=32    rc=0   head=0xc1d0000b
IOCTL    329427us req=0xc020462a len=32    rc=0   head=0xc1d0000b
IOCTL    339041us req=0xc020462a len=32    rc=0   head=0xc1d0000b
IOCTL    348557us req=0xc020462a len=32    rc=0   head=0xc1d0000b
IOCTL    357865us req=0xc020462a len=32    rc=0   head=0xc1d0000b
IOCTL    367397us req=0xc020462a len=32    rc=0   head=0xc1d0000b
IOCTL    376750us req=0xc020462a len=32    rc=0   head=0xc1d0000b
IOCTL    385946us req=0xc020462a len=32    rc=0   head=0xc1d0000b
IOCTL    395462us req=0xc020462a len=32    rc=0   head=0xc1d0000b
IOCTL    404771us req=0xc020462a len=32    rc=0   head=0xc1d0000b
IOCTL    414476us req=0xc020462a len=32    rc=0   head=0xc1d0000b
IOCTL    423733us req=0xc020462a len=32    rc=0   head=0xc1d0000b
IOCTL    433165us req=0xc020462a len=32    rc=0   head=0xc1d0000b
IOCTL    442673us req=0xc020462a len=32    rc=0   head=0xc1d0000b
IOCTL    452127us req=0xc020462a len=32    rc=0   head=0xc1d0000b
IOCTL    461386us req=0xc020462a len=32    rc=0   head=0xc1d0000b
IOCTL    470689us req=0xc020462a len=32    rc=0   head=0xc1d0000b
IOCTL    479975us req=0xc020462a len=32    rc=0   head=0xc1d0000b
IOCTL    489664us req=0xc020462a len=32    rc=0   head=0xc1d0000b
IOCTL    499133us req=0xc020462a len=32    rc=0   head=0xc1d0000b
IOCTL    508566us req=0xc020462a len=32    rc=0   head=0xc1d0000b
IOCTL    517915us req=0xc020462a len=32    rc=0   head=0xc1d0000b
IOCTL    527400us req=0xc020462a len=32    rc=0   head=0xc1d0000b
IOCTL    536756us req=0xc020462a len=32    rc=0   head=0xc1d0000b
IOCTL    546168us req=0xc020462a len=32    rc=0   head=0xc1d0000b
IOCTL    556751us req=0xc020462b len=32    rc=0   head=0xc1d0000b
IOCTL    626411us req=0xc0404657 len=64    rc=0   head=0xc1d0000b
IOCTL    647140us req=0xc020462b len=32    rc=0   head=0xc1d0000b
IOCTL    683756us req=0xc020462b len=32    rc=0   head=0xc1d0000b
IOCTL    697782us req=0xc020462a len=32    rc=0   head=0xc1d0000b
IOCTL    707458us req=0xc020462a len=32    rc=0   head=0xc1d0000b
IOCTL    753804us req=0xc038464e len=56    rc=0   head=0xc1d0000b
IOCTL    766454us req=0xc020462a len=32    rc=0   head=0xc1d0000b
IOCTL    776235us req=0xc020462a len=32    rc=0   head=0xc1d0000b
IOCTL    786255us req=0xc020462a len=32    rc=0   head=0xc1d0000b
IOCTL    795933us req=0xc020462a len=32    rc=0   head=0xc1d0000b
IOCTL    805680us req=0xc020462a len=32    rc=0   head=0xc1d0000b
IOCTL    815637us req=0xc020462a len=32    rc=0   head=0xc1d0000b
IOCTL    825748us req=0xc020462a len=32    rc=0   head=0xc1d0000b
IOCTL    835523us req=0xc020462a len=32    rc=0   head=0xc1d0000b
IOCTL    845336us req=0xc020462a len=32    rc=0   head=0xc1d0000b
IOCTL    855390us req=0xc020462a len=32    rc=0   head=0xc1d0000b
IOCTL    865182us req=0xc020462a len=32    rc=0   head=0xc1d0000b
IOCTL    874851us req=0xc020462a len=32    rc=0   head=0xc1d0000b
IOCTL    884565us req=0xc020462a len=32    rc=0   head=0xc1d0000b
IOCTL    894412us req=0xc020462a len=32    rc=0   head=0xc1d0000b
IOCTL    903993us req=0xc020462a len=32    rc=0   head=0xc1d0000b
IOCTL    913944us req=0xc020462a len=32    rc=0   head=0xc1d0000b
IOCTL    923530us req=0xc020462a len=32    rc=0   head=0xc1d0000b
IOCTL    934048us req=0xc020462a len=32    rc=0   head=0xc1d0000b
IOCTL    943732us req=0xc020462a len=32    rc=0   head=0xc1d0000b
IOCTL    953410us req=0xc020462a len=32    rc=0   head=0xc1d0000b
IOCTL    962962us req=0xc020462a len=32    rc=0   head=0xc1d0000b
IOCTL    973155us req=0xc020462a len=32    rc=0   head=0xc1d0000b
IOCTL    983468us req=0xc020462a len=32    rc=0   head=0xc1d0000b
IOCTL    993171us req=0xc020462a len=32    rc=0   head=0xc1d0000b
SAMPLE engine_type=0x1 token=0x00000003 chid=3 chid_namespace=0
IOCTL   1080010us req=0xc020462b len=32    rc=0   head=0xc1d0000b
[   12.200110] NVRM: rpcRmApiAlloc_GSP: GspRmAlloc failed: hClient=0xc1d0000b; hParent=0xcafe0001; hObject=0xcafe000a; hClass=0x00000070; paramsSize=0x00000018; paramsStatus=0x00000000; status=0x00000056
IOCTL   1105805us req=0xc020462b len=32    rc=0   head=0xc1d0000b
IOCTL   1116216us req=0xc020462a len=32    rc=0   head=0xc1d0000b
IOCTL   1125666us req=0xc020462a len=32    rc=0   head=0xc1d0000b
IOCTL   1135081us req=0xc020462a len=32    rc=0   head=0xc1d0000b
IOCTL   1144393us req=0xc020462a len=32    rc=0   head=0xc1d0000b
IOCTL   1154228us req=0xc020462a len=32    rc=0   head=0xc1d0000b
IOCTL   1164014us req=0xc020462a len=32    rc=0   head=0xc1d0000b
IOCTL   1173772us req=0xc020462a len=32    rc=0   head=0xc1d0000b
IOCTL   1183479us req=0xc020462a len=32    rc=0   head=0xc1d0000b
IOCTL   1192913us req=0xc020462a len=32    rc=0   head=0xc1d0000b
IOCTL   1202618us req=0xc020462a len=32    rc=0   head=0xc1d0000b
IOCTL   1212232us req=0xc020462a len=32    rc=0   head=0xc1d0000b
IOCTL   1221874us req=0xc020462a len=32    rc=0   head=0xc1d0000b
IOCTL   1231413us req=0xc020462a len=32    rc=0   head=0xc1d0000b
IOCTL   1240782us req=0xc020462a len=32    rc=0   head=0xc1d0000b
IOCTL   1250458us req=0xc020462a len=32    rc=0   head=0xc1d0000b
IOCTL   1259787us req=0xc020462a len=32    rc=0   head=0xc1d0000b
IOCTL   1269202us req=0xc020462a len=32    rc=0   head=0xc1d0000b
IOCTL   1278679us req=0xc020462a len=32    rc=0   head=0xc1d0000b
IOCTL   1288161us req=0xc020462a len=32    rc=0   head=0xc1d0000b
IOCTL   1297514us req=0xc020462a len=32    rc=0   head=0xc1d0000b
IOCTL   1306511us req=0xc020462a len=32    rc=0   head=0xc1d0000b
IOCTL   1315749us req=0xc020462a len=32    rc=0   head=0xc1d0000b
IOCTL   1324734us req=0xc020462a len=32    rc=0   head=0xc1d0000b
IOCTL   1334167us req=0xc020462a len=32    rc=0   head=0xc1d0000b
IOCTL   1344488us req=0xc020462b len=32    rc=0   head=0xc1d0000b
IOCTL   1399765us req=0xc0404657 len=64    rc=0   head=0xc1d0000b
IOCTL   1413107us req=0xc020462b len=32    rc=0   head=0xc1d0000b
IOCTL   1437710us req=0xc020462b len=32    rc=0   head=0xc1d0000b
IOCTL   1447755us req=0xc020462a len=32    rc=0   head=0xc1d0000b
IOCTL   1456736us req=0xc020462a len=32    rc=0   head=0xc1d0000b
IOCTL   1512392us req=0xc038464e len=56    rc=0   head=0xc1d0000b
IOCTL   1523337us req=0xc020462a len=32    rc=0   head=0xc1d0000b
IOCTL   1532656us req=0xc020462a len=32    rc=0   head=0xc1d0000b
IOCTL   1541780us req=0xc020462a len=32    rc=0   head=0xc1d0000b
IOCTL   1551199us req=0xc020462a len=32    rc=0   head=0xc1d0000b
IOCTL   1560305us req=0xc020462a len=32    rc=0   head=0xc1d0000b
IOCTL   1569513us req=0xc020462a len=32    rc=0   head=0xc1d0000b
IOCTL   1579255us req=0xc020462a len=32    rc=0   head=0xc1d0000b
IOCTL   1588422us req=0xc020462a len=32    rc=0   head=0xc1d0000b
IOCTL   1597866us req=0xc020462a len=32    rc=0   head=0xc1d0000b
IOCTL   1607219us req=0xc020462a len=32    rc=0   head=0xc1d0000b
IOCTL   1616756us req=0xc020462a len=32    rc=0   head=0xc1d0000b
IOCTL   1626084us req=0xc020462a len=32    rc=0   head=0xc1d0000b
IOCTL   1635206us req=0xc020462a len=32    rc=0   head=0xc1d0000b
IOCTL   1644429us req=0xc020462a len=32    rc=0   head=0xc1d0000b
IOCTL   1653576us req=0xc020462a len=32    rc=0   head=0xc1d0000b
IOCTL   1662624us req=0xc020462a len=32    rc=0   head=0xc1d0000b
IOCTL   1672240us req=0xc020462a len=32    rc=0   head=0xc1d0000b
IOCTL   1681270us req=0xc020462a len=32    rc=0   head=0xc1d0000b
IOCTL   1690470us req=0xc020462a len=32    rc=0   head=0xc1d0000b
IOCTL   1699447us req=0xc020462a len=32    rc=0   head=0xc1d0000b
IOCTL   1708543us req=0xc020462a len=32    rc=0   head=0xc1d0000b
IOCTL   1717737us req=0xc020462a len=32    rc=0   head=0xc1d0000b
IOCTL   1726788us req=0xc020462a len=32    rc=0   head=0xc1d0000b
IOCTL   1735824us req=0xc020462a len=32    rc=0   head=0xc1d0000b
SAMPLE engine_type=0x9 token=0x00000004 chid=4 chid_namespace=0
IOCTL   1826132us req=0xc020462b len=32    rc=0   head=0xc1d0000b
[   12.942341] NVRM: rpcRmApiAlloc_GSP: GspRmAlloc failed: hClient=0xc1d0000b; hParent=0xcafe0001; hObject=0xcafe000f; hClass=0x00000070; paramsSize=0x00000018; paramsStatus=0x00000000; status=0x00000056
IOCTL   1846464us req=0xc020462b len=32    rc=0   head=0xc1d0000b
IOCTL   1855849us req=0xc020462a len=32    rc=0   head=0xc1d0000b
IOCTL   1865186us req=0xc020462a len=32    rc=0   head=0xc1d0000b
IOCTL   1874417us req=0xc020462a len=32    rc=0   head=0xc1d0000b
IOCTL   1883655us req=0xc020462a len=32    rc=0   head=0xc1d0000b
IOCTL   1892735us req=0xc020462a len=32    rc=0   head=0xc1d0000b
IOCTL   1901619us req=0xc020462a len=32    rc=0   head=0xc1d0000b
IOCTL   1910747us req=0xc020462a len=32    rc=0   head=0xc1d0000b
IOCTL   1919939us req=0xc020462a len=32    rc=0   head=0xc1d0000b
IOCTL   1929211us req=0xc020462a len=32    rc=0   head=0xc1d0000b
IOCTL   1938561us req=0xc020462a len=32    rc=0   head=0xc1d0000b
IOCTL   1947699us req=0xc020462a len=32    rc=0   head=0xc1d0000b
IOCTL   1956678us req=0xc020462a len=32    rc=0   head=0xc1d0000b
IOCTL   1965736us req=0xc020462a len=32    rc=0   head=0xc1d0000b
IOCTL   1975254us req=0xc020462a len=32    rc=0   head=0xc1d0000b
IOCTL   1984721us req=0xc020462a len=32    rc=0   head=0xc1d0000b
IOCTL   1993712us req=0xc020462a len=32    rc=0   head=0xc1d0000b
IOCTL   2002867us req=0xc020462a len=32    rc=0   head=0xc1d0000b
IOCTL   2011864us req=0xc020462a len=32    rc=0   head=0xc1d0000b
IOCTL   2021065us req=0xc020462a len=32    rc=0   head=0xc1d0000b
IOCTL   2030062us req=0xc020462a len=32    rc=0   head=0xc1d0000b
IOCTL   2039151us req=0xc020462a len=32    rc=0   head=0xc1d0000b
IOCTL   2048768us req=0xc020462a len=32    rc=0   head=0xc1d0000b
IOCTL   2058421us req=0xc020462a len=32    rc=0   head=0xc1d0000b
IOCTL   2067678us req=0xc020462a len=32    rc=0   head=0xc1d0000b
IOCTL   2077011us req=0xc020462b len=32    rc=0   head=0xc1d0000b
IOCTL   2149220us req=0xc0404657 len=64    rc=0   head=0xc1d0000b
IOCTL   2160330us req=0xc020462b len=32    rc=0   head=0xc1d0000b
IOCTL   2188585us req=0xc020462b len=32    rc=0   head=0xc1d0000b
IOCTL   2200699us req=0xc020462a len=32    rc=0   head=0xc1d0000b
IOCTL   2212032us req=0xc020462a len=32    rc=0   head=0xc1d0000b
IOCTL   2266974us req=0xc038464e len=56    rc=0   head=0xc1d0000b
IOCTL   2275213us req=0xc020462a len=32    rc=0   head=0xc1d0000b
IOCTL   2283663us req=0xc020462a len=32    rc=0   head=0xc1d0000b
IOCTL   2291625us req=0xc020462a len=32    rc=0   head=0xc1d0000b
IOCTL   2299757us req=0xc020462a len=32    rc=0   head=0xc1d0000b
IOCTL   2307776us req=0xc020462a len=32    rc=0   head=0xc1d0000b
IOCTL   2316010us req=0xc020462a len=32    rc=0   head=0xc1d0000b
IOCTL   2323992us req=0xc020462a len=32    rc=0   head=0xc1d0000b
IOCTL   2332386us req=0xc020462a len=32    rc=0   head=0xc1d0000b
IOCTL   2340369us req=0xc020462a len=32    rc=0   head=0xc1d0000b
IOCTL   2348507us req=0xc020462a len=32    rc=0   head=0xc1d0000b
IOCTL   2356495us req=0xc020462a len=32    rc=0   head=0xc1d0000b
IOCTL   2364631us req=0xc020462a len=32    rc=0   head=0xc1d0000b
IOCTL   2372620us req=0xc020462a len=32    rc=0   head=0xc1d0000b
IOCTL   2380572us req=0xc020462a len=32    rc=0   head=0xc1d0000b
IOCTL   2388550us req=0xc020462a len=32    rc=0   head=0xc1d0000b
IOCTL   2396549us req=0xc020462a len=32    rc=0   head=0xc1d0000b
IOCTL   2404493us req=0xc020462a len=32    rc=0   head=0xc1d0000b
IOCTL   2412464us req=0xc020462a len=32    rc=0   head=0xc1d0000b
IOCTL   2420697us req=0xc020462a len=32    rc=0   head=0xc1d0000b
IOCTL   2428779us req=0xc020462a len=32    rc=0   head=0xc1d0000b
IOCTL   2437016us req=0xc020462a len=32    rc=0   head=0xc1d0000b
IOCTL   2445057us req=0xc020462a len=32    rc=0   head=0xc1d0000b
IOCTL   2453095us req=0xc020462a len=32    rc=0   head=0xc1d0000b
IOCTL   2461239us req=0xc020462a len=32    rc=0   head=0xc1d0000b
SAMPLE engine_type=0xa token=0x00000005 chid=5 chid_namespace=0
IOCTL   2557337us req=0xc020462b len=32    rc=0   head=0xc1d0000b
[   13.672206] NVRM: rpcRmApiAlloc_GSP: GspRmAlloc failed: hClient=0xc1d0000b; hParent=0xcafe0001; hObject=0xcafe0014; hClass=0x00000070; paramsSize=0x00000018; paramsStatus=0x00000000; status=0x00000056
IOCTL   2576781us req=0xc020462b len=32    rc=0   head=0xc1d0000b
IOCTL   2584958us req=0xc020462a len=32    rc=0   head=0xc1d0000b
IOCTL   2593062us req=0xc020462a len=32    rc=0   head=0xc1d0000b
IOCTL   2600933us req=0xc020462a len=32    rc=0   head=0xc1d0000b
IOCTL   2608945us req=0xc020462a len=32    rc=0   head=0xc1d0000b
IOCTL   2617104us req=0xc020462a len=32    rc=0   head=0xc1d0000b
IOCTL   2625178us req=0xc020462a len=32    rc=0   head=0xc1d0000b
IOCTL   2633247us req=0xc020462a len=32    rc=0   head=0xc1d0000b
IOCTL   2641184us req=0xc020462a len=32    rc=0   head=0xc1d0000b
IOCTL   2649278us req=0xc020462a len=32    rc=0   head=0xc1d0000b
IOCTL   2657296us req=0xc020462a len=32    rc=0   head=0xc1d0000b
IOCTL   2665296us req=0xc020462a len=32    rc=0   head=0xc1d0000b
IOCTL   2673385us req=0xc020462a len=32    rc=0   head=0xc1d0000b
IOCTL   2681401us req=0xc020462a len=32    rc=0   head=0xc1d0000b
IOCTL   2689469us req=0xc020462a len=32    rc=0   head=0xc1d0000b
IOCTL   2697517us req=0xc020462a len=32    rc=0   head=0xc1d0000b
IOCTL   2705676us req=0xc020462a len=32    rc=0   head=0xc1d0000b
IOCTL   2713862us req=0xc020462a len=32    rc=0   head=0xc1d0000b
IOCTL   2722043us req=0xc020462a len=32    rc=0   head=0xc1d0000b
IOCTL   2730118us req=0xc020462a len=32    rc=0   head=0xc1d0000b
IOCTL   2738089us req=0xc020462a len=32    rc=0   head=0xc1d0000b
IOCTL   2746034us req=0xc020462a len=32    rc=0   head=0xc1d0000b
IOCTL   2754038us req=0xc020462a len=32    rc=0   head=0xc1d0000b
IOCTL   2762208us req=0xc020462a len=32    rc=0   head=0xc1d0000b
IOCTL   2770197us req=0xc020462a len=32    rc=0   head=0xc1d0000b
IOCTL   2778511us req=0xc020462b len=32    rc=0   head=0xc1d0000b
IOCTL   2858983us req=0xc0404657 len=64    rc=0   head=0xc1d0000b
IOCTL   2869208us req=0xc020462b len=32    rc=0   head=0xc1d0000b
IOCTL   2900708us req=0xc020462b len=32    rc=0   head=0xc1d0000b
IOCTL   2910298us req=0xc020462a len=32    rc=0   head=0xc1d0000b
IOCTL   2918683us req=0xc020462a len=32    rc=0   head=0xc1d0000b
IOCTL   2996945us req=0xc038464e len=56    rc=0   head=0xc1d0000b
IOCTL   3005446us req=0xc020462a len=32    rc=0   head=0xc1d0000b
IOCTL   3013814us req=0xc020462a len=32    rc=0   head=0xc1d0000b
IOCTL   3021854us req=0xc020462a len=32    rc=0   head=0xc1d0000b
IOCTL   3029861us req=0xc020462a len=32    rc=0   head=0xc1d0000b
IOCTL   3037811us req=0xc020462a len=32    rc=0   head=0xc1d0000b
IOCTL   3045938us req=0xc020462a len=32    rc=0   head=0xc1d0000b
IOCTL   3054017us req=0xc020462a len=32    rc=0   head=0xc1d0000b
IOCTL   3062122us req=0xc020462a len=32    rc=0   head=0xc1d0000b
IOCTL   3070529us req=0xc020462a len=32    rc=0   head=0xc1d0000b
IOCTL   3078685us req=0xc020462a len=32    rc=0   head=0xc1d0000b
IOCTL   3086771us req=0xc020462a len=32    rc=0   head=0xc1d0000b
IOCTL   3095034us req=0xc020462a len=32    rc=0   head=0xc1d0000b
IOCTL   3103053us req=0xc020462a len=32    rc=0   head=0xc1d0000b
IOCTL   3110983us req=0xc020462a len=32    rc=0   head=0xc1d0000b
IOCTL   3119108us req=0xc020462a len=32    rc=0   head=0xc1d0000b
IOCTL   3127108us req=0xc020462a len=32    rc=0   head=0xc1d0000b
IOCTL   3135204us req=0xc020462a len=32    rc=0   head=0xc1d0000b
IOCTL   3143219us req=0xc020462a len=32    rc=0   head=0xc1d0000b
IOCTL   3151243us req=0xc020462a len=32    rc=0   head=0xc1d0000b
IOCTL   3159246us req=0xc020462a len=32    rc=0   head=0xc1d0000b
IOCTL   3167379us req=0xc020462a len=32    rc=0   head=0xc1d0000b
IOCTL   3175787us req=0xc020462a len=32    rc=0   head=0xc1d0000b
IOCTL   3184398us req=0xc020462a len=32    rc=0   head=0xc1d0000b
IOCTL   3192657us req=0xc020462a len=32    rc=0   head=0xc1d0000b
SAMPLE engine_type=0xb token=0x00010006 chid=6 chid_namespace=0
IOCTL   3296038us req=0xc020462b len=32    rc=0   head=0xc1d0000b
[   14.411005] NVRM: rpcRmApiAlloc_GSP: GspRmAlloc failed: hClient=0xc1d0000b; hParent=0xcafe0001; hObject=0xcafe0019; hClass=0x00000070; paramsSize=0x00000018; paramsStatus=0x00000000; status=0x00000056
IOCTL   3315447us req=0xc020462b len=32    rc=0   head=0xc1d0000b
IOCTL   3323482us req=0xc020462a len=32    rc=0   head=0xc1d0000b
IOCTL   3331552us req=0xc020462a len=32    rc=0   head=0xc1d0000b
IOCTL   3339543us req=0xc020462a len=32    rc=0   head=0xc1d0000b
IOCTL   3347628us req=0xc020462a len=32    rc=0   head=0xc1d0000b
IOCTL   3355925us req=0xc020462a len=32    rc=0   head=0xc1d0000b
IOCTL   3364271us req=0xc020462a len=32    rc=0   head=0xc1d0000b
IOCTL   3372521us req=0xc020462a len=32    rc=0   head=0xc1d0000b
IOCTL   3380491us req=0xc020462a len=32    rc=0   head=0xc1d0000b
IOCTL   3388493us req=0xc020462a len=32    rc=0   head=0xc1d0000b
IOCTL   3396497us req=0xc020462a len=32    rc=0   head=0xc1d0000b
IOCTL   3404847us req=0xc020462a len=32    rc=0   head=0xc1d0000b
IOCTL   3412993us req=0xc020462a len=32    rc=0   head=0xc1d0000b
IOCTL   3421352us req=0xc020462a len=32    rc=0   head=0xc1d0000b
IOCTL   3429392us req=0xc020462a len=32    rc=0   head=0xc1d0000b
IOCTL   3437624us req=0xc020462a len=32    rc=0   head=0xc1d0000b
IOCTL   3445683us req=0xc020462a len=32    rc=0   head=0xc1d0000b
IOCTL   3453725us req=0xc020462a len=32    rc=0   head=0xc1d0000b
IOCTL   3461661us req=0xc020462a len=32    rc=0   head=0xc1d0000b
IOCTL   3469714us req=0xc020462a len=32    rc=0   head=0xc1d0000b
IOCTL   3477781us req=0xc020462a len=32    rc=0   head=0xc1d0000b
IOCTL   3485863us req=0xc020462a len=32    rc=0   head=0xc1d0000b
IOCTL   3493871us req=0xc020462a len=32    rc=0   head=0xc1d0000b
IOCTL   3501797us req=0xc020462a len=32    rc=0   head=0xc1d0000b
IOCTL   3510020us req=0xc020462a len=32    rc=0   head=0xc1d0000b
IOCTL   3518162us req=0xc020462b len=32    rc=0   head=0xc1d0000b
IOCTL   3603507us req=0xc0404657 len=64    rc=0   head=0xc1d0000b
IOCTL   3613589us req=0xc020462b len=32    rc=0   head=0xc1d0000b
IOCTL   3646152us req=0xc020462b len=32    rc=0   head=0xc1d0000b
IOCTL   3655478us req=0xc020462a len=32    rc=0   head=0xc1d0000b
IOCTL   3663575us req=0xc020462a len=32    rc=0   head=0xc1d0000b
IOCTL   3725551us req=0xc038464e len=56    rc=0   head=0xc1d0000b
IOCTL   3733641us req=0xc020462a len=32    rc=0   head=0xc1d0000b
IOCTL   3741726us req=0xc020462a len=32    rc=0   head=0xc1d0000b
IOCTL   3749717us req=0xc020462a len=32    rc=0   head=0xc1d0000b
IOCTL   3757861us req=0xc020462a len=32    rc=0   head=0xc1d0000b
IOCTL   3765949us req=0xc020462a len=32    rc=0   head=0xc1d0000b
IOCTL   3774278us req=0xc020462a len=32    rc=0   head=0xc1d0000b
IOCTL   3782438us req=0xc020462a len=32    rc=0   head=0xc1d0000b
IOCTL   3790376us req=0xc020462a len=32    rc=0   head=0xc1d0000b
IOCTL   3798438us req=0xc020462a len=32    rc=0   head=0xc1d0000b
IOCTL   3806732us req=0xc020462a len=32    rc=0   head=0xc1d0000b
IOCTL   3814849us req=0xc020462a len=32    rc=0   head=0xc1d0000b
IOCTL   3823097us req=0xc020462a len=32    rc=0   head=0xc1d0000b
IOCTL   3831095us req=0xc020462a len=32    rc=0   head=0xc1d0000b
IOCTL   3839200us req=0xc020462a len=32    rc=0   head=0xc1d0000b
IOCTL   3847402us req=0xc020462a len=32    rc=0   head=0xc1d0000b
IOCTL   3855932us req=0xc020462a len=32    rc=0   head=0xc1d0000b
IOCTL   3864294us req=0xc020462a len=32    rc=0   head=0xc1d0000b
IOCTL   3872503us req=0xc020462a len=32    rc=0   head=0xc1d0000b
IOCTL   3880640us req=0xc020462a len=32    rc=0   head=0xc1d0000b
IOCTL   3888667us req=0xc020462a len=32    rc=0   head=0xc1d0000b
IOCTL   3896636us req=0xc020462a len=32    rc=0   head=0xc1d0000b
IOCTL   3904692us req=0xc020462a len=32    rc=0   head=0xc1d0000b
IOCTL   3913044us req=0xc020462a len=32    rc=0   head=0xc1d0000b
IOCTL   3921159us req=0xc020462a len=32    rc=0   head=0xc1d0000b
SAMPLE engine_type=0xc token=0x00020007 chid=7 chid_namespace=0
IOCTL   4013596us req=0xc020462b len=32    rc=0   head=0xc1d0000b
[   15.128876] NVRM: rpcRmApiAlloc_GSP: GspRmAlloc failed: hClient=0xc1d0000b; hParent=0xcafe0001; hObject=0xcafe001e; hClass=0x00000070; paramsSize=0x00000018; paramsStatus=0x00000000; status=0x00000056
IOCTL   4032939us req=0xc020462b len=32    rc=0   head=0xc1d0000b
IOCTL   4040939us req=0xc020462a len=32    rc=0   head=0xc1d0000b
IOCTL   4049128us req=0xc020462a len=32    rc=0   head=0xc1d0000b
IOCTL   4057194us req=0xc020462a len=32    rc=0   head=0xc1d0000b
IOCTL   4065193us req=0xc020462a len=32    rc=0   head=0xc1d0000b
IOCTL   4073546us req=0xc020462a len=32    rc=0   head=0xc1d0000b
IOCTL   4081663us req=0xc020462a len=32    rc=0   head=0xc1d0000b
IOCTL   4089821us req=0xc020462a len=32    rc=0   head=0xc1d0000b
IOCTL   4098005us req=0xc020462a len=32    rc=0   head=0xc1d0000b
IOCTL   4106185us req=0xc020462a len=32    rc=0   head=0xc1d0000b
IOCTL   4114287us req=0xc020462a len=32    rc=0   head=0xc1d0000b
IOCTL   4122435us req=0xc020462a len=32    rc=0   head=0xc1d0000b
IOCTL   4130408us req=0xc020462a len=32    rc=0   head=0xc1d0000b
IOCTL   4138499us req=0xc020462a len=32    rc=0   head=0xc1d0000b
IOCTL   4146484us req=0xc020462a len=32    rc=0   head=0xc1d0000b
IOCTL   4154669us req=0xc020462a len=32    rc=0   head=0xc1d0000b
IOCTL   4162636us req=0xc020462a len=32    rc=0   head=0xc1d0000b
IOCTL   4170718us req=0xc020462a len=32    rc=0   head=0xc1d0000b
IOCTL   4179204us req=0xc020462a len=32    rc=0   head=0xc1d0000b
IOCTL   4187614us req=0xc020462a len=32    rc=0   head=0xc1d0000b
IOCTL   4196012us req=0xc020462a len=32    rc=0   head=0xc1d0000b
IOCTL   4204102us req=0xc020462a len=32    rc=0   head=0xc1d0000b
IOCTL   4212249us req=0xc020462a len=32    rc=0   head=0xc1d0000b
IOCTL   4220304us req=0xc020462a len=32    rc=0   head=0xc1d0000b
IOCTL   4228435us req=0xc020462a len=32    rc=0   head=0xc1d0000b
IOCTL   4236504us req=0xc020462b len=32    rc=0   head=0xc1d0000b
IOCTL   4306134us req=0xc0404657 len=64    rc=0   head=0xc1d0000b
[   15.420858] NVRM: nvAssertOkFailedNoLog: Assertion failed: Requested object not found [NV_ERR_OBJECT_NOT_FOUND] (0x00000057) returned from kfifoEngineInfoXlate_HAL(pGpu, pKernelFifo, ENGINE_INFO_TYPE_RM_ENGINE_TYPE, (NvU32)rmEngineType, ENGINE_INFO_TYPE_ENG_DESC, &engDesc) @ kernel_fifo_gm107.c:368
IOCTL   4331603us req=0xc020462b len=32    rc=0   head=0xc1d0000b
[   15.446103] NVRM: nvAssertOkFailedNoLog: Assertion failed: Requested object not found [NV_ERR_OBJECT_NOT_FOUND] (0x00000057) returned from kfifoEngineInfoXlate_HAL(pGpu, pKernelFifo, ENGINE_INFO_TYPE_RM_ENGINE_TYPE, (NvU32)rmEngineType, ENGINE_INFO_TYPE_ENG_DESC, &engDesc) @ kernel_fifo_gm107.c:368
IOCTL   4374309us req=0xc020462b len=32    rc=0   head=0xc1d0000b
[   15.489337] NVRM: nvAssertOkFailedNoLog: Assertion failed: Requested object not found [NV_ERR_OBJECT_NOT_FOUND] (0x00000057) returned from kfifoEngineInfoXlate_HAL(pGpu, GPU_GET_KERNEL_FIFO(pGpu), ENGINE_INFO_TYPE_ENG_DESC, engineDesc, ENGINE_INFO_TYPE_RUNLIST, &pKernelChannelGroupApi->pKernelChannelGroup->runlistId) @ kernel_channel_group_api.c:1252
[   15.507626] NVRM: nvAssertOkFailedNoLog: Assertion failed: Requested object not found [NV_ERR_OBJECT_NOT_FOUND] (0x00000057) returned from status @ kernel_channel.c:2886
[   15.516599] NVRM: nvAssertOkFailedNoLog: Assertion failed: Requested object not found [NV_ERR_OBJECT_NOT_FOUND] (0x00000057) returned from kchannelBindToRunlist(pChanNode->pKernelChannel, localEngineType, engineDesc) @ kernel_channel_group_api.c:1264
IOCTL   4423520us req=0xc020462a len=32    rc=0   head=0xc1d0000b
IOCTL   4432726us req=0xc0104629 len=16    rc=0   head=0xc1d0000b
IOCTL   4443092us req=0xc0104629 len=16    rc=0   head=0xc1d0000b
IOCTL   4469054us req=0xc0104629 len=16    rc=0   head=0xc1d0000b
SAMPLE-REFUSED engine_type=0xd reason=Other(87)
[   15.587380] NVRM: rpcRmApiFree_GSP: GspRmFree failed: hClient=0xc1d0000b; hObject=0xcafe001e; paramsStatus=0x00000000; status=0x00000056
[   15.594747] NVRM: nvAssertFailedNoLog: Assertion failed: (status == NV_OK) || (status == NV_ERR_GPU_IN_FULLCHIP_RESET) @ mem.c:180
IOCTL   4495467us req=0xc0104629 len=16    rc=0   head=0xc1d0000b
IOCTL   4504221us req=0xc0104629 len=16    rc=0   head=0xc1d0000b
IOCTL   4583984us req=0xc020462b len=32    rc=0   head=0xc1d0000b
[   15.698648] NVRM: rpcRmApiAlloc_GSP: GspRmAlloc failed: hClient=0xc1d0000b; hParent=0xcafe0001; hObject=0xcafe0023; hClass=0x00000070; paramsSize=0x00000018; paramsStatus=0x00000000; status=0x00000056
IOCTL   4602999us req=0xc020462b len=32    rc=0   head=0xc1d0000b
IOCTL   4611027us req=0xc020462a len=32    rc=0   head=0xc1d0000b
IOCTL   4619266us req=0xc020462a len=32    rc=0   head=0xc1d0000b
IOCTL   4627387us req=0xc020462a len=32    rc=0   head=0xc1d0000b
IOCTL   4635396us req=0xc020462a len=32    rc=0   head=0xc1d0000b
IOCTL   4643436us req=0xc020462a len=32    rc=0   head=0xc1d0000b
IOCTL   4651592us req=0xc020462a len=32    rc=0   head=0xc1d0000b
IOCTL   4659699us req=0xc020462a len=32    rc=0   head=0xc1d0000b
IOCTL   4667799us req=0xc020462a len=32    rc=0   head=0xc1d0000b
IOCTL   4675952us req=0xc020462a len=32    rc=0   head=0xc1d0000b
IOCTL   4684069us req=0xc020462a len=32    rc=0   head=0xc1d0000b
IOCTL   4691990us req=0xc020462a len=32    rc=0   head=0xc1d0000b
IOCTL   4699947us req=0xc020462a len=32    rc=0   head=0xc1d0000b
IOCTL   4707997us req=0xc020462a len=32    rc=0   head=0xc1d0000b
IOCTL   4716158us req=0xc020462a len=32    rc=0   head=0xc1d0000b
IOCTL   4724272us req=0xc020462a len=32    rc=0   head=0xc1d0000b
IOCTL   4732268us req=0xc020462a len=32    rc=0   head=0xc1d0000b
IOCTL   4740261us req=0xc020462a len=32    rc=0   head=0xc1d0000b
IOCTL   4748438us req=0xc020462a len=32    rc=0   head=0xc1d0000b
IOCTL   4756627us req=0xc020462a len=32    rc=0   head=0xc1d0000b
IOCTL   4764770us req=0xc020462a len=32    rc=0   head=0xc1d0000b
IOCTL   4772818us req=0xc020462a len=32    rc=0   head=0xc1d0000b
IOCTL   4781057us req=0xc020462a len=32    rc=0   head=0xc1d0000b
IOCTL   4789370us req=0xc020462a len=32    rc=0   head=0xc1d0000b
IOCTL   4797495us req=0xc020462a len=32    rc=0   head=0xc1d0000b
IOCTL   4805645us req=0xc020462b len=32    rc=0   head=0xc1d0000b
IOCTL   4875731us req=0xc0404657 len=64    rc=0   head=0xc1d0000b
[   15.992201] NVRM: nvAssertOkFailedNoLog: Assertion failed: Requested object not found [NV_ERR_OBJECT_NOT_FOUND] (0x00000057) returned from kfifoEngineInfoXlate_HAL(pGpu, pKernelFifo, ENGINE_INFO_TYPE_RM_ENGINE_TYPE, (NvU32)rmEngineType, ENGINE_INFO_TYPE_ENG_DESC, &engDesc) @ kernel_fifo_gm107.c:368
IOCTL   4902033us req=0xc020462b len=32    rc=0   head=0xc1d0000b
[   16.016454] NVRM: nvAssertOkFailedNoLog: Assertion failed: Requested object not found [NV_ERR_OBJECT_NOT_FOUND] (0x00000057) returned from kfifoEngineInfoXlate_HAL(pGpu, pKernelFifo, ENGINE_INFO_TYPE_RM_ENGINE_TYPE, (NvU32)rmEngineType, ENGINE_INFO_TYPE_ENG_DESC, &engDesc) @ kernel_fifo_gm107.c:368
IOCTL   4943768us req=0xc020462b len=32    rc=0   head=0xc1d0000b
[   16.059831] NVRM: nvAssertOkFailedNoLog: Assertion failed: Requested object not found [NV_ERR_OBJECT_NOT_FOUND] (0x00000057) returned from kfifoEngineInfoXlate_HAL(pGpu, GPU_GET_KERNEL_FIFO(pGpu), ENGINE_INFO_TYPE_ENG_DESC, engineDesc, ENGINE_INFO_TYPE_RUNLIST, &pKernelChannelGroupApi->pKernelChannelGroup->runlistId) @ kernel_channel_group_api.c:1252
[   16.080426] NVRM: nvAssertOkFailedNoLog: Assertion failed: Requested object not found [NV_ERR_OBJECT_NOT_FOUND] (0x00000057) returned from status @ kernel_channel.c:2886
[   16.089828] NVRM: nvAssertOkFailedNoLog: Assertion failed: Requested object not found [NV_ERR_OBJECT_NOT_FOUND] (0x00000057) returned from kchannelBindToRunlist(pChanNode->pKernelChannel, localEngineType, engineDesc) @ kernel_channel_group_api.c:1264
IOCTL   4996294us req=0xc020462a len=32    rc=0   head=0xc1d0000b
IOCTL   5005397us req=0xc0104629 len=16    rc=0   head=0xc1d0000b
IOCTL   5015687us req=0xc0104629 len=16    rc=0   head=0xc1d0000b
IOCTL   5043020us req=0xc0104629 len=16    rc=0   head=0xc1d0000b
SAMPLE-REFUSED engine_type=0xe reason=Other(87)
[   16.161182] NVRM: rpcRmApiFree_GSP: GspRmFree failed: hClient=0xc1d0000b; hObject=0xcafe0023; paramsStatus=0x00000000; status=0x00000056
[   16.168358] NVRM: nvAssertFailedNoLog: Assertion failed: (status == NV_OK) || (status == NV_ERR_GPU_IN_FULLCHIP_RESET) @ mem.c:180
IOCTL   5068867us req=0xc0104629 len=16    rc=0   head=0xc1d0000b
IOCTL   5077624us req=0xc0104629 len=16    rc=0   head=0xc1d0000b
IOCTL   5164867us req=0xc020462b len=32    rc=0   head=0xc1d0000b
[   16.279589] NVRM: rpcRmApiAlloc_GSP: GspRmAlloc failed: hClient=0xc1d0000b; hParent=0xcafe0001; hObject=0xcafe0028; hClass=0x00000070; paramsSize=0x00000018; paramsStatus=0x00000000; status=0x00000056
IOCTL   5184402us req=0xc020462b len=32    rc=0   head=0xc1d0000b
IOCTL   5192504us req=0xc020462a len=32    rc=0   head=0xc1d0000b
IOCTL   5200637us req=0xc020462a len=32    rc=0   head=0xc1d0000b
IOCTL   5208720us req=0xc020462a len=32    rc=0   head=0xc1d0000b
IOCTL   5216768us req=0xc020462a len=32    rc=0   head=0xc1d0000b
IOCTL   5225002us req=0xc020462a len=32    rc=0   head=0xc1d0000b
IOCTL   5233102us req=0xc020462a len=32    rc=0   head=0xc1d0000b
IOCTL   5240949us req=0xc020462a len=32    rc=0   head=0xc1d0000b
IOCTL   5248920us req=0xc020462a len=32    rc=0   head=0xc1d0000b
IOCTL   5257198us req=0xc020462a len=32    rc=0   head=0xc1d0000b
IOCTL   5265384us req=0xc020462a len=32    rc=0   head=0xc1d0000b
IOCTL   5273319us req=0xc020462a len=32    rc=0   head=0xc1d0000b
IOCTL   5281564us req=0xc020462a len=32    rc=0   head=0xc1d0000b
IOCTL   5289547us req=0xc020462a len=32    rc=0   head=0xc1d0000b
IOCTL   5297678us req=0xc020462a len=32    rc=0   head=0xc1d0000b
IOCTL   5307774us req=0xc020462a len=32    rc=0   head=0xc1d0000b
IOCTL   5316409us req=0xc020462a len=32    rc=0   head=0xc1d0000b
IOCTL   5324600us req=0xc020462a len=32    rc=0   head=0xc1d0000b
IOCTL   5332737us req=0xc020462a len=32    rc=0   head=0xc1d0000b
IOCTL   5340749us req=0xc020462a len=32    rc=0   head=0xc1d0000b
IOCTL   5348771us req=0xc020462a len=32    rc=0   head=0xc1d0000b
IOCTL   5356779us req=0xc020462a len=32    rc=0   head=0xc1d0000b
IOCTL   5364857us req=0xc020462a len=32    rc=0   head=0xc1d0000b
IOCTL   5372856us req=0xc020462a len=32    rc=0   head=0xc1d0000b
IOCTL   5380820us req=0xc020462a len=32    rc=0   head=0xc1d0000b
IOCTL   5389027us req=0xc020462b len=32    rc=0   head=0xc1d0000b
IOCTL   5463285us req=0xc0404657 len=64    rc=0   head=0xc1d0000b
[   16.577924] NVRM: nvAssertOkFailedNoLog: Assertion failed: Requested object not found [NV_ERR_OBJECT_NOT_FOUND] (0x00000057) returned from kfifoEngineInfoXlate_HAL(pGpu, pKernelFifo, ENGINE_INFO_TYPE_RM_ENGINE_TYPE, (NvU32)rmEngineType, ENGINE_INFO_TYPE_ENG_DESC, &engDesc) @ kernel_fifo_gm107.c:368
IOCTL   5487683us req=0xc020462b len=32    rc=0   head=0xc1d0000b
[   16.602206] NVRM: nvAssertOkFailedNoLog: Assertion failed: Requested object not found [NV_ERR_OBJECT_NOT_FOUND] (0x00000057) returned from kfifoEngineInfoXlate_HAL(pGpu, pKernelFifo, ENGINE_INFO_TYPE_RM_ENGINE_TYPE, (NvU32)rmEngineType, ENGINE_INFO_TYPE_ENG_DESC, &engDesc) @ kernel_fifo_gm107.c:368
IOCTL   5529331us req=0xc020462b len=32    rc=0   head=0xc1d0000b
[   16.645268] NVRM: nvAssertOkFailedNoLog: Assertion failed: Requested object not found [NV_ERR_OBJECT_NOT_FOUND] (0x00000057) returned from kfifoEngineInfoXlate_HAL(pGpu, GPU_GET_KERNEL_FIFO(pGpu), ENGINE_INFO_TYPE_ENG_DESC, engineDesc, ENGINE_INFO_TYPE_RUNLIST, &pKernelChannelGroupApi->pKernelChannelGroup->runlistId) @ kernel_channel_group_api.c:1252
[   16.665086] NVRM: nvAssertOkFailedNoLog: Assertion failed: Requested object not found [NV_ERR_OBJECT_NOT_FOUND] (0x00000057) returned from status @ kernel_channel.c:2886
[   16.673972] NVRM: nvAssertOkFailedNoLog: Assertion failed: Requested object not found [NV_ERR_OBJECT_NOT_FOUND] (0x00000057) returned from kchannelBindToRunlist(pChanNode->pKernelChannel, localEngineType, engineDesc) @ kernel_channel_group_api.c:1264
IOCTL   5580859us req=0xc020462a len=32    rc=0   head=0xc1d0000b
IOCTL   5589318us req=0xc0104629 len=16    rc=0   head=0xc1d0000b
IOCTL   5599321us req=0xc0104629 len=16    rc=0   head=0xc1d0000b
IOCTL   5628292us req=0xc0104629 len=16    rc=0   head=0xc1d0000b
SAMPLE-REFUSED engine_type=0xf reason=Other(87)
[   16.746228] NVRM: rpcRmApiFree_GSP: GspRmFree failed: hClient=0xc1d0000b; hObject=0xcafe0028; paramsStatus=0x00000000; status=0x00000056
[   16.753578] NVRM: nvAssertFailedNoLog: Assertion failed: (status == NV_OK) || (status == NV_ERR_GPU_IN_FULLCHIP_RESET) @ mem.c:180
IOCTL   5654329us req=0xc0104629 len=16    rc=0   head=0xc1d0000b
IOCTL   5662953us req=0xc0104629 len=16    rc=0   head=0xc1d0000b
IOCTL   5752181us req=0xc020462b len=32    rc=0   head=0xc1d0000b
[   16.866899] NVRM: rpcRmApiAlloc_GSP: GspRmAlloc failed: hClient=0xc1d0000b; hParent=0xcafe0001; hObject=0xcafe002d; hClass=0x00000070; paramsSize=0x00000018; paramsStatus=0x00000000; status=0x00000056
IOCTL   5771154us req=0xc020462b len=32    rc=0   head=0xc1d0000b
IOCTL   5779293us req=0xc020462a len=32    rc=0   head=0xc1d0000b
IOCTL   5787576us req=0xc020462a len=32    rc=0   head=0xc1d0000b
IOCTL   5795643us req=0xc020462a len=32    rc=0   head=0xc1d0000b
IOCTL   5804380us req=0xc020462a len=32    rc=0   head=0xc1d0000b
IOCTL   5812612us req=0xc020462a len=32    rc=0   head=0xc1d0000b
IOCTL   5820716us req=0xc020462a len=32    rc=0   head=0xc1d0000b
IOCTL   5828947us req=0xc020462a len=32    rc=0   head=0xc1d0000b
IOCTL   5837067us req=0xc020462a len=32    rc=0   head=0xc1d0000b
IOCTL   5845150us req=0xc020462a len=32    rc=0   head=0xc1d0000b
IOCTL   5853195us req=0xc020462a len=32    rc=0   head=0xc1d0000b
IOCTL   5861385us req=0xc020462a len=32    rc=0   head=0xc1d0000b
IOCTL   5869414us req=0xc020462a len=32    rc=0   head=0xc1d0000b
IOCTL   5877755us req=0xc020462a len=32    rc=0   head=0xc1d0000b
IOCTL   5886678us req=0xc020462a len=32    rc=0   head=0xc1d0000b
IOCTL   5894781us req=0xc020462a len=32    rc=0   head=0xc1d0000b
IOCTL   5902855us req=0xc020462a len=32    rc=0   head=0xc1d0000b
IOCTL   5910961us req=0xc020462a len=32    rc=0   head=0xc1d0000b
IOCTL   5919051us req=0xc020462a len=32    rc=0   head=0xc1d0000b
IOCTL   5927112us req=0xc020462a len=32    rc=0   head=0xc1d0000b
IOCTL   5935272us req=0xc020462a len=32    rc=0   head=0xc1d0000b
IOCTL   5943258us req=0xc020462a len=32    rc=0   head=0xc1d0000b
IOCTL   5951189us req=0xc020462a len=32    rc=0   head=0xc1d0000b
IOCTL   5959271us req=0xc020462a len=32    rc=0   head=0xc1d0000b
IOCTL   5970917us req=0xc020462a len=32    rc=0   head=0xc1d0000b
IOCTL   5979585us req=0xc020462b len=32    rc=0   head=0xc1d0000b
IOCTL   6053091us req=0xc0404657 len=64    rc=0   head=0xc1d0000b
[   17.167579] NVRM: nvAssertOkFailedNoLog: Assertion failed: Requested object not found [NV_ERR_OBJECT_NOT_FOUND] (0x00000057) returned from kfifoEngineInfoXlate_HAL(pGpu, pKernelFifo, ENGINE_INFO_TYPE_RM_ENGINE_TYPE, (NvU32)rmEngineType, ENGINE_INFO_TYPE_ENG_DESC, &engDesc) @ kernel_fifo_gm107.c:368
IOCTL   6077468us req=0xc020462b len=32    rc=0   head=0xc1d0000b
[   17.192040] NVRM: nvAssertOkFailedNoLog: Assertion failed: Requested object not found [NV_ERR_OBJECT_NOT_FOUND] (0x00000057) returned from kfifoEngineInfoXlate_HAL(pGpu, pKernelFifo, ENGINE_INFO_TYPE_RM_ENGINE_TYPE, (NvU32)rmEngineType, ENGINE_INFO_TYPE_ENG_DESC, &engDesc) @ kernel_fifo_gm107.c:368
IOCTL   6122520us req=0xc020462b len=32    rc=0   head=0xc1d0000b
[   17.238047] NVRM: nvAssertOkFailedNoLog: Assertion failed: Requested object not found [NV_ERR_OBJECT_NOT_FOUND] (0x00000057) returned from kfifoEngineInfoXlate_HAL(pGpu, GPU_GET_KERNEL_FIFO(pGpu), ENGINE_INFO_TYPE_ENG_DESC, engineDesc, ENGINE_INFO_TYPE_RUNLIST, &pKernelChannelGroupApi->pKernelChannelGroup->runlistId) @ kernel_channel_group_api.c:1252
[   17.258464] NVRM: nvAssertOkFailedNoLog: Assertion failed: Requested object not found [NV_ERR_OBJECT_NOT_FOUND] (0x00000057) returned from status @ kernel_channel.c:2886
[   17.267359] NVRM: nvAssertOkFailedNoLog: Assertion failed: Requested object not found [NV_ERR_OBJECT_NOT_FOUND] (0x00000057) returned from kchannelBindToRunlist(pChanNode->pKernelChannel, localEngineType, engineDesc) @ kernel_channel_group_api.c:1264
IOCTL   6174261us req=0xc020462a len=32    rc=0   head=0xc1d0000b
IOCTL   6183324us req=0xc0104629 len=16    rc=0   head=0xc1d0000b
IOCTL   6193299us req=0xc0104629 len=16    rc=0   head=0xc1d0000b
IOCTL   6221323us req=0xc0104629 len=16    rc=0   head=0xc1d0000b
SAMPLE-REFUSED engine_type=0x10 reason=Other(87)
[   17.341014] NVRM: rpcRmApiFree_GSP: GspRmFree failed: hClient=0xc1d0000b; hObject=0xcafe002d; paramsStatus=0x00000000; status=0x00000056
[   17.349072] NVRM: nvAssertFailedNoLog: Assertion failed: (status == NV_OK) || (status == NV_ERR_GPU_IN_FULLCHIP_RESET) @ mem.c:180
IOCTL   6249938us req=0xc0104629 len=16    rc=0   head=0xc1d0000b
IOCTL   6258683us req=0xc0104629 len=16    rc=0   head=0xc1d0000b
IOCTL   6268164us req=0xc0104629 len=16    rc=0   head=0xc1d0000b
IOCTL   6294741us req=0xc0304658 len=48    rc=0   head=0xc1d0000b
IOCTL   6305135us req=0xc0104629 len=16    rc=0   head=0xc1d0000b
IOCTL   6426091us req=0xc0104629 len=16    rc=0   head=0xc1d0000b
[   17.546061] NVRM: rpcRmApiFree_GSP: GspRmFree failed: hClient=0xc1d0000b; hObject=0xcafe0005; paramsStatus=0x00000000; status=0x00000056
[   17.554871] NVRM: nvAssertFailedNoLog: Assertion failed: (status == NV_OK) || (status == NV_ERR_GPU_IN_FULLCHIP_RESET) @ mem.c:180
IOCTL   6455764us req=0xc0104629 len=16    rc=0   head=0xc1d0000b
IOCTL   6465690us req=0xc0104629 len=16    rc=0   head=0xc1d0000b
IOCTL   6478109us req=0xc0104629 len=16    rc=0   head=0xc1d0000b
IOCTL   6505297us req=0xc0304658 len=48    rc=0   head=0xc1d0000b
IOCTL   6516470us req=0xc0104629 len=16    rc=0   head=0xc1d0000b
IOCTL   6558768us req=0xc0104629 len=16    rc=0   head=0xc1d0000b
[   17.678130] NVRM: rpcRmApiFree_GSP: GspRmFree failed: hClient=0xc1d0000b; hObject=0xcafe000a; paramsStatus=0x00000000; status=0x00000056
[   17.686102] NVRM: nvAssertFailedNoLog: Assertion failed: (status == NV_OK) || (status == NV_ERR_GPU_IN_FULLCHIP_RESET) @ mem.c:180
IOCTL   6586986us req=0xc0104629 len=16    rc=0   head=0xc1d0000b
IOCTL   6597161us req=0xc0104629 len=16    rc=0   head=0xc1d0000b
IOCTL   6609516us req=0xc0104629 len=16    rc=0   head=0xc1d0000b
IOCTL   6635002us req=0xc0304658 len=48    rc=0   head=0xc1d0000b
IOCTL   6647498us req=0xc0104629 len=16    rc=0   head=0xc1d0000b
IOCTL   6688315us req=0xc0104629 len=16    rc=0   head=0xc1d0000b
[   17.807443] NVRM: rpcRmApiFree_GSP: GspRmFree failed: hClient=0xc1d0000b; hObject=0xcafe000f; paramsStatus=0x00000000; status=0x00000056
[   17.815593] NVRM: nvAssertFailedNoLog: Assertion failed: (status == NV_OK) || (status == NV_ERR_GPU_IN_FULLCHIP_RESET) @ mem.c:180
IOCTL   6716408us req=0xc0104629 len=16    rc=0   head=0xc1d0000b
IOCTL   6726556us req=0xc0104629 len=16    rc=0   head=0xc1d0000b
IOCTL   6739326us req=0xc0104629 len=16    rc=0   head=0xc1d0000b
IOCTL   6763985us req=0xc0304658 len=48    rc=0   head=0xc1d0000b
IOCTL   6774763us req=0xc0104629 len=16    rc=0   head=0xc1d0000b
IOCTL   6815601us req=0xc0104629 len=16    rc=0   head=0xc1d0000b
[   17.935429] NVRM: rpcRmApiFree_GSP: GspRmFree failed: hClient=0xc1d0000b; hObject=0xcafe0014; paramsStatus=0x00000000; status=0x00000056
[   17.943349] NVRM: nvAssertFailedNoLog: Assertion failed: (status == NV_OK) || (status == NV_ERR_GPU_IN_FULLCHIP_RESET) @ mem.c:180
IOCTL   6844166us req=0xc0104629 len=16    rc=0   head=0xc1d0000b
IOCTL   6853748us req=0xc0104629 len=16    rc=0   head=0xc1d0000b
IOCTL   6866481us req=0xc0104629 len=16    rc=0   head=0xc1d0000b
IOCTL   6890531us req=0xc0304658 len=48    rc=0   head=0xc1d0000b
IOCTL   6901469us req=0xc0104629 len=16    rc=0   head=0xc1d0000b
IOCTL   6938566us req=0xc0104629 len=16    rc=0   head=0xc1d0000b
[   18.057546] NVRM: rpcRmApiFree_GSP: GspRmFree failed: hClient=0xc1d0000b; hObject=0xcafe0019; paramsStatus=0x00000000; status=0x00000056
[   18.065933] NVRM: nvAssertFailedNoLog: Assertion failed: (status == NV_OK) || (status == NV_ERR_GPU_IN_FULLCHIP_RESET) @ mem.c:180
IOCTL   6966752us req=0xc0104629 len=16    rc=0   head=0xc1d0000b
IOCTL   6977329us req=0xc0104629 len=16    rc=0   head=0xc1d0000b
IOCTL   7044111us req=0xc020462b len=32    rc=0   head=0xc1d0000b
[   18.159272] NVRM: rpcRmApiAlloc_GSP: GspRmAlloc failed: hClient=0xc1d0000b; hParent=0xcafe0001; hObject=0xcafe0032; hClass=0x00000070; paramsSize=0x00000018; paramsStatus=0x00000000; status=0x00000056
IOCTL   7063434us req=0xc020462b len=32    rc=0   head=0xc1d0000b
IOCTL   7072231us req=0xc020462a len=32    rc=0   head=0xc1d0000b
IOCTL   7080303us req=0xc020462a len=32    rc=0   head=0xc1d0000b
IOCTL   7088453us req=0xc020462a len=32    rc=0   head=0xc1d0000b
IOCTL   7096490us req=0xc020462a len=32    rc=0   head=0xc1d0000b
IOCTL   7107393us req=0xc020462a len=32    rc=0   head=0xc1d0000b
[   18.223841] NVRM: nvAssertOkFailedNoLog: Assertion failed: Requested object not found [NV_ERR_OBJECT_NOT_FOUND] (0x00000057) returned from kfifoEngineInfoXlate_HAL(pGpu, pKernelFifo, ENGINE_INFO_TYPE_RM_ENGINE_TYPE, gpuGetRmEngineType(pFifoInfoParams->engineType), ENGINE_INFO_TYPE_RUNLIST, &runlistId) @ kernel_fifo_ctrl.c:301
IOCTL   7146507us req=0xc020462a len=32    rc=0   head=0xc1d0000b
[   18.263347] NVRM: nvAssertOkFailedNoLog: Assertion failed: Requested object not found [NV_ERR_OBJECT_NOT_FOUND] (0x00000057) returned from kfifoEngineInfoXlate_HAL(pGpu, pKernelFifo, ENGINE_INFO_TYPE_RM_ENGINE_TYPE, gpuGetRmEngineType(pFifoInfoParams->engineType), ENGINE_INFO_TYPE_RUNLIST, &runlistId) @ kernel_fifo_ctrl.c:301
IOCTL   7183431us req=0xc020462a len=32    rc=0   head=0xc1d0000b
[   18.301885] NVRM: nvAssertOkFailedNoLog: Assertion failed: Requested object not found [NV_ERR_OBJECT_NOT_FOUND] (0x00000057) returned from kfifoEngineInfoXlate_HAL(pGpu, pKernelFifo, ENGINE_INFO_TYPE_RM_ENGINE_TYPE, gpuGetRmEngineType(pFifoInfoParams->engineType), ENGINE_INFO_TYPE_RUNLIST, &runlistId) @ kernel_fifo_ctrl.c:301
IOCTL   7221795us req=0xc020462a len=32    rc=0   head=0xc1d0000b
[   18.339191] NVRM: nvAssertOkFailedNoLog: Assertion failed: Requested object not found [NV_ERR_OBJECT_NOT_FOUND] (0x00000057) returned from kfifoEngineInfoXlate_HAL(pGpu, pKernelFifo, ENGINE_INFO_TYPE_RM_ENGINE_TYPE, gpuGetRmEngineType(pFifoInfoParams->engineType), ENGINE_INFO_TYPE_RUNLIST, &runlistId) @ kernel_fifo_ctrl.c:301
IOCTL   7257830us req=0xc020462a len=32    rc=0   head=0xc1d0000b
IOCTL   7269152us req=0xc020462b len=32    rc=0   head=0xc1d0000b
IOCTL   7325956us req=0xc0404657 len=64    rc=0   head=0xc1d0000b
IOCTL   7341972us req=0xc020462b len=32    rc=0   head=0xc1d0000b
IOCTL   7369462us req=0xc020462b len=32    rc=0   head=0xc1d0000b
IOCTL   7380412us req=0xc020462a len=32    rc=0   head=0xc1d0000b
IOCTL   7390699us req=0xc020462a len=32    rc=0   head=0xc1d0000b
IOCTL   7439741us req=0xc038464e len=56    rc=0   head=0xc1d0000b
IOCTL   7452571us req=0xc020462a len=32    rc=0   head=0xc1d0000b
IOCTL   7463234us req=0xc020462a len=32    rc=0   head=0xc1d0000b
IOCTL   7473148us req=0xc020462a len=32    rc=0   head=0xc1d0000b
IOCTL   7483838us req=0xc020462a len=32    rc=0   head=0xc1d0000b
IOCTL   7493752us req=0xc020462a len=32    rc=0   head=0xc1d0000b
[   18.609832] NVRM: nvAssertOkFailedNoLog: Assertion failed: Requested object not found [NV_ERR_OBJECT_NOT_FOUND] (0x00000057) returned from kfifoEngineInfoXlate_HAL(pGpu, pKernelFifo, ENGINE_INFO_TYPE_RM_ENGINE_TYPE, gpuGetRmEngineType(pFifoInfoParams->engineType), ENGINE_INFO_TYPE_RUNLIST, &runlistId) @ kernel_fifo_ctrl.c:301
IOCTL   7529419us req=0xc020462a len=32    rc=0   head=0xc1d0000b
[   18.646938] NVRM: nvAssertOkFailedNoLog: Assertion failed: Requested object not found [NV_ERR_OBJECT_NOT_FOUND] (0x00000057) returned from kfifoEngineInfoXlate_HAL(pGpu, pKernelFifo, ENGINE_INFO_TYPE_RM_ENGINE_TYPE, gpuGetRmEngineType(pFifoInfoParams->engineType), ENGINE_INFO_TYPE_RUNLIST, &runlistId) @ kernel_fifo_ctrl.c:301
IOCTL   7566116us req=0xc020462a len=32    rc=0   head=0xc1d0000b
[   18.682856] NVRM: nvAssertOkFailedNoLog: Assertion failed: Requested object not found [NV_ERR_OBJECT_NOT_FOUND] (0x00000057) returned from kfifoEngineInfoXlate_HAL(pGpu, pKernelFifo, ENGINE_INFO_TYPE_RM_ENGINE_TYPE, gpuGetRmEngineType(pFifoInfoParams->engineType), ENGINE_INFO_TYPE_RUNLIST, &runlistId) @ kernel_fifo_ctrl.c:301
IOCTL   7602477us req=0xc020462a len=32    rc=0   head=0xc1d0000b
[   18.719645] NVRM: nvAssertOkFailedNoLog: Assertion failed: Requested object not found [NV_ERR_OBJECT_NOT_FOUND] (0x00000057) returned from kfifoEngineInfoXlate_HAL(pGpu, pKernelFifo, ENGINE_INFO_TYPE_RM_ENGINE_TYPE, gpuGetRmEngineType(pFifoInfoParams->engineType), ENGINE_INFO_TYPE_RUNLIST, &runlistId) @ kernel_fifo_ctrl.c:301
IOCTL   7632325us req=0xc020462a len=32    rc=0   head=0xc1d0000b
PARTITION engine_type=0x1 token=0x00000003 members=[0x1,0x9,0xa,0xb,0xc]
IOCTL   7648116us req=0xc0104629 len=16    rc=0   head=0xc1d0000b
IOCTL   7672467us req=0xc0304658 len=48    rc=0   head=0xc1d0000b
IOCTL   7684519us req=0xc0104629 len=16    rc=0   head=0xc1d0000b
IOCTL   7786951us req=0xc0104629 len=16    rc=0   head=0xc1d0000b
[   18.907938] NVRM: rpcRmApiFree_GSP: GspRmFree failed: hClient=0xc1d0000b; hObject=0xcafe0032; paramsStatus=0x00000000; status=0x00000056
[   18.916335] NVRM: nvAssertFailedNoLog: Assertion failed: (status == NV_OK) || (status == NV_ERR_GPU_IN_FULLCHIP_RESET) @ mem.c:180
IOCTL   7817501us req=0xc0104629 len=16    rc=0   head=0xc1d0000b
IOCTL   7829397us req=0xc0104629 len=16    rc=0   head=0xc1d0000b
IOCTL   7894408us req=0xc020462b len=32    rc=0   head=0xc1d0000b
[   19.014133] NVRM: rpcRmApiAlloc_GSP: GspRmAlloc failed: hClient=0xc1d0000b; hParent=0xcafe0001; hObject=0xcafe0037; hClass=0x00000070; paramsSize=0x00000018; paramsStatus=0x00000000; status=0x00000056
IOCTL   7919094us req=0xc020462b len=32    rc=0   head=0xc1d0000b
IOCTL   7929569us req=0xc020462a len=32    rc=0   head=0xc1d0000b
IOCTL   7939148us req=0xc020462a len=32    rc=0   head=0xc1d0000b
IOCTL   7948704us req=0xc020462a len=32    rc=0   head=0xc1d0000b
IOCTL   7958472us req=0xc020462a len=32    rc=0   head=0xc1d0000b
IOCTL   7968121us req=0xc020462a len=32    rc=0   head=0xc1d0000b
[   19.084463] NVRM: nvAssertOkFailedNoLog: Assertion failed: Requested object not found [NV_ERR_OBJECT_NOT_FOUND] (0x00000057) returned from kfifoEngineInfoXlate_HAL(pGpu, pKernelFifo, ENGINE_INFO_TYPE_RM_ENGINE_TYPE, gpuGetRmEngineType(pFifoInfoParams->engineType), ENGINE_INFO_TYPE_RUNLIST, &runlistId) @ kernel_fifo_ctrl.c:301
IOCTL   7996175us req=0xc020462a len=32    rc=0   head=0xc1d0000b
[   19.113856] NVRM: nvAssertOkFailedNoLog: Assertion failed: Requested object not found [NV_ERR_OBJECT_NOT_FOUND] (0x00000057) returned from kfifoEngineInfoXlate_HAL(pGpu, pKernelFifo, ENGINE_INFO_TYPE_RM_ENGINE_TYPE, gpuGetRmEngineType(pFifoInfoParams->engineType), ENGINE_INFO_TYPE_RUNLIST, &runlistId) @ kernel_fifo_ctrl.c:301
IOCTL   8025600us req=0xc020462a len=32    rc=0   head=0xc1d0000b
[   19.141436] NVRM: nvAssertOkFailedNoLog: Assertion failed: Requested object not found [NV_ERR_OBJECT_NOT_FOUND] (0x00000057) returned from kfifoEngineInfoXlate_HAL(pGpu, pKernelFifo, ENGINE_INFO_TYPE_RM_ENGINE_TYPE, gpuGetRmEngineType(pFifoInfoParams->engineType), ENGINE_INFO_TYPE_RUNLIST, &runlistId) @ kernel_fifo_ctrl.c:301
IOCTL   8053112us req=0xc020462a len=32    rc=0   head=0xc1d0000b
[   19.169065] NVRM: nvAssertOkFailedNoLog: Assertion failed: Requested object not found [NV_ERR_OBJECT_NOT_FOUND] (0x00000057) returned from kfifoEngineInfoXlate_HAL(pGpu, pKernelFifo, ENGINE_INFO_TYPE_RM_ENGINE_TYPE, gpuGetRmEngineType(pFifoInfoParams->engineType), ENGINE_INFO_TYPE_RUNLIST, &runlistId) @ kernel_fifo_ctrl.c:301
IOCTL   8080514us req=0xc020462a len=32    rc=0   head=0xc1d0000b
IOCTL   8090323us req=0xc020462b len=32    rc=0   head=0xc1d0000b
IOCTL   8146077us req=0xc0404657 len=64    rc=0   head=0xc1d0000b
IOCTL   8161379us req=0xc020462b len=32    rc=0   head=0xc1d0000b
IOCTL   8198264us req=0xc020462b len=32    rc=0   head=0xc1d0000b
IOCTL   8210736us req=0xc020462a len=32    rc=0   head=0xc1d0000b
IOCTL   8218919us req=0xc020462a len=32    rc=0   head=0xc1d0000b
IOCTL   8265337us req=0xc038464e len=56    rc=0   head=0xc1d0000b
IOCTL   8277296us req=0xc020462a len=32    rc=0   head=0xc1d0000b
IOCTL   8285668us req=0xc020462a len=32    rc=0   head=0xc1d0000b
IOCTL   8293975us req=0xc020462a len=32    rc=0   head=0xc1d0000b
IOCTL   8302525us req=0xc020462a len=32    rc=0   head=0xc1d0000b
IOCTL   8310849us req=0xc020462a len=32    rc=0   head=0xc1d0000b
[   19.425625] NVRM: nvAssertOkFailedNoLog: Assertion failed: Requested object not found [NV_ERR_OBJECT_NOT_FOUND] (0x00000057) returned from kfifoEngineInfoXlate_HAL(pGpu, pKernelFifo, ENGINE_INFO_TYPE_RM_ENGINE_TYPE, gpuGetRmEngineType(pFifoInfoParams->engineType), ENGINE_INFO_TYPE_RUNLIST, &runlistId) @ kernel_fifo_ctrl.c:301
IOCTL   8337150us req=0xc020462a len=32    rc=0   head=0xc1d0000b
[   19.451681] NVRM: nvAssertOkFailedNoLog: Assertion failed: Requested object not found [NV_ERR_OBJECT_NOT_FOUND] (0x00000057) returned from kfifoEngineInfoXlate_HAL(pGpu, pKernelFifo, ENGINE_INFO_TYPE_RM_ENGINE_TYPE, gpuGetRmEngineType(pFifoInfoParams->engineType), ENGINE_INFO_TYPE_RUNLIST, &runlistId) @ kernel_fifo_ctrl.c:301
IOCTL   8362659us req=0xc020462a len=32    rc=0   head=0xc1d0000b
[   19.477122] NVRM: nvAssertOkFailedNoLog: Assertion failed: Requested object not found [NV_ERR_OBJECT_NOT_FOUND] (0x00000057) returned from kfifoEngineInfoXlate_HAL(pGpu, pKernelFifo, ENGINE_INFO_TYPE_RM_ENGINE_TYPE, gpuGetRmEngineType(pFifoInfoParams->engineType), ENGINE_INFO_TYPE_RUNLIST, &runlistId) @ kernel_fifo_ctrl.c:301
IOCTL   8387466us req=0xc020462a len=32    rc=0   head=0xc1d0000b
[   19.502024] NVRM: nvAssertOkFailedNoLog: Assertion failed: Requested object not found [NV_ERR_OBJECT_NOT_FOUND] (0x00000057) returned from kfifoEngineInfoXlate_HAL(pGpu, pKernelFifo, ENGINE_INFO_TYPE_RM_ENGINE_TYPE, gpuGetRmEngineType(pFifoInfoParams->engineType), ENGINE_INFO_TYPE_RUNLIST, &runlistId) @ kernel_fifo_ctrl.c:301
IOCTL   8412425us req=0xc020462a len=32    rc=0   head=0xc1d0000b
PARTITION engine_type=0x9 token=0x00000003 members=[0x1,0x9,0xa,0xb,0xc]
IOCTL   8428255us req=0xc0104629 len=16    rc=0   head=0xc1d0000b
IOCTL   8451340us req=0xc0304658 len=48    rc=0   head=0xc1d0000b
IOCTL   8462163us req=0xc0104629 len=16    rc=0   head=0xc1d0000b
IOCTL   8499722us req=0xc0104629 len=16    rc=0   head=0xc1d0000b
[   19.619544] NVRM: rpcRmApiFree_GSP: GspRmFree failed: hClient=0xc1d0000b; hObject=0xcafe0037; paramsStatus=0x00000000; status=0x00000056
[   19.627597] NVRM: nvAssertFailedNoLog: Assertion failed: (status == NV_OK) || (status == NV_ERR_GPU_IN_FULLCHIP_RESET) @ mem.c:180
IOCTL   8528762us req=0xc0104629 len=16    rc=0   head=0xc1d0000b
IOCTL   8539002us req=0xc0104629 len=16    rc=0   head=0xc1d0000b
IOCTL   8661569us req=0xc020462b len=32    rc=0   head=0xc1d0000b
[   19.776687] NVRM: rpcRmApiAlloc_GSP: GspRmAlloc failed: hClient=0xc1d0000b; hParent=0xcafe0001; hObject=0xcafe003c; hClass=0x00000070; paramsSize=0x00000018; paramsStatus=0x00000000; status=0x00000056
IOCTL   8680686us req=0xc020462b len=32    rc=0   head=0xc1d0000b
IOCTL   8689754us req=0xc020462a len=32    rc=0   head=0xc1d0000b
IOCTL   8697812us req=0xc020462a len=32    rc=0   head=0xc1d0000b
IOCTL   8706022us req=0xc020462a len=32    rc=0   head=0xc1d0000b
IOCTL   8714251us req=0xc020462a len=32    rc=0   head=0xc1d0000b
IOCTL   8722341us req=0xc020462a len=32    rc=0   head=0xc1d0000b
[   19.836884] NVRM: nvAssertOkFailedNoLog: Assertion failed: Requested object not found [NV_ERR_OBJECT_NOT_FOUND] (0x00000057) returned from kfifoEngineInfoXlate_HAL(pGpu, pKernelFifo, ENGINE_INFO_TYPE_RM_ENGINE_TYPE, gpuGetRmEngineType(pFifoInfoParams->engineType), ENGINE_INFO_TYPE_RUNLIST, &runlistId) @ kernel_fifo_ctrl.c:301
IOCTL   8747332us req=0xc020462a len=32    rc=0   head=0xc1d0000b
[   19.861719] NVRM: nvAssertOkFailedNoLog: Assertion failed: Requested object not found [NV_ERR_OBJECT_NOT_FOUND] (0x00000057) returned from kfifoEngineInfoXlate_HAL(pGpu, pKernelFifo, ENGINE_INFO_TYPE_RM_ENGINE_TYPE, gpuGetRmEngineType(pFifoInfoParams->engineType), ENGINE_INFO_TYPE_RUNLIST, &runlistId) @ kernel_fifo_ctrl.c:301
IOCTL   8772429us req=0xc020462a len=32    rc=0   head=0xc1d0000b
[   19.886894] NVRM: nvAssertOkFailedNoLog: Assertion failed: Requested object not found [NV_ERR_OBJECT_NOT_FOUND] (0x00000057) returned from kfifoEngineInfoXlate_HAL(pGpu, pKernelFifo, ENGINE_INFO_TYPE_RM_ENGINE_TYPE, gpuGetRmEngineType(pFifoInfoParams->engineType), ENGINE_INFO_TYPE_RUNLIST, &runlistId) @ kernel_fifo_ctrl.c:301
IOCTL   8797435us req=0xc020462a len=32    rc=0   head=0xc1d0000b
[   19.912274] NVRM: nvAssertOkFailedNoLog: Assertion failed: Requested object not found [NV_ERR_OBJECT_NOT_FOUND] (0x00000057) returned from kfifoEngineInfoXlate_HAL(pGpu, pKernelFifo, ENGINE_INFO_TYPE_RM_ENGINE_TYPE, gpuGetRmEngineType(pFifoInfoParams->engineType), ENGINE_INFO_TYPE_RUNLIST, &runlistId) @ kernel_fifo_ctrl.c:301
IOCTL   8823050us req=0xc020462a len=32    rc=0   head=0xc1d0000b
IOCTL   8831849us req=0xc020462b len=32    rc=0   head=0xc1d0000b
IOCTL   8892642us req=0xc0404657 len=64    rc=0   head=0xc1d0000b
IOCTL   8904468us req=0xc020462b len=32    rc=0   head=0xc1d0000b
IOCTL   8931098us req=0xc020462b len=32    rc=0   head=0xc1d0000b
IOCTL   8939536us req=0xc020462a len=32    rc=0   head=0xc1d0000b
IOCTL   8947603us req=0xc020462a len=32    rc=0   head=0xc1d0000b
IOCTL   8995537us req=0xc038464e len=56    rc=0   head=0xc1d0000b
IOCTL   9006479us req=0xc020462a len=32    rc=0   head=0xc1d0000b
IOCTL   9014732us req=0xc020462a len=32    rc=0   head=0xc1d0000b
IOCTL   9022862us req=0xc020462a len=32    rc=0   head=0xc1d0000b
IOCTL   9031189us req=0xc020462a len=32    rc=0   head=0xc1d0000b
IOCTL   9039319us req=0xc020462a len=32    rc=0   head=0xc1d0000b
[   20.153782] NVRM: nvAssertOkFailedNoLog: Assertion failed: Requested object not found [NV_ERR_OBJECT_NOT_FOUND] (0x00000057) returned from kfifoEngineInfoXlate_HAL(pGpu, pKernelFifo, ENGINE_INFO_TYPE_RM_ENGINE_TYPE, gpuGetRmEngineType(pFifoInfoParams->engineType), ENGINE_INFO_TYPE_RUNLIST, &runlistId) @ kernel_fifo_ctrl.c:301
IOCTL   9064442us req=0xc020462a len=32    rc=0   head=0xc1d0000b
[   20.178963] NVRM: nvAssertOkFailedNoLog: Assertion failed: Requested object not found [NV_ERR_OBJECT_NOT_FOUND] (0x00000057) returned from kfifoEngineInfoXlate_HAL(pGpu, pKernelFifo, ENGINE_INFO_TYPE_RM_ENGINE_TYPE, gpuGetRmEngineType(pFifoInfoParams->engineType), ENGINE_INFO_TYPE_RUNLIST, &runlistId) @ kernel_fifo_ctrl.c:301
IOCTL   9089428us req=0xc020462a len=32    rc=0   head=0xc1d0000b
[   20.203928] NVRM: nvAssertOkFailedNoLog: Assertion failed: Requested object not found [NV_ERR_OBJECT_NOT_FOUND] (0x00000057) returned from kfifoEngineInfoXlate_HAL(pGpu, pKernelFifo, ENGINE_INFO_TYPE_RM_ENGINE_TYPE, gpuGetRmEngineType(pFifoInfoParams->engineType), ENGINE_INFO_TYPE_RUNLIST, &runlistId) @ kernel_fifo_ctrl.c:301
IOCTL   9114568us req=0xc020462a len=32    rc=0   head=0xc1d0000b
[   20.228940] NVRM: nvAssertOkFailedNoLog: Assertion failed: Requested object not found [NV_ERR_OBJECT_NOT_FOUND] (0x00000057) returned from kfifoEngineInfoXlate_HAL(pGpu, pKernelFifo, ENGINE_INFO_TYPE_RM_ENGINE_TYPE, gpuGetRmEngineType(pFifoInfoParams->engineType), ENGINE_INFO_TYPE_RUNLIST, &runlistId) @ kernel_fifo_ctrl.c:301
IOCTL   9139613us req=0xc020462a len=32    rc=0   head=0xc1d0000b
PARTITION engine_type=0xa token=0x00000003 members=[0x1,0x9,0xa,0xb,0xc]
IOCTL   9154245us req=0xc0104629 len=16    rc=0   head=0xc1d0000b
IOCTL   9177599us req=0xc0304658 len=48    rc=0   head=0xc1d0000b
IOCTL   9189412us req=0xc0104629 len=16    rc=0   head=0xc1d0000b
IOCTL   9229914us req=0xc0104629 len=16    rc=0   head=0xc1d0000b
[   20.350391] NVRM: rpcRmApiFree_GSP: GspRmFree failed: hClient=0xc1d0000b; hObject=0xcafe003c; paramsStatus=0x00000000; status=0x00000056
[   20.359086] NVRM: nvAssertFailedNoLog: Assertion failed: (status == NV_OK) || (status == NV_ERR_GPU_IN_FULLCHIP_RESET) @ mem.c:180
IOCTL   9260420us req=0xc0104629 len=16    rc=0   head=0xc1d0000b
IOCTL   9270299us req=0xc0104629 len=16    rc=0   head=0xc1d0000b
IOCTL   9385580us req=0xc020462b len=32    rc=0   head=0xc1d0000b
[   20.500412] NVRM: rpcRmApiAlloc_GSP: GspRmAlloc failed: hClient=0xc1d0000b; hParent=0xcafe0001; hObject=0xcafe0041; hClass=0x00000070; paramsSize=0x00000018; paramsStatus=0x00000000; status=0x00000056
IOCTL   9404492us req=0xc020462b len=32    rc=0   head=0xc1d0000b
IOCTL   9413263us req=0xc020462a len=32    rc=0   head=0xc1d0000b
IOCTL   9421291us req=0xc020462a len=32    rc=0   head=0xc1d0000b
IOCTL   9429376us req=0xc020462a len=32    rc=0   head=0xc1d0000b
IOCTL   9437923us req=0xc020462a len=32    rc=0   head=0xc1d0000b
IOCTL   9446162us req=0xc020462a len=32    rc=0   head=0xc1d0000b
[   20.560682] NVRM: nvAssertOkFailedNoLog: Assertion failed: Requested object not found [NV_ERR_OBJECT_NOT_FOUND] (0x00000057) returned from kfifoEngineInfoXlate_HAL(pGpu, pKernelFifo, ENGINE_INFO_TYPE_RM_ENGINE_TYPE, gpuGetRmEngineType(pFifoInfoParams->engineType), ENGINE_INFO_TYPE_RUNLIST, &runlistId) @ kernel_fifo_ctrl.c:301
IOCTL   9471268us req=0xc020462a len=32    rc=0   head=0xc1d0000b
[   20.585991] NVRM: nvAssertOkFailedNoLog: Assertion failed: Requested object not found [NV_ERR_OBJECT_NOT_FOUND] (0x00000057) returned from kfifoEngineInfoXlate_HAL(pGpu, pKernelFifo, ENGINE_INFO_TYPE_RM_ENGINE_TYPE, gpuGetRmEngineType(pFifoInfoParams->engineType), ENGINE_INFO_TYPE_RUNLIST, &runlistId) @ kernel_fifo_ctrl.c:301
IOCTL   9496449us req=0xc020462a len=32    rc=0   head=0xc1d0000b
[   20.611290] NVRM: nvAssertOkFailedNoLog: Assertion failed: Requested object not found [NV_ERR_OBJECT_NOT_FOUND] (0x00000057) returned from kfifoEngineInfoXlate_HAL(pGpu, pKernelFifo, ENGINE_INFO_TYPE_RM_ENGINE_TYPE, gpuGetRmEngineType(pFifoInfoParams->engineType), ENGINE_INFO_TYPE_RUNLIST, &runlistId) @ kernel_fifo_ctrl.c:301
IOCTL   9522096us req=0xc020462a len=32    rc=0   head=0xc1d0000b
[   20.636424] NVRM: nvAssertOkFailedNoLog: Assertion failed: Requested object not found [NV_ERR_OBJECT_NOT_FOUND] (0x00000057) returned from kfifoEngineInfoXlate_HAL(pGpu, pKernelFifo, ENGINE_INFO_TYPE_RM_ENGINE_TYPE, gpuGetRmEngineType(pFifoInfoParams->engineType), ENGINE_INFO_TYPE_RUNLIST, &runlistId) @ kernel_fifo_ctrl.c:301
IOCTL   9546917us req=0xc020462a len=32    rc=0   head=0xc1d0000b
IOCTL   9555298us req=0xc020462b len=32    rc=0   head=0xc1d0000b
IOCTL   9612653us req=0xc0404657 len=64    rc=0   head=0xc1d0000b
IOCTL   9624293us req=0xc020462b len=32    rc=0   head=0xc1d0000b
IOCTL   9649184us req=0xc020462b len=32    rc=0   head=0xc1d0000b
IOCTL   9657773us req=0xc020462a len=32    rc=0   head=0xc1d0000b
IOCTL   9665777us req=0xc020462a len=32    rc=0   head=0xc1d0000b
IOCTL   9711448us req=0xc038464e len=56    rc=0   head=0xc1d0000b
IOCTL   9721765us req=0xc020462a len=32    rc=0   head=0xc1d0000b
IOCTL   9729913us req=0xc020462a len=32    rc=0   head=0xc1d0000b
IOCTL   9738219us req=0xc020462a len=32    rc=0   head=0xc1d0000b
IOCTL   9746197us req=0xc020462a len=32    rc=0   head=0xc1d0000b
IOCTL   9754216us req=0xc020462a len=32    rc=0   head=0xc1d0000b
[   20.868599] NVRM: nvAssertOkFailedNoLog: Assertion failed: Requested object not found [NV_ERR_OBJECT_NOT_FOUND] (0x00000057) returned from kfifoEngineInfoXlate_HAL(pGpu, pKernelFifo, ENGINE_INFO_TYPE_RM_ENGINE_TYPE, gpuGetRmEngineType(pFifoInfoParams->engineType), ENGINE_INFO_TYPE_RUNLIST, &runlistId) @ kernel_fifo_ctrl.c:301
IOCTL   9779100us req=0xc020462a len=32    rc=0   head=0xc1d0000b
[   20.893490] NVRM: nvAssertOkFailedNoLog: Assertion failed: Requested object not found [NV_ERR_OBJECT_NOT_FOUND] (0x00000057) returned from kfifoEngineInfoXlate_HAL(pGpu, pKernelFifo, ENGINE_INFO_TYPE_RM_ENGINE_TYPE, gpuGetRmEngineType(pFifoInfoParams->engineType), ENGINE_INFO_TYPE_RUNLIST, &runlistId) @ kernel_fifo_ctrl.c:301
IOCTL   9803981us req=0xc020462a len=32    rc=0   head=0xc1d0000b
[   20.918493] NVRM: nvAssertOkFailedNoLog: Assertion failed: Requested object not found [NV_ERR_OBJECT_NOT_FOUND] (0x00000057) returned from kfifoEngineInfoXlate_HAL(pGpu, pKernelFifo, ENGINE_INFO_TYPE_RM_ENGINE_TYPE, gpuGetRmEngineType(pFifoInfoParams->engineType), ENGINE_INFO_TYPE_RUNLIST, &runlistId) @ kernel_fifo_ctrl.c:301
IOCTL   9829190us req=0xc020462a len=32    rc=0   head=0xc1d0000b
[   20.943576] NVRM: nvAssertOkFailedNoLog: Assertion failed: Requested object not found [NV_ERR_OBJECT_NOT_FOUND] (0x00000057) returned from kfifoEngineInfoXlate_HAL(pGpu, pKernelFifo, ENGINE_INFO_TYPE_RM_ENGINE_TYPE, gpuGetRmEngineType(pFifoInfoParams->engineType), ENGINE_INFO_TYPE_RUNLIST, &runlistId) @ kernel_fifo_ctrl.c:301
IOCTL   9853828us req=0xc020462a len=32    rc=0   head=0xc1d0000b
PARTITION engine_type=0xb token=0x00010003 members=[0x1,0x9,0xa,0xb,0xc]
IOCTL   9868021us req=0xc0104629 len=16    rc=0   head=0xc1d0000b
IOCTL   9893182us req=0xc0304658 len=48    rc=0   head=0xc1d0000b
IOCTL   9907877us req=0xc0104629 len=16    rc=0   head=0xc1d0000b
IOCTL   9954153us req=0xc0104629 len=16    rc=0   head=0xc1d0000b
[   21.073389] NVRM: rpcRmApiFree_GSP: GspRmFree failed: hClient=0xc1d0000b; hObject=0xcafe0041; paramsStatus=0x00000000; status=0x00000056
[   21.081460] NVRM: nvAssertFailedNoLog: Assertion failed: (status == NV_OK) || (status == NV_ERR_GPU_IN_FULLCHIP_RESET) @ mem.c:180
IOCTL   9982135us req=0xc0104629 len=16    rc=0   head=0xc1d0000b
IOCTL   9992010us req=0xc0104629 len=16    rc=0   head=0xc1d0000b
IOCTL  10120437us req=0xc020462b len=32    rc=0   head=0xc1d0000b
[   21.235373] NVRM: rpcRmApiAlloc_GSP: GspRmAlloc failed: hClient=0xc1d0000b; hParent=0xcafe0001; hObject=0xcafe0046; hClass=0x00000070; paramsSize=0x00000018; paramsStatus=0x00000000; status=0x00000056
IOCTL  10139527us req=0xc020462b len=32    rc=0   head=0xc1d0000b
IOCTL  10148150us req=0xc020462a len=32    rc=0   head=0xc1d0000b
IOCTL  10155979us req=0xc020462a len=32    rc=0   head=0xc1d0000b
IOCTL  10164113us req=0xc020462a len=32    rc=0   head=0xc1d0000b
IOCTL  10172054us req=0xc020462a len=32    rc=0   head=0xc1d0000b
IOCTL  10180937us req=0xc020462a len=32    rc=0   head=0xc1d0000b
[   21.296174] NVRM: nvAssertOkFailedNoLog: Assertion failed: Requested object not found [NV_ERR_OBJECT_NOT_FOUND] (0x00000057) returned from kfifoEngineInfoXlate_HAL(pGpu, pKernelFifo, ENGINE_INFO_TYPE_RM_ENGINE_TYPE, gpuGetRmEngineType(pFifoInfoParams->engineType), ENGINE_INFO_TYPE_RUNLIST, &runlistId) @ kernel_fifo_ctrl.c:301
IOCTL  10207924us req=0xc020462a len=32    rc=0   head=0xc1d0000b
[   21.322624] NVRM: nvAssertOkFailedNoLog: Assertion failed: Requested object not found [NV_ERR_OBJECT_NOT_FOUND] (0x00000057) returned from kfifoEngineInfoXlate_HAL(pGpu, pKernelFifo, ENGINE_INFO_TYPE_RM_ENGINE_TYPE, gpuGetRmEngineType(pFifoInfoParams->engineType), ENGINE_INFO_TYPE_RUNLIST, &runlistId) @ kernel_fifo_ctrl.c:301
IOCTL  10234234us req=0xc020462a len=32    rc=0   head=0xc1d0000b
[   21.349230] NVRM: nvAssertOkFailedNoLog: Assertion failed: Requested object not found [NV_ERR_OBJECT_NOT_FOUND] (0x00000057) returned from kfifoEngineInfoXlate_HAL(pGpu, pKernelFifo, ENGINE_INFO_TYPE_RM_ENGINE_TYPE, gpuGetRmEngineType(pFifoInfoParams->engineType), ENGINE_INFO_TYPE_RUNLIST, &runlistId) @ kernel_fifo_ctrl.c:301
IOCTL  10260325us req=0xc020462a len=32    rc=0   head=0xc1d0000b
[   21.374646] NVRM: nvAssertOkFailedNoLog: Assertion failed: Requested object not found [NV_ERR_OBJECT_NOT_FOUND] (0x00000057) returned from kfifoEngineInfoXlate_HAL(pGpu, pKernelFifo, ENGINE_INFO_TYPE_RM_ENGINE_TYPE, gpuGetRmEngineType(pFifoInfoParams->engineType), ENGINE_INFO_TYPE_RUNLIST, &runlistId) @ kernel_fifo_ctrl.c:301
IOCTL  10285273us req=0xc020462a len=32    rc=0   head=0xc1d0000b
IOCTL  10293579us req=0xc020462b len=32    rc=0   head=0xc1d0000b
IOCTL  10353619us req=0xc0404657 len=64    rc=0   head=0xc1d0000b
IOCTL  10364934us req=0xc020462b len=32    rc=0   head=0xc1d0000b
IOCTL  10391280us req=0xc020462b len=32    rc=0   head=0xc1d0000b
IOCTL  10399546us req=0xc020462a len=32    rc=0   head=0xc1d0000b
IOCTL  10407496us req=0xc020462a len=32    rc=0   head=0xc1d0000b
IOCTL  10456752us req=0xc038464e len=56    rc=0   head=0xc1d0000b
IOCTL  10467213us req=0xc020462a len=32    rc=0   head=0xc1d0000b
IOCTL  10475446us req=0xc020462a len=32    rc=0   head=0xc1d0000b
IOCTL  10483616us req=0xc020462a len=32    rc=0   head=0xc1d0000b
IOCTL  10491372us req=0xc020462a len=32    rc=0   head=0xc1d0000b
IOCTL  10499398us req=0xc020462a len=32    rc=0   head=0xc1d0000b
[   21.613768] NVRM: nvAssertOkFailedNoLog: Assertion failed: Requested object not found [NV_ERR_OBJECT_NOT_FOUND] (0x00000057) returned from kfifoEngineInfoXlate_HAL(pGpu, pKernelFifo, ENGINE_INFO_TYPE_RM_ENGINE_TYPE, gpuGetRmEngineType(pFifoInfoParams->engineType), ENGINE_INFO_TYPE_RUNLIST, &runlistId) @ kernel_fifo_ctrl.c:301
IOCTL  10524197us req=0xc020462a len=32    rc=0   head=0xc1d0000b
[   21.638516] NVRM: nvAssertOkFailedNoLog: Assertion failed: Requested object not found [NV_ERR_OBJECT_NOT_FOUND] (0x00000057) returned from kfifoEngineInfoXlate_HAL(pGpu, pKernelFifo, ENGINE_INFO_TYPE_RM_ENGINE_TYPE, gpuGetRmEngineType(pFifoInfoParams->engineType), ENGINE_INFO_TYPE_RUNLIST, &runlistId) @ kernel_fifo_ctrl.c:301
IOCTL  10549138us req=0xc020462a len=32    rc=0   head=0xc1d0000b
[   21.663458] NVRM: nvAssertOkFailedNoLog: Assertion failed: Requested object not found [NV_ERR_OBJECT_NOT_FOUND] (0x00000057) returned from kfifoEngineInfoXlate_HAL(pGpu, pKernelFifo, ENGINE_INFO_TYPE_RM_ENGINE_TYPE, gpuGetRmEngineType(pFifoInfoParams->engineType), ENGINE_INFO_TYPE_RUNLIST, &runlistId) @ kernel_fifo_ctrl.c:301
IOCTL  10574246us req=0xc020462a len=32    rc=0   head=0xc1d0000b
[   21.688399] NVRM: nvAssertOkFailedNoLog: Assertion failed: Requested object not found [NV_ERR_OBJECT_NOT_FOUND] (0x00000057) returned from kfifoEngineInfoXlate_HAL(pGpu, pKernelFifo, ENGINE_INFO_TYPE_RM_ENGINE_TYPE, gpuGetRmEngineType(pFifoInfoParams->engineType), ENGINE_INFO_TYPE_RUNLIST, &runlistId) @ kernel_fifo_ctrl.c:301
IOCTL  10599196us req=0xc020462a len=32    rc=0   head=0xc1d0000b
PARTITION engine_type=0xc token=0x00020003 members=[0x1,0x9,0xa,0xb,0xc]
IOCTL  10613685us req=0xc0104629 len=16    rc=0   head=0xc1d0000b
IOCTL  10635856us req=0xc0304658 len=48    rc=0   head=0xc1d0000b
IOCTL  10645684us req=0xc0104629 len=16    rc=0   head=0xc1d0000b
IOCTL  10683752us req=0xc0104629 len=16    rc=0   head=0xc1d0000b
[   21.803543] NVRM: rpcRmApiFree_GSP: GspRmFree failed: hClient=0xc1d0000b; hObject=0xcafe0046; paramsStatus=0x00000000; status=0x00000056
[   21.811466] NVRM: nvAssertFailedNoLog: Assertion failed: (status == NV_OK) || (status == NV_ERR_GPU_IN_FULLCHIP_RESET) @ mem.c:180
IOCTL  10712193us req=0xc0104629 len=16    rc=0   head=0xc1d0000b
IOCTL  10721930us req=0xc0104629 len=16    rc=0   head=0xc1d0000b
IOCTL  10848820us req=0xc020462b len=32    rc=0   head=0xc1d0000b
[   21.963594] NVRM: rpcRmApiAlloc_GSP: GspRmAlloc failed: hClient=0xc1d0000b; hParent=0xcafe0001; hObject=0xcafe004b; hClass=0x00000070; paramsSize=0x00000018; paramsStatus=0x00000000; status=0x00000056
IOCTL  10867916us req=0xc020462b len=32    rc=0   head=0xc1d0000b
IOCTL  10876732us req=0xc020462a len=32    rc=0   head=0xc1d0000b
IOCTL  10884835us req=0xc020462a len=32    rc=0   head=0xc1d0000b
IOCTL  10894273us req=0xc020462a len=32    rc=0   head=0xc1d0000b
IOCTL  10902084us req=0xc020462a len=32    rc=0   head=0xc1d0000b
IOCTL  10910032us req=0xc020462a len=32    rc=0   head=0xc1d0000b
[   22.024468] NVRM: nvAssertOkFailedNoLog: Assertion failed: Requested object not found [NV_ERR_OBJECT_NOT_FOUND] (0x00000057) returned from kfifoEngineInfoXlate_HAL(pGpu, pKernelFifo, ENGINE_INFO_TYPE_RM_ENGINE_TYPE, gpuGetRmEngineType(pFifoInfoParams->engineType), ENGINE_INFO_TYPE_RUNLIST, &runlistId) @ kernel_fifo_ctrl.c:301
IOCTL  10940949us req=0xc020462a len=32    rc=0   head=0xc1d0000b
[   22.058888] NVRM: nvAssertOkFailedNoLog: Assertion failed: Requested object not found [NV_ERR_OBJECT_NOT_FOUND] (0x00000057) returned from kfifoEngineInfoXlate_HAL(pGpu, pKernelFifo, ENGINE_INFO_TYPE_RM_ENGINE_TYPE, gpuGetRmEngineType(pFifoInfoParams->engineType), ENGINE_INFO_TYPE_RUNLIST, &runlistId) @ kernel_fifo_ctrl.c:301
IOCTL  10976143us req=0xc020462a len=32    rc=0   head=0xc1d0000b
[   22.090571] NVRM: nvAssertOkFailedNoLog: Assertion failed: Requested object not found [NV_ERR_OBJECT_NOT_FOUND] (0x00000057) returned from kfifoEngineInfoXlate_HAL(pGpu, pKernelFifo, ENGINE_INFO_TYPE_RM_ENGINE_TYPE, gpuGetRmEngineType(pFifoInfoParams->engineType), ENGINE_INFO_TYPE_RUNLIST, &runlistId) @ kernel_fifo_ctrl.c:301
IOCTL  11001210us req=0xc020462a len=32    rc=0   head=0xc1d0000b
[   22.115501] NVRM: nvAssertOkFailedNoLog: Assertion failed: Requested object not found [NV_ERR_OBJECT_NOT_FOUND] (0x00000057) returned from kfifoEngineInfoXlate_HAL(pGpu, pKernelFifo, ENGINE_INFO_TYPE_RM_ENGINE_TYPE, gpuGetRmEngineType(pFifoInfoParams->engineType), ENGINE_INFO_TYPE_RUNLIST, &runlistId) @ kernel_fifo_ctrl.c:301
IOCTL  11026041us req=0xc020462a len=32    rc=0   head=0xc1d0000b
IOCTL  11034378us req=0xc020462b len=32    rc=0   head=0xc1d0000b
IOCTL  11098058us req=0xc0404657 len=64    rc=0   head=0xc1d0000b
[   22.213812] NVRM: nvAssertOkFailedNoLog: Assertion failed: Requested object not found [NV_ERR_OBJECT_NOT_FOUND] (0x00000057) returned from kfifoEngineInfoXlate_HAL(pGpu, pKernelFifo, ENGINE_INFO_TYPE_RM_ENGINE_TYPE, (NvU32)rmEngineType, ENGINE_INFO_TYPE_ENG_DESC, &engDesc) @ kernel_fifo_gm107.c:368
IOCTL  11125789us req=0xc020462b len=32    rc=0   head=0xc1d0000b
[   22.240443] NVRM: nvAssertOkFailedNoLog: Assertion failed: Requested object not found [NV_ERR_OBJECT_NOT_FOUND] (0x00000057) returned from kfifoEngineInfoXlate_HAL(pGpu, pKernelFifo, ENGINE_INFO_TYPE_RM_ENGINE_TYPE, (NvU32)rmEngineType, ENGINE_INFO_TYPE_ENG_DESC, &engDesc) @ kernel_fifo_gm107.c:368
IOCTL  11167525us req=0xc020462b len=32    rc=0   head=0xc1d0000b
[   22.281933] NVRM: nvAssertOkFailedNoLog: Assertion failed: Requested object not found [NV_ERR_OBJECT_NOT_FOUND] (0x00000057) returned from kfifoEngineInfoXlate_HAL(pGpu, GPU_GET_KERNEL_FIFO(pGpu), ENGINE_INFO_TYPE_ENG_DESC, engineDesc, ENGINE_INFO_TYPE_RUNLIST, &pKernelChannelGroupApi->pKernelChannelGroup->runlistId) @ kernel_channel_group_api.c:1252
[   22.302868] NVRM: nvAssertOkFailedNoLog: Assertion failed: Requested object not found [NV_ERR_OBJECT_NOT_FOUND] (0x00000057) returned from status @ kernel_channel.c:2886
[   22.312596] NVRM: nvAssertOkFailedNoLog: Assertion failed: Requested object not found [NV_ERR_OBJECT_NOT_FOUND] (0x00000057) returned from kchannelBindToRunlist(pChanNode->pKernelChannel, localEngineType, engineDesc) @ kernel_channel_group_api.c:1264
IOCTL  11223027us req=0xc020462a len=32    rc=0   head=0xc1d0000b
IOCTL  11234961us req=0xc0104629 len=16    rc=0   head=0xc1d0000b
IOCTL  11248699us req=0xc0104629 len=16    rc=0   head=0xc1d0000b
IOCTL  11277654us req=0xc0104629 len=16    rc=0   head=0xc1d0000b
PARTITION-REFUSED engine_type=0xd reason=Other(8[   22.396213] NVRM: rpcRmApiFree_GSP: GspRmFree failed: hClient=0xc1d0000b; hObject=0xcafe004b; paramsStatus=0x00000000; status=0x00000056
[   22.404481] NVRM: nvAssertFailedNoLog: Assertion failed: (status == NV_OK) || (status == NV_ERR_GPU_IN_FULLCHIP_RESET) @ mem.c:180
7)
IOCTL  11306205us req=0xc0104629 len=16    rc=0   head=0xc1d0000b
IOCTL  11316549us req=0xc0104629 len=16    rc=0   head=0xc1d0000b
IOCTL  11445546us req=0xc020462b len=32    rc=0   head=0xc1d0000b
[   22.561427] NVRM: rpcRmApiAlloc_GSP: GspRmAlloc failed: hClient=0xc1d0000b; hParent=0xcafe0001; hObject=0xcafe0050; hClass=0x00000070; paramsSize=0x00000018; paramsStatus=0x00000000; status=0x00000056
IOCTL  11466547us req=0xc020462b len=32    rc=0   head=0xc1d0000b
IOCTL  11476087us req=0xc020462a len=32    rc=0   head=0xc1d0000b
IOCTL  11485343us req=0xc020462a len=32    rc=0   head=0xc1d0000b
IOCTL  11494800us req=0xc020462a len=32    rc=0   head=0xc1d0000b
IOCTL  11504386us req=0xc020462a len=32    rc=0   head=0xc1d0000b
IOCTL  11513792us req=0xc020462a len=32    rc=0   head=0xc1d0000b
[   22.629511] NVRM: nvAssertOkFailedNoLog: Assertion failed: Requested object not found [NV_ERR_OBJECT_NOT_FOUND] (0x00000057) returned from kfifoEngineInfoXlate_HAL(pGpu, pKernelFifo, ENGINE_INFO_TYPE_RM_ENGINE_TYPE, gpuGetRmEngineType(pFifoInfoParams->engineType), ENGINE_INFO_TYPE_RUNLIST, &runlistId) @ kernel_fifo_ctrl.c:301
IOCTL  11541190us req=0xc020462a len=32    rc=0   head=0xc1d0000b
[   22.656712] NVRM: nvAssertOkFailedNoLog: Assertion failed: Requested object not found [NV_ERR_OBJECT_NOT_FOUND] (0x00000057) returned from kfifoEngineInfoXlate_HAL(pGpu, pKernelFifo, ENGINE_INFO_TYPE_RM_ENGINE_TYPE, gpuGetRmEngineType(pFifoInfoParams->engineType), ENGINE_INFO_TYPE_RUNLIST, &runlistId) @ kernel_fifo_ctrl.c:301
IOCTL  11568456us req=0xc020462a len=32    rc=0   head=0xc1d0000b
[   22.684196] NVRM: nvAssertOkFailedNoLog: Assertion failed: Requested object not found [NV_ERR_OBJECT_NOT_FOUND] (0x00000057) returned from kfifoEngineInfoXlate_HAL(pGpu, pKernelFifo, ENGINE_INFO_TYPE_RM_ENGINE_TYPE, gpuGetRmEngineType(pFifoInfoParams->engineType), ENGINE_INFO_TYPE_RUNLIST, &runlistId) @ kernel_fifo_ctrl.c:301
IOCTL  11595991us req=0xc020462a len=32    rc=0   head=0xc1d0000b
[   22.711470] NVRM: nvAssertOkFailedNoLog: Assertion failed: Requested object not found [NV_ERR_OBJECT_NOT_FOUND] (0x00000057) returned from kfifoEngineInfoXlate_HAL(pGpu, pKernelFifo, ENGINE_INFO_TYPE_RM_ENGINE_TYPE, gpuGetRmEngineType(pFifoInfoParams->engineType), ENGINE_INFO_TYPE_RUNLIST, &runlistId) @ kernel_fifo_ctrl.c:301
IOCTL  11623163us req=0xc020462a len=32    rc=0   head=0xc1d0000b
IOCTL  11632581us req=0xc020462b len=32    rc=0   head=0xc1d0000b
IOCTL  11694016us req=0xc0404657 len=64    rc=0   head=0xc1d0000b
[   22.809787] NVRM: nvAssertOkFailedNoLog: Assertion failed: Requested object not found [NV_ERR_OBJECT_NOT_FOUND] (0x00000057) returned from kfifoEngineInfoXlate_HAL(pGpu, pKernelFifo, ENGINE_INFO_TYPE_RM_ENGINE_TYPE, (NvU32)rmEngineType, ENGINE_INFO_TYPE_ENG_DESC, &engDesc) @ kernel_fifo_gm107.c:368
IOCTL  11721438us req=0xc020462b len=32    rc=0   head=0xc1d0000b
[   22.837399] NVRM: nvAssertOkFailedNoLog: Assertion failed: Requested object not found [NV_ERR_OBJECT_NOT_FOUND] (0x00000057) returned from kfifoEngineInfoXlate_HAL(pGpu, pKernelFifo, ENGINE_INFO_TYPE_RM_ENGINE_TYPE, (NvU32)rmEngineType, ENGINE_INFO_TYPE_ENG_DESC, &engDesc) @ kernel_fifo_gm107.c:368
IOCTL  11765545us req=0xc020462b len=32    rc=0   head=0xc1d0000b
[   22.881428] NVRM: nvAssertOkFailedNoLog: Assertion failed: Requested object not found [NV_ERR_OBJECT_NOT_FOUND] (0x00000057) returned from kfifoEngineInfoXlate_HAL(pGpu, GPU_GET_KERNEL_FIFO(pGpu), ENGINE_INFO_TYPE_ENG_DESC, engineDesc, ENGINE_INFO_TYPE_RUNLIST, &pKernelChannelGroupApi->pKernelChannelGroup->runlistId) @ kernel_channel_group_api.c:1252
[   22.901215] NVRM: nvAssertOkFailedNoLog: Assertion failed: Requested object not found [NV_ERR_OBJECT_NOT_FOUND] (0x00000057) returned from status @ kernel_channel.c:2886
[   22.910796] NVRM: nvAssertOkFailedNoLog: Assertion failed: Requested object not found [NV_ERR_OBJECT_NOT_FOUND] (0x00000057) returned from kchannelBindToRunlist(pChanNode->pKernelChannel, localEngineType, engineDesc) @ kernel_channel_group_api.c:1264
IOCTL  11818262us req=0xc020462a len=32    rc=0   head=0xc1d0000b
IOCTL  11828459us req=0xc0104629 len=16    rc=0   head=0xc1d0000b
IOCTL  11840141us req=0xc0104629 len=16    rc=0   head=0xc1d0000b
IOCTL  11867261us req=0xc0104629 len=16    rc=0   head=0xc1d0000b
PARTITION-REFUSED engine_type=0x[   22.984508] NVRM: rpcRmApiFree_GSP: GspRmFree failed: hClient=0xc1d0000b; hObject=0xcafe0050; paramsStatus=0x00000000; status=0x00000056
e reason=Other(8[   22.992839] NVRM: nvAssertFailedNoLog: Assertion failed: (status == NV_OK) || (status == NV_ERR_GPU_IN_FULLCHIP_RESET) @ mem.c:180
7)
IOCTL  11895277us req=0xc0104629 len=16    rc=0   head=0xc1d0000b
IOCTL  11905749us req=0xc0104629 len=16    rc=0   head=0xc1d0000b
IOCTL  12033602us req=0xc020462b len=32    rc=0   head=0xc1d0000b
[   23.149445] NVRM: rpcRmApiAlloc_GSP: GspRmAlloc failed: hClient=0xc1d0000b; hParent=0xcafe0001; hObject=0xcafe0055; hClass=0x00000070; paramsSize=0x00000018; paramsStatus=0x00000000; status=0x00000056
IOCTL  12054276us req=0xc020462b len=32    rc=0   head=0xc1d0000b
IOCTL  12063619us req=0xc020462a len=32    rc=0   head=0xc1d0000b
IOCTL  12072917us req=0xc020462a len=32    rc=0   head=0xc1d0000b
IOCTL  12082168us req=0xc020462a len=32    rc=0   head=0xc1d0000b
IOCTL  12091416us req=0xc020462a len=32    rc=0   head=0xc1d0000b
IOCTL  12100767us req=0xc020462a len=32    rc=0   head=0xc1d0000b
[   23.216850] NVRM: nvAssertOkFailedNoLog: Assertion failed: Requested object not found [NV_ERR_OBJECT_NOT_FOUND] (0x00000057) returned from kfifoEngineInfoXlate_HAL(pGpu, pKernelFifo, ENGINE_INFO_TYPE_RM_ENGINE_TYPE, gpuGetRmEngineType(pFifoInfoParams->engineType), ENGINE_INFO_TYPE_RUNLIST, &runlistId) @ kernel_fifo_ctrl.c:301
IOCTL  12129049us req=0xc020462a len=32    rc=0   head=0xc1d0000b
[   23.244679] NVRM: nvAssertOkFailedNoLog: Assertion failed: Requested object not found [NV_ERR_OBJECT_NOT_FOUND] (0x00000057) returned from kfifoEngineInfoXlate_HAL(pGpu, pKernelFifo, ENGINE_INFO_TYPE_RM_ENGINE_TYPE, gpuGetRmEngineType(pFifoInfoParams->engineType), ENGINE_INFO_TYPE_RUNLIST, &runlistId) @ kernel_fifo_ctrl.c:301
IOCTL  12156540us req=0xc020462a len=32    rc=0   head=0xc1d0000b
[   23.272718] NVRM: nvAssertOkFailedNoLog: Assertion failed: Requested object not found [NV_ERR_OBJECT_NOT_FOUND] (0x00000057) returned from kfifoEngineInfoXlate_HAL(pGpu, pKernelFifo, ENGINE_INFO_TYPE_RM_ENGINE_TYPE, gpuGetRmEngineType(pFifoInfoParams->engineType), ENGINE_INFO_TYPE_RUNLIST, &runlistId) @ kernel_fifo_ctrl.c:301
IOCTL  12187052us req=0xc020462a len=32    rc=0   head=0xc1d0000b
[   23.304500] NVRM: nvAssertOkFailedNoLog: Assertion failed: Requested object not found [NV_ERR_OBJECT_NOT_FOUND] (0x00000057) returned from kfifoEngineInfoXlate_HAL(pGpu, pKernelFifo, ENGINE_INFO_TYPE_RM_ENGINE_TYPE, gpuGetRmEngineType(pFifoInfoParams->engineType), ENGINE_INFO_TYPE_RUNLIST, &runlistId) @ kernel_fifo_ctrl.c:301
IOCTL  12221230us req=0xc020462a len=32    rc=0   head=0xc1d0000b
IOCTL  12232590us req=0xc020462b len=32    rc=0   head=0xc1d0000b
IOCTL  12300869us req=0xc0404657 len=64    rc=0   head=0xc1d0000b
[   23.416794] NVRM: nvAssertOkFailedNoLog: Assertion failed: Requested object not found [NV_ERR_OBJECT_NOT_FOUND] (0x00000057) returned from kfifoEngineInfoXlate_HAL(pGpu, pKernelFifo, ENGINE_INFO_TYPE_RM_ENGINE_TYPE, (NvU32)rmEngineType, ENGINE_INFO_TYPE_ENG_DESC, &engDesc) @ kernel_fifo_gm107.c:368
IOCTL  12327781us req=0xc020462b len=32    rc=0   head=0xc1d0000b
[   23.443648] NVRM: nvAssertOkFailedNoLog: Assertion failed: Requested object not found [NV_ERR_OBJECT_NOT_FOUND] (0x00000057) returned from kfifoEngineInfoXlate_HAL(pGpu, pKernelFifo, ENGINE_INFO_TYPE_RM_ENGINE_TYPE, (NvU32)rmEngineType, ENGINE_INFO_TYPE_ENG_DESC, &engDesc) @ kernel_fifo_gm107.c:368
IOCTL  12371593us req=0xc020462b len=32    rc=0   head=0xc1d0000b
[   23.487504] NVRM: nvAssertOkFailedNoLog: Assertion failed: Requested object not found [NV_ERR_OBJECT_NOT_FOUND] (0x00000057) returned from kfifoEngineInfoXlate_HAL(pGpu, GPU_GET_KERNEL_FIFO(pGpu), ENGINE_INFO_TYPE_ENG_DESC, engineDesc, ENGINE_INFO_TYPE_RUNLIST, &pKernelChannelGroupApi->pKernelChannelGroup->runlistId) @ kernel_channel_group_api.c:1252
[   23.507056] NVRM: nvAssertOkFailedNoLog: Assertion failed: Requested object not found [NV_ERR_OBJECT_NOT_FOUND] (0x00000057) returned from status @ kernel_channel.c:2886
[   23.516667] NVRM: nvAssertOkFailedNoLog: Assertion failed: Requested object not found [NV_ERR_OBJECT_NOT_FOUND] (0x00000057) returned from kchannelBindToRunlist(pChanNode->pKernelChannel, localEngineType, engineDesc) @ kernel_channel_group_api.c:1264
IOCTL  12424204us req=0xc020462a len=32    rc=0   head=0xc1d0000b
IOCTL  12434528us req=0xc0104629 len=16    rc=0   head=0xc1d0000b
IOCTL  12446233us req=0xc0104629 len=16    rc=0   head=0xc1d0000b
IOCTL  12473255us req=0xc0104629 len=16    rc=0   head=0xc1d0000b
PARTITION-REFUSED engine_type=0x[   23.590607] NVRM: rpcRmApiFree_GSP: GspRmFree failed: hClient=0xc1d0000b; hObject=0xcafe0055; paramsStatus=0x00000000; status=0x00000056
f reason=Other(8[   23.598900] NVRM: nvAssertFailedNoLog: Assertion failed: (status == NV_OK) || (status == NV_ERR_GPU_IN_FULLCHIP_RESET) @ mem.c:180
7)
IOCTL  12501189us req=0xc0104629 len=16    rc=0   head=0xc1d0000b
IOCTL  12511711us req=0xc0104629 len=16    rc=0   head=0xc1d0000b
IOCTL  12640086us req=0xc020462b len=32    rc=0   head=0xc1d0000b
[   23.756338] NVRM: rpcRmApiAlloc_GSP: GspRmAlloc failed: hClient=0xc1d0000b; hParent=0xcafe0001; hObject=0xcafe005a; hClass=0x00000070; paramsSize=0x00000018; paramsStatus=0x00000000; status=0x00000056
IOCTL  12661308us req=0xc020462b len=32    rc=0   head=0xc1d0000b
IOCTL  12670728us req=0xc020462a len=32    rc=0   head=0xc1d0000b
IOCTL  12680069us req=0xc020462a len=32    rc=0   head=0xc1d0000b
IOCTL  12689403us req=0xc020462a len=32    rc=0   head=0xc1d0000b
IOCTL  12698719us req=0xc020462a len=32    rc=0   head=0xc1d0000b
IOCTL  12708203us req=0xc020462a len=32    rc=0   head=0xc1d0000b
[   23.824176] NVRM: nvAssertOkFailedNoLog: Assertion failed: Requested object not found [NV_ERR_OBJECT_NOT_FOUND] (0x00000057) returned from kfifoEngineInfoXlate_HAL(pGpu, pKernelFifo, ENGINE_INFO_TYPE_RM_ENGINE_TYPE, gpuGetRmEngineType(pFifoInfoParams->engineType), ENGINE_INFO_TYPE_RUNLIST, &runlistId) @ kernel_fifo_ctrl.c:301
IOCTL  12736133us req=0xc020462a len=32    rc=0   head=0xc1d0000b
[   23.851888] NVRM: nvAssertOkFailedNoLog: Assertion failed: Requested object not found [NV_ERR_OBJECT_NOT_FOUND] (0x00000057) returned from kfifoEngineInfoXlate_HAL(pGpu, pKernelFifo, ENGINE_INFO_TYPE_RM_ENGINE_TYPE, gpuGetRmEngineType(pFifoInfoParams->engineType), ENGINE_INFO_TYPE_RUNLIST, &runlistId) @ kernel_fifo_ctrl.c:301
IOCTL  12763728us req=0xc020462a len=32    rc=0   head=0xc1d0000b
[   23.879605] NVRM: nvAssertOkFailedNoLog: Assertion failed: Requested object not found [NV_ERR_OBJECT_NOT_FOUND] (0x00000057) returned from kfifoEngineInfoXlate_HAL(pGpu, pKernelFifo, ENGINE_INFO_TYPE_RM_ENGINE_TYPE, gpuGetRmEngineType(pFifoInfoParams->engineType), ENGINE_INFO_TYPE_RUNLIST, &runlistId) @ kernel_fifo_ctrl.c:301
IOCTL  12791393us req=0xc020462a len=32    rc=0   head=0xc1d0000b
[   23.907157] NVRM: nvAssertOkFailedNoLog: Assertion failed: Requested object not found [NV_ERR_OBJECT_NOT_FOUND] (0x00000057) returned from kfifoEngineInfoXlate_HAL(pGpu, pKernelFifo, ENGINE_INFO_TYPE_RM_ENGINE_TYPE, gpuGetRmEngineType(pFifoInfoParams->engineType), ENGINE_INFO_TYPE_RUNLIST, &runlistId) @ kernel_fifo_ctrl.c:301
IOCTL  12819134us req=0xc020462a len=32    rc=0   head=0xc1d0000b
IOCTL  12828843us req=0xc020462b len=32    rc=0   head=0xc1d0000b
IOCTL  12891485us req=0xc0404657 len=64    rc=0   head=0xc1d0000b
[   24.007232] NVRM: nvAssertOkFailedNoLog: Assertion failed: Requested object not found [NV_ERR_OBJECT_NOT_FOUND] (0x00000057) returned from kfifoEngineInfoXlate_HAL(pGpu, pKernelFifo, ENGINE_INFO_TYPE_RM_ENGINE_TYPE, (NvU32)rmEngineType, ENGINE_INFO_TYPE_ENG_DESC, &engDesc) @ kernel_fifo_gm107.c:368
IOCTL  12918196us req=0xc020462b len=32    rc=0   head=0xc1d0000b
[   24.034156] NVRM: nvAssertOkFailedNoLog: Assertion failed: Requested object not found [NV_ERR_OBJECT_NOT_FOUND] (0x00000057) returned from kfifoEngineInfoXlate_HAL(pGpu, pKernelFifo, ENGINE_INFO_TYPE_RM_ENGINE_TYPE, (NvU32)rmEngineType, ENGINE_INFO_TYPE_ENG_DESC, &engDesc) @ kernel_fifo_gm107.c:368
IOCTL  12962301us req=0xc020462b len=32    rc=0   head=0xc1d0000b
[   24.078259] NVRM: nvAssertOkFailedNoLog: Assertion failed: Requested object not found [NV_ERR_OBJECT_NOT_FOUND] (0x00000057) returned from kfifoEngineInfoXlate_HAL(pGpu, GPU_GET_KERNEL_FIFO(pGpu), ENGINE_INFO_TYPE_ENG_DESC, engineDesc, ENGINE_INFO_TYPE_RUNLIST, &pKernelChannelGroupApi->pKernelChannelGroup->runlistId) @ kernel_channel_group_api.c:1252
[   24.099189] NVRM: nvAssertOkFailedNoLog: Assertion failed: Requested object not found [NV_ERR_OBJECT_NOT_FOUND] (0x00000057) returned from status @ kernel_channel.c:2886
[   24.109317] NVRM: nvAssertOkFailedNoLog: Assertion failed: Requested object not found [NV_ERR_OBJECT_NOT_FOUND] (0x00000057) returned from kchannelBindToRunlist(pChanNode->pKernelChannel, localEngineType, engineDesc) @ kernel_channel_group_api.c:1264
IOCTL  13017137us req=0xc020462a len=32    rc=0   head=0xc1d0000b
IOCTL  13026849us req=0xc0104629 len=16    rc=0   head=0xc1d0000b
IOCTL  13038436us req=0xc0104629 len=16    rc=0   head=0xc1d0000b
IOCTL  13065337us req=0xc0104629 len=16    rc=0   head=0xc1d0000b
PARTITION-REFUSED engine_type=0x[   24.182604] NVRM: rpcRmApiFree_GSP: GspRmFree failed: hClient=0xc1d0000b; hObject=0xcafe005a; paramsStatus=0x00000000; status=0x00000056
10 reason=Other(87)
[   24.192495] NVRM: nvAssertFailedNoLog: Assertion failed: (status == NV_OK) || (status == NV_ERR_GPU_IN_FULLCHIP_RESET) @ mem.c:180
IOCTL  13093769us req=0xc0104629 len=16    rc=0   head=0xc1d0000b
IOCTL  13104261us req=0xc0104629 len=16    rc=0   head=0xc1d0000b
IOCTL  13113777us req=0xc020462a len=32    rc=0   head=0xc1d0000b
FACT partition_is_vacuous=1
info  R13c census        = done
done — doorbell census only
[   24.551558] NVRM: rpcRmApiFree_GSP: GspRmFree failed: hClient=0xc1d0000a; hObject=0xcaf00002; paramsStatus=0x00000000; status=0x00000056
[   24.560273] NVRM: nvAssertFailedNoLog: Assertion failed: (status == NV_OK) || (status == NV_ERR_GPU_IN_FULLCHIP_RESET) @ rs_client.c:844
[   24.568821] NVRM: nvAssertFailedNoLog: Assertion failed: (status == NV_OK) || (status == NV_ERR_GPU_IN_FULLCHIP_RESET) @ rs_server.c:259
[   24.576942] NVRM: nvAssertFailedNoLog: Assertion failed: (status == NV_OK) || (status == NV_ERR_GPU_IN_FULLCHIP_RESET) @ rs_server.c:1375
[   24.587988] NVRM: nvAssertFailedNoLog: Assertion failed: (status == NV_OK) || (status == NV_ERR_GPU_IN_FULLCHIP_RESET) @ fecs_event_list.c:1623
[   24.654565] NVRM: nvCheckOkFailedNoLog: Check failed: Call not supported [NV_ERR_NOT_SUPPORTED] (0x00000056) returned from pRmApi->Control(pRmApi, pGpu->hInternalClient, pGpu->hInternalSubdevice, NV2080_CTRL_CMD_INTERNAL_INIT_USER_SHARED_DATA, &params, sizeof(params)) @ gpu_user_shared_data.c:213
[   28.549599] NVRM: _threadNodeCheckTimeout: _threadNodeCheckTimeout: currentTime: f4200adcd3580 >= f4200adcd3580
[   28.549605] NVRM: _threadNodeCheckTimeout: _threadNodeCheckTimeout: Timeout was set to: 4000 msecs!
FASTGUEST: client rc=0 at 28.53s
FASTGUEST: DONE
[   28.765363] reboot: Power down
