[    0.000000] Linux version 6.8.0-59-generic (buildd@lcy02-amd64-117) (x86_64-linux-gnu-gcc-12 (Ubuntu 12.3.0-1ubuntu1~22.04) 12.3.0, GNU ld (GNU Binutils for Ubuntu) 2.38) #61~22.04.1-Ubuntu SMP PREEMPT_DYNAMIC Tue Apr 15 17:03:15 UTC 2 (Ubuntu 6.8.0-59.61~22.04.1-generic 6.8.12)
[    0.302453] Kernel command line: console=ttyS0 panic=1 loglevel=6 KF_ARMS=--alias-unmap-observe,--probe-launch-dma KF_IOCTL_TRACE=verbose KF_BUDGET_S=60
[    0.302531] Unknown kernel command line parameters "KF_ARMS=--alias-unmap-observe,--probe-launch-dma KF_IOCTL_TRACE=verbose KF_BUDGET_S=60", will be passed to user space.
[    0.302542] random: crng init done
[    0.623595] audit: type=2000 audit(1789829942.401:1): state=initialized audit_enabled=0 res=1
[    0.892205] SCSI subsystem initialized
[    2.660867] VFS: Disk quotas dquot_6.6.0
[    2.824830] Initialise system trusted keyrings
[    2.831250] Key type blacklist registered
[    2.844661] integrity: Platform Keyring initialized
[    2.851076] integrity: Machine keyring initialized
[    2.872147] Key type asymmetric registered
[    2.877494] Asymmetric key parser 'x509' registered
[    3.002185] device-mapper: core: CONFIG_IMA_DISABLE_HTABLE is disabled. Duplicate IMA measurements will not be recorded in the IMA log.
[    3.017057] platform eisa.0: EISA: Cannot allocate resource for mainboard
[    3.025150] platform eisa.0: Cannot allocate resource for EISA slot 1
[    3.033009] platform eisa.0: Cannot allocate resource for EISA slot 2
[    3.040376] platform eisa.0: Cannot allocate resource for EISA slot 3
[    3.047798] platform eisa.0: Cannot allocate resource for EISA slot 4
[    3.055268] platform eisa.0: Cannot allocate resource for EISA slot 5
[    3.062861] platform eisa.0: Cannot allocate resource for EISA slot 6
[    3.070280] platform eisa.0: Cannot allocate resource for EISA slot 7
[    3.077398] platform eisa.0: Cannot allocate resource for EISA slot 8
[    7.791839] Key type dns_resolver registered
[    7.819154] Loading compiled-in X.509 certificates
[    7.832405] Loaded X.509 cert 'Build time autogenerated kernel key: 3fa2747ce20c90997bcade15a1cad09daa978788'
[    7.849756] Loaded X.509 cert 'Canonical Ltd. Live Patch Signing: 14df34d1a87cf37625abec039ef2bf521249b969'
[    7.865878] Loaded X.509 cert 'Canonical Ltd. Kernel Module Signing: 88f752e560a1e0737e31163a466ad7b70a850c19'
[    7.879718] blacklist: Loading compiled-in revocation X.509 certificates
[    7.888744] Loaded X.509 cert 'Canonical Ltd. Secure Boot Signing: 61482aa2830d0ab2ad5af10b7250da9033ddcef0'
[    7.901254] Loaded X.509 cert 'Canonical Ltd. Secure Boot Signing (2017): 242ade75ac4a15e50d50c84b0d45ff3eae707a03'
[    7.916036] Loaded X.509 cert 'Canonical Ltd. Secure Boot Signing (ESM 2018): 365188c1d374d6b07c3c8f240f8ef722433d6a8b'
[    7.931180] Loaded X.509 cert 'Canonical Ltd. Secure Boot Signing (2019): c0746fd6c5da3ae827864651ad66ae47fe24b3e8'
[    7.946266] Loaded X.509 cert 'Canonical Ltd. Secure Boot Signing (2021 v1): a8d54bbb3825cfb94fa13c9f8a594a195c107b8d'
[    7.961262] Loaded X.509 cert 'Canonical Ltd. Secure Boot Signing (2021 v2): 4cf046892d6fd3c9a5b03f98d845f90851dc6a8c'
[    7.976779] Loaded X.509 cert 'Canonical Ltd. Secure Boot Signing (2021 v3): 100437bb6de6e469b581e61cd66bce3ef4ed53af'
[    7.992237] Loaded X.509 cert 'Canonical Ltd. Secure Boot Signing (Ubuntu Core 2019): c1d57b8f6b743f23ee41f4f7ee292f06eecadfb9'
[    8.035775] Key type .fscrypt registered
[    8.041710] Key type fscrypt-provisioning registered
[    8.055701] Key type encrypted registered
[    8.061883] Loading compiled-in module X.509 certificates
[    8.070984] Loaded X.509 cert 'Build time autogenerated kernel key: 3fa2747ce20c90997bcade15a1cad09daa978788'
[    8.109890] Unstable clock detected, switching default tracing clock to "global"
[    8.109890] If you want to keep using the local clock, then add:
[    8.109890]   "trace_clock=local"
[    8.109890] on the kernel command line
FASTGUEST: up 8.17s
FASTGUEST: insmod ecc.ko ok
[    8.401435] nvidia: loading out-of-tree module taints kernel.
[    8.406379] nvidia: module verification failed: signature and/or required key missing - tainting kernel
[    8.559266] 
[    8.574592] NVRM: loading NVIDIA UNIX Open Kernel Module for x86_64  580.159.04  Release Build  (dvs-builder@U22-I3-AF04-09-6)  Wed Apr 29 17:15:53 UTC 2026
FASTGUEST: insmod nvidia.ko ok
FASTGUEST: insmod nvidia-uvm.ko ok
FASTGUEST: insmod wmi.ko ok
FASTGUEST: insmod video.ko ok
FASTGUEST: insmod nvidia-modeset.ko ok
FASTGUEST: nodes /dev/nvidia-caps/nvidia-cap1 /dev/nvidia-uvm /dev/nvidia-uvm-tools /dev/nvidia0 /dev/nvidiactl  /dev/nvidia-caps: nvidia-cap1 
FASTGUEST: ready 8.72s
FASTGUEST: arms --alias-unmap-observe --probe-launch-dma  deadline 49s (budget 60s, 8s already spent booting)
info  RMLADDER DEADLINE = armed (KF_SELF_DEADLINE_MS)
info  RMLADDER ARGV     = [--gpu 0 --alias-unmap-observe --probe-launch-dma]
[   10.993764] NVRM: nvAssertOkFailedNoLog: Assertion failed: Call not supported [NV_ERR_NOT_SUPPORTED] (0x00000056) returned from pRmApi->Control(pRmApi, pGpu->hInternalClient, pGpu->hInternalSubdevice, NV2080_CTRL_CMD_INTERNAL_INIT_USER_SHARED_DATA, &params, sizeof(params)) @ gpu_user_shared_data.c:233
[   11.017325] NVRM: nvAssertOkFailedNoLog: Assertion failed: Call not supported [NV_ERR_NOT_SUPPORTED] (0x00000056) returned from pRmApi->Control(pRmApi, pGpu->hInternalClient, pGpu->hInternalSubdevice, NV2080_CTRL_CMD_INTERNAL_USER_SHARED_DATA_SET_DATA_POLL, &params, sizeof(params)) @ gpu_user_shared_data.c:268
[   11.117370] NVRM: kperfGpuBoostSyncStateInit_IMPL: Failed to read Sync Gpu Boost init state, status=0x56
[   11.131015] NVRM: kperfGpuBoostSyncStateInit_IMPL: Failed to read Sync Gpu Boost init state, status=0x56
[   11.139911] NVRM: nvAssertOkFailedNoLog: Assertion failed: Call not supported [NV_ERR_NOT_SUPPORTED] (0x00000056) returned from pRmApi->Control(pRmApi, pGpu->hInternalClient, pGpu->hInternalSubdevice, NV2080_CTRL_CMD_INTERNAL_CE_GET_PCE_CONFIG_FOR_LCE_TYPE, &pceConfigParams, sizeof(pceConfigParams)) @ kernel_ce.c:1020
[   11.163903] NVRM: nvAssertOkFailedNoLog: Assertion failed: Call not supported [NV_ERR_NOT_SUPPORTED] (0x00000056) returned from kceGetPceConfigForLceType(pGpu, pKCe, NV2080_CTRL_CE_LCE_TYPE_DECOMP, &numPcesPerLce, &numLces, &supportedPceMask, &supportedLceMask, &pcesPerHshub) @ kernel_ce_gp100.c:62
[   11.980869] NVRM: rpcRmApiAlloc_GSP: GspRmAlloc failed: hClient=0xc1d00009; hParent=0x31415903; hObject=0x3141590f; hClass=0x00000070; paramsSize=0x00000018; paramsStatus=0x00000000; status=0x00000056
[   12.060421] NVRM: rpcRmApiAlloc_GSP: GspRmAlloc failed: hClient=0xc1d00009; hParent=0x31415903; hObject=0x31415900; hClass=0x0000c36f; paramsSize=0x00000170; paramsStatus=0x00000000; status=0x00000056
[   12.242153] NVRM: nvCheckOkFailedNoLog: Check failed: Call not supported [NV_ERR_NOT_SUPPORTED] (0x00000056) returned from kgrobjPromoteContext(pGpu, pKernelGraphicsObject, pKernelGraphics) @ kernel_graphics_object.c:224
[   12.264546] NVRM: nvAssertFailedNoLog: Assertion failed: status == NV_OK @ kernel_rc_watchdog.c:1198
[   12.271217] NVRM: rpcRmApiFree_GSP: GspRmFree failed: hClient=0xc1d00009; hObject=0x31415900; paramsStatus=0x00000000; status=0x00000056
[   12.306383] NVRM: vaListDestroy: non-zero mapCount(pVaList): 0x1
[   12.315089] NVRM: vaListDestroy: non-zero mapCount(pVaList): 0x1
[   12.323921] NVRM: vaListDestroy: non-zero mapCount(pVaList): 0x1
[   12.333198] NVRM: vaListDestroy: non-zero mapCount(pVaList): 0x1
[   12.392205] NVRM: rpcRmApiFree_GSP: GspRmFree failed: hClient=0xc1d00009; hObject=0x3141590f; paramsStatus=0x00000000; status=0x00000056
[   12.407894] NVRM: nvAssertFailedNoLog: Assertion failed: (status == NV_OK) || (status == NV_ERR_GPU_IN_FULLCHIP_RESET) @ mem.c:180
[   12.494190] NVRM: rpcRmApiAlloc_GSP: GspRmAlloc failed: hClient=0xc1d0000a; hParent=0xcaf00001; hObject=0xcaf00002; hClass=0x0000402c; paramsSize=0x00000000; paramsStatus=0x00000000; status=0x00000056
IOCTL         0us req=0xc04846d2 len=72    rc=0   head=0x00000032
IOCTL     18176us req=0xc00446c9 len=4     rc=0   head=0x00000004
IOCTL     33566us req=0xc020462b len=32    rc=0   head=0x00000000
IOCTL     48586us req=0xc020462b len=32    rc=0   head=0xc1d0000b
IOCTL     60935us req=0xc020462b len=32    rc=0   head=0xc1d0000b
IOCTL     73315us req=0xc020462b len=32    rc=0   head=0xc1d0000b
IOCTL     87843us req=0xc038464e len=56    rc=0   head=0xc1d0000b
ok    R2 version         = "580.159.04"
ok    R4 hClient         = 0xc1d0000b
ok    R6 hSubdevice      = 0xcafe0002
REV_UNDER_TEST=8176538aee3e618a84a59ea51582e48959e7da0a
W381_PROBE=launch-dma — a four-byte `LAUNCH_DMA` copied out of the channel's own ring. ★ This is                      the verb the Mode-2 emulator serves end to end (`run_submission` ->                      `execute_ours_spans` MOVES THE BYTES -> `write_resolved_completion`), so                      these rungs are servable on BOTH sides of the differential
RUNG_map_propagation=NOTRUN
RUNG_alias_two_vas=NOTRUN
RUNG_missing_page=NOTRUN
RUNG_map_stress=NOTRUN
RUNG_rpc_mixed=NOTRUN
RUNG_cross_client=NOTRUN
info  R1" unmap observe   = GPU 0, euid 0 — alias one object at two VAs, UNMAP the first, and ask whether the second survived
info  R1" the bar         = both VAs live (control), then VA_A unmapped, then a release through VA_B must STILL land. ⊘ `pde_info` after an unmap is NOT graded — RM may leave the page table standing
IOCTL    249147us req=0xc020462b len=32    rc=0   head=0xc1d0000b
[   12.820124] NVRM: rpcRmApiAlloc_GSP: GspRmAlloc failed: hClient=0xc1d0000b; hParent=0xcafe0001; hObject=0xcafe0005; hClass=0x00000070; paramsSize=0x00000018; paramsStatus=0x00000000; status=0x00000056
IOCTL    294796us req=0xc020462b len=32    rc=0   head=0xc1d0000b
IOCTL    308974us req=0xc020462b len=32    rc=0   head=0xc1d0000b
IOCTL    394735us req=0xc0404657 len=64    rc=0   head=0xc1d0000b
IOCTL    422032us req=0xc020462b len=32    rc=0   head=0xc1d0000b
IOCTL    465318us req=0xc020462b len=32    rc=0   head=0xc1d0000b
IOCTL    483026us req=0xc020462a len=32    rc=0   head=0xc1d0000b
IOCTL    496145us req=0xc020462a len=32    rc=0   head=0xc1d0000b
IOCTL    554548us req=0xc038464e len=56    rc=0   head=0xc1d0000b
IOCTL    568570us req=0xc020462a len=32    rc=0   head=0xc1d0000b
IOCTL    580002us req=0xc020462b len=32    rc=0   head=0xc1d0000b
IOCTL    627594us req=0xc038464e len=56    rc=0   head=0xc1d0000b
IOCTL    717468us req=0xc0404657 len=64    rc=0   head=0xc1d0000b
IOCTL    804699us req=0xc0404657 len=64    rc=0   head=0xc1d0000b
ALIAS_MARK=both_mapped va_a=0x0000000731000000 va_b=0x0000000831000000
kayfabe-isolate: DOORBELL-STORE #1 host_token=0x00000003 runlist=0 chid=3 → storing 32 bits at USERMODE_NOTIFY_CHANNEL_PENDING=0x90 in the mapped usermode window
kayfabe-isolate: DOORBELL-STORE #1 host_token=0x00000003 ★★★ WROTE — the store instruction executed
IOCTL    857954us req=0xc038464e len=56    rc=0   head=0xc1d0000b
kayfabe-isolate: DOORBELL-STORE #2 host_token=0x00000003 runlist=0 chid=3 → storing 32 bits at USERMODE_NOTIFY_CHANNEL_PENDING=0x90 in the mapped usermode window
kayfabe-isolate: DOORBELL-STORE #2 host_token=0x00000003 ★★★ WROTE — the store instruction executed
IOCTL    902568us req=0xc038464e len=56    rc=0   head=0xc1d0000b
info  R1" control A/B     = Landed / Landed
ok    R1" control         = both aliases landed before the unmap
ALIAS_MARK=unmap_a_begin va=0x0000000731000000
IOCTL    946592us req=0xc0304658 len=48    rc=0   head=0xc1d0000b
ALIAS_MARK=unmap_a_end ok=true
IOCTL    962758us req=0xc020462a len=32    rc=0   head=0xc1d0000b
IOCTL    974334us req=0xc020462a len=32    rc=0   head=0xc1d0000b
info  R1" host after unmap = A PDE_COVERS / B PDE_COVERS ⊘ UNGRADED — PDE granularity cannot see a leaf go away
IOCTL    993199us req=0xc020462b len=32    rc=0   head=0xc1d0000b
IOCTL   1058650us req=0xc0404657 len=64    rc=0   head=0xc1d0000b
IOCTL   1087656us req=0xc0304658 len=48    rc=0   head=0xc1d0000b
IOCTL   1099222us req=0xc0104629 len=16    rc=0   head=0xc1d0000b
info  R1" allocator says A = Ok(Free) (want Free — the VA is reusable again)
kayfabe-isolate: DOORBELL-STORE #3 host_token=0x00000003 runlist=0 chid=3 → storing 32 bits at USERMODE_NOTIFY_CHANNEL_PENDING=0x90 in the mapped usermode window
kayfabe-isolate: DOORBELL-STORE #3 host_token=0x00000003 ★★★ WROTE — the store instruction executed
IOCTL   1149453us req=0xc038464e len=56    rc=0   head=0xc1d0000b
info  R1" release via B#2 = Landed
★     R1" SIBLING SURVIVED = unmapping VA_A left VA_B live. ⇒ RM tracks the two aliases INDEPENDENTLY, and any fix that keys host backing by frame alone is weaker than the driver it stands in for
IOCTL   1198586us req=0xc0304658 len=48    rc=0   head=0xc1d0000b
IOCTL   1244401us req=0xc0104629 len=16    rc=0   head=0xc1d0000b
IOCTL   1267893us req=0xc0104629 len=16    rc=0   head=0xc1d0000b
IOCTL   1297239us req=0xc0304658 len=48    rc=0   head=0xc1d0000b
IOCTL   1313113us req=0xc0104629 len=16    rc=0   head=0xc1d0000b
IOCTL   1361060us req=0xc0104629 len=16    rc=0   head=0xc1d0000b
[   13.919480] NVRM: rpcRmApiFree_GSP: GspRmFree failed: hClient=0xc1d0000b; hObject=0xcafe0005; paramsStatus=0x00000000; status=0x00000056
[   13.929430] NVRM: nvAssertFailedNoLog: Assertion failed: (status == NV_OK) || (status == NV_ERR_GPU_IN_FULLCHIP_RESET) @ mem.c:180
IOCTL   1396173us req=0xc0104629 len=16    rc=0   head=0xc1d0000b
IOCTL   1406579us req=0xc0104629 len=16    rc=0   head=0xc1d0000b
RUNGCTL_alias_unmap=PASS
RUNG_alias_unmap=PASS
done — w379/w381 mapping-plane rungs only
[   14.251170] NVRM: rpcRmApiFree_GSP: GspRmFree failed: hClient=0xc1d0000a; hObject=0xcaf00002; paramsStatus=0x00000000; status=0x00000056
[   14.264083] NVRM: nvAssertFailedNoLog: Assertion failed: (status == NV_OK) || (status == NV_ERR_GPU_IN_FULLCHIP_RESET) @ rs_client.c:844
[   14.275460] NVRM: nvAssertFailedNoLog: Assertion failed: (status == NV_OK) || (status == NV_ERR_GPU_IN_FULLCHIP_RESET) @ rs_server.c:259
[   14.285793] NVRM: nvAssertFailedNoLog: Assertion failed: (status == NV_OK) || (status == NV_ERR_GPU_IN_FULLCHIP_RESET) @ rs_server.c:1375
[   14.300897] NVRM: nvAssertFailedNoLog: Assertion failed: (status == NV_OK) || (status == NV_ERR_GPU_IN_FULLCHIP_RESET) @ fecs_event_list.c:1623
[   14.356121] NVRM: nvCheckOkFailedNoLog: Check failed: Call not supported [NV_ERR_NOT_SUPPORTED] (0x00000056) returned from pRmApi->Control(pRmApi, pGpu->hInternalClient, pGpu->hInternalSubdevice, NV2080_CTRL_CMD_INTERNAL_INIT_USER_SHARED_DATA, &params, sizeof(params)) @ gpu_user_shared_data.c:213
[   18.249187] NVRM: _threadNodeCheckTimeout: _threadNodeCheckTimeout: currentTime: f41fe46717880 >= f41fe46717880
[   18.249192] NVRM: _threadNodeCheckTimeout: _threadNodeCheckTimeout: Timeout was set to: 4000 msecs!
FASTGUEST: client rc=0 at 18.20s
FASTGUEST: DONE
[   18.410050] reboot: Power down
