[    0.000000] Linux version 6.8.0-59-generic (buildd@lcy02-amd64-117) (x86_64-linux-gnu-gcc-12 (Ubuntu 12.3.0-1ubuntu1~22.04) 12.3.0, GNU ld (GNU Binutils for Ubuntu) 2.38) #61~22.04.1-Ubuntu SMP PREEMPT_DYNAMIC Tue Apr 15 17:03:15 UTC 2 (Ubuntu 6.8.0-59.61~22.04.1-generic 6.8.12)
[    0.272723] Kernel command line: console=ttyS0 panic=1 loglevel=6 KF_ARMS=--uvm-mean,--probe-launch-dma KF_IOCTL_TRACE=verbose KF_BUDGET_S=60
[    0.272799] Unknown kernel command line parameters "KF_ARMS=--uvm-mean,--probe-launch-dma KF_IOCTL_TRACE=verbose KF_BUDGET_S=60", will be passed to user space.
[    0.272809] random: crng init done
[    0.587830] audit: type=2000 audit(1789830082.243:1): state=initialized audit_enabled=0 res=1
[    0.834205] SCSI subsystem initialized
[    2.506816] VFS: Disk quotas dquot_6.6.0
[    2.662443] Initialise system trusted keyrings
[    2.667881] Key type blacklist registered
[    2.677602] integrity: Platform Keyring initialized
[    2.683586] integrity: Machine keyring initialized
[    2.702663] Key type asymmetric registered
[    2.707409] Asymmetric key parser 'x509' registered
[    2.818228] device-mapper: core: CONFIG_IMA_DISABLE_HTABLE is disabled. Duplicate IMA measurements will not be recorded in the IMA log.
[    2.831976] platform eisa.0: EISA: Cannot allocate resource for mainboard
[    2.839443] platform eisa.0: Cannot allocate resource for EISA slot 1
[    2.846573] platform eisa.0: Cannot allocate resource for EISA slot 2
[    2.853852] platform eisa.0: Cannot allocate resource for EISA slot 3
[    2.861130] platform eisa.0: Cannot allocate resource for EISA slot 4
[    2.868053] platform eisa.0: Cannot allocate resource for EISA slot 5
[    2.876240] platform eisa.0: Cannot allocate resource for EISA slot 6
[    2.884758] platform eisa.0: Cannot allocate resource for EISA slot 7
[    2.891795] platform eisa.0: Cannot allocate resource for EISA slot 8
[    7.080900] Key type dns_resolver registered
[    7.103025] Loading compiled-in X.509 certificates
[    7.116809] Loaded X.509 cert 'Build time autogenerated kernel key: 3fa2747ce20c90997bcade15a1cad09daa978788'
[    7.133260] Loaded X.509 cert 'Canonical Ltd. Live Patch Signing: 14df34d1a87cf37625abec039ef2bf521249b969'
[    7.149093] Loaded X.509 cert 'Canonical Ltd. Kernel Module Signing: 88f752e560a1e0737e31163a466ad7b70a850c19'
[    7.163213] blacklist: Loading compiled-in revocation X.509 certificates
[    7.173204] Loaded X.509 cert 'Canonical Ltd. Secure Boot Signing: 61482aa2830d0ab2ad5af10b7250da9033ddcef0'
[    7.187055] Loaded X.509 cert 'Canonical Ltd. Secure Boot Signing (2017): 242ade75ac4a15e50d50c84b0d45ff3eae707a03'
[    7.201961] Loaded X.509 cert 'Canonical Ltd. Secure Boot Signing (ESM 2018): 365188c1d374d6b07c3c8f240f8ef722433d6a8b'
[    7.217155] Loaded X.509 cert 'Canonical Ltd. Secure Boot Signing (2019): c0746fd6c5da3ae827864651ad66ae47fe24b3e8'
[    7.231798] Loaded X.509 cert 'Canonical Ltd. Secure Boot Signing (2021 v1): a8d54bbb3825cfb94fa13c9f8a594a195c107b8d'
[    7.246395] Loaded X.509 cert 'Canonical Ltd. Secure Boot Signing (2021 v2): 4cf046892d6fd3c9a5b03f98d845f90851dc6a8c'
[    7.259913] Loaded X.509 cert 'Canonical Ltd. Secure Boot Signing (2021 v3): 100437bb6de6e469b581e61cd66bce3ef4ed53af'
[    7.272906] Loaded X.509 cert 'Canonical Ltd. Secure Boot Signing (Ubuntu Core 2019): c1d57b8f6b743f23ee41f4f7ee292f06eecadfb9'
[    7.310758] Key type .fscrypt registered
[    7.316454] Key type fscrypt-provisioning registered
[    7.332418] Key type encrypted registered
[    7.339733] Loading compiled-in module X.509 certificates
[    7.350786] Loaded X.509 cert 'Build time autogenerated kernel key: 3fa2747ce20c90997bcade15a1cad09daa978788'
[    7.396278] Unstable clock detected, switching default tracing clock to "global"
[    7.396278] If you want to keep using the local clock, then add:
[    7.396278]   "trace_clock=local"
[    7.396278] on the kernel command line
FASTGUEST: up 7.48s
FASTGUEST: insmod ecc.ko ok
[    7.737568] nvidia: loading out-of-tree module taints kernel.
[    7.743062] nvidia: module verification failed: signature and/or required key missing - tainting kernel
[    7.884674] 
[    7.899876] NVRM: loading NVIDIA UNIX Open Kernel Module for x86_64  580.159.04  Release Build  (dvs-builder@U22-I3-AF04-09-6)  Wed Apr 29 17:15:53 UTC 2026
FASTGUEST: insmod nvidia.ko ok
FASTGUEST: insmod nvidia-uvm.ko ok
FASTGUEST: insmod wmi.ko ok
FASTGUEST: insmod video.ko ok
FASTGUEST: insmod nvidia-modeset.ko ok
FASTGUEST: nodes /dev/nvidia-caps/nvidia-cap1 /dev/nvidia-uvm /dev/nvidia-uvm-tools /dev/nvidia0 /dev/nvidiactl  /dev/nvidia-caps: nvidia-cap1 
FASTGUEST: ready 8.13s
FASTGUEST: arms --uvm-mean --probe-launch-dma  deadline 49s (budget 60s, 8s already spent booting)
info  RMLADDER DEADLINE = armed (KF_SELF_DEADLINE_MS)
info  RMLADDER ARGV     = [--gpu 0 --uvm-mean --probe-launch-dma]
[    9.827887] NVRM: nvAssertOkFailedNoLog: Assertion failed: Call not supported [NV_ERR_NOT_SUPPORTED] (0x00000056) returned from pRmApi->Control(pRmApi, pGpu->hInternalClient, pGpu->hInternalSubdevice, NV2080_CTRL_CMD_INTERNAL_INIT_USER_SHARED_DATA, &params, sizeof(params)) @ gpu_user_shared_data.c:233
[    9.843902] NVRM: nvAssertOkFailedNoLog: Assertion failed: Call not supported [NV_ERR_NOT_SUPPORTED] (0x00000056) returned from pRmApi->Control(pRmApi, pGpu->hInternalClient, pGpu->hInternalSubdevice, NV2080_CTRL_CMD_INTERNAL_USER_SHARED_DATA_SET_DATA_POLL, &params, sizeof(params)) @ gpu_user_shared_data.c:268
[    9.927075] NVRM: kperfGpuBoostSyncStateInit_IMPL: Failed to read Sync Gpu Boost init state, status=0x56
[    9.936838] NVRM: kperfGpuBoostSyncStateInit_IMPL: Failed to read Sync Gpu Boost init state, status=0x56
[    9.942926] NVRM: nvAssertOkFailedNoLog: Assertion failed: Call not supported [NV_ERR_NOT_SUPPORTED] (0x00000056) returned from pRmApi->Control(pRmApi, pGpu->hInternalClient, pGpu->hInternalSubdevice, NV2080_CTRL_CMD_INTERNAL_CE_GET_PCE_CONFIG_FOR_LCE_TYPE, &pceConfigParams, sizeof(pceConfigParams)) @ kernel_ce.c:1020
[    9.959827] NVRM: nvAssertOkFailedNoLog: Assertion failed: Call not supported [NV_ERR_NOT_SUPPORTED] (0x00000056) returned from kceGetPceConfigForLceType(pGpu, pKCe, NV2080_CTRL_CE_LCE_TYPE_DECOMP, &numPcesPerLce, &numLces, &supportedPceMask, &supportedLceMask, &pcesPerHshub) @ kernel_ce_gp100.c:62
[   10.685181] NVRM: rpcRmApiAlloc_GSP: GspRmAlloc failed: hClient=0xc1d00009; hParent=0x31415903; hObject=0x3141590f; hClass=0x00000070; paramsSize=0x00000018; paramsStatus=0x00000000; status=0x00000056
[   10.768267] NVRM: rpcRmApiAlloc_GSP: GspRmAlloc failed: hClient=0xc1d00009; hParent=0x31415903; hObject=0x31415900; hClass=0x0000c36f; paramsSize=0x00000170; paramsStatus=0x00000000; status=0x00000056
[   10.950959] NVRM: nvCheckOkFailedNoLog: Check failed: Call not supported [NV_ERR_NOT_SUPPORTED] (0x00000056) returned from kgrobjPromoteContext(pGpu, pKernelGraphicsObject, pKernelGraphics) @ kernel_graphics_object.c:224
[   10.972980] NVRM: nvAssertFailedNoLog: Assertion failed: status == NV_OK @ kernel_rc_watchdog.c:1198
[   10.979904] NVRM: rpcRmApiFree_GSP: GspRmFree failed: hClient=0xc1d00009; hObject=0x31415900; paramsStatus=0x00000000; status=0x00000056
[   11.011600] NVRM: vaListDestroy: non-zero mapCount(pVaList): 0x1
[   11.015416] NVRM: vaListDestroy: non-zero mapCount(pVaList): 0x1
[   11.019212] NVRM: vaListDestroy: non-zero mapCount(pVaList): 0x1
[   11.022972] NVRM: vaListDestroy: non-zero mapCount(pVaList): 0x1
[   11.059951] NVRM: rpcRmApiFree_GSP: GspRmFree failed: hClient=0xc1d00009; hObject=0x3141590f; paramsStatus=0x00000000; status=0x00000056
[   11.069830] NVRM: nvAssertFailedNoLog: Assertion failed: (status == NV_OK) || (status == NV_ERR_GPU_IN_FULLCHIP_RESET) @ mem.c:180
[   11.119680] NVRM: rpcRmApiAlloc_GSP: GspRmAlloc failed: hClient=0xc1d0000a; hParent=0xcaf00001; hObject=0xcaf00002; hClass=0x0000402c; paramsSize=0x00000000; paramsStatus=0x00000000; status=0x00000056
IOCTL         0us req=0xc04846d2 len=72    rc=0   head=0x00000032
IOCTL     30699us req=0xc00446c9 len=4     rc=0   head=0x00000004
IOCTL     52809us req=0xc020462b len=32    rc=0   head=0x00000000
IOCTL     73054us req=0xc020462b len=32    rc=0   head=0xc1d0000b
IOCTL     89899us req=0xc020462b len=32    rc=0   head=0xc1d0000b
IOCTL    105899us req=0xc020462b len=32    rc=0   head=0xc1d0000b
IOCTL    123427us req=0xc038464e len=56    rc=0   head=0xc1d0000b
ok    R2 version         = "580.159.04"
ok    R4 hClient         = 0xc1d0000b
ok    R6 hSubdevice      = 0xcafe0002
REV_UNDER_TEST=8176538aee3e618a84a59ea51582e48959e7da0a
info  W392D config        = gpu 0 threads 4 p1_rounds 4 nonce 0x6b8dd853 euid 0
info  W392D the bar       = EVERY row must be ✔. ⊘ A row this build cannot drive is a FAIL BY NAME and holds the whole client red — it does not drop out of the grade
IOCTL    246205us req=0xc020462b len=32    rc=0   head=0xc1d0000b
[   11.449328] NVRM: rpcRmApiAlloc_GSP: GspRmAlloc failed: hClient=0xc1d0000b; hParent=0xcafe0001; hObject=0xcafe0005; hClass=0x00000070; paramsSize=0x00000018; paramsStatus=0x00000000; status=0x00000056
IOCTL    286050us req=0xc020462b len=32    rc=0   head=0xc1d0000b
IOCTL    303785us req=0xc020462b len=32    rc=0   head=0xc1d0000b
IOCTL    377660us req=0xc0404657 len=64    rc=0   head=0xc1d0000b
IOCTL    408488us req=0xc020462b len=32    rc=0   head=0xc1d0000b
IOCTL    444654us req=0xc020462b len=32    rc=0   head=0xc1d0000b
IOCTL    464342us req=0xc020462a len=32    rc=0   head=0xc1d0000b
IOCTL    479929us req=0xc020462a len=32    rc=0   head=0xc1d0000b
IOCTL    522523us req=0xc038464e len=56    rc=0   head=0xc1d0000b
IOCTL    539990us req=0xc020462a len=32    rc=0   head=0xc1d0000b
IOCTL    558139us req=0xc020462b len=32    rc=0   head=0xc1d0000b
IOCTL    608037us req=0xc0404657 len=64    rc=0   head=0xc1d0000b
ok    W392D main lane     = channel ring at 0x0000008000000000, scratch at 0x0000008040000000 — the engine can be asked questions
--- W392D P1: the RM mapping path, 4 rounds at one VA ---
IOCTL    636407us req=0xc020462b len=32    rc=0   head=0xc1d0000b
IOCTL    672514us req=0xc038464e len=56    rc=0   head=0xc1d0000b
IOCTL    718568us req=0xc0404657 len=64    rc=0   head=0xc1d0000b
IOCTL    752442us req=0xc038464e len=56    rc=0   head=0xc1d0000b
kayfabe-isolate: DOORBELL-STORE #1 host_token=0x00000003 runlist=0 chid=3 → storing 32 bits at USERMODE_NOTIFY_CHANNEL_PENDING=0x90 in the mapped usermode window
kayfabe-isolate: DOORBELL-STORE #1 host_token=0x00000003 ★★★ WROTE — the store instruction executed
IOCTL    791243us req=0xc038464e len=56    rc=0   head=0xc1d0000b
IOCTL    811846us req=0xc0304658 len=48    rc=0   head=0xc1d0000b
IOCTL    847938us req=0xc0104629 len=16    rc=0   head=0xc1d0000b
IOCTL    863021us req=0xc020462b len=32    rc=0   head=0xc1d0000b
IOCTL    901024us req=0xc038464e len=56    rc=0   head=0xc1d0000b
IOCTL    945607us req=0xc0404657 len=64    rc=0   head=0xc1d0000b
IOCTL    956657us req=0xc038464e len=56    rc=0   head=0xc1d0000b
kayfabe-isolate: DOORBELL-STORE #2 host_token=0x00000003 runlist=0 chid=3 → storing 32 bits at USERMODE_NOTIFY_CHANNEL_PENDING=0x90 in the mapped usermode window
kayfabe-isolate: DOORBELL-STORE #2 host_token=0x00000003 ★★★ WROTE — the store instruction executed
IOCTL    994443us req=0xc038464e len=56    rc=0   head=0xc1d0000b
IOCTL   1014923us req=0xc0304658 len=48    rc=0   head=0xc1d0000b
IOCTL   1048816us req=0xc0104629 len=16    rc=0   head=0xc1d0000b
IOCTL   1063894us req=0xc020462b len=32    rc=0   head=0xc1d0000b
IOCTL   1115115us req=0xc038464e len=56    rc=0   head=0xc1d0000b
IOCTL   1154902us req=0xc0404657 len=64    rc=0   head=0xc1d0000b
IOCTL   1166016us req=0xc038464e len=56    rc=0   head=0xc1d0000b
kayfabe-isolate: DOORBELL-STORE #3 host_token=0x00000003 runlist=0 chid=3 → storing 32 bits at USERMODE_NOTIFY_CHANNEL_PENDING=0x90 in the mapped usermode window
kayfabe-isolate: DOORBELL-STORE #3 host_token=0x00000003 ★★★ WROTE — the store instruction executed
IOCTL   1203458us req=0xc038464e len=56    rc=0   head=0xc1d0000b
IOCTL   1222260us req=0xc0304658 len=48    rc=0   head=0xc1d0000b
IOCTL   1256427us req=0xc0104629 len=16    rc=0   head=0xc1d0000b
IOCTL   1271345us req=0xc020462b len=32    rc=0   head=0xc1d0000b
IOCTL   1305051us req=0xc038464e len=56    rc=0   head=0xc1d0000b
IOCTL   1344891us req=0xc0404657 len=64    rc=0   head=0xc1d0000b
IOCTL   1355564us req=0xc038464e len=56    rc=0   head=0xc1d0000b
kayfabe-isolate: DOORBELL-STORE #4 host_token=0x00000003 runlist=0 chid=3 → storing 32 bits at USERMODE_NOTIFY_CHANNEL_PENDING=0x90 in the mapped usermode window
kayfabe-isolate: DOORBELL-STORE #4 host_token=0x00000003 ★★★ WROTE — the store instruction executed
IOCTL   1394097us req=0xc038464e len=56    rc=0   head=0xc1d0000b
IOCTL   1413334us req=0xc0304658 len=48    rc=0   head=0xc1d0000b
IOCTL   1446830us req=0xc0104629 len=16    rc=0   head=0xc1d0000b
    P1 → ✔ VERIFIED over 4 round(s)
--- W392D STALE RACE: remap one VA between two LIVE objects ---
IOCTL   1468918us req=0xc020462b len=32    rc=0   head=0xc1d0000b
IOCTL   1479547us req=0xc020462b len=32    rc=0   head=0xc1d0000b
IOCTL   1513459us req=0xc038464e len=56    rc=0   head=0xc1d0000b
IOCTL   1548894us req=0xc038464e len=56    rc=0   head=0xc1d0000b
    w392d stale: A pattern=0xb0dddbb3  B pattern=0x0f2bcc2d  VA=0x00000080c0000000
IOCTL   1613694us req=0xc0404657 len=64    rc=0   head=0xc1d0000b
IOCTL   1624578us req=0xc038464e len=56    rc=0   head=0xc1d0000b
kayfabe-isolate: DOORBELL-STORE #5 host_token=0x00000003 runlist=0 chid=3 → storing 32 bits at USERMODE_NOTIFY_CHANNEL_PENDING=0x90 in the mapped usermode window
kayfabe-isolate: DOORBELL-STORE #5 host_token=0x00000003 ★★★ WROTE — the store instruction executed
IOCTL   1663915us req=0xc038464e len=56    rc=0   head=0xc1d0000b
IOCTL   1690021us req=0xc0304658 len=48    rc=0   head=0xc1d0000b
IOCTL   1751295us req=0xc0404657 len=64    rc=0   head=0xc1d0000b
IOCTL   1761940us req=0xc038464e len=56    rc=0   head=0xc1d0000b
kayfabe-isolate: DOORBELL-STORE #6 host_token=0x00000003 runlist=0 chid=3 → storing 32 bits at USERMODE_NOTIFY_CHANNEL_PENDING=0x90 in the mapped usermode window
kayfabe-isolate: DOORBELL-STORE #6 host_token=0x00000003 ★★★ WROTE — the store instruction executed
IOCTL   1799430us req=0xc038464e len=56    rc=0   head=0xc1d0000b
IOCTL   1825623us req=0xc0304658 len=48    rc=0   head=0xc1d0000b
IOCTL   1868667us req=0xc0104629 len=16    rc=0   head=0xc1d0000b
IOCTL   1914721us req=0xc0104629 len=16    rc=0   head=0xc1d0000b
    STALE RACE → ✔ VERIFIED over 2 round(s)
--- W392D P2: nvidia-uvm publishes the mapping, 4 rounds at one VA ---
IOCTL   1937887us req=0xc020462b len=32    rc=0   head=0xc1d0000b
IOCTL   1961525us req=0x30000001 len=12288 rc=0   head=0x00000000
IOCTL   1973219us req=0x0000004b len=8     rc=0   head=0x00000009
IOCTL   4381095us req=0x00000025 len=40    rc=0   head=0xc752b378
IOCTL   4384349us req=0x00000019 len=32    rc=0   head=0xc752b378
ok    W392D P2 vaspace    = 0xcafe0010 registered with nvidia-uvm — its page directory is now UVM's page tree
IOCTL   4390461us req=0xc020462b len=32    rc=0   head=0xc1d0000b
IOCTL   4391144us req=0x00000049 len=24    rc=0   head=0x00000000
IOCTL   4398014us req=0x00000021 len=9264  rc=0   head=0x00000000
ok    W392D P2 ring       = UVM published the ring object at 0x0000009000000000
IOCTL   4405454us req=0xc020462b len=32    rc=0   head=0xc1d0000b
IOCTL   4437380us req=0xc020462b len=32    rc=0   head=0xc1d0000b
IOCTL   4448636us req=0xc020462a len=32    rc=0   head=0xc1d0000b
IOCTL   4449378us req=0xc020462a len=32    rc=0   head=0xc1d0000b
IOCTL   4495302us req=0xc038464e len=56    rc=0   head=0xc1d0000b
IOCTL   4499710us req=0x0000001b len=56    rc=0   head=0xc752b378
IOCTL   4500609us req=0xc020462a len=32    rc=0   head=0xc1d0000b
ok    W392D P2 channel    = COPY(2) bound to the UVM-owned space,              runlist 1 (token 0x00010008) — NOT the graphics runlist
IOCTL   4501476us req=0xc020462b len=32    rc=0   head=0xc1d0000b
IOCTL   4501867us req=0x00000049 len=24    rc=0   head=0x40000000
IOCTL   4511211us req=0x00000021 len=9264  rc=0   head=0x40000000
IOCTL   4515679us req=0xc020462b len=32    rc=0   head=0xc1d0000b
IOCTL   4564507us req=0xc038464e len=56    rc=0   head=0xc1d0000b
IOCTL   4565467us req=0x00000049 len=24    rc=0   head=0x80000000
IOCTL   4567970us req=0x00000021 len=9264  rc=0   head=0x80000000
IOCTL   4623102us req=0xc038464e len=56    rc=0   head=0xc1d0000b
kayfabe-isolate: DOORBELL-STORE #7 host_token=0x00010008 runlist=1 chid=8 → storing 32 bits at USERMODE_NOTIFY_CHANNEL_PENDING=0x90 in the mapped usermode window
kayfabe-isolate: DOORBELL-STORE #7 host_token=0x00010008 ★★★ WROTE — the store instruction executed
IOCTL   4640810us req=0xc038464e len=56    rc=0   head=0xc1d0000b
IOCTL   4651257us req=0x00000022 len=24    rc=0   head=0x80000000
IOCTL   4707931us req=0xc0104629 len=16    rc=0   head=0xc1d0000b
IOCTL   4716165us req=0xc020462b len=32    rc=0   head=0xc1d0000b
IOCTL   4766124us req=0xc038464e len=56    rc=0   head=0xc1d0000b
IOCTL   4769756us req=0x00000049 len=24    rc=0   head=0x80000000
IOCTL   4779356us req=0x00000021 len=9264  rc=0   head=0x80000000
IOCTL   4780645us req=0xc038464e len=56    rc=0   head=0xc1d0000b
kayfabe-isolate: DOORBELL-STORE #8 host_token=0x00010008 runlist=1 chid=8 → storing 32 bits at USERMODE_NOTIFY_CHANNEL_PENDING=0x90 in the mapped usermode window
kayfabe-isolate: DOORBELL-STORE #8 host_token=0x00010008 ★★★ WROTE — the store instruction executed
IOCTL   4802332us req=0xc038464e len=56    rc=0   head=0xc1d0000b
IOCTL   4804525us req=0x00000022 len=24    rc=0   head=0x80000000
IOCTL   4842458us req=0xc0104629 len=16    rc=0   head=0xc1d0000b
IOCTL   4851397us req=0xc020462b len=32    rc=0   head=0xc1d0000b
IOCTL   4897982us req=0xc038464e len=56    rc=0   head=0xc1d0000b
IOCTL   4901588us req=0x00000049 len=24    rc=0   head=0x80000000
IOCTL   4912511us req=0x00000021 len=9264  rc=0   head=0x80000000
IOCTL   4913820us req=0xc038464e len=56    rc=0   head=0xc1d0000b
kayfabe-isolate: DOORBELL-STORE #9 host_token=0x00010008 runlist=1 chid=8 → storing 32 bits at USERMODE_NOTIFY_CHANNEL_PENDING=0x90 in the mapped usermode window
kayfabe-isolate: DOORBELL-STORE #9 host_token=0x00010008 ★★★ WROTE — the store instruction executed
IOCTL   4935961us req=0xc038464e len=56    rc=0   head=0xc1d0000b
IOCTL   4944504us req=0x00000022 len=24    rc=0   head=0x80000000
IOCTL   4981741us req=0xc0104629 len=16    rc=0   head=0xc1d0000b
IOCTL   4986688us req=0xc020462b len=32    rc=0   head=0xc1d0000b
IOCTL   5032833us req=0xc038464e len=56    rc=0   head=0xc1d0000b
IOCTL   5039096us req=0x00000049 len=24    rc=0   head=0x80000000
IOCTL   5044479us req=0x00000021 len=9264  rc=0   head=0x80000000
IOCTL   5045787us req=0xc038464e len=56    rc=0   head=0xc1d0000b
kayfabe-isolate: DOORBELL-STORE #10 host_token=0x00010008 runlist=1 chid=8 → storing 32 bits at USERMODE_NOTIFY_CHANNEL_PENDING=0x90 in the mapped usermode window
kayfabe-isolate: DOORBELL-STORE #10 host_token=0x00010008 ★★★ WROTE — the store instruction executed
IOCTL   5066581us req=0xc038464e len=56    rc=0   head=0xc1d0000b
IOCTL   5071112us req=0x00000022 len=24    rc=0   head=0x80000000
IOCTL   5108983us req=0xc0104629 len=16    rc=0   head=0xc1d0000b
--- W392D P3: the RPC bind (GPU_PROMOTE_CTX), with its negative control ---
IOCTL   5118508us req=0xc020462b len=32    rc=0   head=0xc1d0000b
IOCTL   5124967us req=0x00000049 len=24    rc=0   head=0x00000000
IOCTL   5135690us req=0x00000021 len=9264  rc=0   head=0x00000000
IOCTL   5142123us req=0xc020462b len=32    rc=0   head=0xc1d0000b
IOCTL   5165287us req=0xc020462b len=32    rc=0   head=0xc1d0000b
IOCTL   5175693us req=0xc020462a len=32    rc=0   head=0xc1d0000b
IOCTL   5176476us req=0xc020462a len=32    rc=0   head=0xc1d0000b
IOCTL   5233540us req=0xc038464e len=56    rc=0   head=0xc1d0000b
ok    W392D P3 GR channel = 0[   16.416834] NVRM: kchannelIsSchedulable_IMPL: Cannot schedule externally-owned channel 0x00000009 with unbound allocations!
xcafe001b in the UVM-owned space, token 0x00000009 (runlist 0)
IOCTL   5237403us req=0xc020462b len=32    rc=0   head=0xc1d0000b
ok    W392D P3 gr object  = the compute object allocated — the channel now has a context
IOCTL   5248139us req=0xc020462a len=32    rc=0   head=0xc1d0000b
★     W392D P3 arm A      = schedule REFUSED 0x40 BEFORE the promote — the negative control fired, so arm C's success is attributable to the RPC bind and to nothing else
IOCTL   5300348us req=0x0000001b len=56    rc=0   head=0xc752b378
ok    W392D P3 arm B      = UVM_REGISTER_CHANNEL accepted — the channel's context buffers were mapped at 0x0000009200000000 and PROMOTED over RPC
IOCTL   5301413us req=0xc020462a len=32    rc=0   head=0xc1d0000b
★★★   W392D P3 arm C      = the SAME schedule call now SUCCEEDS. ⇒ the RPC-carried bind is what made this channel executable
IOCTL   5302413us req=0xc020462b len=32    rc=0   head=0xc1d0000b
IOCTL   5302798us req=0x00000049 len=24    rc=0   head=0x40000000
IOCTL   5312301us req=0x00000021 len=9264  rc=0   head=0x40000000
IOCTL   5320210us req=0xc038464e len=56    rc=0   head=0xc1d0000b
IOCTL   5383210us req=0xc038464e len=56    rc=0   head=0xc1d0000b
kayfabe-isolate: DOORBELL-STORE #11 host_token=0x00010008 runlist=1 chid=8 → storing 32 bits at USERMODE_NOTIFY_CHANNEL_PENDING=0x90 in the mapped usermode window
kayfabe-isolate: DOORBELL-STORE #11 host_token=0x00010008 ★★★ WROTE — the store instruction executed
IOCTL   5427756us req=0xc038464e len=56    rc=0   head=0xc1d0000b
kayfabe-isolate: DOORBELL-STORE #12 host_token=0x00010008 runlist=1 chid=8 → storing 32 bits at USERMODE_NOTIFY_CHANNEL_PENDING=0x90 in the mapped usermode window
kayfabe-isolate: DOORBELL-STORE #12 host_token=0x00010008 ★★★ WROTE — the store instruction executed
IOCTL   5463216us req=0xc038464e len=56    rc=0   head=0xc1d0000b
ok    W392D P3 arm D0   = a CE WRITE to 0x0000009140000000 landed                              and read back 0x57455250 ⇒ the mapping accepts engine writes, so a                              GR fault at this VA indicts the GR channel's OWN page-directory                              binding (VEID/instance block), not the mapping
IOCTL   5493524us req=0xc038464e len=56    rc=0   head=0xc1d0000b
kayfabe-isolate: DOORBELL-STORE #13 host_token=0x00000009 runlist=0 chid=9 → storing 32 bits at USERMODE_NOTIFY_CHANNEL_PENDING=0x90 in the mapped usermode window
kayfabe-isolate: DOORBELL-STORE #13 host_token=0x00000009 ★★★ WROTE — the store instruction executed
IOCTL   5531275us req=0xc038464e len=56    rc=0   head=0xc1d0000b
kayfabe-isolate: DOORBELL-STORE #14 host_token=0x00010008 runlist=1 chid=8 → storing 32 bits at USERMODE_NOTIFY_CHANNEL_PENDING=0x90 in the mapped usermode window
kayfabe-isolate: DOORBELL-STORE #14 host_token=0x00010008 ★★★ WROTE — the store instruction executed
IOCTL   5567005us req=0xc038464e len=56    rc=0   head=0xc1d0000b
IOCTL   5578304us req=0xc038464e len=56    rc=0   head=0xc1d0000b
kayfabe-isolate: DOORBELL-STORE #15 host_token=0x00000009 runlist=0 chid=9 → storing 32 bits at USERMODE_NOTIFY_CHANNEL_PENDING=0x90 in the mapped usermode window
kayfabe-isolate: DOORBELL-STORE #15 host_token=0x00000009 ★★★ WROTE — the store instruction executed
IOCTL   5614915us req=0xc038464e len=56    rc=0   head=0xc1d0000b
kayfabe-isolate: DOORBELL-STORE #16 host_token=0x00010008 runlist=1 chid=8 → storing 32 bits at USERMODE_NOTIFY_CHANNEL_PENDING=0x90 in the mapped usermode window
kayfabe-isolate: DOORBELL-STORE #16 host_token=0x00010008 ★★★ WROTE — the store instruction executed
IOCTL   5650035us req=0xc038464e len=56    rc=0   head=0xc1d0000b
IOCTL   5660795us req=0xc038464e len=56    rc=0   head=0xc1d0000b
kayfabe-isolate: DOORBELL-STORE #17 host_token=0x00000009 runlist=0 chid=9 → storing 32 bits at USERMODE_NOTIFY_CHANNEL_PENDING=0x90 in the mapped usermode window
kayfabe-isolate: DOORBELL-STORE #17 host_token=0x00000009 ★★★ WROTE — the store instruction executed
IOCTL   5697386us req=0xc038464e len=56    rc=0   head=0xc1d0000b
kayfabe-isolate: DOORBELL-STORE #18 host_token=0x00010008 runlist=1 chid=8 → storing 32 bits at USERMODE_NOTIFY_CHANNEL_PENDING=0x90 in the mapped usermode window
kayfabe-isolate: DOORBELL-STORE #18 host_token=0x00010008 ★★★ WROTE — the store instruction executed
IOCTL   5732949us req=0xc038464e len=56    rc=0   head=0xc1d0000b
IOCTL   5743719us req=0xc038464e len=56    rc=0   head=0xc1d0000b
kayfabe-isolate: DOORBELL-STORE #19 host_token=0x00000009 runlist=0 chid=9 → storing 32 bits at USERMODE_NOTIFY_CHANNEL_PENDING=0x90 in the mapped usermode window
kayfabe-isolate: DOORBELL-STORE #19 host_token=0x00000009 ★★★ WROTE — the store instruction executed
IOCTL   5780796us req=0xc038464e len=56    rc=0   head=0xc1d0000b
kayfabe-isolate: DOORBELL-STORE #20 host_token=0x00010008 runlist=1 chid=8 → storing 32 bits at USERMODE_NOTIFY_CHANNEL_PENDING=0x90 in the mapped usermode window
kayfabe-isolate: DOORBELL-STORE #20 host_token=0x00010008 ★★★ WROTE — the store instruction executed
IOCTL   5815785us req=0xc038464e len=56    rc=0   head=0xc1d0000b
IOCTL   5827266us req=0x00000022 len=24    rc=0   head=0x40000000
IOCTL   5877181us req=0xc0104629 len=16    rc=0   head=0xc1d0000b
[   17.073302] NVRM: nvAssertOkFailedNoLog: Assertion failed: Call not supported [NV_ERR_NOT_SUPPORTED] (0x00000056) returned from pRmApi->Control(pRmApi, RES_GET_CLIENT_HANDLE(pKernelChannel), RES_GET_HANDLE(pKernelChannel), NVA06F_CTRL_CMD_STOP_CHANNEL, &stopChannelParams, sizeof(stopChannelParams)) @ nv_gpu_ops.c:10957
[   17.092483] NVRM: nvAssertOkFailedNoLog: Assertion failed: Call not supported [NV_ERR_NOT_SUPPORTED] (0x00000056) returned from pRmApi->Control(pRmApi, retainedChannel->session->handle, retainedChannel->rmSubDevice->subDeviceHandle, NV2080_CTRL_CMD_GPU_EVICT_CTX, &params, sizeof(params)) @ nv_gpu_ops.c:10977
IOCTL   5937651us req=0x0000001c len=28    rc=0   head=0xc752b378
IOCTL   5954949us req=0xc0104629 len=16    rc=0   head=0xc1d0000b
IOCTL   5968471us req=0xc0104629 len=16    rc=0   head=0xc1d0000b
IOCTL   6030959us req=0xc0104629 len=16    rc=0   head=0xc1d0000b
IOCTL   6048527us req=0x00000022 len=24    rc=0   head=0x40000000
IOCTL   6100641us req=0xc0104629 len=16    rc=0   head=0xc1d0000b
IOCTL   6117659us req=0x00000022 len=24    rc=0   head=0x00000000
[   17.312305] NVRM: nvAssertOkFailedNoLog: Assertion failed: Call not supported [NV_ERR_NOT_SUPPORTED] (0x00000056) returned from pRmApi->Control(pRmApi, RES_GET_CLIENT_HANDLE(pKernelChannel), RES_GET_HANDLE(pKernelChannel), NVA06F_CTRL_CMD_STOP_CHANNEL, &stopChannelParams, sizeof(stopChannelParams)) @ nv_gpu_ops.c:10957
IOCTL   6154226us req=0x0000001c len=28    rc=0   head=0xc752b378
IOCTL   6170605us req=0xc0104629 len=16    rc=0   head=0xc1d0000b
IOCTL   6183906us req=0xc0104629 len=16    rc=0   head=0xc1d0000b
IOCTL   6228812us req=0xc0104629 len=16    rc=0   head=0xc1d0000b
[   18.455372] NVRM: kgmmuClientShadowFaultBufferUnregister_IMPL: Unregistering non-replayable fault buffer failed (status=0x00000056), proceeding...
[   18.465814] NVRM: kgmmuFaultBufferReplayableDestroy_IMPL: Unregistering Replayable Fault buffer failed (status=0x00000056), proceeding...
[   18.474749] NVRM: uvmTerminateAccessCntrBuffer_IMPL: Unloading UVM Access counters failed (status=0x00000056), proceeding...
    P2 → ✔ VERIFIED over 4 round(s)
    P3 → ✔ VERIFIED over 4 round(s)
--- W392D THREADS: 4 workers, ONE shared VA space, a window each ---
IOCTL   7332660us req=0xc020462b len=32    rc=0   head=0xc1d0000b
IOCTL   7334578us req=0xc020462b len=32    rc=0   head=0xc1d0000b
IOCTL   7334614us req=0xc020462b len=32    rc=0   head=0xc1d0000b
IOCTL   7335598us req=0xc020462b len=32    rc=0   head=0xc1d0000b
IOCTL   7403376us req=0xc0404657 len=64    rc=0   head=0xc1d0000b
IOCTL   7469106us req=0xc0404657 len=64    rc=0   head=0xc1d0000b
IOCTL   7547172us req=0xc0404657 len=64    rc=0   head=0xc1d0000b
IOCTL   7621583us req=0xc0404657 len=64    rc=0   head=0xc1d0000b
IOCTL   7633179us req=0xc020462b len=32    rc=0   head=0xc1d0000b
IOCTL   7635484us req=0xc020462b len=32    rc=0   head=0xc1d0000b
IOCTL   7638309us req=0xc020462b len=32    rc=0   head=0xc1d0000b
IOCTL   7642402us req=0xc020462b len=32    rc=0   head=0xc1d0000b
IOCTL   7691341us req=0xc020462b len=32    rc=0   head=0xc1d0000b
IOCTL   7719698us req=0xc020462b len=32    rc=0   head=0xc1d0000b
IOCTL   7755216us req=0xc020462a len=32    rc=0   head=0xc1d0000b
IOCTL   7755510us req=0xc020462b len=32    rc=0   head=0xc1d0000b
IOCTL   7790754us req=0xc020462b len=32    rc=0   head=0xc1d0000b
IOCTL   7792547us req=0xc020462a len=32    rc=0   head=0xc1d0000b
IOCTL   7793287us req=0xc020462a len=32    rc=0   head=0xc1d0000b
IOCTL   7794317us req=0xc020462a len=32    rc=0   head=0xc1d0000b
IOCTL   7814840us req=0xc020462a len=32    rc=0   head=0xc1d0000b
IOCTL   7815422us req=0xc020462a len=32    rc=0   head=0xc1d0000b
IOCTL   7859630us req=0xc020462a len=32    rc=0   head=0xc1d0000b
IOCTL   7864687us req=0xc020462a len=32    rc=0   head=0xc1d0000b
IOCTL   7865232us req=0xc038464e len=56    rc=0   head=0xc1d0000b
IOCTL   7906679us req=0xc020462a len=32    rc=0   head=0xc1d0000b
IOCTL   7950040us req=0xc038464e len=56    rc=0   head=0xc1d0000b
IOCTL   7992896us req=0xc020462a len=32    rc=0   head=0xc1d0000b
IOCTL   7993538us req=0xc038464e len=56    rc=0   head=0xc1d0000b
IOCTL   7994099us req=0xc038464e len=56    rc=0   head=0xc1d0000b
IOCTL   7995748us req=0xc020462b len=32    rc=0   head=0xc1d0000b
IOCTL   8017995us req=0xc020462b len=32    rc=0   head=0xc1d0000b
IOCTL   8090735us req=0xc0404657 len=64    rc=0   head=0xc1d0000b
IOCTL   8099431us req=0xc020462a len=32    rc=0   head=0xc1d0000b
IOCTL   8100495us req=0xc020462a len=32    rc=0   head=0xc1d0000b
IOCTL   8153904us req=0xc0404657 len=64    rc=0   head=0xc1d0000b
IOCTL   8155824us req=0xc020462b len=32    rc=0   head=0xc1d0000b
IOCTL   8212744us req=0xc0404657 len=64    rc=0   head=0xc1d0000b
IOCTL   8218198us req=0xc020462b len=32    rc=0   head=0xc1d0000b
IOCTL   8283979us req=0xc0404657 len=64    rc=0   head=0xc1d0000b
IOCTL   8294677us req=0xc020462b len=32    rc=0   head=0xc1d0000b
IOCTL   8295275us req=0xc020462b len=32    rc=0   head=0xc1d0000b
IOCTL   8295907us req=0xc020462b len=32    rc=0   head=0xc1d0000b
IOCTL   8296482us req=0xc020462b len=32    rc=0   head=0xc1d0000b
IOCTL   8449674us req=0xc038464e len=56    rc=0   head=0xc1d0000b
IOCTL   8493455us req=0xc038464e len=56    rc=0   head=0xc1d0000b
IOCTL   8494008us req=0xc038464e len=56    rc=0   head=0xc1d0000b
IOCTL   8549756us req=0xc0404657 len=64    rc=0   head=0xc1d0000b
IOCTL   8550508us req=0xc038464e len=56    rc=0   head=0xc1d0000b
IOCTL   8654761us req=0xc0404657 len=64    rc=0   head=0xc1d0000b
IOCTL   8717291us req=0xc0404657 len=64    rc=0   head=0xc1d0000b
IOCTL   8717787us req=0xc038464e len=56    rc=0   head=0xc1d0000b
kayfabe-isolate: DOORBELL-STORE #21 host_token=0x00000007 runlist=0 chid=7 → storing 32 bits at USERMODE_NOTIFY_CHANNEL_PENDING=0x90 in the mapped usermode window
kayfabe-isolate: DOORBELL-STORE #21 host_token=0x00000007 ★★★ WROTE — the store instruction executed
IOCTL   8777009us req=0xc0404657 len=64    rc=0   head=0xc1d0000b
IOCTL   8880991us req=0xc038464e len=56    rc=0   head=0xc1d0000b
IOCTL   8882261us req=0xc038464e len=56    rc=0   head=0xc1d0000b
kayfabe-isolate: DOORBELL-STORE #22 host_token=0x00000004 runlist=0 chid=4 → storing 32 bits at USERMODE_NOTIFY_CHANNEL_PENDING=0x90 in the mapped usermode window
kayfabe-isolate: DOORBELL-STORE #23 host_token=0x00000006 runlist=0 chid=6 → storing 32 bits at USERMODE_NOTIFY_CHANNEL_PENDING=0x90 in the mapped usermode window
kayfabe-isolate: DOORBELL-STORE #23 host_token=0x00000006 ★★★ WROTE — the store instruction executed
IOCTL   8934984us req=0xc038464e len=56    rc=0   head=0xc1d0000b
IOCTL   8937504us req=0xc038464e len=56    rc=0   head=0xc1d0000b
IOCTL   8938153us req=0xc038464e len=56    rc=0   head=0xc1d0000b
kayfabe-isolate: DOORBELL-STORE #22 host_token=0x00000004 ★★★ WROTE — the store instruction executed
kayfabe-isolate: DOORBELL-STORE #24 host_token=0x00000005 runlist=0 chid=5 → storing 32 bits at USERMODE_NOTIFY_CHANNEL_PENDING=0x90 in the mapped usermode window
kayfabe-isolate: DOORBELL-STORE #24 host_token=0x00000005 ★★★ WROTE — the store instruction executed
IOCTL   8977159us req=0xc0304658 len=48    rc=0   head=0xc1d0000b
IOCTL   9001297us req=0xc0304658 len=48    rc=0   head=0xc1d0000b
IOCTL   9002439us req=0xc038464e len=56    rc=0   head=0xc1d0000b
IOCTL   9025919us req=0xc0304658 len=48    rc=0   head=0xc1d0000b
IOCTL   9072518us req=0xc038464e len=56    rc=0   head=0xc1d0000b
IOCTL   9072520us req=0xc0104629 len=16    rc=0   head=0xc1d0000b
IOCTL   9110842us req=0xc0104629 len=16    rc=0   head=0xc1d0000b
IOCTL   9115175us req=0xc020462b len=32    rc=0   head=0xc1d0000b
IOCTL   9150815us req=0xc0104629 len=16    rc=0   head=0xc1d0000b
IOCTL   9151506us req=0xc020462b len=32    rc=0   head=0xc1d0000b
IOCTL   9200305us req=0xc020462b len=32    rc=0   head=0xc1d0000b
IOCTL   9274107us req=0xc0304658 len=48    rc=0   head=0xc1d0000b
IOCTL   9275234us req=0xc038464e len=56    rc=0   head=0xc1d0000b
IOCTL   9275246us req=0xc038464e len=56    rc=0   head=0xc1d0000b
IOCTL   9362369us req=0xc0104629 len=16    rc=0   head=0xc1d0000b
IOCTL   9429968us req=0xc0404657 len=64    rc=0   head=0xc1d0000b
IOCTL   9496713us req=0xc0404657 len=64    rc=0   head=0xc1d0000b
IOCTL   9502260us req=0xc038464e len=56    rc=0   head=0xc1d0000b
IOCTL   9502689us req=0xc038464e len=56    rc=0   head=0xc1d0000b
IOCTL   9504420us req=0xc020462b len=32    rc=0   head=0xc1d0000b
IOCTL   9504921us req=0xc038464e len=56    rc=0   head=0xc1d0000b
kayfabe-isolate: DOORBELL-STORE #25 host_token=0x00000007 runlist=0 chid=7 → storing 32 bits at USERMODE_NOTIFY_CHANNEL_PENDING=0x90 in the mapped usermode window
kayfabe-isolate: DOORBELL-STORE #26 host_token=0x00000005 runlist=0 chid=5 → storing 32 bits at USERMODE_NOTIFY_CHANNEL_PENDING=0x90 in the mapped usermode window
kayfabe-isolate: DOORBELL-STORE #26 host_token=0x00000005 ★★★ WROTE — the store instruction executed
IOCTL   9572296us req=0xc038464e len=56    rc=0   head=0xc1d0000b
kayfabe-isolate: DOORBELL-STORE #25 host_token=0x00000007 ★★★ WROTE — the store instruction executed
IOCTL   9634420us req=0xc0404657 len=64    rc=0   head=0xc1d0000b
IOCTL   9707564us req=0xc0404657 len=64    rc=0   head=0xc1d0000b
IOCTL   9709330us req=0xc038464e len=56    rc=0   head=0xc1d0000b
IOCTL   9709812us req=0xc038464e len=56    rc=0   head=0xc1d0000b
kayfabe-isolate: DOORBELL-STORE #27 host_token=0x00000004 runlist=0 chid=4 → storing 32 bits at USERMODE_NOTIFY_CHANNEL_PENDING=0x90 in the mapped usermode window
kayfabe-isolate: DOORBELL-STORE #27 host_token=0x00000004 ★★★ WROTE — the store instruction executed
IOCTL   9733123us req=0xc0304658 len=48    rc=0   head=0xc1d0000b
IOCTL   9734215us req=0xc038464e len=56    rc=0   head=0xc1d0000b
kayfabe-isolate: DOORBELL-STORE #28 host_token=0x00000006 runlist=0 chid=6 → storing 32 bits at USERMODE_NOTIFY_CHANNEL_PENDING=0x90 in the mapped usermode window
IOCTL   9735321us req=0xc038464e len=56    rc=0   head=0xc1d0000b
kayfabe-isolate: DOORBELL-STORE #28 host_token=0x00000006 ★★★ WROTE — the store instruction executed
IOCTL   9778304us req=0xc0304658 len=48    rc=0   head=0xc1d0000b
IOCTL   9783371us req=0xc038464e len=56    rc=0   head=0xc1d0000b
IOCTL   9825597us req=0xc0104629 len=16    rc=0   head=0xc1d0000b
IOCTL   9855279us req=0xc0304658 len=48    rc=0   head=0xc1d0000b
IOCTL   9856271us req=0xc038464e len=56    rc=0   head=0xc1d0000b
IOCTL   9902139us req=0xc0104629 len=16    rc=0   head=0xc1d0000b
IOCTL   9928181us req=0xc0304658 len=48    rc=0   head=0xc1d0000b
IOCTL   9929666us req=0xc020462b len=32    rc=0   head=0xc1d0000b
IOCTL   9978337us req=0xc0104629 len=16    rc=0   head=0xc1d0000b
IOCTL   9978715us req=0xc020462b len=32    rc=0   head=0xc1d0000b
IOCTL  10019837us req=0xc0104629 len=16    rc=0   head=0xc1d0000b
IOCTL  10025439us req=0xc020462b len=32    rc=0   head=0xc1d0000b
IOCTL  10116793us req=0xc038464e len=56    rc=0   head=0xc1d0000b
IOCTL  10117447us req=0xc020462b len=32    rc=0   head=0xc1d0000b
IOCTL  10118825us req=0xc038464e len=56    rc=0   head=0xc1d0000b
IOCTL  10183116us req=0xc0404657 len=64    rc=0   head=0xc1d0000b
IOCTL  10354340us req=0xc0404657 len=64    rc=0   head=0xc1d0000b
IOCTL  10359414us req=0xc038464e len=56    rc=0   head=0xc1d0000b
IOCTL  10361090us req=0xc038464e len=56    rc=0   head=0xc1d0000b
IOCTL  10361097us req=0xc038464e len=56    rc=0   head=0xc1d0000b
IOCTL  10361641us req=0xc038464e len=56    rc=0   head=0xc1d0000b
kayfabe-isolate: DOORBELL-STORE #29 host_token=0x00000005 runlist=0 chid=5 → storing 32 bits at USERMODE_NOTIFY_CHANNEL_PENDING=0x90 in the mapped usermode window
kayfabe-isolate: DOORBELL-STORE #30 host_token=0x00000004 runlist=0 chid=4 → storing 32 bits at USERMODE_NOTIFY_CHANNEL_PENDING=0x90 in the mapped usermode window
kayfabe-isolate: DOORBELL-STORE #29 host_token=0x00000005 ★★★ WROTE — the store instruction executed
kayfabe-isolate: DOORBELL-STORE #30 host_token=0x00000004 ★★★ WROTE — the store instruction executed
IOCTL  10473674us req=0xc0404657 len=64    rc=0   head=0xc1d0000b
IOCTL  10542359us req=0xc0404657 len=64    rc=0   head=0xc1d0000b
IOCTL  10548033us req=0xc038464e len=56    rc=0   head=0xc1d0000b
IOCTL  10549530us req=0xc038464e len=56    rc=0   head=0xc1d0000b
IOCTL  10550743us req=0xc038464e len=56    rc=0   head=0xc1d0000b
IOCTL  10551377us req=0xc038464e len=56    rc=0   head=0xc1d0000b
kayfabe-isolate: DOORBELL-STORE #32 host_token=0x00000007 runlist=0 chid=7 → storing 32 bits at USERMODE_NOTIFY_CHANNEL_PENDING=0x90 in the mapped usermode window
kayfabe-isolate: DOORBELL-STORE #32 host_token=0x00000007 ★★★ WROTE — the store instruction executed
IOCTL  10587620us req=0xc0304658 len=48    rc=0   head=0xc1d0000b
kayfabe-isolate: DOORBELL-STORE #31 host_token=0x00000006 runlist=0 chid=6 → storing 32 bits at USERMODE_NOTIFY_CHANNEL_PENDING=0x90 in the mapped usermode window
kayfabe-isolate: DOORBELL-STORE #31 host_token=0x00000006 ★★★ WROTE — the store instruction executed
IOCTL  10610377us req=0xc0304658 len=48    rc=0   head=0xc1d0000b
IOCTL  10648393us req=0xc0104629 len=16    rc=0   head=0xc1d0000b
IOCTL  10654131us req=0xc038464e len=56    rc=0   head=0xc1d0000b
IOCTL  10655338us req=0xc020462b len=32    rc=0   head=0xc1d0000b
IOCTL  10693637us req=0xc0104629 len=16    rc=0   head=0xc1d0000b
IOCTL  10765981us req=0xc0304658 len=48    rc=0   head=0xc1d0000b
IOCTL  10766963us req=0xc020462b len=32    rc=0   head=0xc1d0000b
IOCTL  10767544us req=0xc038464e len=56    rc=0   head=0xc1d0000b
IOCTL  10768267us req=0xc038464e len=56    rc=0   head=0xc1d0000b
IOCTL  10827280us req=0xc0104629 len=16    rc=0   head=0xc1d0000b
IOCTL  10891187us req=0xc0404657 len=64    rc=0   head=0xc1d0000b
IOCTL  10943256us req=0xc020462b len=32    rc=0   head=0xc1d0000b
IOCTL  10966662us req=0xc038464e len=56    rc=0   head=0xc1d0000b
IOCTL  10967409us req=0xc0304658 len=48    rc=0   head=0xc1d0000b
IOCTL  11019938us req=0xc038464e len=56    rc=0   head=0xc1d0000b
kayfabe-isolate: DOORBELL-STORE #33 host_token=0x00000005 runlist=0 chid=5 → storing 32 bits at USERMODE_NOTIFY_CHANNEL_PENDING=0x90 in the mapped usermode window
kayfabe-isolate: DOORBELL-STORE #33 host_token=0x00000005 ★★★ WROTE — the store instruction executed
IOCTL  11062107us req=0xc0104629 len=16    rc=0   head=0xc1d0000b
IOCTL  11131798us req=0xc0404657 len=64    rc=0   head=0xc1d0000b
IOCTL  11132724us req=0xc020462b len=32    rc=0   head=0xc1d0000b
IOCTL  11141260us req=0xc038464e len=56    rc=0   head=0xc1d0000b
IOCTL  11256609us req=0xc0404657 len=64    rc=0   head=0xc1d0000b
IOCTL  11257187us req=0xc038464e len=56    rc=0   head=0xc1d0000b
IOCTL  11257654us req=0xc038464e len=56    rc=0   head=0xc1d0000b
IOCTL  11258248us req=0xc038464e len=56    rc=0   head=0xc1d0000b
kayfabe-isolate: DOORBELL-STORE #34 host_token=0x00000004 runlist=0 chid=4 → storing 32 bits at USERMODE_NOTIFY_CHANNEL_PENDING=0x90 in the mapped usermode window
kayfabe-isolate: DOORBELL-STORE #34 host_token=0x00000004 ★★★ WROTE — the store instruction executed
IOCTL  11345795us req=0xc0404657 len=64    rc=0   head=0xc1d0000b
IOCTL  11370379us req=0xc0304658 len=48    rc=0   head=0xc1d0000b
IOCTL  11371384us req=0xc038464e len=56    rc=0   head=0xc1d0000b
kayfabe-isolate: DOORBELL-STORE #35 host_token=0x00000006 runlist=0 chid=6 → storing 32 bits at USERMODE_NOTIFY_CHANNEL_PENDING=0x90 in the mapped usermode window
kayfabe-isolate: DOORBELL-STORE #35 host_token=0x00000006 ★★★ WROTE — the store instruction executed
IOCTL  11387665us req=0xc038464e len=56    rc=0   head=0xc1d0000b
IOCTL  11418264us req=0xc0304658 len=48    rc=0   head=0xc1d0000b
IOCTL  11423039us req=0xc038464e len=56    rc=0   head=0xc1d0000b
kayfabe-isolate: DOORBELL-STORE #36 host_token=0x00000007 runlist=0 chid=7 → storing 32 bits at USERMODE_NOTIFY_CHANNEL_PENDING=0x90 in the mapped usermode window
kayfabe-isolate: DOORBELL-STORE #36 host_token=0x00000007 ★★★ WROTE — the store instruction executed
IOCTL  11464227us req=0xc038464e len=56    rc=0   head=0xc1d0000b
IOCTL  11463586us req=0xc0104629 len=16    rc=0   head=0xc1d0000b
IOCTL  11503677us req=0xc0104629 len=16    rc=0   head=0xc1d0000b
IOCTL  11511006us req=0xc020462b len=32    rc=0   head=0xc1d0000b
IOCTL  11511856us req=0xc020462b len=32    rc=0   head=0xc1d0000b
IOCTL  11508550us req=0xc020462b len=32    rc=0   head=0xc1d0000b
IOCTL  11566709us req=0xc038464e len=56    rc=0   head=0xc1d0000b
IOCTL  11567519us req=0xc020462b len=32    rc=0   head=0xc1d0000b
IOCTL  11638463us req=0xc0304658 len=48    rc=0   head=0xc1d0000b
IOCTL  11681369us req=0xc0104629 len=16    rc=0   head=0xc1d0000b
IOCTL  11688211us req=0xc038464e len=56    rc=0   head=0xc1d0000b
IOCTL  11734130us req=0xc020462b len=32    rc=0   head=0xc1d0000b
IOCTL  11739632us req=0xc038464e len=56    rc=0   head=0xc1d0000b
IOCTL  11763427us req=0xc0304658 len=48    rc=0   head=0xc1d0000b
IOCTL  11764270us req=0xc038464e len=56    rc=0   head=0xc1d0000b
IOCTL  11764843us req=0xc020462b len=32    rc=0   head=0xc1d0000b
IOCTL  11887668us req=0xc0404657 len=64    rc=0   head=0xc1d0000b
IOCTL  11928281us req=0xc0104629 len=16    rc=0   head=0xc1d0000b
IOCTL  11982637us req=0xc038464e len=56    rc=0   head=0xc1d0000b
IOCTL  11983234us req=0xc038464e len=56    rc=0   head=0xc1d0000b
IOCTL  11984735us req=0xc020462b len=32    rc=0   head=0xc1d0000b
IOCTL  12058037us req=0xc0404657 len=64    rc=0   head=0xc1d0000b
IOCTL  12112934us req=0xc038464e len=56    rc=0   head=0xc1d0000b
IOCTL  12117781us req=0xc038464e len=56    rc=0   head=0xc1d0000b
kayfabe-isolate: DOORBELL-STORE #37 host_token=0x00000005 runlist=0 chid=5 → storing 32 bits at USERMODE_NOTIFY_CHANNEL_PENDING=0x90 in the mapped usermode window
kayfabe-isolate: DOORBELL-STORE #37 host_token=0x00000005 ★★★ WROTE — the store instruction executed
IOCTL  12183500us req=0xc0404657 len=64    rc=0   head=0xc1d0000b
IOCTL  12184184us req=0xc020462b len=32    rc=0   head=0xc1d0000b
IOCTL  12185246us req=0xc038464e len=56    rc=0   head=0xc1d0000b
kayfabe-isolate: DOORBELL-STORE #38 host_token=0x00000004 runlist=0 chid=4 → storing 32 bits at USERMODE_NOTIFY_CHANNEL_PENDING=0x90 in the mapped usermode window
kayfabe-isolate: DOORBELL-STORE #38 host_token=0x00000004 ★★★ WROTE — the store instruction executed
IOCTL  12234769us req=0xc038464e len=56    rc=0   head=0xc1d0000b
IOCTL  12239632us req=0xc038464e len=56    rc=0   head=0xc1d0000b
IOCTL  12240775us req=0xc038464e len=56    rc=0   head=0xc1d0000b
IOCTL  12241393us req=0xc038464e len=56    rc=0   head=0xc1d0000b
kayfabe-isolate: DOORBELL-STORE #39 host_token=0x00000006 runlist=0 chid=6 → storing 32 bits at USERMODE_NOTIFY_CHANNEL_PENDING=0x90 in the mapped usermode window
kayfabe-isolate: DOORBELL-STORE #39 host_token=0x00000006 ★★★ WROTE — the store instruction executed
IOCTL  12317456us req=0xc0304658 len=48    rc=0   head=0xc1d0000b
IOCTL  12344773us req=0xc0304658 len=48    rc=0   head=0xc1d0000b
IOCTL  12345338us req=0xc038464e len=56    rc=0   head=0xc1d0000b
IOCTL  12346412us req=0xc038464e len=56    rc=0   head=0xc1d0000b
IOCTL  12416469us req=0xc0404657 len=64    rc=0   head=0xc1d0000b
IOCTL  12491229us req=0xc0404657 len=64    rc=0   head=0xc1d0000b
IOCTL  12558956us req=0xc0404657 len=64    rc=0   head=0xc1d0000b
IOCTL  12585748us req=0xc0304658 len=48    rc=0   head=0xc1d0000b
IOCTL  12651273us req=0xc0404657 len=64    rc=0   head=0xc1d0000b
IOCTL  12657661us req=0xc038464e len=56    rc=0   head=0xc1d0000b
kayfabe-isolate: DOORBELL-STORE #40 host_token=0x00000004 runlist=0 chid=4 → storing 32 bits at USERMODE_NOTIFY_CHANNEL_PENDING=0x90 in the mapped usermode window
kayfabe-isolate: DOORBELL-STORE #40 host_token=0x00000004 ★★★ WROTE — the store instruction executed
IOCTL  12659334us req=0xc038464e len=56    rc=0   head=0xc1d0000b
IOCTL  12658178us req=0xc038464e len=56    rc=0   head=0xc1d0000b
IOCTL  12658668us req=0xc038464e len=56    rc=0   head=0xc1d0000b
kayfabe-isolate: DOORBELL-STORE #41 host_token=0x00000005 runlist=0 chid=5 → storing 32 bits at USERMODE_NOTIFY_CHANNEL_PENDING=0x90 in the mapped usermode window
kayfabe-isolate: DOORBELL-STORE #42 host_token=0x00000006 runlist=0 chid=6 → storing 32 bits at USERMODE_NOTIFY_CHANNEL_PENDING=0x90 in the mapped usermode window
kayfabe-isolate: DOORBELL-STORE #41 host_token=0x00000005 ★★★ WROTE — the store instruction executed
kayfabe-isolate: DOORBELL-STORE #43 host_token=0x00000007 runlist=0 chid=7 → storing 32 bits at USERMODE_NOTIFY_CHANNEL_PENDING=0x90 in the mapped usermode window
kayfabe-isolate: DOORBELL-STORE #42 host_token=0x00000006 ★★★ WROTE — the store instruction executed
kayfabe-isolate: DOORBELL-STORE #43 host_token=0x00000007 ★★★ WROTE — the store instruction executed
IOCTL  12776839us req=0xc038464e len=56    rc=0   head=0xc1d0000b
IOCTL  12777362us req=0xc038464e len=56    rc=0   head=0xc1d0000b
IOCTL  12778475us req=0xc038464e len=56    rc=0   head=0xc1d0000b
IOCTL  12778996us req=0xc038464e len=56    rc=0   head=0xc1d0000b
IOCTL  12817196us req=0xc0304658 len=48    rc=0   head=0xc1d0000b
IOCTL  12845219us req=0xc0304658 len=48    rc=0   head=0xc1d0000b
IOCTL  12871215us req=0xc0304658 len=48    rc=0   head=0xc1d0000b
IOCTL  12919777us req=0xc0104629 len=16    rc=0   head=0xc1d0000b
IOCTL  12948547us req=0xc0304658 len=48    rc=0   head=0xc1d0000b
IOCTL  13001739us req=0xc0104629 len=16    rc=0   head=0xc1d0000b
IOCTL  13082916us req=0xc0404657 len=64    rc=0   head=0xc1d0000b
IOCTL  13127511us req=0xc0104629 len=16    rc=0   head=0xc1d0000b
IOCTL  13171981us req=0xc0104629 len=16    rc=0   head=0xc1d0000b
IOCTL  13213256us req=0xc0104629 len=16    rc=0   head=0xc1d0000b
IOCTL  13213614us req=0xc038464e len=56    rc=0   head=0xc1d0000b
kayfabe-isolate: DOORBELL-STORE #44 host_token=0x00000007 runlist=0 chid=7 → storing 32 bits at USERMODE_NOTIFY_CHANNEL_PENDING=0x90 in the mapped usermode window
kayfabe-isolate: DOORBELL-STORE #44 host_token=0x00000007 ★★★ WROTE — the store instruction executed
IOCTL  13267308us req=0xc0304658 len=48    rc=0   head=0xc1d0000b
IOCTL  13278517us req=0xc0104629 len=16    rc=0   head=0xc1d0000b
IOCTL  13303188us req=0xc0304658 len=48    rc=0   head=0xc1d0000b
IOCTL  13304033us req=0xc038464e len=56    rc=0   head=0xc1d0000b
IOCTL  13327276us req=0xc0304658 len=48    rc=0   head=0xc1d0000b
IOCTL  13347865us req=0xc0304658 len=48    rc=0   head=0xc1d0000b
IOCTL  13395571us req=0xc0104629 len=16    rc=0   head=0xc1d0000b
IOCTL  13432001us req=0xc0104629 len=16    rc=0   head=0xc1d0000b
IOCTL  13474390us req=0xc0104629 len=16    rc=0   head=0xc1d0000b
IOCTL  13481856us req=0xc0104629 len=16    rc=0   head=0xc1d0000b
IOCTL  13527615us req=0xc0104629 len=16    rc=0   head=0xc1d0000b
IOCTL  13555302us req=0xc0304658 len=48    rc=0   head=0xc1d0000b
IOCTL  13558517us req=0xc0104629 len=16    rc=0   head=0xc1d0000b
IOCTL  13560239us req=0xc0104629 len=16    rc=0   head=0xc1d0000b
IOCTL  13602986us req=0xc0104629 len=16    rc=0   head=0xc1d0000b
IOCTL  13610137us req=0xc0104629 len=16    rc=0   head=0xc1d0000b
IOCTL  13628270us req=0xc0304658 len=48    rc=0   head=0xc1d0000b
IOCTL  13647518us req=0xc0304658 len=48    rc=0   head=0xc1d0000b
IOCTL  13650625us req=0xc0104629 len=16    rc=0   head=0xc1d0000b
IOCTL  13692728us req=0xc0104629 len=16    rc=0   head=0xc1d0000b
IOCTL  13711694us req=0xc0304658 len=48    rc=0   head=0xc1d0000b
IOCTL  13749393us req=0xc0104629 len=16    rc=0   head=0xc1d0000b
IOCTL  13790484us req=0xc0104629 len=16    rc=0   head=0xc1d0000b
IOCTL  13792786us req=0xc0104629 len=16    rc=0   head=0xc1d0000b
IOCTL  13818679us req=0xc0304658 len=48    rc=0   head=0xc1d0000b
IOCTL  13822993us req=0xc0104629 len=16    rc=0   head=0xc1d0000b
IOCTL  13866016us req=0xc0104629 len=16    rc=0   head=0xc1d0000b
IOCTL  13874977us req=0xc0104629 len=16    rc=0   head=0xc1d0000b
IOCTL  13927319us req=0xc0104629 len=16    rc=0   head=0xc1d0000b
    THREADS → 4/4 clean, 6 overlapping pair(s) of graded intervals
IOCTL  13966590us req=0xc0304658 len=48    rc=0   head=0xc1d0000b
IOCTL  14006468us req=0xc0104629 len=16    rc=0   head=0xc1d0000b
IOCTL  14017354us req=0xc0104629 len=16    rc=0   head=0xc1d0000b
IOCTL  14036164us req=0xc0304658 len=48    rc=0   head=0xc1d0000b
IOCTL  14039611us req=0xc0104629 len=16    rc=0   head=0xc1d0000b
IOCTL  14082761us req=0xc0104629 len=16    rc=0   head=0xc1d0000b
[   25.286625] NVRM: rpcRmApiFree_GSP: GspRmFree failed: hClient=0xc1d0000b; hObject=0xcafe0005; paramsStatus=0x00000000; status=0x00000056
[   25.298360] NVRM: nvAssertFailedNoLog: Assertion failed: (status == NV_OK) || (status == NV_ERR_GPU_IN_FULLCHIP_RESET) @ mem.c:180
IOCTL  14130325us req=0xc0104629 len=16    rc=0   head=0xc1d0000b
IOCTL  14145800us req=0xc0104629 len=16    rc=0   head=0xc1d0000b
=== ★★★★★ w392d LEDGER — every row must be ✔ for a PASS ===
    P1 rm-invalidate  ✔ VERIFIED over 4 round(s)
    P2 uvm-memop      ✔ VERIFIED over 4 round(s)
    P3 rpc-bind       ✔ VERIFIED over 4 round(s)
    STALE RACE        ✔ VERIFIED over 2 round(s)
    THREADS           4 of 4 verified ✔
    W392D_OUTCOME=(P) ★★★★★ PASS — all three paths content-verified,
        the stale-mapping race came out right, and it was concurrent.
info  W392D falsifier    = NOT RUN (pass --mean-falsify). ⊘ The ledger's ✔ rows are therefore un-negative-controlled ON THIS RUN
done — w392d mean client only
[   25.690689] NVRM: rpcRmApiFree_GSP: GspRmFree failed: hClient=0xc1d0000a; hObject=0xcaf00002; paramsStatus=0x00000000; status=0x00000056
[   25.699558] NVRM: nvAssertFailedNoLog: Assertion failed: (status == NV_OK) || (status == NV_ERR_GPU_IN_FULLCHIP_RESET) @ rs_client.c:844
[   25.707717] NVRM: nvAssertFailedNoLog: Assertion failed: (status == NV_OK) || (status == NV_ERR_GPU_IN_FULLCHIP_RESET) @ rs_server.c:259
[   25.715903] NVRM: nvAssertFailedNoLog: Assertion failed: (status == NV_OK) || (status == NV_ERR_GPU_IN_FULLCHIP_RESET) @ rs_server.c:1375
[   25.727272] NVRM: nvAssertFailedNoLog: Assertion failed: (status == NV_OK) || (status == NV_ERR_GPU_IN_FULLCHIP_RESET) @ fecs_event_list.c:1623
[   25.825164] NVRM: nvCheckOkFailedNoLog: Check failed: Call not supported [NV_ERR_NOT_SUPPORTED] (0x00000056) returned from pRmApi->Control(pRmApi, pGpu->hInternalClient, pGpu->hInternalSubdevice, NV2080_CTRL_CMD_INTERNAL_INIT_USER_SHARED_DATA, &params, sizeof(params)) @ gpu_user_shared_data.c:213
[   29.689360] NVRM: _threadNodeCheckTimeout: _threadNodeCheckTimeout: currentTime: f4200f2681340 >= f4200f2681340
[   29.689366] NVRM: _threadNodeCheckTimeout: _threadNodeCheckTimeout: Timeout was set to: 4000 msecs!
FASTGUEST: client rc=0 at 29.66s
FASTGUEST: DONE
[   29.865797] reboot: Power down
