[    0.000000] Linux version 6.8.0-59-generic (buildd@lcy02-amd64-117) (x86_64-linux-gnu-gcc-12 (Ubuntu 12.3.0-1ubuntu1~22.04) 12.3.0, GNU ld (GNU Binutils for Ubuntu) 2.38) #61~22.04.1-Ubuntu SMP PREEMPT_DYNAMIC Tue Apr 15 17:03:15 UTC 2 (Ubuntu 6.8.0-59.61~22.04.1-generic 6.8.12)
[    0.302264] Kernel command line: console=ttyS0 panic=1 loglevel=6 KF_ARMS=--gpu-info-sweep,--probe-launch-dma KF_IOCTL_TRACE=verbose KF_BUDGET_S=60
[    0.302343] Unknown kernel command line parameters "KF_ARMS=--gpu-info-sweep,--probe-launch-dma KF_IOCTL_TRACE=verbose KF_BUDGET_S=60", will be passed to user space.
[    0.302352] random: crng init done
[    0.638485] audit: type=2000 audit(1789829767.196:1): state=initialized audit_enabled=0 res=1
[    0.893945] SCSI subsystem initialized
[    2.527498] VFS: Disk quotas dquot_6.6.0
[    2.663727] Initialise system trusted keyrings
[    2.669216] Key type blacklist registered
[    2.686224] integrity: Platform Keyring initialized
[    2.697512] integrity: Machine keyring initialized
[    2.739475] Key type asymmetric registered
[    2.748569] Asymmetric key parser 'x509' registered
[    2.875452] device-mapper: core: CONFIG_IMA_DISABLE_HTABLE is disabled. Duplicate IMA measurements will not be recorded in the IMA log.
[    2.891350] platform eisa.0: EISA: Cannot allocate resource for mainboard
[    2.899983] platform eisa.0: Cannot allocate resource for EISA slot 1
[    2.908388] platform eisa.0: Cannot allocate resource for EISA slot 2
[    2.916563] platform eisa.0: Cannot allocate resource for EISA slot 3
[    2.924766] platform eisa.0: Cannot allocate resource for EISA slot 4
[    2.933019] platform eisa.0: Cannot allocate resource for EISA slot 5
[    2.941456] platform eisa.0: Cannot allocate resource for EISA slot 6
[    2.949746] platform eisa.0: Cannot allocate resource for EISA slot 7
[    2.957768] platform eisa.0: Cannot allocate resource for EISA slot 8
[    7.199098] Key type dns_resolver registered
[    7.222109] Loading compiled-in X.509 certificates
[    7.232191] Loaded X.509 cert 'Build time autogenerated kernel key: 3fa2747ce20c90997bcade15a1cad09daa978788'
[    7.246325] Loaded X.509 cert 'Canonical Ltd. Live Patch Signing: 14df34d1a87cf37625abec039ef2bf521249b969'
[    7.260868] Loaded X.509 cert 'Canonical Ltd. Kernel Module Signing: 88f752e560a1e0737e31163a466ad7b70a850c19'
[    7.275189] blacklist: Loading compiled-in revocation X.509 certificates
[    7.284302] Loaded X.509 cert 'Canonical Ltd. Secure Boot Signing: 61482aa2830d0ab2ad5af10b7250da9033ddcef0'
[    7.298360] Loaded X.509 cert 'Canonical Ltd. Secure Boot Signing (2017): 242ade75ac4a15e50d50c84b0d45ff3eae707a03'
[    7.312553] Loaded X.509 cert 'Canonical Ltd. Secure Boot Signing (ESM 2018): 365188c1d374d6b07c3c8f240f8ef722433d6a8b'
[    7.327250] Loaded X.509 cert 'Canonical Ltd. Secure Boot Signing (2019): c0746fd6c5da3ae827864651ad66ae47fe24b3e8'
[    7.342745] Loaded X.509 cert 'Canonical Ltd. Secure Boot Signing (2021 v1): a8d54bbb3825cfb94fa13c9f8a594a195c107b8d'
[    7.357102] Loaded X.509 cert 'Canonical Ltd. Secure Boot Signing (2021 v2): 4cf046892d6fd3c9a5b03f98d845f90851dc6a8c'
[    7.371746] Loaded X.509 cert 'Canonical Ltd. Secure Boot Signing (2021 v3): 100437bb6de6e469b581e61cd66bce3ef4ed53af'
[    7.387280] Loaded X.509 cert 'Canonical Ltd. Secure Boot Signing (Ubuntu Core 2019): c1d57b8f6b743f23ee41f4f7ee292f06eecadfb9'
[    7.423444] Key type .fscrypt registered
[    7.428174] Key type fscrypt-provisioning registered
[    7.445799] Key type encrypted registered
[    7.450899] Loading compiled-in module X.509 certificates
[    7.457464] Loaded X.509 cert 'Build time autogenerated kernel key: 3fa2747ce20c90997bcade15a1cad09daa978788'
[    7.489064] Unstable clock detected, switching default tracing clock to "global"
[    7.489064] If you want to keep using the local clock, then add:
[    7.489064]   "trace_clock=local"
[    7.489064] on the kernel command line
FASTGUEST: up 7.49s
FASTGUEST: insmod ecc.ko ok
[    7.788301] nvidia: loading out-of-tree module taints kernel.
[    7.794226] nvidia: module verification failed: signature and/or required key missing - tainting kernel
[    7.930841] 
[    7.945049] NVRM: loading NVIDIA UNIX Open Kernel Module for x86_64  580.159.04  Release Build  (dvs-builder@U22-I3-AF04-09-6)  Wed Apr 29 17:15:53 UTC 2026
FASTGUEST: insmod nvidia.ko ok
FASTGUEST: insmod nvidia-uvm.ko ok
FASTGUEST: insmod wmi.ko ok
FASTGUEST: insmod video.ko ok
FASTGUEST: insmod nvidia-modeset.ko ok
FASTGUEST: nodes /dev/nvidia-caps/nvidia-cap1 /dev/nvidia-uvm /dev/nvidia-uvm-tools /dev/nvidia0 /dev/nvidiactl  /dev/nvidia-caps: nvidia-cap1 
FASTGUEST: ready 7.98s
FASTGUEST: arms --gpu-info-sweep --probe-launch-dma  deadline 49s (budget 60s, 8s already spent booting)
info  RMLADDER DEADLINE = armed (KF_SELF_DEADLINE_MS)
info  RMLADDER ARGV     = [--gpu 0 --gpu-info-sweep --probe-launch-dma]
[   10.000453] NVRM: nvAssertOkFailedNoLog: Assertion failed: Call not supported [NV_ERR_NOT_SUPPORTED] (0x00000056) returned from pRmApi->Control(pRmApi, pGpu->hInternalClient, pGpu->hInternalSubdevice, NV2080_CTRL_CMD_INTERNAL_INIT_USER_SHARED_DATA, &params, sizeof(params)) @ gpu_user_shared_data.c:233
[   10.017363] NVRM: nvAssertOkFailedNoLog: Assertion failed: Call not supported [NV_ERR_NOT_SUPPORTED] (0x00000056) returned from pRmApi->Control(pRmApi, pGpu->hInternalClient, pGpu->hInternalSubdevice, NV2080_CTRL_CMD_INTERNAL_USER_SHARED_DATA_SET_DATA_POLL, &params, sizeof(params)) @ gpu_user_shared_data.c:268
[   10.099765] NVRM: kperfGpuBoostSyncStateInit_IMPL: Failed to read Sync Gpu Boost init state, status=0x56
[   10.110455] NVRM: kperfGpuBoostSyncStateInit_IMPL: Failed to read Sync Gpu Boost init state, status=0x56
[   10.116822] NVRM: nvAssertOkFailedNoLog: Assertion failed: Call not supported [NV_ERR_NOT_SUPPORTED] (0x00000056) returned from pRmApi->Control(pRmApi, pGpu->hInternalClient, pGpu->hInternalSubdevice, NV2080_CTRL_CMD_INTERNAL_CE_GET_PCE_CONFIG_FOR_LCE_TYPE, &pceConfigParams, sizeof(pceConfigParams)) @ kernel_ce.c:1020
[   10.134578] NVRM: nvAssertOkFailedNoLog: Assertion failed: Call not supported [NV_ERR_NOT_SUPPORTED] (0x00000056) returned from kceGetPceConfigForLceType(pGpu, pKCe, NV2080_CTRL_CE_LCE_TYPE_DECOMP, &numPcesPerLce, &numLces, &supportedPceMask, &supportedLceMask, &pcesPerHshub) @ kernel_ce_gp100.c:62
[   10.875414] NVRM: rpcRmApiAlloc_GSP: GspRmAlloc failed: hClient=0xc1d00009; hParent=0x31415903; hObject=0x3141590f; hClass=0x00000070; paramsSize=0x00000018; paramsStatus=0x00000000; status=0x00000056
[   10.961098] NVRM: rpcRmApiAlloc_GSP: GspRmAlloc failed: hClient=0xc1d00009; hParent=0x31415903; hObject=0x31415900; hClass=0x0000c36f; paramsSize=0x00000170; paramsStatus=0x00000000; status=0x00000056
[   11.144051] NVRM: nvCheckOkFailedNoLog: Check failed: Call not supported [NV_ERR_NOT_SUPPORTED] (0x00000056) returned from kgrobjPromoteContext(pGpu, pKernelGraphicsObject, pKernelGraphics) @ kernel_graphics_object.c:224
[   11.170627] NVRM: nvAssertFailedNoLog: Assertion failed: status == NV_OK @ kernel_rc_watchdog.c:1198
[   11.179973] NVRM: rpcRmApiFree_GSP: GspRmFree failed: hClient=0xc1d00009; hObject=0x31415900; paramsStatus=0x00000000; status=0x00000056
[   11.218607] NVRM: vaListDestroy: non-zero mapCount(pVaList): 0x1
[   11.223114] NVRM: vaListDestroy: non-zero mapCount(pVaList): 0x1
[   11.227517] NVRM: vaListDestroy: non-zero mapCount(pVaList): 0x1
[   11.232021] NVRM: vaListDestroy: non-zero mapCount(pVaList): 0x1
[   11.271527] NVRM: rpcRmApiFree_GSP: GspRmFree failed: hClient=0xc1d00009; hObject=0x3141590f; paramsStatus=0x00000000; status=0x00000056
[   11.280350] NVRM: nvAssertFailedNoLog: Assertion failed: (status == NV_OK) || (status == NV_ERR_GPU_IN_FULLCHIP_RESET) @ mem.c:180
[   11.335048] NVRM: rpcRmApiAlloc_GSP: GspRmAlloc failed: hClient=0xc1d0000a; hParent=0xcaf00001; hObject=0xcaf00002; hClass=0x0000402c; paramsSize=0x00000000; paramsStatus=0x00000000; status=0x00000056
IOCTL         0us req=0xc04846d2 len=72    rc=0   head=0x00000032
IOCTL      7971us req=0xc00446c9 len=4     rc=0   head=0x00000004
IOCTL      9152us req=0xc020462b len=32    rc=0   head=0x00000000
IOCTL     18890us req=0xc020462b len=32    rc=0   head=0xc1d0000b
IOCTL     20098us req=0xc020462b len=32    rc=0   head=0xc1d0000b
IOCTL     21407us req=0xc020462b len=32    rc=0   head=0xc1d0000b
IOCTL     35665us req=0xc038464e len=56    rc=0   head=0xc1d0000b
ok    R2 version         = "580.159.04"
ok    R4 hClient         = 0xc1d0000b
ok    R6 hSubdevice      = 0xcafe0002
REV_UNDER_TEST=8176538aee3e618a84a59ea51582e48959e7da0a
info  R21 gpuinfo sweep   = 70 indices x 1 call each, 564-byte params, tail seeded 0xCD
info  R21 legend          = idx status data   (the port serves FORWARDED rows only)
IOCTL     54165us req=0xc020462a len=32    rc=0   head=0xc1d0000b
info  R21 0x00  refused    Other(86)
IOCTL     69829us req=0xc020462a len=32    rc=0   head=0xc1d0000b
★     R21 0x01  NV_OK      data=0x00000000 (0)  echo=0x00000001  tail=untouched
IOCTL     70564us req=0xc020462a len=32    rc=0   head=0xc1d0000b
★     R21 0x02  NV_OK      data=0x00000000 (0)  echo=0x00000002  tail=untouched
IOCTL     71863us req=0xc020462a len=32    rc=0   head=0xc1d0000b
info  R21 0x03  refused    Other(86)
IOCTL     72632us req=0xc020462a len=32    rc=0   head=0xc1d0000b
★     R21 0x04  NV_OK      data=0x00000000 (0)  echo=0x00000004  tail=untouched
IOCTL     73760us req=0xc020462a len=32    rc=0   head=0xc1d0000b
info  R21 0x05  refused    Other(86)
IOCTL     74681us req=0xc020462a len=32    rc=0   head=0xc1d0000b
info  R21 0x06  refused    Other(86)
IOCTL     75666us req=0xc020462a len=32    rc=0   head=0xc1d0000b
info  R21 0x07  refused    Other(86)
IOCTL     76668us req=0xc020462a len=32    rc=0   head=0xc1d0000b
info  R21 0x08  refused    Other(86)
IOCTL     77713us req=0xc020462a len=32    rc=0   head=0xc1d0000b
info  R21 0x09  refused    Other(86)
IOCTL     78788us req=0xc020462a len=32    rc=0   head=0xc1d0000b
info  R21 0x0a  refused    Other(86)
IOCTL     79894us req=0xc020462a len=32    rc=0   head=0xc1d0000b
info  R21 0x0b  refused    Other(86)
IOCTL     81054us req=0xc020462a len=32    rc=0   head=0xc1d0000b
info  R21 0x0c  refused    Other(86)
IOCTL     82101us req=0xc020462a len=32    rc=0   head=0xc1d0000b
info  R21 0x0d  refused    Other(86)
IOCTL     99444us req=0xc020462a len=32    rc=0   head=0xc1d0000b
info  R21 0x0e  refused    Other(86)
IOCTL    100517us req=0xc020462a len=32    rc=0   head=0xc1d0000b
info  R21 0x0f  refused    Other(86)
IOCTL    101526us req=0xc020462a len=32    rc=0   head=0xc1d0000b
info  R21 0x10  refused    Other(86)
IOCTL    102614us req=0xc020462a len=32    rc=0   head=0xc1d0000b
★     R21 0x11  NV_OK      data=0x00000000 (0)  echo=0x00000011  tail=untouched
IOCTL    103349us req=0xc020462a len=32    rc=0   head=0xc1d0000b
★     R21 0x12  NV_OK      data=0x00000000 (0)  echo=0x00000012  tail=untouched
IOCTL    104195us req=0xc020462a len=32    rc=0   head=0xc1d0000b
★     R21 0x13  NV_OK      data=0x00000000 (0)  echo=0x00000013  tail=untouched
IOCTL    142025us req=0xc020462a len=32    rc=0   head=0xc1d0000b
info  R21 0x14  refused    Other(86)
IOCTL    143026us req=0xc020462a len=32    rc=0   head=0xc1d0000b
info  R21 0x15  refused    Other(86)
IOCTL    144103us req=0xc020462a len=32    rc=0   head=0xc1d0000b
info  R21 0x16  refused    Other(86)
IOCTL    159143us req=0xc020462a len=32    rc=0   head=0xc1d0000b
info  R21 0x17  refused    Other(86)
IOCTL    172194us req=0xc020462a len=32    rc=0   head=0xc1d0000b
info  R21 0x18  refused    Other(86)
IOCTL    183177us req=0xc020462a len=32    rc=0   head=0xc1d0000b
info  R21 0x19  refused    Other(86)
IOCTL    196072us req=0xc020462a len=32    rc=0   head=0xc1d0000b
info  R21 0x1a  refused    Other(86)
IOCTL    196861us req=0xc020462a len=32    rc=0   head=0xc1d0000b
★     R21 0x1b  NV_OK      data=0x00000000 (0)  echo=0x0000001b  tail=untouched
IOCTL    208178us req=0xc020462a len=32    rc=0   head=0xc1d0000b
info  R21 0x1c  refused    Other(86)
IOCTL    222196us req=0xc020462a len=32    rc=0   head=0xc1d0000b
info  R21 0x1d  refused    Other(86)
IOCTL    236098us req=0xc020462a len=32    rc=0   head=0xc1d0000b
info  R21 0x1e  refused    Other(86)
IOCTL    236859us req=0xc020462a len=32    rc=0   head=0xc1d0000b
★     R21 0x1f  NV_OK      data=0x00000001 (1)  echo=0x0000001f  tail=untouched
IOCTL    238035us req=0xc020462a len=32    rc=0   head=0xc1d0000b
info  R21 0x20  refused    Other(86)
IOCTL    239171us req=0xc020462a len=32    rc=0   head=0xc1d0000b
info  R21 0x21  refused    Other(86)
IOCTL    255837us req=0xc020462a len=32    rc=0   head=0xc1d0000b
★     R21 0x22  NV_OK      data=0x00000000 (0)  echo=0x00000022  tail=untouched
IOCTL    257099us req=0xc020462a len=32    rc=0   head=0xc1d0000b
info  R21 0x23  refused    Other(86)
IOCTL    258122us req=0xc020462a len=32    rc=0   head=0xc1d0000b
info  R21 0x24  refused    Other(86)
IOCTL    261885us req=0xc020462a len=32    rc=0   head=0xc1d0000b
★     R21 0x25  NV_OK      data=0x00000000 (0)  echo=0x00000025  tail=untouched
IOCTL    265401us req=0xc020462a len=32    rc=0   head=0xc1d0000b
info  R21 0x26  refused    Other(86)
IOCTL    266087us req=0xc020462a len=32    rc=0   head=0xc1d0000b
★     R21 0x27  NV_OK      data=0x00000000 (0)  echo=0x00000027  tail=untouched
IOCTL    279080us req=0xc020462a len=32    rc=0   head=0xc1d0000b
★     R21 0x28  NV_OK      data=0x00000000 (0)  echo=0x00000028  tail=untouched
IOCTL    297483us req=0xc020462a len=32    rc=0   head=0xc1d0000b
info  R21 0x29  refused    Other(86)
IOCTL    298533us req=0xc020462a len=32    rc=0   head=0xc1d0000b
★     R21 0x2a  NV_OK      data=0x00000000 (0)  echo=0x0000002a  tail=untouched
IOCTL    299272us req=0xc020462a len=32    rc=0   head=0xc1d0000b
★     R21 0x2b  NV_OK      data=0x00000001 (1)  echo=0x0000002b  tail=untouched
IOCTL    323722us req=0xc020462a len=32    rc=0   head=0xc1d0000b
★     R21 0x2c  NV_OK      data=0x00000806 (2054)  echo=0x0000002c  tail=untouched
IOCTL    324687us req=0xc020462a len=32    rc=0   head=0xc1d0000b
★     R21 0x2d  NV_OK      data=0x00000000 (0)  echo=0x0000002d  tail=untouched
IOCTL    325983us req=0xc020462a len=32    rc=0   head=0xc1d0000b
info  R21 0x2e  refused    Other(86)
IOCTL    326715us req=0xc020462a len=32    rc=0   head=0xc1d0000b
★     R21 0x2f  NV_OK      data=0x00000000 (0)  echo=0x0000002f  tail=untouched
IOCTL    327630us req=0xc020462a len=32    rc=0   head=0xc1d0000b
★     R21 0x30  NV_OK      data=0x00000000 (0)  echo=0x00000030  tail=untouched
IOCTL    328603us req=0xc020462a len=32    rc=0   head=0xc1d0000b
★     R21 0x31  NV_OK      data=0x00000001 (1)  echo=0x00000031  tail=untouched
IOCTL    329873us req=0xc020462a len=32    rc=0   head=0xc1d0000b
info  R21 0x32  refused    Other(86)
IOCTL    330700us req=0xc020462a len=32    rc=0   head=0xc1d0000b
★     R21 0x33  NV_OK      data=0x00000000 (0)  echo=0x00000033  tail=untouched
IOCTL    331624us req=0xc020462a len=32    rc=0   head=0xc1d0000b
★     R21 0x34  NV_OK      data=0x00000000 (0)  echo=0x00000034  tail=untouched
IOCTL    332631us req=0xc020462a len=32    rc=0   head=0xc1d0000b
★     R21 0x35  NV_OK      data=0x00000000 (0)  echo=0x00000035  tail=untouched
IOCTL    333556us req=0xc020462a len=32    rc=0   head=0xc1d0000b
★     R21 0x36  NV_OK      data=0x00000001 (1)  echo=0x00000036  tail=untouched
IOCTL    334494us req=0xc020462a len=32    rc=0   head=0xc1d0000b
★     R21 0x37  NV_OK      data=0x00000001 (1)  echo=0x00000037  tail=untouched
IOCTL    335688us req=0xc020462a len=32    rc=0   head=0xc1d0000b
info  R21 0x38  refused    Other(86)
IOCTL    336759us req=0xc020462a len=32    rc=0   head=0xc1d0000b
info  R21 0x39  refused    Other(86)
IOCTL    342766us req=0xc020462a len=32    rc=0   head=0xc1d0000b
★     R21 0x3a  NV_OK      data=0x00000000 (0)  echo=0x0000003a  tail=untouched
IOCTL    343732us req=0xc020462a len=32    rc=0   head=0xc1d0000b
★     R21 0x3b  NV_OK      data=0x00000000 (0)  echo=0x0000003b  tail=untouched
IOCTL    344703us req=0xc020462a len=32    rc=0   head=0xc1d0000b
★     R21 0x3c  NV_OK      data=0x00000000 (0)  echo=0x0000003c  tail=untouched
IOCTL    345724us req=0xc020462a len=32    rc=0   head=0xc1d0000b
★     R21 0x3d  NV_OK      data=0x00000001 (1)  echo=0x0000003d  tail=untouched
IOCTL    346864us req=0xc020462a len=32    rc=0   head=0xc1d0000b
info  R21 0x3e  refused    Other(86)
IOCTL    347833us req=0xc020462a len=32    rc=0   head=0xc1d0000b
★     R21 0x3f  NV_OK      data=0x00000000 (0)  echo=0x0000003f  tail=untouched
IOCTL    357146us req=0xc020462a len=32    rc=0   head=0xc1d0000b
info  R21 0x40  refused    Other(86)
IOCTL    377785us req=0xc020462a len=32    rc=0   head=0xc1d0000b
★     R21 0x41  NV_OK      data=0x00000000 (0)  echo=0x00000041  tail=untouched
IOCTL    378746us req=0xc020462a len=32    rc=0   head=0xc1d0000b
★     R21 0x42  NV_OK      data=0x00000000 (0)  echo=0x00000042  tail=untouched
IOCTL    379963us req=0xc020462a len=32    rc=0   head=0xc1d0000b
info  R21 0x43  refused    Other(86)
IOCTL    380798us req=0xc020462a len=32    rc=0   head=0xc1d0000b
★     R21 0x44  NV_OK      data=0x00000000 (0)  echo=0x00000044  tail=untouched
IOCTL    381766us req=0xc020462a len=32    rc=0   head=0xc1d0000b
★     R21 0x45  NV_OK      data=0x00000000 (0)  echo=0x00000045  tail=untouched
IOCTL    383209us req=0xc020462a len=32    rc=0   head=0xc1d0000b
★     R21 libcuda 11     = NV_OK  0x11=0 0x22=0 0x27=0 0x2a=0 0x37=1 0x3b=0 0x3c=0 0x3d=1 0x2d=0 0x3a=0 0x44=0 
done — gpu-info sweep only
[   12.202241] NVRM: rpcRmApiFree_GSP: GspRmFree failed: hClient=0xc1d0000a; hObject=0xcaf00002; paramsStatus=0x00000000; status=0x00000056
[   12.215395] NVRM: nvAssertFailedNoLog: Assertion failed: (status == NV_OK) || (status == NV_ERR_GPU_IN_FULLCHIP_RESET) @ rs_client.c:844
[   12.224283] NVRM: nvAssertFailedNoLog: Assertion failed: (status == NV_OK) || (status == NV_ERR_GPU_IN_FULLCHIP_RESET) @ rs_server.c:259
[   12.232252] NVRM: nvAssertFailedNoLog: Assertion failed: (status == NV_OK) || (status == NV_ERR_GPU_IN_FULLCHIP_RESET) @ rs_server.c:1375
[   12.242592] NVRM: nvAssertFailedNoLog: Assertion failed: (status == NV_OK) || (status == NV_ERR_GPU_IN_FULLCHIP_RESET) @ fecs_event_list.c:1623
[   12.295364] NVRM: nvCheckOkFailedNoLog: Check failed: Call not supported [NV_ERR_NOT_SUPPORTED] (0x00000056) returned from pRmApi->Control(pRmApi, pGpu->hInternalClient, pGpu->hInternalSubdevice, NV2080_CTRL_CMD_INTERNAL_INIT_USER_SHARED_DATA, &params, sizeof(params)) @ gpu_user_shared_data.c:213
[   16.200096] NVRM: _threadNodeCheckTimeout: _threadNodeCheckTimeout: currentTime: f41fdcb991b40 >= f41fdcb991b40
[   16.200102] NVRM: _threadNodeCheckTimeout: _threadNodeCheckTimeout: Timeout was set to: 4000 msecs!
FASTGUEST: client rc=0 at 16.12s
FASTGUEST: DONE
[   16.334090] reboot: Power down
