START109 2026-10-09T10:49:38 flood=[KF3_DEBUG_IRQ_FLOOD=all-completion:10] xid=38
WRRUN 2026-10-09T10:49:38.967916357Z START run=109 rev=b728b480 extra=[KF3_DISPLAY_CORE_AT_VBLANK KF3_DISPLAY_WRITE_TRACE KF3_DISPLAY_HDCP_STATE KF3_DISPLAY_PRIVATE_PROBE KF3_DISPLAY_HOTPLUG_EDID_SEEN KF3_DISPLAY_BLANK_STATE KF3_DISPLAY_ARMED_DEFAULTS KF3_DISPLAY_LOADV KF3_DISPLAY_CAPS_PROBE KF3_DISPLAY_LUT_MIRROR KF3_DISPLAY_ILUT_OFFSET_256 KF3_PT_STALL_SNAPSHOT KF3_DISPLAY_TRACE KF3_NO_BATCHED_MAP KF3_DEBUG_IRQ_FLOOD=all-completion:10] trace=1 shots=90 reuse=0 tdroff_arm=0 stall_etw=0
IOMMU_SWITCH_START group=11 from=DMA-FQ to=identity 2026-10-09T12:49:38+02:00 (gdm untouched)
TYPE WRITTEN
NVIDIA GeForce RTX 4070, 9 MiB
IOMMU_SWITCH_END type=identity 2026-10-09T12:49:41+02:00
WRRUN 2026-10-09T10:49:42.635205351Z launched qpid=3222753 flags=[KF3_PREEMPT_BIND_PROBE KF3_DISPLAY_IMP_ENABLE KF3_DISPLAY_CTRL_PROBE KF3_ZCULL_BIND_PROBE KF3_SW_RUNLIST_HOST_OWNED KF3_WIN_USER_CHANNELS_PASSTHROUGH KF3_TCENSUS KF3_RELAY_PB_PEEK KF3_WIN_TWIN_DEFAPI_OBJECT KF3_RELAY_GET_REFRESH KF3_ASYNC_PREEMPT KF3_USERD_RELAY_OFF KF3_DISPLAY_CORE_AT_VBLANK KF3_DISPLAY_WRITE_TRACE KF3_DISPLAY_HDCP_STATE KF3_DISPLAY_PRIVATE_PROBE KF3_DISPLAY_HOTPLUG_EDID_SEEN KF3_DISPLAY_BLANK_STATE KF3_DISPLAY_ARMED_DEFAULTS KF3_DISPLAY_LOADV KF3_DISPLAY_CAPS_PROBE KF3_DISPLAY_LUT_MIRROR KF3_DISPLAY_ILUT_OFFSET_256 KF3_PT_STALL_SNAPSHOT KF3_DISPLAY_TRACE KF3_NO_BATCHED_MAP KF3_DEBUG_IRQ_FLOOD=all-completion:10]
WRRUN 2026-10-09T10:53:46.334337226Z marker after 480x0.5s stall=0 [disp[writes=682 puts=397 methods=6778 updates=148] vsyncs=124 latch=71 refused=0 chinfo=1 vga=0 core_freed=0 birth_refused=0 snaps=4 xid=38
WRRUN 2026-10-09T10:53:46.348021310Z experiments: 2 mirror, 1 ilut-unit, 1 caps; refused: 
WRRUN 2026-10-09T10:54:26.392259937Z after 40s: [disp[writes=701 puts=402 methods=6792 updates=150] vsyncs=130 latch=72 refused=0 chinfo=1 vga=0 core_freed=0 birth_refused=0 snaps=4 xid=38
WRRUN 2026-10-09T10:54:30.307981477Z ps d3d11_clear_probe.ps1 rc=0 lines=15 rc-line: [rc=0] 
WRRUN 2026-10-09T10:55:00.539684213Z ps d3d12_signal_probe.ps1 rc=0 lines=21 rc-line: [rc=1] 
WRRUN 2026-10-09T10:55:02.756329322Z ps vdr_monitor_info.ps1 rc=0 lines=8 rc-line: [rc=0] VC NVIDIA GeForce RTX 4070 1920x1080@60 status=OK err=0 
WRRUN 2026-10-09T10:55:02.807404644Z before stop: [disp[writes=744 puts=414 methods=6820 updates=154] vsyncs=145 latch=74 refused=0 chinfo=1 vga=0 core_freed=0 birth_refused=0 snaps=6 xid=38 shots=90
[windows] no ACPI shutdown after 180 s — asking the guest agent
[windows] run109 stopped (Xid count now 38)
WRRUN 2026-10-09T10:58:21.618564553Z qemu left: 0
IOMMU_SWITCH_START group=11 from=identity to=DMA-FQ 2026-10-09T12:58:21+02:00 (gdm untouched)
TYPE WRITTEN
NVIDIA GeForce RTX 4070, 9 MiB
IOMMU_SWITCH_END type=DMA-FQ 2026-10-09T12:58:24+02:00
WRRUN 2026-10-09T10:58:24.111320824Z END type=DMA-FQ driver=nvidia xid_lines=38 2026-10-09T10:58:14.903951Z qemu-system-x86_64: info: kf3: BAR0-TRACE report name=0000:01:00.0 records=2908599 (cap 8000000) bytes<=256454688 (cap 2147483648) reads=2037761 writes=775706 msi=95132 dro
EXIT109 rc=0 2026-10-09T10:58:24 xid=38
