START106 2026-10-09T10:21:21 flood=[] xid=38
WRRUN 2026-10-09T10:21:21.110193557Z START run=106 rev=647cfbde extra=[KF3_DISPLAY_CORE_AT_VBLANK KF3_DISPLAY_WRITE_TRACE KF3_DISPLAY_HDCP_STATE KF3_DISPLAY_PRIVATE_PROBE KF3_DISPLAY_HOTPLUG_EDID_SEEN KF3_DISPLAY_BLANK_STATE KF3_DISPLAY_ARMED_DEFAULTS KF3_DISPLAY_LOADV KF3_DISPLAY_CAPS_PROBE KF3_DISPLAY_LUT_MIRROR KF3_DISPLAY_ILUT_OFFSET_256 KF3_PT_STALL_SNAPSHOT KF3_DISPLAY_TRACE KF3_NO_BATCHED_MAP ] trace=1 shots=90 reuse=0 tdroff_arm=0 stall_etw=0
IOMMU_SWITCH_START group=11 from=DMA-FQ to=identity 2026-10-09T12:21:21+02:00 (gdm untouched)
TYPE WRITTEN
NVIDIA GeForce RTX 4070, 9 MiB
IOMMU_SWITCH_END type=identity 2026-10-09T12:21:23+02:00
WRRUN 2026-10-09T10:21:24.833851387Z launched qpid=3203368 flags=[KF3_PREEMPT_BIND_PROBE KF3_DISPLAY_IMP_ENABLE KF3_DISPLAY_CTRL_PROBE KF3_ZCULL_BIND_PROBE KF3_SW_RUNLIST_HOST_OWNED KF3_WIN_USER_CHANNELS_PASSTHROUGH KF3_TCENSUS KF3_RELAY_PB_PEEK KF3_WIN_TWIN_DEFAPI_OBJECT KF3_RELAY_GET_REFRESH KF3_ASYNC_PREEMPT KF3_USERD_RELAY_OFF KF3_DISPLAY_CORE_AT_VBLANK KF3_DISPLAY_WRITE_TRACE KF3_DISPLAY_HDCP_STATE KF3_DISPLAY_PRIVATE_PROBE KF3_DISPLAY_HOTPLUG_EDID_SEEN KF3_DISPLAY_BLANK_STATE KF3_DISPLAY_ARMED_DEFAULTS KF3_DISPLAY_LOADV KF3_DISPLAY_CAPS_PROBE KF3_DISPLAY_LUT_MIRROR KF3_DISPLAY_ILUT_OFFSET_256 KF3_PT_STALL_SNAPSHOT KF3_DISPLAY_TRACE KF3_NO_BATCHED_MAP ]
WRRUN 2026-10-09T10:25:13.690838427Z marker after 452x0.5s stall=1 [disp[writes=781 puts=352 methods=6724 updates=130] vsyncs=268 latch=62 refused=0 chinfo=1 vga=0 core_freed=0 birth_refused=0 snaps=4 xid=38
WRRUN 2026-10-09T10:25:13.702772360Z experiments: 2 mirror, 1 ilut-unit, 1 caps; refused: 
WRRUN 2026-10-09T10:25:53.746327694Z after 40s: [disp[writes=877 puts=393 methods=12099 updates=134] vsyncs=404 latch=63 refused=0 chinfo=2 vga=0 core_freed=1 birth_refused=1 snaps=13 xid=38
WRRUN 2026-10-09T10:26:23.972442738Z ps d3d11_clear_probe.ps1 rc=0 lines=21 rc-line: [rc=1] 
WRRUN 2026-10-09T10:26:54.200018051Z ps d3d12_signal_probe.ps1 rc=0 lines=21 rc-line: [rc=1] 
WRRUN 2026-10-09T10:27:24.429523304Z ps vdr_monitor_info.ps1 rc=0 lines=21 rc-line: [rc=1] 
WRRUN 2026-10-09T10:27:24.475715006Z before stop: [disp[writes=877 puts=393 methods=12099 updates=134] vsyncs=404 latch=63 refused=0 chinfo=2 vga=0 core_freed=1 birth_refused=1 snaps=13 xid=38 shots=90
[windows] ★ QEMU 3203368 killed after 300 s without a clean shutdown (UNCLEAN)
[windows] run106 stopped (Xid count now 38)
WRRUN 2026-10-09T10:33:01.258045480Z qemu left: 0
IOMMU_SWITCH_START group=11 from=identity to=DMA-FQ 2026-10-09T12:33:01+02:00 (gdm untouched)
TYPE WRITTEN
NVIDIA GeForce RTX 4070, 9 MiB
IOMMU_SWITCH_END type=DMA-FQ 2026-10-09T12:33:03+02:00
WRRUN 2026-10-09T10:33:03.706634317Z END type=DMA-FQ driver=nvidia xid_lines=38 2026-10-09T10:32:55.181684Z qemu-system-x86_64: info: kf3: BAR0-TRACE report name=0000:01:00.0 records=628069 (cap 8000000) bytes<=55741149 (cap 2147483648) reads=320260 writes=273907 msi=33902 droppe
EXIT106 rc=0 2026-10-09T10:33:03 xid=38
