START110 2026-10-09T10:58:49 flood=[KF3_DEBUG_IRQ_FLOOD=gsp:10] xid=38
WRRUN 2026-10-09T10:58:49.946555388Z START run=110 rev=b728b480 extra=[KF3_DISPLAY_CORE_AT_VBLANK KF3_DISPLAY_WRITE_TRACE KF3_DISPLAY_HDCP_STATE KF3_DISPLAY_PRIVATE_PROBE KF3_DISPLAY_HOTPLUG_EDID_SEEN KF3_DISPLAY_BLANK_STATE KF3_DISPLAY_ARMED_DEFAULTS KF3_DISPLAY_LOADV KF3_DISPLAY_CAPS_PROBE KF3_DISPLAY_LUT_MIRROR KF3_DISPLAY_ILUT_OFFSET_256 KF3_PT_STALL_SNAPSHOT KF3_DISPLAY_TRACE KF3_NO_BATCHED_MAP KF3_DEBUG_IRQ_FLOOD=gsp:10] trace=1 shots=90 reuse=0 tdroff_arm=0 stall_etw=0
IOMMU_SWITCH_START group=11 from=DMA-FQ to=identity 2026-10-09T12:58:49+02:00 (gdm untouched)
TYPE WRITTEN
NVIDIA GeForce RTX 4070, 9 MiB
IOMMU_SWITCH_END type=identity 2026-10-09T12:58:52+02:00
WRRUN 2026-10-09T10:58:53.702262701Z launched qpid=3229202 flags=[KF3_PREEMPT_BIND_PROBE KF3_DISPLAY_IMP_ENABLE KF3_DISPLAY_CTRL_PROBE KF3_ZCULL_BIND_PROBE KF3_SW_RUNLIST_HOST_OWNED KF3_WIN_USER_CHANNELS_PASSTHROUGH KF3_TCENSUS KF3_RELAY_PB_PEEK KF3_WIN_TWIN_DEFAPI_OBJECT KF3_RELAY_GET_REFRESH KF3_ASYNC_PREEMPT KF3_USERD_RELAY_OFF KF3_DISPLAY_CORE_AT_VBLANK KF3_DISPLAY_WRITE_TRACE KF3_DISPLAY_HDCP_STATE KF3_DISPLAY_PRIVATE_PROBE KF3_DISPLAY_HOTPLUG_EDID_SEEN KF3_DISPLAY_BLANK_STATE KF3_DISPLAY_ARMED_DEFAULTS KF3_DISPLAY_LOADV KF3_DISPLAY_CAPS_PROBE KF3_DISPLAY_LUT_MIRROR KF3_DISPLAY_ILUT_OFFSET_256 KF3_PT_STALL_SNAPSHOT KF3_DISPLAY_TRACE KF3_NO_BATCHED_MAP KF3_DEBUG_IRQ_FLOOD=gsp:10]
WRRUN 2026-10-09T10:59:09.881342493Z marker after 33x0.5s stall=1 [disp[writes=192 puts=63 methods=5752 updates=16] vsyncs=144 latch=5 refused=0 chinfo=1 vga=0 core_freed=0 birth_refused=0 snaps=0 xid=38
WRRUN 2026-10-09T10:59:09.890435910Z experiments: 2 mirror, 1 ilut-unit, 1 caps; refused: 
WRRUN 2026-10-09T10:59:49.932240657Z after 40s: [disp[writes=366 puts=104 methods=11126 updates=20] vsyncs=198 latch=6 refused=0 chinfo=2 vga=1 core_freed=1 birth_refused=1 snaps=10 xid=38
WRRUN 2026-10-09T10:59:52.348261330Z ps d3d11_clear_probe.ps1 rc=0 lines=5 rc-line: [rc=0] PROBE 10:59:49.9620863 no NVIDIA adapter 
WRRUN 2026-10-09T10:59:54.564421918Z ps d3d12_signal_probe.ps1 rc=0 lines=14 rc-line: [rc=0] PROBE no NVIDIA adapter 
WRRUN 2026-10-09T10:59:56.781050652Z ps vdr_monitor_info.ps1 rc=0 lines=8 rc-line: [rc=0] VC NVIDIA GeForce RTX 4070 x@ status=Error err=43 
WRRUN 2026-10-09T11:00:08.227635175Z before stop: [disp[writes=366 puts=104 methods=11126 updates=20] vsyncs=198 latch=6 refused=0 chinfo=2 vga=1 core_freed=1 birth_refused=1 snaps=10 xid=38 shots=89
[windows] run110 stopped (Xid count now 38)
WRRUN 2026-10-09T11:00:25.427513531Z qemu left: 0
IOMMU_SWITCH_START group=11 from=identity to=DMA-FQ 2026-10-09T13:00:25+02:00 (gdm untouched)
TYPE WRITTEN
NVIDIA GeForce RTX 4070, 9 MiB
IOMMU_SWITCH_END type=DMA-FQ 2026-10-09T13:00:27+02:00
WRRUN 2026-10-09T11:00:27.860574068Z END type=DMA-FQ driver=nvidia xid_lines=38 2026-10-09T11:00:19.673910Z qemu-system-x86_64: info: kf3: BAR0-TRACE report name=0000:01:00.0 records=204363 (cap 8000000) bytes<=18201358 (cap 2147483648) reads=92200 writes=103008 msi=9155 dropped=
EXIT110 rc=0 2026-10-09T11:00:27 xid=38
